11/4/2024 18:05:50 [Information] Stepper Motor Controller Application Started.
11/4/2024 18:05:50 [Information] Version: 3.0.9074.32544 (11/4/2024 18:05:50)
11/4/2024 18:05:50 [Information] X Axis SerialPort COM7 not connected.
11/4/2024 18:05:50 [Information] Y Axis SerialPort COM8 not connected.
11/4/2024 18:05:50 [Information] Version: 3.1.0.32545 (11/4/2024 18:05:50)
11/4/2024 18:05:51 [Information] Version: 3.1.0.32545 (11/4/2024 18:05:50)
11/4/2024 18:05:51 [Information] Stepper Motor Controller Application Settings Window Opened.
11/4/2024 18:05:51 [Information] Stepper Motor Controller Application Settings form is rebuilt each and every time it is opened.
11/4/2024 18:05:51 [Information] int: 9600 BaudRate added to the Settings Form.
11/4/2024 18:05:51 [Information] bool: False ckbXaxisResetToZeroIsChecked added to the Settings Form.
11/4/2024 18:05:51 [Information] bool: False ckbYaxisResetToZeroIsChecked added to the Settings Form.
11/4/2024 18:05:51 [Information] bool: False ckbZaxisResetToZeroIsChecked added to the Settings Form.
11/4/2024 18:05:51 [Information] COM1: ComPort added to the Settings Form.
11/4/2024 18:05:51 [Information] COM2: ComPort added to the Settings Form.
11/4/2024 18:05:51 [Information] COM3: ComPort added to the Settings Form.
11/4/2024 18:05:51 [Information] COM4: ComPort added to the Settings Form.
11/4/2024 18:05:51 [Information] COM5: ComPort added to the Settings Form.
11/4/2024 18:05:51 [Information] COM6: ComPort added to the Settings Form.
11/4/2024 18:05:51 [Information] COM7: ComPort added to the Settings Form.
11/4/2024 18:05:51 [Information] COM8: ComPort added to the Settings Form.
11/4/2024 18:05:51 [Information] COM9: ComPort added to the Settings Form.
11/4/2024 18:05:51 [Information] COM10: ComPort added to the Settings Form.
11/4/2024 18:05:51 [Information] decimal: 4.00 Divider4_00 added to the Settings Form.
11/4/2024 18:05:51 [Information] decimal: 0.00 MathPart2Initlz added to the Settings Form.
11/4/2024 18:05:51 [Information] decimal: 1.00 MilisecondTimerInterval added to the Settings Form.
11/4/2024 18:05:51 [Information] decimal: 1000.00 MillisecondDelay added to the Settings Form.
11/4/2024 18:05:51 [Information] int: 1000 Milliseconds added to the Settings Form.
11/4/2024 18:05:51 [Information] int: 4 mmPerRevolution added to the Settings Form.
11/4/2024 18:05:51 [Information] int: 2000 ThreadSleep added to the Settings Form.
11/4/2024 18:05:51 [Information] decimal: 0.00 Value_0_00 added to the Settings Form.
11/4/2024 18:05:51 [Information] decimal: 50.00 XaxisAcceleration added to the Settings Form.
11/4/2024 18:05:51 [Information] bool: False XaxisChanged added to the Settings Form.
11/4/2024 18:05:51 [Information] decimal: 400.00 XaxisMotorSpeed added to the Settings Form.
11/4/2024 18:05:51 [Information] decimal: 0.00 XaxisStepperCurrent added to the Settings Form.
11/4/2024 18:05:51 [Information] decimal: 0.00 XaxisStepperMove added to the Settings Form.
11/4/2024 18:05:51 [Information] XCOM1: XComPort added to the Settings Form.
11/4/2024 18:05:51 [Information] XCOM2: XComPort added to the Settings Form.
11/4/2024 18:05:51 [Information] XCOM3: XComPort added to the Settings Form.
11/4/2024 18:05:51 [Information] XCOM4: XComPort added to the Settings Form.
11/4/2024 18:05:51 [Information] XCOM5: XComPort added to the Settings Form.
11/4/2024 18:05:51 [Information] XCOM6: XComPort added to the Settings Form.
11/4/2024 18:05:51 [Information] XCOM7: XComPort added to the Settings Form.
11/4/2024 18:05:51 [Information] XCOM8: XComPort added to the Settings Form.
11/4/2024 18:05:51 [Information] XCOM9: XComPort added to the Settings Form.
11/4/2024 18:05:51 [Information] XCOM10: XComPort added to the Settings Form.
11/4/2024 18:05:51 [Information] decimal: 50.00 YaxisAcceleration added to the Settings Form.
11/4/2024 18:05:51 [Information] bool: False YaxisChanged added to the Settings Form.
11/4/2024 18:05:51 [Information] decimal: 400.00 YaxisMotorSpeed added to the Settings Form.
11/4/2024 18:05:51 [Information] decimal: 0.00 YaxisStepperCurrent added to the Settings Form.
11/4/2024 18:05:51 [Information] decimal: 0.00 YaxisStepperMove added to the Settings Form.
11/4/2024 18:05:51 [Information] YCOM1: YComPort added to the Settings Form.
11/4/2024 18:05:51 [Information] YCOM2: YComPort added to the Settings Form.
11/4/2024 18:05:51 [Information] YCOM3: YComPort added to the Settings Form.
11/4/2024 18:05:51 [Information] YCOM4: YComPort added to the Settings Form.
11/4/2024 18:05:51 [Information] YCOM5: YComPort added to the Settings Form.
11/4/2024 18:05:51 [Information] YCOM6: YComPort added to the Settings Form.
11/4/2024 18:05:51 [Information] YCOM7: YComPort added to the Settings Form.
11/4/2024 18:05:51 [Information] YCOM8: YComPort added to the Settings Form.
11/4/2024 18:05:51 [Information] YCOM9: YComPort added to the Settings Form.
11/4/2024 18:05:51 [Information] YCOM10: YComPort added to the Settings Form.
11/4/2024 18:05:51 [Information] decimal: 50.00 ZaxisAcceleration added to the Settings Form.
11/4/2024 18:05:51 [Information] bool: False ZaxisChanged added to the Settings Form.
11/4/2024 18:05:51 [Information] decimal: 400.00 ZaxisMotorSpeed added to the Settings Form.
11/4/2024 18:05:51 [Information] decimal: 0.00 ZaxisStepperCurrent added to the Settings Form.
11/4/2024 18:05:51 [Information] decimal: 0.00 ZaxisStepperMove added to the Settings Form.
11/4/2024 18:05:51 [Information] ZCOM1: ZComPort added to the Settings Form.
11/4/2024 18:05:51 [Information] ZCOM2: ZComPort added to the Settings Form.
11/4/2024 18:05:51 [Information] ZCOM3: ZComPort added to the Settings Form.
11/4/2024 18:05:51 [Information] ZCOM4: ZComPort added to the Settings Form.
11/4/2024 18:05:51 [Information] ZCOM5: ZComPort added to the Settings Form.
11/4/2024 18:05:51 [Information] ZCOM6: ZComPort added to the Settings Form.
11/4/2024 18:05:51 [Information] ZCOM7: ZComPort added to the Settings Form.
11/4/2024 18:05:51 [Information] ZCOM8: ZComPort added to the Settings Form.
11/4/2024 18:05:51 [Information] ZCOM9: ZComPort added to the Settings Form.
11/4/2024 18:05:51 [Information] ZCOM10: ZComPort added to the Settings Form.
11/4/2024 18:05:51 [Information] int: 0 zeroXaxis added to the Settings Form.
11/4/2024 18:05:51 [Information] int: 0 zeroYaxis added to the Settings Form.
11/4/2024 18:05:51 [Information] int: 0 zeroZaxis added to the Settings Form.
11/4/2024 18:05:51 [Information] Stepper Motor Controller MainWindow loaded
11/4/2024 18:05:51 [Information] Set MainWindow Media Brushes to White.
11/4/2024 18:05:54 [Information] Updated X,Y Zero.IsChecked status to 0 and Z Zero.IsChecked status to 1.
11/4/2024 18:05:56 [Information] ZAxisRun_Click button clicked:
11/4/2024 18:05:56 [Information] Z Axis Run Event to reset Axis to zero: Z,0.00,400.00,0,0.00,400.00,0,0.00,400.00,1
11/4/2024 18:05:56 [Information] Setting Z Axis Current Location Set to Zero on DRO
11/4/2024 18:05:57 [Information] Updated X,Y,Z Zero.IsChecked status to 0.
11/4/2024 18:05:57 [Information] Z Axis Current Location Set to Zero
11/4/2024 18:06:00 [Information] Stepper Motor Controller MainWindow Closing.
11/4/2024 18:06:00 [Information] Stepper Motor Controller Serial Ports closed.
11/4/2024 18:06:00 [Information] Properties Settings Saved.
11/4/2024 18:06:00 [Information] Properties Settings Form Closed.
11/4/2024 18:06:00 [Information] Stepper Motor Controller Form Closed.
