11/16/2024 14:50:45 [Information] Stepper Motor Controller Application Started.
11/16/2024 14:50:45 [Information] Version: 3.0.9086.26718 (11/16/2024 14:50:45)
11/16/2024 14:50:45 [Information] SerialPort COM7 not connected.
11/16/2024 14:50:45 [Information] SerialPort COM8 not connected.
11/16/2024 14:50:45 [Information] Stepper Motor Controller Application Started.
11/16/2024 14:50:45 [Information] Version: 3.0.9086.26718 (11/16/2024 14:50:45)
11/16/2024 14:50:45 [Information] Version: 3.1.0.26719 (11/16/2024 14:50:45)
11/16/2024 14:50:45 [Information] Version: 3.1.0.26719 (11/16/2024 14:50:45)
11/16/2024 14:50:45 [Information] Stepper Motor Controller Application Settings Window Opened.
11/16/2024 14:50:45 [Information] Stepper Motor Controller Application Settings form is rebuilt each and every time it is opened.
11/16/2024 14:50:45 [Information] int: 9600 BaudRate added to the Settings Form.
11/16/2024 14:50:45 [Information] bool: False ckbXaxisResetToZeroIsChecked added to the Settings Form.
11/16/2024 14:50:45 [Information] bool: False ckbYaxisResetToZeroIsChecked added to the Settings Form.
11/16/2024 14:50:45 [Information] bool: False ckbZaxisResetToZeroIsChecked added to the Settings Form.
11/16/2024 14:50:45 [Information] COM1: ComPort added to the Settings Form.
11/16/2024 14:50:45 [Information] COM2: ComPort added to the Settings Form.
11/16/2024 14:50:45 [Information] COM3: ComPort added to the Settings Form.
11/16/2024 14:50:45 [Information] COM4: ComPort added to the Settings Form.
11/16/2024 14:50:45 [Information] COM5: ComPort added to the Settings Form.
11/16/2024 14:50:45 [Information] COM6: ComPort added to the Settings Form.
11/16/2024 14:50:45 [Information] COM7: ComPort added to the Settings Form.
11/16/2024 14:50:45 [Information] COM8: ComPort added to the Settings Form.
11/16/2024 14:50:45 [Information] COM9: ComPort added to the Settings Form.
11/16/2024 14:50:45 [Information] COM10: ComPort added to the Settings Form.
11/16/2024 14:50:45 [Information] decimal: 4.00 Divider4_00 added to the Settings Form.
11/16/2024 14:50:45 [Information] decimal: 0.00 MathPart2Initlz added to the Settings Form.
11/16/2024 14:50:45 [Information] decimal: 1.00 MilisecondTimerInterval added to the Settings Form.
11/16/2024 14:50:45 [Information] decimal: 1000.00 MillisecondDelay added to the Settings Form.
11/16/2024 14:50:45 [Information] int: 1000 Milliseconds added to the Settings Form.
11/16/2024 14:50:45 [Information] int: 4 mmPerRevolution added to the Settings Form.
11/16/2024 14:50:45 [Information] int: 2000 ThreadSleep added to the Settings Form.
11/16/2024 14:50:45 [Information] decimal: 0.00 Value_0_00 added to the Settings Form.
11/16/2024 14:50:45 [Information] decimal: 50.00 XaxisAcceleration added to the Settings Form.
11/16/2024 14:50:45 [Information] bool: False XaxisChanged added to the Settings Form.
11/16/2024 14:50:45 [Information] decimal: 400.00 XaxisMotorSpeed added to the Settings Form.
11/16/2024 14:50:45 [Information] decimal: 0.00 XaxisStepperCurrent added to the Settings Form.
11/16/2024 14:50:45 [Information] decimal: 0.00 XaxisStepperMove added to the Settings Form.
11/16/2024 14:50:45 [Information] XCOM1: XComPort added to the Settings Form.
11/16/2024 14:50:45 [Information] XCOM2: XComPort added to the Settings Form.
11/16/2024 14:50:45 [Information] XCOM3: XComPort added to the Settings Form.
11/16/2024 14:50:45 [Information] XCOM4: XComPort added to the Settings Form.
11/16/2024 14:50:45 [Information] XCOM5: XComPort added to the Settings Form.
11/16/2024 14:50:45 [Information] XCOM6: XComPort added to the Settings Form.
11/16/2024 14:50:45 [Information] XCOM7: XComPort added to the Settings Form.
11/16/2024 14:50:45 [Information] XCOM8: XComPort added to the Settings Form.
11/16/2024 14:50:45 [Information] XCOM9: XComPort added to the Settings Form.
11/16/2024 14:50:45 [Information] XCOM10: XComPort added to the Settings Form.
11/16/2024 14:50:45 [Information] decimal: 50.00 YaxisAcceleration added to the Settings Form.
11/16/2024 14:50:45 [Information] bool: False YaxisChanged added to the Settings Form.
11/16/2024 14:50:45 [Information] decimal: 400.00 YaxisMotorSpeed added to the Settings Form.
11/16/2024 14:50:45 [Information] decimal: 0.00 YaxisStepperCurrent added to the Settings Form.
11/16/2024 14:50:45 [Information] decimal: 0.00 YaxisStepperMove added to the Settings Form.
11/16/2024 14:50:45 [Information] YCOM1: YComPort added to the Settings Form.
11/16/2024 14:50:45 [Information] YCOM2: YComPort added to the Settings Form.
11/16/2024 14:50:45 [Information] YCOM3: YComPort added to the Settings Form.
11/16/2024 14:50:45 [Information] YCOM4: YComPort added to the Settings Form.
11/16/2024 14:50:45 [Information] YCOM5: YComPort added to the Settings Form.
11/16/2024 14:50:45 [Information] YCOM6: YComPort added to the Settings Form.
11/16/2024 14:50:45 [Information] YCOM7: YComPort added to the Settings Form.
11/16/2024 14:50:45 [Information] YCOM8: YComPort added to the Settings Form.
11/16/2024 14:50:45 [Information] YCOM9: YComPort added to the Settings Form.
11/16/2024 14:50:45 [Information] YCOM10: YComPort added to the Settings Form.
11/16/2024 14:50:45 [Information] decimal: 50.00 ZaxisAcceleration added to the Settings Form.
11/16/2024 14:50:45 [Information] bool: False ZaxisChanged added to the Settings Form.
11/16/2024 14:50:45 [Information] decimal: 400.00 ZaxisMotorSpeed added to the Settings Form.
11/16/2024 14:50:45 [Information] decimal: 0.00 ZaxisStepperCurrent added to the Settings Form.
11/16/2024 14:50:45 [Information] decimal: 0.00 ZaxisStepperMove added to the Settings Form.
11/16/2024 14:50:45 [Information] ZCOM1: ZComPort added to the Settings Form.
11/16/2024 14:50:45 [Information] ZCOM2: ZComPort added to the Settings Form.
11/16/2024 14:50:45 [Information] ZCOM3: ZComPort added to the Settings Form.
11/16/2024 14:50:45 [Information] ZCOM4: ZComPort added to the Settings Form.
11/16/2024 14:50:45 [Information] ZCOM5: ZComPort added to the Settings Form.
11/16/2024 14:50:45 [Information] ZCOM6: ZComPort added to the Settings Form.
11/16/2024 14:50:45 [Information] ZCOM7: ZComPort added to the Settings Form.
11/16/2024 14:50:45 [Information] ZCOM8: ZComPort added to the Settings Form.
11/16/2024 14:50:45 [Information] ZCOM9: ZComPort added to the Settings Form.
11/16/2024 14:50:45 [Information] ZCOM10: ZComPort added to the Settings Form.
11/16/2024 14:50:45 [Information] int: 0 zeroXaxis added to the Settings Form.
11/16/2024 14:50:45 [Information] int: 0 zeroYaxis added to the Settings Form.
11/16/2024 14:50:45 [Information] int: 0 zeroZaxis added to the Settings Form.
11/16/2024 14:50:46 [Information] Stepper Motor Controller MainWindow loaded
11/16/2024 14:50:46 [Information] Set MainWindow Media Brushes to White.
11/16/2024 14:50:55 [Information] Z Axis mouse controlled Keypad returned: 64.00
11/16/2024 14:50:57 [Information] Z Axis Run button clicked:
11/16/2024 14:50:57 [Information] Z Axis MotorMovementSeconds decimal: (64.00 / 4) / 2 = 8.00
11/16/2024 14:50:58 [Information] Z Axis Run Event: Z,0.00,400.00,0,0.00,400.00,0,64.00,400.00,0
11/16/2024 14:50:58 [Information] Z Axis Current Time: 02:50:58 + 8000 = 02:51:06
11/16/2024 14:50:58 [Information] Stepper Motor Controller Disable Z Axis controls while moving to location.
11/16/2024 14:50:58 [Information] Time remaining: 00:00:00 targetEndTime = 02:51:06
11/16/2024 14:50:58 [Information] Z Axis Data Received: erialData: Z,0.00,400.00,0,0.00,400
11/16/2024 14:51:04 [Information] Z Axis Data Received: .00,0,64.00,400.00,0

11/16/2024 14:51:09 [Information] Stepper Motor Controller Enable Z Axis controls after moving to location.
11/16/2024 14:51:09 [Information] Stepper Motor Controller Stopwatch Stopped.
11/16/2024 14:51:09 [Information] Stepper Motor Controller Timer Stopped.
11/16/2024 14:51:09 [Information] Stepper Motor Controller Stopwatch Reset.
11/16/2024 14:51:22 [Information] Z Axis Run button clicked:
11/16/2024 14:51:22 [Information] Z Axis MotorMovementSeconds decimal: (64.00 / 4) / 2 = 8.00
11/16/2024 14:51:23 [Information] Z Axis Run Event: Z,0.00,400.00,0,0.00,400.00,0,64.00,400.00,0
11/16/2024 14:51:23 [Information] Z Axis Current Time: 02:51:23 + 8000 = 02:51:31
11/16/2024 14:51:23 [Information] Z Axis Data Received: s
11/16/2024 14:51:23 [Information] Z Axis Data Received: eri
11/16/2024 14:51:23 [Information] Z Axis Data Received: al
11/16/2024 14:51:23 [Information] Z Axis Data Received: Da
11/16/2024 14:51:23 [Information] Z Axis Data Received: ta
11/16/2024 14:51:23 [Information] Z Axis Data Received: :
11/16/2024 14:51:23 [Information] Z Axis Data Received:  Z
11/16/2024 14:51:23 [Information] Z Axis Data Received: ,0.
11/16/2024 14:51:23 [Information] Z Axis Data Received: 00
11/16/2024 14:51:23 [Information] Z Axis Data Received: ,400.00,0,0.00,400.00,0,64.00,400.00,0

11/16/2024 14:51:23 [Information] Stepper Motor Controller Disable Z Axis controls while moving to location.
11/16/2024 14:51:23 [Information] Time remaining: 00:00:00 targetEndTime = 02:51:31
11/16/2024 14:51:23 [Information] Stepper Motor Controller Disable Z Axis controls while moving to location.
11/16/2024 14:51:23 [Information] Time remaining: 00:00:00 targetEndTime = 02:51:31
11/16/2024 14:51:23 [Information] Stepper Motor Controller Disable Z Axis controls while moving to location.
11/16/2024 14:51:23 [Information] Time remaining: 00:00:00 targetEndTime = 02:51:31
11/16/2024 14:51:23 [Information] Stepper Motor Controller Disable Z Axis controls while moving to location.
11/16/2024 14:51:23 [Information] Time remaining: 00:00:00 targetEndTime = 02:51:31
11/16/2024 14:51:24 [Information] Stepper Motor Controller Disable Z Axis controls while moving to location.
11/16/2024 14:51:24 [Information] Time remaining: 00:00:00 targetEndTime = 02:51:31
11/16/2024 14:51:24 [Information] Stepper Motor Controller Disable Z Axis controls while moving to location.
11/16/2024 14:51:24 [Information] Time remaining: 00:00:00 targetEndTime = 02:51:31
11/16/2024 14:51:24 [Information] Stepper Motor Controller Disable Z Axis controls while moving to location.
11/16/2024 14:51:24 [Information] Time remaining: 00:00:00 targetEndTime = 02:51:31
11/16/2024 14:51:24 [Information] Stepper Motor Controller Disable Z Axis controls while moving to location.
11/16/2024 14:51:24 [Information] Time remaining: 00:00:00 targetEndTime = 02:51:31
11/16/2024 14:51:24 [Information] Stepper Motor Controller Disable Z Axis controls while moving to location.
11/16/2024 14:51:24 [Information] Time remaining: 00:00:00 targetEndTime = 02:51:31
11/16/2024 14:51:24 [Information] Stepper Motor Controller Disable Z Axis controls while moving to location.
11/16/2024 14:51:24 [Information] Time remaining: 00:00:00 targetEndTime = 02:51:31
11/16/2024 14:51:24 [Information] Stepper Motor Controller Disable Z Axis controls while moving to location.
11/16/2024 14:51:24 [Information] Time remaining: 00:00:00 targetEndTime = 02:51:31
11/16/2024 14:51:24 [Information] Stepper Motor Controller Disable Z Axis controls while moving to location.
11/16/2024 14:51:24 [Information] Time remaining: 00:00:00 targetEndTime = 02:51:31
11/16/2024 14:51:24 [Information] Stepper Motor Controller Disable Z Axis controls while moving to location.
11/16/2024 14:51:24 [Information] Time remaining: 00:00:00 targetEndTime = 02:51:31
11/16/2024 14:51:24 [Information] Stepper Motor Controller Disable Z Axis controls while moving to location.
11/16/2024 14:51:24 [Information] Time remaining: 00:00:00 targetEndTime = 02:51:31
11/16/2024 14:51:24 [Information] Stepper Motor Controller Disable Z Axis controls while moving to location.
11/16/2024 14:51:24 [Information] Time remaining: 00:00:00 targetEndTime = 02:51:31
11/16/2024 14:51:24 [Information] Stepper Motor Controller Disable Z Axis controls while moving to location.
11/16/2024 14:51:24 [Information] Time remaining: 00:00:00 targetEndTime = 02:51:31
11/16/2024 14:51:24 [Information] Stepper Motor Controller Disable Z Axis controls while moving to location.
11/16/2024 14:51:24 [Information] Time remaining: 00:00:00 targetEndTime = 02:51:31
11/16/2024 14:51:24 [Information] Stepper Motor Controller Disable Z Axis controls while moving to location.
11/16/2024 14:51:24 [Information] Time remaining: 00:00:00 targetEndTime = 02:51:31
11/16/2024 14:51:24 [Information] Stepper Motor Controller Disable Z Axis controls while moving to location.
11/16/2024 14:51:24 [Information] Time remaining: 00:00:00 targetEndTime = 02:51:31
11/16/2024 14:51:24 [Information] Stepper Motor Controller Disable Z Axis controls while moving to location.
11/16/2024 14:51:24 [Information] Time remaining: 00:00:00 targetEndTime = 02:51:31
11/16/2024 14:51:24 [Information] Stepper Motor Controller Disable Z Axis controls while moving to location.
11/16/2024 14:51:24 [Information] Time remaining: 00:00:00 targetEndTime = 02:51:31
11/16/2024 14:51:24 [Information] Stepper Motor Controller Disable Z Axis controls while moving to location.
11/16/2024 14:51:24 [Information] Time remaining: 00:00:00 targetEndTime = 02:51:31
11/16/2024 14:51:24 [Information] Stepper Motor Controller Disable Z Axis controls while moving to location.
11/16/2024 14:51:24 [Information] Time remaining: 00:00:00 targetEndTime = 02:51:31
11/16/2024 14:51:24 [Information] Stepper Motor Controller Disable Z Axis controls while moving to location.
11/16/2024 14:51:24 [Information] Time remaining: 00:00:00 targetEndTime = 02:51:31
11/16/2024 14:51:24 [Information] Stepper Motor Controller Disable Z Axis controls while moving to location.
11/16/2024 14:51:24 [Information] Time remaining: 00:00:00 targetEndTime = 02:51:31
11/16/2024 14:51:24 [Information] Stepper Motor Controller Disable Z Axis controls while moving to location.
11/16/2024 14:51:24 [Information] Time remaining: 00:00:00 targetEndTime = 02:51:31
11/16/2024 14:51:24 [Information] Stepper Motor Controller Disable Z Axis controls while moving to location.
11/16/2024 14:51:24 [Information] Time remaining: 00:00:00 targetEndTime = 02:51:31
11/16/2024 14:51:24 [Information] Stepper Motor Controller Disable Z Axis controls while moving to location.
11/16/2024 14:51:24 [Information] Time remaining: 00:00:00 targetEndTime = 02:51:31
11/16/2024 14:51:24 [Information] Stepper Motor Controller Disable Z Axis controls while moving to location.
11/16/2024 14:51:24 [Information] Time remaining: 00:00:00 targetEndTime = 02:51:31
11/16/2024 14:51:24 [Information] Stepper Motor Controller Disable Z Axis controls while moving to location.
11/16/2024 14:51:24 [Information] Time remaining: 00:00:00 targetEndTime = 02:51:31
11/16/2024 14:51:24 [Information] Stepper Motor Controller Disable Z Axis controls while moving to location.
11/16/2024 14:51:24 [Information] Time remaining: 00:00:00 targetEndTime = 02:51:31
11/16/2024 14:51:24 [Information] Stepper Motor Controller Disable Z Axis controls while moving to location.
11/16/2024 14:51:24 [Information] Time remaining: 00:00:00 targetEndTime = 02:51:31
11/16/2024 14:51:24 [Information] Stepper Motor Controller Disable Z Axis controls while moving to location.
11/16/2024 14:51:24 [Information] Time remaining: 00:00:00 targetEndTime = 02:51:31
11/16/2024 14:51:24 [Information] Stepper Motor Controller Disable Z Axis controls while moving to location.
11/16/2024 14:51:24 [Information] Time remaining: 00:00:00 targetEndTime = 02:51:31
11/16/2024 14:51:24 [Information] Stepper Motor Controller Disable Z Axis controls while moving to location.
11/16/2024 14:51:24 [Information] Time remaining: 00:00:00 targetEndTime = 02:51:31
11/16/2024 14:51:24 [Information] Stepper Motor Controller Disable Z Axis controls while moving to location.
11/16/2024 14:51:24 [Information] Time remaining: 00:00:00 targetEndTime = 02:51:31
11/16/2024 14:51:24 [Information] Stepper Motor Controller Disable Z Axis controls while moving to location.
11/16/2024 14:51:24 [Information] Time remaining: 00:00:00 targetEndTime = 02:51:31
11/16/2024 14:51:24 [Information] Stepper Motor Controller Disable Z Axis controls while moving to location.
11/16/2024 14:51:24 [Information] Time remaining: 00:00:00 targetEndTime = 02:51:31
11/16/2024 14:51:24 [Information] Stepper Motor Controller Disable Z Axis controls while moving to location.
11/16/2024 14:51:24 [Information] Time remaining: 00:00:00 targetEndTime = 02:51:31
11/16/2024 14:51:24 [Information] Stepper Motor Controller Disable Z Axis controls while moving to location.
11/16/2024 14:51:24 [Information] Time remaining: 00:00:00 targetEndTime = 02:51:31
11/16/2024 14:51:24 [Information] Stepper Motor Controller Disable Z Axis controls while moving to location.
11/16/2024 14:51:24 [Information] Time remaining: 00:00:00 targetEndTime = 02:51:31
11/16/2024 14:51:24 [Information] Stepper Motor Controller Disable Z Axis controls while moving to location.
11/16/2024 14:51:24 [Information] Time remaining: 00:00:00 targetEndTime = 02:51:31
11/16/2024 14:51:24 [Information] Stepper Motor Controller Disable Z Axis controls while moving to location.
11/16/2024 14:51:24 [Information] Time remaining: 00:00:00 targetEndTime = 02:51:31
11/16/2024 14:51:24 [Information] Stepper Motor Controller Disable Z Axis controls while moving to location.
11/16/2024 14:51:24 [Information] Time remaining: 00:00:00 targetEndTime = 02:51:31
11/16/2024 14:51:24 [Information] Stepper Motor Controller Disable Z Axis controls while moving to location.
11/16/2024 14:51:24 [Information] Time remaining: 00:00:00 targetEndTime = 02:51:31
11/16/2024 14:51:24 [Information] Stepper Motor Controller Disable Z Axis controls while moving to location.
11/16/2024 14:51:24 [Information] Time remaining: 00:00:00 targetEndTime = 02:51:31
11/16/2024 14:51:24 [Information] Stepper Motor Controller Disable Z Axis controls while moving to location.
11/16/2024 14:51:24 [Information] Time remaining: 00:00:00 targetEndTime = 02:51:31
11/16/2024 14:51:24 [Information] Stepper Motor Controller Disable Z Axis controls while moving to location.
11/16/2024 14:51:24 [Information] Time remaining: 00:00:01 targetEndTime = 02:51:31
11/16/2024 14:51:24 [Information] Stepper Motor Controller Disable Z Axis controls while moving to location.
11/16/2024 14:51:24 [Information] Time remaining: 00:00:01 targetEndTime = 02:51:31
11/16/2024 14:51:24 [Information] Stepper Motor Controller Disable Z Axis controls while moving to location.
11/16/2024 14:51:24 [Information] Time remaining: 00:00:01 targetEndTime = 02:51:31
11/16/2024 14:51:24 [Information] Stepper Motor Controller Disable Z Axis controls while moving to location.
11/16/2024 14:51:24 [Information] Time remaining: 00:00:01 targetEndTime = 02:51:31
11/16/2024 14:51:24 [Information] Stepper Motor Controller Disable Z Axis controls while moving to location.
11/16/2024 14:51:24 [Information] Time remaining: 00:00:01 targetEndTime = 02:51:31
11/16/2024 14:51:24 [Information] Stepper Motor Controller Disable Z Axis controls while moving to location.
11/16/2024 14:51:24 [Information] Time remaining: 00:00:01 targetEndTime = 02:51:31
11/16/2024 14:51:24 [Information] Stepper Motor Controller Disable Z Axis controls while moving to location.
11/16/2024 14:51:24 [Information] Time remaining: 00:00:01 targetEndTime = 02:51:31
11/16/2024 14:51:24 [Information] Stepper Motor Controller Disable Z Axis controls while moving to location.
11/16/2024 14:51:24 [Information] Time remaining: 00:00:01 targetEndTime = 02:51:31
11/16/2024 14:51:24 [Information] Stepper Motor Controller Disable Z Axis controls while moving to location.
11/16/2024 14:51:24 [Information] Time remaining: 00:00:01 targetEndTime = 02:51:31
11/16/2024 14:51:24 [Information] Stepper Motor Controller Disable Z Axis controls while moving to location.
11/16/2024 14:51:24 [Information] Time remaining: 00:00:01 targetEndTime = 02:51:31
11/16/2024 14:51:24 [Information] Stepper Motor Controller Disable Z Axis controls while moving to location.
11/16/2024 14:51:24 [Information] Time remaining: 00:00:01 targetEndTime = 02:51:31
11/16/2024 14:51:24 [Information] Stepper Motor Controller Disable Z Axis controls while moving to location.
11/16/2024 14:51:24 [Information] Time remaining: 00:00:01 targetEndTime = 02:51:31
11/16/2024 14:51:24 [Information] Stepper Motor Controller Disable Z Axis controls while moving to location.
11/16/2024 14:51:24 [Information] Time remaining: 00:00:01 targetEndTime = 02:51:31
11/16/2024 14:51:24 [Information] Stepper Motor Controller Disable Z Axis controls while moving to location.
11/16/2024 14:51:24 [Information] Time remaining: 00:00:01 targetEndTime = 02:51:31
11/16/2024 14:51:24 [Information] Stepper Motor Controller Disable Z Axis controls while moving to location.
11/16/2024 14:51:24 [Information] Time remaining: 00:00:01 targetEndTime = 02:51:31
11/16/2024 14:51:24 [Information] Stepper Motor Controller Disable Z Axis controls while moving to location.
11/16/2024 14:51:24 [Information] Time remaining: 00:00:01 targetEndTime = 02:51:31
11/16/2024 14:51:24 [Information] Stepper Motor Controller Disable Z Axis controls while moving to location.
11/16/2024 14:51:24 [Information] Time remaining: 00:00:01 targetEndTime = 02:51:31
11/16/2024 14:51:24 [Information] Stepper Motor Controller Disable Z Axis controls while moving to location.
11/16/2024 14:51:24 [Information] Time remaining: 00:00:01 targetEndTime = 02:51:31
11/16/2024 14:51:25 [Information] Stepper Motor Controller Disable Z Axis controls while moving to location.
11/16/2024 14:51:25 [Information] Time remaining: 00:00:01 targetEndTime = 02:51:31
11/16/2024 14:51:25 [Information] Stepper Motor Controller Disable Z Axis controls while moving to location.
11/16/2024 14:51:25 [Information] Time remaining: 00:00:01 targetEndTime = 02:51:31
11/16/2024 14:51:25 [Information] Stepper Motor Controller Disable Z Axis controls while moving to location.
11/16/2024 14:51:25 [Information] Time remaining: 00:00:01 targetEndTime = 02:51:31
11/16/2024 14:51:25 [Information] Stepper Motor Controller Disable Z Axis controls while moving to location.
11/16/2024 14:51:25 [Information] Time remaining: 00:00:01 targetEndTime = 02:51:31
11/16/2024 14:51:25 [Information] Stepper Motor Controller Disable Z Axis controls while moving to location.
11/16/2024 14:51:25 [Information] Time remaining: 00:00:01 targetEndTime = 02:51:31
11/16/2024 14:51:25 [Information] Stepper Motor Controller Disable Z Axis controls while moving to location.
11/16/2024 14:51:25 [Information] Time remaining: 00:00:01 targetEndTime = 02:51:31
11/16/2024 14:51:25 [Information] Stepper Motor Controller Disable Z Axis controls while moving to location.
11/16/2024 14:51:25 [Information] Time remaining: 00:00:01 targetEndTime = 02:51:31
11/16/2024 14:51:25 [Information] Stepper Motor Controller Disable Z Axis controls while moving to location.
11/16/2024 14:51:25 [Information] Time remaining: 00:00:01 targetEndTime = 02:51:31
11/16/2024 14:51:25 [Information] Stepper Motor Controller Disable Z Axis controls while moving to location.
11/16/2024 14:51:25 [Information] Time remaining: 00:00:01 targetEndTime = 02:51:31
11/16/2024 14:51:25 [Information] Stepper Motor Controller Disable Z Axis controls while moving to location.
11/16/2024 14:51:25 [Information] Time remaining: 00:00:01 targetEndTime = 02:51:31
11/16/2024 14:51:25 [Information] Stepper Motor Controller Disable Z Axis controls while moving to location.
11/16/2024 14:51:25 [Information] Time remaining: 00:00:01 targetEndTime = 02:51:31
11/16/2024 14:51:25 [Information] Stepper Motor Controller Disable Z Axis controls while moving to location.
11/16/2024 14:51:25 [Information] Time remaining: 00:00:01 targetEndTime = 02:51:31
11/16/2024 14:51:25 [Information] Stepper Motor Controller Disable Z Axis controls while moving to location.
11/16/2024 14:51:25 [Information] Time remaining: 00:00:01 targetEndTime = 02:51:31
11/16/2024 14:51:25 [Information] Stepper Motor Controller Disable Z Axis controls while moving to location.
11/16/2024 14:51:25 [Information] Time remaining: 00:00:01 targetEndTime = 02:51:31
11/16/2024 14:51:25 [Information] Stepper Motor Controller Disable Z Axis controls while moving to location.
11/16/2024 14:51:25 [Information] Time remaining: 00:00:01 targetEndTime = 02:51:31
11/16/2024 14:51:25 [Information] Stepper Motor Controller Disable Z Axis controls while moving to location.
11/16/2024 14:51:25 [Information] Time remaining: 00:00:01 targetEndTime = 02:51:31
11/16/2024 14:51:25 [Information] Stepper Motor Controller Disable Z Axis controls while moving to location.
11/16/2024 14:51:25 [Information] Time remaining: 00:00:01 targetEndTime = 02:51:31
11/16/2024 14:51:25 [Information] Stepper Motor Controller Disable Z Axis controls while moving to location.
11/16/2024 14:51:25 [Information] Time remaining: 00:00:01 targetEndTime = 02:51:31
11/16/2024 14:51:25 [Information] Stepper Motor Controller Disable Z Axis controls while moving to location.
11/16/2024 14:51:25 [Information] Time remaining: 00:00:01 targetEndTime = 02:51:31
11/16/2024 14:51:25 [Information] Stepper Motor Controller Disable Z Axis controls while moving to location.
11/16/2024 14:51:25 [Information] Time remaining: 00:00:01 targetEndTime = 02:51:31
11/16/2024 14:51:25 [Information] Stepper Motor Controller Disable Z Axis controls while moving to location.
11/16/2024 14:51:25 [Information] Time remaining: 00:00:01 targetEndTime = 02:51:31
11/16/2024 14:51:25 [Information] Stepper Motor Controller Disable Z Axis controls while moving to location.
11/16/2024 14:51:25 [Information] Time remaining: 00:00:01 targetEndTime = 02:51:31
11/16/2024 14:51:25 [Information] Stepper Motor Controller Disable Z Axis controls while moving to location.
11/16/2024 14:51:25 [Information] Time remaining: 00:00:01 targetEndTime = 02:51:31
11/16/2024 14:51:25 [Information] Stepper Motor Controller Disable Z Axis controls while moving to location.
11/16/2024 14:51:25 [Information] Time remaining: 00:00:01 targetEndTime = 02:51:31
11/16/2024 14:51:25 [Information] Stepper Motor Controller Disable Z Axis controls while moving to location.
11/16/2024 14:51:25 [Information] Time remaining: 00:00:01 targetEndTime = 02:51:31
11/16/2024 14:51:25 [Information] Stepper Motor Controller Disable Z Axis controls while moving to location.
11/16/2024 14:51:25 [Information] Time remaining: 00:00:01 targetEndTime = 02:51:31
11/16/2024 14:51:25 [Information] Stepper Motor Controller Disable Z Axis controls while moving to location.
11/16/2024 14:51:25 [Information] Time remaining: 00:00:01 targetEndTime = 02:51:31
11/16/2024 14:51:25 [Information] Stepper Motor Controller Disable Z Axis controls while moving to location.
11/16/2024 14:51:25 [Information] Time remaining: 00:00:01 targetEndTime = 02:51:31
11/16/2024 14:51:25 [Information] Stepper Motor Controller Disable Z Axis controls while moving to location.
11/16/2024 14:51:25 [Information] Time remaining: 00:00:01 targetEndTime = 02:51:31
11/16/2024 14:51:25 [Information] Stepper Motor Controller Disable Z Axis controls while moving to location.
11/16/2024 14:51:25 [Information] Time remaining: 00:00:01 targetEndTime = 02:51:31
11/16/2024 14:51:25 [Information] Stepper Motor Controller Disable Z Axis controls while moving to location.
11/16/2024 14:51:25 [Information] Time remaining: 00:00:01 targetEndTime = 02:51:31
11/16/2024 14:51:25 [Information] Stepper Motor Controller Disable Z Axis controls while moving to location.
11/16/2024 14:51:25 [Information] Time remaining: 00:00:01 targetEndTime = 02:51:31
11/16/2024 14:51:25 [Information] Stepper Motor Controller Disable Z Axis controls while moving to location.
11/16/2024 14:51:25 [Information] Time remaining: 00:00:01 targetEndTime = 02:51:31
11/16/2024 14:51:25 [Information] Stepper Motor Controller Disable Z Axis controls while moving to location.
11/16/2024 14:51:25 [Information] Time remaining: 00:00:01 targetEndTime = 02:51:31
11/16/2024 14:51:25 [Information] Stepper Motor Controller Disable Z Axis controls while moving to location.
11/16/2024 14:51:25 [Information] Time remaining: 00:00:01 targetEndTime = 02:51:31
11/16/2024 14:51:25 [Information] Stepper Motor Controller Disable Z Axis controls while moving to location.
11/16/2024 14:51:25 [Information] Time remaining: 00:00:01 targetEndTime = 02:51:31
11/16/2024 14:51:25 [Information] Stepper Motor Controller Disable Z Axis controls while moving to location.
11/16/2024 14:51:25 [Information] Time remaining: 00:00:01 targetEndTime = 02:51:31
11/16/2024 14:51:25 [Information] Stepper Motor Controller Disable Z Axis controls while moving to location.
11/16/2024 14:51:25 [Information] Time remaining: 00:00:01 targetEndTime = 02:51:31
11/16/2024 14:51:25 [Information] Stepper Motor Controller Disable Z Axis controls while moving to location.
11/16/2024 14:51:25 [Information] Time remaining: 00:00:01 targetEndTime = 02:51:31
11/16/2024 14:51:25 [Information] Stepper Motor Controller Disable Z Axis controls while moving to location.
11/16/2024 14:51:25 [Information] Time remaining: 00:00:01 targetEndTime = 02:51:31
11/16/2024 14:51:25 [Information] Stepper Motor Controller Disable Z Axis controls while moving to location.
11/16/2024 14:51:25 [Information] Time remaining: 00:00:01 targetEndTime = 02:51:31
11/16/2024 14:51:25 [Information] Stepper Motor Controller Disable Z Axis controls while moving to location.
11/16/2024 14:51:25 [Information] Time remaining: 00:00:01 targetEndTime = 02:51:31
11/16/2024 14:51:25 [Information] Stepper Motor Controller Disable Z Axis controls while moving to location.
11/16/2024 14:51:25 [Information] Time remaining: 00:00:01 targetEndTime = 02:51:31
11/16/2024 14:51:25 [Information] Stepper Motor Controller Disable Z Axis controls while moving to location.
11/16/2024 14:51:25 [Information] Time remaining: 00:00:02 targetEndTime = 02:51:31
11/16/2024 14:51:25 [Information] Stepper Motor Controller Disable Z Axis controls while moving to location.
11/16/2024 14:51:25 [Information] Time remaining: 00:00:02 targetEndTime = 02:51:31
11/16/2024 14:51:25 [Information] Stepper Motor Controller Disable Z Axis controls while moving to location.
11/16/2024 14:51:25 [Information] Time remaining: 00:00:02 targetEndTime = 02:51:31
11/16/2024 14:51:25 [Information] Stepper Motor Controller Disable Z Axis controls while moving to location.
11/16/2024 14:51:25 [Information] Time remaining: 00:00:02 targetEndTime = 02:51:31
11/16/2024 14:51:25 [Information] Stepper Motor Controller Disable Z Axis controls while moving to location.
11/16/2024 14:51:25 [Information] Time remaining: 00:00:02 targetEndTime = 02:51:31
11/16/2024 14:51:25 [Information] Stepper Motor Controller Disable Z Axis controls while moving to location.
11/16/2024 14:51:25 [Information] Time remaining: 00:00:02 targetEndTime = 02:51:31
11/16/2024 14:51:25 [Information] Stepper Motor Controller Disable Z Axis controls while moving to location.
11/16/2024 14:51:25 [Information] Time remaining: 00:00:02 targetEndTime = 02:51:31
11/16/2024 14:51:25 [Information] Stepper Motor Controller Disable Z Axis controls while moving to location.
11/16/2024 14:51:25 [Information] Time remaining: 00:00:02 targetEndTime = 02:51:31
11/16/2024 14:51:25 [Information] Stepper Motor Controller Disable Z Axis controls while moving to location.
11/16/2024 14:51:25 [Information] Time remaining: 00:00:02 targetEndTime = 02:51:31
11/16/2024 14:51:25 [Information] Stepper Motor Controller Disable Z Axis controls while moving to location.
11/16/2024 14:51:25 [Information] Time remaining: 00:00:02 targetEndTime = 02:51:31
11/16/2024 14:51:25 [Information] Stepper Motor Controller Disable Z Axis controls while moving to location.
11/16/2024 14:51:25 [Information] Time remaining: 00:00:02 targetEndTime = 02:51:31
11/16/2024 14:51:25 [Information] Stepper Motor Controller Disable Z Axis controls while moving to location.
11/16/2024 14:51:25 [Information] Time remaining: 00:00:02 targetEndTime = 02:51:31
11/16/2024 14:51:25 [Information] Stepper Motor Controller Disable Z Axis controls while moving to location.
11/16/2024 14:51:25 [Information] Time remaining: 00:00:02 targetEndTime = 02:51:31
11/16/2024 14:51:25 [Information] Stepper Motor Controller Disable Z Axis controls while moving to location.
11/16/2024 14:51:25 [Information] Time remaining: 00:00:02 targetEndTime = 02:51:31
11/16/2024 14:51:25 [Information] Stepper Motor Controller Disable Z Axis controls while moving to location.
11/16/2024 14:51:25 [Information] Time remaining: 00:00:02 targetEndTime = 02:51:31
11/16/2024 14:51:25 [Information] Stepper Motor Controller Disable Z Axis controls while moving to location.
11/16/2024 14:51:25 [Information] Time remaining: 00:00:02 targetEndTime = 02:51:31
11/16/2024 14:51:25 [Information] Stepper Motor Controller Disable Z Axis controls while moving to location.
11/16/2024 14:51:25 [Information] Time remaining: 00:00:02 targetEndTime = 02:51:31
11/16/2024 14:51:25 [Information] Stepper Motor Controller Disable Z Axis controls while moving to location.
11/16/2024 14:51:25 [Information] Time remaining: 00:00:02 targetEndTime = 02:51:31
11/16/2024 14:51:26 [Information] Stepper Motor Controller Disable Z Axis controls while moving to location.
11/16/2024 14:51:26 [Information] Time remaining: 00:00:02 targetEndTime = 02:51:31
11/16/2024 14:51:26 [Information] Stepper Motor Controller Disable Z Axis controls while moving to location.
11/16/2024 14:51:26 [Information] Time remaining: 00:00:02 targetEndTime = 02:51:31
11/16/2024 14:51:26 [Information] Stepper Motor Controller Disable Z Axis controls while moving to location.
11/16/2024 14:51:26 [Information] Time remaining: 00:00:02 targetEndTime = 02:51:31
11/16/2024 14:51:26 [Information] Stepper Motor Controller Disable Z Axis controls while moving to location.
11/16/2024 14:51:26 [Information] Time remaining: 00:00:02 targetEndTime = 02:51:31
11/16/2024 14:51:26 [Information] Stepper Motor Controller Disable Z Axis controls while moving to location.
11/16/2024 14:51:26 [Information] Time remaining: 00:00:02 targetEndTime = 02:51:31
11/16/2024 14:51:26 [Information] Stepper Motor Controller Disable Z Axis controls while moving to location.
11/16/2024 14:51:26 [Information] Time remaining: 00:00:02 targetEndTime = 02:51:31
11/16/2024 14:51:26 [Information] Stepper Motor Controller Disable Z Axis controls while moving to location.
11/16/2024 14:51:26 [Information] Time remaining: 00:00:02 targetEndTime = 02:51:31
11/16/2024 14:51:26 [Information] Stepper Motor Controller Disable Z Axis controls while moving to location.
11/16/2024 14:51:26 [Information] Time remaining: 00:00:02 targetEndTime = 02:51:31
11/16/2024 14:51:26 [Information] Stepper Motor Controller Disable Z Axis controls while moving to location.
11/16/2024 14:51:26 [Information] Time remaining: 00:00:02 targetEndTime = 02:51:31
11/16/2024 14:51:26 [Information] Stepper Motor Controller Disable Z Axis controls while moving to location.
11/16/2024 14:51:26 [Information] Time remaining: 00:00:02 targetEndTime = 02:51:31
11/16/2024 14:51:26 [Information] Stepper Motor Controller Disable Z Axis controls while moving to location.
11/16/2024 14:51:26 [Information] Time remaining: 00:00:02 targetEndTime = 02:51:31
11/16/2024 14:51:26 [Information] Stepper Motor Controller Disable Z Axis controls while moving to location.
11/16/2024 14:51:26 [Information] Time remaining: 00:00:02 targetEndTime = 02:51:31
11/16/2024 14:51:26 [Information] Stepper Motor Controller Disable Z Axis controls while moving to location.
11/16/2024 14:51:26 [Information] Time remaining: 00:00:02 targetEndTime = 02:51:31
11/16/2024 14:51:26 [Information] Stepper Motor Controller Disable Z Axis controls while moving to location.
11/16/2024 14:51:26 [Information] Time remaining: 00:00:02 targetEndTime = 02:51:31
11/16/2024 14:51:26 [Information] Stepper Motor Controller Disable Z Axis controls while moving to location.
11/16/2024 14:51:26 [Information] Time remaining: 00:00:02 targetEndTime = 02:51:31
11/16/2024 14:51:26 [Information] Stepper Motor Controller Disable Z Axis controls while moving to location.
11/16/2024 14:51:26 [Information] Time remaining: 00:00:02 targetEndTime = 02:51:31
11/16/2024 14:51:26 [Information] Stepper Motor Controller Disable Z Axis controls while moving to location.
11/16/2024 14:51:26 [Information] Time remaining: 00:00:02 targetEndTime = 02:51:31
11/16/2024 14:51:26 [Information] Stepper Motor Controller Disable Z Axis controls while moving to location.
11/16/2024 14:51:26 [Information] Time remaining: 00:00:02 targetEndTime = 02:51:31
11/16/2024 14:51:26 [Information] Stepper Motor Controller Disable Z Axis controls while moving to location.
11/16/2024 14:51:26 [Information] Time remaining: 00:00:02 targetEndTime = 02:51:31
11/16/2024 14:51:26 [Information] Stepper Motor Controller Disable Z Axis controls while moving to location.
11/16/2024 14:51:26 [Information] Time remaining: 00:00:02 targetEndTime = 02:51:31
11/16/2024 14:51:26 [Information] Stepper Motor Controller Disable Z Axis controls while moving to location.
11/16/2024 14:51:26 [Information] Time remaining: 00:00:02 targetEndTime = 02:51:31
11/16/2024 14:51:26 [Information] Stepper Motor Controller Disable Z Axis controls while moving to location.
11/16/2024 14:51:26 [Information] Time remaining: 00:00:02 targetEndTime = 02:51:31
11/16/2024 14:51:26 [Information] Stepper Motor Controller Disable Z Axis controls while moving to location.
11/16/2024 14:51:26 [Information] Time remaining: 00:00:02 targetEndTime = 02:51:31
11/16/2024 14:51:26 [Information] Stepper Motor Controller Disable Z Axis controls while moving to location.
11/16/2024 14:51:26 [Information] Time remaining: 00:00:02 targetEndTime = 02:51:31
11/16/2024 14:51:26 [Information] Stepper Motor Controller Disable Z Axis controls while moving to location.
11/16/2024 14:51:26 [Information] Time remaining: 00:00:02 targetEndTime = 02:51:31
11/16/2024 14:51:26 [Information] Stepper Motor Controller Disable Z Axis controls while moving to location.
11/16/2024 14:51:26 [Information] Time remaining: 00:00:02 targetEndTime = 02:51:31
11/16/2024 14:51:26 [Information] Stepper Motor Controller Disable Z Axis controls while moving to location.
11/16/2024 14:51:26 [Information] Time remaining: 00:00:02 targetEndTime = 02:51:31
11/16/2024 14:51:26 [Information] Stepper Motor Controller Disable Z Axis controls while moving to location.
11/16/2024 14:51:26 [Information] Time remaining: 00:00:02 targetEndTime = 02:51:31
11/16/2024 14:51:26 [Information] Stepper Motor Controller Disable Z Axis controls while moving to location.
11/16/2024 14:51:26 [Information] Time remaining: 00:00:02 targetEndTime = 02:51:31
11/16/2024 14:51:26 [Information] Stepper Motor Controller Disable Z Axis controls while moving to location.
11/16/2024 14:51:26 [Information] Time remaining: 00:00:02 targetEndTime = 02:51:31
11/16/2024 14:51:26 [Information] Stepper Motor Controller Disable Z Axis controls while moving to location.
11/16/2024 14:51:26 [Information] Time remaining: 00:00:02 targetEndTime = 02:51:31
11/16/2024 14:51:26 [Information] Stepper Motor Controller Disable Z Axis controls while moving to location.
11/16/2024 14:51:26 [Information] Time remaining: 00:00:02 targetEndTime = 02:51:31
11/16/2024 14:51:26 [Information] Stepper Motor Controller Disable Z Axis controls while moving to location.
11/16/2024 14:51:26 [Information] Time remaining: 00:00:02 targetEndTime = 02:51:31
11/16/2024 14:51:26 [Information] Stepper Motor Controller Disable Z Axis controls while moving to location.
11/16/2024 14:51:26 [Information] Time remaining: 00:00:02 targetEndTime = 02:51:31
11/16/2024 14:51:26 [Information] Stepper Motor Controller Disable Z Axis controls while moving to location.
11/16/2024 14:51:26 [Information] Time remaining: 00:00:02 targetEndTime = 02:51:31
11/16/2024 14:51:26 [Information] Stepper Motor Controller Disable Z Axis controls while moving to location.
11/16/2024 14:51:26 [Information] Time remaining: 00:00:02 targetEndTime = 02:51:31
11/16/2024 14:51:26 [Information] Stepper Motor Controller Disable Z Axis controls while moving to location.
11/16/2024 14:51:26 [Information] Time remaining: 00:00:02 targetEndTime = 02:51:31
11/16/2024 14:51:26 [Information] Stepper Motor Controller Disable Z Axis controls while moving to location.
11/16/2024 14:51:26 [Information] Time remaining: 00:00:02 targetEndTime = 02:51:31
11/16/2024 14:51:26 [Information] Stepper Motor Controller Disable Z Axis controls while moving to location.
11/16/2024 14:51:26 [Information] Time remaining: 00:00:02 targetEndTime = 02:51:31
11/16/2024 14:51:26 [Information] Stepper Motor Controller Disable Z Axis controls while moving to location.
11/16/2024 14:51:26 [Information] Time remaining: 00:00:02 targetEndTime = 02:51:31
11/16/2024 14:51:26 [Information] Stepper Motor Controller Disable Z Axis controls while moving to location.
11/16/2024 14:51:26 [Information] Time remaining: 00:00:02 targetEndTime = 02:51:31
11/16/2024 14:51:26 [Information] Stepper Motor Controller Disable Z Axis controls while moving to location.
11/16/2024 14:51:26 [Information] Time remaining: 00:00:02 targetEndTime = 02:51:31
11/16/2024 14:51:26 [Information] Stepper Motor Controller Disable Z Axis controls while moving to location.
11/16/2024 14:51:26 [Information] Time remaining: 00:00:03 targetEndTime = 02:51:31
11/16/2024 14:51:26 [Information] Stepper Motor Controller Disable Z Axis controls while moving to location.
11/16/2024 14:51:26 [Information] Time remaining: 00:00:03 targetEndTime = 02:51:31
11/16/2024 14:51:26 [Information] Stepper Motor Controller Disable Z Axis controls while moving to location.
11/16/2024 14:51:26 [Information] Time remaining: 00:00:03 targetEndTime = 02:51:31
11/16/2024 14:51:26 [Information] Stepper Motor Controller Disable Z Axis controls while moving to location.
11/16/2024 14:51:26 [Information] Time remaining: 00:00:03 targetEndTime = 02:51:31
11/16/2024 14:51:26 [Information] Stepper Motor Controller Disable Z Axis controls while moving to location.
11/16/2024 14:51:26 [Information] Time remaining: 00:00:03 targetEndTime = 02:51:31
11/16/2024 14:51:26 [Information] Stepper Motor Controller Disable Z Axis controls while moving to location.
11/16/2024 14:51:26 [Information] Time remaining: 00:00:03 targetEndTime = 02:51:31
11/16/2024 14:51:26 [Information] Stepper Motor Controller Disable Z Axis controls while moving to location.
11/16/2024 14:51:26 [Information] Time remaining: 00:00:03 targetEndTime = 02:51:31
11/16/2024 14:51:26 [Information] Stepper Motor Controller Disable Z Axis controls while moving to location.
11/16/2024 14:51:26 [Information] Time remaining: 00:00:03 targetEndTime = 02:51:31
11/16/2024 14:51:26 [Information] Stepper Motor Controller Disable Z Axis controls while moving to location.
11/16/2024 14:51:26 [Information] Time remaining: 00:00:03 targetEndTime = 02:51:31
11/16/2024 14:51:26 [Information] Stepper Motor Controller Disable Z Axis controls while moving to location.
11/16/2024 14:51:26 [Information] Time remaining: 00:00:03 targetEndTime = 02:51:31
11/16/2024 14:51:26 [Information] Stepper Motor Controller Disable Z Axis controls while moving to location.
11/16/2024 14:51:26 [Information] Time remaining: 00:00:03 targetEndTime = 02:51:31
11/16/2024 14:51:26 [Information] Stepper Motor Controller Disable Z Axis controls while moving to location.
11/16/2024 14:51:26 [Information] Time remaining: 00:00:03 targetEndTime = 02:51:31
11/16/2024 14:51:26 [Information] Stepper Motor Controller Disable Z Axis controls while moving to location.
11/16/2024 14:51:26 [Information] Time remaining: 00:00:03 targetEndTime = 02:51:31
11/16/2024 14:51:26 [Information] Stepper Motor Controller Disable Z Axis controls while moving to location.
11/16/2024 14:51:26 [Information] Time remaining: 00:00:03 targetEndTime = 02:51:31
11/16/2024 14:51:26 [Information] Stepper Motor Controller Disable Z Axis controls while moving to location.
11/16/2024 14:51:26 [Information] Time remaining: 00:00:03 targetEndTime = 02:51:31
11/16/2024 14:51:27 [Information] Stepper Motor Controller Disable Z Axis controls while moving to location.
11/16/2024 14:51:27 [Information] Time remaining: 00:00:03 targetEndTime = 02:51:31
11/16/2024 14:51:27 [Information] Stepper Motor Controller Disable Z Axis controls while moving to location.
11/16/2024 14:51:27 [Information] Time remaining: 00:00:03 targetEndTime = 02:51:31
11/16/2024 14:51:27 [Information] Stepper Motor Controller Disable Z Axis controls while moving to location.
11/16/2024 14:51:27 [Information] Time remaining: 00:00:03 targetEndTime = 02:51:31
11/16/2024 14:51:27 [Information] Stepper Motor Controller Disable Z Axis controls while moving to location.
11/16/2024 14:51:27 [Information] Time remaining: 00:00:03 targetEndTime = 02:51:31
11/16/2024 14:51:27 [Information] Stepper Motor Controller Disable Z Axis controls while moving to location.
11/16/2024 14:51:27 [Information] Time remaining: 00:00:03 targetEndTime = 02:51:31
11/16/2024 14:51:27 [Information] Stepper Motor Controller Disable Z Axis controls while moving to location.
11/16/2024 14:51:27 [Information] Time remaining: 00:00:03 targetEndTime = 02:51:31
11/16/2024 14:51:27 [Information] Stepper Motor Controller Disable Z Axis controls while moving to location.
11/16/2024 14:51:27 [Information] Time remaining: 00:00:03 targetEndTime = 02:51:31
11/16/2024 14:51:27 [Information] Stepper Motor Controller Disable Z Axis controls while moving to location.
11/16/2024 14:51:27 [Information] Time remaining: 00:00:03 targetEndTime = 02:51:31
11/16/2024 14:51:27 [Information] Stepper Motor Controller Disable Z Axis controls while moving to location.
11/16/2024 14:51:27 [Information] Time remaining: 00:00:03 targetEndTime = 02:51:31
11/16/2024 14:51:27 [Information] Stepper Motor Controller Disable Z Axis controls while moving to location.
11/16/2024 14:51:27 [Information] Time remaining: 00:00:03 targetEndTime = 02:51:31
11/16/2024 14:51:27 [Information] Stepper Motor Controller Disable Z Axis controls while moving to location.
11/16/2024 14:51:27 [Information] Time remaining: 00:00:03 targetEndTime = 02:51:31
11/16/2024 14:51:27 [Information] Stepper Motor Controller Disable Z Axis controls while moving to location.
11/16/2024 14:51:27 [Information] Time remaining: 00:00:03 targetEndTime = 02:51:31
11/16/2024 14:51:27 [Information] Stepper Motor Controller Disable Z Axis controls while moving to location.
11/16/2024 14:51:27 [Information] Time remaining: 00:00:03 targetEndTime = 02:51:31
11/16/2024 14:51:27 [Information] Stepper Motor Controller Disable Z Axis controls while moving to location.
11/16/2024 14:51:27 [Information] Time remaining: 00:00:03 targetEndTime = 02:51:31
11/16/2024 14:51:27 [Information] Stepper Motor Controller Disable Z Axis controls while moving to location.
11/16/2024 14:51:27 [Information] Time remaining: 00:00:03 targetEndTime = 02:51:31
11/16/2024 14:51:27 [Information] Stepper Motor Controller Disable Z Axis controls while moving to location.
11/16/2024 14:51:27 [Information] Time remaining: 00:00:03 targetEndTime = 02:51:31
11/16/2024 14:51:27 [Information] Stepper Motor Controller Disable Z Axis controls while moving to location.
11/16/2024 14:51:27 [Information] Time remaining: 00:00:03 targetEndTime = 02:51:31
11/16/2024 14:51:27 [Information] Stepper Motor Controller Disable Z Axis controls while moving to location.
11/16/2024 14:51:27 [Information] Time remaining: 00:00:03 targetEndTime = 02:51:31
11/16/2024 14:51:27 [Information] Stepper Motor Controller Disable Z Axis controls while moving to location.
11/16/2024 14:51:27 [Information] Time remaining: 00:00:03 targetEndTime = 02:51:31
11/16/2024 14:51:27 [Information] Stepper Motor Controller Disable Z Axis controls while moving to location.
11/16/2024 14:51:27 [Information] Time remaining: 00:00:03 targetEndTime = 02:51:31
11/16/2024 14:51:27 [Information] Stepper Motor Controller Disable Z Axis controls while moving to location.
11/16/2024 14:51:27 [Information] Time remaining: 00:00:03 targetEndTime = 02:51:31
11/16/2024 14:51:27 [Information] Stepper Motor Controller Disable Z Axis controls while moving to location.
11/16/2024 14:51:27 [Information] Time remaining: 00:00:03 targetEndTime = 02:51:31
11/16/2024 14:51:27 [Information] Stepper Motor Controller Disable Z Axis controls while moving to location.
11/16/2024 14:51:27 [Information] Time remaining: 00:00:03 targetEndTime = 02:51:31
11/16/2024 14:51:27 [Information] Stepper Motor Controller Disable Z Axis controls while moving to location.
11/16/2024 14:51:27 [Information] Time remaining: 00:00:03 targetEndTime = 02:51:31
11/16/2024 14:51:27 [Information] Stepper Motor Controller Disable Z Axis controls while moving to location.
11/16/2024 14:51:27 [Information] Time remaining: 00:00:03 targetEndTime = 02:51:31
11/16/2024 14:51:27 [Information] Stepper Motor Controller Disable Z Axis controls while moving to location.
11/16/2024 14:51:27 [Information] Time remaining: 00:00:03 targetEndTime = 02:51:31
11/16/2024 14:51:27 [Information] Stepper Motor Controller Disable Z Axis controls while moving to location.
11/16/2024 14:51:27 [Information] Time remaining: 00:00:03 targetEndTime = 02:51:31
11/16/2024 14:51:27 [Information] Stepper Motor Controller Disable Z Axis controls while moving to location.
11/16/2024 14:51:27 [Information] Time remaining: 00:00:03 targetEndTime = 02:51:31
11/16/2024 14:51:27 [Information] Stepper Motor Controller Disable Z Axis controls while moving to location.
11/16/2024 14:51:27 [Information] Time remaining: 00:00:03 targetEndTime = 02:51:31
11/16/2024 14:51:27 [Information] Stepper Motor Controller Disable Z Axis controls while moving to location.
11/16/2024 14:51:27 [Information] Time remaining: 00:00:03 targetEndTime = 02:51:31
11/16/2024 14:51:27 [Information] Stepper Motor Controller Disable Z Axis controls while moving to location.
11/16/2024 14:51:27 [Information] Time remaining: 00:00:03 targetEndTime = 02:51:31
11/16/2024 14:51:27 [Information] Stepper Motor Controller Disable Z Axis controls while moving to location.
11/16/2024 14:51:27 [Information] Time remaining: 00:00:03 targetEndTime = 02:51:31
11/16/2024 14:51:27 [Information] Stepper Motor Controller Disable Z Axis controls while moving to location.
11/16/2024 14:51:27 [Information] Time remaining: 00:00:03 targetEndTime = 02:51:31
11/16/2024 14:51:27 [Information] Stepper Motor Controller Disable Z Axis controls while moving to location.
11/16/2024 14:51:27 [Information] Time remaining: 00:00:03 targetEndTime = 02:51:31
11/16/2024 14:51:27 [Information] Stepper Motor Controller Disable Z Axis controls while moving to location.
11/16/2024 14:51:27 [Information] Time remaining: 00:00:03 targetEndTime = 02:51:31
11/16/2024 14:51:27 [Information] Stepper Motor Controller Disable Z Axis controls while moving to location.
11/16/2024 14:51:27 [Information] Time remaining: 00:00:03 targetEndTime = 02:51:31
11/16/2024 14:51:27 [Information] Stepper Motor Controller Disable Z Axis controls while moving to location.
11/16/2024 14:51:27 [Information] Time remaining: 00:00:03 targetEndTime = 02:51:31
11/16/2024 14:51:27 [Information] Stepper Motor Controller Disable Z Axis controls while moving to location.
11/16/2024 14:51:27 [Information] Time remaining: 00:00:03 targetEndTime = 02:51:31
11/16/2024 14:51:27 [Information] Stepper Motor Controller Disable Z Axis controls while moving to location.
11/16/2024 14:51:27 [Information] Time remaining: 00:00:03 targetEndTime = 02:51:31
11/16/2024 14:51:27 [Information] Stepper Motor Controller Disable Z Axis controls while moving to location.
11/16/2024 14:51:27 [Information] Time remaining: 00:00:03 targetEndTime = 02:51:31
11/16/2024 14:51:27 [Information] Stepper Motor Controller Disable Z Axis controls while moving to location.
11/16/2024 14:51:27 [Information] Time remaining: 00:00:03 targetEndTime = 02:51:31
11/16/2024 14:51:27 [Information] Stepper Motor Controller Disable Z Axis controls while moving to location.
11/16/2024 14:51:27 [Information] Time remaining: 00:00:04 targetEndTime = 02:51:31
11/16/2024 14:51:27 [Information] Stepper Motor Controller Disable Z Axis controls while moving to location.
11/16/2024 14:51:27 [Information] Time remaining: 00:00:04 targetEndTime = 02:51:31
11/16/2024 14:51:27 [Information] Stepper Motor Controller Disable Z Axis controls while moving to location.
11/16/2024 14:51:27 [Information] Time remaining: 00:00:04 targetEndTime = 02:51:31
11/16/2024 14:51:27 [Information] Stepper Motor Controller Disable Z Axis controls while moving to location.
11/16/2024 14:51:27 [Information] Time remaining: 00:00:04 targetEndTime = 02:51:31
11/16/2024 14:51:27 [Information] Stepper Motor Controller Disable Z Axis controls while moving to location.
11/16/2024 14:51:27 [Information] Time remaining: 00:00:04 targetEndTime = 02:51:31
11/16/2024 14:51:27 [Information] Stepper Motor Controller Disable Z Axis controls while moving to location.
11/16/2024 14:51:27 [Information] Time remaining: 00:00:04 targetEndTime = 02:51:31
11/16/2024 14:51:27 [Information] Stepper Motor Controller Disable Z Axis controls while moving to location.
11/16/2024 14:51:27 [Information] Time remaining: 00:00:04 targetEndTime = 02:51:31
11/16/2024 14:51:27 [Information] Stepper Motor Controller Disable Z Axis controls while moving to location.
11/16/2024 14:51:27 [Information] Time remaining: 00:00:04 targetEndTime = 02:51:31
11/16/2024 14:51:27 [Information] Stepper Motor Controller Disable Z Axis controls while moving to location.
11/16/2024 14:51:27 [Information] Time remaining: 00:00:04 targetEndTime = 02:51:31
11/16/2024 14:51:27 [Information] Stepper Motor Controller Disable Z Axis controls while moving to location.
11/16/2024 14:51:27 [Information] Time remaining: 00:00:04 targetEndTime = 02:51:31
11/16/2024 14:51:27 [Information] Stepper Motor Controller Disable Z Axis controls while moving to location.
11/16/2024 14:51:27 [Information] Time remaining: 00:00:04 targetEndTime = 02:51:31
11/16/2024 14:51:27 [Information] Stepper Motor Controller Disable Z Axis controls while moving to location.
11/16/2024 14:51:27 [Information] Time remaining: 00:00:04 targetEndTime = 02:51:31
11/16/2024 14:51:27 [Information] Stepper Motor Controller Disable Z Axis controls while moving to location.
11/16/2024 14:51:27 [Information] Time remaining: 00:00:04 targetEndTime = 02:51:31
11/16/2024 14:51:27 [Information] Stepper Motor Controller Disable Z Axis controls while moving to location.
11/16/2024 14:51:27 [Information] Time remaining: 00:00:04 targetEndTime = 02:51:31
11/16/2024 14:51:28 [Information] Stepper Motor Controller Disable Z Axis controls while moving to location.
11/16/2024 14:51:28 [Information] Time remaining: 00:00:04 targetEndTime = 02:51:31
11/16/2024 14:51:28 [Information] Stepper Motor Controller Disable Z Axis controls while moving to location.
11/16/2024 14:51:28 [Information] Time remaining: 00:00:04 targetEndTime = 02:51:31
11/16/2024 14:51:28 [Information] Stepper Motor Controller Disable Z Axis controls while moving to location.
11/16/2024 14:51:28 [Information] Time remaining: 00:00:04 targetEndTime = 02:51:31
11/16/2024 14:51:28 [Information] Stepper Motor Controller Disable Z Axis controls while moving to location.
11/16/2024 14:51:28 [Information] Time remaining: 00:00:04 targetEndTime = 02:51:31
11/16/2024 14:51:28 [Information] Stepper Motor Controller Disable Z Axis controls while moving to location.
11/16/2024 14:51:28 [Information] Time remaining: 00:00:04 targetEndTime = 02:51:31
11/16/2024 14:51:28 [Information] Stepper Motor Controller Disable Z Axis controls while moving to location.
11/16/2024 14:51:28 [Information] Time remaining: 00:00:04 targetEndTime = 02:51:31
11/16/2024 14:51:28 [Information] Stepper Motor Controller Disable Z Axis controls while moving to location.
11/16/2024 14:51:28 [Information] Time remaining: 00:00:04 targetEndTime = 02:51:31
11/16/2024 14:51:28 [Information] Stepper Motor Controller Disable Z Axis controls while moving to location.
11/16/2024 14:51:28 [Information] Time remaining: 00:00:04 targetEndTime = 02:51:31
11/16/2024 14:51:28 [Information] Stepper Motor Controller Disable Z Axis controls while moving to location.
11/16/2024 14:51:28 [Information] Time remaining: 00:00:04 targetEndTime = 02:51:31
11/16/2024 14:51:28 [Information] Stepper Motor Controller Disable Z Axis controls while moving to location.
11/16/2024 14:51:28 [Information] Time remaining: 00:00:04 targetEndTime = 02:51:31
11/16/2024 14:51:28 [Information] Stepper Motor Controller Disable Z Axis controls while moving to location.
11/16/2024 14:51:28 [Information] Time remaining: 00:00:04 targetEndTime = 02:51:31
11/16/2024 14:51:28 [Information] Stepper Motor Controller Disable Z Axis controls while moving to location.
11/16/2024 14:51:28 [Information] Time remaining: 00:00:04 targetEndTime = 02:51:31
11/16/2024 14:51:28 [Information] Stepper Motor Controller Disable Z Axis controls while moving to location.
11/16/2024 14:51:28 [Information] Time remaining: 00:00:04 targetEndTime = 02:51:31
11/16/2024 14:51:28 [Information] Stepper Motor Controller Disable Z Axis controls while moving to location.
11/16/2024 14:51:28 [Information] Time remaining: 00:00:04 targetEndTime = 02:51:31
11/16/2024 14:51:28 [Information] Stepper Motor Controller Disable Z Axis controls while moving to location.
11/16/2024 14:51:28 [Information] Time remaining: 00:00:04 targetEndTime = 02:51:31
11/16/2024 14:51:28 [Information] Stepper Motor Controller Disable Z Axis controls while moving to location.
11/16/2024 14:51:28 [Information] Time remaining: 00:00:04 targetEndTime = 02:51:31
11/16/2024 14:51:28 [Information] Stepper Motor Controller Disable Z Axis controls while moving to location.
11/16/2024 14:51:28 [Information] Time remaining: 00:00:04 targetEndTime = 02:51:31
11/16/2024 14:51:28 [Information] Stepper Motor Controller Disable Z Axis controls while moving to location.
11/16/2024 14:51:28 [Information] Time remaining: 00:00:04 targetEndTime = 02:51:31
11/16/2024 14:51:28 [Information] Stepper Motor Controller Disable Z Axis controls while moving to location.
11/16/2024 14:51:28 [Information] Time remaining: 00:00:04 targetEndTime = 02:51:31
11/16/2024 14:51:28 [Information] Stepper Motor Controller Disable Z Axis controls while moving to location.
11/16/2024 14:51:28 [Information] Time remaining: 00:00:04 targetEndTime = 02:51:31
11/16/2024 14:51:28 [Information] Stepper Motor Controller Disable Z Axis controls while moving to location.
11/16/2024 14:51:28 [Information] Time remaining: 00:00:04 targetEndTime = 02:51:31
11/16/2024 14:51:28 [Information] Stepper Motor Controller Disable Z Axis controls while moving to location.
11/16/2024 14:51:28 [Information] Time remaining: 00:00:04 targetEndTime = 02:51:31
11/16/2024 14:51:28 [Information] Stepper Motor Controller Disable Z Axis controls while moving to location.
11/16/2024 14:51:28 [Information] Time remaining: 00:00:04 targetEndTime = 02:51:31
11/16/2024 14:51:28 [Information] Stepper Motor Controller Disable Z Axis controls while moving to location.
11/16/2024 14:51:28 [Information] Time remaining: 00:00:04 targetEndTime = 02:51:31
11/16/2024 14:51:28 [Information] Stepper Motor Controller Disable Z Axis controls while moving to location.
11/16/2024 14:51:28 [Information] Time remaining: 00:00:04 targetEndTime = 02:51:31
11/16/2024 14:51:28 [Information] Stepper Motor Controller Disable Z Axis controls while moving to location.
11/16/2024 14:51:28 [Information] Time remaining: 00:00:04 targetEndTime = 02:51:31
11/16/2024 14:51:28 [Information] Stepper Motor Controller Disable Z Axis controls while moving to location.
11/16/2024 14:51:28 [Information] Time remaining: 00:00:04 targetEndTime = 02:51:31
11/16/2024 14:51:28 [Information] Stepper Motor Controller Disable Z Axis controls while moving to location.
11/16/2024 14:51:28 [Information] Time remaining: 00:00:04 targetEndTime = 02:51:31
11/16/2024 14:51:28 [Information] Stepper Motor Controller Disable Z Axis controls while moving to location.
11/16/2024 14:51:28 [Information] Time remaining: 00:00:04 targetEndTime = 02:51:31
11/16/2024 14:51:28 [Information] Stepper Motor Controller Disable Z Axis controls while moving to location.
11/16/2024 14:51:28 [Information] Time remaining: 00:00:04 targetEndTime = 02:51:31
11/16/2024 14:51:28 [Information] Stepper Motor Controller Disable Z Axis controls while moving to location.
11/16/2024 14:51:28 [Information] Time remaining: 00:00:04 targetEndTime = 02:51:31
11/16/2024 14:51:28 [Information] Stepper Motor Controller Disable Z Axis controls while moving to location.
11/16/2024 14:51:28 [Information] Time remaining: 00:00:04 targetEndTime = 02:51:31
11/16/2024 14:51:28 [Information] Stepper Motor Controller Disable Z Axis controls while moving to location.
11/16/2024 14:51:28 [Information] Time remaining: 00:00:04 targetEndTime = 02:51:31
11/16/2024 14:51:28 [Information] Stepper Motor Controller Disable Z Axis controls while moving to location.
11/16/2024 14:51:28 [Information] Time remaining: 00:00:04 targetEndTime = 02:51:31
11/16/2024 14:51:28 [Information] Stepper Motor Controller Disable Z Axis controls while moving to location.
11/16/2024 14:51:28 [Information] Time remaining: 00:00:04 targetEndTime = 02:51:31
11/16/2024 14:51:28 [Information] Stepper Motor Controller Disable Z Axis controls while moving to location.
11/16/2024 14:51:28 [Information] Time remaining: 00:00:04 targetEndTime = 02:51:31
11/16/2024 14:51:28 [Information] Stepper Motor Controller Disable Z Axis controls while moving to location.
11/16/2024 14:51:28 [Information] Time remaining: 00:00:04 targetEndTime = 02:51:31
11/16/2024 14:51:28 [Information] Stepper Motor Controller Disable Z Axis controls while moving to location.
11/16/2024 14:51:28 [Information] Time remaining: 00:00:04 targetEndTime = 02:51:31
11/16/2024 14:51:28 [Information] Stepper Motor Controller Disable Z Axis controls while moving to location.
11/16/2024 14:51:28 [Information] Time remaining: 00:00:04 targetEndTime = 02:51:31
11/16/2024 14:51:28 [Information] Stepper Motor Controller Disable Z Axis controls while moving to location.
11/16/2024 14:51:28 [Information] Time remaining: 00:00:04 targetEndTime = 02:51:31
11/16/2024 14:51:28 [Information] Stepper Motor Controller Disable Z Axis controls while moving to location.
11/16/2024 14:51:28 [Information] Time remaining: 00:00:04 targetEndTime = 02:51:31
11/16/2024 14:51:28 [Information] Stepper Motor Controller Disable Z Axis controls while moving to location.
11/16/2024 14:51:28 [Information] Time remaining: 00:00:04 targetEndTime = 02:51:31
11/16/2024 14:51:28 [Information] Stepper Motor Controller Disable Z Axis controls while moving to location.
11/16/2024 14:51:28 [Information] Time remaining: 00:00:04 targetEndTime = 02:51:31
11/16/2024 14:51:28 [Information] Stepper Motor Controller Disable Z Axis controls while moving to location.
11/16/2024 14:51:28 [Information] Time remaining: 00:00:04 targetEndTime = 02:51:31
11/16/2024 14:51:28 [Information] Stepper Motor Controller Disable Z Axis controls while moving to location.
11/16/2024 14:51:28 [Information] Time remaining: 00:00:04 targetEndTime = 02:51:31
11/16/2024 14:51:28 [Information] Stepper Motor Controller Disable Z Axis controls while moving to location.
11/16/2024 14:51:28 [Information] Time remaining: 00:00:05 targetEndTime = 02:51:31
11/16/2024 14:51:28 [Information] Stepper Motor Controller Disable Z Axis controls while moving to location.
11/16/2024 14:51:28 [Information] Time remaining: 00:00:05 targetEndTime = 02:51:31
11/16/2024 14:51:28 [Information] Stepper Motor Controller Disable Z Axis controls while moving to location.
11/16/2024 14:51:28 [Information] Time remaining: 00:00:05 targetEndTime = 02:51:31
11/16/2024 14:51:28 [Information] Stepper Motor Controller Disable Z Axis controls while moving to location.
11/16/2024 14:51:28 [Information] Time remaining: 00:00:05 targetEndTime = 02:51:31
11/16/2024 14:51:28 [Information] Stepper Motor Controller Disable Z Axis controls while moving to location.
11/16/2024 14:51:28 [Information] Time remaining: 00:00:05 targetEndTime = 02:51:31
11/16/2024 14:51:28 [Information] Stepper Motor Controller Disable Z Axis controls while moving to location.
11/16/2024 14:51:28 [Information] Time remaining: 00:00:05 targetEndTime = 02:51:31
11/16/2024 14:51:29 [Information] Stepper Motor Controller Disable Z Axis controls while moving to location.
11/16/2024 14:51:29 [Information] Time remaining: 00:00:05 targetEndTime = 02:51:31
11/16/2024 14:51:29 [Information] Stepper Motor Controller Disable Z Axis controls while moving to location.
11/16/2024 14:51:29 [Information] Time remaining: 00:00:05 targetEndTime = 02:51:31
11/16/2024 14:51:29 [Information] Stepper Motor Controller Disable Z Axis controls while moving to location.
11/16/2024 14:51:29 [Information] Time remaining: 00:00:05 targetEndTime = 02:51:31
11/16/2024 14:51:29 [Information] Stepper Motor Controller Disable Z Axis controls while moving to location.
11/16/2024 14:51:29 [Information] Time remaining: 00:00:05 targetEndTime = 02:51:31
11/16/2024 14:51:29 [Information] Stepper Motor Controller Disable Z Axis controls while moving to location.
11/16/2024 14:51:29 [Information] Time remaining: 00:00:05 targetEndTime = 02:51:31
11/16/2024 14:51:29 [Information] Stepper Motor Controller Disable Z Axis controls while moving to location.
11/16/2024 14:51:29 [Information] Time remaining: 00:00:05 targetEndTime = 02:51:31
11/16/2024 14:51:29 [Information] Stepper Motor Controller Disable Z Axis controls while moving to location.
11/16/2024 14:51:29 [Information] Time remaining: 00:00:05 targetEndTime = 02:51:31
11/16/2024 14:51:29 [Information] Stepper Motor Controller Disable Z Axis controls while moving to location.
11/16/2024 14:51:29 [Information] Time remaining: 00:00:05 targetEndTime = 02:51:31
11/16/2024 14:51:29 [Information] Stepper Motor Controller Disable Z Axis controls while moving to location.
11/16/2024 14:51:29 [Information] Time remaining: 00:00:05 targetEndTime = 02:51:31
11/16/2024 14:51:29 [Information] Stepper Motor Controller Disable Z Axis controls while moving to location.
11/16/2024 14:51:29 [Information] Time remaining: 00:00:05 targetEndTime = 02:51:31
11/16/2024 14:51:29 [Information] Stepper Motor Controller Disable Z Axis controls while moving to location.
11/16/2024 14:51:29 [Information] Time remaining: 00:00:05 targetEndTime = 02:51:31
11/16/2024 14:51:29 [Information] Stepper Motor Controller Disable Z Axis controls while moving to location.
11/16/2024 14:51:29 [Information] Time remaining: 00:00:05 targetEndTime = 02:51:31
11/16/2024 14:51:29 [Information] Stepper Motor Controller Disable Z Axis controls while moving to location.
11/16/2024 14:51:29 [Information] Time remaining: 00:00:05 targetEndTime = 02:51:31
11/16/2024 14:51:29 [Information] Stepper Motor Controller Disable Z Axis controls while moving to location.
11/16/2024 14:51:29 [Information] Time remaining: 00:00:05 targetEndTime = 02:51:31
11/16/2024 14:51:29 [Information] Stepper Motor Controller Disable Z Axis controls while moving to location.
11/16/2024 14:51:29 [Information] Time remaining: 00:00:05 targetEndTime = 02:51:31
11/16/2024 14:51:29 [Information] Stepper Motor Controller Disable Z Axis controls while moving to location.
11/16/2024 14:51:29 [Information] Time remaining: 00:00:05 targetEndTime = 02:51:31
11/16/2024 14:51:29 [Information] Stepper Motor Controller Disable Z Axis controls while moving to location.
11/16/2024 14:51:29 [Information] Time remaining: 00:00:05 targetEndTime = 02:51:31
11/16/2024 14:51:29 [Information] Stepper Motor Controller Disable Z Axis controls while moving to location.
11/16/2024 14:51:29 [Information] Time remaining: 00:00:05 targetEndTime = 02:51:31
11/16/2024 14:51:29 [Information] Stepper Motor Controller Disable Z Axis controls while moving to location.
11/16/2024 14:51:29 [Information] Time remaining: 00:00:05 targetEndTime = 02:51:31
11/16/2024 14:51:29 [Information] Stepper Motor Controller Disable Z Axis controls while moving to location.
11/16/2024 14:51:29 [Information] Time remaining: 00:00:05 targetEndTime = 02:51:31
11/16/2024 14:51:29 [Information] Stepper Motor Controller Disable Z Axis controls while moving to location.
11/16/2024 14:51:29 [Information] Time remaining: 00:00:05 targetEndTime = 02:51:31
11/16/2024 14:51:29 [Information] Stepper Motor Controller Disable Z Axis controls while moving to location.
11/16/2024 14:51:29 [Information] Time remaining: 00:00:05 targetEndTime = 02:51:31
11/16/2024 14:51:29 [Information] Stepper Motor Controller Disable Z Axis controls while moving to location.
11/16/2024 14:51:29 [Information] Time remaining: 00:00:05 targetEndTime = 02:51:31
11/16/2024 14:51:29 [Information] Stepper Motor Controller Disable Z Axis controls while moving to location.
11/16/2024 14:51:29 [Information] Time remaining: 00:00:05 targetEndTime = 02:51:31
11/16/2024 14:51:29 [Information] Stepper Motor Controller Disable Z Axis controls while moving to location.
11/16/2024 14:51:29 [Information] Time remaining: 00:00:05 targetEndTime = 02:51:31
11/16/2024 14:51:29 [Information] Stepper Motor Controller Disable Z Axis controls while moving to location.
11/16/2024 14:51:29 [Information] Time remaining: 00:00:05 targetEndTime = 02:51:31
11/16/2024 14:51:29 [Information] Stepper Motor Controller Disable Z Axis controls while moving to location.
11/16/2024 14:51:29 [Information] Time remaining: 00:00:05 targetEndTime = 02:51:31
11/16/2024 14:51:29 [Information] Stepper Motor Controller Disable Z Axis controls while moving to location.
11/16/2024 14:51:29 [Information] Time remaining: 00:00:05 targetEndTime = 02:51:31
11/16/2024 14:51:29 [Information] Stepper Motor Controller Disable Z Axis controls while moving to location.
11/16/2024 14:51:29 [Information] Time remaining: 00:00:05 targetEndTime = 02:51:31
11/16/2024 14:51:29 [Information] Stepper Motor Controller Disable Z Axis controls while moving to location.
11/16/2024 14:51:29 [Information] Time remaining: 00:00:05 targetEndTime = 02:51:31
11/16/2024 14:51:29 [Information] Stepper Motor Controller Disable Z Axis controls while moving to location.
11/16/2024 14:51:29 [Information] Time remaining: 00:00:05 targetEndTime = 02:51:31
11/16/2024 14:51:29 [Information] Stepper Motor Controller Disable Z Axis controls while moving to location.
11/16/2024 14:51:29 [Information] Time remaining: 00:00:05 targetEndTime = 02:51:31
11/16/2024 14:51:29 [Information] Stepper Motor Controller Disable Z Axis controls while moving to location.
11/16/2024 14:51:29 [Information] Time remaining: 00:00:05 targetEndTime = 02:51:31
11/16/2024 14:51:29 [Information] Stepper Motor Controller Disable Z Axis controls while moving to location.
11/16/2024 14:51:29 [Information] Time remaining: 00:00:05 targetEndTime = 02:51:31
11/16/2024 14:51:29 [Information] Stepper Motor Controller Disable Z Axis controls while moving to location.
11/16/2024 14:51:29 [Information] Time remaining: 00:00:05 targetEndTime = 02:51:31
11/16/2024 14:51:29 [Information] Stepper Motor Controller Disable Z Axis controls while moving to location.
11/16/2024 14:51:29 [Information] Time remaining: 00:00:05 targetEndTime = 02:51:31
11/16/2024 14:51:29 [Information] Stepper Motor Controller Disable Z Axis controls while moving to location.
11/16/2024 14:51:29 [Information] Time remaining: 00:00:05 targetEndTime = 02:51:31
11/16/2024 14:51:29 [Information] Stepper Motor Controller Disable Z Axis controls while moving to location.
11/16/2024 14:51:29 [Information] Time remaining: 00:00:05 targetEndTime = 02:51:31
11/16/2024 14:51:29 [Information] Stepper Motor Controller Disable Z Axis controls while moving to location.
11/16/2024 14:51:29 [Information] Time remaining: 00:00:05 targetEndTime = 02:51:31
11/16/2024 14:51:29 [Information] Stepper Motor Controller Disable Z Axis controls while moving to location.
11/16/2024 14:51:29 [Information] Time remaining: 00:00:06 targetEndTime = 02:51:31
11/16/2024 14:51:29 [Information] Stepper Motor Controller Disable Z Axis controls while moving to location.
11/16/2024 14:51:29 [Information] Time remaining: 00:00:06 targetEndTime = 02:51:31
11/16/2024 14:51:29 [Information] Stepper Motor Controller Disable Z Axis controls while moving to location.
11/16/2024 14:51:29 [Information] Time remaining: 00:00:06 targetEndTime = 02:51:31
11/16/2024 14:51:29 [Information] Stepper Motor Controller Disable Z Axis controls while moving to location.
11/16/2024 14:51:29 [Information] Time remaining: 00:00:06 targetEndTime = 02:51:31
11/16/2024 14:51:29 [Information] Stepper Motor Controller Disable Z Axis controls while moving to location.
11/16/2024 14:51:29 [Information] Time remaining: 00:00:06 targetEndTime = 02:51:31
11/16/2024 14:51:29 [Information] Stepper Motor Controller Disable Z Axis controls while moving to location.
11/16/2024 14:51:29 [Information] Time remaining: 00:00:06 targetEndTime = 02:51:31
11/16/2024 14:51:29 [Information] Stepper Motor Controller Disable Z Axis controls while moving to location.
11/16/2024 14:51:29 [Information] Time remaining: 00:00:06 targetEndTime = 02:51:31
11/16/2024 14:51:29 [Information] Stepper Motor Controller Disable Z Axis controls while moving to location.
11/16/2024 14:51:29 [Information] Time remaining: 00:00:06 targetEndTime = 02:51:31
11/16/2024 14:51:29 [Information] Stepper Motor Controller Disable Z Axis controls while moving to location.
11/16/2024 14:51:29 [Information] Time remaining: 00:00:06 targetEndTime = 02:51:31
11/16/2024 14:51:29 [Information] Stepper Motor Controller MainWindow Closing.
11/16/2024 14:51:29 [Information] Stepper Motor Controller Serial Ports closed.
11/16/2024 14:51:29 [Information] Properties Settings Saved.
11/16/2024 14:51:29 [Information] Properties Settings Form Closed.
11/16/2024 14:51:29 [Information] Stepper Motor Controller Form Closed.
