11/16/2024 13:07:11 [Information] Stepper Motor Controller Application Started.
11/16/2024 13:07:11 [Information] Version: 3.0.9086.23611 (11/16/2024 13:07:11)
11/16/2024 13:07:11 [Information] SerialPort COM7 not connected.
11/16/2024 13:07:11 [Information] SerialPort COM8 not connected.
11/16/2024 13:07:11 [Information] Stepper Motor Controller Application Started.
11/16/2024 13:07:11 [Information] Version: 3.0.9086.23611 (11/16/2024 13:07:11)
11/16/2024 13:07:11 [Information] Version: 3.1.0.23612 (11/16/2024 13:07:11)
11/16/2024 13:07:11 [Information] Version: 3.1.0.23612 (11/16/2024 13:07:11)
11/16/2024 13:07:11 [Information] Stepper Motor Controller Application Settings Window Opened.
11/16/2024 13:07:11 [Information] Stepper Motor Controller Application Settings form is rebuilt each and every time it is opened.
11/16/2024 13:07:11 [Information] int: 9600 BaudRate added to the Settings Form.
11/16/2024 13:07:11 [Information] bool: False ckbXaxisResetToZeroIsChecked added to the Settings Form.
11/16/2024 13:07:11 [Information] bool: False ckbYaxisResetToZeroIsChecked added to the Settings Form.
11/16/2024 13:07:11 [Information] bool: False ckbZaxisResetToZeroIsChecked added to the Settings Form.
11/16/2024 13:07:11 [Information] COM1: ComPort added to the Settings Form.
11/16/2024 13:07:11 [Information] COM2: ComPort added to the Settings Form.
11/16/2024 13:07:11 [Information] COM3: ComPort added to the Settings Form.
11/16/2024 13:07:11 [Information] COM4: ComPort added to the Settings Form.
11/16/2024 13:07:11 [Information] COM5: ComPort added to the Settings Form.
11/16/2024 13:07:11 [Information] COM6: ComPort added to the Settings Form.
11/16/2024 13:07:11 [Information] COM7: ComPort added to the Settings Form.
11/16/2024 13:07:11 [Information] COM8: ComPort added to the Settings Form.
11/16/2024 13:07:11 [Information] COM9: ComPort added to the Settings Form.
11/16/2024 13:07:11 [Information] COM10: ComPort added to the Settings Form.
11/16/2024 13:07:11 [Information] decimal: 4.00 Divider4_00 added to the Settings Form.
11/16/2024 13:07:11 [Information] decimal: 0.00 MathPart2Initlz added to the Settings Form.
11/16/2024 13:07:11 [Information] decimal: 1.00 MilisecondTimerInterval added to the Settings Form.
11/16/2024 13:07:11 [Information] decimal: 1000.00 MillisecondDelay added to the Settings Form.
11/16/2024 13:07:11 [Information] int: 1000 Milliseconds added to the Settings Form.
11/16/2024 13:07:11 [Information] int: 4 mmPerRevolution added to the Settings Form.
11/16/2024 13:07:11 [Information] int: 2000 ThreadSleep added to the Settings Form.
11/16/2024 13:07:11 [Information] decimal: 0.00 Value_0_00 added to the Settings Form.
11/16/2024 13:07:11 [Information] decimal: 50.00 XaxisAcceleration added to the Settings Form.
11/16/2024 13:07:11 [Information] bool: False XaxisChanged added to the Settings Form.
11/16/2024 13:07:11 [Information] decimal: 400.00 XaxisMotorSpeed added to the Settings Form.
11/16/2024 13:07:11 [Information] decimal: 0.00 XaxisStepperCurrent added to the Settings Form.
11/16/2024 13:07:11 [Information] decimal: 0.00 XaxisStepperMove added to the Settings Form.
11/16/2024 13:07:11 [Information] XCOM1: XComPort added to the Settings Form.
11/16/2024 13:07:11 [Information] XCOM2: XComPort added to the Settings Form.
11/16/2024 13:07:11 [Information] XCOM3: XComPort added to the Settings Form.
11/16/2024 13:07:11 [Information] XCOM4: XComPort added to the Settings Form.
11/16/2024 13:07:11 [Information] XCOM5: XComPort added to the Settings Form.
11/16/2024 13:07:11 [Information] XCOM6: XComPort added to the Settings Form.
11/16/2024 13:07:11 [Information] XCOM7: XComPort added to the Settings Form.
11/16/2024 13:07:11 [Information] XCOM8: XComPort added to the Settings Form.
11/16/2024 13:07:11 [Information] XCOM9: XComPort added to the Settings Form.
11/16/2024 13:07:11 [Information] XCOM10: XComPort added to the Settings Form.
11/16/2024 13:07:11 [Information] decimal: 50.00 YaxisAcceleration added to the Settings Form.
11/16/2024 13:07:11 [Information] bool: False YaxisChanged added to the Settings Form.
11/16/2024 13:07:11 [Information] decimal: 400.00 YaxisMotorSpeed added to the Settings Form.
11/16/2024 13:07:11 [Information] decimal: 0.00 YaxisStepperCurrent added to the Settings Form.
11/16/2024 13:07:11 [Information] decimal: 0.00 YaxisStepperMove added to the Settings Form.
11/16/2024 13:07:11 [Information] YCOM1: YComPort added to the Settings Form.
11/16/2024 13:07:11 [Information] YCOM2: YComPort added to the Settings Form.
11/16/2024 13:07:11 [Information] YCOM3: YComPort added to the Settings Form.
11/16/2024 13:07:11 [Information] YCOM4: YComPort added to the Settings Form.
11/16/2024 13:07:11 [Information] YCOM5: YComPort added to the Settings Form.
11/16/2024 13:07:11 [Information] YCOM6: YComPort added to the Settings Form.
11/16/2024 13:07:11 [Information] YCOM7: YComPort added to the Settings Form.
11/16/2024 13:07:11 [Information] YCOM8: YComPort added to the Settings Form.
11/16/2024 13:07:11 [Information] YCOM9: YComPort added to the Settings Form.
11/16/2024 13:07:11 [Information] YCOM10: YComPort added to the Settings Form.
11/16/2024 13:07:11 [Information] decimal: 50.00 ZaxisAcceleration added to the Settings Form.
11/16/2024 13:07:11 [Information] bool: False ZaxisChanged added to the Settings Form.
11/16/2024 13:07:11 [Information] decimal: 400.00 ZaxisMotorSpeed added to the Settings Form.
11/16/2024 13:07:11 [Information] decimal: 0.00 ZaxisStepperCurrent added to the Settings Form.
11/16/2024 13:07:11 [Information] decimal: 0.00 ZaxisStepperMove added to the Settings Form.
11/16/2024 13:07:11 [Information] ZCOM1: ZComPort added to the Settings Form.
11/16/2024 13:07:11 [Information] ZCOM2: ZComPort added to the Settings Form.
11/16/2024 13:07:11 [Information] ZCOM3: ZComPort added to the Settings Form.
11/16/2024 13:07:11 [Information] ZCOM4: ZComPort added to the Settings Form.
11/16/2024 13:07:11 [Information] ZCOM5: ZComPort added to the Settings Form.
11/16/2024 13:07:11 [Information] ZCOM6: ZComPort added to the Settings Form.
11/16/2024 13:07:11 [Information] ZCOM7: ZComPort added to the Settings Form.
11/16/2024 13:07:11 [Information] ZCOM8: ZComPort added to the Settings Form.
11/16/2024 13:07:11 [Information] ZCOM9: ZComPort added to the Settings Form.
11/16/2024 13:07:11 [Information] ZCOM10: ZComPort added to the Settings Form.
11/16/2024 13:07:11 [Information] int: 0 zeroXaxis added to the Settings Form.
11/16/2024 13:07:11 [Information] int: 0 zeroYaxis added to the Settings Form.
11/16/2024 13:07:11 [Information] int: 0 zeroZaxis added to the Settings Form.
11/16/2024 13:07:12 [Information] Stepper Motor Controller MainWindow loaded
11/16/2024 13:07:12 [Information] Set MainWindow Media Brushes to White.
11/16/2024 13:07:19 [Information] Z Axis mouse controlled Keypad returned: 64.00
11/16/2024 13:07:20 [Information] Z Axis Run button clicked:
11/16/2024 13:07:20 [Information] Z Axis MotorMovementSeconds decimal: (64.00 / 4) / 2 = 8.00
11/16/2024 13:07:21 [Information] Z Axis Run Event: Z,0.00,400.00,0,0.00,400.00,0,64.00,400.00,0
11/16/2024 13:07:21 [Information] Z Axis Current Time: 01:07:21 + 8000 = 01:07:29
11/16/2024 13:07:21 [Information] Stepper Motor Controller Disable Z Axis controls while moving to location.
11/16/2024 13:07:21 [Information] Time remaining: 00:00:00 targetEndTime = 01:07:29
11/16/2024 13:07:21 [Information] Z Axis Data Received: ????????????????????????????????????????????????????????????????se
11/16/2024 13:07:24 [Information] Z Axis Data Received: rialData: Z,0.00,400.00,0,0.00,400.00,0,64.00,400.00,0
Z Axis CCW STOPPED

11/16/2024 13:07:26 [Information] Updated X,Y Zero.IsChecked status to 0 and Z Zero.IsChecked status to 1.
11/16/2024 13:07:31 [Information] Z Axis Run button clicked:
11/16/2024 13:07:31 [Information] Z Axis Run Event to reset Axis to zero: Z,0.00,400.00,0,0.00,400.00,0,0.00,400.00,1
11/16/2024 13:07:31 [Information] Setting Z Axis Current Location Set to Zero on DRO
11/16/2024 13:07:32 [Information] Updated X,Y,Z Zero.IsChecked status to 0.
11/16/2024 13:07:32 [Information] Z Axis Data Received: s
11/16/2024 13:07:34 [Information] Z Axis Data Received: erialData: Z,0.00,400.00,0,0.00,400.00,0,0.00,400.00,1
ESP 32 Board Reset.

11/16/2024 13:07:37 [Information] Z Axis Data Received: ?
11/16/2024 13:07:38 [Information] Z Axis Current Location Set to Zero
11/16/2024 13:07:48 [Information] Z Axis mouse controlled Keypad returned: 64.00
11/16/2024 13:07:49 [Information] Z Axis Run button clicked:
11/16/2024 13:07:49 [Information] Z Axis MotorMovementSeconds decimal: (64.00 / 4) / 2 = 8.00
11/16/2024 13:07:50 [Information] Z Axis Run Event: Z,0.00,400.00,0,0.00,400.00,0,64.00,400.00,0
11/16/2024 13:07:50 [Information] Z Axis Current Time: 01:07:50 + 8000 = 01:07:58
11/16/2024 13:07:50 [Information] Stepper Motor Controller Disable Z Axis controls while moving to location.
11/16/2024 13:07:50 [Information] Time remaining: 00:00:05 targetEndTime = 01:07:58
11/16/2024 13:07:50 [Information] Stepper Motor Controller Disable Z Axis controls while moving to location.
11/16/2024 13:07:50 [Information] Time remaining: 00:00:05 targetEndTime = 01:07:58
11/16/2024 13:07:50 [Information] Z Axis Data Received: s
11/16/2024 13:07:58 [Information] Z Axis Data Received: erialData: Z,0.00,400.00,0,0.00,400.00,0,64.00,400.00,0
Z Axis CCW STOPPED

11/16/2024 13:08:04 [Information] Updated X,Y Zero.IsChecked status to 0 and Z Zero.IsChecked status to 1.
11/16/2024 13:08:09 [Information] Z Axis Run button clicked:
11/16/2024 13:08:09 [Information] Z Axis Run Event to reset Axis to zero: Z,0.00,400.00,0,0.00,400.00,0,0.00,400.00,1
11/16/2024 13:08:09 [Information] Setting Z Axis Current Location Set to Zero on DRO
11/16/2024 13:08:10 [Information] Updated X,Y,Z Zero.IsChecked status to 0.
11/16/2024 13:08:10 [Information] Z Axis Current Location Set to Zero
11/16/2024 13:08:10 [Information] Z Axis Data Received: ????????????????????????????????????????????????????????????????e
11/16/2024 13:08:15 [Information] Z Axis Data Received: rialData: Z,0.00,400.00,0,0.00,400.00,0,0.00,400.00,1
ESP 32 Board Reset.
?
11/16/2024 13:08:30 [Information] Stepper Motor Controller MainWindow Closing.
11/16/2024 13:08:30 [Information] Stepper Motor Controller Serial Ports closed.
11/16/2024 13:08:30 [Information] Properties Settings Saved.
11/16/2024 13:08:30 [Information] Properties Settings Form Closed.
11/16/2024 13:08:30 [Information] Stepper Motor Controller Form Closed.
