11/17/2024 10:58:13 [Information] Stepper Motor Controller Application Started.
11/17/2024 10:58:13 [Information] Version: 3.0.9087.19742 (11/17/2024 10:58:13)
11/17/2024 10:58:13 [Information] SerialPort COM7 not connected.
11/17/2024 10:58:13 [Information] SerialPort COM8 not connected.
11/17/2024 10:58:13 [Information] Stepper Motor Controller Application Started.
11/17/2024 10:58:13 [Information] Version: 3.0.9087.19742 (11/17/2024 10:58:13)
11/17/2024 10:58:13 [Information] Version: 3.1.0.19743 (11/17/2024 10:58:13)
11/17/2024 10:58:13 [Information] Version: 3.1.0.19743 (11/17/2024 10:58:13)
11/17/2024 10:58:13 [Information] Stepper Motor Controller Application Settings Window Opened.
11/17/2024 10:58:13 [Information] Stepper Motor Controller Application Settings form is rebuilt each and every time it is opened.
11/17/2024 10:58:13 [Information] int: 9600 BaudRate added to the Settings Form.
11/17/2024 10:58:13 [Information] bool: False ckbXaxisResetToZeroIsChecked added to the Settings Form.
11/17/2024 10:58:13 [Information] bool: False ckbYaxisResetToZeroIsChecked added to the Settings Form.
11/17/2024 10:58:13 [Information] bool: False ckbZaxisResetToZeroIsChecked added to the Settings Form.
11/17/2024 10:58:13 [Information] COM1: ComPort added to the Settings Form.
11/17/2024 10:58:13 [Information] COM2: ComPort added to the Settings Form.
11/17/2024 10:58:13 [Information] COM3: ComPort added to the Settings Form.
11/17/2024 10:58:13 [Information] COM4: ComPort added to the Settings Form.
11/17/2024 10:58:13 [Information] COM5: ComPort added to the Settings Form.
11/17/2024 10:58:13 [Information] COM6: ComPort added to the Settings Form.
11/17/2024 10:58:13 [Information] COM7: ComPort added to the Settings Form.
11/17/2024 10:58:13 [Information] COM8: ComPort added to the Settings Form.
11/17/2024 10:58:13 [Information] COM9: ComPort added to the Settings Form.
11/17/2024 10:58:13 [Information] COM10: ComPort added to the Settings Form.
11/17/2024 10:58:13 [Information] decimal: 4.00 Divider4_00 added to the Settings Form.
11/17/2024 10:58:13 [Information] decimal: 0.00 MathPart2Initlz added to the Settings Form.
11/17/2024 10:58:13 [Information] decimal: 1.00 MilisecondTimerInterval added to the Settings Form.
11/17/2024 10:58:13 [Information] decimal: 1000.00 MillisecondDelay added to the Settings Form.
11/17/2024 10:58:13 [Information] int: 1000 Milliseconds added to the Settings Form.
11/17/2024 10:58:13 [Information] int: 4 mmPerRevolution added to the Settings Form.
11/17/2024 10:58:13 [Information] int: 2000 ThreadSleep added to the Settings Form.
11/17/2024 10:58:13 [Information] decimal: 0.00 Value_0_00 added to the Settings Form.
11/17/2024 10:58:13 [Information] decimal: 50.00 XaxisAcceleration added to the Settings Form.
11/17/2024 10:58:13 [Information] bool: False XaxisChanged added to the Settings Form.
11/17/2024 10:58:13 [Information] decimal: 400.00 XaxisMotorSpeed added to the Settings Form.
11/17/2024 10:58:13 [Information] decimal: 0.00 XaxisStepperCurrent added to the Settings Form.
11/17/2024 10:58:13 [Information] decimal: 0.00 XaxisStepperMove added to the Settings Form.
11/17/2024 10:58:13 [Information] XCOM1: XComPort added to the Settings Form.
11/17/2024 10:58:13 [Information] XCOM2: XComPort added to the Settings Form.
11/17/2024 10:58:13 [Information] XCOM3: XComPort added to the Settings Form.
11/17/2024 10:58:13 [Information] XCOM4: XComPort added to the Settings Form.
11/17/2024 10:58:13 [Information] XCOM5: XComPort added to the Settings Form.
11/17/2024 10:58:13 [Information] XCOM6: XComPort added to the Settings Form.
11/17/2024 10:58:13 [Information] XCOM7: XComPort added to the Settings Form.
11/17/2024 10:58:13 [Information] XCOM8: XComPort added to the Settings Form.
11/17/2024 10:58:13 [Information] XCOM9: XComPort added to the Settings Form.
11/17/2024 10:58:13 [Information] XCOM10: XComPort added to the Settings Form.
11/17/2024 10:58:13 [Information] decimal: 50.00 YaxisAcceleration added to the Settings Form.
11/17/2024 10:58:13 [Information] bool: False YaxisChanged added to the Settings Form.
11/17/2024 10:58:13 [Information] decimal: 400.00 YaxisMotorSpeed added to the Settings Form.
11/17/2024 10:58:13 [Information] decimal: 0.00 YaxisStepperCurrent added to the Settings Form.
11/17/2024 10:58:13 [Information] decimal: 0.00 YaxisStepperMove added to the Settings Form.
11/17/2024 10:58:13 [Information] YCOM1: YComPort added to the Settings Form.
11/17/2024 10:58:13 [Information] YCOM2: YComPort added to the Settings Form.
11/17/2024 10:58:13 [Information] YCOM3: YComPort added to the Settings Form.
11/17/2024 10:58:13 [Information] YCOM4: YComPort added to the Settings Form.
11/17/2024 10:58:13 [Information] YCOM5: YComPort added to the Settings Form.
11/17/2024 10:58:13 [Information] YCOM6: YComPort added to the Settings Form.
11/17/2024 10:58:13 [Information] YCOM7: YComPort added to the Settings Form.
11/17/2024 10:58:13 [Information] YCOM8: YComPort added to the Settings Form.
11/17/2024 10:58:13 [Information] YCOM9: YComPort added to the Settings Form.
11/17/2024 10:58:13 [Information] YCOM10: YComPort added to the Settings Form.
11/17/2024 10:58:13 [Information] decimal: 50.00 ZaxisAcceleration added to the Settings Form.
11/17/2024 10:58:13 [Information] bool: False ZaxisChanged added to the Settings Form.
11/17/2024 10:58:13 [Information] decimal: 400.00 ZaxisMotorSpeed added to the Settings Form.
11/17/2024 10:58:13 [Information] decimal: 0.00 ZaxisStepperCurrent added to the Settings Form.
11/17/2024 10:58:13 [Information] decimal: 0.00 ZaxisStepperMove added to the Settings Form.
11/17/2024 10:58:13 [Information] ZCOM1: ZComPort added to the Settings Form.
11/17/2024 10:58:13 [Information] ZCOM2: ZComPort added to the Settings Form.
11/17/2024 10:58:13 [Information] ZCOM3: ZComPort added to the Settings Form.
11/17/2024 10:58:13 [Information] ZCOM4: ZComPort added to the Settings Form.
11/17/2024 10:58:13 [Information] ZCOM5: ZComPort added to the Settings Form.
11/17/2024 10:58:13 [Information] ZCOM6: ZComPort added to the Settings Form.
11/17/2024 10:58:13 [Information] ZCOM7: ZComPort added to the Settings Form.
11/17/2024 10:58:13 [Information] ZCOM8: ZComPort added to the Settings Form.
11/17/2024 10:58:13 [Information] ZCOM9: ZComPort added to the Settings Form.
11/17/2024 10:58:13 [Information] ZCOM10: ZComPort added to the Settings Form.
11/17/2024 10:58:13 [Information] int: 0 zeroXaxis added to the Settings Form.
11/17/2024 10:58:13 [Information] int: 0 zeroYaxis added to the Settings Form.
11/17/2024 10:58:13 [Information] int: 0 zeroZaxis added to the Settings Form.
11/17/2024 10:58:14 [Information] Stepper Motor Controller MainWindow loaded
11/17/2024 10:58:14 [Information] Set MainWindow Media Brushes to White.
11/17/2024 10:58:21 [Information] Z Axis mouse controlled Keypad returned: 32.00
11/17/2024 10:58:24 [Information] Z Axis Run button clicked:
11/17/2024 10:58:24 [Information] Z Axis MotorMovementSeconds decimal: (32.00 / 4) / 2 = 4.00
11/17/2024 10:58:25 [Information] Z Axis Run Event: Z,0.00,400.00,0,0.00,400.00,0,32.00,400.00,0
11/17/2024 10:58:25 [Information] Z Axis Current Time: 10:58:25 + 4000 = 10:58:29
11/17/2024 10:58:25 [Information] Stepper Motor Controller Disable Z Axis controls while moving to location.
11/17/2024 10:58:25 [Information] Time remaining: 00:00:00 targetEndTime = 10:58:29
11/17/2024 10:58:25 [Information] Stepper Motor Controller Disable Z Axis controls while moving to location.
11/17/2024 10:58:25 [Information] Time remaining: 00:00:00 targetEndTime = 10:58:29
11/17/2024 10:58:25 [Information] Stepper Motor Controller Disable Z Axis controls while moving to location.
11/17/2024 10:58:25 [Information] Time remaining: 00:00:00 targetEndTime = 10:58:29
11/17/2024 10:58:26 [Information] Stepper Motor Controller Disable Z Axis controls while moving to location.
11/17/2024 10:58:26 [Information] Time remaining: 00:00:00 targetEndTime = 10:58:29
11/17/2024 10:58:26 [Information] Z Axis Data Received: rialData: Z,0.00,400.00,0,0.00,400.00,0,32.00,400.00,0

11/17/2024 10:58:26 [Information] Stepper Motor Controller Disable Z Axis controls while moving to location.
11/17/2024 10:58:26 [Information] Time remaining: 00:00:00 targetEndTime = 10:58:29
11/17/2024 10:58:26 [Information] Stepper Motor Controller Disable Z Axis controls while moving to location.
11/17/2024 10:58:26 [Information] Time remaining: 00:00:00 targetEndTime = 10:58:29
11/17/2024 10:58:26 [Information] Stepper Motor Controller Disable Z Axis controls while moving to location.
11/17/2024 10:58:26 [Information] Time remaining: 00:00:00 targetEndTime = 10:58:29
11/17/2024 10:58:26 [Information] Stepper Motor Controller Disable Z Axis controls while moving to location.
11/17/2024 10:58:26 [Information] Time remaining: 00:00:00 targetEndTime = 10:58:29
11/17/2024 10:58:26 [Information] Stepper Motor Controller Disable Z Axis controls while moving to location.
11/17/2024 10:58:26 [Information] Time remaining: 00:00:00 targetEndTime = 10:58:29
11/17/2024 10:58:26 [Information] Stepper Motor Controller Disable Z Axis controls while moving to location.
11/17/2024 10:58:26 [Information] Time remaining: 00:00:00 targetEndTime = 10:58:29
11/17/2024 10:58:26 [Information] Stepper Motor Controller Disable Z Axis controls while moving to location.
11/17/2024 10:58:26 [Information] Time remaining: 00:00:00 targetEndTime = 10:58:29
11/17/2024 10:58:26 [Information] Stepper Motor Controller Disable Z Axis controls while moving to location.
11/17/2024 10:58:26 [Information] Time remaining: 00:00:00 targetEndTime = 10:58:29
11/17/2024 10:58:26 [Information] Stepper Motor Controller Disable Z Axis controls while moving to location.
11/17/2024 10:58:26 [Information] Time remaining: 00:00:00 targetEndTime = 10:58:29
11/17/2024 10:58:26 [Information] Stepper Motor Controller Disable Z Axis controls while moving to location.
11/17/2024 10:58:26 [Information] Time remaining: 00:00:00 targetEndTime = 10:58:29
11/17/2024 10:58:26 [Information] Stepper Motor Controller Disable Z Axis controls while moving to location.
11/17/2024 10:58:26 [Information] Time remaining: 00:00:00 targetEndTime = 10:58:29
11/17/2024 10:58:26 [Information] Stepper Motor Controller Disable Z Axis controls while moving to location.
11/17/2024 10:58:26 [Information] Time remaining: 00:00:00 targetEndTime = 10:58:29
11/17/2024 10:58:26 [Information] Stepper Motor Controller Disable Z Axis controls while moving to location.
11/17/2024 10:58:26 [Information] Time remaining: 00:00:00 targetEndTime = 10:58:29
11/17/2024 10:58:26 [Information] Stepper Motor Controller Disable Z Axis controls while moving to location.
11/17/2024 10:58:26 [Information] Time remaining: 00:00:00 targetEndTime = 10:58:29
11/17/2024 10:58:26 [Information] Stepper Motor Controller Disable Z Axis controls while moving to location.
11/17/2024 10:58:26 [Information] Time remaining: 00:00:00 targetEndTime = 10:58:29
11/17/2024 10:58:26 [Information] Stepper Motor Controller Disable Z Axis controls while moving to location.
11/17/2024 10:58:26 [Information] Time remaining: 00:00:00 targetEndTime = 10:58:29
11/17/2024 10:58:26 [Information] Stepper Motor Controller Disable Z Axis controls while moving to location.
11/17/2024 10:58:26 [Information] Time remaining: 00:00:00 targetEndTime = 10:58:29
11/17/2024 10:58:26 [Information] Stepper Motor Controller Disable Z Axis controls while moving to location.
11/17/2024 10:58:26 [Information] Time remaining: 00:00:00 targetEndTime = 10:58:29
11/17/2024 10:58:26 [Information] Stepper Motor Controller Disable Z Axis controls while moving to location.
11/17/2024 10:58:26 [Information] Time remaining: 00:00:00 targetEndTime = 10:58:29
11/17/2024 10:58:26 [Information] Stepper Motor Controller Disable Z Axis controls while moving to location.
11/17/2024 10:58:26 [Information] Time remaining: 00:00:00 targetEndTime = 10:58:29
11/17/2024 10:58:26 [Information] Stepper Motor Controller Disable Z Axis controls while moving to location.
11/17/2024 10:58:26 [Information] Time remaining: 00:00:00 targetEndTime = 10:58:29
11/17/2024 10:58:26 [Information] Stepper Motor Controller Disable Z Axis controls while moving to location.
11/17/2024 10:58:26 [Information] Time remaining: 00:00:00 targetEndTime = 10:58:29
11/17/2024 10:58:26 [Information] Stepper Motor Controller Disable Z Axis controls while moving to location.
11/17/2024 10:58:26 [Information] Time remaining: 00:00:00 targetEndTime = 10:58:29
11/17/2024 10:58:26 [Information] Stepper Motor Controller Disable Z Axis controls while moving to location.
11/17/2024 10:58:26 [Information] Time remaining: 00:00:00 targetEndTime = 10:58:29
11/17/2024 10:58:26 [Information] Stepper Motor Controller Disable Z Axis controls while moving to location.
11/17/2024 10:58:26 [Information] Time remaining: 00:00:00 targetEndTime = 10:58:29
11/17/2024 10:58:26 [Information] Stepper Motor Controller Disable Z Axis controls while moving to location.
11/17/2024 10:58:26 [Information] Time remaining: 00:00:00 targetEndTime = 10:58:29
11/17/2024 10:58:26 [Information] Stepper Motor Controller Disable Z Axis controls while moving to location.
11/17/2024 10:58:26 [Information] Time remaining: 00:00:00 targetEndTime = 10:58:29
11/17/2024 10:58:26 [Information] Stepper Motor Controller Disable Z Axis controls while moving to location.
11/17/2024 10:58:26 [Information] Time remaining: 00:00:00 targetEndTime = 10:58:29
11/17/2024 10:58:26 [Information] Stepper Motor Controller Disable Z Axis controls while moving to location.
11/17/2024 10:58:26 [Information] Time remaining: 00:00:00 targetEndTime = 10:58:29
11/17/2024 10:58:26 [Information] Stepper Motor Controller Disable Z Axis controls while moving to location.
11/17/2024 10:58:26 [Information] Time remaining: 00:00:00 targetEndTime = 10:58:29
11/17/2024 10:58:26 [Information] Stepper Motor Controller Disable Z Axis controls while moving to location.
11/17/2024 10:58:26 [Information] Time remaining: 00:00:00 targetEndTime = 10:58:29
11/17/2024 10:58:26 [Information] Stepper Motor Controller Disable Z Axis controls while moving to location.
11/17/2024 10:58:26 [Information] Time remaining: 00:00:00 targetEndTime = 10:58:29
11/17/2024 10:58:26 [Information] Stepper Motor Controller Disable Z Axis controls while moving to location.
11/17/2024 10:58:26 [Information] Time remaining: 00:00:00 targetEndTime = 10:58:29
11/17/2024 10:58:26 [Information] Stepper Motor Controller Disable Z Axis controls while moving to location.
11/17/2024 10:58:26 [Information] Time remaining: 00:00:00 targetEndTime = 10:58:29
11/17/2024 10:58:26 [Information] Stepper Motor Controller Disable Z Axis controls while moving to location.
11/17/2024 10:58:26 [Information] Time remaining: 00:00:00 targetEndTime = 10:58:29
11/17/2024 10:58:26 [Information] Stepper Motor Controller Disable Z Axis controls while moving to location.
11/17/2024 10:58:26 [Information] Time remaining: 00:00:00 targetEndTime = 10:58:29
11/17/2024 10:58:26 [Information] Stepper Motor Controller Disable Z Axis controls while moving to location.
11/17/2024 10:58:26 [Information] Time remaining: 00:00:00 targetEndTime = 10:58:29
11/17/2024 10:58:26 [Information] Stepper Motor Controller Disable Z Axis controls while moving to location.
11/17/2024 10:58:26 [Information] Time remaining: 00:00:00 targetEndTime = 10:58:29
11/17/2024 10:58:26 [Information] Stepper Motor Controller Disable Z Axis controls while moving to location.
11/17/2024 10:58:26 [Information] Time remaining: 00:00:00 targetEndTime = 10:58:29
11/17/2024 10:58:26 [Information] Stepper Motor Controller Disable Z Axis controls while moving to location.
11/17/2024 10:58:26 [Information] Time remaining: 00:00:01 targetEndTime = 10:58:29
11/17/2024 10:58:26 [Information] Stepper Motor Controller Disable Z Axis controls while moving to location.
11/17/2024 10:58:26 [Information] Time remaining: 00:00:01 targetEndTime = 10:58:29
11/17/2024 10:58:26 [Information] Stepper Motor Controller Disable Z Axis controls while moving to location.
11/17/2024 10:58:26 [Information] Time remaining: 00:00:01 targetEndTime = 10:58:29
11/17/2024 10:58:27 [Information] Stepper Motor Controller Disable Z Axis controls while moving to location.
11/17/2024 10:58:27 [Information] Time remaining: 00:00:01 targetEndTime = 10:58:29
11/17/2024 10:58:27 [Information] Stepper Motor Controller Disable Z Axis controls while moving to location.
11/17/2024 10:58:27 [Information] Time remaining: 00:00:01 targetEndTime = 10:58:29
11/17/2024 10:58:27 [Information] Z Axis Data Received: Z
11/17/2024 10:58:27 [Information] Z Axis Data Received:  
11/17/2024 10:58:27 [Information] Z Axis Data Received: A
11/17/2024 10:58:27 [Information] Z Axis Data Received: x
11/17/2024 10:58:27 [Information] Z Axis Data Received: i
11/17/2024 10:58:27 [Information] Z Axis Data Received: s
11/17/2024 10:58:27 [Information] Z Axis Data Received:  
11/17/2024 10:58:27 [Information] Z Axis Data Received: C
11/17/2024 10:58:27 [Information] Z Axis Data Received: C
11/17/2024 10:58:27 [Information] Stepper Motor Controller Disable Z Axis controls while moving to location.
11/17/2024 10:58:27 [Information] Time remaining: 00:00:01 targetEndTime = 10:58:29
11/17/2024 10:58:27 [Information] Z Axis Data Received: W
11/17/2024 10:58:27 [Information] Z Axis Data Received:  
11/17/2024 10:58:27 [Information] Z Axis Data Received: S
11/17/2024 10:58:27 [Information] Z Axis Data Received: T
11/17/2024 10:58:27 [Information] Z Axis Data Received: O
11/17/2024 10:58:27 [Information] Z Axis Data Received: P
11/17/2024 10:58:27 [Information] Z Axis Data Received: P
11/17/2024 10:58:27 [Information] Z Axis Data Received: E
11/17/2024 10:58:27 [Information] Z Axis Data Received: D
11/17/2024 10:58:27 [Information] Z Axis Data Received: 
11/17/2024 10:58:27 [Information] Z Axis Data Received: 

11/17/2024 10:58:27 [Information] Z Axis Data Received: Z
11/17/2024 10:58:27 [Information] Z Axis Data Received:  
11/17/2024 10:58:27 [Information] Z Axis Data Received: A
11/17/2024 10:58:27 [Information] Stepper Motor Controller Disable Z Axis controls while moving to location.
11/17/2024 10:58:27 [Information] Time remaining: 00:00:01 targetEndTime = 10:58:29
11/17/2024 10:58:27 [Information] Z Axis Data Received: is CCW Motor Current Position:  365
Z Axis CCW STOPPED

11/17/2024 10:58:27 [Information] Limit Switch Pressed
11/17/2024 10:58:27 [Information] Stepper Motor Controller Timer Stopped.
11/17/2024 10:58:27 [Information] Stepper Motor Controller Stopwatch Reset.
11/17/2024 10:58:27 [Information] Z Axis Data Received: Z Axis
11/17/2024 10:58:27 [Information] Z Axis Data Received:  
11/17/2024 10:58:27 [Information] Z Axis Data Received: C
11/17/2024 10:58:27 [Information] Z Axis Data Received: C
11/17/2024 10:58:27 [Information] Z Axis Data Received: W
11/17/2024 10:58:27 [Information] Z Axis Data Received:  
11/17/2024 10:58:27 [Information] Z Axis Data Received: M
11/17/2024 10:58:27 [Information] Z Axis Data Received: o
11/17/2024 10:58:27 [Information] Z Axis Data Received: t
11/17/2024 10:58:27 [Information] Z Axis Data Received: o
11/17/2024 10:58:27 [Information] Z Axis Data Received: r
11/17/2024 10:58:27 [Information] Z Axis Data Received:  
11/17/2024 10:58:27 [Information] Z Axis Data Received: C
11/17/2024 10:58:27 [Information] Z Axis Data Received: u
11/17/2024 10:58:27 [Information] Z Axis Data Received: r
11/17/2024 10:58:27 [Information] Z Axis Data Received: r
11/17/2024 10:58:27 [Information] Z Axis Data Received: e
11/17/2024 10:58:27 [Information] Z Axis Data Received: n
11/17/2024 10:58:27 [Information] Z Axis Data Received: t
11/17/2024 10:58:27 [Information] Z Axis Data Received:  
11/17/2024 10:58:27 [Information] Z Axis Data Received: P
11/17/2024 10:58:27 [Information] Z Axis Data Received: o
11/17/2024 10:58:27 [Information] Z Axis Data Received: s
11/17/2024 10:58:27 [Information] Z Axis Data Received: i
11/17/2024 10:58:27 [Information] Z Axis Data Received: t
11/17/2024 10:58:27 [Information] Z Axis Data Received: i
11/17/2024 10:58:27 [Information] Z Axis Data Received: o
11/17/2024 10:58:27 [Information] Z Axis Data Received: n
11/17/2024 10:58:27 [Information] Z Axis Data Received: :
11/17/2024 10:58:27 [Information] Z Axis Data Received:  
11/17/2024 10:58:27 [Information] Z Axis Data Received:  
11/17/2024 10:58:27 [Information] Z Axis Data Received: 3
11/17/2024 10:58:27 [Information] Z Axis Data Received: 6
11/17/2024 10:58:27 [Information] Z Axis Data Received: 5
11/17/2024 10:58:27 [Information] Z Axis Data Received: 
11/17/2024 10:58:27 [Information] Z Axis Data Received: 

11/17/2024 10:58:27 [Information] Z Axis Data Received: Z
11/17/2024 10:58:27 [Information] Z Axis Data Received:  
11/17/2024 10:58:27 [Information] Z Axis Data Received: A
11/17/2024 10:58:27 [Information] Z Axis Data Received: x
11/17/2024 10:58:27 [Information] Z Axis Data Received: i
11/17/2024 10:58:27 [Information] Z Axis Data Received: s
11/17/2024 10:58:27 [Information] Z Axis Data Received:  
11/17/2024 10:58:27 [Information] Z Axis Data Received: C
11/17/2024 10:58:27 [Information] Z Axis Data Received: C
11/17/2024 10:58:27 [Information] Z Axis Data Received: W
11/17/2024 10:58:27 [Information] Z Axis Data Received:  
11/17/2024 10:58:27 [Information] Z Axis Data Received: S
11/17/2024 10:58:27 [Information] Z Axis Data Received: T
11/17/2024 10:58:27 [Information] Z Axis Data Received: O
11/17/2024 10:58:27 [Information] Z Axis Data Received: P
11/17/2024 10:58:27 [Information] Z Axis Data Received: P
11/17/2024 10:58:27 [Information] Z Axis Data Received: E
11/17/2024 10:58:27 [Information] Z Axis Data Received: D
11/17/2024 10:58:27 [Information] Z Axis Data Received: 
11/17/2024 10:58:27 [Information] Z Axis Data Received: 

11/17/2024 10:58:27 [Information] Z Axis Data Received: Z
11/17/2024 10:58:27 [Information] Z Axis Data Received:  
11/17/2024 10:58:27 [Information] Z Axis Data Received: A
11/17/2024 10:58:27 [Information] Z Axis Data Received: x
11/17/2024 10:58:27 [Information] Z Axis Data Received: i
11/17/2024 10:58:27 [Information] Z Axis Data Received: s
11/17/2024 10:58:27 [Information] Z Axis Data Received:  
11/17/2024 10:58:27 [Information] Z Axis Data Received: C
11/17/2024 10:58:27 [Information] Z Axis Data Received: C
11/17/2024 10:58:27 [Information] Z Axis Data Received: W
11/17/2024 10:58:27 [Information] Z Axis Data Received:  
11/17/2024 10:58:27 [Information] Z Axis Data Received: M
11/17/2024 10:58:27 [Information] Z Axis Data Received: o
11/17/2024 10:58:27 [Information] Z Axis Data Received: t
11/17/2024 10:58:27 [Information] Z Axis Data Received: o
11/17/2024 10:58:27 [Information] Z Axis Data Received: r
11/17/2024 10:58:27 [Information] Z Axis Data Received:  
11/17/2024 10:58:27 [Information] Z Axis Data Received: C
11/17/2024 10:58:27 [Information] Z Axis Data Received: u
11/17/2024 10:58:27 [Information] Z Axis Data Received: r
11/17/2024 10:58:27 [Information] Z Axis Data Received: r
11/17/2024 10:58:27 [Information] Z Axis Data Received: e
11/17/2024 10:58:27 [Information] Z Axis Data Received: n
11/17/2024 10:58:27 [Information] Z Axis Data Received: t
11/17/2024 10:58:27 [Information] Z Axis Data Received:  
11/17/2024 10:58:27 [Information] Z Axis Data Received: P
11/17/2024 10:58:27 [Information] Z Axis Data Received: o
11/17/2024 10:58:27 [Information] Z Axis Data Received: s
11/17/2024 10:58:27 [Information] Z Axis Data Received: i
11/17/2024 10:58:27 [Information] Z Axis Data Received: t
11/17/2024 10:58:27 [Information] Z Axis Data Received: i
11/17/2024 10:58:27 [Information] Z Axis Data Received: o
11/17/2024 10:58:27 [Information] Z Axis Data Received: n
11/17/2024 10:58:27 [Information] Z Axis Data Received: :
11/17/2024 10:58:27 [Information] Z Axis Data Received:  
11/17/2024 10:58:27 [Information] Z Axis Data Received:  
11/17/2024 10:58:27 [Information] Z Axis Data Received: 3
11/17/2024 10:58:27 [Information] Z Axis Data Received: 6
11/17/2024 10:58:27 [Information] Z Axis Data Received: 5
11/17/2024 10:58:27 [Information] Z Axis Data Received: 
11/17/2024 10:58:27 [Information] Z Axis Data Received: 

11/17/2024 10:58:27 [Information] Z Axis Data Received: Z
11/17/2024 10:58:27 [Information] Z Axis Data Received:  
11/17/2024 10:58:27 [Information] Z Axis Data Received: A
11/17/2024 10:58:27 [Information] Z Axis Data Received: x
11/17/2024 10:58:27 [Information] Z Axis Data Received: i
11/17/2024 10:58:27 [Information] Z Axis Data Received: s
11/17/2024 10:58:27 [Information] Z Axis Data Received:  
11/17/2024 10:58:27 [Information] Z Axis Data Received: C
11/17/2024 10:58:27 [Information] Z Axis Data Received: C
11/17/2024 10:58:27 [Information] Z Axis Data Received: W
11/17/2024 10:58:27 [Information] Z Axis Data Received:  
11/17/2024 10:58:27 [Information] Z Axis Data Received: S
11/17/2024 10:58:27 [Information] Z Axis Data Received: T
11/17/2024 10:58:27 [Information] Z Axis Data Received: O
11/17/2024 10:58:27 [Information] Z Axis Data Received: P
11/17/2024 10:58:27 [Information] Z Axis Data Received: P
11/17/2024 10:58:27 [Information] Z Axis Data Received: E
11/17/2024 10:58:27 [Information] Z Axis Data Received: D
11/17/2024 10:58:27 [Information] Z Axis Data Received: 
11/17/2024 10:58:27 [Information] Z Axis Data Received: 

11/17/2024 10:58:27 [Information] Z Axis Data Received: Z
11/17/2024 10:58:27 [Information] Z Axis Data Received:  
11/17/2024 10:58:27 [Information] Z Axis Data Received: A
11/17/2024 10:58:27 [Information] Z Axis Data Received: x
11/17/2024 10:58:27 [Information] Z Axis Data Received: i
11/17/2024 10:58:27 [Information] Z Axis Data Received: s
11/17/2024 10:58:27 [Information] Z Axis Data Received:  
11/17/2024 10:58:27 [Information] Z Axis Data Received: C
11/17/2024 10:58:27 [Information] Z Axis Data Received: C
11/17/2024 10:58:27 [Information] Z Axis Data Received: W
11/17/2024 10:58:27 [Information] Z Axis Data Received:  
11/17/2024 10:58:27 [Information] Z Axis Data Received: M
11/17/2024 10:58:27 [Information] Z Axis Data Received: o
11/17/2024 10:58:27 [Information] Z Axis Data Received: t
11/17/2024 10:58:27 [Information] Z Axis Data Received: o
11/17/2024 10:58:27 [Information] Z Axis Data Received: r
11/17/2024 10:58:27 [Information] Z Axis Data Received:  
11/17/2024 10:58:27 [Information] Z Axis Data Received: C
11/17/2024 10:58:27 [Information] Z Axis Data Received: u
11/17/2024 10:58:27 [Information] Z Axis Data Received: r
11/17/2024 10:58:27 [Information] Z Axis Data Received: r
11/17/2024 10:58:27 [Information] Z Axis Data Received: e
11/17/2024 10:58:27 [Information] Z Axis Data Received: n
11/17/2024 10:58:27 [Information] Z Axis Data Received: t
11/17/2024 10:58:27 [Information] Z Axis Data Received:  
11/17/2024 10:58:27 [Information] Z Axis Data Received: P
11/17/2024 10:58:27 [Information] Z Axis Data Received: o
11/17/2024 10:58:27 [Information] Z Axis Data Received: s
11/17/2024 10:58:27 [Information] Z Axis Data Received: i
11/17/2024 10:58:27 [Information] Z Axis Data Received: t
11/17/2024 10:58:27 [Information] Z Axis Data Received: i
11/17/2024 10:58:27 [Information] Z Axis Data Received: o
11/17/2024 10:58:27 [Information] Z Axis Data Received: n
11/17/2024 10:58:27 [Information] Z Axis Data Received: :
11/17/2024 10:58:27 [Information] Z Axis Data Received:  
11/17/2024 10:58:27 [Information] Z Axis Data Received:  
11/17/2024 10:58:27 [Information] Z Axis Data Received: 3
11/17/2024 10:58:27 [Information] Z Axis Data Received: 6
11/17/2024 10:58:27 [Information] Z Axis Data Received: 6
11/17/2024 10:58:27 [Information] Z Axis Data Received: 
11/17/2024 10:58:27 [Information] Z Axis Data Received: 

11/17/2024 10:58:27 [Information] Z Axis Data Received: Z
11/17/2024 10:58:27 [Information] Z Axis Data Received:  
11/17/2024 10:58:27 [Information] Z Axis Data Received: A
11/17/2024 10:58:27 [Information] Z Axis Data Received: x
11/17/2024 10:58:27 [Information] Z Axis Data Received: i
11/17/2024 10:58:27 [Information] Z Axis Data Received: s
11/17/2024 10:58:27 [Information] Z Axis Data Received:  
11/17/2024 10:58:27 [Information] Z Axis Data Received: C
11/17/2024 10:58:27 [Information] Z Axis Data Received: C
11/17/2024 10:58:27 [Information] Z Axis Data Received: W
11/17/2024 10:58:27 [Information] Z Axis Data Received:  
11/17/2024 10:58:27 [Information] Z Axis Data Received: S
11/17/2024 10:58:27 [Information] Z Axis Data Received: T
11/17/2024 10:58:27 [Information] Z Axis Data Received: O
11/17/2024 10:58:27 [Information] Z Axis Data Received: P
11/17/2024 10:58:27 [Information] Z Axis Data Received: P
11/17/2024 10:58:27 [Information] Z Axis Data Received: E
11/17/2024 10:58:27 [Information] Z Axis Data Received: D
11/17/2024 10:58:27 [Information] Z Axis Data Received: 
11/17/2024 10:58:27 [Information] Z Axis Data Received: 

11/17/2024 10:58:27 [Information] Z Axis Data Received: Z
11/17/2024 10:58:27 [Information] Z Axis Data Received:  
11/17/2024 10:58:27 [Information] Z Axis Data Received: A
11/17/2024 10:58:27 [Information] Z Axis Data Received: x
11/17/2024 10:58:27 [Information] Z Axis Data Received: i
11/17/2024 10:58:27 [Information] Z Axis Data Received: s
11/17/2024 10:58:27 [Information] Z Axis Data Received:  
11/17/2024 10:58:27 [Information] Z Axis Data Received: C
11/17/2024 10:58:27 [Information] Z Axis Data Received: C
11/17/2024 10:58:27 [Information] Z Axis Data Received: W
11/17/2024 10:58:27 [Information] Z Axis Data Received:  
11/17/2024 10:58:27 [Information] Z Axis Data Received: M
11/17/2024 10:58:27 [Information] Z Axis Data Received: o
11/17/2024 10:58:27 [Information] Z Axis Data Received: t
11/17/2024 10:58:27 [Information] Z Axis Data Received: o
11/17/2024 10:58:27 [Information] Z Axis Data Received: r
11/17/2024 10:58:27 [Information] Z Axis Data Received:  
11/17/2024 10:58:27 [Information] Z Axis Data Received: C
11/17/2024 10:58:27 [Information] Z Axis Data Received: u
11/17/2024 10:58:27 [Information] Z Axis Data Received: r
11/17/2024 10:58:27 [Information] Z Axis Data Received: r
11/17/2024 10:58:27 [Information] Z Axis Data Received: e
11/17/2024 10:58:27 [Information] Z Axis Data Received: n
11/17/2024 10:58:27 [Information] Z Axis Data Received: t
11/17/2024 10:58:27 [Information] Z Axis Data Received:  
11/17/2024 10:58:27 [Information] Z Axis Data Received: P
11/17/2024 10:58:27 [Information] Z Axis Data Received: o
11/17/2024 10:58:27 [Information] Z Axis Data Received: s
11/17/2024 10:58:27 [Information] Z Axis Data Received: i
11/17/2024 10:58:27 [Information] Z Axis Data Received: t
11/17/2024 10:58:27 [Information] Z Axis Data Received: i
11/17/2024 10:58:27 [Information] Z Axis Data Received: o
11/17/2024 10:58:27 [Information] Z Axis Data Received: n
11/17/2024 10:58:27 [Information] Z Axis Data Received: :
11/17/2024 10:58:27 [Information] Z Axis Data Received:  
11/17/2024 10:58:27 [Information] Z Axis Data Received:  
11/17/2024 10:58:27 [Information] Z Axis Data Received: 3
11/17/2024 10:58:27 [Information] Z Axis Data Received: 6
11/17/2024 10:58:27 [Information] Z Axis Data Received: 6
11/17/2024 10:58:27 [Information] Z Axis Data Received: 
11/17/2024 10:58:27 [Information] Z Axis Data Received: 

11/17/2024 10:58:27 [Information] Z Axis Data Received: Z
11/17/2024 10:58:27 [Information] Z Axis Data Received:  A
11/17/2024 10:58:27 [Information] Z Axis Data Received: x
11/17/2024 10:58:27 [Information] Z Axis Data Received: is
11/17/2024 10:58:27 [Information] Z Axis Data Received:  
11/17/2024 10:58:27 [Information] Z Axis Data Received: re
11/17/2024 10:58:27 [Information] Z Axis Data Received: a
11/17/2024 10:58:27 [Information] Z Axis Data Received: ch
11/17/2024 10:58:27 [Information] Z Axis Data Received: e
11/17/2024 10:58:27 [Information] Z Axis Data Received: d 
11/17/2024 10:58:27 [Information] Z Axis Data Received: t
11/17/2024 10:58:27 [Information] Z Axis Data Received: a
11/17/2024 10:58:27 [Information] Z Axis Data Received: rg
11/17/2024 10:58:27 [Information] Z Axis Data Received: e
11/17/2024 10:58:27 [Information] Z Axis Data Received: t
11/17/2024 10:58:27 [Information] Z Axis Data Received:  
11/17/2024 10:58:27 [Information] Z Axis Data Received: p
11/17/2024 10:58:27 [Information] Z Axis Data Received: o
11/17/2024 10:58:27 [Information] Z Axis Data Received: s
11/17/2024 10:58:27 [Information] Z Axis Data Received: i
11/17/2024 10:58:27 [Information] Z Axis Data Received: t
11/17/2024 10:58:27 [Information] Z Axis Data Received: i
11/17/2024 10:58:27 [Information] Z Axis Data Received: o
11/17/2024 10:58:27 [Information] Z Axis Data Received: n
11/17/2024 10:58:27 [Information] Z Axis Data Received: 
11/17/2024 10:58:27 [Information] Z Axis Data Received: 

11/17/2024 10:58:27 [Information] Z Axis Data Received: C
11/17/2024 10:58:27 [Information] Z Axis Data Received: u
11/17/2024 10:58:27 [Information] Z Axis Data Received: r
11/17/2024 10:58:27 [Information] Z Axis Data Received: r
11/17/2024 10:58:27 [Information] Z Axis Data Received: e
11/17/2024 10:58:27 [Information] Z Axis Data Received: n
11/17/2024 10:58:27 [Information] Z Axis Data Received: t
11/17/2024 10:58:27 [Information] Z Axis Data Received:  
11/17/2024 10:58:27 [Information] Z Axis Data Received: P
11/17/2024 10:58:27 [Information] Z Axis Data Received: o
11/17/2024 10:58:27 [Information] Z Axis Data Received: s
11/17/2024 10:58:27 [Information] Z Axis Data Received: i
11/17/2024 10:58:27 [Information] Z Axis Data Received: t
11/17/2024 10:58:27 [Information] Z Axis Data Received: i
11/17/2024 10:58:27 [Information] Z Axis Data Received: o
11/17/2024 10:58:27 [Information] Z Axis Data Received: n
11/17/2024 10:58:27 [Information] Z Axis Data Received: :
11/17/2024 10:58:27 [Information] Z Axis Data Received:  
11/17/2024 10:58:27 [Information] Z Axis Data Received: 4
11/17/2024 10:58:27 [Information] Z Axis Data Received: 4
11/17/2024 10:58:27 [Information] Z Axis Data Received: 6
11/17/2024 10:58:27 [Information] Z Axis Data Received: 
11/17/2024 10:58:27 [Information] Z Axis Data Received: 

11/17/2024 10:58:32 [Information] Z Axis Run button clicked:
11/17/2024 10:58:32 [Information] Z Axis MotorMovementSeconds decimal: (32.00 / 4) / 2 = 4.00
11/17/2024 10:58:33 [Information] Z Axis Run Event: Z,0.00,400.00,0,0.00,400.00,0,32.00,400.00,0
11/17/2024 10:58:33 [Information] Z Axis Current Time: 10:58:33 + 4000 = 10:58:37
11/17/2024 10:58:34 [Information] Z Axis Data Received: s
11/17/2024 10:58:34 [Information] Z Axis Data Received: er
11/17/2024 10:58:34 [Information] Z Axis Data Received: ia
11/17/2024 10:58:34 [Information] Z Axis Data Received: l
11/17/2024 10:58:34 [Information] Z Axis Data Received: Da
11/17/2024 10:58:34 [Information] Z Axis Data Received: t
11/17/2024 10:58:34 [Information] Z Axis Data Received: a
11/17/2024 10:58:34 [Information] Z Axis Data Received: :
11/17/2024 10:58:34 [Information] Z Axis Data Received:  
11/17/2024 10:58:34 [Information] Z Axis Data Received: Z
11/17/2024 10:58:34 [Information] Z Axis Data Received: ,
11/17/2024 10:58:34 [Information] Stepper Motor Controller Disable Z Axis controls while moving to location.
11/17/2024 10:58:34 [Information] Time remaining: 00:00:00 targetEndTime = 10:58:37
11/17/2024 10:58:34 [Information] Z Axis Data Received: 0
11/17/2024 10:58:34 [Information] Z Axis Data Received: .
11/17/2024 10:58:34 [Information] Z Axis Data Received: 0
11/17/2024 10:58:34 [Information] Z Axis Data Received: 0
11/17/2024 10:58:34 [Information] Z Axis Data Received: ,
11/17/2024 10:58:34 [Information] Z Axis Data Received: 4
11/17/2024 10:58:34 [Information] Z Axis Data Received: 0
11/17/2024 10:58:34 [Information] Z Axis Data Received: 0
11/17/2024 10:58:34 [Information] Z Axis Data Received: .
11/17/2024 10:58:34 [Information] Z Axis Data Received: 0
11/17/2024 10:58:34 [Information] Z Axis Data Received: 0
11/17/2024 10:58:34 [Information] Z Axis Data Received: ,
11/17/2024 10:58:34 [Information] Z Axis Data Received: 0
11/17/2024 10:58:34 [Information] Z Axis Data Received: ,
11/17/2024 10:58:34 [Information] Z Axis Data Received: 0
11/17/2024 10:58:34 [Information] Z Axis Data Received: .
11/17/2024 10:58:34 [Information] Z Axis Data Received: 0
11/17/2024 10:58:34 [Information] Z Axis Data Received: 0
11/17/2024 10:58:34 [Information] Z Axis Data Received: ,
11/17/2024 10:58:34 [Information] Z Axis Data Received: 4
11/17/2024 10:58:34 [Information] Z Axis Data Received: 0
11/17/2024 10:58:34 [Information] Z Axis Data Received: 0
11/17/2024 10:58:34 [Information] Z Axis Data Received: .
11/17/2024 10:58:34 [Information] Z Axis Data Received: 0
11/17/2024 10:58:34 [Information] Z Axis Data Received: 0
11/17/2024 10:58:34 [Information] Z Axis Data Received: ,
11/17/2024 10:58:34 [Information] Z Axis Data Received: 0
11/17/2024 10:58:34 [Information] Z Axis Data Received: ,
11/17/2024 10:58:34 [Information] Z Axis Data Received: 3
11/17/2024 10:58:34 [Information] Z Axis Data Received: 2
11/17/2024 10:58:34 [Information] Z Axis Data Received: .
11/17/2024 10:58:34 [Information] Z Axis Data Received: 0
11/17/2024 10:58:34 [Information] Z Axis Data Received: 0
11/17/2024 10:58:34 [Information] Z Axis Data Received: ,
11/17/2024 10:58:34 [Information] Z Axis Data Received: 4
11/17/2024 10:58:34 [Information] Z Axis Data Received: 0
11/17/2024 10:58:34 [Information] Z Axis Data Received: 0
11/17/2024 10:58:34 [Information] Z Axis Data Received: .
11/17/2024 10:58:34 [Information] Z Axis Data Received: 0
11/17/2024 10:58:34 [Information] Z Axis Data Received: 0
11/17/2024 10:58:34 [Information] Z Axis Data Received: ,
11/17/2024 10:58:34 [Information] Z Axis Data Received: 0
11/17/2024 10:58:34 [Information] Z Axis Data Received: 
11/17/2024 10:58:34 [Information] Z Axis Data Received: 

11/17/2024 10:58:34 [Information] Stepper Motor Controller Disable Z Axis controls while moving to location.
11/17/2024 10:58:34 [Information] Time remaining: 00:00:00 targetEndTime = 10:58:37
11/17/2024 10:58:34 [Information] Stepper Motor Controller Disable Z Axis controls while moving to location.
11/17/2024 10:58:34 [Information] Time remaining: 00:00:00 targetEndTime = 10:58:37
11/17/2024 10:58:34 [Information] Stepper Motor Controller Disable Z Axis controls while moving to location.
11/17/2024 10:58:34 [Information] Time remaining: 00:00:00 targetEndTime = 10:58:37
11/17/2024 10:58:34 [Information] Stepper Motor Controller Disable Z Axis controls while moving to location.
11/17/2024 10:58:34 [Information] Time remaining: 00:00:00 targetEndTime = 10:58:37
11/17/2024 10:58:34 [Information] Stepper Motor Controller Disable Z Axis controls while moving to location.
11/17/2024 10:58:34 [Information] Time remaining: 00:00:00 targetEndTime = 10:58:37
11/17/2024 10:58:34 [Information] Stepper Motor Controller Disable Z Axis controls while moving to location.
11/17/2024 10:58:34 [Information] Time remaining: 00:00:00 targetEndTime = 10:58:37
11/17/2024 10:58:34 [Information] Stepper Motor Controller Disable Z Axis controls while moving to location.
11/17/2024 10:58:34 [Information] Time remaining: 00:00:00 targetEndTime = 10:58:37
11/17/2024 10:58:34 [Information] Stepper Motor Controller Disable Z Axis controls while moving to location.
11/17/2024 10:58:34 [Information] Time remaining: 00:00:00 targetEndTime = 10:58:37
11/17/2024 10:58:34 [Information] Stepper Motor Controller Disable Z Axis controls while moving to location.
11/17/2024 10:58:34 [Information] Time remaining: 00:00:00 targetEndTime = 10:58:37
11/17/2024 10:58:34 [Information] Stepper Motor Controller Disable Z Axis controls while moving to location.
11/17/2024 10:58:34 [Information] Time remaining: 00:00:00 targetEndTime = 10:58:37
11/17/2024 10:58:34 [Information] Stepper Motor Controller Disable Z Axis controls while moving to location.
11/17/2024 10:58:34 [Information] Time remaining: 00:00:00 targetEndTime = 10:58:37
11/17/2024 10:58:34 [Information] Stepper Motor Controller Disable Z Axis controls while moving to location.
11/17/2024 10:58:34 [Information] Time remaining: 00:00:00 targetEndTime = 10:58:37
11/17/2024 10:58:34 [Information] Stepper Motor Controller Disable Z Axis controls while moving to location.
11/17/2024 10:58:34 [Information] Time remaining: 00:00:00 targetEndTime = 10:58:37
11/17/2024 10:58:34 [Information] Stepper Motor Controller Disable Z Axis controls while moving to location.
11/17/2024 10:58:34 [Information] Time remaining: 00:00:00 targetEndTime = 10:58:37
11/17/2024 10:58:34 [Information] Stepper Motor Controller Disable Z Axis controls while moving to location.
11/17/2024 10:58:34 [Information] Time remaining: 00:00:00 targetEndTime = 10:58:37
11/17/2024 10:58:34 [Information] Stepper Motor Controller Disable Z Axis controls while moving to location.
11/17/2024 10:58:34 [Information] Time remaining: 00:00:00 targetEndTime = 10:58:37
11/17/2024 10:58:34 [Information] Stepper Motor Controller Disable Z Axis controls while moving to location.
11/17/2024 10:58:34 [Information] Time remaining: 00:00:00 targetEndTime = 10:58:37
11/17/2024 10:58:34 [Information] Stepper Motor Controller Disable Z Axis controls while moving to location.
11/17/2024 10:58:34 [Information] Time remaining: 00:00:00 targetEndTime = 10:58:37
11/17/2024 10:58:34 [Information] Stepper Motor Controller Disable Z Axis controls while moving to location.
11/17/2024 10:58:34 [Information] Time remaining: 00:00:00 targetEndTime = 10:58:37
11/17/2024 10:58:34 [Information] Stepper Motor Controller Disable Z Axis controls while moving to location.
11/17/2024 10:58:34 [Information] Time remaining: 00:00:00 targetEndTime = 10:58:37
11/17/2024 10:58:34 [Information] Stepper Motor Controller Disable Z Axis controls while moving to location.
11/17/2024 10:58:34 [Information] Time remaining: 00:00:00 targetEndTime = 10:58:37
11/17/2024 10:58:34 [Information] Stepper Motor Controller Disable Z Axis controls while moving to location.
11/17/2024 10:58:34 [Information] Time remaining: 00:00:00 targetEndTime = 10:58:37
11/17/2024 10:58:34 [Information] Stepper Motor Controller Disable Z Axis controls while moving to location.
11/17/2024 10:58:34 [Information] Time remaining: 00:00:00 targetEndTime = 10:58:37
11/17/2024 10:58:34 [Information] Stepper Motor Controller Disable Z Axis controls while moving to location.
11/17/2024 10:58:34 [Information] Time remaining: 00:00:00 targetEndTime = 10:58:37
11/17/2024 10:58:34 [Information] Stepper Motor Controller Disable Z Axis controls while moving to location.
11/17/2024 10:58:34 [Information] Time remaining: 00:00:00 targetEndTime = 10:58:37
11/17/2024 10:58:34 [Information] Stepper Motor Controller Disable Z Axis controls while moving to location.
11/17/2024 10:58:34 [Information] Time remaining: 00:00:00 targetEndTime = 10:58:37
11/17/2024 10:58:34 [Information] Stepper Motor Controller Disable Z Axis controls while moving to location.
11/17/2024 10:58:34 [Information] Time remaining: 00:00:00 targetEndTime = 10:58:37
11/17/2024 10:58:34 [Information] Stepper Motor Controller Disable Z Axis controls while moving to location.
11/17/2024 10:58:34 [Information] Time remaining: 00:00:00 targetEndTime = 10:58:37
11/17/2024 10:58:34 [Information] Stepper Motor Controller Disable Z Axis controls while moving to location.
11/17/2024 10:58:34 [Information] Time remaining: 00:00:00 targetEndTime = 10:58:37
11/17/2024 10:58:34 [Information] Stepper Motor Controller Disable Z Axis controls while moving to location.
11/17/2024 10:58:34 [Information] Time remaining: 00:00:00 targetEndTime = 10:58:37
11/17/2024 10:58:34 [Information] Stepper Motor Controller Disable Z Axis controls while moving to location.
11/17/2024 10:58:34 [Information] Time remaining: 00:00:00 targetEndTime = 10:58:37
11/17/2024 10:58:34 [Information] Stepper Motor Controller Disable Z Axis controls while moving to location.
11/17/2024 10:58:34 [Information] Time remaining: 00:00:00 targetEndTime = 10:58:37
11/17/2024 10:58:34 [Information] Stepper Motor Controller Disable Z Axis controls while moving to location.
11/17/2024 10:58:34 [Information] Time remaining: 00:00:00 targetEndTime = 10:58:37
11/17/2024 10:58:34 [Information] Stepper Motor Controller Disable Z Axis controls while moving to location.
11/17/2024 10:58:34 [Information] Time remaining: 00:00:00 targetEndTime = 10:58:37
11/17/2024 10:58:34 [Information] Stepper Motor Controller Disable Z Axis controls while moving to location.
11/17/2024 10:58:34 [Information] Time remaining: 00:00:00 targetEndTime = 10:58:37
11/17/2024 10:58:34 [Information] Stepper Motor Controller Disable Z Axis controls while moving to location.
11/17/2024 10:58:34 [Information] Time remaining: 00:00:00 targetEndTime = 10:58:37
11/17/2024 10:58:34 [Information] Stepper Motor Controller Disable Z Axis controls while moving to location.
11/17/2024 10:58:34 [Information] Time remaining: 00:00:00 targetEndTime = 10:58:37
11/17/2024 10:58:34 [Information] Stepper Motor Controller Disable Z Axis controls while moving to location.
11/17/2024 10:58:34 [Information] Time remaining: 00:00:00 targetEndTime = 10:58:37
11/17/2024 10:58:34 [Information] Stepper Motor Controller Disable Z Axis controls while moving to location.
11/17/2024 10:58:34 [Information] Time remaining: 00:00:00 targetEndTime = 10:58:37
11/17/2024 10:58:34 [Information] Stepper Motor Controller Disable Z Axis controls while moving to location.
11/17/2024 10:58:34 [Information] Time remaining: 00:00:00 targetEndTime = 10:58:37
11/17/2024 10:58:34 [Information] Stepper Motor Controller Disable Z Axis controls while moving to location.
11/17/2024 10:58:34 [Information] Time remaining: 00:00:00 targetEndTime = 10:58:37
11/17/2024 10:58:34 [Information] Stepper Motor Controller Disable Z Axis controls while moving to location.
11/17/2024 10:58:34 [Information] Time remaining: 00:00:00 targetEndTime = 10:58:37
11/17/2024 10:58:34 [Information] Stepper Motor Controller Disable Z Axis controls while moving to location.
11/17/2024 10:58:34 [Information] Time remaining: 00:00:00 targetEndTime = 10:58:37
11/17/2024 10:58:34 [Information] Stepper Motor Controller Disable Z Axis controls while moving to location.
11/17/2024 10:58:34 [Information] Time remaining: 00:00:00 targetEndTime = 10:58:37
11/17/2024 10:58:34 [Information] Stepper Motor Controller Disable Z Axis controls while moving to location.
11/17/2024 10:58:34 [Information] Time remaining: 00:00:00 targetEndTime = 10:58:37
11/17/2024 10:58:34 [Information] Stepper Motor Controller Disable Z Axis controls while moving to location.
11/17/2024 10:58:34 [Information] Time remaining: 00:00:00 targetEndTime = 10:58:37
11/17/2024 10:58:34 [Information] Stepper Motor Controller Disable Z Axis controls while moving to location.
11/17/2024 10:58:34 [Information] Time remaining: 00:00:00 targetEndTime = 10:58:37
11/17/2024 10:58:34 [Information] Z Axis Data Received: Z
11/17/2024 10:58:34 [Information] Z Axis Data Received:  
11/17/2024 10:58:34 [Information] Z Axis Data Received: A
11/17/2024 10:58:34 [Information] Z Axis Data Received: x
11/17/2024 10:58:34 [Information] Z Axis Data Received: i
11/17/2024 10:58:34 [Information] Z Axis Data Received: s
11/17/2024 10:58:34 [Information] Z Axis Data Received:  
11/17/2024 10:58:34 [Information] Z Axis Data Received: C
11/17/2024 10:58:34 [Information] Z Axis Data Received: C
11/17/2024 10:58:34 [Information] Z Axis Data Received: W
11/17/2024 10:58:34 [Information] Z Axis Data Received:  
11/17/2024 10:58:34 [Information] Z Axis Data Received: S
11/17/2024 10:58:34 [Information] Z Axis Data Received: T
11/17/2024 10:58:34 [Information] Z Axis Data Received: O
11/17/2024 10:58:34 [Information] Z Axis Data Received: P
11/17/2024 10:58:34 [Information] Z Axis Data Received: P
11/17/2024 10:58:34 [Information] Z Axis Data Received: E
11/17/2024 10:58:34 [Information] Z Axis Data Received: D
11/17/2024 10:58:34 [Information] Stepper Motor Controller Disable Z Axis controls while moving to location.
11/17/2024 10:58:34 [Information] Z Axis Data Received: 
11/17/2024 10:58:34 [Information] Time remaining: 00:00:00 targetEndTime = 10:58:37
11/17/2024 10:58:34 [Information] Z Axis Data Received: 

11/17/2024 10:58:34 [Information] Z Axis Data Received: Z
11/17/2024 10:58:34 [Information] Z Axis Data Received:  
11/17/2024 10:58:34 [Information] Z Axis Data Received: A
11/17/2024 10:58:34 [Information] Z Axis Data Received: x
11/17/2024 10:58:34 [Information] Z Axis Data Received: i
11/17/2024 10:58:34 [Information] Z Axis Data Received: s
11/17/2024 10:58:34 [Information] Z Axis Data Received:  
11/17/2024 10:58:34 [Information] Z Axis Data Received: C
11/17/2024 10:58:34 [Information] Z Axis Data Received: C
11/17/2024 10:58:34 [Information] Z Axis Data Received: W
11/17/2024 10:58:34 [Information] Z Axis Data Received:  
11/17/2024 10:58:34 [Information] Z Axis Data Received: M
11/17/2024 10:58:34 [Information] Z Axis Data Received: o
11/17/2024 10:58:34 [Information] Stepper Motor Controller Disable Z Axis controls while moving to location.
11/17/2024 10:58:34 [Information] Time remaining: 00:00:00 targetEndTime = 10:58:37
11/17/2024 10:58:34 [Information] Z Axis Data Received: t
11/17/2024 10:58:34 [Information] Z Axis Data Received: o
11/17/2024 10:58:34 [Information] Z Axis Data Received: r
11/17/2024 10:58:34 [Information] Z Axis Data Received:  
11/17/2024 10:58:34 [Information] Z Axis Data Received: C
11/17/2024 10:58:34 [Information] Z Axis Data Received: u
11/17/2024 10:58:34 [Information] Z Axis Data Received: r
11/17/2024 10:58:34 [Information] Z Axis Data Received: r
11/17/2024 10:58:34 [Information] Z Axis Data Received: e
11/17/2024 10:58:34 [Information] Z Axis Data Received: n
11/17/2024 10:58:34 [Information] Z Axis Data Received: t
11/17/2024 10:58:34 [Information] Z Axis Data Received:  
11/17/2024 10:58:34 [Information] Z Axis Data Received: P
11/17/2024 10:58:34 [Information] Z Axis Data Received: o
11/17/2024 10:58:34 [Information] Z Axis Data Received: s
11/17/2024 10:58:34 [Information] Stepper Motor Controller Disable Z Axis controls while moving to location.
11/17/2024 10:58:34 [Information] Time remaining: 00:00:00 targetEndTime = 10:58:37
11/17/2024 10:58:34 [Information] Z Axis Data Received: i
11/17/2024 10:58:34 [Information] Z Axis Data Received: t
11/17/2024 10:58:34 [Information] Z Axis Data Received: i
11/17/2024 10:58:34 [Information] Z Axis Data Received: o
11/17/2024 10:58:34 [Information] Z Axis Data Received: n
11/17/2024 10:58:34 [Information] Z Axis Data Received: :
11/17/2024 10:58:34 [Information] Z Axis Data Received:  
11/17/2024 10:58:34 [Information] Stepper Motor Controller Disable Z Axis controls while moving to location.
11/17/2024 10:58:34 [Information] Time remaining: 00:00:00 targetEndTime = 10:58:37
11/17/2024 10:58:34 [Information] Z Axis Data Received:  
11/17/2024 10:58:34 [Information] Z Axis Data Received: 2
11/17/2024 10:58:34 [Information] Z Axis Data Received: 8
11/17/2024 10:58:34 [Information] Z Axis Data Received: 5
11/17/2024 10:58:34 [Information] Z Axis Data Received: 
11/17/2024 10:58:34 [Information] Z Axis Data Received: 

11/17/2024 10:58:34 [Information] Z Axis Data Received: Z
11/17/2024 10:58:34 [Information] Z Axis Data Received:  
11/17/2024 10:58:34 [Information] Z Axis Data Received: A
11/17/2024 10:58:34 [Information] Z Axis Data Received: x
11/17/2024 10:58:34 [Information] Z Axis Data Received: i
11/17/2024 10:58:34 [Information] Z Axis Data Received: s
11/17/2024 10:58:34 [Information] Z Axis Data Received:  
11/17/2024 10:58:34 [Information] Z Axis Data Received: C
11/17/2024 10:58:34 [Information] Z Axis Data Received: C
11/17/2024 10:58:34 [Information] Z Axis Data Received: W
11/17/2024 10:58:34 [Information] Stepper Motor Controller Disable Z Axis controls while moving to location.
11/17/2024 10:58:34 [Information] Z Axis Data Received:  
11/17/2024 10:58:34 [Information] Time remaining: 00:00:00 targetEndTime = 10:58:37
11/17/2024 10:58:34 [Information] Z Axis Data Received: S
11/17/2024 10:58:34 [Information] Z Axis Data Received: T
11/17/2024 10:58:34 [Information] Z Axis Data Received: O
11/17/2024 10:58:34 [Information] Z Axis Data Received: P
11/17/2024 10:58:34 [Information] Z Axis Data Received: P
11/17/2024 10:58:34 [Information] Z Axis Data Received: E
11/17/2024 10:58:34 [Information] Z Axis Data Received: D
11/17/2024 10:58:34 [Information] Z Axis Data Received: 
11/17/2024 10:58:34 [Information] Z Axis Data Received: 

11/17/2024 10:58:34 [Information] Z Axis Data Received: Z
11/17/2024 10:58:34 [Information] Z Axis Data Received:  
11/17/2024 10:58:34 [Information] Z Axis Data Received: A
11/17/2024 10:58:34 [Information] Z Axis Data Received: x
11/17/2024 10:58:34 [Information] Z Axis Data Received: i
11/17/2024 10:58:34 [Information] Z Axis Data Received: s
11/17/2024 10:58:34 [Information] Z Axis Data Received:  
11/17/2024 10:58:34 [Information] Stepper Motor Controller Disable Z Axis controls while moving to location.
11/17/2024 10:58:34 [Information] Time remaining: 00:00:01 targetEndTime = 10:58:37
11/17/2024 10:58:34 [Information] Z Axis Data Received: C
11/17/2024 10:58:34 [Information] Z Axis Data Received: C
11/17/2024 10:58:34 [Information] Z Axis Data Received: W
11/17/2024 10:58:34 [Information] Z Axis Data Received:  
11/17/2024 10:58:34 [Information] Z Axis Data Received: M
11/17/2024 10:58:34 [Information] Z Axis Data Received: o
11/17/2024 10:58:34 [Information] Z Axis Data Received: t
11/17/2024 10:58:34 [Information] Z Axis Data Received: o
11/17/2024 10:58:34 [Information] Z Axis Data Received: r
11/17/2024 10:58:34 [Information] Stepper Motor Controller Disable Z Axis controls while moving to location.
11/17/2024 10:58:34 [Information] Z Axis Data Received:  
11/17/2024 10:58:34 [Information] Time remaining: 00:00:01 targetEndTime = 10:58:37
11/17/2024 10:58:35 [Information] Z Axis Data Received: C
11/17/2024 10:58:35 [Information] Z Axis Data Received: u
11/17/2024 10:58:35 [Information] Z Axis Data Received: r
11/17/2024 10:58:35 [Information] Z Axis Data Received: r
11/17/2024 10:58:35 [Information] Z Axis Data Received: e
11/17/2024 10:58:35 [Information] Z Axis Data Received: n
11/17/2024 10:58:35 [Information] Z Axis Data Received: t
11/17/2024 10:58:35 [Information] Z Axis Data Received:  
11/17/2024 10:58:35 [Information] Z Axis Data Received: P
11/17/2024 10:58:35 [Information] Z Axis Data Received: o
11/17/2024 10:58:35 [Information] Z Axis Data Received: s
11/17/2024 10:58:35 [Information] Z Axis Data Received: i
11/17/2024 10:58:35 [Information] Z Axis Data Received: t
11/17/2024 10:58:35 [Information] Z Axis Data Received: i
11/17/2024 10:58:35 [Information] Z Axis Data Received: o
11/17/2024 10:58:35 [Information] Z Axis Data Received: n
11/17/2024 10:58:35 [Information] Z Axis Data Received: :
11/17/2024 10:58:35 [Information] Z Axis Data Received:  
11/17/2024 10:58:35 [Information] Z Axis Data Received:  
11/17/2024 10:58:35 [Information] Z Axis Data Received: 2
11/17/2024 10:58:35 [Information] Z Axis Data Received: 8
11/17/2024 10:58:35 [Information] Z Axis Data Received: 5
11/17/2024 10:58:35 [Information] Z Axis Data Received: 
11/17/2024 10:58:35 [Information] Z Axis Data Received: 

11/17/2024 10:58:35 [Information] Z Axis Data Received: Z
11/17/2024 10:58:35 [Information] Z Axis Data Received:  
11/17/2024 10:58:35 [Information] Z Axis Data Received: A
11/17/2024 10:58:35 [Information] Z Axis Data Received: x
11/17/2024 10:58:35 [Information] Z Axis Data Received: i
11/17/2024 10:58:35 [Information] Z Axis Data Received: s
11/17/2024 10:58:35 [Information] Z Axis Data Received:  
11/17/2024 10:58:35 [Information] Z Axis Data Received: C
11/17/2024 10:58:35 [Information] Z Axis Data Received: C
11/17/2024 10:58:35 [Information] Z Axis Data Received: W
11/17/2024 10:58:35 [Information] Z Axis Data Received:  
11/17/2024 10:58:35 [Information] Z Axis Data Received: S
11/17/2024 10:58:35 [Information] Stepper Motor Controller Disable Z Axis controls while moving to location.
11/17/2024 10:58:35 [Information] Time remaining: 00:00:01 targetEndTime = 10:58:37
11/17/2024 10:58:35 [Information] Z Axis Data Received: T
11/17/2024 10:58:35 [Information] Z Axis Data Received: O
11/17/2024 10:58:35 [Information] Z Axis Data Received: P
11/17/2024 10:58:35 [Information] Z Axis Data Received: P
11/17/2024 10:58:35 [Information] Z Axis Data Received: E
11/17/2024 10:58:35 [Information] Z Axis Data Received: D
11/17/2024 10:58:35 [Information] Z Axis Data Received: 
11/17/2024 10:58:35 [Information] Z Axis Data Received: 

11/17/2024 10:58:35 [Information] Z Axis Data Received: Z
11/17/2024 10:58:35 [Information] Z Axis Data Received:  
11/17/2024 10:58:35 [Information] Z Axis Data Received: A
11/17/2024 10:58:35 [Information] Z Axis Data Received: x
11/17/2024 10:58:35 [Information] Z Axis Data Received: i
11/17/2024 10:58:35 [Information] Z Axis Data Received: s
11/17/2024 10:58:35 [Information] Z Axis Data Received:  
11/17/2024 10:58:35 [Information] Stepper Motor Controller Disable Z Axis controls while moving to location.
11/17/2024 10:58:35 [Information] Time remaining: 00:00:01 targetEndTime = 10:58:37
11/17/2024 10:58:35 [Information] Z Axis Data Received: C
11/17/2024 10:58:35 [Information] Z Axis Data Received: C
11/17/2024 10:58:35 [Information] Z Axis Data Received: W
11/17/2024 10:58:35 [Information] Z Axis Data Received:  
11/17/2024 10:58:35 [Information] Z Axis Data Received: M
11/17/2024 10:58:35 [Information] Z Axis Data Received: o
11/17/2024 10:58:35 [Information] Z Axis Data Received: t
11/17/2024 10:58:35 [Information] Z Axis Data Received: o
11/17/2024 10:58:35 [Information] Z Axis Data Received: r
11/17/2024 10:58:35 [Information] Z Axis Data Received:  
11/17/2024 10:58:35 [Information] Z Axis Data Received: C
11/17/2024 10:58:35 [Information] Z Axis Data Received: u
11/17/2024 10:58:35 [Information] Z Axis Data Received: r
11/17/2024 10:58:35 [Information] Z Axis Data Received: r
11/17/2024 10:58:35 [Information] Stepper Motor Controller Disable Z Axis controls while moving to location.
11/17/2024 10:58:35 [Information] Time remaining: 00:00:01 targetEndTime = 10:58:37
11/17/2024 10:58:35 [Information] Z Axis Data Received: e
11/17/2024 10:58:35 [Information] Z Axis Data Received: n
11/17/2024 10:58:35 [Information] Z Axis Data Received: t
11/17/2024 10:58:35 [Information] Z Axis Data Received:  
11/17/2024 10:58:35 [Information] Z Axis Data Received: P
11/17/2024 10:58:35 [Information] Z Axis Data Received: o
11/17/2024 10:58:35 [Information] Z Axis Data Received: s
11/17/2024 10:58:35 [Information] Z Axis Data Received: i
11/17/2024 10:58:35 [Information] Z Axis Data Received: t
11/17/2024 10:58:35 [Information] Z Axis Data Received: i
11/17/2024 10:58:35 [Information] Z Axis Data Received: o
11/17/2024 10:58:35 [Information] Z Axis Data Received: n
11/17/2024 10:58:35 [Information] Z Axis Data Received: :
11/17/2024 10:58:35 [Information] Z Axis Data Received:  
11/17/2024 10:58:35 [Information] Stepper Motor Controller Disable Z Axis controls while moving to location.
11/17/2024 10:58:35 [Information] Z Axis Data Received:  
11/17/2024 10:58:35 [Information] Time remaining: 00:00:01 targetEndTime = 10:58:37
11/17/2024 10:58:35 [Information] Z Axis Data Received: 2
11/17/2024 10:58:35 [Information] Z Axis Data Received: 8
11/17/2024 10:58:35 [Information] Z Axis Data Received: 5
11/17/2024 10:58:35 [Information] Z Axis Data Received: 
11/17/2024 10:58:35 [Information] Z Axis Data Received: 

11/17/2024 10:58:35 [Information] Z Axis Data Received: Z
11/17/2024 10:58:35 [Information] Z Axis Data Received:  
11/17/2024 10:58:35 [Information] Z Axis Data Received: A
11/17/2024 10:58:35 [Information] Z Axis Data Received: x
11/17/2024 10:58:35 [Information] Z Axis Data Received: i
11/17/2024 10:58:35 [Information] Z Axis Data Received: s
11/17/2024 10:58:35 [Information] Z Axis Data Received:  
11/17/2024 10:58:35 [Information] Z Axis Data Received: C
11/17/2024 10:58:35 [Information] Z Axis Data Received: C
11/17/2024 10:58:35 [Information] Stepper Motor Controller Disable Z Axis controls while moving to location.
11/17/2024 10:58:35 [Information] Time remaining: 00:00:01 targetEndTime = 10:58:37
11/17/2024 10:58:35 [Information] Z Axis Data Received: W
11/17/2024 10:58:35 [Information] Z Axis Data Received:  
11/17/2024 10:58:35 [Information] Z Axis Data Received: S
11/17/2024 10:58:35 [Information] Z Axis Data Received: T
11/17/2024 10:58:35 [Information] Z Axis Data Received: O
11/17/2024 10:58:35 [Information] Z Axis Data Received: P
11/17/2024 10:58:35 [Information] Z Axis Data Received: P
11/17/2024 10:58:35 [Information] Z Axis Data Received: E
11/17/2024 10:58:35 [Information] Z Axis Data Received: D
11/17/2024 10:58:35 [Information] Z Axis Data Received: 
11/17/2024 10:58:35 [Information] Z Axis Data Received: 

11/17/2024 10:58:35 [Information] Z Axis Data Received: Z
11/17/2024 10:58:35 [Information] Z Axis Data Received:  
11/17/2024 10:58:35 [Information] Z Axis Data Received: A
11/17/2024 10:58:35 [Information] Stepper Motor Controller Disable Z Axis controls while moving to location.
11/17/2024 10:58:35 [Information] Time remaining: 00:00:01 targetEndTime = 10:58:37
11/17/2024 10:58:35 [Information] Z Axis Data Received: x
11/17/2024 10:58:35 [Information] Z Axis Data Received: i
11/17/2024 10:58:35 [Information] Z Axis Data Received: s
11/17/2024 10:58:35 [Information] Z Axis Data Received:  
11/17/2024 10:58:35 [Information] Z Axis Data Received: C
11/17/2024 10:58:35 [Information] Z Axis Data Received: C
11/17/2024 10:58:35 [Information] Z Axis Data Received: W
11/17/2024 10:58:35 [Information] Z Axis Data Received:  
11/17/2024 10:58:35 [Information] Z Axis Data Received: M
11/17/2024 10:58:35 [Information] Z Axis Data Received: o
11/17/2024 10:58:35 [Information] Z Axis Data Received: t
11/17/2024 10:58:35 [Information] Z Axis Data Received: o
11/17/2024 10:58:35 [Information] Z Axis Data Received: r
11/17/2024 10:58:35 [Information] Z Axis Data Received:  
11/17/2024 10:58:35 [Information] Z Axis Data Received: C
11/17/2024 10:58:35 [Information] Stepper Motor Controller Disable Z Axis controls while moving to location.
11/17/2024 10:58:35 [Information] Time remaining: 00:00:01 targetEndTime = 10:58:37
11/17/2024 10:58:35 [Information] Z Axis Data Received: u
11/17/2024 10:58:35 [Information] Z Axis Data Received: r
11/17/2024 10:58:35 [Information] Z Axis Data Received: r
11/17/2024 10:58:35 [Information] Z Axis Data Received: e
11/17/2024 10:58:35 [Information] Z Axis Data Received: n
11/17/2024 10:58:35 [Information] Z Axis Data Received: t
11/17/2024 10:58:35 [Information] Z Axis Data Received:  
11/17/2024 10:58:35 [Information] Z Axis Data Received: P
11/17/2024 10:58:35 [Information] Z Axis Data Received: o
11/17/2024 10:58:35 [Information] Z Axis Data Received: s
11/17/2024 10:58:35 [Information] Stepper Motor Controller Disable Z Axis controls while moving to location.
11/17/2024 10:58:35 [Information] Z Axis Data Received: i
11/17/2024 10:58:35 [Information] Time remaining: 00:00:01 targetEndTime = 10:58:37
11/17/2024 10:58:35 [Information] Z Axis Data Received: t
11/17/2024 10:58:35 [Information] Z Axis Data Received: i
11/17/2024 10:58:35 [Information] Z Axis Data Received: o
11/17/2024 10:58:35 [Information] Z Axis Data Received: n
11/17/2024 10:58:35 [Information] Z Axis Data Received: :
11/17/2024 10:58:35 [Information] Z Axis Data Received:  
11/17/2024 10:58:35 [Information] Z Axis Data Received:  
11/17/2024 10:58:35 [Information] Z Axis Data Received: 2
11/17/2024 10:58:35 [Information] Z Axis Data Received: 8
11/17/2024 10:58:35 [Information] Z Axis Data Received: 6
11/17/2024 10:58:35 [Information] Z Axis Data Received: 
11/17/2024 10:58:35 [Information] Z Axis Data Received: 

11/17/2024 10:58:35 [Information] Z Axis Data Received: Z
11/17/2024 10:58:35 [Information] Z Axis Data Received:  
11/17/2024 10:58:35 [Information] Z Axis Data Received: A
11/17/2024 10:58:35 [Information] Z Axis Data Received: x
11/17/2024 10:58:35 [Information] Stepper Motor Controller Disable Z Axis controls while moving to location.
11/17/2024 10:58:35 [Information] Time remaining: 00:00:01 targetEndTime = 10:58:37
11/17/2024 10:58:35 [Information] Z Axis Data Received: i
11/17/2024 10:58:35 [Information] Z Axis Data Received: s
11/17/2024 10:58:35 [Information] Z Axis Data Received:  
11/17/2024 10:58:35 [Information] Z Axis Data Received: C
11/17/2024 10:58:35 [Information] Z Axis Data Received: C
11/17/2024 10:58:35 [Information] Z Axis Data Received: W
11/17/2024 10:58:35 [Information] Z Axis Data Received:  
11/17/2024 10:58:35 [Information] Z Axis Data Received: S
11/17/2024 10:58:35 [Information] Z Axis Data Received: T
11/17/2024 10:58:35 [Information] Z Axis Data Received: O
11/17/2024 10:58:35 [Information] Z Axis Data Received: P
11/17/2024 10:58:35 [Information] Z Axis Data Received: P
11/17/2024 10:58:35 [Information] Z Axis Data Received: E
11/17/2024 10:58:35 [Information] Z Axis Data Received: D
11/17/2024 10:58:35 [Information] Z Axis Data Received: 
11/17/2024 10:58:35 [Information] Z Axis Data Received: 

11/17/2024 10:58:35 [Information] Time remaining: 00:00:01 targetEndTime = 10:58:37
11/17/2024 10:58:35 [Information] Z Axis Data Received: Z Axis CCW Motor Current Position:  286

11/17/2024 10:58:35 [Information] Limit Switch Pressed
11/17/2024 10:58:35 [Information] Stepper Motor Controller Timer Stopped.
11/17/2024 10:58:35 [Information] Stepper Motor Controller Stopwatch Reset.
11/17/2024 10:59:13 [Information] Z Axis CCW Motor Current Position: 69.72
11/17/2024 10:59:13 [Information] Z Axis Data Received: Z Axis reached target position
Current Position: 366

11/17/2024 10:59:20 [Information] Updated X,Y Zero.IsChecked status to 0 and Z Zero.IsChecked status to 1.
11/17/2024 10:59:22 [Information] Z Axis Run button clicked:
11/17/2024 10:59:22 [Information] Z Axis Run Event to reset Axis to zero: Z,0.00,400.00,0,0.00,400.00,0,0.00,400.00,1
11/17/2024 10:59:22 [Information] Setting Z Axis Current Location Set to Zero on DRO
11/17/2024 10:59:23 [Information] Updated X,Y,Z Zero.IsChecked status to 0.
11/17/2024 10:59:23 [Information] Z Axis Current Location Set to Zero
11/17/2024 10:59:23 [Information] Z Axis Data Received: ????????????????????????????????????????????????????????????????e
11/17/2024 10:59:23 [Information] Z Axis Data Received: r
11/17/2024 10:59:23 [Information] Z Axis Data Received: i
11/17/2024 10:59:23 [Information] Z Axis Data Received: a
11/17/2024 10:59:23 [Information] Z Axis Data Received: l
11/17/2024 10:59:23 [Information] Z Axis Data Received: D
11/17/2024 10:59:23 [Information] Z Axis Data Received: a
11/17/2024 10:59:23 [Information] Z Axis Data Received: t
11/17/2024 10:59:23 [Information] Z Axis Data Received: a
11/17/2024 10:59:23 [Information] Z Axis Data Received: :
11/17/2024 10:59:23 [Information] Z Axis Data Received:  
11/17/2024 10:59:23 [Information] Z Axis Data Received: Z
11/17/2024 10:59:23 [Information] Z Axis Data Received: ,
11/17/2024 10:59:23 [Information] Z Axis Data Received: 0
11/17/2024 10:59:23 [Information] Z Axis Data Received: .
11/17/2024 10:59:23 [Information] Z Axis Data Received: 0
11/17/2024 10:59:23 [Information] Z Axis Data Received: 0
11/17/2024 10:59:23 [Information] Z Axis Data Received: ,
11/17/2024 10:59:23 [Information] Z Axis Data Received: 4
11/17/2024 10:59:23 [Information] Z Axis Data Received: 0
11/17/2024 10:59:23 [Information] Z Axis Data Received: 0
11/17/2024 10:59:23 [Information] Z Axis Data Received: .
11/17/2024 10:59:23 [Information] Z Axis Data Received: 0
11/17/2024 10:59:23 [Information] Z Axis Data Received: 0
11/17/2024 10:59:23 [Information] Z Axis Data Received: ,
11/17/2024 10:59:23 [Information] Z Axis Data Received: 0
11/17/2024 10:59:23 [Information] Z Axis Data Received: ,
11/17/2024 10:59:23 [Information] Z Axis Data Received: 0
11/17/2024 10:59:23 [Information] Z Axis Data Received: .
11/17/2024 10:59:23 [Information] Z Axis Data Received: 0
11/17/2024 10:59:23 [Information] Z Axis Data Received: 0
11/17/2024 10:59:23 [Information] Z Axis Data Received: ,
11/17/2024 10:59:23 [Information] Z Axis Data Received: 4
11/17/2024 10:59:23 [Information] Z Axis Data Received: 0
11/17/2024 10:59:23 [Information] Z Axis Data Received: 0
11/17/2024 10:59:23 [Information] Z Axis Data Received: .
11/17/2024 10:59:23 [Information] Z Axis Data Received: 0
11/17/2024 10:59:23 [Information] Z Axis Data Received: 0
11/17/2024 10:59:23 [Information] Z Axis Data Received: ,
11/17/2024 10:59:23 [Information] Z Axis Data Received: 0
11/17/2024 10:59:23 [Information] Z Axis Data Received: ,
11/17/2024 10:59:23 [Information] Z Axis Data Received: 0
11/17/2024 10:59:23 [Information] Z Axis Data Received: .
11/17/2024 10:59:23 [Information] Z Axis Data Received: 0
11/17/2024 10:59:23 [Information] Z Axis Data Received: 0
11/17/2024 10:59:23 [Information] Z Axis Data Received: ,
11/17/2024 10:59:23 [Information] Z Axis Data Received: 4
11/17/2024 10:59:23 [Information] Z Axis Data Received: 0
11/17/2024 10:59:23 [Information] Z Axis Data Received: 0
11/17/2024 10:59:23 [Information] Z Axis Data Received: .
11/17/2024 10:59:23 [Information] Z Axis Data Received: 0
11/17/2024 10:59:23 [Information] Z Axis Data Received: 0
11/17/2024 10:59:23 [Information] Z Axis Data Received: ,
11/17/2024 10:59:23 [Information] Z Axis Data Received: 1
11/17/2024 10:59:23 [Information] Z Axis Data Received: 
11/17/2024 10:59:23 [Information] Z Axis Data Received: 

11/17/2024 10:59:23 [Information] Z Axis Data Received: E
11/17/2024 10:59:23 [Information] Z Axis Data Received: S
11/17/2024 10:59:23 [Information] Z Axis Data Received: P
11/17/2024 10:59:23 [Information] Z Axis Data Received:  
11/17/2024 10:59:23 [Information] Z Axis Data Received: 3
11/17/2024 10:59:23 [Information] Z Axis Data Received: 2
11/17/2024 10:59:23 [Information] Z Axis Data Received:  
11/17/2024 10:59:23 [Information] Z Axis Data Received: B
11/17/2024 10:59:23 [Information] Z Axis Data Received: o
11/17/2024 10:59:23 [Information] Z Axis Data Received: a
11/17/2024 10:59:23 [Information] Z Axis Data Received: r
11/17/2024 10:59:23 [Information] Z Axis Data Received: d
11/17/2024 10:59:23 [Information] Z Axis Data Received:  
11/17/2024 10:59:23 [Information] Z Axis Data Received: R
11/17/2024 10:59:23 [Information] Z Axis Data Received: e
11/17/2024 10:59:23 [Information] Z Axis Data Received: s
11/17/2024 10:59:23 [Information] Z Axis Data Received: e
11/17/2024 10:59:23 [Information] Z Axis Data Received: t
11/17/2024 10:59:23 [Information] Z Axis Data Received: .
11/17/2024 10:59:23 [Information] Z Axis Data Received: 
11/17/2024 10:59:23 [Information] Z Axis Data Received: 

11/17/2024 10:59:26 [Information] Z Axis Data Received: ?
11/17/2024 10:59:30 [Information] Z Axis Data Received: V
11/17/2024 10:59:30 [Information] Z Axis Data Received: M
11/17/2024 10:59:30 [Information] Z Axis Data Received: D
11/17/2024 10:59:30 [Information] Z Axis Data Received: P
11/17/2024 10:59:30 [Information] Z Axis Data Received: V
11/17/2024 10:59:30 [Information] Z Axis Data Received: _
11/17/2024 10:59:30 [Information] Z Axis Data Received: 1
11/17/2024 10:59:30 [Information] Z Axis Data Received: |
11/17/2024 10:59:30 [Information] Z Axis Data Received: 1
11/17/2024 10:59:30 [Information] Z Axis Data Received: _
11/17/2024 10:59:30 [Information] Z Axis Data Received: V
11/17/2024 10:59:30 [Information] Z Axis Data Received: M
11/17/2024 10:59:30 [Information] Z Axis Data Received: D
11/17/2024 10:59:30 [Information] Z Axis Data Received: P
11/17/2024 10:59:30 [Information] Z Axis Data Received: V
11/17/2024 10:59:30 [Information] Z Axis Data Received: 

11/17/2024 10:59:30 [Information] Z Axis Data Received: V
11/17/2024 10:59:30 [Information] Z Axis Data Received: M
11/17/2024 10:59:30 [Information] Z Axis Data Received: D
11/17/2024 10:59:30 [Information] Z Axis Data Received: P
11/17/2024 10:59:30 [Information] Z Axis Data Received: R
11/17/2024 10:59:30 [Information] Z Axis Data Received: _
11/17/2024 10:59:31 [Information] Z Axis mouse controlled Keypad returned: 32.00
11/17/2024 10:59:32 [Information] Z Axis Run button clicked:
11/17/2024 10:59:32 [Information] Z Axis MotorMovementSeconds decimal: (32.00 / 4) / 2 = 4.00
11/17/2024 10:59:33 [Information] Z Axis Run Event: Z,0.00,400.00,0,0.00,400.00,0,32.00,400.00,0
11/17/2024 10:59:33 [Information] Z Axis Current Time: 10:59:33 + 4000 = 10:59:37
11/17/2024 10:59:33 [Information] Z Axis Data Received: s
11/17/2024 10:59:33 [Information] Z Axis Data Received: e
11/17/2024 10:59:33 [Information] Z Axis Data Received: r
11/17/2024 10:59:33 [Information] Z Axis Data Received: i
11/17/2024 10:59:33 [Information] Z Axis Data Received: a
11/17/2024 10:59:33 [Information] Z Axis Data Received: l
11/17/2024 10:59:33 [Information] Z Axis Data Received: D
11/17/2024 10:59:33 [Information] Z Axis Data Received: a
11/17/2024 10:59:33 [Information] Z Axis Data Received: t
11/17/2024 10:59:33 [Information] Z Axis Data Received: a
11/17/2024 10:59:33 [Information] Z Axis Data Received: :
11/17/2024 10:59:33 [Information] Z Axis Data Received:  
11/17/2024 10:59:33 [Information] Z Axis Data Received: Z
11/17/2024 10:59:33 [Information] Z Axis Data Received: ,
11/17/2024 10:59:33 [Information] Z Axis Data Received: 0
11/17/2024 10:59:33 [Information] Z Axis Data Received: .
11/17/2024 10:59:33 [Information] Z Axis Data Received: 0
11/17/2024 10:59:33 [Information] Z Axis Data Received: 0
11/17/2024 10:59:33 [Information] Z Axis Data Received: ,
11/17/2024 10:59:33 [Information] Z Axis Data Received: 4
11/17/2024 10:59:33 [Information] Z Axis Data Received: 0
11/17/2024 10:59:33 [Information] Z Axis Data Received: 0
11/17/2024 10:59:33 [Information] Z Axis Data Received: .
11/17/2024 10:59:33 [Information] Z Axis Data Received: 0
11/17/2024 10:59:33 [Information] Z Axis Data Received: 0
11/17/2024 10:59:33 [Information] Z Axis Data Received: ,
11/17/2024 10:59:33 [Information] Z Axis Data Received: 0
11/17/2024 10:59:33 [Information] Z Axis Data Received: ,
11/17/2024 10:59:33 [Information] Z Axis Data Received: 0
11/17/2024 10:59:33 [Information] Z Axis Data Received: .
11/17/2024 10:59:33 [Information] Z Axis Data Received: 0
11/17/2024 10:59:33 [Information] Z Axis Data Received: 0
11/17/2024 10:59:33 [Information] Z Axis Data Received: ,
11/17/2024 10:59:33 [Information] Z Axis Data Received: 4
11/17/2024 10:59:33 [Information] Z Axis Data Received: 0
11/17/2024 10:59:33 [Information] Z Axis Data Received: 0
11/17/2024 10:59:33 [Information] Z Axis Data Received: .
11/17/2024 10:59:33 [Information] Z Axis Data Received: 0
11/17/2024 10:59:33 [Information] Z Axis Data Received: 0
11/17/2024 10:59:33 [Information] Z Axis Data Received: ,
11/17/2024 10:59:33 [Information] Z Axis Data Received: 0
11/17/2024 10:59:33 [Information] Z Axis Data Received: ,
11/17/2024 10:59:33 [Information] Z Axis Data Received: 3
11/17/2024 10:59:33 [Information] Z Axis Data Received: 2
11/17/2024 10:59:33 [Information] Z Axis Data Received: .
11/17/2024 10:59:33 [Information] Z Axis Data Received: 0
11/17/2024 10:59:33 [Information] Z Axis Data Received: 0
11/17/2024 10:59:33 [Information] Z Axis Data Received: ,
11/17/2024 10:59:33 [Information] Stepper Motor Controller Disable Z Axis controls while moving to location.
11/17/2024 10:59:33 [Information] Time remaining: 00:00:00 targetEndTime = 10:59:37
11/17/2024 10:59:33 [Information] Z Axis Data Received: 4
11/17/2024 10:59:33 [Information] Z Axis Data Received: 0
11/17/2024 10:59:33 [Information] Z Axis Data Received: 0
11/17/2024 10:59:33 [Information] Z Axis Data Received: .
11/17/2024 10:59:33 [Information] Z Axis Data Received: 0
11/17/2024 10:59:33 [Information] Z Axis Data Received: 0
11/17/2024 10:59:33 [Information] Z Axis Data Received: ,
11/17/2024 10:59:33 [Information] Z Axis Data Received: 0
11/17/2024 10:59:33 [Information] Z Axis Data Received: 
11/17/2024 10:59:33 [Information] Z Axis Data Received: 

11/17/2024 10:59:33 [Information] Stepper Motor Controller Disable Z Axis controls while moving to location.
11/17/2024 10:59:33 [Information] Time remaining: 00:00:00 targetEndTime = 10:59:37
11/17/2024 10:59:33 [Information] Stepper Motor Controller Disable Z Axis controls while moving to location.
11/17/2024 10:59:33 [Information] Time remaining: 00:00:00 targetEndTime = 10:59:37
11/17/2024 10:59:33 [Information] Stepper Motor Controller Disable Z Axis controls while moving to location.
11/17/2024 10:59:33 [Information] Time remaining: 00:00:00 targetEndTime = 10:59:37
11/17/2024 10:59:33 [Information] Stepper Motor Controller Disable Z Axis controls while moving to location.
11/17/2024 10:59:33 [Information] Time remaining: 00:00:00 targetEndTime = 10:59:37
11/17/2024 10:59:33 [Information] Stepper Motor Controller Disable Z Axis controls while moving to location.
11/17/2024 10:59:33 [Information] Time remaining: 00:00:00 targetEndTime = 10:59:37
11/17/2024 10:59:33 [Information] Stepper Motor Controller Disable Z Axis controls while moving to location.
11/17/2024 10:59:33 [Information] Time remaining: 00:00:00 targetEndTime = 10:59:37
11/17/2024 10:59:33 [Information] Stepper Motor Controller Disable Z Axis controls while moving to location.
11/17/2024 10:59:33 [Information] Time remaining: 00:00:00 targetEndTime = 10:59:37
11/17/2024 10:59:33 [Information] Stepper Motor Controller Disable Z Axis controls while moving to location.
11/17/2024 10:59:33 [Information] Time remaining: 00:00:00 targetEndTime = 10:59:37
11/17/2024 10:59:33 [Information] Stepper Motor Controller Disable Z Axis controls while moving to location.
11/17/2024 10:59:33 [Information] Time remaining: 00:00:00 targetEndTime = 10:59:37
11/17/2024 10:59:33 [Information] Stepper Motor Controller Disable Z Axis controls while moving to location.
11/17/2024 10:59:33 [Information] Time remaining: 00:00:00 targetEndTime = 10:59:37
11/17/2024 10:59:33 [Information] Stepper Motor Controller Disable Z Axis controls while moving to location.
11/17/2024 10:59:33 [Information] Time remaining: 00:00:00 targetEndTime = 10:59:37
11/17/2024 10:59:33 [Information] Stepper Motor Controller Disable Z Axis controls while moving to location.
11/17/2024 10:59:33 [Information] Time remaining: 00:00:00 targetEndTime = 10:59:37
11/17/2024 10:59:33 [Information] Stepper Motor Controller Disable Z Axis controls while moving to location.
11/17/2024 10:59:33 [Information] Time remaining: 00:00:00 targetEndTime = 10:59:37
11/17/2024 10:59:33 [Information] Stepper Motor Controller Disable Z Axis controls while moving to location.
11/17/2024 10:59:33 [Information] Time remaining: 00:00:00 targetEndTime = 10:59:37
11/17/2024 10:59:33 [Information] Stepper Motor Controller Disable Z Axis controls while moving to location.
11/17/2024 10:59:33 [Information] Time remaining: 00:00:00 targetEndTime = 10:59:37
11/17/2024 10:59:33 [Information] Stepper Motor Controller Disable Z Axis controls while moving to location.
11/17/2024 10:59:33 [Information] Time remaining: 00:00:00 targetEndTime = 10:59:37
11/17/2024 10:59:33 [Information] Stepper Motor Controller Disable Z Axis controls while moving to location.
11/17/2024 10:59:33 [Information] Time remaining: 00:00:00 targetEndTime = 10:59:37
11/17/2024 10:59:33 [Information] Stepper Motor Controller Disable Z Axis controls while moving to location.
11/17/2024 10:59:33 [Information] Time remaining: 00:00:00 targetEndTime = 10:59:37
11/17/2024 10:59:33 [Information] Z Axis Data Received: Z
11/17/2024 10:59:33 [Information] Z Axis Data Received:  
11/17/2024 10:59:33 [Information] Z Axis Data Received: A
11/17/2024 10:59:33 [Information] Z Axis Data Received: x
11/17/2024 10:59:33 [Information] Z Axis Data Received: i
11/17/2024 10:59:33 [Information] Z Axis Data Received: s
11/17/2024 10:59:33 [Information] Z Axis Data Received:  
11/17/2024 10:59:33 [Information] Z Axis Data Received: C
11/17/2024 10:59:33 [Information] Z Axis Data Received: C
11/17/2024 10:59:33 [Information] Z Axis Data Received: W
11/17/2024 10:59:33 [Information] Z Axis Data Received:  
11/17/2024 10:59:33 [Information] Stepper Motor Controller Disable Z Axis controls while moving to location.
11/17/2024 10:59:33 [Information] Time remaining: 00:00:00 targetEndTime = 10:59:37
11/17/2024 10:59:33 [Information] Z Axis Data Received: TOPPED
Z Axis CCW Motor Current Position:  110
Z Axis CCW
11/17/2024 10:59:33 [Information] Limit Switch Pressed
11/17/2024 10:59:33 [Information] Stepper Motor Controller Timer Stopped.
11/17/2024 10:59:33 [Information] Stepper Motor Controller Stopwatch Reset.
11/17/2024 10:59:41 [Information] Z Axis CCW Motor Current Position: 34.20
11/17/2024 10:59:41 [Information] Z Axis Data Received:  STOPPED
Z Axis CCW Motor Current Position:  110
Z Axis CCW STOPPED
Z Axis CCW Motor Current Position:  110
Z Axis CCW STOPPED
Z Axis CCW Motor Current Position:  111
Z Axis CCW STOPPED
Z Axis CCW Motor Current Position:  111
Z Axis reached target position
Current Position: 191

11/17/2024 10:59:41 [Information] Limit Switch Pressed
11/17/2024 10:59:41 [Information] Stepper Motor Controller Timer Stopped.
11/17/2024 10:59:41 [Information] Stepper Motor Controller Stopwatch Reset.
11/17/2024 10:59:47 [Information] Z Axis CCW Motor Current Position: 36.40
11/17/2024 10:59:51 [Information] Z Axis CCW Motor Current Position: 38.60
11/17/2024 11:00:03 [Information] Z Axis CCW Motor Current Position: 40.82
11/17/2024 11:00:03 [Information] Z Axis CCW Motor Current Position: 43.04
11/17/2024 11:00:08 [Information] Stepper Motor Controller MainWindow Closing.
11/17/2024 11:00:08 [Information] Stepper Motor Controller Serial Ports closed.
11/17/2024 11:00:08 [Information] Properties Settings Saved.
11/17/2024 11:00:08 [Information] Properties Settings Form Closed.
11/17/2024 11:00:08 [Information] Stepper Motor Controller Form Closed.
