10/26/2024 12:54:58 [Information] Stepper Motor Controller Application Started.
10/26/2024 12:54:58 [Information] Version: 3.0.9065.23244 (10/26/2024 12:54:58)
10/26/2024 12:54:58 [Information] X Axis SerialPort COM7 not connected.
10/26/2024 12:54:58 [Information] Y Axis SerialPort COM8 not connected.
10/26/2024 12:54:59 [Information] Version: 3.1.0.23245 (10/26/2024 12:54:59)
10/26/2024 12:54:59 [Information] Version: 3.1.0.23245 (10/26/2024 12:54:59)
10/26/2024 12:54:59 [Information] Stepper Motor Controller Application Settings Window Opened.
10/26/2024 12:54:59 [Information] Stepper Motor Controller Application Settings form is rebuilt each and every time it is opened.
10/26/2024 12:54:59 [Information] int: 9600 BaudRate added to the Settings Form.
10/26/2024 12:54:59 [Information] bool: False ckbXaxisResetToZeroIsChecked added to the Settings Form.
10/26/2024 12:54:59 [Information] bool: False ckbYaxisResetToZeroIsChecked added to the Settings Form.
10/26/2024 12:54:59 [Information] bool: False ckbZaxisResetToZeroIsChecked added to the Settings Form.
10/26/2024 12:54:59 [Information] COM1: ComPort added to the Settings Form.
10/26/2024 12:54:59 [Information] COM2: ComPort added to the Settings Form.
10/26/2024 12:54:59 [Information] COM3: ComPort added to the Settings Form.
10/26/2024 12:54:59 [Information] COM4: ComPort added to the Settings Form.
10/26/2024 12:54:59 [Information] COM5: ComPort added to the Settings Form.
10/26/2024 12:54:59 [Information] COM6: ComPort added to the Settings Form.
10/26/2024 12:54:59 [Information] COM7: ComPort added to the Settings Form.
10/26/2024 12:54:59 [Information] COM8: ComPort added to the Settings Form.
10/26/2024 12:54:59 [Information] COM9: ComPort added to the Settings Form.
10/26/2024 12:54:59 [Information] COM10: ComPort added to the Settings Form.
10/26/2024 12:54:59 [Information] decimal: 4.00 Divider4_00 added to the Settings Form.
10/26/2024 12:54:59 [Information] decimal: 0.00 MathPart2Initlz added to the Settings Form.
10/26/2024 12:54:59 [Information] decimal: 1.00 MilisecondTimerInterval added to the Settings Form.
10/26/2024 12:54:59 [Information] decimal: 1000.00 MillisecondDelay added to the Settings Form.
10/26/2024 12:54:59 [Information] int: 1000 Milliseconds added to the Settings Form.
10/26/2024 12:54:59 [Information] int: 4 mmPerRevolution added to the Settings Form.
10/26/2024 12:54:59 [Information] int: 2000 ThreadSleep added to the Settings Form.
10/26/2024 12:54:59 [Information] decimal: 0.00 Value_0_00 added to the Settings Form.
10/26/2024 12:54:59 [Information] decimal: 50.00 XaxisAcceleration added to the Settings Form.
10/26/2024 12:54:59 [Information] bool: False XaxisChanged added to the Settings Form.
10/26/2024 12:54:59 [Information] decimal: 400.00 XaxisMotorSpeed added to the Settings Form.
10/26/2024 12:54:59 [Information] decimal: 0.00 XaxisStepperCurrent added to the Settings Form.
10/26/2024 12:54:59 [Information] decimal: 0.00 XaxisStepperMove added to the Settings Form.
10/26/2024 12:54:59 [Information] XCOM1: XComPort added to the Settings Form.
10/26/2024 12:54:59 [Information] XCOM2: XComPort added to the Settings Form.
10/26/2024 12:54:59 [Information] XCOM3: XComPort added to the Settings Form.
10/26/2024 12:54:59 [Information] XCOM4: XComPort added to the Settings Form.
10/26/2024 12:54:59 [Information] XCOM5: XComPort added to the Settings Form.
10/26/2024 12:54:59 [Information] XCOM6: XComPort added to the Settings Form.
10/26/2024 12:54:59 [Information] XCOM7: XComPort added to the Settings Form.
10/26/2024 12:54:59 [Information] XCOM8: XComPort added to the Settings Form.
10/26/2024 12:54:59 [Information] XCOM9: XComPort added to the Settings Form.
10/26/2024 12:54:59 [Information] XCOM10: XComPort added to the Settings Form.
10/26/2024 12:54:59 [Information] decimal: 50.00 YaxisAcceleration added to the Settings Form.
10/26/2024 12:54:59 [Information] bool: False YaxisChanged added to the Settings Form.
10/26/2024 12:54:59 [Information] decimal: 400.00 YaxisMotorSpeed added to the Settings Form.
10/26/2024 12:54:59 [Information] decimal: 0.00 YaxisStepperCurrent added to the Settings Form.
10/26/2024 12:54:59 [Information] decimal: 0.00 YaxisStepperMove added to the Settings Form.
10/26/2024 12:54:59 [Information] YCOM1: YComPort added to the Settings Form.
10/26/2024 12:54:59 [Information] YCOM2: YComPort added to the Settings Form.
10/26/2024 12:54:59 [Information] YCOM3: YComPort added to the Settings Form.
10/26/2024 12:54:59 [Information] YCOM4: YComPort added to the Settings Form.
10/26/2024 12:54:59 [Information] YCOM5: YComPort added to the Settings Form.
10/26/2024 12:54:59 [Information] YCOM6: YComPort added to the Settings Form.
10/26/2024 12:54:59 [Information] YCOM7: YComPort added to the Settings Form.
10/26/2024 12:54:59 [Information] YCOM8: YComPort added to the Settings Form.
10/26/2024 12:54:59 [Information] YCOM9: YComPort added to the Settings Form.
10/26/2024 12:54:59 [Information] YCOM10: YComPort added to the Settings Form.
10/26/2024 12:54:59 [Information] decimal: 50.00 ZaxisAcceleration added to the Settings Form.
10/26/2024 12:54:59 [Information] bool: False ZaxisChanged added to the Settings Form.
10/26/2024 12:54:59 [Information] decimal: 400.00 ZaxisMotorSpeed added to the Settings Form.
10/26/2024 12:54:59 [Information] decimal: 0.00 ZaxisStepperCurrent added to the Settings Form.
10/26/2024 12:54:59 [Information] decimal: 0.00 ZaxisStepperMove added to the Settings Form.
10/26/2024 12:54:59 [Information] ZCOM1: ZComPort added to the Settings Form.
10/26/2024 12:54:59 [Information] ZCOM2: ZComPort added to the Settings Form.
10/26/2024 12:54:59 [Information] ZCOM3: ZComPort added to the Settings Form.
10/26/2024 12:54:59 [Information] ZCOM4: ZComPort added to the Settings Form.
10/26/2024 12:54:59 [Information] ZCOM5: ZComPort added to the Settings Form.
10/26/2024 12:54:59 [Information] ZCOM6: ZComPort added to the Settings Form.
10/26/2024 12:54:59 [Information] ZCOM7: ZComPort added to the Settings Form.
10/26/2024 12:54:59 [Information] ZCOM8: ZComPort added to the Settings Form.
10/26/2024 12:54:59 [Information] ZCOM9: ZComPort added to the Settings Form.
10/26/2024 12:54:59 [Information] ZCOM10: ZComPort added to the Settings Form.
10/26/2024 12:54:59 [Information] int: 0 zeroXaxis added to the Settings Form.
10/26/2024 12:54:59 [Information] int: 0 zeroYaxis added to the Settings Form.
10/26/2024 12:54:59 [Information] int: 0 zeroZaxis added to the Settings Form.
10/26/2024 12:54:59 [Information] Stepper Motor Controller MainWindow loaded
10/26/2024 12:54:59 [Information] Set MainWindow Media Brushes to White.
10/26/2024 12:55:07 [Information] Z Axis mouse controlled Keypad returned: 4.00
10/26/2024 12:55:09 [Information] ZAxisRun_Click button clicked:
10/26/2024 12:55:09 [Information] Z Axis MotorMovementSeconds decimal: (4.00 / 4) / 2 = 0.50
10/26/2024 12:55:09 [Information] Z Axis myMovementTimer int: 1000 * 0.50 = 0
10/26/2024 12:55:10 [Information] Z Axis Run Event: Z,0.00,400.00,0,0.00,400.00,0,4.00,400.00,0
10/26/2024 12:55:10 [Information] Z Axis Current Time: 12:55:10 + 0 = targetEndTime: 12:55:10
10/26/2024 12:55:10 [Information] Stepper Motor Controller Enable Z Axis controls after moving to location.
10/26/2024 12:55:10 [Information] Stepper Motor Controller Stopwatch Stopped.
10/26/2024 12:55:10 [Information] Stepper Motor Controller Timer Stopped.
10/26/2024 12:55:10 [Information] Stepper Motor Controller Stopwatch Reset.
10/26/2024 12:55:20 [Information] Z Axis mouse controlled Keypad returned: -4.00
10/26/2024 12:55:40 [Information] ZAxisRun_Click button clicked:
10/26/2024 12:55:40 [Information] Z Axis negative value: -4.00 converted to positive decimal: 4.00
10/26/2024 12:55:40 [Information] Z Axis MotorMovementSeconds decimal: (4.00 / 4) / 2 = 0.50
10/26/2024 12:55:40 [Information] Z Axis myMovementTimer int: 1000 * 0.50 = 0
10/26/2024 12:55:41 [Information] Z Axis Run Event: Z,0.00,400.00,0,0.00,400.00,0,0.00,400.00,0
10/26/2024 12:55:41 [Information] Z Axis Current Time: 12:55:41 + 0 = targetEndTime: 12:55:41
10/26/2024 12:55:41 [Information] Stepper Motor Controller Enable Z Axis controls after moving to location.
10/26/2024 12:55:41 [Information] Stepper Motor Controller Stopwatch Stopped.
10/26/2024 12:55:41 [Information] Stepper Motor Controller Timer Stopped.
10/26/2024 12:55:41 [Information] Stepper Motor Controller Stopwatch Reset.
10/26/2024 12:55:44 [Information] Stepper Motor Controller MainWindow Closing.
10/26/2024 12:55:44 [Information] Stepper Motor Controller Serial Ports closed.
10/26/2024 12:55:44 [Information] Properties Settings Saved.
10/26/2024 12:55:44 [Information] Properties Settings Form Closed.
10/26/2024 12:55:44 [Information] Stepper Motor Controller Form Closed.
