11/13/2024 21:05:33 [Information] Stepper Motor Controller Application Started.
11/13/2024 21:05:33 [Information] Version: 3.0.9083.37962 (11/13/2024 21:05:33)
11/13/2024 21:05:34 [Information] SerialPort COM7 not connected.
11/13/2024 21:05:34 [Information] SerialPort COM8 not connected.
11/13/2024 21:05:34 [Information] Stepper Motor Controller Application Started.
11/13/2024 21:05:34 [Information] Version: 3.0.9083.37962 (11/13/2024 21:05:34)
11/13/2024 21:05:34 [Information] Version: 3.1.0.37963 (11/13/2024 21:05:34)
11/13/2024 21:05:34 [Information] Version: 3.1.0.37963 (11/13/2024 21:05:34)
11/13/2024 21:05:34 [Information] Stepper Motor Controller Application Settings Window Opened.
11/13/2024 21:05:34 [Information] Stepper Motor Controller Application Settings form is rebuilt each and every time it is opened.
11/13/2024 21:05:34 [Information] int: 9600 BaudRate added to the Settings Form.
11/13/2024 21:05:34 [Information] bool: False ckbXaxisResetToZeroIsChecked added to the Settings Form.
11/13/2024 21:05:34 [Information] bool: False ckbYaxisResetToZeroIsChecked added to the Settings Form.
11/13/2024 21:05:34 [Information] bool: False ckbZaxisResetToZeroIsChecked added to the Settings Form.
11/13/2024 21:05:34 [Information] COM1: ComPort added to the Settings Form.
11/13/2024 21:05:34 [Information] COM2: ComPort added to the Settings Form.
11/13/2024 21:05:34 [Information] COM3: ComPort added to the Settings Form.
11/13/2024 21:05:34 [Information] COM4: ComPort added to the Settings Form.
11/13/2024 21:05:34 [Information] COM5: ComPort added to the Settings Form.
11/13/2024 21:05:34 [Information] COM6: ComPort added to the Settings Form.
11/13/2024 21:05:34 [Information] COM7: ComPort added to the Settings Form.
11/13/2024 21:05:34 [Information] COM8: ComPort added to the Settings Form.
11/13/2024 21:05:34 [Information] COM9: ComPort added to the Settings Form.
11/13/2024 21:05:34 [Information] COM10: ComPort added to the Settings Form.
11/13/2024 21:05:34 [Information] decimal: 4.00 Divider4_00 added to the Settings Form.
11/13/2024 21:05:34 [Information] decimal: 0.00 MathPart2Initlz added to the Settings Form.
11/13/2024 21:05:34 [Information] decimal: 1.00 MilisecondTimerInterval added to the Settings Form.
11/13/2024 21:05:34 [Information] decimal: 1000.00 MillisecondDelay added to the Settings Form.
11/13/2024 21:05:34 [Information] int: 1000 Milliseconds added to the Settings Form.
11/13/2024 21:05:34 [Information] int: 4 mmPerRevolution added to the Settings Form.
11/13/2024 21:05:34 [Information] int: 2000 ThreadSleep added to the Settings Form.
11/13/2024 21:05:34 [Information] decimal: 0.00 Value_0_00 added to the Settings Form.
11/13/2024 21:05:34 [Information] decimal: 50.00 XaxisAcceleration added to the Settings Form.
11/13/2024 21:05:34 [Information] bool: False XaxisChanged added to the Settings Form.
11/13/2024 21:05:34 [Information] decimal: 400.00 XaxisMotorSpeed added to the Settings Form.
11/13/2024 21:05:34 [Information] decimal: 0.00 XaxisStepperCurrent added to the Settings Form.
11/13/2024 21:05:34 [Information] decimal: 0.00 XaxisStepperMove added to the Settings Form.
11/13/2024 21:05:34 [Information] XCOM1: XComPort added to the Settings Form.
11/13/2024 21:05:34 [Information] XCOM2: XComPort added to the Settings Form.
11/13/2024 21:05:34 [Information] XCOM3: XComPort added to the Settings Form.
11/13/2024 21:05:34 [Information] XCOM4: XComPort added to the Settings Form.
11/13/2024 21:05:34 [Information] XCOM5: XComPort added to the Settings Form.
11/13/2024 21:05:34 [Information] XCOM6: XComPort added to the Settings Form.
11/13/2024 21:05:34 [Information] XCOM7: XComPort added to the Settings Form.
11/13/2024 21:05:34 [Information] XCOM8: XComPort added to the Settings Form.
11/13/2024 21:05:34 [Information] XCOM9: XComPort added to the Settings Form.
11/13/2024 21:05:34 [Information] XCOM10: XComPort added to the Settings Form.
11/13/2024 21:05:34 [Information] decimal: 50.00 YaxisAcceleration added to the Settings Form.
11/13/2024 21:05:34 [Information] bool: False YaxisChanged added to the Settings Form.
11/13/2024 21:05:34 [Information] decimal: 400.00 YaxisMotorSpeed added to the Settings Form.
11/13/2024 21:05:34 [Information] decimal: 0.00 YaxisStepperCurrent added to the Settings Form.
11/13/2024 21:05:34 [Information] decimal: 0.00 YaxisStepperMove added to the Settings Form.
11/13/2024 21:05:34 [Information] YCOM1: YComPort added to the Settings Form.
11/13/2024 21:05:34 [Information] YCOM2: YComPort added to the Settings Form.
11/13/2024 21:05:34 [Information] YCOM3: YComPort added to the Settings Form.
11/13/2024 21:05:34 [Information] YCOM4: YComPort added to the Settings Form.
11/13/2024 21:05:34 [Information] YCOM5: YComPort added to the Settings Form.
11/13/2024 21:05:34 [Information] YCOM6: YComPort added to the Settings Form.
11/13/2024 21:05:34 [Information] YCOM7: YComPort added to the Settings Form.
11/13/2024 21:05:34 [Information] YCOM8: YComPort added to the Settings Form.
11/13/2024 21:05:34 [Information] YCOM9: YComPort added to the Settings Form.
11/13/2024 21:05:34 [Information] YCOM10: YComPort added to the Settings Form.
11/13/2024 21:05:34 [Information] decimal: 50.00 ZaxisAcceleration added to the Settings Form.
11/13/2024 21:05:34 [Information] bool: False ZaxisChanged added to the Settings Form.
11/13/2024 21:05:34 [Information] decimal: 400.00 ZaxisMotorSpeed added to the Settings Form.
11/13/2024 21:05:34 [Information] decimal: 0.00 ZaxisStepperCurrent added to the Settings Form.
11/13/2024 21:05:34 [Information] decimal: 0.00 ZaxisStepperMove added to the Settings Form.
11/13/2024 21:05:34 [Information] ZCOM1: ZComPort added to the Settings Form.
11/13/2024 21:05:34 [Information] ZCOM2: ZComPort added to the Settings Form.
11/13/2024 21:05:34 [Information] ZCOM3: ZComPort added to the Settings Form.
11/13/2024 21:05:34 [Information] ZCOM4: ZComPort added to the Settings Form.
11/13/2024 21:05:34 [Information] ZCOM5: ZComPort added to the Settings Form.
11/13/2024 21:05:34 [Information] ZCOM6: ZComPort added to the Settings Form.
11/13/2024 21:05:34 [Information] ZCOM7: ZComPort added to the Settings Form.
11/13/2024 21:05:34 [Information] ZCOM8: ZComPort added to the Settings Form.
11/13/2024 21:05:34 [Information] ZCOM9: ZComPort added to the Settings Form.
11/13/2024 21:05:34 [Information] ZCOM10: ZComPort added to the Settings Form.
11/13/2024 21:05:34 [Information] int: 0 zeroXaxis added to the Settings Form.
11/13/2024 21:05:34 [Information] int: 0 zeroYaxis added to the Settings Form.
11/13/2024 21:05:34 [Information] int: 0 zeroZaxis added to the Settings Form.
11/13/2024 21:05:34 [Information] Stepper Motor Controller MainWindow loaded
11/13/2024 21:05:34 [Information] Set MainWindow Media Brushes to White.
11/13/2024 21:05:43 [Information] Z Axis mouse controlled Keypad returned: 8.00
11/13/2024 21:05:45 [Information] Z Axis Run button clicked:
11/13/2024 21:05:45 [Information] Z Axis MotorMovementSeconds decimal: (8.00 / 4) / 2 = 1.00
11/13/2024 21:05:46 [Information] Z Axis Run Event: Z,0.00,400.00,0,0.00,400.00,0,8.00,400.00,0
11/13/2024 21:05:46 [Information] Z Axis Current Time: 09:05:46 + 1000 = 09:05:47
11/13/2024 21:05:46 [Information] Stepper Motor Controller Disable Z Axis controls while moving to location.
11/13/2024 21:05:46 [Information] Time remaining: 00:00:00 targetEndTime = 09:05:47
11/13/2024 21:05:46 [Information] Z Axis Data Received: ???????????????????????????????????????????????????????????????? A
11/13/2024 21:05:46 [Information] Z Axis Data Received: xis Current Position, 0
Z Axis Current Position, 1
Z Axis Current Position, 1
Z Axis Current Position, 1
Z Axis Current Position, 1
Z Axis Current Position, 2
Z Axis Current Position, 2
Z Axis Current Position, 2
Z Axis Cu
11/13/2024 21:05:46 [Information] Z Axis Data Received: rrent Position, 2
Z Axis Current Position, 3
11/13/2024 21:05:46 [Information] Z Axis Data Received: 
Z Axis Current Position, 3
Z Axis Current Position, 3
Z Axis Current Position, 3
Z
11/13/2024 21:05:46 [Information] Z Axis Data Received:  Axis Current Position, 3
Z Axis Current 
11/13/2024 21:05:46 [Information] Z Axis Data Received: Position, 4
Z Axis Current Position, 4
Z Axis 
11/13/2024 21:05:46 [Information] Stepper Motor Controller Disable Z Axis controls while moving to location.
11/13/2024 21:05:46 [Information] Time remaining: 00:00:00 targetEndTime = 09:05:47
11/13/2024 21:05:46 [Information] Stepper Motor Controller Disable Z Axis controls while moving to location.
11/13/2024 21:05:46 [Information] Time remaining: 00:00:00 targetEndTime = 09:05:47
11/13/2024 21:05:46 [Information] Stepper Motor Controller Disable Z Axis controls while moving to location.
11/13/2024 21:05:46 [Information] Time remaining: 00:00:00 targetEndTime = 09:05:47
11/13/2024 21:05:46 [Information] Stepper Motor Controller Disable Z Axis controls while moving to location.
11/13/2024 21:05:46 [Information] Time remaining: 00:00:00 targetEndTime = 09:05:47
11/13/2024 21:05:46 [Information] Stepper Motor Controller Disable Z Axis controls while moving to location.
11/13/2024 21:05:46 [Information] Time remaining: 00:00:00 targetEndTime = 09:05:47
11/13/2024 21:05:46 [Information] Stepper Motor Controller Disable Z Axis controls while moving to location.
11/13/2024 21:05:46 [Information] Time remaining: 00:00:00 targetEndTime = 09:05:47
11/13/2024 21:05:46 [Information] Stepper Motor Controller Disable Z Axis controls while moving to location.
11/13/2024 21:05:46 [Information] Time remaining: 00:00:00 targetEndTime = 09:05:47
11/13/2024 21:05:46 [Information] Stepper Motor Controller Disable Z Axis controls while moving to location.
11/13/2024 21:05:46 [Information] Time remaining: 00:00:00 targetEndTime = 09:05:47
11/13/2024 21:05:46 [Information] Stepper Motor Controller Disable Z Axis controls while moving to location.
11/13/2024 21:05:46 [Information] Time remaining: 00:00:00 targetEndTime = 09:05:47
11/13/2024 21:05:46 [Information] Stepper Motor Controller Disable Z Axis controls while moving to location.
11/13/2024 21:05:46 [Information] Time remaining: 00:00:00 targetEndTime = 09:05:47
11/13/2024 21:05:47 [Information] Stepper Motor Controller Disable Z Axis controls while moving to location.
11/13/2024 21:05:47 [Information] Time remaining: 00:00:00 targetEndTime = 09:05:47
11/13/2024 21:05:47 [Information] Stepper Motor Controller Disable Z Axis controls while moving to location.
11/13/2024 21:05:47 [Information] Time remaining: 00:00:00 targetEndTime = 09:05:47
11/13/2024 21:05:47 [Information] Stepper Motor Controller Disable Z Axis controls while moving to location.
11/13/2024 21:05:47 [Information] Time remaining: 00:00:00 targetEndTime = 09:05:47
11/13/2024 21:05:47 [Information] Stepper Motor Controller Disable Z Axis controls while moving to location.
11/13/2024 21:05:47 [Information] Time remaining: 00:00:00 targetEndTime = 09:05:47
11/13/2024 21:05:47 [Information] Stepper Motor Controller Disable Z Axis controls while moving to location.
11/13/2024 21:05:47 [Information] Time remaining: 00:00:00 targetEndTime = 09:05:47
11/13/2024 21:05:47 [Information] Stepper Motor Controller Disable Z Axis controls while moving to location.
11/13/2024 21:05:47 [Information] Time remaining: 00:00:00 targetEndTime = 09:05:47
11/13/2024 21:05:47 [Information] Stepper Motor Controller Disable Z Axis controls while moving to location.
11/13/2024 21:05:47 [Information] Time remaining: 00:00:00 targetEndTime = 09:05:47
11/13/2024 21:05:47 [Information] Stepper Motor Controller Disable Z Axis controls while moving to location.
11/13/2024 21:05:47 [Information] Time remaining: 00:00:00 targetEndTime = 09:05:47
11/13/2024 21:05:47 [Information] Stepper Motor Controller Enable Z Axis controls after moving to location.
11/13/2024 21:05:47 [Information] Stepper Motor Controller Stopwatch Stopped.
11/13/2024 21:05:47 [Information] Stepper Motor Controller Timer Stopped.
11/13/2024 21:05:47 [Information] Stepper Motor Controller Stopwatch Reset.
11/13/2024 21:05:47 [Information] Z Axis Data Received: Current Position, 4
Z Axis Current Position, 4
Z Ax
11/13/2024 21:05:48 [Information] Z Axis Data Received: is Current Position, 5
Z Axis Current Position, 5
Z Axis Current Position, 5
Z Axis Current Position, 5
Z Axis Current Position, 6
Z Axis Current Position, 6
Z Axis Current Position, 6
Z Axis Current Position, 6
Z Axis Current Position, 7
Z Axis Current Position, 7
Z Axis Current Position, 7
Z Axis Current Position, 7
Z Axis Current Position, 8
Z Axis Current Position, 8
Z Axis Current Position, 8
Z Axis Current Position, 8
Z Axis Current Position, 8
Z Axis Current Position, 9
Z Axis Current Position, 9
Z Axis Current Position, 9
Z Axis Current Position, 9
Z Axis Current Position, 10
Z Axis Current Position, 10
Z Axis Current Position, 10
Z Axis Current Position, 10
Z Axis Current Position, 11
Z Axis Current Position, 11
Z Axis Current Position, 11
Z Axis Current Position, 11
Z Axis Current Position, 12
Z Axis Current Position, 12
Z Axis Current Position, 12
Z Axis Current Position, 12
Z Axis Current Position, 13
Z Axis Curr
11/13/2024 21:05:49 [Information] Z Axis Data Received: ent Position, 13
Z Axis Current Position, 13
Z Axis Current Position, 13
Z Axis Current Position, 14
Z Axis Current Position, 14
Z Axis Current Position, 14
Z Axis Current Position, 14
Z Axis Current Position, 15
Z Axis Current Position, 15
Z Axis Current Position, 15
Z Axis Current Position, 15
Z Axis Current Position, 16
Z Axis Current Position, 16
Z Axis Current Position, 16
Z Axis Current Position, 16
Z Axis Current Position, 17
Z Axis Current Position, 17
Z Axis Current Position, 17
Z Axis Current Position, 17
Z Axis Current Position, 18
Z Axis Current Position, 18
Z Axis Current Position, 18
Z Axis Current Position, 18
Z Axis Current Position, 19
Z Axis Current Position, 19
Z Axis Current Position, 19
Z Axis Current Position, 19
Z Axis Current Position, 19
Z Axis Current Position, 20
Z Axis Current Position, 20
Z Axis Current Position, 20
Z Axis Current Position, 20
Z Axis Current Position, 21
Z Axis Current Position, 21
Z Axis Current Position, 21
11/13/2024 21:05:50 [Information] Z Axis Data Received: 
Z Axis Current Position, 21
Z Axis Current Position, 22
Z Axis Current Position, 22
Z Axis Current Position, 22
Z Axis Current Position, 22
Z Axis Current Position, 23
Z Axis Current Position, 23
Z Axis Current Position, 23
Z Axis Current Position, 23
Z Axis Current Position, 24
Z Axis Current Position, 24
Z Axis Current Position, 24
Z Axis Current Position, 24
Z Axis Current Position, 25
Z Axis Current Position, 25
Z Axis Current Position, 25
Z Axis Current Position, 25
Z Axis Current Position, 26
Z Axis Current Position, 26
Z Axis Current Position, 26
Z Axis Current Position, 26
Z Axis Current Position, 27
Z Axis Current Position, 27
Z Axis Current Position, 27
Z Axis Current Position, 27
Z Axis Current Position, 28
Z Axis Current Position, 28
Z Axis Current Position, 28
Z Axis Current Position, 28
Z Axis Current Position, 29
Z Axis Current Position, 29
Z Axis Current Position, 29
Z Axis Current Position, 29
Z 
11/13/2024 21:05:50 [Information] Z Axis Data Received: Axis Current Position, 30
Z Axis Current Position, 30
Z Axis Current Position, 30
Z Axis Current Position, 30
Z Axis Current Position, 31
Z Axis Current Position, 31
Z Axis Current Position, 31
Z Axis Current Position, 31
Z Axis Current Position, 32
Z Axis Current Position, 32
Z Axis Current Position, 32
Z Axis Current Position, 32
Z Axis Current Position, 33
Z Axis Current Position, 33
Z Axis Current Position, 33
Z Axis Current Position, 33
Z Axis Current Position, 33
Z Axis Current Position, 34
Z Axis Current Position, 34
Z Axis Current Position, 34
Z Axis Current Position, 34
Z Axis Current Position, 35
Z Axis Current Position, 35
Z Axis Current Position, 35
Z Axis Current Position, 35
Z Axis Current Position, 36
Z Axis Current Position, 36
Z Axis Current Position, 36
Z Axis Current Position, 36
Z Axis Current Position, 37
Z Axis Current Position, 37
Z Axis Current Position, 37
Z Axis Current Position, 37
Z Axis Current Position, 38
Z Axis Current Positi
11/13/2024 21:05:51 [Information] Z Axis Data Received: on, 38
Z Axis Current Position, 38
Z Axis
11/13/2024 21:05:52 [Information] Z Axis Data Received:  Current Position, 38
Z Axis Current Position, 39
Z Axis Current Position, 39
Z Axis Current Position, 39
Z Axis Current Position, 39
Z Axis Current Position, 40
Z Axis Current Position, 40
Z Axis Current Position, 40
Z Axis Current Position, 40
Z Axis Current Position, 41
Z Axis Current Position, 41
Z Axis Current Position, 41
Z Axis Current Position, 41
Z Axis Current Position, 42
Z Axis Current Position, 42
Z Axis Current Position, 42
Z Axis Current Position, 42
Z Axis Current Position, 43
Z Axis Current Position, 43
Z Axis Current Position, 43
Z Axis Current Position, 43
Z Axis Current Position, 44
Z Axis Current Position, 44
Z Axis Current Position, 44
Z Axis Current Position, 44
Z Axis Current Position, 45
Z Axis Current Position, 45
Z Axis Current Position, 45
Z Axis Current Position, 45
Z Axis Current Position, 46
Z Axis Current Position, 46
Z Axis Current Position, 46
Z Axis Current Position, 46
Z Axis Current Position, 47
Z Axis Curre
11/13/2024 21:05:53 [Information] Z Axis Data Received: nt Position, 47
Z Axis Current Position, 47
Z Axis Current Position, 47
Z Axis Current Position, 48
Z Axis Current Position, 48
Z Axis Current Position, 48
Z Axis Current Position, 48
Z Axis Current Position, 48
Z Axis Current Position, 49
Z Axis Current Position, 49
Z Axis Current Position, 49
Z Axis Current Position, 49
Z Axis Current Position, 50
Z Axis Current Position, 50
Z Axis Current Position, 50
Z Axis Current Position, 50
Z Axis Current Position, 51
Z Axis Current Position, 51
Z Axis Current Position, 51
Z Axis Current Position, 51
Z Axis Current Position, 52
Z Axis Current Position, 52
Z Axis Current Position, 52
Z Axis Current Position, 52
Z Axis Current Position, 53
Z Axis Current Position, 53
Z Axis Current Position, 53
Z Axis Current Position, 53
Z Axis Current Position, 54
Z Axis Current Position, 54
Z Axis Current Position, 54
Z Axis Current Position, 54
Z Axis Current Position, 55
Z Axis Current Position, 55
Z Axis Current Position, 55
Z 
11/13/2024 21:05:54 [Information] Z Axis Data Received: Axis Current Position, 55
Z Axis Current Position, 56
Z Axis Current Position, 56
Z Axis Current Position, 56
Z Axis Current Position, 56
Z Axis Current Position, 57
Z Axis Current Position, 57
Z Axis Current Position, 57
Z Axis Current Position, 57
Z Axis Current Position, 58
Z Axis Current Position, 58
Z Axis Current Position, 58
Z Axis Current Position, 58
Z Axis Current Position, 59
Z Axis Current Position, 59
Z Axis Current Position, 59
Z Axis Current Position, 59
Z Axis Current Position, 60
Z Axis Current Position, 60
Z Axis Current Position, 60
Z Axis Current Position, 60
Z Axis Current Position, 61
Z Axis Current Position, 61
Z Axis Current Position, 61
Z Axis Current Position, 61
Z Axis Current Position, 62
Z Axis Current Position, 62
Z Axis Current Position, 62
Z Axis Current Position, 62
Z Axis Current Position, 62
Z Axis Current Position, 63
Z Axis Current Position, 63
Z Axis Current Position, 63
Z Axis
11/13/2024 21:05:54 [Information] Z Axis Data Received:  Current Position, 63
Z Axis Current Position, 64
Z Axis Current Position, 64
Z Axis Current Position, 64
Z Axis Current Position, 64
Z Axis Current Position, 65
Z Axis Current Position, 65
Z Axis Current Position, 65
Z Axis Current Position, 65
Z Axis Current Position, 66
Z Axis Current Position, 66
Z Axis Current Position, 66
Z Axis Current Position, 66
Z Axis Current Position, 67
Z Axis Current Position, 67
Z Axis Current Position, 67
Z Axis Current Position, 67
Z Axis Current Position, 68
Z Axis Current Position, 68
Z Axis Current Position, 68
Z Axis Current Position, 68
Z Axis Current Position, 69
Z Axis Current Position, 69
Z Axis Current Position, 69
Z Axis Current Position, 69
Z Axis Current Position, 70
Z Axis Current Position, 70
Z Axis Current Position, 70
Z Axis Current Position, 70
Z Axis Current Position, 71
Z Axis Current Position, 71
Z Axis Current Position, 71
Z Axis Current Position, 71
Z Axis Current Position, 72
Z Axis Current Posit
11/13/2024 21:05:55 [Information] Z Axis Data Received: ion, 72
Z Axis Current Position, 72
Z Axis
11/13/2024 21:05:55 [Information] Z Axis Data Received:  Current Position, 72
Z Axis Current Posit
11/13/2024 21:05:55 [Information] Z Axis Data Received: ion, 73
Z Axis Current Position, 73
Z Axi
11/13/2024 21:05:55 [Information] Z Axis Data Received: s Current Position, 73
Z Axis Current Position, 73
Z Axis Current Position, 74
Z Axi
11/13/2024 21:05:55 [Information] Z Axis Data Received: s Current Position, 74
Z Axis Current Posit
11/13/2024 21:05:55 [Information] Z Axis Data Received: ion, 74
Z Axis Current Position, 74
Z Axis Current Position, 75
Z Axis Current Position, 75
Z Axis Current Position, 75
Z Axis Current Posit
11/13/2024 21:05:55 [Information] Z Axis Data Received: ion, 75
Z Axis Current Position, 76
Z Axis Current Position, 76
Z Axis Current Position, 76
Z Axis Current Position, 76
Z Axis Current Position, 77
Z Axis
11/13/2024 21:05:55 [Information] Z Axis Data Received:  Current Position, 77
Z Axis Current Posit
11/13/2024 21:05:55 [Information] Z Axis Data Received: ion, 77
Z Axis Current Position, 77
Z Axis Current Position, 77
Z Axis Current Posit
11/13/2024 21:05:55 [Information] Z Axis Data Received: ion, 78
Z Axis Current Position, 78
Z Axi
11/13/2024 21:05:57 [Information] Z Axis Data Received: s Current Position, 78
Z Axis Current Posi
11/13/2024 21:05:58 [Information] Z Axis Data Received: tion, 78
Z Axis Current Position, 79
Z Axis Current Position, 79
Z Axis Current Position, 79
Z Axis Current Position, 79
Z Axis Current Position, 80
Z Axis Current Position, 80
Z Axis Current Position, 80
Z Axis Current Position, 80
Z Axis Current Position, 81
Z Axis Current Position, 81
Z Axis Current Position, 81
Z Axis Current Position, 81
Z Axis Current Position, 82
Z Axis Current Position, 82
Z Axis Current Position, 82
Z Axis Current Position, 82
Z Axis Current Position, 83
Z Axis Current Position, 83
Z Axis Current Position, 83
Z Axis Current Position, 83
Z Axis Current Position, 84
Z Axis Current Position, 84
Z Axis Current Position, 84
Z Axis Current Position, 84
Z Axis Current Position, 85
Z Axis Current Position, 85
Z Axis Current Position, 85
Z Axis Current Position, 85
Z Axis Current Position, 86
Z Axis Current Position, 86
Z Axis Current Position, 86
Z Axis Current Position, 86
Z Axis Current Position, 87
Z Axis Current Position, 87
Z Axis Current Position, 87
Z Axis Current Position, 87
Z Axis Current Position, 88
Z Axis Current Position, 88
Z Axis Current Position, 88
Z Axis Current Position, 88
Z Axis Current Position, 89
Z Axis Current Position, 89
Z Axis Current Position, 89
Z Axis Current Position, 89
Z Axis Current Position, 90
Z Axis Current Position, 90
Z Axis Current Position, 90
Z Axis Current Position, 90
Z Axis Current Position, 91
Z Axis Current Position, 91
Z Axis Current Position, 91
Z Axis Current Position, 91
Z Axis Current Position, 91
Z Axis Current Position, 92
Z Axis Current Position, 92
Z Axis Current Position, 92
Z Axis Current Position, 92
Z Axis Current Position, 93
Z Axis Current Position, 93
Z Axis Current Position, 93
Z Axis Current Position, 93
Z Axis Current Position, 94
Z Axis Current Position, 94
Z Axis Current Position, 94
Z Axis Current Position, 94
Z Axis Current Position, 95
Z Axis Current Position, 95
Z Axis Current Position,
11/13/2024 21:06:00 [Information] Z Axis Data Received:  95
Z Axis Current Position, 95
Z Axis Current Position, 96
Z Axis Current Position, 96
Z Axis Current Position, 96
Z Axis Current Position, 96
Z Axis Current Position, 97
Z Axis Current Position, 97
Z Axis Current Position, 97
Z Axis Current Position, 97
Z Axis Current Position, 98
Z Axis Current Position, 98
Z Axis Current Position, 98
Z Axis Current Position, 98
Z Axis Current Position, 99
Z Axis Current Position, 99
Z Axis Current Position, 99
Z Axis Current Position, 99
Z Axis Current Position, 100
Z Axis Current Position, 100
Z Axis Current Position, 100
Z Axis Current Position, 100
Z Axis Current Position, 101
Z Axis Current Position, 101
Z Axis Current Position, 101
Z Axis Current Position, 101
Z Axis Current Position, 102
Z Axis Current Position, 102
Z Axis Current Position, 102
Z Axis Current Position, 102
Z Axis Current Position, 103
Z Axis Current Position, 103
Z Axis Current Position, 103
Z Axis Current Position, 103
Z Axis Current Position, 
11/13/2024 21:06:01 [Information] Z Axis Data Received: 104
Z Axis Current Position, 104
Z Axis Current Position, 104
Z Axis Current Position, 104
Z Axis Current Position, 105
Z Axis Current Position, 105
Z Axis Current Position, 105
Z Axis Current Position, 105
Z Axis Current Position, 106
Z Axis Current Position, 106
Z Axis Current Position, 106
Z Axis Current Position, 106
Z Axis Current Position, 107
Z Axis Current Position, 107
Z Axis Current Position, 107
Z Axis Current Position, 107
Z Axis Current Position, 108
Z Axis Current Position, 108
Z Axis Current Position, 108
Z Axis Current Position, 109
Z Axis Current Position, 109
Z Axis Current Position, 109
Z Axis Current Position, 109
Z Axis Current Position, 110
Z Axis Current Position, 110
Z Axis Current Position, 110
Z Axis Current Position, 110
Z Axis Current Position, 111
Z Axis Current Position, 111
Z Axis Current Position, 111
Z Axis Current Position, 111
Z Axis Current Position, 112
Z Axis Current Position, 112
Z Axis Current Position, 112
Z Axis Current Position, 112
Z Axis Current Position, 113
Z Axis Current Position, 113
Z Axis Current Position, 113
Z Axis Current Position, 113
Z Axis Current Position, 114
Z Axis Current Position, 114
Z Axis Current Position, 114
Z Axis Current Position, 114
Z Axis Current Position, 115
Z Axis Current Position, 115
Z Axis Current Position, 115
Z Axis Current Position, 115
Z Axis Current Position, 116
Z Axis Current Position, 116
Z Axis Current Position, 116
Z Axis Current Position, 116
Z Axis Current Position, 117
Z Axis Current Position, 117
Z Axis Current Position, 117
Z Axis Current Position, 117
Z Axis Current Position, 118
Z Axis Current Position, 118
Z Axis Current Position, 118
Z Axis Current Position, 118
Z Axis Current Position, 119
Z Axis Current Position, 119
Z Axis Current Position, 119
Z Axis Current Position, 119
Z Axis Current Position, 120
Z Axis Current Position, 1
11/13/2024 21:06:01 [Information] Z Axis Data Received: 20
Z Axis Current Position, 120
Z Axis Current Position, 120
Z Axis Current Position, 121
Z Axis Current Position, 121
Z Axis Current Position, 121
Z Axis Current Position, 121
Z Axis Current Position, 122
Z Axis Current Position, 122
Z Axis Current Position, 122
Z Axis Current Position, 122
Z Axis Current Position, 123
Z Axis Current Position, 123
Z Axis Current Position, 123
Z Axis Current Position, 124
Z Axis Current Position, 124
Z Axis Current Position, 124
Z Axis Current Position, 124
Z Axis Current Position, 125
Z Axis Current Position, 125
Z Axis Current Position, 125
Z Axis Current Position, 125
Z Axis Current Position, 126
Z Axis Current Position, 126
Z Axis Current Position, 126
Z Axis Current Position, 126
Z Axis Current Position, 127
Z Axis Current Position, 127
Z Axis Current Position, 127
Z Axis Current Position, 127
Z Axis Current Position, 128
Z Axis Current Position, 128
Z Axis Current Position, 128
Z Axis Current Position, 128
Z Axis Cur
11/13/2024 21:06:01 [Information] Z Axis Data Received: rent Position, 129
Z Axis Current Pos
11/13/2024 21:06:02 [Information] Z Axis Data Received: ition, 129
Z Axis Current Position, 129
Z 
11/13/2024 21:06:02 [Information] Z Axis Data Received: Axis Current Position, 129
Z Axis Current Position, 130
Z Axis Current Position, 130
Z Axis Current Position, 130
Z Axis Curre
11/13/2024 21:06:02 [Information] Z Axis Data Received: nt Position, 130
Z Axis Current Position, 131
Z Axis Current Position, 131
Z Axis Current Position, 131
Z Axis Current Position, 131
Z Axis Cur
11/13/2024 21:06:02 [Information] Z Axis Data Received: ren
11/13/2024 21:06:02 [Information] Z Axis Data Received: t Position, 132
Z Axis Current Position, 132
Z Axis Current Position, 132
Z Axis Current Posit
11/13/2024 21:06:02 [Information] Z Axis Data Received: ion, 132
Z Axis Current Position, 133
Z Ax
11/13/2024 21:06:02 [Information] Z Axis Data Received: is Current Position, 133
Z Axis Current Position, 133
Z
11/13/2024 21:06:02 [Information] Z Axis Data Received:  Axis Current Position, 133
Z Axis Current 
11/13/2024 21:06:02 [Information] Z Axis Data Received: Position, 134
Z Axis Current Position, 134
Z Axis Current Position, 134
Z Axis Current 
11/13/2024 21:06:02 [Information] Z Axis Data Received: Position, 134
Z Axis Current Position, 135
Z Axis Current Position, 135
Z Axis Cur
11/13/2024 21:06:02 [Information] Z Axis Data Received: rent Position, 135
Z Axis Current Position, 135
Z Axis 
11/13/2024 21:06:02 [Information] Z Axis Data Received: Current Position, 136
Z Axis Current Position, 136
Z Axis Current Position, 136
Z Axis Current Position, 136
Z Axis Current Position, 137
Z Ax
11/13/2024 21:06:03 [Information] Z Axis Data Received: i
11/13/2024 21:06:04 [Information] Z Axis Data Received: s Current Position, 137
Z Axis Current Position, 137
Z Axis Current Position, 137
Z Axis Current Position, 138
Z Axis Current Position, 138
Z Axis Current Position, 138
Z Axis Current Position, 139
Z Axis Current Position, 139
Z Axis Current Position, 139
Z Axis Current Position, 139
Z Axis Current Position, 140
Z Axis Current Position, 140
Z Axis Current Position, 140
Z Axis Current Position, 140
Z Axis Current Position, 141
Z Axis Current Position, 141
Z Axis Current Position, 141
Z Axis Current Position, 141
Z Axis Current Position, 142
Z Axis Current Position, 142
Z Axis Current Position, 142
Z Axis Current Position, 142
Z Axis Current Position, 143
Z Axis Current Position, 143
Z Axis Current Position, 143
Z Axis Current Position, 143
Z Axis Current Position, 144
Z Axis Current Position, 144
Z Axis Current Position, 144
Z Axis Current Position, 144
Z Axis Current Position, 145
Z Axis Current Positi
11/13/2024 21:06:06 [Information] Z Axis Data Received: on, 145
Z Axis Current Position, 145
Z Axis Current Position, 145
Z Axis Current Position, 146
Z Axis Current Position, 146
Z Axis Current Position, 146
Z Axis Current Position, 146
Z Axis Current Position, 147
Z Axis Current Position, 147
Z Axis Current Position, 147
Z Axis Current Position, 147
Z Axis Current Position, 148
Z Axis Current Position, 148
Z Axis Current Position, 148
Z Axis Current Position, 148
Z Axis Current Position, 149
Z Axis Current Position, 149
Z Axis Current Position, 149
Z Axis Current Position, 149
Z Axis Current Position, 150
Z Axis Current Position, 150
Z Axis Current Position, 150
Z Axis Current Position, 150
Z Axis Current Position, 151
Z Axis Current Position, 151
Z Axis Current Position, 151
Z Axis Current Position, 151
Z Axis Current Position, 152
Z Axis Current Position, 152
Z Axis Current Position, 152
Z Axis Current Position, 152
Z Axis Current Position, 153
Z Axis Current Positio
11/13/2024 21:06:08 [Information] Z Axis Data Received: n, 153
Z Axis Current Position, 153
Z Axis Current Position, 154
Z Axis Current Position, 154
Z Axis Current Position, 154
Z Axis Current Position, 154
Z Axis Current Position, 155
Z Axis Current Position, 155
Z Axis Current Position, 155
Z Axis Current Position, 155
Z Axis Current Position, 156
Z Axis Current Position, 156
Z Axis Current Position, 156
Z Axis Current Position, 156
Z Axis Current Position, 157
Z Axis Current Position, 157
Z Axis Current Position, 157
Z Axis Current Position, 157
Z Axis Current Position, 158
Z Axis Current Position, 158
Z Axis Current Position, 158
Z Axis Current Position, 158
Z Axis Current Position, 159
Z Axis Current Position, 159
Z Axis Current Position, 159
Z Axis Current Position, 159
Z Axis Current Position, 160
Z Axis Current Position, 160
Z Axis Current Position, 160
Z Axis Current Position, 160
Z Axis Current Position, 161
Z Axis Current Position, 161
Z Axis Current Position, 161
Z Axis Current Position, 161
Z Axis Current Position, 162
Z Axis Current Position, 162
Z Axis Current Position, 162
Z Axis Current Position, 162
Z Axis Current Position, 163
Z Axis Current Position, 163
Z Axis Current Position, 163
Z Axis Current Position, 163
Z Axis Current Position, 164
Z Axis Current Position, 164
Z Axis Current Position, 164
Z Axis Current Position, 164
Z Axis Current Position, 165
Z Axis Current Position, 165
Z Axis Current Position, 165
Z Axis Current Position, 165
Z Axis Current Position, 166
Z Axis Current Position, 166
Z Axis Current Position, 166
Z Axis Current Position, 166
Z Axis Current Position, 167
Z Axis Current Position, 167
Z Axis Current Position, 167
Z Axis Current Position, 167
Z Axis Current Position, 168
Z Axis Current Position, 168
Z Axis Current Position, 168
Z Axis Current Position, 169
Z Axis Current Position, 169
Z Axis Current Position, 169
Z Axis Current Position, 
11/13/2024 21:06:08 [Information] Z Axis Data Received: 169
Z Axis Current Position, 170
Z Axis Current Position, 170
Z Axis Current Position, 170
Z Axis Current Position, 170
Z Axis Current Position, 171
Z Axis Current Position, 171
Z Axis Current Position, 171
Z Axis Current Position, 171
Z Axis Current Position, 172
Z Axis Current Position, 172
Z Axis Current Position, 172
Z Axis Current Position, 172
Z Axis Current Position, 173
Z Axis Current Position, 173
Z Axis Current Position, 173
Z Axis Current Position, 173
Z Axis Current Position, 174
Z Axis Current Position, 174
Z Axis Current Position, 174
Z Axis Current Position, 174
Z Axis Current Position, 175
Z Axis Current Position, 175
Z Axis Current Position, 175
Z Axis Current Position, 175
Z Axis Current Position, 176
Z Axis Current Position, 176
Z Axis Current Position, 176
Z Axis Current Position, 176
Z Axis Current Position, 177
Z Axis Current Position, 177
Z Axis Current Position, 177
Z Axis Current Position, 177
Z Axis Current Position, 178
Z Axis Current
11/13/2024 21:06:08 [Information] Z Axis Data Received:  Position, 178
Z Axis Current Position, 178
Z Axis Current Position, 178
Z Axis Cur
11/13/2024 21:06:08 [Information] Z Axis Data Received: rent Position, 179
Z Axis Current Position, 179
Z Axis Current Position, 179
Z Axis Current Position, 179
Z Axis Current Posit
11/13/2024 21:06:08 [Information] Z Axis Data Received: ion, 180
Z Axis Current Position, 180
Z Axis Current Position, 180
Z Axis Current Position, 180
Z Axis Current Position, 181
Z
11/13/2024 21:06:08 [Information] Z Axis Data Received:  Axis Current Position, 181
Z Axis Current 
11/13/2024 21:06:08 [Information] Z Axis Data Received: P
11/13/2024 21:06:08 [Information] Z Axis Data Received: osition, 181
Z Axis Current Position, 181
Z Axis Current Position, 182
Z Axis Curre
11/13/2024 21:06:08 [Information] Z Axis Data Received: nt
11/13/2024 21:06:08 [Information] Z Axis Data Received:  Position, 182
Z Axis Current Position, 182
11/13/2024 21:06:08 [Information] Z Axis Data Received: 
Z Axis Current Position, 182
Z Axis Cur
11/13/2024 21:06:08 [Information] Z Axis Data Received: rent Position, 183
Z Axis Current Position, 183
Z Axis Current Position, 183
Z Axis
11/13/2024 21:06:08 [Information] Z Axis Data Received:  Current Position, 184
Z Axis Current Position, 184
Z Axis Current Position, 184
Z Axi
11/13/2024 21:06:08 [Information] Z Axis Data Received: s Current Position, 184
Z Axis Current Position, 185
Z Axis Current Position, 185

11/13/2024 21:06:10 [Information] Z Axis Data Received: Z Axis Current Position, 185
Z Axis Current
11/13/2024 21:06:10 [Information] Z Axis Data Received:  Position, 185
Z Axis Current Position, 186
Z Axis Current Position, 186
Z Axis Current Position, 186
Z Axis Current Position, 186
Z Axis Current Position, 187
Z Axis Current Position, 187
Z Axis Current Position, 187
Z Axis Current Position, 187
Z Axis Current Position, 188
Z Axis Current Position, 188
Z Axis Current Position, 188
Z Axis Current Position, 188
Z Axis Current Position, 189
Z Axis Current Position, 189
Z Axis Current Position, 189
Z Axis Current Position, 189
Z Axis Current Position, 190
Z Axis Current Position, 190
Z Axis Current Position, 190
Z Axis Current Position, 190
Z Axis Current Position, 191
Z Axis Current Position, 191
Z Axis Current Position, 191
Z Axis Current Position, 191
Z Axis Current Position, 192
Z Axis Current Position, 192
Z Axis Current Position, 192
Z Axis Current Position, 192
Z Axis Current Position, 193
Z Axis Current Position, 193
Z Axis Current Position, 193
Z Axis Current Position, 193
Z Axis Current Position, 194
Z Axis Current Position, 194
Z Axis Current Position, 194
Z Axis Current Position, 194
Z Axis Current Position, 195
Z Axis Current Position, 195
Z Axis Current Position, 195
Z Axis Current Position, 195
Z Axis Current Position, 196
Z Axis Current Position, 196
Z Axis Current Position, 196
Z Axis Current Position, 196
Z Axis Current Position, 197
Z Axis Current Position, 197
Z Axis Current Position, 197
Z Axis Current Position, 197
Z Axis Current Position, 198
Z Axis Current Position, 198
Z Axis Current Position, 198
Z Axis Current Position, 199
Z Axis Current Position, 199
Z Axis Current Position, 199
Z Axis Current Position, 199
Z Axis Current Position, 200
Z Axis Current Position, 200
Z Axis Current Position, 200
Z Axis Current Position, 200
Z Axis Current Position, 201
Z Axis Current Position, 201
Z Axis Current Position, 201
Z Axis Current Position, 201
Z Axis Current Position, 202
Z Axis Current Position, 202
Z Axis Current Position, 202
11/13/2024 21:06:12 [Information] Z Axis Data Received: 

11/13/2024 21:06:13 [Information] Z Axis Data Received: Z Axis Current Position, 202
Z Axis Current Position, 203
Z Axis Current Position, 203
Z Axis Current Position, 203
Z Axis Current Position, 203
Z Axis Current Position, 204
Z Axis Current Position, 204
Z Axis Current Position, 204
Z Axis Current Position, 204
Z Axis Current Position, 205
Z Axis Current Position, 205
Z Axis Current Position, 205
Z Axis Current Position, 205
Z Axis Current Position, 206
Z Axis Current Position, 206
Z Axis Current Position, 206
Z Axis Current Position, 206
Z Axis Current Position, 207
Z Axis Current Position, 207
Z Axis Current Position, 207
Z Axis Current Position, 207
Z Axis Current Position, 208
Z Axis Current Position, 208
Z Axis Current Position, 208
Z Axis Current Position, 208
Z Axis Current Position, 209
Z Axis Current Position, 209
Z Axis Current Position, 209
Z Axis Current Position, 209
Z Axis Current Position, 210
Z Axis Current Position, 210
Z Axis Current Position, 210
Z Axis Current Position, 210
Z Axis Curr
11/13/2024 21:06:15 [Information] Z Axis Data Received: ent Position, 211
Z Axis Current Position, 211
Z Axis Current Position, 211
Z Axis Current Position, 211
Z Axis Current Position, 212
Z Axis Current Position, 212
Z Axis Current Position, 212
Z Axis Current Position, 212
Z Axis Current Position, 213
Z Axis Current Position, 213
Z Axis Current Position, 213
Z Axis Current Position, 214
Z Axis Current Position, 214
Z Axis Current Position, 214
Z Axis Current Position, 214
Z Axis Current Position, 215
Z Axis Current Position, 215
Z Axis Current Position, 215
Z Axis Current Position, 215
Z Axis Current Position, 216
Z Axis Current Position, 216
Z Axis Current Position, 216
Z Axis Current Position, 216
Z Axis Current Position, 217
Z Axis Current Position, 217
Z Axis Current Position, 217
Z Axis Current Position, 217
Z Axis Current Position, 218
Z Axis Current Position, 218
Z Axis Current Position, 218
Z Axis Current Position, 218
Z Axis Current Position, 219
Z Axis Current
11/13/2024 21:06:16 [Information] Z Axis Data Received:  Position, 219
Z Axis Current Position, 219
Z Axis Current Position, 219
Z Axis Current Position, 220
Z Axis Current Position, 220
Z Axis Current Position, 220
Z Axis Current Position, 220
Z Axis Current Position, 221
Z Axis Current Position, 221
Z Axis Current Position, 221
Z Axis Current Position, 221
Z Axis Current Position, 222
Z Axis Current Position, 222
Z Axis Current Position, 222
Z Axis Current Position, 222
Z Axis Current Position, 223
Z Axis Current Position, 223
Z Axis Current Position, 223
Z Axis Current Position, 223
Z Axis Current Position, 224
Z Axis Current Position, 224
Z Axis Current Position, 224
Z Axis Current Position, 224
Z Axis Current Position, 225
Z Axis Current Position, 225
Z Axis Current Position, 225
Z Axis Current Position, 225
Z Axis Current Position, 226
Z Axis Current Position, 226
Z Axis Current Position, 226
Z Axis Current Position, 226
Z Axis Current Position, 227
Z Axis Current Position, 227
Z Axis Current Position, 227
Z Axis Current Position, 227
Z Axis Current Position, 228
Z Axis Current Position, 228
Z Axis Current Position, 228
Z Axis Current Position, 229
Z Axis Current Position, 229
Z Axis Current Position, 229
Z Axis Current Position, 229
Z Axis Current Position, 230
Z Axis Current Position, 230
Z Axis Current Position, 230
Z Axis Current Position, 230
Z Axis Current Position, 231
Z Axis Current Position, 231
Z Axis Current Position, 231
Z Axis Current Position, 231
Z Axis Current Position, 232
Z Axis Current Position, 232
Z Axis Current Position, 232
Z Axis Current Position, 232
Z Axis Current Position, 233
Z Axis Current Position, 233
Z Axis Current Position, 233
Z Axis Current Position, 233
Z Axis Current Position, 234
Z Axis Current Position, 234
Z Axis Current Position, 234
Z Axis Current Position, 234
Z Axis Current Position, 235
Z Axis Current Position, 235
Z Axis Current Pos
11/13/2024 21:06:16 [Information] Z Axis Data Received: ition, 235
Z Axis Current Position, 235
Z Axis Current Position, 236
Z Axis Current Position, 236
Z Axis Current Position, 236
Z Axis Current Position, 236
Z Axis Current Position, 237
Z Axis Current Position, 237
Z Axis Current Position, 237
Z Axis Current Position, 237
Z Axis Current Position, 238
Z Axis Current Position, 238
Z Axis Current Position, 238
Z Axis Current Position, 238
Z Axis Current Position, 239
Z Axis Current Position, 239
Z Axis Current Position, 239
Z Axis Current Position, 239
Z Axis Current Position, 240
Z Axis Current Position, 240
Z Axis Current Position, 240
Z Axis Current Position, 240
Z Axis Current Position, 241
Z Axis Current Position, 241
Z Axis Current Position, 241
Z Axis Current Position, 241
Z Axis Current Position, 242
Z Axis Current Position, 242
Z Axis Current Position, 242
Z Axis Current Position, 242
Z Axis Current Position, 243
Z Axis Current Position, 243
Z Axis Current Position, 243
Z Axis Current Position, 244
Z 
11/13/2024 21:06:16 [Information] Z Axis Data Received: Axis Current Position, 244
Z Axis Current
11/13/2024 21:06:16 [Information] Z Axis Data Received:  
11/13/2024 21:06:16 [Information] Z Axis Data Received: Position, 244
Z Axis Current Position, 244
Z Axis Current Position, 245
Z Axis Curr
11/13/2024 21:06:16 [Information] Z Axis Data Received: ent Position, 245
Z Axis Current Position, 245
Z Axis Current Position, 245
Z Axis Current Position, 246
Z Axis Current Positi
11/13/2024 21:06:16 [Information] Z Axis Data Received: on, 246
Z Axis Current Position, 246
Z Axi
11/13/2024 21:06:16 [Information] Z Axis Data Received: s 
11/13/2024 21:06:16 [Information] Z Axis Data Received: Current Position, 246
Z Axis Current Posi
11/13/2024 21:06:16 [Information] Z Axis Data Received: tion, 247
Z Axis Current Position, 247
Z Ax
11/13/2024 21:06:16 [Information] Z Axis Data Received: is Current Position, 247
Z Axis Current Position, 247
Z Axis Current Position, 248
Z Axis Current Position, 248
Z Axis Current Position, 248
Z Axis Current Position, 2
11/13/2024 21:06:16 [Information] Z Axis Data Received: 48
Z Axis Current Position, 249
Z Axis Current Position, 249
Z Axis Current Position, 249
Z Axis Current Position, 249
Z Axis
11/13/2024 21:06:16 [Information] Z Axis Data Received:  Current Position, 250
Z Axis Current Position, 250
Z Axis Current Position, 250
Z Axi
11/13/2024 21:06:16 [Information] Z Axis Data Received: s Current Position, 250
Z Axis Current Position, 251
Z Axis Current Position, 251
Z
11/13/2024 21:06:18 [Information] Z Axis Data Received:  
11/13/2024 21:06:19 [Information] Z Axis Data Received: Axis Current Position, 251
Z Axis Current Position, 251
Z Axis Current Position, 252
Z Axis Current Position, 252
Z Axis Current Position, 252
Z Axis Current Position, 252
Z Axis Current Position, 253
Z Axis Current Position, 253
Z Axis Current Position, 253
Z Axis Current Position, 253
Z Axis Current Position, 254
Z Axis Current Position, 254
Z Axis Current Position, 254
Z Axis Current Position, 254
Z Axis Current Position, 255
Z Axis Current Position, 255
Z Axis Current Position, 255
Z Axis Current Position, 255
Z Axis Current Position, 256
Z Axis Current Position, 256
Z Axis Current Position, 256
Z Axis Current Position, 256
Z Axis Current Position, 257
Z Axis Current Position, 257
Z Axis Current Position, 257
Z Axis Current Position, 257
Z Axis Current Position, 258
Z Axis Current Position, 258
Z Axis Current Position, 258
Z Axis Current Position, 259
Z Axis Current Position, 259
Z Axis Current Position, 259
Z Axis Current Position, 259

11/13/2024 21:06:21 [Information] Z Axis Data Received: Z Axis Current Position, 260
Z Axis Current Position, 260
Z Axis Current Position, 260
Z Axis Current Position, 260
Z Axis Current Position, 261
Z Axis Current Position, 261
Z Axis Current Position, 261
Z Axis Current Position, 261
Z Axis Current Position, 262
Z Axis Current Position, 262
Z Axis Current Position, 262
Z Axis Current Position, 262
Z Axis Current Position, 263
Z Axis Current Position, 263
Z Axis Current Position, 263
Z Axis Current Position, 263
Z Axis Current Position, 264
Z Axis Current Position, 264
Z Axis Current Position, 264
Z Axis Current Position, 264
Z Axis Current Position, 265
Z Axis Current Position, 265
Z Axis Current Position, 265
Z Axis Current Position, 265
Z Axis Current Position, 266
Z Axis Current Position, 266
Z Axis Current Position, 266
Z Axis Current Position, 266
Z Axis Current Position, 267
Z Axis Current Position, 267
Z Axis Current Position, 267
Z Axis Current Position, 267
Z Axis Current Position, 268
Z Axis Curren
11/13/2024 21:06:21 [Information] Z Axis Data Received: t Position, 268
Z Axis Current Position, 268
Z Axis Current Position, 268
Z Axis Current Position, 269
Z Axis Current Position, 269
Z Axis Current Position, 269
Z Axis Current Position, 269
Z Axis Current Position, 270
Z Axis Current Position, 270
Z Axis Current Position, 270
Z Axis Current Position, 270
Z Axis Current Position, 271
Z Axis Current Position, 271
Z Axis Current Position, 271
Z Axis Current Position, 271
Z Axis Current Position, 272
Z Axis Current Position, 272
Z Axis Current Position, 272
Z Axis Current Position, 272
Z Axis Current Position, 273
Z Axis Current Position, 273
Z Axis Current Position, 273
Z Axis Current Position, 274
Z Axis Current Position, 274
Z Axis Current Position, 274
Z Axis Current Position, 274
Z Axis Current Position, 275
Z Axis Current Position, 275
Z Axis Current Position, 275
Z Axis Current Position, 275
Z Axis Current Position, 276
Z Axis Current Position, 276
Z Axis Current Position, 276
Z Axis Current Position, 276
Z Axis Current Position, 277
Z Axis Current Position, 277
Z Axis Current Position, 277
Z Axis Current Position, 277
Z Axis Current Position, 278
Z Axis Current Position, 278
Z Axis Current Position, 278
Z Axis Current Position, 278
Z Axis Current Position, 279
Z Axis Current Position, 279
Z Axis Current Position, 279
Z Axis Current Position, 279
Z Axis Current Position, 280
Z Axis Current Position, 280
Z Axis Current Position, 280
Z Axis Current Position, 280
Z Axis Current Position, 281
Z Axis Current Position, 281
Z Axis Current Position, 281
Z Axis Current Position, 281
Z Axis Current Position, 282
Z Axis Current Position, 282
Z Axis Current Position, 282
Z Axis Current Position, 282
Z Axis Current Position, 283
Z Axis Current Position, 283
Z Axis Current Position, 283
Z Axis Current Position, 283
Z Axis Current Position, 284
Z Axis Current Position, 284
Z Axis Current 
11/13/2024 21:06:22 [Information] Z Axis Data Received: Position, 284
Z Axis Current Position, 284
Z Axis Current Position, 285
Z Axis Current Position, 285
Z Axis Current Position, 285
Z Axis Current Position, 285
Z Axis Current Position, 286
Z Axis Current Position, 286
Z Axis Current Position, 286
Z Axis Current Position, 286
Z Axis Current Position, 287
Z Axis Current Position, 287
Z Axis Current Position, 287
Z Axis Current Position, 287
Z Axis Current Position, 288
Z Axis Current Position, 288
Z Axis Current Position, 288
Z Axis Current Position, 289
Z Axis Current Posi
11/13/2024 21:06:22 [Information] Z Axis Data Received: tion, 289
Z Axis Current Position, 289
Z Axis Current Position, 289
Z Axis Current Position, 290
Z Axis Current Position, 290
Z Axis Current Position, 290
Z Axis Current Position, 290
Z Axis Current Position, 291
Z Axis Current Position, 291
Z Axis Current Position, 291
Z Axis Current Position, 291
Z Axis Current Position, 292
Z Axis Current Position, 292
Z Axis Current Position, 292
Z Axis Current Position, 292
Z Axis Current Position, 293
Z Axis Current Position, 293
Z Axis Current Position, 293
Z Axis Current Position, 293
Z Axis Current Position, 294
Z Axis Current Position, 294
Z Axis Current Position, 294
Z Axis Current Position, 294
Z Axis Current Position, 295
Z Axis Current Position, 295
Z Axis Current Position, 295
Z Axis Current Position, 295
Z Axis Current Position, 296
Z Axis Current Position, 296
Z Axis Current Position, 296
Z Axis Current Position, 296
Z Axis Current Position, 297
Z Axis Current Position, 297
Z Axis Current Position, 297
Z 
11/13/2024 21:06:22 [Information] Z Axis Data Received: Axis Current Position, 297
Z Axis Current 
11/13/2024 21:06:22 [Information] Z Axis Data Received: Position, 298
Z Axis Current Position, 298
Z Axis Current Position, 298
Z Axis Current Position, 298
Z Axis Current Position,
11/13/2024 21:06:22 [Information] Z Axis Data Received:  299
Z Axis Current Position, 299
Z Axis Current Position, 299
Z Axis Current Position, 299
Z Axis Current Position, 300
Z Axi
11/13/2024 21:06:23 [Information] Z Axis Data Received: s
11/13/2024 21:06:23 [Information] Z Axis Data Received:  Current Position, 300
Z Axis Current Position, 300
Z Axis Current Position, 300
Z
11/13/2024 21:06:23 [Information] Z Axis Data Received:  Axis Current Position, 301
Z Axis Current 
11/13/2024 21:06:23 [Information] Z Axis Data Received: Position, 301
Z Axis Current Position, 301
Z Axis Current Position, 301
Z Axis Current Positi
11/13/2024 21:06:23 [Information] Z Axis Data Received: on, 302
Z Axis Current Position, 302
Z Axis Current Position, 302
Z Axis C
11/13/2024 21:06:23 [Information] Z Axis Data Received: urrent Position, 302
Z Axis Current Position,
11/13/2024 21:06:23 [Information] Z Axis Data Received:  303
Z Axis Current Position, 303
Z Axis 
11/13/2024 21:06:23 [Information] Z Axis Data Received: Current Position, 303
Z Axis Current Position, 304
Z Axis Current Position, 304
Z 
11/13/2024 21:06:24 [Information] Z Axis Data Received: Axis Current Position, 304
Z Axis Current Position, 304
Z Axis Current Position, 305
Z Axis Current
11/13/2024 21:06:25 [Information] Z Axis Data Received:  Position, 305
Z Axis Current Position, 305
Z Axis Current Position, 305
Z Axis Current Position, 306
Z Axis Current Position, 306
Z Axis Current Position, 306
Z Axis Current Position, 306
Z Axis Current Position, 307
Z Axis Current Position, 307
Z Axis Current Position, 307
Z Axis Current Position, 307
Z Axis Current Position, 308
Z Axis Current Position, 308
Z Axis Current Position, 308
Z Axis Current Position, 308
Z Axis Current Position, 309
Z Axis Current Position, 309
Z Axis Current Position, 309
Z Axis Current Position, 309
Z Axis Current Position, 310
Z Axis Current Position, 310
Z Axis Current Position, 310
Z Axis Current Position, 310
Z Axis Current Position, 311
Z Axis Current Position, 311
Z Axis Current Position, 311
Z Axis Current Position, 311
Z Axis Current Position, 312
Z Axis Current Position, 312
Z Axis Current Position, 312
Z Axis Current Position, 312
Z Axis Current Position, 313
Z Axis Current Position, 313
Z Axis Curren
11/13/2024 21:06:27 [Information] Z Axis Data Received: t Position, 313
Z Axis Current Position, 313
Z Axis Current Position, 314
Z Axis Current Position, 314
Z Axis Current Position, 314
Z Axis Current Position, 314
Z Axis Current Position, 315
Z Axis Current Position, 315
Z Axis Current Position, 315
Z Axis Current Position, 315
Z Axis Current Position, 316
Z Axis Current Position, 316
Z Axis Current Position, 316
Z Axis Current Position, 316
Z Axis Current Position, 317
Z Axis Current Position, 317
Z Axis Current Position, 317
Z Axis Current Position, 317
Z Axis Current Position, 318
Z Axis Current Position, 318
Z Axis Current Position, 318
Z Axis Current Position, 319
Z Axis Current Position, 319
Z Axis Current Position, 319
Z Axis Current Position, 319
Z Axis Current Position, 320
Z Axis Current Position, 320
Z Axis Current Position, 320
Z Axis Current Position, 320
Z Axis Current Position, 321
Z Axis Current Position, 321
Z Axis Current Position, 321
Z Axis Current Position, 321
Z Axis Current Position, 322
11/13/2024 21:06:28 [Information] Z Axis Data Received: 
Z Axis Current Position, 322
Z Axis Current Position, 322
Z Axis Current Position, 322
Z Axis Current Position, 323
Z Axis Current Position, 323
Z Axis Current Position, 323
Z Axis Current Position, 323
Z Axis Current Position, 324
Z Axis Current Position, 324
Z Axis Current Position, 324
Z Axis Current Position, 324
Z Axis Current Position, 325
Z Axis Current Position, 325
Z Axis Current Position, 325
Z Axis Current Position, 325
Z Axis Current Position, 326
Z Axis Current Position, 326
Z Axis Current Position, 326
Z Axis Current Position, 326
Z Axis Current Position, 327
Z Axis Current Position, 327
Z Axis Current Position, 327
Z Axis Current Position, 327
Z Axis Current Position, 328
Z Axis Current Position, 328
Z Axis Current Position, 328
Z Axis Current Position, 328
Z Axis Current Position, 329
Z Axis Current Position, 329
Z Axis Current Position, 329
Z Axis Current Position, 329
Z Axis Current Position, 330
Z Axis Current Position, 330
Z Axis Current Position, 330
Z Axis Current Position, 330
Z Axis Current Position, 331
Z Axis Current Position, 331
Z Axis Current Position, 331
Z Axis Current Position, 331
Z Axis Current Position, 332
Z Axis Current Position, 332
Z Axis Current Position, 332
Z Axis Current Position, 332
Z Axis Current Position, 333
Z Axis Current Position, 333
Z Axis Current Position, 333
Z Axis Current Position, 334
Z Axis Current Position, 334
Z Axis Current Position, 334
Z Axis Current Position, 334
Z Axis Current Position, 335
Z Axis Current Position, 335
Z Axis Current Position, 335
Z Axis Current Position, 335
Z Axis Current Position, 336
Z Axis Current Position, 336
Z Axis Current Position, 336
Z Axis Current Position, 336
Z Axis Current Position, 337
Z Axis Current Position, 337
Z Axis Current Position, 337
Z Axis Current Position, 337
Z Axis Current Position, 338
Z Axis Current Position, 338
Z
11/13/2024 21:06:29 [Information] Z Axis Data Received:  Axis Current Position, 338
Z Axis Current Position, 338
Z Axis Current Position, 339
Z Axis Current Position, 339
Z Axis Current Position, 339
Z Axis Current Position, 339
Z Axis Current Position, 340
Z Axis Current Position, 340
Z Axis Current Position, 340
Z Axis Current Position, 340
Z Axis Current Position, 341
Z Axis Current Position, 341
Z Axis Current Position, 341
Z Axis Current Position, 341
Z Axis Current Position, 342
Z Axis Current Position, 342
Z Axis Current Position, 342
Z Axis Current Position, 342
Z Axis Current Position, 343
Z Axis Current Position, 343
Z Axis Current Position, 343
Z Axis Current Position, 343
Z Axis Current Position, 344
Z Axis Current Position, 344
Z Axis Current Position, 344
Z Axis Current Position, 344
Z Axis Current Position, 345
Z Axis Current Position, 345
Z Axis Current Position, 345
Z Axis Current Position, 345
Z Axis Current Position, 346
Z Axis Current Position, 346
Z Axis Current Position, 346
Z Axis Current Posi
11/13/2024 21:06:30 [Information] Z Axis Data Received: tion, 346
Z Axis Current Position, 347
Z Axis Current Position, 347
Z Axis Current Position, 347
Z Axis Current Position, 347
Z Axis Current Position, 348
Z Axis Current Position, 348
Z Axis Current Position, 348
Z Axis Current Position, 349
Z Axis Current Position, 349
Z Axis Current Position, 349
Z Axis Current Position, 349
Z Axis Current Position, 350
Z Axis Current Position, 350
Z Axis Current Position, 350
Z Axis Current Position, 350
Z Axis Current Position, 351
Z Axis Current Position, 351
Z Axis Current Position, 351
Z Axis Current Po
11/13/2024 21:06:30 [Information] Z Axis Data Received: sition, 351
Z Axis Current Position, 352
Z Axis Current Position, 352
Z Axis Current Position, 352
Z Axis Current Position, 352
Z Axis Current Position, 353
Z Axis Current Position, 353
Z Axis Current Position, 353
Z Axis Current Position, 353
Z Axis Current Position, 354
Z Axis Current Position, 354
Z Axis Current Position, 354
Z Axis Current Position, 354
Z Axis Current Position, 355
Z Axis Current Position, 355
Z Axis Current Position, 355
Z Axis Current Position, 355
Z Axis Current Position, 356
Z Axis Current Position, 356
Z Axis Current Position, 356
Z Axis Current Position, 356
Z Axis Current Position, 357
Z Axis Current Position, 357
Z Axis Current Position, 357
Z Axis Current Position, 357
Z Axis Current Position, 358
Z Axis Current Position, 358
Z Axis Current Position, 358
Z Axis Current Position, 358
Z Axis Current Position, 359
Z Axis Current Position, 359
Z Axis Current Position, 359
Z Axis Current Position, 359
Z Axis Current Position, 360
Z A
11/13/2024 21:06:30 [Information] Z Axis Data Received: xis Current Position, 360
Z Axis Current Po
11/13/2024 21:06:30 [Information] Z Axis Data Received: si
11/13/2024 21:06:30 [Information] Z Axis Data Received: tion, 360
Z Axis Current Position, 360
Z
11/13/2024 21:06:30 [Information] Z Axis Data Received:  Axis Current Position, 361
Z Axis Current Position, 361
Z Axis Current Position, 361
Z Axis Current Position, 361
Z Axis Current Position, 362
Z Axis Current Position
11/13/2024 21:06:30 [Information] Z Axis Data Received: , 362
Z Axis Current Position, 362
Z Axis Current Position, 362
Z Axis Current Position, 363
Z Axis Current Position, 363
Z A
11/13/2024 21:06:30 [Information] Z Axis Data Received: xis Current Position, 363
Z Axis Current Position, 364
Z Axis Current Position, 364
Z Axis Current Position, 364
Z Axis Current 
11/13/2024 21:06:30 [Information] Z Axis Data Received: Po
11/13/2024 21:06:30 [Information] Z Axis Data Received: sition, 364
Z Axis Current Position, 365
Z
11/13/2024 21:06:31 [Information] Z Axis Data Received:  Axis Current Position, 365
Z Axis Current 
11/13/2024 21:06:31 [Information] Z Axis Data Received: Position, 365
Z Axis Current Position, 365
Z Axis Current Position, 366
Z Axis Current Position, 366
Z Axis Current Position, 366
Z Axis Current Position, 366
Z Axi
11/13/2024 21:06:32 [Information] Z Axis Data Received: s Current Position, 367
Z Axis Current Position, 367
Z Axis Current Position, 367
Z A
11/13/2024 21:06:33 [Information] Z Axis Data Received: xis Current Position, 367
Z Axis Current Position, 368
Z Axis Current Position, 368
Z Axis Current Position, 368
Z Axis Current Position, 368
Z Axis Current Position, 369
Z Axis Current Position, 369
Z Axis Current Position, 369
Z Axis Current Position, 369
Z Axis Current Position, 370
Z Axis Current Position, 370
Z Axis Current Position, 370
Z Axis Current Position, 370
Z Axis Current Position, 371
Z Axis Current Position, 371
Z Axis Current Position, 371
Z Axis Current Position, 371
Z Axis Current Position, 372
Z Axis Current Position, 372
Z Axis Current Position, 372
Z Axis Current Position, 372
Z Axis Current Position, 373
Z Axis Current Position, 373
Z Axis Current Position, 373
Z Axis Current Position, 373
Z Axis Current Position, 374
Z Axis Current Position, 374
Z Axis Current Position, 374
Z Axis Current Position, 374
Z Axis Current Position, 375
Z Axis Current Position, 375
Z Axis Current Position, 375
Z Axis Current Position, 375
Z Axis Current Pos
11/13/2024 21:06:34 [Information] Z Axis Data Received: ition, 376
Z Axis Current Position, 376
Z Axis Current Position, 376
Z Axis Current Position, 376
Z Axis Current Position, 377
Z Axis Current Position, 377
Z Axis Current Position, 377
Z Axis Current Position, 377
Z Axis Current Position, 378
Z Axis Current Position, 378
Z Axis Current Position, 378
Z Axis Current Position, 379
Z Axis Current Position, 379
Z Axis Current Position, 379
Z Axis Current Position, 379
Z Axis Current Position, 380
Z Axis Current Position, 380
Z Axis Current Position, 380
Z Axis Current Position, 380
Z Axis Current Position, 381
Z Axis Current Position, 381
Z Axis Current Position, 381
Z Axis Current Position, 381
Z Axis Current Position, 382
Z Axis Current Position, 382
Z Axis Current Position, 382
Z Axis Current Position, 382
Z Axis Current Position, 383
Z Axis Current Position, 383
Z Axis Current Position, 383
Z Axis Current Position, 383
Z Axis Current Position, 384
Z Axis Current Pos
11/13/2024 21:06:36 [Information] Z Axis Data Received: ition, 384
Z Axis Current Position, 384
Z Axis Current Position, 384
Z Axis Current Position, 385
Z Axis Current Position, 385
Z Axis Current Position, 385
Z Axis Current Position, 385
Z Axis Current Position, 386
Z Axis Current Position, 386
Z Axis Current Position, 386
Z Axis Current Position, 386
Z Axis Current Position, 387
Z Axis Current Position, 387
Z Axis Current Position, 387
Z Axis Current Position, 387
Z Axis Current Position, 388
Z Axis Current Position, 388
Z Axis Current Position, 388
Z Axis Current Position, 388
Z Axis Current Position, 389
Z Axis Current Position, 389
Z Axis Current Position, 389
Z Axis Current Position, 389
Z Axis Current Position, 390
Z Axis Current Position, 390
Z Axis Current Position, 390
Z Axis Current Position, 390
Z Axis Current Position, 391
Z Axis Current Position, 391
Z Axis Current Position, 391
Z Axis Current Position, 391
Z Axis Current Position, 392
Z Axis Current Position, 392
Z Axis Current Position, 392
Z Axis Current 
11/13/2024 21:06:37 [Information] Z Axis Data Received: Position, 392
Z Axis Current Position, 393
Z Axis Current Position, 393
Z Axis Current Position, 393
Z Axis Current Position, 394
Z Axis Current Position, 394
Z Axis Current Position, 394
Z Axis Current Position, 394
Z Axis Current Position, 395
Z Axis Current Position, 395
Z Axis Current Position, 395
Z Axis Current Position, 395
Z Axis Current Position, 396
Z Axis Current Position, 396
Z Axis Current Position, 396
Z Axis Current Position, 396
Z Axis Current Position, 397
Z Axis Current Position, 397
Z Axis Current Position, 397
Z Axis Current Position, 397
Z Axis Current Position, 398
Z Axis Current Position, 398
Z Axis Current Position, 398
Z Axis Current Position, 398
Z Axis Current Position, 399
Z Axis Current Position, 399
Z Axis Current Position, 399
Z Axis Current Position, 399
Z Axis Absolute Position 400.00
ESP 32 Board Reset.

11/13/2024 21:06:37 [Error] Error in YdataReceivedHandler
11/13/2024 21:06:46 [Information] Z Axis Data Received: ?VMDPV_1|1_VMDPV
VMDPR_
