11/4/2024 20:03:15 [Information] Stepper Motor Controller Application Started.
11/4/2024 20:03:15 [Information] Version: 3.0.9074.36093 (11/4/2024 20:03:15)
11/4/2024 20:03:15 [Information] X Axis SerialPort COM7 not connected.
11/4/2024 20:03:15 [Information] Y Axis SerialPort COM8 not connected.
11/4/2024 20:03:15 [Information] Version: 3.1.0.36094 (11/4/2024 20:03:15)
11/4/2024 20:03:15 [Information] Version: 3.1.0.36094 (11/4/2024 20:03:15)
11/4/2024 20:03:15 [Information] Stepper Motor Controller Application Settings Window Opened.
11/4/2024 20:03:15 [Information] Stepper Motor Controller Application Settings form is rebuilt each and every time it is opened.
11/4/2024 20:03:15 [Information] int: 9600 BaudRate added to the Settings Form.
11/4/2024 20:03:15 [Information] bool: False ckbXaxisResetToZeroIsChecked added to the Settings Form.
11/4/2024 20:03:15 [Information] bool: False ckbYaxisResetToZeroIsChecked added to the Settings Form.
11/4/2024 20:03:15 [Information] bool: False ckbZaxisResetToZeroIsChecked added to the Settings Form.
11/4/2024 20:03:15 [Information] COM1: ComPort added to the Settings Form.
11/4/2024 20:03:15 [Information] COM2: ComPort added to the Settings Form.
11/4/2024 20:03:15 [Information] COM3: ComPort added to the Settings Form.
11/4/2024 20:03:15 [Information] COM4: ComPort added to the Settings Form.
11/4/2024 20:03:15 [Information] COM5: ComPort added to the Settings Form.
11/4/2024 20:03:15 [Information] COM6: ComPort added to the Settings Form.
11/4/2024 20:03:15 [Information] COM7: ComPort added to the Settings Form.
11/4/2024 20:03:15 [Information] COM8: ComPort added to the Settings Form.
11/4/2024 20:03:15 [Information] COM9: ComPort added to the Settings Form.
11/4/2024 20:03:15 [Information] COM10: ComPort added to the Settings Form.
11/4/2024 20:03:15 [Information] decimal: 4.00 Divider4_00 added to the Settings Form.
11/4/2024 20:03:15 [Information] decimal: 0.00 MathPart2Initlz added to the Settings Form.
11/4/2024 20:03:15 [Information] decimal: 1.00 MilisecondTimerInterval added to the Settings Form.
11/4/2024 20:03:15 [Information] decimal: 1000.00 MillisecondDelay added to the Settings Form.
11/4/2024 20:03:15 [Information] int: 1000 Milliseconds added to the Settings Form.
11/4/2024 20:03:15 [Information] int: 4 mmPerRevolution added to the Settings Form.
11/4/2024 20:03:15 [Information] int: 2000 ThreadSleep added to the Settings Form.
11/4/2024 20:03:15 [Information] decimal: 0.00 Value_0_00 added to the Settings Form.
11/4/2024 20:03:15 [Information] decimal: 50.00 XaxisAcceleration added to the Settings Form.
11/4/2024 20:03:15 [Information] bool: False XaxisChanged added to the Settings Form.
11/4/2024 20:03:15 [Information] decimal: 400.00 XaxisMotorSpeed added to the Settings Form.
11/4/2024 20:03:15 [Information] decimal: 0.00 XaxisStepperCurrent added to the Settings Form.
11/4/2024 20:03:15 [Information] decimal: 0.00 XaxisStepperMove added to the Settings Form.
11/4/2024 20:03:15 [Information] XCOM1: XComPort added to the Settings Form.
11/4/2024 20:03:15 [Information] XCOM2: XComPort added to the Settings Form.
11/4/2024 20:03:15 [Information] XCOM3: XComPort added to the Settings Form.
11/4/2024 20:03:15 [Information] XCOM4: XComPort added to the Settings Form.
11/4/2024 20:03:15 [Information] XCOM5: XComPort added to the Settings Form.
11/4/2024 20:03:15 [Information] XCOM6: XComPort added to the Settings Form.
11/4/2024 20:03:15 [Information] XCOM7: XComPort added to the Settings Form.
11/4/2024 20:03:15 [Information] XCOM8: XComPort added to the Settings Form.
11/4/2024 20:03:15 [Information] XCOM9: XComPort added to the Settings Form.
11/4/2024 20:03:15 [Information] XCOM10: XComPort added to the Settings Form.
11/4/2024 20:03:15 [Information] decimal: 50.00 YaxisAcceleration added to the Settings Form.
11/4/2024 20:03:15 [Information] bool: False YaxisChanged added to the Settings Form.
11/4/2024 20:03:15 [Information] decimal: 400.00 YaxisMotorSpeed added to the Settings Form.
11/4/2024 20:03:15 [Information] decimal: 0.00 YaxisStepperCurrent added to the Settings Form.
11/4/2024 20:03:15 [Information] decimal: 0.00 YaxisStepperMove added to the Settings Form.
11/4/2024 20:03:15 [Information] YCOM1: YComPort added to the Settings Form.
11/4/2024 20:03:15 [Information] YCOM2: YComPort added to the Settings Form.
11/4/2024 20:03:15 [Information] YCOM3: YComPort added to the Settings Form.
11/4/2024 20:03:15 [Information] YCOM4: YComPort added to the Settings Form.
11/4/2024 20:03:15 [Information] YCOM5: YComPort added to the Settings Form.
11/4/2024 20:03:15 [Information] YCOM6: YComPort added to the Settings Form.
11/4/2024 20:03:15 [Information] YCOM7: YComPort added to the Settings Form.
11/4/2024 20:03:15 [Information] YCOM8: YComPort added to the Settings Form.
11/4/2024 20:03:15 [Information] YCOM9: YComPort added to the Settings Form.
11/4/2024 20:03:15 [Information] YCOM10: YComPort added to the Settings Form.
11/4/2024 20:03:15 [Information] decimal: 50.00 ZaxisAcceleration added to the Settings Form.
11/4/2024 20:03:15 [Information] bool: False ZaxisChanged added to the Settings Form.
11/4/2024 20:03:15 [Information] decimal: 400.00 ZaxisMotorSpeed added to the Settings Form.
11/4/2024 20:03:15 [Information] decimal: 0.00 ZaxisStepperCurrent added to the Settings Form.
11/4/2024 20:03:15 [Information] decimal: 0.00 ZaxisStepperMove added to the Settings Form.
11/4/2024 20:03:15 [Information] ZCOM1: ZComPort added to the Settings Form.
11/4/2024 20:03:15 [Information] ZCOM2: ZComPort added to the Settings Form.
11/4/2024 20:03:15 [Information] ZCOM3: ZComPort added to the Settings Form.
11/4/2024 20:03:15 [Information] ZCOM4: ZComPort added to the Settings Form.
11/4/2024 20:03:15 [Information] ZCOM5: ZComPort added to the Settings Form.
11/4/2024 20:03:15 [Information] ZCOM6: ZComPort added to the Settings Form.
11/4/2024 20:03:15 [Information] ZCOM7: ZComPort added to the Settings Form.
11/4/2024 20:03:15 [Information] ZCOM8: ZComPort added to the Settings Form.
11/4/2024 20:03:15 [Information] ZCOM9: ZComPort added to the Settings Form.
11/4/2024 20:03:15 [Information] ZCOM10: ZComPort added to the Settings Form.
11/4/2024 20:03:15 [Information] int: 0 zeroXaxis added to the Settings Form.
11/4/2024 20:03:15 [Information] int: 0 zeroYaxis added to the Settings Form.
11/4/2024 20:03:15 [Information] int: 0 zeroZaxis added to the Settings Form.
11/4/2024 20:03:16 [Information] Stepper Motor Controller MainWindow loaded
11/4/2024 20:03:16 [Information] Set MainWindow Media Brushes to White.
11/4/2024 20:03:29 [Information] Z Axis mouse controlled Keypad returned: 32.00
11/4/2024 20:03:30 [Information] ZAxisRun_Click button clicked:
11/4/2024 20:03:30 [Information] Z Axis MotorMovementSeconds decimal: (32.00 / 4) / 2 = 4.00
11/4/2024 20:03:30 [Information] Z Axis myMovementTimer int: 1000 * 4.00 = 4000
11/4/2024 20:03:31 [Information] Z Axis Run Event: Z,0.00,400.00,0,0.00,400.00,0,32.00,400.00,0
11/4/2024 20:03:31 [Information] Z Axis Current Time: 08:03:31 + 4000 = zTargetEndTime: 08:03:35
11/4/2024 20:03:31 [Information] Stepper Motor Controller Disable Z Axis controls while moving to location.
11/4/2024 20:03:31 [Information] Time remaining: 00:00:00 zTargetEndTime = 08:03:35
11/4/2024 20:03:31 [Information] Stepper Motor Controller Disable Z Axis controls while moving to location.
11/4/2024 20:03:31 [Information] Time remaining: 00:00:00 zTargetEndTime = 08:03:35
11/4/2024 20:03:31 [Information] Stepper Motor Controller Disable Z Axis controls while moving to location.
11/4/2024 20:03:31 [Information] Time remaining: 00:00:00 zTargetEndTime = 08:03:35
11/4/2024 20:03:31 [Information] Stepper Motor Controller Disable Z Axis controls while moving to location.
11/4/2024 20:03:31 [Information] Time remaining: 00:00:00 zTargetEndTime = 08:03:35
11/4/2024 20:03:32 [Information] Stepper Motor Controller Disable Z Axis controls while moving to location.
11/4/2024 20:03:32 [Information] Time remaining: 00:00:00 zTargetEndTime = 08:03:35
11/4/2024 20:03:32 [Information] Stepper Motor Controller Disable Z Axis controls while moving to location.
11/4/2024 20:03:32 [Information] Time remaining: 00:00:00 zTargetEndTime = 08:03:35
11/4/2024 20:03:32 [Information] Stepper Motor Controller Disable Z Axis controls while moving to location.
11/4/2024 20:03:32 [Information] Time remaining: 00:00:00 zTargetEndTime = 08:03:35
11/4/2024 20:03:32 [Information] Stepper Motor Controller Disable Z Axis controls while moving to location.
11/4/2024 20:03:32 [Information] Time remaining: 00:00:00 zTargetEndTime = 08:03:35
11/4/2024 20:03:32 [Information] Stepper Motor Controller Disable Z Axis controls while moving to location.
11/4/2024 20:03:32 [Information] Time remaining: 00:00:00 zTargetEndTime = 08:03:35
11/4/2024 20:03:32 [Information] Stepper Motor Controller Disable Z Axis controls while moving to location.
11/4/2024 20:03:32 [Information] Time remaining: 00:00:00 zTargetEndTime = 08:03:35
11/4/2024 20:03:32 [Information] Stepper Motor Controller Disable Z Axis controls while moving to location.
11/4/2024 20:03:32 [Information] Time remaining: 00:00:00 zTargetEndTime = 08:03:35
11/4/2024 20:03:32 [Information] Stepper Motor Controller Disable Z Axis controls while moving to location.
11/4/2024 20:03:32 [Information] Time remaining: 00:00:00 zTargetEndTime = 08:03:35
11/4/2024 20:03:32 [Information] Stepper Motor Controller Disable Z Axis controls while moving to location.
11/4/2024 20:03:32 [Information] Time remaining: 00:00:00 zTargetEndTime = 08:03:35
11/4/2024 20:03:32 [Information] Stepper Motor Controller Disable Z Axis controls while moving to location.
11/4/2024 20:03:32 [Information] Time remaining: 00:00:00 zTargetEndTime = 08:03:35
11/4/2024 20:03:32 [Information] Stepper Motor Controller Disable Z Axis controls while moving to location.
11/4/2024 20:03:32 [Information] Time remaining: 00:00:00 zTargetEndTime = 08:03:35
11/4/2024 20:03:32 [Information] Stepper Motor Controller Disable Z Axis controls while moving to location.
11/4/2024 20:03:32 [Information] Time remaining: 00:00:00 zTargetEndTime = 08:03:35
11/4/2024 20:03:32 [Information] Stepper Motor Controller Disable Z Axis controls while moving to location.
11/4/2024 20:03:32 [Information] Time remaining: 00:00:00 zTargetEndTime = 08:03:35
11/4/2024 20:03:32 [Information] Stepper Motor Controller Disable Z Axis controls while moving to location.
11/4/2024 20:03:32 [Information] Time remaining: 00:00:00 zTargetEndTime = 08:03:35
11/4/2024 20:03:32 [Information] Stepper Motor Controller Disable Z Axis controls while moving to location.
11/4/2024 20:03:32 [Information] Time remaining: 00:00:00 zTargetEndTime = 08:03:35
11/4/2024 20:03:32 [Information] Stepper Motor Controller Disable Z Axis controls while moving to location.
11/4/2024 20:03:32 [Information] Time remaining: 00:00:00 zTargetEndTime = 08:03:35
11/4/2024 20:03:32 [Information] Stepper Motor Controller Disable Z Axis controls while moving to location.
11/4/2024 20:03:32 [Information] Time remaining: 00:00:00 zTargetEndTime = 08:03:35
11/4/2024 20:03:32 [Information] Stepper Motor Controller Disable Z Axis controls while moving to location.
11/4/2024 20:03:32 [Information] Time remaining: 00:00:00 zTargetEndTime = 08:03:35
11/4/2024 20:03:32 [Information] Stepper Motor Controller Disable Z Axis controls while moving to location.
11/4/2024 20:03:32 [Information] Time remaining: 00:00:00 zTargetEndTime = 08:03:35
11/4/2024 20:03:32 [Information] Stepper Motor Controller Disable Z Axis controls while moving to location.
11/4/2024 20:03:32 [Information] Time remaining: 00:00:00 zTargetEndTime = 08:03:35
11/4/2024 20:03:32 [Information] Stepper Motor Controller Disable Z Axis controls while moving to location.
11/4/2024 20:03:32 [Information] Time remaining: 00:00:00 zTargetEndTime = 08:03:35
11/4/2024 20:03:32 [Information] Stepper Motor Controller Disable Z Axis controls while moving to location.
11/4/2024 20:03:32 [Information] Time remaining: 00:00:00 zTargetEndTime = 08:03:35
11/4/2024 20:03:32 [Information] Stepper Motor Controller Disable Z Axis controls while moving to location.
11/4/2024 20:03:32 [Information] Time remaining: 00:00:00 zTargetEndTime = 08:03:35
11/4/2024 20:03:32 [Information] Stepper Motor Controller Disable Z Axis controls while moving to location.
11/4/2024 20:03:32 [Information] Time remaining: 00:00:00 zTargetEndTime = 08:03:35
11/4/2024 20:03:32 [Information] Stepper Motor Controller Disable Z Axis controls while moving to location.
11/4/2024 20:03:32 [Information] Time remaining: 00:00:00 zTargetEndTime = 08:03:35
11/4/2024 20:03:32 [Information] Stepper Motor Controller Disable Z Axis controls while moving to location.
11/4/2024 20:03:32 [Information] Time remaining: 00:00:00 zTargetEndTime = 08:03:35
11/4/2024 20:03:32 [Information] Stepper Motor Controller Disable Z Axis controls while moving to location.
11/4/2024 20:03:32 [Information] Time remaining: 00:00:00 zTargetEndTime = 08:03:35
11/4/2024 20:03:32 [Information] Stepper Motor Controller Disable Z Axis controls while moving to location.
11/4/2024 20:03:32 [Information] Time remaining: 00:00:00 zTargetEndTime = 08:03:35
11/4/2024 20:03:32 [Information] Stepper Motor Controller Disable Z Axis controls while moving to location.
11/4/2024 20:03:32 [Information] Time remaining: 00:00:00 zTargetEndTime = 08:03:35
11/4/2024 20:03:32 [Information] Stepper Motor Controller Disable Z Axis controls while moving to location.
11/4/2024 20:03:32 [Information] Time remaining: 00:00:00 zTargetEndTime = 08:03:35
11/4/2024 20:03:32 [Information] Stepper Motor Controller Disable Z Axis controls while moving to location.
11/4/2024 20:03:32 [Information] Time remaining: 00:00:00 zTargetEndTime = 08:03:35
11/4/2024 20:03:32 [Information] Stepper Motor Controller Disable Z Axis controls while moving to location.
11/4/2024 20:03:32 [Information] Time remaining: 00:00:00 zTargetEndTime = 08:03:35
11/4/2024 20:03:32 [Information] Stepper Motor Controller Disable Z Axis controls while moving to location.
11/4/2024 20:03:32 [Information] Time remaining: 00:00:00 zTargetEndTime = 08:03:35
11/4/2024 20:03:32 [Information] Stepper Motor Controller Disable Z Axis controls while moving to location.
11/4/2024 20:03:32 [Information] Time remaining: 00:00:00 zTargetEndTime = 08:03:35
11/4/2024 20:03:32 [Information] Stepper Motor Controller Disable Z Axis controls while moving to location.
11/4/2024 20:03:32 [Information] Time remaining: 00:00:00 zTargetEndTime = 08:03:35
11/4/2024 20:03:32 [Information] Stepper Motor Controller Disable Z Axis controls while moving to location.
11/4/2024 20:03:32 [Information] Time remaining: 00:00:00 zTargetEndTime = 08:03:35
11/4/2024 20:03:32 [Information] Stepper Motor Controller Disable Z Axis controls while moving to location.
11/4/2024 20:03:32 [Information] Time remaining: 00:00:00 zTargetEndTime = 08:03:35
11/4/2024 20:03:32 [Information] Stepper Motor Controller Disable Z Axis controls while moving to location.
11/4/2024 20:03:32 [Information] Time remaining: 00:00:00 zTargetEndTime = 08:03:35
11/4/2024 20:03:32 [Information] Stepper Motor Controller Disable Z Axis controls while moving to location.
11/4/2024 20:03:32 [Information] Time remaining: 00:00:00 zTargetEndTime = 08:03:35
11/4/2024 20:03:32 [Information] Z Axis Data Received: Z Axis Motor Stopped
Z Axis Motor Current Position: 245
Z Axis Motor Stopped
Z Axis Motor Current Position: 245
Z Ax
11/4/2024 20:03:32 [Information] Stepper Motor Controller Disable Z Axis controls while moving to location.
11/4/2024 20:03:32 [Information] Time remaining: 00:00:00 zTargetEndTime = 08:03:35
11/4/2024 20:03:32 [Information] Setting Z Axis Current Location Set to Zero on DRO
11/4/2024 20:03:32 [Information] Z Axis Current Location Set to Zero
11/4/2024 20:03:32 [Information] Z Axis Motor Current Position: 245
11/4/2024 20:03:32 [Information] Z Axis Motor Current Position: 245
11/4/2024 20:03:32 [Information] Z Axis Data Received: is Motor Stopped
Z Axis Motor Current Position: 245
Z Axis Motor Stopped
Z Axis Motor Current Position: 245
Z Axis M
11/4/2024 20:03:32 [Information] Setting Z Axis Current Location Set to Zero on DRO
11/4/2024 20:03:32 [Information] Z Axis Current Location Set to Zero
11/4/2024 20:03:32 [Information] Z Axis Motor Current Position: 245
11/4/2024 20:03:32 [Information] Z Axis Motor Current Position: 245
11/4/2024 20:03:32 [Information] Z Axis Data Received: otor Stopped
Z Axis Motor Current Position: 245
Z Axis Motor Stopped
Z Axis Motor Current Position: 245

11/4/2024 20:03:32 [Information] Setting Z Axis Current Location Set to Zero on DRO
11/4/2024 20:03:32 [Information] Z Axis Current Location Set to Zero
11/4/2024 20:03:32 [Information] Z Axis Motor Current Position: 245
11/4/2024 20:03:33 [Information] Z Axis Motor Current Position: 245
11/4/2024 20:03:48 [Information] ZAxisRun_Click button clicked:
11/4/2024 20:03:48 [Information] Z Axis MotorMovementSeconds decimal: (0.00 / 4) / 2 = 0.00
11/4/2024 20:03:48 [Information] Z Axis myMovementTimer int: 1000 * 0.00 = 0
11/4/2024 20:03:49 [Information] Z Axis Run Event: Z,0.00,400.00,0,0.00,400.00,0,4.90,400.00,0
11/4/2024 20:03:49 [Information] Z Axis Current Time: 08:03:49 + 0 = zTargetEndTime: 08:03:49
11/4/2024 20:03:49 [Information] Stepper Motor Controller Enable Z Axis controls after moving to location.
11/4/2024 20:03:49 [Information] Stepper Motor Controller Stopwatch Stopped.
11/4/2024 20:03:49 [Information] Stepper Motor Controller Timer Stopped.
11/4/2024 20:03:49 [Information] Stepper Motor Controller Stopwatch Reset.
11/4/2024 20:03:52 [Information] ZAxisRun_Click button clicked:
11/4/2024 20:03:52 [Information] Z Axis MotorMovementSeconds decimal: (0.00 / 4) / 2 = 0.00
11/4/2024 20:03:52 [Information] Z Axis myMovementTimer int: 1000 * 0.00 = 0
11/4/2024 20:03:53 [Information] Z Axis Run Event: Z,0.00,400.00,0,0.00,400.00,0,4.90,400.00,0
11/4/2024 20:03:53 [Information] Z Axis Current Time: 08:03:53 + 0 = zTargetEndTime: 08:03:53
11/4/2024 20:03:53 [Information] Stepper Motor Controller Enable Z Axis controls after moving to location.
11/4/2024 20:03:53 [Information] Stepper Motor Controller Stopwatch Stopped.
11/4/2024 20:03:53 [Information] Stepper Motor Controller Timer Stopped.
11/4/2024 20:03:53 [Information] Stepper Motor Controller Stopwatch Reset.
11/4/2024 20:03:59 [Information] Updated X,Y Zero.IsChecked status to 0 and Z Zero.IsChecked status to 1.
11/4/2024 20:04:02 [Information] ZAxisRun_Click button clicked:
11/4/2024 20:04:02 [Information] Z Axis Run Event to reset Axis to zero: Z,0.00,400.00,0,0.00,400.00,0,0.00,400.00,1
11/4/2024 20:04:02 [Information] Setting Z Axis Current Location Set to Zero on DRO
11/4/2024 20:04:03 [Information] Updated X,Y,Z Zero.IsChecked status to 0.
11/4/2024 20:04:03 [Information] Z Axis Current Location Set to Zero
11/4/2024 20:04:13 [Information] Z Axis mouse controlled Keypad returned: 32.00
11/4/2024 20:04:15 [Information] ZAxisRun_Click button clicked:
11/4/2024 20:04:15 [Information] Z Axis MotorMovementSeconds decimal: (32.00 / 4) / 2 = 4.00
11/4/2024 20:04:15 [Information] Z Axis myMovementTimer int: 1000 * 4.00 = 4000
11/4/2024 20:04:16 [Information] Z Axis Run Event: Z,0.00,400.00,0,0.00,400.00,0,32.00,400.00,0
11/4/2024 20:04:16 [Information] Z Axis Current Time: 08:04:16 + 4000 = zTargetEndTime: 08:04:20
11/4/2024 20:04:16 [Information] Stepper Motor Controller Disable Z Axis controls while moving to location.
11/4/2024 20:04:16 [Information] Time remaining: 00:00:00 zTargetEndTime = 08:04:20
11/4/2024 20:04:16 [Information] Stepper Motor Controller Disable Z Axis controls while moving to location.
11/4/2024 20:04:16 [Information] Time remaining: 00:00:00 zTargetEndTime = 08:04:20
11/4/2024 20:04:16 [Information] Stepper Motor Controller Disable Z Axis controls while moving to location.
11/4/2024 20:04:16 [Information] Time remaining: 00:00:00 zTargetEndTime = 08:04:20
11/4/2024 20:04:16 [Information] Stepper Motor Controller Disable Z Axis controls while moving to location.
11/4/2024 20:04:16 [Information] Time remaining: 00:00:00 zTargetEndTime = 08:04:20
11/4/2024 20:04:16 [Information] Stepper Motor Controller Disable Z Axis controls while moving to location.
11/4/2024 20:04:16 [Information] Time remaining: 00:00:00 zTargetEndTime = 08:04:20
11/4/2024 20:04:16 [Information] Stepper Motor Controller Disable Z Axis controls while moving to location.
11/4/2024 20:04:16 [Information] Time remaining: 00:00:00 zTargetEndTime = 08:04:20
11/4/2024 20:04:16 [Information] Stepper Motor Controller Disable Z Axis controls while moving to location.
11/4/2024 20:04:16 [Information] Time remaining: 00:00:00 zTargetEndTime = 08:04:20
11/4/2024 20:04:16 [Information] Stepper Motor Controller Disable Z Axis controls while moving to location.
11/4/2024 20:04:16 [Information] Time remaining: 00:00:00 zTargetEndTime = 08:04:20
11/4/2024 20:04:16 [Information] Stepper Motor Controller Disable Z Axis controls while moving to location.
11/4/2024 20:04:16 [Information] Time remaining: 00:00:00 zTargetEndTime = 08:04:20
11/4/2024 20:04:16 [Information] Stepper Motor Controller Disable Z Axis controls while moving to location.
11/4/2024 20:04:16 [Information] Time remaining: 00:00:00 zTargetEndTime = 08:04:20
11/4/2024 20:04:16 [Information] Stepper Motor Controller Disable Z Axis controls while moving to location.
11/4/2024 20:04:16 [Information] Time remaining: 00:00:00 zTargetEndTime = 08:04:20
11/4/2024 20:04:16 [Information] Stepper Motor Controller Disable Z Axis controls while moving to location.
11/4/2024 20:04:16 [Information] Time remaining: 00:00:00 zTargetEndTime = 08:04:20
11/4/2024 20:04:16 [Information] Stepper Motor Controller Disable Z Axis controls while moving to location.
11/4/2024 20:04:16 [Information] Time remaining: 00:00:00 zTargetEndTime = 08:04:20
11/4/2024 20:04:16 [Information] Stepper Motor Controller Disable Z Axis controls while moving to location.
11/4/2024 20:04:16 [Information] Time remaining: 00:00:00 zTargetEndTime = 08:04:20
11/4/2024 20:04:16 [Information] Stepper Motor Controller Disable Z Axis controls while moving to location.
11/4/2024 20:04:16 [Information] Time remaining: 00:00:00 zTargetEndTime = 08:04:20
11/4/2024 20:04:16 [Information] Stepper Motor Controller Disable Z Axis controls while moving to location.
11/4/2024 20:04:16 [Information] Time remaining: 00:00:00 zTargetEndTime = 08:04:20
11/4/2024 20:04:16 [Information] Stepper Motor Controller Disable Z Axis controls while moving to location.
11/4/2024 20:04:16 [Information] Time remaining: 00:00:00 zTargetEndTime = 08:04:20
11/4/2024 20:04:17 [Information] Stepper Motor Controller Disable Z Axis controls while moving to location.
11/4/2024 20:04:17 [Information] Time remaining: 00:00:00 zTargetEndTime = 08:04:20
11/4/2024 20:04:17 [Information] Stepper Motor Controller Disable Z Axis controls while moving to location.
11/4/2024 20:04:17 [Information] Time remaining: 00:00:00 zTargetEndTime = 08:04:20
11/4/2024 20:04:17 [Information] Stepper Motor Controller Disable Z Axis controls while moving to location.
11/4/2024 20:04:17 [Information] Time remaining: 00:00:00 zTargetEndTime = 08:04:20
11/4/2024 20:04:17 [Information] Stepper Motor Controller Disable Z Axis controls while moving to location.
11/4/2024 20:04:17 [Information] Time remaining: 00:00:00 zTargetEndTime = 08:04:20
11/4/2024 20:04:17 [Information] Stepper Motor Controller Disable Z Axis controls while moving to location.
11/4/2024 20:04:17 [Information] Time remaining: 00:00:00 zTargetEndTime = 08:04:20
11/4/2024 20:04:17 [Information] Stepper Motor Controller Disable Z Axis controls while moving to location.
11/4/2024 20:04:17 [Information] Time remaining: 00:00:00 zTargetEndTime = 08:04:20
11/4/2024 20:04:17 [Information] Stepper Motor Controller Disable Z Axis controls while moving to location.
11/4/2024 20:04:17 [Information] Time remaining: 00:00:00 zTargetEndTime = 08:04:20
11/4/2024 20:04:17 [Information] Stepper Motor Controller Disable Z Axis controls while moving to location.
11/4/2024 20:04:17 [Information] Time remaining: 00:00:00 zTargetEndTime = 08:04:20
11/4/2024 20:04:17 [Information] Stepper Motor Controller Disable Z Axis controls while moving to location.
11/4/2024 20:04:17 [Information] Time remaining: 00:00:00 zTargetEndTime = 08:04:20
11/4/2024 20:04:17 [Information] Stepper Motor Controller Disable Z Axis controls while moving to location.
11/4/2024 20:04:17 [Information] Time remaining: 00:00:00 zTargetEndTime = 08:04:20
11/4/2024 20:04:17 [Information] Stepper Motor Controller Disable Z Axis controls while moving to location.
11/4/2024 20:04:17 [Information] Time remaining: 00:00:00 zTargetEndTime = 08:04:20
11/4/2024 20:04:17 [Information] Stepper Motor Controller Disable Z Axis controls while moving to location.
11/4/2024 20:04:17 [Information] Time remaining: 00:00:00 zTargetEndTime = 08:04:20
11/4/2024 20:04:17 [Information] Stepper Motor Controller Disable Z Axis controls while moving to location.
11/4/2024 20:04:17 [Information] Time remaining: 00:00:00 zTargetEndTime = 08:04:20
11/4/2024 20:04:17 [Information] Stepper Motor Controller Disable Z Axis controls while moving to location.
11/4/2024 20:04:17 [Information] Time remaining: 00:00:00 zTargetEndTime = 08:04:20
11/4/2024 20:04:17 [Information] Stepper Motor Controller Disable Z Axis controls while moving to location.
11/4/2024 20:04:17 [Information] Time remaining: 00:00:00 zTargetEndTime = 08:04:20
11/4/2024 20:04:17 [Information] Stepper Motor Controller Disable Z Axis controls while moving to location.
11/4/2024 20:04:17 [Information] Time remaining: 00:00:00 zTargetEndTime = 08:04:20
11/4/2024 20:04:17 [Information] Stepper Motor Controller Disable Z Axis controls while moving to location.
11/4/2024 20:04:17 [Information] Time remaining: 00:00:00 zTargetEndTime = 08:04:20
11/4/2024 20:04:17 [Information] Stepper Motor Controller Disable Z Axis controls while moving to location.
11/4/2024 20:04:17 [Information] Time remaining: 00:00:00 zTargetEndTime = 08:04:20
11/4/2024 20:04:17 [Information] Stepper Motor Controller Disable Z Axis controls while moving to location.
11/4/2024 20:04:17 [Information] Time remaining: 00:00:00 zTargetEndTime = 08:04:20
11/4/2024 20:04:17 [Information] Stepper Motor Controller Disable Z Axis controls while moving to location.
11/4/2024 20:04:17 [Information] Time remaining: 00:00:00 zTargetEndTime = 08:04:20
11/4/2024 20:04:17 [Information] Stepper Motor Controller Disable Z Axis controls while moving to location.
11/4/2024 20:04:17 [Information] Time remaining: 00:00:00 zTargetEndTime = 08:04:20
11/4/2024 20:04:17 [Information] Stepper Motor Controller Disable Z Axis controls while moving to location.
11/4/2024 20:04:17 [Information] Time remaining: 00:00:00 zTargetEndTime = 08:04:20
11/4/2024 20:04:17 [Information] Stepper Motor Controller Disable Z Axis controls while moving to location.
11/4/2024 20:04:17 [Information] Time remaining: 00:00:00 zTargetEndTime = 08:04:20
11/4/2024 20:04:17 [Information] Stepper Motor Controller Disable Z Axis controls while moving to location.
11/4/2024 20:04:17 [Information] Time remaining: 00:00:00 zTargetEndTime = 08:04:20
11/4/2024 20:04:17 [Information] Stepper Motor Controller Disable Z Axis controls while moving to location.
11/4/2024 20:04:17 [Information] Time remaining: 00:00:00 zTargetEndTime = 08:04:20
11/4/2024 20:04:17 [Information] Stepper Motor Controller Disable Z Axis controls while moving to location.
11/4/2024 20:04:17 [Information] Time remaining: 00:00:00 zTargetEndTime = 08:04:20
11/4/2024 20:04:17 [Information] Stepper Motor Controller Disable Z Axis controls while moving to location.
11/4/2024 20:04:17 [Information] Time remaining: 00:00:00 zTargetEndTime = 08:04:20
11/4/2024 20:04:17 [Information] Stepper Motor Controller Disable Z Axis controls while moving to location.
11/4/2024 20:04:17 [Information] Time remaining: 00:00:00 zTargetEndTime = 08:04:20
11/4/2024 20:04:17 [Information] Stepper Motor Controller Disable Z Axis controls while moving to location.
11/4/2024 20:04:17 [Information] Time remaining: 00:00:00 zTargetEndTime = 08:04:20
11/4/2024 20:04:17 [Information] Stepper Motor Controller Disable Z Axis controls while moving to location.
11/4/2024 20:04:17 [Information] Time remaining: 00:00:00 zTargetEndTime = 08:04:20
11/4/2024 20:04:17 [Information] Stepper Motor Controller Disable Z Axis controls while moving to location.
11/4/2024 20:04:17 [Information] Time remaining: 00:00:00 zTargetEndTime = 08:04:20
11/4/2024 20:04:17 [Information] Stepper Motor Controller Disable Z Axis controls while moving to location.
11/4/2024 20:04:17 [Information] Time remaining: 00:00:00 zTargetEndTime = 08:04:20
11/4/2024 20:04:17 [Information] Stepper Motor Controller Disable Z Axis controls while moving to location.
11/4/2024 20:04:17 [Information] Time remaining: 00:00:00 zTargetEndTime = 08:04:20
11/4/2024 20:04:17 [Information] Stepper Motor Controller Disable Z Axis controls while moving to location.
11/4/2024 20:04:17 [Information] Time remaining: 00:00:00 zTargetEndTime = 08:04:20
11/4/2024 20:04:17 [Information] Stepper Motor Controller Disable Z Axis controls while moving to location.
11/4/2024 20:04:17 [Information] Time remaining: 00:00:00 zTargetEndTime = 08:04:20
11/4/2024 20:04:17 [Information] Stepper Motor Controller Disable Z Axis controls while moving to location.
11/4/2024 20:04:17 [Information] Time remaining: 00:00:00 zTargetEndTime = 08:04:20
11/4/2024 20:04:17 [Information] Stepper Motor Controller Disable Z Axis controls while moving to location.
11/4/2024 20:04:17 [Information] Time remaining: 00:00:00 zTargetEndTime = 08:04:20
11/4/2024 20:04:17 [Information] Stepper Motor Controller Disable Z Axis controls while moving to location.
11/4/2024 20:04:17 [Information] Time remaining: 00:00:00 zTargetEndTime = 08:04:20
11/4/2024 20:04:17 [Information] Stepper Motor Controller Disable Z Axis controls while moving to location.
11/4/2024 20:04:17 [Information] Time remaining: 00:00:00 zTargetEndTime = 08:04:20
11/4/2024 20:04:17 [Information] Stepper Motor Controller Disable Z Axis controls while moving to location.
11/4/2024 20:04:17 [Information] Time remaining: 00:00:01 zTargetEndTime = 08:04:20
11/4/2024 20:04:17 [Information] Stepper Motor Controller Disable Z Axis controls while moving to location.
11/4/2024 20:04:17 [Information] Time remaining: 00:00:01 zTargetEndTime = 08:04:20
11/4/2024 20:04:17 [Information] Stepper Motor Controller Disable Z Axis controls while moving to location.
11/4/2024 20:04:17 [Information] Time remaining: 00:00:01 zTargetEndTime = 08:04:20
11/4/2024 20:04:17 [Information] Stepper Motor Controller Disable Z Axis controls while moving to location.
11/4/2024 20:04:17 [Information] Time remaining: 00:00:01 zTargetEndTime = 08:04:20
11/4/2024 20:04:17 [Information] Stepper Motor Controller Disable Z Axis controls while moving to location.
11/4/2024 20:04:17 [Information] Time remaining: 00:00:01 zTargetEndTime = 08:04:20
11/4/2024 20:04:17 [Information] Stepper Motor Controller Disable Z Axis controls while moving to location.
11/4/2024 20:04:17 [Information] Time remaining: 00:00:01 zTargetEndTime = 08:04:20
11/4/2024 20:04:17 [Information] Stepper Motor Controller Disable Z Axis controls while moving to location.
11/4/2024 20:04:17 [Information] Time remaining: 00:00:01 zTargetEndTime = 08:04:20
11/4/2024 20:04:17 [Information] Stepper Motor Controller Disable Z Axis controls while moving to location.
11/4/2024 20:04:17 [Information] Time remaining: 00:00:01 zTargetEndTime = 08:04:20
11/4/2024 20:04:17 [Information] Stepper Motor Controller Disable Z Axis controls while moving to location.
11/4/2024 20:04:17 [Information] Time remaining: 00:00:01 zTargetEndTime = 08:04:20
11/4/2024 20:04:17 [Information] Stepper Motor Controller Disable Z Axis controls while moving to location.
11/4/2024 20:04:17 [Information] Time remaining: 00:00:01 zTargetEndTime = 08:04:20
11/4/2024 20:04:17 [Information] Stepper Motor Controller Disable Z Axis controls while moving to location.
11/4/2024 20:04:17 [Information] Time remaining: 00:00:01 zTargetEndTime = 08:04:20
11/4/2024 20:04:17 [Information] Stepper Motor Controller Disable Z Axis controls while moving to location.
11/4/2024 20:04:17 [Information] Time remaining: 00:00:01 zTargetEndTime = 08:04:20
11/4/2024 20:04:17 [Information] Stepper Motor Controller Disable Z Axis controls while moving to location.
11/4/2024 20:04:17 [Information] Time remaining: 00:00:01 zTargetEndTime = 08:04:20
11/4/2024 20:04:17 [Information] Stepper Motor Controller Disable Z Axis controls while moving to location.
11/4/2024 20:04:17 [Information] Time remaining: 00:00:01 zTargetEndTime = 08:04:20
11/4/2024 20:04:17 [Information] Stepper Motor Controller Disable Z Axis controls while moving to location.
11/4/2024 20:04:17 [Information] Time remaining: 00:00:01 zTargetEndTime = 08:04:20
11/4/2024 20:04:17 [Information] Stepper Motor Controller Disable Z Axis controls while moving to location.
11/4/2024 20:04:17 [Information] Time remaining: 00:00:01 zTargetEndTime = 08:04:20
11/4/2024 20:04:17 [Information] Stepper Motor Controller Disable Z Axis controls while moving to location.
11/4/2024 20:04:17 [Information] Time remaining: 00:00:01 zTargetEndTime = 08:04:20
11/4/2024 20:04:17 [Information] Stepper Motor Controller Disable Z Axis controls while moving to location.
11/4/2024 20:04:17 [Information] Time remaining: 00:00:01 zTargetEndTime = 08:04:20
11/4/2024 20:04:17 [Information] Stepper Motor Controller Disable Z Axis controls while moving to location.
11/4/2024 20:04:17 [Information] Time remaining: 00:00:01 zTargetEndTime = 08:04:20
11/4/2024 20:04:17 [Information] Stepper Motor Controller Disable Z Axis controls while moving to location.
11/4/2024 20:04:17 [Information] Time remaining: 00:00:01 zTargetEndTime = 08:04:20
11/4/2024 20:04:17 [Information] Stepper Motor Controller Disable Z Axis controls while moving to location.
11/4/2024 20:04:17 [Information] Time remaining: 00:00:01 zTargetEndTime = 08:04:20
11/4/2024 20:04:18 [Information] Stepper Motor Controller Disable Z Axis controls while moving to location.
11/4/2024 20:04:18 [Information] Time remaining: 00:00:01 zTargetEndTime = 08:04:20
11/4/2024 20:04:18 [Information] Stepper Motor Controller Disable Z Axis controls while moving to location.
11/4/2024 20:04:18 [Information] Time remaining: 00:00:01 zTargetEndTime = 08:04:20
11/4/2024 20:04:18 [Information] Stepper Motor Controller Disable Z Axis controls while moving to location.
11/4/2024 20:04:18 [Information] Time remaining: 00:00:01 zTargetEndTime = 08:04:20
11/4/2024 20:04:18 [Information] Stepper Motor Controller Disable Z Axis controls while moving to location.
11/4/2024 20:04:18 [Information] Time remaining: 00:00:01 zTargetEndTime = 08:04:20
11/4/2024 20:04:18 [Information] Stepper Motor Controller Disable Z Axis controls while moving to location.
11/4/2024 20:04:18 [Information] Time remaining: 00:00:01 zTargetEndTime = 08:04:20
11/4/2024 20:04:18 [Information] Stepper Motor Controller Disable Z Axis controls while moving to location.
11/4/2024 20:04:18 [Information] Time remaining: 00:00:01 zTargetEndTime = 08:04:20
11/4/2024 20:04:18 [Information] Stepper Motor Controller Disable Z Axis controls while moving to location.
11/4/2024 20:04:18 [Information] Time remaining: 00:00:01 zTargetEndTime = 08:04:20
11/4/2024 20:04:18 [Information] Stepper Motor Controller Disable Z Axis controls while moving to location.
11/4/2024 20:04:18 [Information] Time remaining: 00:00:01 zTargetEndTime = 08:04:20
11/4/2024 20:04:18 [Information] Stepper Motor Controller Disable Z Axis controls while moving to location.
11/4/2024 20:04:18 [Information] Time remaining: 00:00:01 zTargetEndTime = 08:04:20
11/4/2024 20:04:18 [Information] Stepper Motor Controller Disable Z Axis controls while moving to location.
11/4/2024 20:04:18 [Information] Time remaining: 00:00:01 zTargetEndTime = 08:04:20
11/4/2024 20:04:18 [Information] Stepper Motor Controller Disable Z Axis controls while moving to location.
11/4/2024 20:04:18 [Information] Time remaining: 00:00:01 zTargetEndTime = 08:04:20
11/4/2024 20:04:18 [Information] Stepper Motor Controller Disable Z Axis controls while moving to location.
11/4/2024 20:04:18 [Information] Time remaining: 00:00:01 zTargetEndTime = 08:04:20
11/4/2024 20:04:18 [Information] Stepper Motor Controller Disable Z Axis controls while moving to location.
11/4/2024 20:04:18 [Information] Time remaining: 00:00:01 zTargetEndTime = 08:04:20
11/4/2024 20:04:18 [Information] Stepper Motor Controller Disable Z Axis controls while moving to location.
11/4/2024 20:04:18 [Information] Time remaining: 00:00:01 zTargetEndTime = 08:04:20
11/4/2024 20:04:18 [Information] Stepper Motor Controller Disable Z Axis controls while moving to location.
11/4/2024 20:04:18 [Information] Time remaining: 00:00:01 zTargetEndTime = 08:04:20
11/4/2024 20:04:18 [Information] Stepper Motor Controller Disable Z Axis controls while moving to location.
11/4/2024 20:04:18 [Information] Time remaining: 00:00:01 zTargetEndTime = 08:04:20
11/4/2024 20:04:18 [Information] Stepper Motor Controller Disable Z Axis controls while moving to location.
11/4/2024 20:04:18 [Information] Time remaining: 00:00:01 zTargetEndTime = 08:04:20
11/4/2024 20:04:18 [Information] Stepper Motor Controller Disable Z Axis controls while moving to location.
11/4/2024 20:04:18 [Information] Time remaining: 00:00:01 zTargetEndTime = 08:04:20
11/4/2024 20:04:18 [Information] Stepper Motor Controller Disable Z Axis controls while moving to location.
11/4/2024 20:04:18 [Information] Time remaining: 00:00:01 zTargetEndTime = 08:04:20
11/4/2024 20:04:18 [Information] Stepper Motor Controller Disable Z Axis controls while moving to location.
11/4/2024 20:04:18 [Information] Time remaining: 00:00:01 zTargetEndTime = 08:04:20
11/4/2024 20:04:18 [Information] Stepper Motor Controller Disable Z Axis controls while moving to location.
11/4/2024 20:04:18 [Information] Time remaining: 00:00:01 zTargetEndTime = 08:04:20
11/4/2024 20:04:18 [Information] Stepper Motor Controller Disable Z Axis controls while moving to location.
11/4/2024 20:04:18 [Information] Time remaining: 00:00:01 zTargetEndTime = 08:04:20
11/4/2024 20:04:18 [Information] Stepper Motor Controller Disable Z Axis controls while moving to location.
11/4/2024 20:04:18 [Information] Time remaining: 00:00:01 zTargetEndTime = 08:04:20
11/4/2024 20:04:18 [Information] Stepper Motor Controller Disable Z Axis controls while moving to location.
11/4/2024 20:04:18 [Information] Time remaining: 00:00:01 zTargetEndTime = 08:04:20
11/4/2024 20:04:18 [Information] Stepper Motor Controller Disable Z Axis controls while moving to location.
11/4/2024 20:04:18 [Information] Time remaining: 00:00:01 zTargetEndTime = 08:04:20
11/4/2024 20:04:18 [Information] Stepper Motor Controller Disable Z Axis controls while moving to location.
11/4/2024 20:04:18 [Information] Time remaining: 00:00:01 zTargetEndTime = 08:04:20
11/4/2024 20:04:18 [Information] Stepper Motor Controller Disable Z Axis controls while moving to location.
11/4/2024 20:04:18 [Information] Time remaining: 00:00:01 zTargetEndTime = 08:04:20
11/4/2024 20:04:18 [Information] Stepper Motor Controller Disable Z Axis controls while moving to location.
11/4/2024 20:04:18 [Information] Time remaining: 00:00:01 zTargetEndTime = 08:04:20
11/4/2024 20:04:18 [Information] Stepper Motor Controller Disable Z Axis controls while moving to location.
11/4/2024 20:04:18 [Information] Time remaining: 00:00:01 zTargetEndTime = 08:04:20
11/4/2024 20:04:18 [Information] Stepper Motor Controller Disable Z Axis controls while moving to location.
11/4/2024 20:04:18 [Information] Time remaining: 00:00:01 zTargetEndTime = 08:04:20
11/4/2024 20:04:18 [Information] Stepper Motor Controller Disable Z Axis controls while moving to location.
11/4/2024 20:04:18 [Information] Time remaining: 00:00:01 zTargetEndTime = 08:04:20
11/4/2024 20:04:18 [Information] Stepper Motor Controller Disable Z Axis controls while moving to location.
11/4/2024 20:04:18 [Information] Time remaining: 00:00:01 zTargetEndTime = 08:04:20
11/4/2024 20:04:18 [Information] Stepper Motor Controller Disable Z Axis controls while moving to location.
11/4/2024 20:04:18 [Information] Time remaining: 00:00:01 zTargetEndTime = 08:04:20
11/4/2024 20:04:18 [Information] Stepper Motor Controller Disable Z Axis controls while moving to location.
11/4/2024 20:04:18 [Information] Time remaining: 00:00:01 zTargetEndTime = 08:04:20
11/4/2024 20:04:18 [Information] Stepper Motor Controller Disable Z Axis controls while moving to location.
11/4/2024 20:04:18 [Information] Time remaining: 00:00:01 zTargetEndTime = 08:04:20
11/4/2024 20:04:18 [Information] Stepper Motor Controller Disable Z Axis controls while moving to location.
11/4/2024 20:04:18 [Information] Time remaining: 00:00:01 zTargetEndTime = 08:04:20
11/4/2024 20:04:18 [Information] Stepper Motor Controller Disable Z Axis controls while moving to location.
11/4/2024 20:04:18 [Information] Time remaining: 00:00:02 zTargetEndTime = 08:04:20
11/4/2024 20:04:18 [Information] Stepper Motor Controller Disable Z Axis controls while moving to location.
11/4/2024 20:04:18 [Information] Time remaining: 00:00:02 zTargetEndTime = 08:04:20
11/4/2024 20:04:18 [Information] Stepper Motor Controller Disable Z Axis controls while moving to location.
11/4/2024 20:04:18 [Information] Time remaining: 00:00:02 zTargetEndTime = 08:04:20
11/4/2024 20:04:18 [Information] Stepper Motor Controller Disable Z Axis controls while moving to location.
11/4/2024 20:04:18 [Information] Time remaining: 00:00:02 zTargetEndTime = 08:04:20
11/4/2024 20:04:18 [Information] Stepper Motor Controller Disable Z Axis controls while moving to location.
11/4/2024 20:04:18 [Information] Time remaining: 00:00:02 zTargetEndTime = 08:04:20
11/4/2024 20:04:18 [Information] Stepper Motor Controller Disable Z Axis controls while moving to location.
11/4/2024 20:04:18 [Information] Time remaining: 00:00:02 zTargetEndTime = 08:04:20
11/4/2024 20:04:18 [Information] Stepper Motor Controller Disable Z Axis controls while moving to location.
11/4/2024 20:04:18 [Information] Time remaining: 00:00:02 zTargetEndTime = 08:04:20
11/4/2024 20:04:18 [Information] Stepper Motor Controller Disable Z Axis controls while moving to location.
11/4/2024 20:04:18 [Information] Time remaining: 00:00:02 zTargetEndTime = 08:04:20
11/4/2024 20:04:18 [Information] Stepper Motor Controller Disable Z Axis controls while moving to location.
11/4/2024 20:04:18 [Information] Time remaining: 00:00:02 zTargetEndTime = 08:04:20
11/4/2024 20:04:18 [Information] Stepper Motor Controller Disable Z Axis controls while moving to location.
11/4/2024 20:04:18 [Information] Time remaining: 00:00:02 zTargetEndTime = 08:04:20
11/4/2024 20:04:18 [Information] Stepper Motor Controller Disable Z Axis controls while moving to location.
11/4/2024 20:04:18 [Information] Time remaining: 00:00:02 zTargetEndTime = 08:04:20
11/4/2024 20:04:18 [Information] Stepper Motor Controller Disable Z Axis controls while moving to location.
11/4/2024 20:04:18 [Information] Time remaining: 00:00:02 zTargetEndTime = 08:04:20
11/4/2024 20:04:18 [Information] Stepper Motor Controller Disable Z Axis controls while moving to location.
11/4/2024 20:04:18 [Information] Time remaining: 00:00:02 zTargetEndTime = 08:04:20
11/4/2024 20:04:18 [Information] Stepper Motor Controller Disable Z Axis controls while moving to location.
11/4/2024 20:04:18 [Information] Time remaining: 00:00:02 zTargetEndTime = 08:04:20
11/4/2024 20:04:18 [Information] Stepper Motor Controller Disable Z Axis controls while moving to location.
11/4/2024 20:04:18 [Information] Time remaining: 00:00:02 zTargetEndTime = 08:04:20
11/4/2024 20:04:18 [Information] Stepper Motor Controller Disable Z Axis controls while moving to location.
11/4/2024 20:04:18 [Information] Time remaining: 00:00:02 zTargetEndTime = 08:04:20
11/4/2024 20:04:18 [Information] Stepper Motor Controller Disable Z Axis controls while moving to location.
11/4/2024 20:04:18 [Information] Time remaining: 00:00:02 zTargetEndTime = 08:04:20
11/4/2024 20:04:18 [Information] Stepper Motor Controller Disable Z Axis controls while moving to location.
11/4/2024 20:04:18 [Information] Time remaining: 00:00:02 zTargetEndTime = 08:04:20
11/4/2024 20:04:18 [Information] Stepper Motor Controller Disable Z Axis controls while moving to location.
11/4/2024 20:04:18 [Information] Time remaining: 00:00:02 zTargetEndTime = 08:04:20
11/4/2024 20:04:18 [Information] Stepper Motor Controller Disable Z Axis controls while moving to location.
11/4/2024 20:04:18 [Information] Time remaining: 00:00:02 zTargetEndTime = 08:04:20
11/4/2024 20:04:18 [Information] Stepper Motor Controller Disable Z Axis controls while moving to location.
11/4/2024 20:04:18 [Information] Time remaining: 00:00:02 zTargetEndTime = 08:04:20
11/4/2024 20:04:19 [Information] Stepper Motor Controller Disable Z Axis controls while moving to location.
11/4/2024 20:04:19 [Information] Time remaining: 00:00:02 zTargetEndTime = 08:04:20
11/4/2024 20:04:19 [Information] Stepper Motor Controller Disable Z Axis controls while moving to location.
11/4/2024 20:04:19 [Information] Time remaining: 00:00:02 zTargetEndTime = 08:04:20
11/4/2024 20:04:19 [Information] Stepper Motor Controller Disable Z Axis controls while moving to location.
11/4/2024 20:04:19 [Information] Time remaining: 00:00:02 zTargetEndTime = 08:04:20
11/4/2024 20:04:19 [Information] Stepper Motor Controller Disable Z Axis controls while moving to location.
11/4/2024 20:04:19 [Information] Time remaining: 00:00:02 zTargetEndTime = 08:04:20
11/4/2024 20:04:19 [Information] Stepper Motor Controller Disable Z Axis controls while moving to location.
11/4/2024 20:04:19 [Information] Time remaining: 00:00:02 zTargetEndTime = 08:04:20
11/4/2024 20:04:19 [Information] Stepper Motor Controller Disable Z Axis controls while moving to location.
11/4/2024 20:04:19 [Information] Time remaining: 00:00:02 zTargetEndTime = 08:04:20
11/4/2024 20:04:19 [Information] Stepper Motor Controller Disable Z Axis controls while moving to location.
11/4/2024 20:04:19 [Information] Time remaining: 00:00:02 zTargetEndTime = 08:04:20
11/4/2024 20:04:19 [Information] Stepper Motor Controller Disable Z Axis controls while moving to location.
11/4/2024 20:04:19 [Information] Time remaining: 00:00:02 zTargetEndTime = 08:04:20
11/4/2024 20:04:19 [Information] Stepper Motor Controller Disable Z Axis controls while moving to location.
11/4/2024 20:04:19 [Information] Time remaining: 00:00:02 zTargetEndTime = 08:04:20
11/4/2024 20:04:19 [Information] Stepper Motor Controller Disable Z Axis controls while moving to location.
11/4/2024 20:04:19 [Information] Time remaining: 00:00:02 zTargetEndTime = 08:04:20
11/4/2024 20:04:19 [Information] Stepper Motor Controller Disable Z Axis controls while moving to location.
11/4/2024 20:04:19 [Information] Time remaining: 00:00:02 zTargetEndTime = 08:04:20
11/4/2024 20:04:19 [Information] Stepper Motor Controller Disable Z Axis controls while moving to location.
11/4/2024 20:04:19 [Information] Time remaining: 00:00:02 zTargetEndTime = 08:04:20
11/4/2024 20:04:19 [Information] Stepper Motor Controller Disable Z Axis controls while moving to location.
11/4/2024 20:04:19 [Information] Time remaining: 00:00:02 zTargetEndTime = 08:04:20
11/4/2024 20:04:19 [Information] Stepper Motor Controller Disable Z Axis controls while moving to location.
11/4/2024 20:04:19 [Information] Time remaining: 00:00:02 zTargetEndTime = 08:04:20
11/4/2024 20:04:19 [Information] Stepper Motor Controller Disable Z Axis controls while moving to location.
11/4/2024 20:04:19 [Information] Time remaining: 00:00:02 zTargetEndTime = 08:04:20
11/4/2024 20:04:19 [Information] Stepper Motor Controller Disable Z Axis controls while moving to location.
11/4/2024 20:04:19 [Information] Time remaining: 00:00:02 zTargetEndTime = 08:04:20
11/4/2024 20:04:19 [Information] Stepper Motor Controller Disable Z Axis controls while moving to location.
11/4/2024 20:04:19 [Information] Time remaining: 00:00:02 zTargetEndTime = 08:04:20
11/4/2024 20:04:19 [Information] Stepper Motor Controller Disable Z Axis controls while moving to location.
11/4/2024 20:04:19 [Information] Time remaining: 00:00:02 zTargetEndTime = 08:04:20
11/4/2024 20:04:19 [Information] Stepper Motor Controller Disable Z Axis controls while moving to location.
11/4/2024 20:04:19 [Information] Time remaining: 00:00:02 zTargetEndTime = 08:04:20
11/4/2024 20:04:19 [Information] Stepper Motor Controller Disable Z Axis controls while moving to location.
11/4/2024 20:04:19 [Information] Time remaining: 00:00:02 zTargetEndTime = 08:04:20
11/4/2024 20:04:19 [Information] Stepper Motor Controller Disable Z Axis controls while moving to location.
11/4/2024 20:04:19 [Information] Time remaining: 00:00:02 zTargetEndTime = 08:04:20
11/4/2024 20:04:19 [Information] Stepper Motor Controller Disable Z Axis controls while moving to location.
11/4/2024 20:04:19 [Information] Time remaining: 00:00:02 zTargetEndTime = 08:04:20
11/4/2024 20:04:19 [Information] Stepper Motor Controller Disable Z Axis controls while moving to location.
11/4/2024 20:04:19 [Information] Time remaining: 00:00:02 zTargetEndTime = 08:04:20
11/4/2024 20:04:19 [Information] Stepper Motor Controller Disable Z Axis controls while moving to location.
11/4/2024 20:04:19 [Information] Time remaining: 00:00:02 zTargetEndTime = 08:04:20
11/4/2024 20:04:19 [Information] Stepper Motor Controller Disable Z Axis controls while moving to location.
11/4/2024 20:04:19 [Information] Time remaining: 00:00:02 zTargetEndTime = 08:04:20
11/4/2024 20:04:19 [Information] Stepper Motor Controller Disable Z Axis controls while moving to location.
11/4/2024 20:04:19 [Information] Time remaining: 00:00:02 zTargetEndTime = 08:04:20
11/4/2024 20:04:19 [Information] Stepper Motor Controller Disable Z Axis controls while moving to location.
11/4/2024 20:04:19 [Information] Time remaining: 00:00:02 zTargetEndTime = 08:04:20
11/4/2024 20:04:19 [Information] Stepper Motor Controller Disable Z Axis controls while moving to location.
11/4/2024 20:04:19 [Information] Time remaining: 00:00:02 zTargetEndTime = 08:04:20
11/4/2024 20:04:19 [Information] Stepper Motor Controller Disable Z Axis controls while moving to location.
11/4/2024 20:04:19 [Information] Time remaining: 00:00:02 zTargetEndTime = 08:04:20
11/4/2024 20:04:19 [Information] Stepper Motor Controller Disable Z Axis controls while moving to location.
11/4/2024 20:04:19 [Information] Time remaining: 00:00:02 zTargetEndTime = 08:04:20
11/4/2024 20:04:19 [Information] Stepper Motor Controller Disable Z Axis controls while moving to location.
11/4/2024 20:04:19 [Information] Time remaining: 00:00:02 zTargetEndTime = 08:04:20
11/4/2024 20:04:19 [Information] Stepper Motor Controller Disable Z Axis controls while moving to location.
11/4/2024 20:04:19 [Information] Time remaining: 00:00:02 zTargetEndTime = 08:04:20
11/4/2024 20:04:19 [Information] Stepper Motor Controller Disable Z Axis controls while moving to location.
11/4/2024 20:04:19 [Information] Time remaining: 00:00:02 zTargetEndTime = 08:04:20
11/4/2024 20:04:19 [Information] Stepper Motor Controller Disable Z Axis controls while moving to location.
11/4/2024 20:04:19 [Information] Time remaining: 00:00:02 zTargetEndTime = 08:04:20
11/4/2024 20:04:19 [Information] Stepper Motor Controller Disable Z Axis controls while moving to location.
11/4/2024 20:04:19 [Information] Time remaining: 00:00:02 zTargetEndTime = 08:04:20
11/4/2024 20:04:19 [Information] Stepper Motor Controller Disable Z Axis controls while moving to location.
11/4/2024 20:04:19 [Information] Time remaining: 00:00:02 zTargetEndTime = 08:04:20
11/4/2024 20:04:19 [Information] Stepper Motor Controller Disable Z Axis controls while moving to location.
11/4/2024 20:04:19 [Information] Time remaining: 00:00:02 zTargetEndTime = 08:04:20
11/4/2024 20:04:19 [Information] Stepper Motor Controller Disable Z Axis controls while moving to location.
11/4/2024 20:04:19 [Information] Time remaining: 00:00:03 zTargetEndTime = 08:04:20
11/4/2024 20:04:19 [Information] Stepper Motor Controller Disable Z Axis controls while moving to location.
11/4/2024 20:04:19 [Information] Time remaining: 00:00:03 zTargetEndTime = 08:04:20
11/4/2024 20:04:19 [Information] Stepper Motor Controller Disable Z Axis controls while moving to location.
11/4/2024 20:04:19 [Information] Time remaining: 00:00:03 zTargetEndTime = 08:04:20
11/4/2024 20:04:19 [Information] Stepper Motor Controller Disable Z Axis controls while moving to location.
11/4/2024 20:04:19 [Information] Time remaining: 00:00:03 zTargetEndTime = 08:04:20
11/4/2024 20:04:19 [Information] Stepper Motor Controller Disable Z Axis controls while moving to location.
11/4/2024 20:04:19 [Information] Time remaining: 00:00:03 zTargetEndTime = 08:04:20
11/4/2024 20:04:19 [Information] Stepper Motor Controller Disable Z Axis controls while moving to location.
11/4/2024 20:04:19 [Information] Time remaining: 00:00:03 zTargetEndTime = 08:04:20
11/4/2024 20:04:19 [Information] Stepper Motor Controller Disable Z Axis controls while moving to location.
11/4/2024 20:04:19 [Information] Time remaining: 00:00:03 zTargetEndTime = 08:04:20
11/4/2024 20:04:19 [Information] Stepper Motor Controller Disable Z Axis controls while moving to location.
11/4/2024 20:04:19 [Information] Time remaining: 00:00:03 zTargetEndTime = 08:04:20
11/4/2024 20:04:19 [Information] Stepper Motor Controller Disable Z Axis controls while moving to location.
11/4/2024 20:04:19 [Information] Time remaining: 00:00:03 zTargetEndTime = 08:04:20
11/4/2024 20:04:19 [Information] Stepper Motor Controller Disable Z Axis controls while moving to location.
11/4/2024 20:04:19 [Information] Time remaining: 00:00:03 zTargetEndTime = 08:04:20
11/4/2024 20:04:19 [Information] Stepper Motor Controller Disable Z Axis controls while moving to location.
11/4/2024 20:04:19 [Information] Time remaining: 00:00:03 zTargetEndTime = 08:04:20
11/4/2024 20:04:19 [Information] Stepper Motor Controller Disable Z Axis controls while moving to location.
11/4/2024 20:04:19 [Information] Time remaining: 00:00:03 zTargetEndTime = 08:04:20
11/4/2024 20:04:19 [Information] Stepper Motor Controller Disable Z Axis controls while moving to location.
11/4/2024 20:04:19 [Information] Time remaining: 00:00:03 zTargetEndTime = 08:04:20
11/4/2024 20:04:19 [Information] Stepper Motor Controller Disable Z Axis controls while moving to location.
11/4/2024 20:04:19 [Information] Time remaining: 00:00:03 zTargetEndTime = 08:04:20
11/4/2024 20:04:19 [Information] Stepper Motor Controller Disable Z Axis controls while moving to location.
11/4/2024 20:04:19 [Information] Time remaining: 00:00:03 zTargetEndTime = 08:04:20
11/4/2024 20:04:19 [Information] Stepper Motor Controller Disable Z Axis controls while moving to location.
11/4/2024 20:04:19 [Information] Time remaining: 00:00:03 zTargetEndTime = 08:04:20
11/4/2024 20:04:19 [Information] Stepper Motor Controller Disable Z Axis controls while moving to location.
11/4/2024 20:04:19 [Information] Time remaining: 00:00:03 zTargetEndTime = 08:04:20
11/4/2024 20:04:19 [Information] Stepper Motor Controller Disable Z Axis controls while moving to location.
11/4/2024 20:04:19 [Information] Time remaining: 00:00:03 zTargetEndTime = 08:04:20
11/4/2024 20:04:19 [Information] Stepper Motor Controller Disable Z Axis controls while moving to location.
11/4/2024 20:04:19 [Information] Time remaining: 00:00:03 zTargetEndTime = 08:04:20
11/4/2024 20:04:19 [Information] Stepper Motor Controller Disable Z Axis controls while moving to location.
11/4/2024 20:04:19 [Information] Time remaining: 00:00:03 zTargetEndTime = 08:04:20
11/4/2024 20:04:19 [Information] Stepper Motor Controller Disable Z Axis controls while moving to location.
11/4/2024 20:04:19 [Information] Time remaining: 00:00:03 zTargetEndTime = 08:04:20
11/4/2024 20:04:20 [Information] Stepper Motor Controller Disable Z Axis controls while moving to location.
11/4/2024 20:04:20 [Information] Time remaining: 00:00:03 zTargetEndTime = 08:04:20
11/4/2024 20:04:20 [Information] Stepper Motor Controller Disable Z Axis controls while moving to location.
11/4/2024 20:04:20 [Information] Time remaining: 00:00:03 zTargetEndTime = 08:04:20
11/4/2024 20:04:20 [Information] Stepper Motor Controller Disable Z Axis controls while moving to location.
11/4/2024 20:04:20 [Information] Time remaining: 00:00:03 zTargetEndTime = 08:04:20
11/4/2024 20:04:20 [Information] Stepper Motor Controller Disable Z Axis controls while moving to location.
11/4/2024 20:04:20 [Information] Time remaining: 00:00:03 zTargetEndTime = 08:04:20
11/4/2024 20:04:20 [Information] Stepper Motor Controller Disable Z Axis controls while moving to location.
11/4/2024 20:04:20 [Information] Time remaining: 00:00:03 zTargetEndTime = 08:04:20
11/4/2024 20:04:20 [Information] Stepper Motor Controller Disable Z Axis controls while moving to location.
11/4/2024 20:04:20 [Information] Time remaining: 00:00:03 zTargetEndTime = 08:04:20
11/4/2024 20:04:20 [Information] Stepper Motor Controller Disable Z Axis controls while moving to location.
11/4/2024 20:04:20 [Information] Time remaining: 00:00:03 zTargetEndTime = 08:04:20
11/4/2024 20:04:20 [Information] Stepper Motor Controller Disable Z Axis controls while moving to location.
11/4/2024 20:04:20 [Information] Time remaining: 00:00:03 zTargetEndTime = 08:04:20
11/4/2024 20:04:20 [Information] Stepper Motor Controller Disable Z Axis controls while moving to location.
11/4/2024 20:04:20 [Information] Time remaining: 00:00:03 zTargetEndTime = 08:04:20
11/4/2024 20:04:20 [Information] Stepper Motor Controller Disable Z Axis controls while moving to location.
11/4/2024 20:04:20 [Information] Time remaining: 00:00:03 zTargetEndTime = 08:04:20
11/4/2024 20:04:20 [Information] Stepper Motor Controller Disable Z Axis controls while moving to location.
11/4/2024 20:04:20 [Information] Time remaining: 00:00:03 zTargetEndTime = 08:04:20
11/4/2024 20:04:20 [Information] Stepper Motor Controller Disable Z Axis controls while moving to location.
11/4/2024 20:04:20 [Information] Time remaining: 00:00:03 zTargetEndTime = 08:04:20
11/4/2024 20:04:20 [Information] Stepper Motor Controller Disable Z Axis controls while moving to location.
11/4/2024 20:04:20 [Information] Time remaining: 00:00:03 zTargetEndTime = 08:04:20
11/4/2024 20:04:20 [Information] Stepper Motor Controller Disable Z Axis controls while moving to location.
11/4/2024 20:04:20 [Information] Time remaining: 00:00:03 zTargetEndTime = 08:04:20
11/4/2024 20:04:20 [Information] Stepper Motor Controller Disable Z Axis controls while moving to location.
11/4/2024 20:04:20 [Information] Time remaining: 00:00:03 zTargetEndTime = 08:04:20
11/4/2024 20:04:20 [Information] Stepper Motor Controller Disable Z Axis controls while moving to location.
11/4/2024 20:04:20 [Information] Time remaining: 00:00:03 zTargetEndTime = 08:04:20
11/4/2024 20:04:20 [Information] Stepper Motor Controller Disable Z Axis controls while moving to location.
11/4/2024 20:04:20 [Information] Time remaining: 00:00:03 zTargetEndTime = 08:04:20
11/4/2024 20:04:20 [Information] Stepper Motor Controller Disable Z Axis controls while moving to location.
11/4/2024 20:04:20 [Information] Time remaining: 00:00:03 zTargetEndTime = 08:04:20
11/4/2024 20:04:20 [Information] Stepper Motor Controller Disable Z Axis controls while moving to location.
11/4/2024 20:04:20 [Information] Time remaining: 00:00:03 zTargetEndTime = 08:04:20
11/4/2024 20:04:20 [Information] Stepper Motor Controller Disable Z Axis controls while moving to location.
11/4/2024 20:04:20 [Information] Time remaining: 00:00:03 zTargetEndTime = 08:04:20
11/4/2024 20:04:20 [Information] Stepper Motor Controller Disable Z Axis controls while moving to location.
11/4/2024 20:04:20 [Information] Time remaining: 00:00:03 zTargetEndTime = 08:04:20
11/4/2024 20:04:20 [Information] Stepper Motor Controller Disable Z Axis controls while moving to location.
11/4/2024 20:04:20 [Information] Time remaining: 00:00:03 zTargetEndTime = 08:04:20
11/4/2024 20:04:20 [Information] Stepper Motor Controller Disable Z Axis controls while moving to location.
11/4/2024 20:04:20 [Information] Time remaining: 00:00:03 zTargetEndTime = 08:04:20
11/4/2024 20:04:20 [Information] Stepper Motor Controller Disable Z Axis controls while moving to location.
11/4/2024 20:04:20 [Information] Time remaining: 00:00:03 zTargetEndTime = 08:04:20
11/4/2024 20:04:20 [Information] Stepper Motor Controller Disable Z Axis controls while moving to location.
11/4/2024 20:04:20 [Information] Time remaining: 00:00:03 zTargetEndTime = 08:04:20
11/4/2024 20:04:20 [Information] Stepper Motor Controller Disable Z Axis controls while moving to location.
11/4/2024 20:04:20 [Information] Time remaining: 00:00:03 zTargetEndTime = 08:04:20
11/4/2024 20:04:20 [Information] Stepper Motor Controller Disable Z Axis controls while moving to location.
11/4/2024 20:04:20 [Information] Time remaining: 00:00:03 zTargetEndTime = 08:04:20
11/4/2024 20:04:20 [Information] Stepper Motor Controller Disable Z Axis controls while moving to location.
11/4/2024 20:04:20 [Information] Time remaining: 00:00:03 zTargetEndTime = 08:04:20
11/4/2024 20:04:20 [Information] Stepper Motor Controller Disable Z Axis controls while moving to location.
11/4/2024 20:04:20 [Information] Time remaining: 00:00:03 zTargetEndTime = 08:04:20
11/4/2024 20:04:20 [Information] Stepper Motor Controller Disable Z Axis controls while moving to location.
11/4/2024 20:04:20 [Information] Time remaining: 00:00:03 zTargetEndTime = 08:04:20
11/4/2024 20:04:20 [Information] Stepper Motor Controller Disable Z Axis controls while moving to location.
11/4/2024 20:04:20 [Information] Time remaining: 00:00:03 zTargetEndTime = 08:04:20
11/4/2024 20:04:20 [Information] Stepper Motor Controller Disable Z Axis controls while moving to location.
11/4/2024 20:04:20 [Information] Time remaining: 00:00:03 zTargetEndTime = 08:04:20
11/4/2024 20:04:20 [Information] Stepper Motor Controller Disable Z Axis controls while moving to location.
11/4/2024 20:04:20 [Information] Time remaining: 00:00:03 zTargetEndTime = 08:04:20
11/4/2024 20:04:20 [Information] Stepper Motor Controller Disable Z Axis controls while moving to location.
11/4/2024 20:04:20 [Information] Time remaining: 00:00:03 zTargetEndTime = 08:04:20
11/4/2024 20:04:20 [Information] Stepper Motor Controller Disable Z Axis controls while moving to location.
11/4/2024 20:04:20 [Information] Time remaining: 00:00:03 zTargetEndTime = 08:04:20
11/4/2024 20:04:20 [Information] Stepper Motor Controller Disable Z Axis controls while moving to location.
11/4/2024 20:04:20 [Information] Time remaining: 00:00:03 zTargetEndTime = 08:04:20
11/4/2024 20:04:20 [Information] Stepper Motor Controller Disable Z Axis controls while moving to location.
11/4/2024 20:04:20 [Information] Time remaining: 00:00:03 zTargetEndTime = 08:04:20
11/4/2024 20:04:20 [Information] Stepper Motor Controller Disable Z Axis controls while moving to location.
11/4/2024 20:04:20 [Information] Time remaining: 00:00:03 zTargetEndTime = 08:04:20
11/4/2024 20:04:20 [Information] Stepper Motor Controller Enable Z Axis controls after moving to location.
11/4/2024 20:04:20 [Information] Stepper Motor Controller Stopwatch Stopped.
11/4/2024 20:04:20 [Information] Stepper Motor Controller Timer Stopped.
11/4/2024 20:04:20 [Information] Stepper Motor Controller Stopwatch Reset.
11/4/2024 20:04:21 [Information] Z Axis Data Received: Z Axis Motor Stopped
Z Axis Motor Current Position: 1600
Z Axis Motor Stopped
Z Axis Motor Current Position: 1600
Z 
11/4/2024 20:04:21 [Information] Setting Z Axis Current Location Set to Zero on DRO
11/4/2024 20:04:21 [Information] Z Axis Current Location Set to Zero
11/4/2024 20:04:21 [Information] Z Axis Motor Current Position: 1600
11/4/2024 20:04:21 [Information] Z Axis Motor Current Position: 1600
11/4/2024 20:04:21 [Information] Z Axis Data Received: Axis Motor Stopped
Z Axis Motor Current Position: 1600

11/4/2024 20:04:21 [Information] Z Axis Motor Current Position: 1600
11/4/2024 20:04:29 [Information] ZAxisRun_Click button clicked:
11/4/2024 20:04:29 [Information] Z Axis MotorMovementSeconds decimal: (0.00 / 4) / 2 = 0.00
11/4/2024 20:04:29 [Information] Z Axis myMovementTimer int: 1000 * 0.00 = 0
11/4/2024 20:04:30 [Information] Z Axis Run Event: Z,0.00,400.00,0,0.00,400.00,0,32.00,400.00,0
11/4/2024 20:04:30 [Information] Z Axis Current Time: 08:04:30 + 0 = zTargetEndTime: 08:04:30
11/4/2024 20:04:30 [Information] Stepper Motor Controller Enable Z Axis controls after moving to location.
11/4/2024 20:04:30 [Information] Stepper Motor Controller Stopwatch Stopped.
11/4/2024 20:04:30 [Information] Stepper Motor Controller Timer Stopped.
11/4/2024 20:04:30 [Information] Stepper Motor Controller Stopwatch Reset.
11/4/2024 20:04:38 [Information] Updated X,Y Zero.IsChecked status to 0 and Z Zero.IsChecked status to 1.
11/4/2024 20:04:43 [Information] ZAxisRun_Click button clicked:
11/4/2024 20:04:43 [Information] Z Axis Run Event to reset Axis to zero: Z,0.00,400.00,0,0.00,400.00,0,0.00,400.00,1
11/4/2024 20:04:43 [Information] Setting Z Axis Current Location Set to Zero on DRO
11/4/2024 20:04:44 [Information] Updated X,Y,Z Zero.IsChecked status to 0.
11/4/2024 20:04:44 [Information] Z Axis Current Location Set to Zero
11/4/2024 20:04:50 [Information] Stepper Motor Controller MainWindow Closing.
11/4/2024 20:04:50 [Information] Stepper Motor Controller Serial Ports closed.
11/4/2024 20:04:50 [Information] Properties Settings Saved.
11/4/2024 20:04:50 [Information] Properties Settings Form Closed.
11/4/2024 20:04:50 [Information] Stepper Motor Controller Form Closed.
