11/13/2024 20:01:19 [Information] Stepper Motor Controller Application Started.
11/13/2024 20:01:19 [Information] Version: 3.0.9083.36035 (11/13/2024 20:01:19)
11/13/2024 20:01:19 [Information] SerialPort COM7 not connected.
11/13/2024 20:01:19 [Information] SerialPort COM8 not connected.
11/13/2024 20:01:19 [Information] Stepper Motor Controller Application Started.
11/13/2024 20:01:19 [Information] Version: 3.0.9083.36035 (11/13/2024 20:01:19)
11/13/2024 20:01:19 [Information] Version: 3.1.0.36036 (11/13/2024 20:01:19)
11/13/2024 20:01:19 [Information] Version: 3.1.0.36036 (11/13/2024 20:01:19)
11/13/2024 20:01:19 [Information] Stepper Motor Controller Application Settings Window Opened.
11/13/2024 20:01:19 [Information] Stepper Motor Controller Application Settings form is rebuilt each and every time it is opened.
11/13/2024 20:01:19 [Information] int: 9600 BaudRate added to the Settings Form.
11/13/2024 20:01:19 [Information] bool: False ckbXaxisResetToZeroIsChecked added to the Settings Form.
11/13/2024 20:01:19 [Information] bool: False ckbYaxisResetToZeroIsChecked added to the Settings Form.
11/13/2024 20:01:19 [Information] bool: False ckbZaxisResetToZeroIsChecked added to the Settings Form.
11/13/2024 20:01:19 [Information] COM1: ComPort added to the Settings Form.
11/13/2024 20:01:19 [Information] COM2: ComPort added to the Settings Form.
11/13/2024 20:01:19 [Information] COM3: ComPort added to the Settings Form.
11/13/2024 20:01:19 [Information] COM4: ComPort added to the Settings Form.
11/13/2024 20:01:19 [Information] COM5: ComPort added to the Settings Form.
11/13/2024 20:01:19 [Information] COM6: ComPort added to the Settings Form.
11/13/2024 20:01:19 [Information] COM7: ComPort added to the Settings Form.
11/13/2024 20:01:19 [Information] COM8: ComPort added to the Settings Form.
11/13/2024 20:01:19 [Information] COM9: ComPort added to the Settings Form.
11/13/2024 20:01:19 [Information] COM10: ComPort added to the Settings Form.
11/13/2024 20:01:19 [Information] decimal: 4.00 Divider4_00 added to the Settings Form.
11/13/2024 20:01:19 [Information] decimal: 0.00 MathPart2Initlz added to the Settings Form.
11/13/2024 20:01:19 [Information] decimal: 1.00 MilisecondTimerInterval added to the Settings Form.
11/13/2024 20:01:19 [Information] decimal: 1000.00 MillisecondDelay added to the Settings Form.
11/13/2024 20:01:19 [Information] int: 1000 Milliseconds added to the Settings Form.
11/13/2024 20:01:19 [Information] int: 4 mmPerRevolution added to the Settings Form.
11/13/2024 20:01:19 [Information] int: 2000 ThreadSleep added to the Settings Form.
11/13/2024 20:01:19 [Information] decimal: 0.00 Value_0_00 added to the Settings Form.
11/13/2024 20:01:19 [Information] decimal: 50.00 XaxisAcceleration added to the Settings Form.
11/13/2024 20:01:19 [Information] bool: False XaxisChanged added to the Settings Form.
11/13/2024 20:01:19 [Information] decimal: 400.00 XaxisMotorSpeed added to the Settings Form.
11/13/2024 20:01:19 [Information] decimal: 0.00 XaxisStepperCurrent added to the Settings Form.
11/13/2024 20:01:19 [Information] decimal: 0.00 XaxisStepperMove added to the Settings Form.
11/13/2024 20:01:19 [Information] XCOM1: XComPort added to the Settings Form.
11/13/2024 20:01:19 [Information] XCOM2: XComPort added to the Settings Form.
11/13/2024 20:01:19 [Information] XCOM3: XComPort added to the Settings Form.
11/13/2024 20:01:19 [Information] XCOM4: XComPort added to the Settings Form.
11/13/2024 20:01:19 [Information] XCOM5: XComPort added to the Settings Form.
11/13/2024 20:01:19 [Information] XCOM6: XComPort added to the Settings Form.
11/13/2024 20:01:19 [Information] XCOM7: XComPort added to the Settings Form.
11/13/2024 20:01:19 [Information] XCOM8: XComPort added to the Settings Form.
11/13/2024 20:01:19 [Information] XCOM9: XComPort added to the Settings Form.
11/13/2024 20:01:19 [Information] XCOM10: XComPort added to the Settings Form.
11/13/2024 20:01:19 [Information] decimal: 50.00 YaxisAcceleration added to the Settings Form.
11/13/2024 20:01:19 [Information] bool: False YaxisChanged added to the Settings Form.
11/13/2024 20:01:19 [Information] decimal: 400.00 YaxisMotorSpeed added to the Settings Form.
11/13/2024 20:01:19 [Information] decimal: 0.00 YaxisStepperCurrent added to the Settings Form.
11/13/2024 20:01:19 [Information] decimal: 0.00 YaxisStepperMove added to the Settings Form.
11/13/2024 20:01:19 [Information] YCOM1: YComPort added to the Settings Form.
11/13/2024 20:01:19 [Information] YCOM2: YComPort added to the Settings Form.
11/13/2024 20:01:19 [Information] YCOM3: YComPort added to the Settings Form.
11/13/2024 20:01:19 [Information] YCOM4: YComPort added to the Settings Form.
11/13/2024 20:01:19 [Information] YCOM5: YComPort added to the Settings Form.
11/13/2024 20:01:19 [Information] YCOM6: YComPort added to the Settings Form.
11/13/2024 20:01:19 [Information] YCOM7: YComPort added to the Settings Form.
11/13/2024 20:01:19 [Information] YCOM8: YComPort added to the Settings Form.
11/13/2024 20:01:19 [Information] YCOM9: YComPort added to the Settings Form.
11/13/2024 20:01:19 [Information] YCOM10: YComPort added to the Settings Form.
11/13/2024 20:01:19 [Information] decimal: 50.00 ZaxisAcceleration added to the Settings Form.
11/13/2024 20:01:19 [Information] bool: False ZaxisChanged added to the Settings Form.
11/13/2024 20:01:19 [Information] decimal: 400.00 ZaxisMotorSpeed added to the Settings Form.
11/13/2024 20:01:19 [Information] decimal: 0.00 ZaxisStepperCurrent added to the Settings Form.
11/13/2024 20:01:19 [Information] decimal: 0.00 ZaxisStepperMove added to the Settings Form.
11/13/2024 20:01:19 [Information] ZCOM1: ZComPort added to the Settings Form.
11/13/2024 20:01:19 [Information] ZCOM2: ZComPort added to the Settings Form.
11/13/2024 20:01:19 [Information] ZCOM3: ZComPort added to the Settings Form.
11/13/2024 20:01:19 [Information] ZCOM4: ZComPort added to the Settings Form.
11/13/2024 20:01:19 [Information] ZCOM5: ZComPort added to the Settings Form.
11/13/2024 20:01:19 [Information] ZCOM6: ZComPort added to the Settings Form.
11/13/2024 20:01:19 [Information] ZCOM7: ZComPort added to the Settings Form.
11/13/2024 20:01:19 [Information] ZCOM8: ZComPort added to the Settings Form.
11/13/2024 20:01:19 [Information] ZCOM9: ZComPort added to the Settings Form.
11/13/2024 20:01:19 [Information] ZCOM10: ZComPort added to the Settings Form.
11/13/2024 20:01:19 [Information] int: 0 zeroXaxis added to the Settings Form.
11/13/2024 20:01:19 [Information] int: 0 zeroYaxis added to the Settings Form.
11/13/2024 20:01:19 [Information] int: 0 zeroZaxis added to the Settings Form.
11/13/2024 20:01:20 [Information] Stepper Motor Controller MainWindow loaded
11/13/2024 20:01:20 [Information] Set MainWindow Media Brushes to White.
11/13/2024 20:01:22 [Information] Updated X,Y Zero.IsChecked status to 0 and Z Zero.IsChecked status to 1.
11/13/2024 20:01:24 [Information] Z Axis Run button clicked:
11/13/2024 20:01:24 [Information] Z Axis Run Event to reset Axis to zero: Z,0.00,400.00,0,0.00,400.00,0,0.00,400.00,1
11/13/2024 20:01:24 [Information] Setting Z Axis Current Location Set to Zero on DRO
11/13/2024 20:01:25 [Information] Updated X,Y,Z Zero.IsChecked status to 0.
11/13/2024 20:01:25 [Information] Z Axis Current Location Set to Zero
11/13/2024 20:01:30 [Information] Z Axis Data Received: ????????????????????????????????????????????????????????????????VMD
11/13/2024 20:01:30 [Information] Z Axis Data Received: PV_1|1_VMDPV
VMDPR_
11/13/2024 20:01:31 [Information] Updated X,Y Zero.IsChecked status to 0 and Z Zero.IsChecked status to 1.
11/13/2024 20:01:34 [Information] Z Axis Run button clicked:
11/13/2024 20:01:34 [Information] Z Axis Run Event to reset Axis to zero: Z,0.00,400.00,0,0.00,400.00,0,0.00,400.00,1
11/13/2024 20:01:34 [Information] Setting Z Axis Current Location Set to Zero on DRO
11/13/2024 20:01:35 [Information] Updated X,Y,Z Zero.IsChecked status to 0.
11/13/2024 20:01:35 [Information] Z Axis Current Location Set to Zero
11/13/2024 20:01:35 [Information] Z Axis Data Received: ?
11/13/2024 20:01:39 [Information] Z Axis Data Received: V
11/13/2024 20:01:39 [Information] Z Axis Data Received: MD
11/13/2024 20:01:39 [Information] Z Axis Data Received: PV
11/13/2024 20:01:39 [Information] Z Axis Data Received: _
11/13/2024 20:01:39 [Information] Z Axis Data Received: 1
11/13/2024 20:01:39 [Information] Z Axis Data Received: |
11/13/2024 20:01:39 [Information] Z Axis Data Received: 1
11/13/2024 20:01:39 [Information] Z Axis Data Received: _
11/13/2024 20:01:39 [Information] Z Axis Data Received: V
11/13/2024 20:01:39 [Information] Z Axis Data Received: M
11/13/2024 20:01:39 [Information] Z Axis Data Received: D
11/13/2024 20:01:39 [Information] Z Axis Data Received: P
11/13/2024 20:01:39 [Information] Z Axis Data Received: V
11/13/2024 20:01:39 [Information] Z Axis Data Received: 

11/13/2024 20:01:39 [Information] Z Axis Data Received: V
11/13/2024 20:01:39 [Information] Z Axis Data Received: M
11/13/2024 20:01:39 [Information] Z Axis Data Received: D
11/13/2024 20:01:39 [Information] Z Axis Data Received: P
11/13/2024 20:01:39 [Information] Z Axis Data Received: R
11/13/2024 20:01:39 [Information] Z Axis Data Received: _
11/13/2024 20:01:45 [Information] Z Axis mouse controlled Keypad returned: 8.00
11/13/2024 20:01:48 [Information] Z Axis Run button clicked:
11/13/2024 20:01:48 [Information] Z Axis MotorMovementSeconds decimal: (8.00 / 4) / 2 = 1.00
11/13/2024 20:01:49 [Information] Z Axis Run Event: Z,0.00,400.00,0,0.00,400.00,0,8.00,400.00,0
11/13/2024 20:01:49 [Information] Z Axis Current Time: 08:01:49 + 1000 = 08:01:50
11/13/2024 20:01:49 [Information] Stepper Motor Controller Disable Z Axis controls while moving to location.
11/13/2024 20:01:49 [Information] Time remaining: 00:00:00 targetEndTime = 08:01:50
11/13/2024 20:01:49 [Information] Stepper Motor Controller Disable Z Axis controls while moving to location.
11/13/2024 20:01:49 [Information] Time remaining: 00:00:00 targetEndTime = 08:01:50
11/13/2024 20:01:49 [Information] Stepper Motor Controller Disable Z Axis controls while moving to location.
11/13/2024 20:01:49 [Information] Time remaining: 00:00:00 targetEndTime = 08:01:50
11/13/2024 20:01:49 [Information] Stepper Motor Controller Disable Z Axis controls while moving to location.
11/13/2024 20:01:49 [Information] Time remaining: 00:00:00 targetEndTime = 08:01:50
11/13/2024 20:01:49 [Information] Stepper Motor Controller Disable Z Axis controls while moving to location.
11/13/2024 20:01:49 [Information] Time remaining: 00:00:00 targetEndTime = 08:01:50
11/13/2024 20:01:49 [Information] Stepper Motor Controller Disable Z Axis controls while moving to location.
11/13/2024 20:01:49 [Information] Time remaining: 00:00:00 targetEndTime = 08:01:50
11/13/2024 20:01:49 [Information] Stepper Motor Controller Disable Z Axis controls while moving to location.
11/13/2024 20:01:49 [Information] Time remaining: 00:00:00 targetEndTime = 08:01:50
11/13/2024 20:01:49 [Information] Stepper Motor Controller Disable Z Axis controls while moving to location.
11/13/2024 20:01:49 [Information] Time remaining: 00:00:00 targetEndTime = 08:01:50
11/13/2024 20:01:49 [Information] Stepper Motor Controller Disable Z Axis controls while moving to location.
11/13/2024 20:01:49 [Information] Time remaining: 00:00:00 targetEndTime = 08:01:50
11/13/2024 20:01:49 [Information] Stepper Motor Controller Disable Z Axis controls while moving to location.
11/13/2024 20:01:49 [Information] Time remaining: 00:00:00 targetEndTime = 08:01:50
11/13/2024 20:01:49 [Information] Stepper Motor Controller Disable Z Axis controls while moving to location.
11/13/2024 20:01:49 [Information] Time remaining: 00:00:00 targetEndTime = 08:01:50
11/13/2024 20:01:49 [Information] Stepper Motor Controller Disable Z Axis controls while moving to location.
11/13/2024 20:01:49 [Information] Time remaining: 00:00:00 targetEndTime = 08:01:50
11/13/2024 20:01:49 [Information] Stepper Motor Controller Disable Z Axis controls while moving to location.
11/13/2024 20:01:49 [Information] Time remaining: 00:00:00 targetEndTime = 08:01:50
11/13/2024 20:01:49 [Information] Stepper Motor Controller Disable Z Axis controls while moving to location.
11/13/2024 20:01:49 [Information] Time remaining: 00:00:00 targetEndTime = 08:01:50
11/13/2024 20:01:49 [Information] Stepper Motor Controller Disable Z Axis controls while moving to location.
11/13/2024 20:01:49 [Information] Time remaining: 00:00:00 targetEndTime = 08:01:50
11/13/2024 20:01:50 [Information] Stepper Motor Controller Disable Z Axis controls while moving to location.
11/13/2024 20:01:50 [Information] Time remaining: 00:00:00 targetEndTime = 08:01:50
11/13/2024 20:01:50 [Information] Stepper Motor Controller Disable Z Axis controls while moving to location.
11/13/2024 20:01:50 [Information] Time remaining: 00:00:00 targetEndTime = 08:01:50
11/13/2024 20:01:50 [Information] Stepper Motor Controller Disable Z Axis controls while moving to location.
11/13/2024 20:01:50 [Information] Time remaining: 00:00:00 targetEndTime = 08:01:50
11/13/2024 20:01:50 [Information] Stepper Motor Controller Disable Z Axis controls while moving to location.
11/13/2024 20:01:50 [Information] Time remaining: 00:00:00 targetEndTime = 08:01:50
11/13/2024 20:01:50 [Information] Stepper Motor Controller Disable Z Axis controls while moving to location.
11/13/2024 20:01:50 [Information] Time remaining: 00:00:00 targetEndTime = 08:01:50
11/13/2024 20:01:50 [Information] Stepper Motor Controller Disable Z Axis controls while moving to location.
11/13/2024 20:01:50 [Information] Time remaining: 00:00:00 targetEndTime = 08:01:50
11/13/2024 20:01:50 [Information] Stepper Motor Controller Disable Z Axis controls while moving to location.
11/13/2024 20:01:50 [Information] Time remaining: 00:00:00 targetEndTime = 08:01:50
11/13/2024 20:01:50 [Information] Stepper Motor Controller Disable Z Axis controls while moving to location.
11/13/2024 20:01:50 [Information] Time remaining: 00:00:00 targetEndTime = 08:01:50
11/13/2024 20:01:50 [Information] Stepper Motor Controller Disable Z Axis controls while moving to location.
11/13/2024 20:01:50 [Information] Time remaining: 00:00:00 targetEndTime = 08:01:50
11/13/2024 20:01:50 [Information] Stepper Motor Controller Disable Z Axis controls while moving to location.
11/13/2024 20:01:50 [Information] Time remaining: 00:00:00 targetEndTime = 08:01:50
11/13/2024 20:01:50 [Information] Stepper Motor Controller Disable Z Axis controls while moving to location.
11/13/2024 20:01:50 [Information] Time remaining: 00:00:00 targetEndTime = 08:01:50
11/13/2024 20:01:50 [Information] Stepper Motor Controller Disable Z Axis controls while moving to location.
11/13/2024 20:01:50 [Information] Time remaining: 00:00:00 targetEndTime = 08:01:50
11/13/2024 20:01:50 [Information] Stepper Motor Controller Disable Z Axis controls while moving to location.
11/13/2024 20:01:50 [Information] Time remaining: 00:00:00 targetEndTime = 08:01:50
11/13/2024 20:01:50 [Information] Stepper Motor Controller Disable Z Axis controls while moving to location.
11/13/2024 20:01:50 [Information] Time remaining: 00:00:00 targetEndTime = 08:01:50
11/13/2024 20:01:50 [Information] Stepper Motor Controller Disable Z Axis controls while moving to location.
11/13/2024 20:01:50 [Information] Time remaining: 00:00:00 targetEndTime = 08:01:50
11/13/2024 20:01:50 [Information] Stepper Motor Controller Disable Z Axis controls while moving to location.
11/13/2024 20:01:50 [Information] Time remaining: 00:00:00 targetEndTime = 08:01:50
11/13/2024 20:01:50 [Information] Stepper Motor Controller Disable Z Axis controls while moving to location.
11/13/2024 20:01:50 [Information] Time remaining: 00:00:00 targetEndTime = 08:01:50
11/13/2024 20:01:50 [Information] Stepper Motor Controller Disable Z Axis controls while moving to location.
11/13/2024 20:01:50 [Information] Time remaining: 00:00:00 targetEndTime = 08:01:50
11/13/2024 20:01:50 [Information] Stepper Motor Controller Disable Z Axis controls while moving to location.
11/13/2024 20:01:50 [Information] Time remaining: 00:00:00 targetEndTime = 08:01:50
11/13/2024 20:01:50 [Information] Stepper Motor Controller Disable Z Axis controls while moving to location.
11/13/2024 20:01:50 [Information] Time remaining: 00:00:00 targetEndTime = 08:01:50
11/13/2024 20:01:50 [Information] Stepper Motor Controller Disable Z Axis controls while moving to location.
11/13/2024 20:01:50 [Information] Time remaining: 00:00:00 targetEndTime = 08:01:50
11/13/2024 20:01:50 [Information] Stepper Motor Controller Disable Z Axis controls while moving to location.
11/13/2024 20:01:50 [Information] Time remaining: 00:00:00 targetEndTime = 08:01:50
11/13/2024 20:01:50 [Information] Stepper Motor Controller Disable Z Axis controls while moving to location.
11/13/2024 20:01:50 [Information] Time remaining: 00:00:00 targetEndTime = 08:01:50
11/13/2024 20:01:50 [Information] Stepper Motor Controller Disable Z Axis controls while moving to location.
11/13/2024 20:01:50 [Information] Time remaining: 00:00:00 targetEndTime = 08:01:50
11/13/2024 20:01:50 [Information] Stepper Motor Controller Disable Z Axis controls while moving to location.
11/13/2024 20:01:50 [Information] Time remaining: 00:00:00 targetEndTime = 08:01:50
11/13/2024 20:01:50 [Information] Stepper Motor Controller Disable Z Axis controls while moving to location.
11/13/2024 20:01:50 [Information] Time remaining: 00:00:00 targetEndTime = 08:01:50
11/13/2024 20:01:50 [Information] Stepper Motor Controller Disable Z Axis controls while moving to location.
11/13/2024 20:01:50 [Information] Time remaining: 00:00:00 targetEndTime = 08:01:50
11/13/2024 20:01:50 [Information] Stepper Motor Controller Disable Z Axis controls while moving to location.
11/13/2024 20:01:50 [Information] Time remaining: 00:00:00 targetEndTime = 08:01:50
11/13/2024 20:01:50 [Information] Stepper Motor Controller Disable Z Axis controls while moving to location.
11/13/2024 20:01:50 [Information] Time remaining: 00:00:00 targetEndTime = 08:01:50
11/13/2024 20:01:50 [Information] Stepper Motor Controller Disable Z Axis controls while moving to location.
11/13/2024 20:01:50 [Information] Time remaining: 00:00:00 targetEndTime = 08:01:50
11/13/2024 20:01:50 [Information] Stepper Motor Controller Disable Z Axis controls while moving to location.
11/13/2024 20:01:50 [Information] Time remaining: 00:00:00 targetEndTime = 08:01:50
11/13/2024 20:01:50 [Information] Stepper Motor Controller Disable Z Axis controls while moving to location.
11/13/2024 20:01:50 [Information] Time remaining: 00:00:00 targetEndTime = 08:01:50
11/13/2024 20:01:50 [Information] Stepper Motor Controller Disable Z Axis controls while moving to location.
11/13/2024 20:01:50 [Information] Time remaining: 00:00:00 targetEndTime = 08:01:50
11/13/2024 20:01:50 [Information] Stepper Motor Controller Disable Z Axis controls while moving to location.
11/13/2024 20:01:50 [Information] Time remaining: 00:00:00 targetEndTime = 08:01:50
11/13/2024 20:01:50 [Information] Stepper Motor Controller Disable Z Axis controls while moving to location.
11/13/2024 20:01:50 [Information] Time remaining: 00:00:00 targetEndTime = 08:01:50
11/13/2024 20:01:50 [Information] Stepper Motor Controller Disable Z Axis controls while moving to location.
11/13/2024 20:01:50 [Information] Time remaining: 00:00:00 targetEndTime = 08:01:50
11/13/2024 20:01:50 [Information] Stepper Motor Controller Disable Z Axis controls while moving to location.
11/13/2024 20:01:50 [Information] Time remaining: 00:00:00 targetEndTime = 08:01:50
11/13/2024 20:01:50 [Information] Stepper Motor Controller Disable Z Axis controls while moving to location.
11/13/2024 20:01:50 [Information] Time remaining: 00:00:00 targetEndTime = 08:01:50
11/13/2024 20:01:50 [Information] Stepper Motor Controller Enable Z Axis controls after moving to location.
11/13/2024 20:01:50 [Information] Stepper Motor Controller Stopwatch Stopped.
11/13/2024 20:01:50 [Information] Z Axis Data Received: ???????????????????????????????????????????????????????????????? 
11/13/2024 20:01:50 [Information] Stepper Motor Controller Timer Stopped.
11/13/2024 20:01:50 [Information] Stepper Motor Controller Stopwatch Reset.
11/13/2024 20:01:50 [Information] Z Axis Data Received: A
11/13/2024 20:01:50 [Information] Z Axis Data Received: x
11/13/2024 20:01:50 [Information] Z Axis Data Received: i
11/13/2024 20:01:50 [Information] Z Axis Data Received: s
11/13/2024 20:01:50 [Information] Z Axis Data Received:  
11/13/2024 20:01:50 [Information] Z Axis Data Received: A
11/13/2024 20:01:50 [Information] Z Axis Data Received: b
11/13/2024 20:01:50 [Information] Z Axis Data Received: s
11/13/2024 20:01:50 [Information] Z Axis Data Received: o
11/13/2024 20:01:50 [Information] Z Axis Data Received: l
11/13/2024 20:01:50 [Information] Z Axis Data Received: u
11/13/2024 20:01:50 [Information] Z Axis Data Received: t
11/13/2024 20:01:50 [Information] Z Axis Data Received: e
11/13/2024 20:01:50 [Information] Z Axis Data Received:  
11/13/2024 20:01:50 [Information] Z Axis Data Received: P
11/13/2024 20:01:50 [Information] Z Axis Data Received: o
11/13/2024 20:01:50 [Information] Z Axis Data Received: s
11/13/2024 20:01:50 [Information] Z Axis Data Received: i
11/13/2024 20:01:50 [Information] Z Axis Data Received: t
11/13/2024 20:01:50 [Information] Z Axis Data Received: i
11/13/2024 20:01:50 [Information] Z Axis Data Received: o
11/13/2024 20:01:50 [Information] Z Axis Data Received: n
11/13/2024 20:01:50 [Information] Z Axis Data Received:  
11/13/2024 20:01:50 [Information] Z Axis Data Received: 4
11/13/2024 20:01:50 [Information] Z Axis Data Received: 0
11/13/2024 20:01:50 [Information] Z Axis Data Received: 0
11/13/2024 20:01:50 [Information] Z Axis Data Received: .
11/13/2024 20:01:50 [Information] Z Axis Data Received: 0
11/13/2024 20:01:50 [Information] Z Axis Data Received: 0
11/13/2024 20:01:50 [Information] Z Axis Data Received: 
11/13/2024 20:01:50 [Information] Z Axis Data Received: 

11/13/2024 20:01:50 [Information] Z Axis Data Received: ?
11/13/2024 20:01:54 [Information] Z Axis Run button clicked:
11/13/2024 20:01:54 [Information] Z Axis MotorMovementSeconds decimal: (8.00 / 4) / 2 = 1.00
11/13/2024 20:01:54 [Information] Z Axis Data Received: V
11/13/2024 20:01:54 [Information] Z Axis Data Received: M
11/13/2024 20:01:54 [Information] Z Axis Data Received: D
11/13/2024 20:01:54 [Information] Z Axis Data Received: P
11/13/2024 20:01:54 [Information] Z Axis Data Received: V
11/13/2024 20:01:54 [Information] Z Axis Data Received: _
11/13/2024 20:01:54 [Information] Z Axis Data Received: 1
11/13/2024 20:01:54 [Information] Z Axis Data Received: |
11/13/2024 20:01:54 [Information] Z Axis Data Received: 1
11/13/2024 20:01:54 [Information] Z Axis Data Received: _
11/13/2024 20:01:54 [Information] Z Axis Data Received: V
11/13/2024 20:01:54 [Information] Z Axis Data Received: M
11/13/2024 20:01:54 [Information] Z Axis Data Received: D
11/13/2024 20:01:54 [Information] Z Axis Data Received: P
11/13/2024 20:01:54 [Information] Z Axis Data Received: V
11/13/2024 20:01:54 [Information] Z Axis Data Received: 

11/13/2024 20:01:54 [Information] Z Axis Data Received: V
11/13/2024 20:01:54 [Information] Z Axis Data Received: M
11/13/2024 20:01:54 [Information] Z Axis Data Received: D
11/13/2024 20:01:54 [Information] Z Axis Data Received: P
11/13/2024 20:01:54 [Information] Z Axis Data Received: R
11/13/2024 20:01:54 [Information] Z Axis Data Received: _
11/13/2024 20:01:55 [Information] Z Axis Run Event: Z,0.00,400.00,0,0.00,400.00,0,8.00,400.00,0
11/13/2024 20:01:55 [Information] Z Axis Current Time: 08:01:55 + 1000 = 08:01:56
11/13/2024 20:01:55 [Information] Stepper Motor Controller Disable Z Axis controls while moving to location.
11/13/2024 20:01:55 [Information] Time remaining: 00:00:00 targetEndTime = 08:01:56
11/13/2024 20:01:55 [Information] Stepper Motor Controller Disable Z Axis controls while moving to location.
11/13/2024 20:01:55 [Information] Time remaining: 00:00:00 targetEndTime = 08:01:56
11/13/2024 20:01:55 [Information] Stepper Motor Controller Disable Z Axis controls while moving to location.
11/13/2024 20:01:55 [Information] Time remaining: 00:00:00 targetEndTime = 08:01:56
11/13/2024 20:01:55 [Information] Stepper Motor Controller Disable Z Axis controls while moving to location.
11/13/2024 20:01:55 [Information] Time remaining: 00:00:00 targetEndTime = 08:01:56
11/13/2024 20:01:55 [Information] Stepper Motor Controller Disable Z Axis controls while moving to location.
11/13/2024 20:01:55 [Information] Time remaining: 00:00:00 targetEndTime = 08:01:56
11/13/2024 20:01:55 [Information] Stepper Motor Controller Disable Z Axis controls while moving to location.
11/13/2024 20:01:55 [Information] Time remaining: 00:00:00 targetEndTime = 08:01:56
11/13/2024 20:01:55 [Information] Stepper Motor Controller Disable Z Axis controls while moving to location.
11/13/2024 20:01:55 [Information] Time remaining: 00:00:00 targetEndTime = 08:01:56
11/13/2024 20:01:55 [Information] Stepper Motor Controller Disable Z Axis controls while moving to location.
11/13/2024 20:01:55 [Information] Time remaining: 00:00:00 targetEndTime = 08:01:56
11/13/2024 20:01:55 [Information] Stepper Motor Controller Disable Z Axis controls while moving to location.
11/13/2024 20:01:55 [Information] Time remaining: 00:00:00 targetEndTime = 08:01:56
11/13/2024 20:01:55 [Information] Stepper Motor Controller Disable Z Axis controls while moving to location.
11/13/2024 20:01:55 [Information] Time remaining: 00:00:00 targetEndTime = 08:01:56
11/13/2024 20:01:55 [Information] Stepper Motor Controller Disable Z Axis controls while moving to location.
11/13/2024 20:01:55 [Information] Time remaining: 00:00:00 targetEndTime = 08:01:56
11/13/2024 20:01:55 [Information] Stepper Motor Controller Disable Z Axis controls while moving to location.
11/13/2024 20:01:55 [Information] Time remaining: 00:00:00 targetEndTime = 08:01:56
11/13/2024 20:01:55 [Information] Stepper Motor Controller Disable Z Axis controls while moving to location.
11/13/2024 20:01:55 [Information] Time remaining: 00:00:00 targetEndTime = 08:01:56
11/13/2024 20:01:55 [Information] Stepper Motor Controller Disable Z Axis controls while moving to location.
11/13/2024 20:01:55 [Information] Time remaining: 00:00:00 targetEndTime = 08:01:56
11/13/2024 20:01:55 [Information] Stepper Motor Controller Disable Z Axis controls while moving to location.
11/13/2024 20:01:55 [Information] Time remaining: 00:00:00 targetEndTime = 08:01:56
11/13/2024 20:01:55 [Information] Stepper Motor Controller Disable Z Axis controls while moving to location.
11/13/2024 20:01:55 [Information] Time remaining: 00:00:00 targetEndTime = 08:01:56
11/13/2024 20:01:55 [Information] Stepper Motor Controller Disable Z Axis controls while moving to location.
11/13/2024 20:01:55 [Information] Time remaining: 00:00:00 targetEndTime = 08:01:56
11/13/2024 20:01:55 [Information] Stepper Motor Controller Disable Z Axis controls while moving to location.
11/13/2024 20:01:55 [Information] Time remaining: 00:00:00 targetEndTime = 08:01:56
11/13/2024 20:01:55 [Information] Stepper Motor Controller Disable Z Axis controls while moving to location.
11/13/2024 20:01:55 [Information] Time remaining: 00:00:00 targetEndTime = 08:01:56
11/13/2024 20:01:55 [Information] Stepper Motor Controller Disable Z Axis controls while moving to location.
11/13/2024 20:01:55 [Information] Time remaining: 00:00:00 targetEndTime = 08:01:56
11/13/2024 20:01:55 [Information] Stepper Motor Controller Disable Z Axis controls while moving to location.
11/13/2024 20:01:55 [Information] Time remaining: 00:00:00 targetEndTime = 08:01:56
11/13/2024 20:01:55 [Information] Stepper Motor Controller Disable Z Axis controls while moving to location.
11/13/2024 20:01:55 [Information] Time remaining: 00:00:00 targetEndTime = 08:01:56
11/13/2024 20:01:55 [Information] Stepper Motor Controller Disable Z Axis controls while moving to location.
11/13/2024 20:01:55 [Information] Time remaining: 00:00:00 targetEndTime = 08:01:56
11/13/2024 20:01:55 [Information] Stepper Motor Controller Disable Z Axis controls while moving to location.
11/13/2024 20:01:55 [Information] Time remaining: 00:00:00 targetEndTime = 08:01:56
11/13/2024 20:01:55 [Information] Stepper Motor Controller Disable Z Axis controls while moving to location.
11/13/2024 20:01:55 [Information] Time remaining: 00:00:00 targetEndTime = 08:01:56
11/13/2024 20:01:56 [Information] Stepper Motor Controller Disable Z Axis controls while moving to location.
11/13/2024 20:01:56 [Information] Time remaining: 00:00:00 targetEndTime = 08:01:56
11/13/2024 20:01:56 [Information] Stepper Motor Controller Disable Z Axis controls while moving to location.
11/13/2024 20:01:56 [Information] Time remaining: 00:00:00 targetEndTime = 08:01:56
11/13/2024 20:01:56 [Information] Stepper Motor Controller Disable Z Axis controls while moving to location.
11/13/2024 20:01:56 [Information] Time remaining: 00:00:00 targetEndTime = 08:01:56
11/13/2024 20:01:56 [Information] Stepper Motor Controller Disable Z Axis controls while moving to location.
11/13/2024 20:01:56 [Information] Time remaining: 00:00:00 targetEndTime = 08:01:56
11/13/2024 20:01:56 [Information] Stepper Motor Controller Disable Z Axis controls while moving to location.
11/13/2024 20:01:56 [Information] Time remaining: 00:00:00 targetEndTime = 08:01:56
11/13/2024 20:01:56 [Information] Stepper Motor Controller Disable Z Axis controls while moving to location.
11/13/2024 20:01:56 [Information] Time remaining: 00:00:00 targetEndTime = 08:01:56
11/13/2024 20:01:56 [Information] Stepper Motor Controller Disable Z Axis controls while moving to location.
11/13/2024 20:01:56 [Information] Time remaining: 00:00:00 targetEndTime = 08:01:56
11/13/2024 20:01:56 [Information] Stepper Motor Controller Disable Z Axis controls while moving to location.
11/13/2024 20:01:56 [Information] Time remaining: 00:00:00 targetEndTime = 08:01:56
11/13/2024 20:01:56 [Information] Stepper Motor Controller Disable Z Axis controls while moving to location.
11/13/2024 20:01:56 [Information] Time remaining: 00:00:00 targetEndTime = 08:01:56
11/13/2024 20:01:56 [Information] Stepper Motor Controller Disable Z Axis controls while moving to location.
11/13/2024 20:01:56 [Information] Time remaining: 00:00:00 targetEndTime = 08:01:56
11/13/2024 20:01:56 [Information] Stepper Motor Controller Disable Z Axis controls while moving to location.
11/13/2024 20:01:56 [Information] Time remaining: 00:00:00 targetEndTime = 08:01:56
11/13/2024 20:01:56 [Information] Stepper Motor Controller Disable Z Axis controls while moving to location.
11/13/2024 20:01:56 [Information] Time remaining: 00:00:00 targetEndTime = 08:01:56
11/13/2024 20:01:56 [Information] Stepper Motor Controller Disable Z Axis controls while moving to location.
11/13/2024 20:01:56 [Information] Time remaining: 00:00:00 targetEndTime = 08:01:56
11/13/2024 20:01:56 [Information] Stepper Motor Controller Disable Z Axis controls while moving to location.
11/13/2024 20:01:56 [Information] Time remaining: 00:00:00 targetEndTime = 08:01:56
11/13/2024 20:01:56 [Information] Stepper Motor Controller Disable Z Axis controls while moving to location.
11/13/2024 20:01:56 [Information] Time remaining: 00:00:00 targetEndTime = 08:01:56
11/13/2024 20:01:56 [Information] Stepper Motor Controller Disable Z Axis controls while moving to location.
11/13/2024 20:01:56 [Information] Time remaining: 00:00:00 targetEndTime = 08:01:56
11/13/2024 20:01:56 [Information] Stepper Motor Controller Disable Z Axis controls while moving to location.
11/13/2024 20:01:56 [Information] Time remaining: 00:00:00 targetEndTime = 08:01:56
11/13/2024 20:01:56 [Information] Stepper Motor Controller Disable Z Axis controls while moving to location.
11/13/2024 20:01:56 [Information] Time remaining: 00:00:00 targetEndTime = 08:01:56
11/13/2024 20:01:56 [Information] Stepper Motor Controller Disable Z Axis controls while moving to location.
11/13/2024 20:01:56 [Information] Time remaining: 00:00:00 targetEndTime = 08:01:56
11/13/2024 20:01:56 [Information] Stepper Motor Controller Disable Z Axis controls while moving to location.
11/13/2024 20:01:56 [Information] Time remaining: 00:00:00 targetEndTime = 08:01:56
11/13/2024 20:01:56 [Information] Stepper Motor Controller Disable Z Axis controls while moving to location.
11/13/2024 20:01:56 [Information] Time remaining: 00:00:00 targetEndTime = 08:01:56
11/13/2024 20:01:56 [Information] Stepper Motor Controller Disable Z Axis controls while moving to location.
11/13/2024 20:01:56 [Information] Time remaining: 00:00:00 targetEndTime = 08:01:56
11/13/2024 20:01:56 [Information] Stepper Motor Controller Disable Z Axis controls while moving to location.
11/13/2024 20:01:56 [Information] Time remaining: 00:00:00 targetEndTime = 08:01:56
11/13/2024 20:01:56 [Information] Stepper Motor Controller Disable Z Axis controls while moving to location.
11/13/2024 20:01:56 [Information] Time remaining: 00:00:00 targetEndTime = 08:01:56
11/13/2024 20:01:56 [Information] Stepper Motor Controller Disable Z Axis controls while moving to location.
11/13/2024 20:01:56 [Information] Time remaining: 00:00:00 targetEndTime = 08:01:56
11/13/2024 20:01:56 [Information] Stepper Motor Controller Disable Z Axis controls while moving to location.
11/13/2024 20:01:56 [Information] Time remaining: 00:00:00 targetEndTime = 08:01:56
11/13/2024 20:01:56 [Information] Stepper Motor Controller Disable Z Axis controls while moving to location.
11/13/2024 20:01:56 [Information] Time remaining: 00:00:00 targetEndTime = 08:01:56
11/13/2024 20:01:56 [Information] Stepper Motor Controller Disable Z Axis controls while moving to location.
11/13/2024 20:01:56 [Information] Time remaining: 00:00:00 targetEndTime = 08:01:56
11/13/2024 20:01:56 [Information] Stepper Motor Controller Disable Z Axis controls while moving to location.
11/13/2024 20:01:56 [Information] Time remaining: 00:00:00 targetEndTime = 08:01:56
11/13/2024 20:01:56 [Information] Stepper Motor Controller Disable Z Axis controls while moving to location.
11/13/2024 20:01:56 [Information] Time remaining: 00:00:00 targetEndTime = 08:01:56
11/13/2024 20:01:56 [Information] Stepper Motor Controller Enable Z Axis controls after moving to location.
11/13/2024 20:01:56 [Information] Stepper Motor Controller Stopwatch Stopped.
11/13/2024 20:01:56 [Information] Stepper Motor Controller Timer Stopped.
11/13/2024 20:01:56 [Information] Stepper Motor Controller Stopwatch Reset.
11/13/2024 20:02:00 [Information] Z Axis Run button clicked:
11/13/2024 20:02:00 [Information] Z Axis MotorMovementSeconds decimal: (8.00 / 4) / 2 = 1.00
11/13/2024 20:02:01 [Information] Z Axis Run Event: Z,0.00,400.00,0,0.00,400.00,0,8.00,400.00,0
11/13/2024 20:02:01 [Information] Z Axis Current Time: 08:02:01 + 1000 = 08:02:02
11/13/2024 20:02:01 [Information] Stepper Motor Controller Disable Z Axis controls while moving to location.
11/13/2024 20:02:01 [Information] Time remaining: 00:00:00 targetEndTime = 08:02:02
11/13/2024 20:02:01 [Information] Stepper Motor Controller Disable Z Axis controls while moving to location.
11/13/2024 20:02:01 [Information] Time remaining: 00:00:00 targetEndTime = 08:02:02
11/13/2024 20:02:01 [Information] Stepper Motor Controller Disable Z Axis controls while moving to location.
11/13/2024 20:02:01 [Information] Time remaining: 00:00:00 targetEndTime = 08:02:02
11/13/2024 20:02:01 [Information] Stepper Motor Controller Disable Z Axis controls while moving to location.
11/13/2024 20:02:01 [Information] Time remaining: 00:00:00 targetEndTime = 08:02:02
11/13/2024 20:02:01 [Information] Stepper Motor Controller Disable Z Axis controls while moving to location.
11/13/2024 20:02:01 [Information] Time remaining: 00:00:00 targetEndTime = 08:02:02
11/13/2024 20:02:01 [Information] Stepper Motor Controller Disable Z Axis controls while moving to location.
11/13/2024 20:02:01 [Information] Time remaining: 00:00:00 targetEndTime = 08:02:02
11/13/2024 20:02:01 [Information] Stepper Motor Controller Disable Z Axis controls while moving to location.
11/13/2024 20:02:01 [Information] Time remaining: 00:00:00 targetEndTime = 08:02:02
11/13/2024 20:02:01 [Information] Stepper Motor Controller Disable Z Axis controls while moving to location.
11/13/2024 20:02:01 [Information] Time remaining: 00:00:00 targetEndTime = 08:02:02
11/13/2024 20:02:01 [Information] Stepper Motor Controller Disable Z Axis controls while moving to location.
11/13/2024 20:02:01 [Information] Time remaining: 00:00:00 targetEndTime = 08:02:02
11/13/2024 20:02:01 [Information] Stepper Motor Controller Disable Z Axis controls while moving to location.
11/13/2024 20:02:01 [Information] Time remaining: 00:00:00 targetEndTime = 08:02:02
11/13/2024 20:02:01 [Information] Stepper Motor Controller Disable Z Axis controls while moving to location.
11/13/2024 20:02:01 [Information] Time remaining: 00:00:00 targetEndTime = 08:02:02
11/13/2024 20:02:01 [Information] Stepper Motor Controller Disable Z Axis controls while moving to location.
11/13/2024 20:02:01 [Information] Time remaining: 00:00:00 targetEndTime = 08:02:02
11/13/2024 20:02:01 [Information] Stepper Motor Controller Disable Z Axis controls while moving to location.
11/13/2024 20:02:01 [Information] Time remaining: 00:00:00 targetEndTime = 08:02:02
11/13/2024 20:02:01 [Information] Stepper Motor Controller Disable Z Axis controls while moving to location.
11/13/2024 20:02:01 [Information] Time remaining: 00:00:00 targetEndTime = 08:02:02
11/13/2024 20:02:01 [Information] Stepper Motor Controller Disable Z Axis controls while moving to location.
11/13/2024 20:02:01 [Information] Time remaining: 00:00:00 targetEndTime = 08:02:02
11/13/2024 20:02:01 [Information] Stepper Motor Controller Disable Z Axis controls while moving to location.
11/13/2024 20:02:01 [Information] Time remaining: 00:00:00 targetEndTime = 08:02:02
11/13/2024 20:02:01 [Information] Stepper Motor Controller Disable Z Axis controls while moving to location.
11/13/2024 20:02:01 [Information] Time remaining: 00:00:00 targetEndTime = 08:02:02
11/13/2024 20:02:01 [Information] Stepper Motor Controller Disable Z Axis controls while moving to location.
11/13/2024 20:02:01 [Information] Time remaining: 00:00:00 targetEndTime = 08:02:02
11/13/2024 20:02:01 [Information] Stepper Motor Controller Disable Z Axis controls while moving to location.
11/13/2024 20:02:01 [Information] Time remaining: 00:00:00 targetEndTime = 08:02:02
11/13/2024 20:02:01 [Information] Stepper Motor Controller Disable Z Axis controls while moving to location.
11/13/2024 20:02:01 [Information] Time remaining: 00:00:00 targetEndTime = 08:02:02
11/13/2024 20:02:01 [Information] Stepper Motor Controller Disable Z Axis controls while moving to location.
11/13/2024 20:02:01 [Information] Time remaining: 00:00:00 targetEndTime = 08:02:02
11/13/2024 20:02:02 [Information] Stepper Motor Controller Disable Z Axis controls while moving to location.
11/13/2024 20:02:02 [Information] Time remaining: 00:00:00 targetEndTime = 08:02:02
11/13/2024 20:02:02 [Information] Stepper Motor Controller Disable Z Axis controls while moving to location.
11/13/2024 20:02:02 [Information] Time remaining: 00:00:00 targetEndTime = 08:02:02
11/13/2024 20:02:02 [Information] Stepper Motor Controller Disable Z Axis controls while moving to location.
11/13/2024 20:02:02 [Information] Time remaining: 00:00:00 targetEndTime = 08:02:02
11/13/2024 20:02:02 [Information] Stepper Motor Controller Disable Z Axis controls while moving to location.
11/13/2024 20:02:02 [Information] Time remaining: 00:00:00 targetEndTime = 08:02:02
11/13/2024 20:02:02 [Information] Stepper Motor Controller Disable Z Axis controls while moving to location.
11/13/2024 20:02:02 [Information] Time remaining: 00:00:00 targetEndTime = 08:02:02
11/13/2024 20:02:02 [Information] Stepper Motor Controller Disable Z Axis controls while moving to location.
11/13/2024 20:02:02 [Information] Time remaining: 00:00:00 targetEndTime = 08:02:02
11/13/2024 20:02:02 [Information] Stepper Motor Controller Disable Z Axis controls while moving to location.
11/13/2024 20:02:02 [Information] Time remaining: 00:00:00 targetEndTime = 08:02:02
11/13/2024 20:02:02 [Information] Stepper Motor Controller Disable Z Axis controls while moving to location.
11/13/2024 20:02:02 [Information] Time remaining: 00:00:00 targetEndTime = 08:02:02
11/13/2024 20:02:02 [Information] Stepper Motor Controller Disable Z Axis controls while moving to location.
11/13/2024 20:02:02 [Information] Time remaining: 00:00:00 targetEndTime = 08:02:02
11/13/2024 20:02:02 [Information] Stepper Motor Controller Disable Z Axis controls while moving to location.
11/13/2024 20:02:02 [Information] Time remaining: 00:00:00 targetEndTime = 08:02:02
11/13/2024 20:02:02 [Information] Stepper Motor Controller Disable Z Axis controls while moving to location.
11/13/2024 20:02:02 [Information] Time remaining: 00:00:00 targetEndTime = 08:02:02
11/13/2024 20:02:02 [Information] Stepper Motor Controller Disable Z Axis controls while moving to location.
11/13/2024 20:02:02 [Information] Time remaining: 00:00:00 targetEndTime = 08:02:02
11/13/2024 20:02:02 [Information] Stepper Motor Controller Disable Z Axis controls while moving to location.
11/13/2024 20:02:02 [Information] Time remaining: 00:00:00 targetEndTime = 08:02:02
11/13/2024 20:02:02 [Information] Stepper Motor Controller Disable Z Axis controls while moving to location.
11/13/2024 20:02:02 [Information] Time remaining: 00:00:00 targetEndTime = 08:02:02
11/13/2024 20:02:02 [Information] Stepper Motor Controller Disable Z Axis controls while moving to location.
11/13/2024 20:02:02 [Information] Time remaining: 00:00:00 targetEndTime = 08:02:02
11/13/2024 20:02:02 [Information] Stepper Motor Controller Disable Z Axis controls while moving to location.
11/13/2024 20:02:02 [Information] Time remaining: 00:00:00 targetEndTime = 08:02:02
11/13/2024 20:02:02 [Information] Stepper Motor Controller Disable Z Axis controls while moving to location.
11/13/2024 20:02:02 [Information] Time remaining: 00:00:00 targetEndTime = 08:02:02
11/13/2024 20:02:02 [Information] Stepper Motor Controller Disable Z Axis controls while moving to location.
11/13/2024 20:02:02 [Information] Time remaining: 00:00:00 targetEndTime = 08:02:02
11/13/2024 20:02:02 [Information] Stepper Motor Controller Disable Z Axis controls while moving to location.
11/13/2024 20:02:02 [Information] Time remaining: 00:00:00 targetEndTime = 08:02:02
11/13/2024 20:02:02 [Information] Stepper Motor Controller Disable Z Axis controls while moving to location.
11/13/2024 20:02:02 [Information] Time remaining: 00:00:00 targetEndTime = 08:02:02
11/13/2024 20:02:02 [Information] Stepper Motor Controller Disable Z Axis controls while moving to location.
11/13/2024 20:02:02 [Information] Time remaining: 00:00:00 targetEndTime = 08:02:02
11/13/2024 20:02:02 [Information] Stepper Motor Controller Disable Z Axis controls while moving to location.
11/13/2024 20:02:02 [Information] Time remaining: 00:00:00 targetEndTime = 08:02:02
11/13/2024 20:02:02 [Information] Stepper Motor Controller Disable Z Axis controls while moving to location.
11/13/2024 20:02:02 [Information] Time remaining: 00:00:00 targetEndTime = 08:02:02
11/13/2024 20:02:02 [Information] Stepper Motor Controller Disable Z Axis controls while moving to location.
11/13/2024 20:02:02 [Information] Time remaining: 00:00:00 targetEndTime = 08:02:02
11/13/2024 20:02:02 [Information] Stepper Motor Controller Disable Z Axis controls while moving to location.
11/13/2024 20:02:02 [Information] Time remaining: 00:00:00 targetEndTime = 08:02:02
11/13/2024 20:02:02 [Information] Stepper Motor Controller Disable Z Axis controls while moving to location.
11/13/2024 20:02:02 [Information] Time remaining: 00:00:00 targetEndTime = 08:02:02
11/13/2024 20:02:02 [Information] Stepper Motor Controller Disable Z Axis controls while moving to location.
11/13/2024 20:02:02 [Information] Time remaining: 00:00:00 targetEndTime = 08:02:02
11/13/2024 20:02:02 [Information] Stepper Motor Controller Disable Z Axis controls while moving to location.
11/13/2024 20:02:02 [Information] Time remaining: 00:00:00 targetEndTime = 08:02:02
11/13/2024 20:02:02 [Information] Stepper Motor Controller Disable Z Axis controls while moving to location.
11/13/2024 20:02:02 [Information] Time remaining: 00:00:00 targetEndTime = 08:02:02
11/13/2024 20:02:02 [Information] Stepper Motor Controller Disable Z Axis controls while moving to location.
11/13/2024 20:02:02 [Information] Time remaining: 00:00:00 targetEndTime = 08:02:02
11/13/2024 20:02:02 [Information] Stepper Motor Controller Disable Z Axis controls while moving to location.
11/13/2024 20:02:02 [Information] Time remaining: 00:00:00 targetEndTime = 08:02:02
11/13/2024 20:02:02 [Information] Stepper Motor Controller Disable Z Axis controls while moving to location.
11/13/2024 20:02:02 [Information] Time remaining: 00:00:00 targetEndTime = 08:02:02
11/13/2024 20:02:02 [Information] Stepper Motor Controller Disable Z Axis controls while moving to location.
11/13/2024 20:02:02 [Information] Time remaining: 00:00:00 targetEndTime = 08:02:02
11/13/2024 20:02:02 [Information] Stepper Motor Controller Disable Z Axis controls while moving to location.
11/13/2024 20:02:02 [Information] Time remaining: 00:00:00 targetEndTime = 08:02:02
11/13/2024 20:02:02 [Information] Stepper Motor Controller Disable Z Axis controls while moving to location.
11/13/2024 20:02:02 [Information] Time remaining: 00:00:00 targetEndTime = 08:02:02
11/13/2024 20:02:02 [Information] Z Axis Data Received: Z
11/13/2024 20:02:02 [Information] Z Axis Data Received:  
11/13/2024 20:02:02 [Information] Z Axis Data Received: A
11/13/2024 20:02:02 [Information] Z Axis Data Received: x
11/13/2024 20:02:02 [Information] Z Axis Data Received: i
11/13/2024 20:02:02 [Information] Z Axis Data Received: s
11/13/2024 20:02:02 [Information] Z Axis Data Received:  
11/13/2024 20:02:02 [Information] Z Axis Data Received: A
11/13/2024 20:02:02 [Information] Z Axis Data Received: b
11/13/2024 20:02:02 [Information] Z Axis Data Received: s
11/13/2024 20:02:02 [Information] Z Axis Data Received: o
11/13/2024 20:02:02 [Information] Z Axis Data Received: l
11/13/2024 20:02:02 [Information] Z Axis Data Received: u
11/13/2024 20:02:02 [Information] Z Axis Data Received: t
11/13/2024 20:02:02 [Information] Z Axis Data Received: e
11/13/2024 20:02:02 [Information] Z Axis Data Received:  
11/13/2024 20:02:02 [Information] Z Axis Data Received: P
11/13/2024 20:02:02 [Information] Z Axis Data Received: o
11/13/2024 20:02:02 [Information] Z Axis Data Received: s
11/13/2024 20:02:02 [Information] Z Axis Data Received: i
11/13/2024 20:02:02 [Information] Z Axis Data Received: t
11/13/2024 20:02:02 [Information] Z Axis Data Received: i
11/13/2024 20:02:02 [Information] Z Axis Data Received: o
11/13/2024 20:02:02 [Information] Z Axis Data Received: n
11/13/2024 20:02:02 [Information] Z Axis Data Received:  
11/13/2024 20:02:02 [Information] Z Axis Data Received: 4
11/13/2024 20:02:02 [Information] Z Axis Data Received: 00
11/13/2024 20:02:02 [Information] Z Axis Data Received: .
11/13/2024 20:02:02 [Information] Z Axis Data Received: 0
11/13/2024 20:02:02 [Information] Z Axis Data Received: 0
11/13/2024 20:02:02 [Information] Z Axis Data Received: 
11/13/2024 20:02:02 [Information] Stepper Motor Controller Enable Z Axis controls after moving to location.
11/13/2024 20:02:02 [Information] Stepper Motor Controller Stopwatch Stopped.
11/13/2024 20:02:02 [Information] Stepper Motor Controller Timer Stopped.
11/13/2024 20:02:02 [Information] Stepper Motor Controller Stopwatch Reset.
11/13/2024 20:02:02 [Information] Z Axis Data Received: ?
11/13/2024 20:02:06 [Information] Z Axis Data Received: ????????????????????????????????????????????????????????????????M
11/13/2024 20:02:06 [Information] Z Axis Data Received: DP
11/13/2024 20:02:06 [Information] Z Axis Data Received: V_
11/13/2024 20:02:06 [Information] Z Axis Data Received: 1|1_VMDPV
VMDPR_
11/13/2024 20:02:10 [Information] Z Axis Run button clicked:
11/13/2024 20:02:10 [Information] Z Axis MotorMovementSeconds decimal: (8.00 / 4) / 2 = 1.00
11/13/2024 20:02:11 [Information] Z Axis Run Event: Z,0.00,400.00,0,0.00,400.00,0,8.00,400.00,0
11/13/2024 20:02:11 [Information] Z Axis Current Time: 08:02:11 + 1000 = 08:02:12
11/13/2024 20:02:11 [Information] Stepper Motor Controller Disable Z Axis controls while moving to location.
11/13/2024 20:02:11 [Information] Time remaining: 00:00:00 targetEndTime = 08:02:12
11/13/2024 20:02:11 [Information] Stepper Motor Controller Disable Z Axis controls while moving to location.
11/13/2024 20:02:11 [Information] Time remaining: 00:00:00 targetEndTime = 08:02:12
11/13/2024 20:02:11 [Information] Stepper Motor Controller Disable Z Axis controls while moving to location.
11/13/2024 20:02:11 [Information] Time remaining: 00:00:00 targetEndTime = 08:02:12
11/13/2024 20:02:11 [Information] Stepper Motor Controller Disable Z Axis controls while moving to location.
11/13/2024 20:02:11 [Information] Time remaining: 00:00:00 targetEndTime = 08:02:12
11/13/2024 20:02:11 [Information] Stepper Motor Controller Disable Z Axis controls while moving to location.
11/13/2024 20:02:11 [Information] Time remaining: 00:00:00 targetEndTime = 08:02:12
11/13/2024 20:02:11 [Information] Stepper Motor Controller Disable Z Axis controls while moving to location.
11/13/2024 20:02:11 [Information] Time remaining: 00:00:00 targetEndTime = 08:02:12
11/13/2024 20:02:11 [Information] Stepper Motor Controller Disable Z Axis controls while moving to location.
11/13/2024 20:02:11 [Information] Time remaining: 00:00:00 targetEndTime = 08:02:12
11/13/2024 20:02:11 [Information] Stepper Motor Controller Disable Z Axis controls while moving to location.
11/13/2024 20:02:11 [Information] Time remaining: 00:00:00 targetEndTime = 08:02:12
11/13/2024 20:02:11 [Information] Stepper Motor Controller Disable Z Axis controls while moving to location.
11/13/2024 20:02:11 [Information] Time remaining: 00:00:00 targetEndTime = 08:02:12
11/13/2024 20:02:11 [Information] Stepper Motor Controller Disable Z Axis controls while moving to location.
11/13/2024 20:02:11 [Information] Time remaining: 00:00:00 targetEndTime = 08:02:12
11/13/2024 20:02:11 [Information] Stepper Motor Controller Disable Z Axis controls while moving to location.
11/13/2024 20:02:11 [Information] Time remaining: 00:00:00 targetEndTime = 08:02:12
11/13/2024 20:02:11 [Information] Stepper Motor Controller Disable Z Axis controls while moving to location.
11/13/2024 20:02:11 [Information] Time remaining: 00:00:00 targetEndTime = 08:02:12
11/13/2024 20:02:11 [Information] Stepper Motor Controller Disable Z Axis controls while moving to location.
11/13/2024 20:02:11 [Information] Time remaining: 00:00:00 targetEndTime = 08:02:12
11/13/2024 20:02:11 [Information] Stepper Motor Controller Disable Z Axis controls while moving to location.
11/13/2024 20:02:11 [Information] Time remaining: 00:00:00 targetEndTime = 08:02:12
11/13/2024 20:02:11 [Information] Stepper Motor Controller Disable Z Axis controls while moving to location.
11/13/2024 20:02:11 [Information] Time remaining: 00:00:00 targetEndTime = 08:02:12
11/13/2024 20:02:11 [Information] Stepper Motor Controller Disable Z Axis controls while moving to location.
11/13/2024 20:02:11 [Information] Time remaining: 00:00:00 targetEndTime = 08:02:12
11/13/2024 20:02:11 [Information] Stepper Motor Controller Disable Z Axis controls while moving to location.
11/13/2024 20:02:11 [Information] Time remaining: 00:00:00 targetEndTime = 08:02:12
11/13/2024 20:02:11 [Information] Stepper Motor Controller Disable Z Axis controls while moving to location.
11/13/2024 20:02:11 [Information] Time remaining: 00:00:00 targetEndTime = 08:02:12
11/13/2024 20:02:11 [Information] Stepper Motor Controller Disable Z Axis controls while moving to location.
11/13/2024 20:02:11 [Information] Time remaining: 00:00:00 targetEndTime = 08:02:12
11/13/2024 20:02:11 [Information] Stepper Motor Controller Disable Z Axis controls while moving to location.
11/13/2024 20:02:11 [Information] Time remaining: 00:00:00 targetEndTime = 08:02:12
11/13/2024 20:02:11 [Information] Stepper Motor Controller Disable Z Axis controls while moving to location.
11/13/2024 20:02:11 [Information] Time remaining: 00:00:00 targetEndTime = 08:02:12
11/13/2024 20:02:11 [Information] Stepper Motor Controller Disable Z Axis controls while moving to location.
11/13/2024 20:02:11 [Information] Time remaining: 00:00:00 targetEndTime = 08:02:12
11/13/2024 20:02:11 [Information] Stepper Motor Controller Disable Z Axis controls while moving to location.
11/13/2024 20:02:11 [Information] Time remaining: 00:00:00 targetEndTime = 08:02:12
11/13/2024 20:02:11 [Information] Stepper Motor Controller Disable Z Axis controls while moving to location.
11/13/2024 20:02:11 [Information] Time remaining: 00:00:00 targetEndTime = 08:02:12
11/13/2024 20:02:11 [Information] Stepper Motor Controller Disable Z Axis controls while moving to location.
11/13/2024 20:02:11 [Information] Time remaining: 00:00:00 targetEndTime = 08:02:12
11/13/2024 20:02:11 [Information] Stepper Motor Controller Disable Z Axis controls while moving to location.
11/13/2024 20:02:11 [Information] Time remaining: 00:00:00 targetEndTime = 08:02:12
11/13/2024 20:02:11 [Information] Stepper Motor Controller Disable Z Axis controls while moving to location.
11/13/2024 20:02:11 [Information] Time remaining: 00:00:00 targetEndTime = 08:02:12
11/13/2024 20:02:11 [Information] Stepper Motor Controller Disable Z Axis controls while moving to location.
11/13/2024 20:02:11 [Information] Time remaining: 00:00:00 targetEndTime = 08:02:12
11/13/2024 20:02:12 [Information] Stepper Motor Controller Disable Z Axis controls while moving to location.
11/13/2024 20:02:12 [Information] Time remaining: 00:00:00 targetEndTime = 08:02:12
11/13/2024 20:02:12 [Information] Stepper Motor Controller Disable Z Axis controls while moving to location.
11/13/2024 20:02:12 [Information] Time remaining: 00:00:00 targetEndTime = 08:02:12
11/13/2024 20:02:12 [Information] Stepper Motor Controller Disable Z Axis controls while moving to location.
11/13/2024 20:02:12 [Information] Time remaining: 00:00:00 targetEndTime = 08:02:12
11/13/2024 20:02:12 [Information] Stepper Motor Controller Disable Z Axis controls while moving to location.
11/13/2024 20:02:12 [Information] Time remaining: 00:00:00 targetEndTime = 08:02:12
11/13/2024 20:02:12 [Information] Stepper Motor Controller Disable Z Axis controls while moving to location.
11/13/2024 20:02:12 [Information] Time remaining: 00:00:00 targetEndTime = 08:02:12
11/13/2024 20:02:12 [Information] Stepper Motor Controller Disable Z Axis controls while moving to location.
11/13/2024 20:02:12 [Information] Time remaining: 00:00:00 targetEndTime = 08:02:12
11/13/2024 20:02:12 [Information] Stepper Motor Controller Disable Z Axis controls while moving to location.
11/13/2024 20:02:12 [Information] Time remaining: 00:00:00 targetEndTime = 08:02:12
11/13/2024 20:02:12 [Information] Stepper Motor Controller Disable Z Axis controls while moving to location.
11/13/2024 20:02:12 [Information] Time remaining: 00:00:00 targetEndTime = 08:02:12
11/13/2024 20:02:12 [Information] Stepper Motor Controller Disable Z Axis controls while moving to location.
11/13/2024 20:02:12 [Information] Time remaining: 00:00:00 targetEndTime = 08:02:12
11/13/2024 20:02:12 [Information] Stepper Motor Controller Disable Z Axis controls while moving to location.
11/13/2024 20:02:12 [Information] Time remaining: 00:00:00 targetEndTime = 08:02:12
11/13/2024 20:02:12 [Information] Stepper Motor Controller Disable Z Axis controls while moving to location.
11/13/2024 20:02:12 [Information] Time remaining: 00:00:00 targetEndTime = 08:02:12
11/13/2024 20:02:12 [Information] Stepper Motor Controller Disable Z Axis controls while moving to location.
11/13/2024 20:02:12 [Information] Time remaining: 00:00:00 targetEndTime = 08:02:12
11/13/2024 20:02:12 [Information] Stepper Motor Controller Disable Z Axis controls while moving to location.
11/13/2024 20:02:12 [Information] Time remaining: 00:00:00 targetEndTime = 08:02:12
11/13/2024 20:02:12 [Information] Stepper Motor Controller Disable Z Axis controls while moving to location.
11/13/2024 20:02:12 [Information] Time remaining: 00:00:00 targetEndTime = 08:02:12
11/13/2024 20:02:12 [Information] Stepper Motor Controller Disable Z Axis controls while moving to location.
11/13/2024 20:02:12 [Information] Time remaining: 00:00:00 targetEndTime = 08:02:12
11/13/2024 20:02:12 [Information] Stepper Motor Controller Disable Z Axis controls while moving to location.
11/13/2024 20:02:12 [Information] Time remaining: 00:00:00 targetEndTime = 08:02:12
11/13/2024 20:02:12 [Information] Stepper Motor Controller Disable Z Axis controls while moving to location.
11/13/2024 20:02:12 [Information] Time remaining: 00:00:00 targetEndTime = 08:02:12
11/13/2024 20:02:12 [Information] Stepper Motor Controller Disable Z Axis controls while moving to location.
11/13/2024 20:02:12 [Information] Time remaining: 00:00:00 targetEndTime = 08:02:12
11/13/2024 20:02:12 [Information] Stepper Motor Controller Disable Z Axis controls while moving to location.
11/13/2024 20:02:12 [Information] Time remaining: 00:00:00 targetEndTime = 08:02:12
11/13/2024 20:02:12 [Information] Stepper Motor Controller Disable Z Axis controls while moving to location.
11/13/2024 20:02:12 [Information] Time remaining: 00:00:00 targetEndTime = 08:02:12
11/13/2024 20:02:12 [Information] Stepper Motor Controller Disable Z Axis controls while moving to location.
11/13/2024 20:02:12 [Information] Time remaining: 00:00:00 targetEndTime = 08:02:12
11/13/2024 20:02:12 [Information] Stepper Motor Controller Disable Z Axis controls while moving to location.
11/13/2024 20:02:12 [Information] Time remaining: 00:00:00 targetEndTime = 08:02:12
11/13/2024 20:02:12 [Information] Stepper Motor Controller Disable Z Axis controls while moving to location.
11/13/2024 20:02:12 [Information] Time remaining: 00:00:00 targetEndTime = 08:02:12
11/13/2024 20:02:12 [Information] Stepper Motor Controller Disable Z Axis controls while moving to location.
11/13/2024 20:02:12 [Information] Time remaining: 00:00:00 targetEndTime = 08:02:12
11/13/2024 20:02:12 [Information] Stepper Motor Controller Disable Z Axis controls while moving to location.
11/13/2024 20:02:12 [Information] Time remaining: 00:00:00 targetEndTime = 08:02:12
11/13/2024 20:02:12 [Information] Z Axis Data Received: Z
11/13/2024 20:02:12 [Information] Z Axis Data Received:  
11/13/2024 20:02:12 [Information] Z Axis Data Received: A
11/13/2024 20:02:12 [Information] Z Axis Data Received: x
11/13/2024 20:02:12 [Information] Z Axis Data Received: i
11/13/2024 20:02:12 [Information] Stepper Motor Controller Enable Z Axis controls after moving to location.
11/13/2024 20:02:12 [Information] Stepper Motor Controller Stopwatch Stopped.
11/13/2024 20:02:12 [Information] Stepper Motor Controller Timer Stopped.
11/13/2024 20:02:12 [Information] Stepper Motor Controller Stopwatch Reset.
11/13/2024 20:02:12 [Information] Z Axis Data Received:  Absolute Position 400.00
?
11/13/2024 20:02:16 [Information] Stepper Motor Controller MainWindow Closing.
11/13/2024 20:02:16 [Information] Stepper Motor Controller Serial Ports closed.
11/13/2024 20:02:16 [Information] Properties Settings Saved.
11/13/2024 20:02:16 [Information] Properties Settings Form Closed.
11/13/2024 20:02:16 [Information] Stepper Motor Controller Form Closed.
