11/17/2024 11:02:25 [Information] Stepper Motor Controller Application Started.
11/17/2024 11:02:25 [Information] Version: 3.0.9087.19868 (11/17/2024 11:02:25)
11/17/2024 11:02:25 [Information] SerialPort COM7 not connected.
11/17/2024 11:02:25 [Information] SerialPort COM8 not connected.
11/17/2024 11:02:25 [Information] Stepper Motor Controller Application Started.
11/17/2024 11:02:25 [Information] Version: 3.0.9087.19868 (11/17/2024 11:02:25)
11/17/2024 11:02:25 [Information] Version: 3.1.0.19869 (11/17/2024 11:02:25)
11/17/2024 11:02:25 [Information] Version: 3.1.0.19869 (11/17/2024 11:02:25)
11/17/2024 11:02:25 [Information] Stepper Motor Controller Application Settings Window Opened.
11/17/2024 11:02:25 [Information] Stepper Motor Controller Application Settings form is rebuilt each and every time it is opened.
11/17/2024 11:02:25 [Information] int: 9600 BaudRate added to the Settings Form.
11/17/2024 11:02:25 [Information] bool: False ckbXaxisResetToZeroIsChecked added to the Settings Form.
11/17/2024 11:02:25 [Information] bool: False ckbYaxisResetToZeroIsChecked added to the Settings Form.
11/17/2024 11:02:25 [Information] bool: False ckbZaxisResetToZeroIsChecked added to the Settings Form.
11/17/2024 11:02:25 [Information] COM1: ComPort added to the Settings Form.
11/17/2024 11:02:25 [Information] COM2: ComPort added to the Settings Form.
11/17/2024 11:02:25 [Information] COM3: ComPort added to the Settings Form.
11/17/2024 11:02:25 [Information] COM4: ComPort added to the Settings Form.
11/17/2024 11:02:25 [Information] COM5: ComPort added to the Settings Form.
11/17/2024 11:02:25 [Information] COM6: ComPort added to the Settings Form.
11/17/2024 11:02:25 [Information] COM7: ComPort added to the Settings Form.
11/17/2024 11:02:25 [Information] COM8: ComPort added to the Settings Form.
11/17/2024 11:02:25 [Information] COM9: ComPort added to the Settings Form.
11/17/2024 11:02:25 [Information] COM10: ComPort added to the Settings Form.
11/17/2024 11:02:25 [Information] decimal: 4.00 Divider4_00 added to the Settings Form.
11/17/2024 11:02:25 [Information] decimal: 0.00 MathPart2Initlz added to the Settings Form.
11/17/2024 11:02:25 [Information] decimal: 1.00 MilisecondTimerInterval added to the Settings Form.
11/17/2024 11:02:25 [Information] decimal: 1000.00 MillisecondDelay added to the Settings Form.
11/17/2024 11:02:25 [Information] int: 1000 Milliseconds added to the Settings Form.
11/17/2024 11:02:25 [Information] int: 4 mmPerRevolution added to the Settings Form.
11/17/2024 11:02:25 [Information] int: 2000 ThreadSleep added to the Settings Form.
11/17/2024 11:02:25 [Information] decimal: 0.00 Value_0_00 added to the Settings Form.
11/17/2024 11:02:25 [Information] decimal: 50.00 XaxisAcceleration added to the Settings Form.
11/17/2024 11:02:25 [Information] bool: False XaxisChanged added to the Settings Form.
11/17/2024 11:02:25 [Information] decimal: 400.00 XaxisMotorSpeed added to the Settings Form.
11/17/2024 11:02:25 [Information] decimal: 0.00 XaxisStepperCurrent added to the Settings Form.
11/17/2024 11:02:25 [Information] decimal: 0.00 XaxisStepperMove added to the Settings Form.
11/17/2024 11:02:25 [Information] XCOM1: XComPort added to the Settings Form.
11/17/2024 11:02:25 [Information] XCOM2: XComPort added to the Settings Form.
11/17/2024 11:02:25 [Information] XCOM3: XComPort added to the Settings Form.
11/17/2024 11:02:25 [Information] XCOM4: XComPort added to the Settings Form.
11/17/2024 11:02:25 [Information] XCOM5: XComPort added to the Settings Form.
11/17/2024 11:02:25 [Information] XCOM6: XComPort added to the Settings Form.
11/17/2024 11:02:25 [Information] XCOM7: XComPort added to the Settings Form.
11/17/2024 11:02:25 [Information] XCOM8: XComPort added to the Settings Form.
11/17/2024 11:02:25 [Information] XCOM9: XComPort added to the Settings Form.
11/17/2024 11:02:25 [Information] XCOM10: XComPort added to the Settings Form.
11/17/2024 11:02:25 [Information] decimal: 50.00 YaxisAcceleration added to the Settings Form.
11/17/2024 11:02:25 [Information] bool: False YaxisChanged added to the Settings Form.
11/17/2024 11:02:25 [Information] decimal: 400.00 YaxisMotorSpeed added to the Settings Form.
11/17/2024 11:02:25 [Information] decimal: 0.00 YaxisStepperCurrent added to the Settings Form.
11/17/2024 11:02:25 [Information] decimal: 0.00 YaxisStepperMove added to the Settings Form.
11/17/2024 11:02:25 [Information] YCOM1: YComPort added to the Settings Form.
11/17/2024 11:02:25 [Information] YCOM2: YComPort added to the Settings Form.
11/17/2024 11:02:25 [Information] YCOM3: YComPort added to the Settings Form.
11/17/2024 11:02:25 [Information] YCOM4: YComPort added to the Settings Form.
11/17/2024 11:02:25 [Information] YCOM5: YComPort added to the Settings Form.
11/17/2024 11:02:25 [Information] YCOM6: YComPort added to the Settings Form.
11/17/2024 11:02:25 [Information] YCOM7: YComPort added to the Settings Form.
11/17/2024 11:02:25 [Information] YCOM8: YComPort added to the Settings Form.
11/17/2024 11:02:25 [Information] YCOM9: YComPort added to the Settings Form.
11/17/2024 11:02:25 [Information] YCOM10: YComPort added to the Settings Form.
11/17/2024 11:02:25 [Information] decimal: 50.00 ZaxisAcceleration added to the Settings Form.
11/17/2024 11:02:25 [Information] bool: False ZaxisChanged added to the Settings Form.
11/17/2024 11:02:25 [Information] decimal: 400.00 ZaxisMotorSpeed added to the Settings Form.
11/17/2024 11:02:25 [Information] decimal: 0.00 ZaxisStepperCurrent added to the Settings Form.
11/17/2024 11:02:25 [Information] decimal: 0.00 ZaxisStepperMove added to the Settings Form.
11/17/2024 11:02:25 [Information] ZCOM1: ZComPort added to the Settings Form.
11/17/2024 11:02:25 [Information] ZCOM2: ZComPort added to the Settings Form.
11/17/2024 11:02:25 [Information] ZCOM3: ZComPort added to the Settings Form.
11/17/2024 11:02:25 [Information] ZCOM4: ZComPort added to the Settings Form.
11/17/2024 11:02:25 [Information] ZCOM5: ZComPort added to the Settings Form.
11/17/2024 11:02:25 [Information] ZCOM6: ZComPort added to the Settings Form.
11/17/2024 11:02:25 [Information] ZCOM7: ZComPort added to the Settings Form.
11/17/2024 11:02:25 [Information] ZCOM8: ZComPort added to the Settings Form.
11/17/2024 11:02:25 [Information] ZCOM9: ZComPort added to the Settings Form.
11/17/2024 11:02:25 [Information] ZCOM10: ZComPort added to the Settings Form.
11/17/2024 11:02:25 [Information] int: 0 zeroXaxis added to the Settings Form.
11/17/2024 11:02:25 [Information] int: 0 zeroYaxis added to the Settings Form.
11/17/2024 11:02:25 [Information] int: 0 zeroZaxis added to the Settings Form.
11/17/2024 11:02:25 [Information] Stepper Motor Controller MainWindow loaded
11/17/2024 11:02:25 [Information] Set MainWindow Media Brushes to White.
11/17/2024 11:02:30 [Information] Updated X,Y Zero.IsChecked status to 0 and Z Zero.IsChecked status to 1.
11/17/2024 11:02:31 [Information] Z Axis Run button clicked:
11/17/2024 11:02:31 [Information] Z Axis Run Event to reset Axis to zero: Z,0.00,400.00,0,0.00,400.00,0,0.00,400.00,1
11/17/2024 11:02:31 [Information] Setting Z Axis Current Location Set to Zero on DRO
11/17/2024 11:02:32 [Information] Updated X,Y,Z Zero.IsChecked status to 0.
11/17/2024 11:02:32 [Information] Z Axis Current Location Set to Zero
11/17/2024 11:02:32 [Information] Z Axis Data Received: se
11/17/2024 11:02:33 [Information] Z Axis Data Received: rialData: Z,0.00,400.00,0,0.00,400.00,0,0.00,400.00,1
ESP 32 Board Reset.

11/17/2024 11:02:35 [Information] Z Axis Data Received: ?
11/17/2024 11:02:39 [Information] Z Axis mouse controlled Keypad returned: 32.00
11/17/2024 11:02:40 [Information] Z Axis Data Received: V
11/17/2024 11:02:40 [Information] Z Axis Data Received: M
11/17/2024 11:02:40 [Information] Z Axis Data Received: D
11/17/2024 11:02:40 [Information] Z Axis Data Received: P
11/17/2024 11:02:40 [Information] Z Axis Data Received: V
11/17/2024 11:02:40 [Information] Z Axis Data Received: _
11/17/2024 11:02:40 [Information] Z Axis Data Received: 1
11/17/2024 11:02:40 [Information] Z Axis Data Received: |
11/17/2024 11:02:40 [Information] Z Axis Data Received: 1
11/17/2024 11:02:40 [Information] Z Axis Data Received: _
11/17/2024 11:02:40 [Information] Z Axis Data Received: V
11/17/2024 11:02:40 [Information] Z Axis Data Received: M
11/17/2024 11:02:40 [Information] Z Axis Data Received: D
11/17/2024 11:02:40 [Information] Z Axis Data Received: P
11/17/2024 11:02:40 [Information] Z Axis Data Received: V
11/17/2024 11:02:40 [Information] Z Axis Data Received: 

11/17/2024 11:02:40 [Information] Z Axis Data Received: V
11/17/2024 11:02:40 [Information] Z Axis Data Received: M
11/17/2024 11:02:40 [Information] Z Axis Data Received: D
11/17/2024 11:02:40 [Information] Z Axis Data Received: P
11/17/2024 11:02:40 [Information] Z Axis Data Received: R
11/17/2024 11:02:40 [Information] Z Axis Data Received: _
11/17/2024 11:02:43 [Information] Z Axis Run button clicked:
11/17/2024 11:02:43 [Information] Z Axis MotorMovementSeconds decimal: (32.00 / 4) / 2 = 4.00
11/17/2024 11:02:44 [Information] Z Axis Run Event: Z,0.00,400.00,0,0.00,400.00,0,32.00,400.00,0
11/17/2024 11:02:44 [Information] Z Axis Current Time: 11:02:44 + 4000 = 11:02:48
11/17/2024 11:02:44 [Information] Z Axis Data Received: s
11/17/2024 11:02:44 [Information] Z Axis Data Received: e
11/17/2024 11:02:44 [Information] Z Axis Data Received: r
11/17/2024 11:02:44 [Information] Z Axis Data Received: i
11/17/2024 11:02:44 [Information] Z Axis Data Received: a
11/17/2024 11:02:44 [Information] Z Axis Data Received: l
11/17/2024 11:02:44 [Information] Z Axis Data Received: D
11/17/2024 11:02:44 [Information] Z Axis Data Received: a
11/17/2024 11:02:44 [Information] Z Axis Data Received: t
11/17/2024 11:02:44 [Information] Z Axis Data Received: a
11/17/2024 11:02:44 [Information] Z Axis Data Received: :
11/17/2024 11:02:44 [Information] Z Axis Data Received:  
11/17/2024 11:02:44 [Information] Z Axis Data Received: Z
11/17/2024 11:02:44 [Information] Z Axis Data Received: ,
11/17/2024 11:02:44 [Information] Z Axis Data Received: 0
11/17/2024 11:02:44 [Information] Z Axis Data Received: .
11/17/2024 11:02:44 [Information] Z Axis Data Received: 0
11/17/2024 11:02:44 [Information] Z Axis Data Received: 0
11/17/2024 11:02:44 [Information] Z Axis Data Received: ,
11/17/2024 11:02:44 [Information] Stepper Motor Controller Disable Z Axis controls while moving to location.
11/17/2024 11:02:44 [Information] Z Axis Data Received: 4
11/17/2024 11:02:44 [Information] Time remaining: 00:00:00 targetEndTime = 11:02:48
11/17/2024 11:02:44 [Information] Z Axis Data Received: 0
11/17/2024 11:02:44 [Information] Z Axis Data Received: 0
11/17/2024 11:02:44 [Information] Z Axis Data Received: .
11/17/2024 11:02:44 [Information] Z Axis Data Received: 0
11/17/2024 11:02:44 [Information] Z Axis Data Received: 0
11/17/2024 11:02:44 [Information] Z Axis Data Received: ,
11/17/2024 11:02:44 [Information] Z Axis Data Received: 0
11/17/2024 11:02:44 [Information] Z Axis Data Received: ,
11/17/2024 11:02:44 [Information] Z Axis Data Received: 0
11/17/2024 11:02:44 [Information] Z Axis Data Received: .
11/17/2024 11:02:44 [Information] Z Axis Data Received: 0
11/17/2024 11:02:44 [Information] Z Axis Data Received: 0
11/17/2024 11:02:44 [Information] Z Axis Data Received: ,
11/17/2024 11:02:44 [Information] Stepper Motor Controller Disable Z Axis controls while moving to location.
11/17/2024 11:02:44 [Information] Time remaining: 00:00:00 targetEndTime = 11:02:48
11/17/2024 11:02:44 [Information] Z Axis Data Received: 4
11/17/2024 11:02:44 [Information] Z Axis Data Received: 0
11/17/2024 11:02:44 [Information] Z Axis Data Received: 0
11/17/2024 11:02:44 [Information] Z Axis Data Received: .
11/17/2024 11:02:44 [Information] Z Axis Data Received: 0
11/17/2024 11:02:44 [Information] Z Axis Data Received: 0
11/17/2024 11:02:44 [Information] Z Axis Data Received: ,
11/17/2024 11:02:44 [Information] Z Axis Data Received: 0
11/17/2024 11:02:44 [Information] Z Axis Data Received: ,
11/17/2024 11:02:44 [Information] Z Axis Data Received: 3
11/17/2024 11:02:44 [Information] Stepper Motor Controller Disable Z Axis controls while moving to location.
11/17/2024 11:02:44 [Information] Time remaining: 00:00:00 targetEndTime = 11:02:48
11/17/2024 11:02:44 [Information] Z Axis Data Received: 2
11/17/2024 11:02:44 [Information] Z Axis Data Received: .
11/17/2024 11:02:44 [Information] Z Axis Data Received: 0
11/17/2024 11:02:44 [Information] Z Axis Data Received: 0
11/17/2024 11:02:44 [Information] Z Axis Data Received: ,
11/17/2024 11:02:44 [Information] Z Axis Data Received: 4
11/17/2024 11:02:44 [Information] Z Axis Data Received: 0
11/17/2024 11:02:44 [Information] Z Axis Data Received: 0
11/17/2024 11:02:44 [Information] Z Axis Data Received: .
11/17/2024 11:02:44 [Information] Z Axis Data Received: 0
11/17/2024 11:02:44 [Information] Z Axis Data Received: 0
11/17/2024 11:02:44 [Information] Z Axis Data Received: ,
11/17/2024 11:02:44 [Information] Z Axis Data Received: 0
11/17/2024 11:02:44 [Information] Z Axis Data Received: 
11/17/2024 11:02:44 [Information] Z Axis Data Received: 

11/17/2024 11:02:44 [Information] Stepper Motor Controller Disable Z Axis controls while moving to location.
11/17/2024 11:02:44 [Information] Time remaining: 00:00:00 targetEndTime = 11:02:48
11/17/2024 11:02:44 [Information] Stepper Motor Controller Disable Z Axis controls while moving to location.
11/17/2024 11:02:44 [Information] Time remaining: 00:00:00 targetEndTime = 11:02:48
11/17/2024 11:02:44 [Information] Stepper Motor Controller Disable Z Axis controls while moving to location.
11/17/2024 11:02:44 [Information] Time remaining: 00:00:00 targetEndTime = 11:02:48
11/17/2024 11:02:44 [Information] Stepper Motor Controller Disable Z Axis controls while moving to location.
11/17/2024 11:02:44 [Information] Time remaining: 00:00:00 targetEndTime = 11:02:48
11/17/2024 11:02:44 [Information] Stepper Motor Controller Disable Z Axis controls while moving to location.
11/17/2024 11:02:44 [Information] Time remaining: 00:00:00 targetEndTime = 11:02:48
11/17/2024 11:02:44 [Information] Stepper Motor Controller Disable Z Axis controls while moving to location.
11/17/2024 11:02:44 [Information] Time remaining: 00:00:00 targetEndTime = 11:02:48
11/17/2024 11:02:44 [Information] Stepper Motor Controller Disable Z Axis controls while moving to location.
11/17/2024 11:02:44 [Information] Time remaining: 00:00:00 targetEndTime = 11:02:48
11/17/2024 11:02:44 [Information] Stepper Motor Controller Disable Z Axis controls while moving to location.
11/17/2024 11:02:44 [Information] Time remaining: 00:00:00 targetEndTime = 11:02:48
11/17/2024 11:02:44 [Information] Stepper Motor Controller Disable Z Axis controls while moving to location.
11/17/2024 11:02:44 [Information] Time remaining: 00:00:00 targetEndTime = 11:02:48
11/17/2024 11:02:44 [Information] Stepper Motor Controller Disable Z Axis controls while moving to location.
11/17/2024 11:02:44 [Information] Time remaining: 00:00:00 targetEndTime = 11:02:48
11/17/2024 11:02:44 [Information] Stepper Motor Controller Disable Z Axis controls while moving to location.
11/17/2024 11:02:44 [Information] Time remaining: 00:00:00 targetEndTime = 11:02:48
11/17/2024 11:02:44 [Information] Stepper Motor Controller Disable Z Axis controls while moving to location.
11/17/2024 11:02:44 [Information] Time remaining: 00:00:00 targetEndTime = 11:02:48
11/17/2024 11:02:44 [Information] Stepper Motor Controller Disable Z Axis controls while moving to location.
11/17/2024 11:02:44 [Information] Time remaining: 00:00:00 targetEndTime = 11:02:48
11/17/2024 11:02:44 [Information] Stepper Motor Controller Disable Z Axis controls while moving to location.
11/17/2024 11:02:44 [Information] Time remaining: 00:00:00 targetEndTime = 11:02:48
11/17/2024 11:02:44 [Information] Stepper Motor Controller Disable Z Axis controls while moving to location.
11/17/2024 11:02:44 [Information] Time remaining: 00:00:00 targetEndTime = 11:02:48
11/17/2024 11:02:44 [Information] Stepper Motor Controller Disable Z Axis controls while moving to location.
11/17/2024 11:02:44 [Information] Time remaining: 00:00:00 targetEndTime = 11:02:48
11/17/2024 11:02:44 [Information] Stepper Motor Controller Disable Z Axis controls while moving to location.
11/17/2024 11:02:44 [Information] Time remaining: 00:00:00 targetEndTime = 11:02:48
11/17/2024 11:02:44 [Information] Stepper Motor Controller Disable Z Axis controls while moving to location.
11/17/2024 11:02:44 [Information] Time remaining: 00:00:00 targetEndTime = 11:02:48
11/17/2024 11:02:44 [Information] Stepper Motor Controller Disable Z Axis controls while moving to location.
11/17/2024 11:02:44 [Information] Time remaining: 00:00:00 targetEndTime = 11:02:48
11/17/2024 11:02:44 [Information] Stepper Motor Controller Disable Z Axis controls while moving to location.
11/17/2024 11:02:44 [Information] Time remaining: 00:00:00 targetEndTime = 11:02:48
11/17/2024 11:02:44 [Information] Stepper Motor Controller Disable Z Axis controls while moving to location.
11/17/2024 11:02:44 [Information] Time remaining: 00:00:00 targetEndTime = 11:02:48
11/17/2024 11:02:44 [Information] Stepper Motor Controller Disable Z Axis controls while moving to location.
11/17/2024 11:02:44 [Information] Time remaining: 00:00:00 targetEndTime = 11:02:48
11/17/2024 11:02:44 [Information] Stepper Motor Controller Disable Z Axis controls while moving to location.
11/17/2024 11:02:44 [Information] Time remaining: 00:00:00 targetEndTime = 11:02:48
11/17/2024 11:02:44 [Information] Stepper Motor Controller Disable Z Axis controls while moving to location.
11/17/2024 11:02:44 [Information] Time remaining: 00:00:00 targetEndTime = 11:02:48
11/17/2024 11:02:44 [Information] Stepper Motor Controller Disable Z Axis controls while moving to location.
11/17/2024 11:02:44 [Information] Time remaining: 00:00:00 targetEndTime = 11:02:48
11/17/2024 11:02:44 [Information] Stepper Motor Controller Disable Z Axis controls while moving to location.
11/17/2024 11:02:44 [Information] Time remaining: 00:00:00 targetEndTime = 11:02:48
11/17/2024 11:02:44 [Information] Stepper Motor Controller Disable Z Axis controls while moving to location.
11/17/2024 11:02:44 [Information] Time remaining: 00:00:00 targetEndTime = 11:02:48
11/17/2024 11:02:44 [Information] Stepper Motor Controller Disable Z Axis controls while moving to location.
11/17/2024 11:02:44 [Information] Time remaining: 00:00:00 targetEndTime = 11:02:48
11/17/2024 11:02:44 [Information] Stepper Motor Controller Disable Z Axis controls while moving to location.
11/17/2024 11:02:44 [Information] Time remaining: 00:00:00 targetEndTime = 11:02:48
11/17/2024 11:02:44 [Information] Stepper Motor Controller Disable Z Axis controls while moving to location.
11/17/2024 11:02:44 [Information] Time remaining: 00:00:00 targetEndTime = 11:02:48
11/17/2024 11:02:44 [Information] Stepper Motor Controller Disable Z Axis controls while moving to location.
11/17/2024 11:02:44 [Information] Time remaining: 00:00:00 targetEndTime = 11:02:48
11/17/2024 11:02:44 [Information] Stepper Motor Controller Disable Z Axis controls while moving to location.
11/17/2024 11:02:44 [Information] Time remaining: 00:00:00 targetEndTime = 11:02:48
11/17/2024 11:02:44 [Information] Stepper Motor Controller Disable Z Axis controls while moving to location.
11/17/2024 11:02:44 [Information] Time remaining: 00:00:00 targetEndTime = 11:02:48
11/17/2024 11:02:44 [Information] Stepper Motor Controller Disable Z Axis controls while moving to location.
11/17/2024 11:02:44 [Information] Time remaining: 00:00:00 targetEndTime = 11:02:48
11/17/2024 11:02:44 [Information] Stepper Motor Controller Disable Z Axis controls while moving to location.
11/17/2024 11:02:44 [Information] Time remaining: 00:00:00 targetEndTime = 11:02:48
11/17/2024 11:02:44 [Information] Stepper Motor Controller Disable Z Axis controls while moving to location.
11/17/2024 11:02:44 [Information] Time remaining: 00:00:00 targetEndTime = 11:02:48
11/17/2024 11:02:44 [Information] Stepper Motor Controller Disable Z Axis controls while moving to location.
11/17/2024 11:02:44 [Information] Time remaining: 00:00:00 targetEndTime = 11:02:48
11/17/2024 11:02:44 [Information] Stepper Motor Controller Disable Z Axis controls while moving to location.
11/17/2024 11:02:44 [Information] Time remaining: 00:00:00 targetEndTime = 11:02:48
11/17/2024 11:02:45 [Information] Stepper Motor Controller Disable Z Axis controls while moving to location.
11/17/2024 11:02:45 [Information] Time remaining: 00:00:00 targetEndTime = 11:02:48
11/17/2024 11:02:45 [Information] Stepper Motor Controller Disable Z Axis controls while moving to location.
11/17/2024 11:02:45 [Information] Time remaining: 00:00:00 targetEndTime = 11:02:48
11/17/2024 11:02:45 [Information] Stepper Motor Controller Disable Z Axis controls while moving to location.
11/17/2024 11:02:45 [Information] Time remaining: 00:00:00 targetEndTime = 11:02:48
11/17/2024 11:02:45 [Information] Stepper Motor Controller Disable Z Axis controls while moving to location.
11/17/2024 11:02:45 [Information] Time remaining: 00:00:00 targetEndTime = 11:02:48
11/17/2024 11:02:45 [Information] Stepper Motor Controller Disable Z Axis controls while moving to location.
11/17/2024 11:02:45 [Information] Time remaining: 00:00:00 targetEndTime = 11:02:48
11/17/2024 11:02:45 [Information] Stepper Motor Controller Disable Z Axis controls while moving to location.
11/17/2024 11:02:45 [Information] Time remaining: 00:00:00 targetEndTime = 11:02:48
11/17/2024 11:02:45 [Information] Stepper Motor Controller Disable Z Axis controls while moving to location.
11/17/2024 11:02:45 [Information] Time remaining: 00:00:00 targetEndTime = 11:02:48
11/17/2024 11:02:45 [Information] Stepper Motor Controller Disable Z Axis controls while moving to location.
11/17/2024 11:02:45 [Information] Time remaining: 00:00:00 targetEndTime = 11:02:48
11/17/2024 11:02:45 [Information] Stepper Motor Controller Disable Z Axis controls while moving to location.
11/17/2024 11:02:45 [Information] Time remaining: 00:00:00 targetEndTime = 11:02:48
11/17/2024 11:02:45 [Information] Z Axis Data Received: Z
11/17/2024 11:02:45 [Information] Z Axis Data Received:  
11/17/2024 11:02:45 [Information] Z Axis Data Received: A
11/17/2024 11:02:45 [Information] Z Axis Data Received: x
11/17/2024 11:02:45 [Information] Z Axis Data Received: i
11/17/2024 11:02:45 [Information] Z Axis Data Received: s
11/17/2024 11:02:45 [Information] Stepper Motor Controller Disable Z Axis controls while moving to location.
11/17/2024 11:02:45 [Information] Time remaining: 00:00:00 targetEndTime = 11:02:48
11/17/2024 11:02:45 [Information] Z Axis Data Received: CCW STOPPED
Z Axis CCW Motor Current Position:  285
Z Ax
11/17/2024 11:02:45 [Information] Stepper Motor Controller Disable Z Axis controls while moving to location.
11/17/2024 11:02:45 [Information] Time remaining: 00:00:00 targetEndTime = 11:02:48
11/17/2024 11:02:45 [Information] Limit Switch Pressed
11/17/2024 11:02:45 [Information] Stepper Motor Controller Timer Stopped.
11/17/2024 11:02:45 [Information] Stepper Motor Controller Stopwatch Reset.
11/17/2024 11:02:53 [Information] Z Axis CCW Motor Current Position: 37.70
11/17/2024 11:02:53 [Information] Z Axis Data Received: is CCW STOPPED
Z Axis CCW Motor Current Position:  285
Z Axis CCW STOPPED
Z Axis CCW Motor Current Position:  285
Z Axis CCW STOPPED
Z Axis CCW Motor Current Position:  286
Z Axis CCW STOPPED
Z Axis CCW Motor Current Position:  286
Z Axis reached target position
Current Position: 366

11/17/2024 11:02:53 [Information] Limit Switch Pressed
11/17/2024 11:02:53 [Information] Stepper Motor Controller Timer Stopped.
11/17/2024 11:02:53 [Information] Stepper Motor Controller Stopwatch Reset.
11/17/2024 11:03:00 [Information] Z Axis CCW Motor Current Position: 43.40
11/17/2024 11:03:11 [Information] Z Axis CCW Motor Current Position: 49.10
11/17/2024 11:03:15 [Information] Z Axis CCW Motor Current Position: 54.82
11/17/2024 11:03:20 [Information] Z Axis CCW Motor Current Position: 60.54
11/17/2024 11:03:25 [Information] Stepper Motor Controller MainWindow Closing.
11/17/2024 11:03:25 [Information] Stepper Motor Controller Serial Ports closed.
11/17/2024 11:03:25 [Information] Properties Settings Saved.
11/17/2024 11:03:25 [Information] Properties Settings Form Closed.
11/17/2024 11:03:25 [Information] Stepper Motor Controller Form Closed.
