11/17/2024 14:57:30 [Information] Stepper Motor Controller Application Started.
11/17/2024 14:57:30 [Information] Version: 3.0.9087.26920 (11/17/2024 14:57:30)
11/17/2024 14:57:30 [Information] SerialPort COM7 not connected.
11/17/2024 14:57:30 [Information] SerialPort COM8 not connected.
11/17/2024 14:57:30 [Information] Stepper Motor Controller Application Started.
11/17/2024 14:57:30 [Information] Version: 3.0.9087.26920 (11/17/2024 14:57:30)
11/17/2024 14:57:30 [Information] Version: 3.1.0.26921 (11/17/2024 14:57:30)
11/17/2024 14:57:30 [Information] Version: 3.1.0.26921 (11/17/2024 14:57:30)
11/17/2024 14:57:30 [Information] Stepper Motor Controller Application Settings Window Opened.
11/17/2024 14:57:30 [Information] Stepper Motor Controller Application Settings form is rebuilt each and every time it is opened.
11/17/2024 14:57:30 [Information] int: 9600 BaudRate added to the Settings Form.
11/17/2024 14:57:30 [Information] bool: False ckbXaxisResetToZeroIsChecked added to the Settings Form.
11/17/2024 14:57:30 [Information] bool: False ckbYaxisResetToZeroIsChecked added to the Settings Form.
11/17/2024 14:57:30 [Information] bool: False ckbZaxisResetToZeroIsChecked added to the Settings Form.
11/17/2024 14:57:30 [Information] COM1: ComPort added to the Settings Form.
11/17/2024 14:57:30 [Information] COM2: ComPort added to the Settings Form.
11/17/2024 14:57:30 [Information] COM3: ComPort added to the Settings Form.
11/17/2024 14:57:30 [Information] COM4: ComPort added to the Settings Form.
11/17/2024 14:57:30 [Information] COM5: ComPort added to the Settings Form.
11/17/2024 14:57:30 [Information] COM6: ComPort added to the Settings Form.
11/17/2024 14:57:30 [Information] COM7: ComPort added to the Settings Form.
11/17/2024 14:57:30 [Information] COM8: ComPort added to the Settings Form.
11/17/2024 14:57:30 [Information] COM9: ComPort added to the Settings Form.
11/17/2024 14:57:30 [Information] COM10: ComPort added to the Settings Form.
11/17/2024 14:57:30 [Information] decimal: 4.00 Divider4_00 added to the Settings Form.
11/17/2024 14:57:30 [Information] decimal: 0.00 MathPart2Initlz added to the Settings Form.
11/17/2024 14:57:30 [Information] decimal: 1.00 MilisecondTimerInterval added to the Settings Form.
11/17/2024 14:57:30 [Information] decimal: 1000.00 MillisecondDelay added to the Settings Form.
11/17/2024 14:57:30 [Information] int: 1000 Milliseconds added to the Settings Form.
11/17/2024 14:57:30 [Information] int: 4 mmPerRevolution added to the Settings Form.
11/17/2024 14:57:30 [Information] int: 2000 ThreadSleep added to the Settings Form.
11/17/2024 14:57:30 [Information] decimal: 0.00 Value_0_00 added to the Settings Form.
11/17/2024 14:57:30 [Information] decimal: 50.00 XaxisAcceleration added to the Settings Form.
11/17/2024 14:57:30 [Information] bool: False XaxisChanged added to the Settings Form.
11/17/2024 14:57:30 [Information] decimal: 400.00 XaxisMotorSpeed added to the Settings Form.
11/17/2024 14:57:30 [Information] decimal: 0.00 XaxisStepperCurrent added to the Settings Form.
11/17/2024 14:57:30 [Information] decimal: 0.00 XaxisStepperMove added to the Settings Form.
11/17/2024 14:57:30 [Information] XCOM1: XComPort added to the Settings Form.
11/17/2024 14:57:30 [Information] XCOM2: XComPort added to the Settings Form.
11/17/2024 14:57:30 [Information] XCOM3: XComPort added to the Settings Form.
11/17/2024 14:57:30 [Information] XCOM4: XComPort added to the Settings Form.
11/17/2024 14:57:30 [Information] XCOM5: XComPort added to the Settings Form.
11/17/2024 14:57:30 [Information] XCOM6: XComPort added to the Settings Form.
11/17/2024 14:57:30 [Information] XCOM7: XComPort added to the Settings Form.
11/17/2024 14:57:30 [Information] XCOM8: XComPort added to the Settings Form.
11/17/2024 14:57:30 [Information] XCOM9: XComPort added to the Settings Form.
11/17/2024 14:57:30 [Information] XCOM10: XComPort added to the Settings Form.
11/17/2024 14:57:30 [Information] decimal: 50.00 YaxisAcceleration added to the Settings Form.
11/17/2024 14:57:30 [Information] bool: False YaxisChanged added to the Settings Form.
11/17/2024 14:57:30 [Information] decimal: 400.00 YaxisMotorSpeed added to the Settings Form.
11/17/2024 14:57:30 [Information] decimal: 0.00 YaxisStepperCurrent added to the Settings Form.
11/17/2024 14:57:30 [Information] decimal: 0.00 YaxisStepperMove added to the Settings Form.
11/17/2024 14:57:30 [Information] YCOM1: YComPort added to the Settings Form.
11/17/2024 14:57:30 [Information] YCOM2: YComPort added to the Settings Form.
11/17/2024 14:57:30 [Information] YCOM3: YComPort added to the Settings Form.
11/17/2024 14:57:30 [Information] YCOM4: YComPort added to the Settings Form.
11/17/2024 14:57:30 [Information] YCOM5: YComPort added to the Settings Form.
11/17/2024 14:57:30 [Information] YCOM6: YComPort added to the Settings Form.
11/17/2024 14:57:30 [Information] YCOM7: YComPort added to the Settings Form.
11/17/2024 14:57:30 [Information] YCOM8: YComPort added to the Settings Form.
11/17/2024 14:57:30 [Information] YCOM9: YComPort added to the Settings Form.
11/17/2024 14:57:30 [Information] YCOM10: YComPort added to the Settings Form.
11/17/2024 14:57:30 [Information] decimal: 50.00 ZaxisAcceleration added to the Settings Form.
11/17/2024 14:57:30 [Information] bool: False ZaxisChanged added to the Settings Form.
11/17/2024 14:57:30 [Information] decimal: 400.00 ZaxisMotorSpeed added to the Settings Form.
11/17/2024 14:57:30 [Information] decimal: 0.00 ZaxisStepperCurrent added to the Settings Form.
11/17/2024 14:57:30 [Information] decimal: 0.00 ZaxisStepperMove added to the Settings Form.
11/17/2024 14:57:30 [Information] ZCOM1: ZComPort added to the Settings Form.
11/17/2024 14:57:30 [Information] ZCOM2: ZComPort added to the Settings Form.
11/17/2024 14:57:30 [Information] ZCOM3: ZComPort added to the Settings Form.
11/17/2024 14:57:30 [Information] ZCOM4: ZComPort added to the Settings Form.
11/17/2024 14:57:30 [Information] ZCOM5: ZComPort added to the Settings Form.
11/17/2024 14:57:30 [Information] ZCOM6: ZComPort added to the Settings Form.
11/17/2024 14:57:30 [Information] ZCOM7: ZComPort added to the Settings Form.
11/17/2024 14:57:30 [Information] ZCOM8: ZComPort added to the Settings Form.
11/17/2024 14:57:30 [Information] ZCOM9: ZComPort added to the Settings Form.
11/17/2024 14:57:30 [Information] ZCOM10: ZComPort added to the Settings Form.
11/17/2024 14:57:30 [Information] int: 0 zeroXaxis added to the Settings Form.
11/17/2024 14:57:30 [Information] int: 0 zeroYaxis added to the Settings Form.
11/17/2024 14:57:30 [Information] int: 0 zeroZaxis added to the Settings Form.
11/17/2024 14:57:31 [Information] Stepper Motor Controller MainWindow loaded
11/17/2024 14:57:31 [Information] Set MainWindow Media Brushes to White.
11/17/2024 14:57:37 [Information] Z Axis mouse controlled Keypad returned: 32.00
11/17/2024 14:57:39 [Information] Z Axis Run button clicked:
11/17/2024 14:57:39 [Information] Z Axis MotorMovementSeconds decimal: (32.00 / 4) / 2 = 4.00
11/17/2024 14:57:40 [Information] Z Axis Run Event: Z,0.00,400.00,0,0.00,400.00,0,32.00,400.00,0
11/17/2024 14:57:40 [Information] Z Axis Current Time: 02:57:40 + 4000 = 02:57:44
11/17/2024 14:58:13 [Information] Z Axis Data Received: ????????????????????????????????????????????????????????????????erialData: Z,0.00,400.00,0,0.00,400.00,0,32.00,400.00,0
Z Axis CCW STOPPED
Z Axis CCW Motor Current Position:  251
Z Axis CCW STOPPED
Z Axis CCW Motor Current Position:  251
Z Axis CCW STOPPED
Z Axis CCW Motor Current Position:  251
Z Axis CCW STOPPED
Z Axis CCW Motor Current Position:  252
Z Axis CCW STOPPED
Z Axis CCW Motor Current Position:  252
Z Axis reached target position
Current Position: 332

11/17/2024 14:58:13 [Information] Limit Switch Pressed
11/17/2024 14:58:13 [Information] Stepper Motor Controller Timer Stopped.
11/17/2024 14:58:13 [Information] Stepper Motor Controller Stopwatch Reset.
11/17/2024 14:58:17 [Information] Z Axis Run button clicked:
11/17/2024 14:58:17 [Information] Z Axis MotorMovementSeconds decimal: (32.00 / 4) / 2 = 4.00
11/17/2024 14:58:18 [Information] Z Axis Run Event: Z,0.00,400.00,0,0.00,400.00,0,32.00,400.00,0
11/17/2024 14:58:18 [Information] Z Axis Current Time: 02:58:18 + 4000 = 02:58:22
11/17/2024 14:58:21 [Information] Z Axis Data Received: serialData: Z,0.00,400.00,0,0.00,400.00,0,32.00,400.00,0
Z Axis CCW STOPPED
Z Axis CCW Motor Current Position:  82
Z Axis CCW STOPPED
Z Axis CCW Motor Current Position:  82
Z Axis CCW STOPPED
Z Axis CCW Motor Current Position:  82
Z Axis CCW STOPPED
Z Axis CCW Motor Current Position:  83
Z Axis CCW STOPPED
Z Axis CCW Motor Current Position:  83
Z Axis CCW STOPPED
Z Axis CCW Motor Current Position:  84
Z Axis CCW STOPPED
Z Axis CCW Motor Current Position:  84
Z Axis CCW STOPPED
Z Axis CCW Motor Current Position:  85
Z Axis CCW STOPPED
Z Axis CCW Motor Current Position:  85
Z Axis CCW STOPPED
Z Axis CCW Motor Current Position:  86
Z Axis CCW STOPPED
Z Axis CCW Motor Current Position:  86
Z Axis CCW STOPPED
Z Axis CCW Motor Current Position:  87
Z Axis CCW STOPPED
Z Axis CCW Motor Current Position:  88
Z Axis CCW STOPPED
Z Axis CCW Motor Current Position:  88
Z Axis CCW STOPPED
Z Axis CCW Motor Current Position:  89
Z Axis CCW STOPPED
Z Axis CCW Motor Current Position:  89
Z Axis CCW STOPPED
Z Axis CCW Motor Current Position:  90
Z Axis CCW STOPPED
Z Axis CCW Motor Current Position:  90
Z Axis CCW STOPPED
Z Axis CCW Motor Current Position:  91
Z Axis CCW STOPPED
Z Axis CCW Motor Current Position:  91
Z Axis CCW STOPPED
Z Axis CCW Motor Current Position:  92
Z Axis CCW STOPPED
Z Axis CCW Motor Current Position:  92
Z Axis CCW STOPPED
Z Axis CCW Motor Current Position:  93
Z Axis CCW STOPPED
Z Axis CCW Motor Current Position:  93
Z Axis CCW STOPPED
Z Axis CCW Motor Current Position:  94
Z Axis CCW STOPPED
Z Axis CCW Motor Current Position:  94
Z Axis CCW STOPPED
Z Axis CCW Motor Current Position:  95
Z Axis CCW STOPPED
Z Axis CCW Motor Current Position:  95
Z Axis CCW STOPPED
Z Axis CCW Motor Current Position:  96
Z Axis CCW STOPPED
Z Axis CCW Motor Current Position:  96
Z Axis CCW STOPPED
Z Axis CCW Motor Current Position:  97
Z Axis CCW STOPPED
Z Axis CCW Motor Current Position:  97
Z Axis CCW STOPPED
Z Axis CCW Motor Current Position:  98
Z Axis CCW STOPPED
Z Axis CCW Motor Current Position:  98
Z Axis CCW STOPPED
Z Axis CCW Motor Current Position:  99
Z Axis CCW STOPPED
Z Axis CCW Motor Current Position:  99
Z Axis CCW STOPPED
Z Axis CCW Motor Current Position:  100
Z Axis CCW STOPPED
Z Axis CCW Motor Current Position:  100
Z Axis CCW STOPPED
Z Axis CCW Motor Current Position:  101
Z Axis CCW STOPPED
Z Axis CCW Motor Current Position:  101
Z Axis CCW STOPPED
Z Axis CCW Motor Current Position:  102
Z Axis CCW STOPPED
Z Axis CCW Motor Current Position:  102
Z Axis CCW STOPPED
Z Axis CCW Motor Current Position:  103
Z Axis CCW STOPPED
Z Axis CCW Motor Current Position
11/17/2024 14:58:21 [Information] Limit Switch Pressed
11/17/2024 14:58:21 [Information] Stepper Motor Controller Timer Stopped.
11/17/2024 14:58:21 [Information] Stepper Motor Controller Stopwatch Reset.
11/17/2024 14:58:21 [Information] Z Axis Data Received: :  103
Z Axis CCW STOPPED
Z Axis CCW Motor Current Position:  104
Z Axis CCW STOPPED
Z Axis CCW Motor Current Position:  104
Z Axis CCW STOPPED
Z Axis CCW Motor Curre
11/17/2024 14:58:21 [Information] Limit Switch Pressed
11/17/2024 14:58:22 [Information] Stepper Motor Controller Timer Stopped.
11/17/2024 14:58:22 [Information] Stepper Motor Controller Stopwatch Reset.
11/17/2024 14:58:23 [Information] Z Axis Data Received: nt Position:  105
Z Axis CCW STOPPED
Z Axis CCW Motor Current Position:  105
Z Axis CCW STOPPED
Z Axis CCW Motor Current Position:  106
Z Axis CCW STOPPED
Z Axis CCW Motor Current Position:  106
Z Axis CCW STOPPED
Z Axis CCW Motor Current Position:  107
11/17/2024 14:58:23 [Information] Limit Switch Pressed
11/17/2024 14:58:23 [Information] Stepper Motor Controller Timer Stopped.
11/17/2024 14:58:23 [Information] Stepper Motor Controller Stopwatch Reset.
11/17/2024 14:58:24 [Information] Z Axis Data Received: 
Z Axis CCW STOPPED
Z Axis CCW Motor Current Position:  107
Z Axis CCW STOPPED
Z Axis CCW Motor Current Position:  108
Z Axis CCW STOPPED
Z Axis CCW Motor Current Position:  108
Z Axis CCW STOPPED
Z Axis CCW Motor Current Position:  109
Z Axis CCW STOPPED
Z Axis CCW Motor Current Position:  110
Z Axis CCW STOPPED
Z Axis CCW Motor Current Position:  110
Z Axis CCW STOPPED
Z Axis CCW Motor Current Position:  111
Z Axis CCW STOPPED
Z Axis CCW Motor Current Position:  111
Z Axis CCW STOPPED
Z Axis CCW Motor Current Position:  112
Z Axis CCW STOPPED
Z Axis CCW Motor Current Position:  112
Z Axis CCW STOPPED
Z Axis CCW Motor Current Position:  113
Z Axis CCW STOPPED
Z Axis CCW Motor Current Position:  113
Z Axis CCW STOPPED
Z Axis CCW Motor Current Position:  114
Z Axis CCW STOPPED
Z Axis CCW Motor Current Position:  114
Z Axis CCW STOPPED
Z Axis CCW Motor Current Position:  115
Z Axis CCW STOPPED
Z Axis CCW Motor Current Position:  115
Z Axis CCW STOPPED
Z Axis CCW Motor C
11/17/2024 14:58:24 [Information] Limit Switch Pressed
11/17/2024 14:58:24 [Information] Stepper Motor Controller Timer Stopped.
11/17/2024 14:58:24 [Information] Stepper Motor Controller Stopwatch Reset.
11/17/2024 14:58:25 [Information] Z Axis Data Received: urrent Position:  116
Z Axis CCW STOPPED
Z Axis CCW Motor Current Position:  116
Z Axis CCW STOPPED
Z Axis CCW Motor Current Position:  117
Z Axis CCW STOPPED
Z Axis CCW Motor Current Position:  117
Z Axis CCW STOPPED
Z Axis CCW Motor Current Position:  118
Z Axis CCW STOPPED
Z Axis CCW Motor Current Position:  118
Z Axis CCW STOPPED
Z Axis CCW Motor Current Position:  119
Z Axis CCW STOPPED
Z Axis CCW Motor Current Position:  119
Z Axis CCW STOPPED
Z Axis CCW Motor Current Position:  120
Z Axis CCW STOPPED
Z Axis CCW Motor Current Position:  120
Z Axis CCW STOPPED
Z Axis CCW Motor Current Position:  121
Z Axis CCW STOPPED
Z Axis CCW Motor Current Position:  121
Z Axis CCW STOPPED
Z Axis CCW Motor Current Position:  122
Z Axis CCW STOPPED
Z Axis CCW Motor Current Position:  122
Z Axis CCW STOPPED
Z Axis CCW Motor Current Position:  123
Z Axis CCW STOPPED
Z Axis CCW Motor Current Position:  123
Z Axis CCW STOPPED
Z Axis CCW Motor Current Position:  124
Z Axis CCW STOPPED
Z Axis CCW 
11/17/2024 14:58:25 [Information] Limit Switch Pressed
11/17/2024 14:58:25 [Information] Stepper Motor Controller Timer Stopped.
11/17/2024 14:58:25 [Information] Stepper Motor Controller Stopwatch Reset.
11/17/2024 14:58:26 [Information] Z Axis Data Received: Motor Current Position:  125
Z Axis CCW STOPPED
Z Axis CCW Motor Current Position:  125
Z Axis CCW STOPPED
Z Axis CCW Motor Current Position:  126
Z Axis CCW STOPPED
Z Axis CCW Motor Current Position:  126
Z Axis CCW STOPPED
Z Axis CCW Motor Current Position:  127
Z Axis CCW STOPPED
Z Axis CCW Motor Current Position:  127
Z Axis CCW STOPPED
Z Axis CCW Motor Current Position:  128
Z Axis CCW STOPPED
Z Axis CCW Motor Current Position:  128
Z Axis CCW STOPPED
Z Axis CCW Motor Current Position:  129
Z Axis CCW STOPPED
Z Axis CCW Motor Current Position:  129
Z Axis CCW STOPPED
Z Axis CCW Motor Current Position:  130
Z Axis CCW STOPPED
Z Axis CCW Motor Current Position:  130
Z Axis CCW STOPPED
Z Axis CCW Motor Current Position:  131
Z Axis CCW STOPPED
Z Axis CCW Motor Current Position:  131
Z Axis CCW STOPPED
Z Axis CCW Motor Current Position:  132
Z Axis CCW STOPPED
Z Axis CCW Motor Current Position:  132
Z Axis CCW STOPPED
Z Axis CCW 
11/17/2024 14:58:26 [Information] Limit Switch Pressed
11/17/2024 14:58:26 [Information] Stepper Motor Controller Timer Stopped.
11/17/2024 14:58:26 [Information] Stepper Motor Controller Stopwatch Reset.
11/17/2024 14:58:27 [Information] Z Axis Data Received: Motor Current Position:  133
Z Axis CCW STOPPED
Z Axis CCW Motor Current Position:  133
Z Axis CCW STOPPED
Z Axis CCW Motor Current Position:  134
Z Axis CCW STOPPED
Z Axis CCW Motor Current Position:  134
Z Axis CCW STOPPED
Z Axis CCW Motor Current Position:  135
Z Axis CCW STOPPED
Z Axis CCW Motor Current Position:  135
Z Axis CCW STOPPED
Z Axis CCW Motor Current Position:  136
Z Axis CCW STOPPED
Z Axis CCW Motor Current Position:  136
Z Axis CCW STOPPED
Z Axis CCW Motor Current Position:  137
Z Axis CCW STOPPED
Z Axis CCW Motor Current Position:  137
Z Axis CCW STOPPED
Z Axis CCW Motor Current Position:  138
Z Axis CCW STOPPED
Z Axis CCW Motor Current Position:  138
Z Axis CCW STOPPED
Z Axis CCW Motor Current Position:  139
Z Axis CCW STOPPED
Z Axis CCW Motor Current Position:  140
Z Axis CCW STOPPED
Z Axis CCW Motor Current Position:  140
Z Axis CCW STOPPED
Z Axis CCW Motor Current Position:  141
Z Axis CCW STOPPED
Z Axis CCW Motor Current Position:  141
Z Axis CCW STOPPED
Z Axis CCW Motor Curr
11/17/2024 14:58:27 [Information] Limit Switch Pressed
11/17/2024 14:58:27 [Information] Stepper Motor Controller Timer Stopped.
11/17/2024 14:58:27 [Information] Stepper Motor Controller Stopwatch Reset.
11/17/2024 14:58:27 [Information] Z Axis Data Received: ent Position:  142
Z Axis CCW STOPPED
Z Axis CCW Motor Current Position:  142
Z Axis CCW STOPPED
Z Axis CCW Motor Current Position:  143
Z Axis CCW STOPPED
Z Axis CCW Motor Current Position:  143
Z Axis CCW STOPPED
Z Axis CCW Motor Current Position:  144
Z Axis CCW STOPPED
Z Axis CCW Motor Current Position:  144
Z Axis CCW STOPPED
Z Axis CCW Motor Current Position:  145
Z Axis CCW STOPPED
Z Axis CCW Motor Current Position:  145
Z Axis CCW STOPPED
Z Axis CCW Motor Current Position:  146
Z Axis CCW STOPPED
Z Axis CCW Motor Current Position:  146
Z Axis CCW STOPPED
Z Axis CCW Motor Current Position:  147
Z Axis CCW STOPPED
Z Axis CCW Motor Current Position:  147
Z Axis CCW STOPPED
Z Axis CCW Motor Current Position:  148
Z Axis CCW STOPPED
Z Axis CCW Motor Current Position:  148
Z Axis CCW STOPPED
Z Axis CCW Motor Current Position:  149
Z Axis CCW STOPPED
Z Axis CCW Motor Current Position:  149
Z Axis CCW STOPPED
Z Axis CCW Motor Current Position:  150
Z Axis CCW
11/17/2024 14:58:27 [Information] Limit Switch Pressed
11/17/2024 14:58:27 [Information] Stepper Motor Controller Timer Stopped.
11/17/2024 14:58:27 [Information] Stepper Motor Controller Stopwatch Reset.
11/17/2024 14:58:28 [Information] Z Axis Data Received:  STOPPED
Z Axis CCW Motor Current Position:  150
Z Axis CCW STOPPED
Z Axis CCW Motor Current Position:  151
Z Axis CCW STOPPED
Z Axis CCW Motor Current Position:  151
Z Axis CCW STOPPED
Z Axis CCW Motor Current Position:  152
Z Axis CCW STOPPED
Z Axis CCW Motor Current Position:  152
Z Axis CCW STOPPED
Z Axis CCW Motor Current Position:  153
Z Axis CCW STOPPED
Z Axis CCW Motor Current Position:  153
Z Axis CCW STOPPED
Z Axis CCW Motor Current Position:  154
Z Axis CCW STOPPED
Z Axis CCW Motor Current Position:  155
11/17/2024 14:58:28 [Information] Limit Switch Pressed
11/17/2024 14:58:28 [Information] Stepper Motor Controller Timer Stopped.
11/17/2024 14:58:28 [Information] Stepper Motor Controller Stopwatch Reset.
11/17/2024 14:58:29 [Information] Z Axis Data Received: 
Z Axis CCW STOPPED
Z Axis CCW Motor Current Position:  155
Z Axis CCW STOPPED
Z Axis CCW Motor Current Position:  156
Z Axis CCW STOPPED
Z Axis CCW Motor Current Position:  156
Z Axis CCW STOPPED
Z Axis CCW Motor Current Position:  157
Z Axis CCW STOPPED
Z Axis CCW Motor Current Position:  157
Z Axis reached target position
Current Position: 163

11/17/2024 14:58:29 [Information] Limit Switch Pressed
11/17/2024 14:58:29 [Information] Stepper Motor Controller Timer Stopped.
11/17/2024 14:58:29 [Information] Stepper Motor Controller Stopwatch Reset.
11/17/2024 14:58:31 [Information] Stepper Motor Controller MainWindow Closing.
11/17/2024 14:58:31 [Information] Stepper Motor Controller Serial Ports closed.
11/17/2024 14:58:31 [Information] Properties Settings Saved.
11/17/2024 14:58:31 [Information] Properties Settings Form Closed.
11/17/2024 14:58:31 [Information] Stepper Motor Controller Form Closed.
