11/18/2024 18:03:33 [Information] Stepper Motor Controller Application Started.
11/18/2024 18:03:33 [Information] Version: 3.0.9088.32502 (11/18/2024 18:03:33)
11/18/2024 18:03:33 [Error] I/O error occurred while opening the port COM7.
11/18/2024 18:03:39 [Error] I/O error occurred while opening the port COM8.
11/18/2024 18:03:39 [Information] SerialPort COM10 opened successfully.
11/18/2024 18:03:39 [Information] SerialPort COM10 read 1 bytes.
11/18/2024 18:03:39 [Information] Stepper Motor Controller Application Started.
11/18/2024 18:03:39 [Information] Version: 3.0.9088.32502 (11/18/2024 18:03:39)
11/18/2024 18:03:40 [Information] Version: 3.1.0.32503 (11/18/2024 18:03:40)
11/18/2024 18:03:40 [Warning] Element AssemblyVersion not found in the provided XML document.
11/18/2024 18:03:40 [Warning] Element FileVersion not found in the provided XML document.
11/18/2024 18:03:40 [Information] Version: 3.1.0.32503 (11/18/2024 18:03:40)
11/18/2024 18:03:40 [Information] Stepper Motor Controller Application Settings Window Opened.
11/18/2024 18:03:40 [Information] Stepper Motor Controller Application Settings form is rebuilt each and every time it is opened.
11/18/2024 18:03:40 [Information] int: 9600 BaudRate added to the Settings Form.
11/18/2024 18:03:40 [Information] bool: False ckbXaxisResetToZeroIsChecked added to the Settings Form.
11/18/2024 18:03:40 [Information] bool: False ckbYaxisResetToZeroIsChecked added to the Settings Form.
11/18/2024 18:03:40 [Information] bool: False ckbZaxisResetToZeroIsChecked added to the Settings Form.
11/18/2024 18:03:40 [Information] COM1: ComPort added to the Settings Form.
11/18/2024 18:03:40 [Information] COM2: ComPort added to the Settings Form.
11/18/2024 18:03:40 [Information] COM3: ComPort added to the Settings Form.
11/18/2024 18:03:40 [Information] COM4: ComPort added to the Settings Form.
11/18/2024 18:03:40 [Information] COM5: ComPort added to the Settings Form.
11/18/2024 18:03:40 [Information] COM6: ComPort added to the Settings Form.
11/18/2024 18:03:40 [Information] COM7: ComPort added to the Settings Form.
11/18/2024 18:03:40 [Information] COM8: ComPort added to the Settings Form.
11/18/2024 18:03:40 [Information] COM9: ComPort added to the Settings Form.
11/18/2024 18:03:40 [Information] COM10: ComPort added to the Settings Form.
11/18/2024 18:03:40 [Information] decimal: 4.00 Divider4_00 added to the Settings Form.
11/18/2024 18:03:40 [Information] decimal: 0.00 MathPart2Initlz added to the Settings Form.
11/18/2024 18:03:40 [Information] decimal: 1.00 MilisecondTimerInterval added to the Settings Form.
11/18/2024 18:03:40 [Information] decimal: 1000.00 MillisecondDelay added to the Settings Form.
11/18/2024 18:03:40 [Information] int: 1000 Milliseconds added to the Settings Form.
11/18/2024 18:03:40 [Information] int: 4 mmPerRevolution added to the Settings Form.
11/18/2024 18:03:40 [Information] int: 2000 ThreadSleep added to the Settings Form.
11/18/2024 18:03:40 [Information] decimal: 0.00 Value_0_00 added to the Settings Form.
11/18/2024 18:03:40 [Information] decimal: 50.00 XaxisAcceleration added to the Settings Form.
11/18/2024 18:03:40 [Information] bool: False XaxisChanged added to the Settings Form.
11/18/2024 18:03:40 [Information] decimal: 400.00 XaxisMotorSpeed added to the Settings Form.
11/18/2024 18:03:40 [Information] decimal: 0.00 XaxisStepperCurrent added to the Settings Form.
11/18/2024 18:03:40 [Information] decimal: 0.00 XaxisStepperMove added to the Settings Form.
11/18/2024 18:03:40 [Information] XCOM1: XComPort added to the Settings Form.
11/18/2024 18:03:40 [Information] XCOM2: XComPort added to the Settings Form.
11/18/2024 18:03:40 [Information] XCOM3: XComPort added to the Settings Form.
11/18/2024 18:03:40 [Information] XCOM4: XComPort added to the Settings Form.
11/18/2024 18:03:40 [Information] XCOM5: XComPort added to the Settings Form.
11/18/2024 18:03:40 [Information] XCOM6: XComPort added to the Settings Form.
11/18/2024 18:03:40 [Information] XCOM7: XComPort added to the Settings Form.
11/18/2024 18:03:40 [Information] XCOM8: XComPort added to the Settings Form.
11/18/2024 18:03:40 [Information] XCOM9: XComPort added to the Settings Form.
11/18/2024 18:03:40 [Information] XCOM10: XComPort added to the Settings Form.
11/18/2024 18:03:40 [Information] decimal: 50.00 YaxisAcceleration added to the Settings Form.
11/18/2024 18:03:40 [Information] bool: False YaxisChanged added to the Settings Form.
11/18/2024 18:03:40 [Information] decimal: 400.00 YaxisMotorSpeed added to the Settings Form.
11/18/2024 18:03:40 [Information] decimal: 0.00 YaxisStepperCurrent added to the Settings Form.
11/18/2024 18:03:40 [Information] decimal: 0.00 YaxisStepperMove added to the Settings Form.
11/18/2024 18:03:40 [Information] YCOM1: YComPort added to the Settings Form.
11/18/2024 18:03:40 [Information] YCOM2: YComPort added to the Settings Form.
11/18/2024 18:03:40 [Information] YCOM3: YComPort added to the Settings Form.
11/18/2024 18:03:40 [Information] YCOM4: YComPort added to the Settings Form.
11/18/2024 18:03:40 [Information] YCOM5: YComPort added to the Settings Form.
11/18/2024 18:03:40 [Information] YCOM6: YComPort added to the Settings Form.
11/18/2024 18:03:40 [Information] YCOM7: YComPort added to the Settings Form.
11/18/2024 18:03:40 [Information] YCOM8: YComPort added to the Settings Form.
11/18/2024 18:03:40 [Information] YCOM9: YComPort added to the Settings Form.
11/18/2024 18:03:40 [Information] YCOM10: YComPort added to the Settings Form.
11/18/2024 18:03:40 [Information] decimal: 50.00 ZaxisAcceleration added to the Settings Form.
11/18/2024 18:03:40 [Information] bool: False ZaxisChanged added to the Settings Form.
11/18/2024 18:03:40 [Information] decimal: 400.00 ZaxisMotorSpeed added to the Settings Form.
11/18/2024 18:03:40 [Information] decimal: 0.00 ZaxisStepperCurrent added to the Settings Form.
11/18/2024 18:03:40 [Information] decimal: 0.00 ZaxisStepperMove added to the Settings Form.
11/18/2024 18:03:40 [Information] ZCOM1: ZComPort added to the Settings Form.
11/18/2024 18:03:40 [Information] ZCOM2: ZComPort added to the Settings Form.
11/18/2024 18:03:40 [Information] ZCOM3: ZComPort added to the Settings Form.
11/18/2024 18:03:40 [Information] ZCOM4: ZComPort added to the Settings Form.
11/18/2024 18:03:40 [Information] ZCOM5: ZComPort added to the Settings Form.
11/18/2024 18:03:40 [Information] ZCOM6: ZComPort added to the Settings Form.
11/18/2024 18:03:40 [Information] ZCOM7: ZComPort added to the Settings Form.
11/18/2024 18:03:40 [Information] ZCOM8: ZComPort added to the Settings Form.
11/18/2024 18:03:40 [Information] ZCOM9: ZComPort added to the Settings Form.
11/18/2024 18:03:40 [Information] ZCOM10: ZComPort added to the Settings Form.
11/18/2024 18:03:40 [Information] int: 0 zeroXaxis added to the Settings Form.
11/18/2024 18:03:40 [Information] int: 0 zeroYaxis added to the Settings Form.
11/18/2024 18:03:40 [Information] int: 0 zeroZaxis added to the Settings Form.
11/18/2024 18:03:40 [Information] Stepper Motor Controller MainWindow loaded
11/18/2024 18:03:40 [Information] Set MainWindow Media Brushes to White.
11/18/2024 18:03:44 [Information] Z Axis Data Received: VM
11/18/2024 18:03:44 [Information] Z Axis Data Received: DPV_1|1_VMDPV
VMDPR_
11/18/2024 18:04:10 [Information] txtZaxisStepperMove Axis mouse controlled Keypad returned: 16.00
11/18/2024 18:04:12 [Information] Z Axis Run button clicked:
11/18/2024 18:04:13 [Information] Y Axis Run Event: Y,0.00,400.00,0,0.00,400.00,0,16.00,400.00,0
11/18/2024 18:04:13 [Information] Y Axis MotorMovementSeconds: 0.04
11/18/2024 18:04:13 [Information] Y Axis Timer Started. Target End Time: 06:04:13
11/18/2024 18:04:13 [Information] Y Axis Stopwatch Started.
11/18/2024 18:04:13 [Information] Z Axis Data Received: ser
11/18/2024 18:04:13 [Information] Y Axis Current Time: 06:04:13 + 0 = 06:04:13
11/18/2024 18:04:13 [Information] Z Axis Data Received: ialData: Y,0.00,400.00,0,0.00,400.00,0,16.00,400.00,0

11/18/2024 18:04:14 [Information] Stepper Motor Controller Enable Y Axis controls after moving to location.
11/18/2024 18:04:14 [Information] Stepper Motor Controller Stopwatch Stopped.
11/18/2024 18:04:14 [Information] Stepper Motor Controller Timer Stopped.
11/18/2024 18:04:14 [Information] Stepper Motor Controller Stopwatch Reset.
11/18/2024 18:04:15 [Information] Z Axis Data Received: Z
11/18/2024 18:04:15 [Information] Z Axis Data Received:  
11/18/2024 18:04:15 [Information] Z Axis Data Received: A
11/18/2024 18:04:15 [Information] Z Axis Data Received: x
11/18/2024 18:04:15 [Information] Z Axis Data Received: i
11/18/2024 18:04:15 [Information] Z Axis Data Received: s
11/18/2024 18:04:15 [Information] Z Axis Data Received:  
11/18/2024 18:04:15 [Information] Z Axis Data Received: r
11/18/2024 18:04:15 [Information] Z Axis Data Received: e
11/18/2024 18:04:15 [Information] Z Axis Data Received: a
11/18/2024 18:04:15 [Information] Z Axis Data Received: c
11/18/2024 18:04:15 [Information] Z Axis Data Received: h
11/18/2024 18:04:15 [Information] Z Axis Data Received: e
11/18/2024 18:04:15 [Information] Z Axis Data Received: d
11/18/2024 18:04:15 [Information] Z Axis Data Received:  
11/18/2024 18:04:15 [Information] Z Axis Data Received: t
11/18/2024 18:04:15 [Information] Z Axis Data Received: a
11/18/2024 18:04:15 [Information] Z Axis Data Received: r
11/18/2024 18:04:15 [Information] Z Axis Data Received: g
11/18/2024 18:04:15 [Information] Z Axis Data Received: e
11/18/2024 18:04:15 [Information] Z Axis Data Received: t
11/18/2024 18:04:15 [Information] Z Axis Data Received:  
11/18/2024 18:04:15 [Information] Z Axis Data Received: p
11/18/2024 18:04:15 [Information] Z Axis Data Received: o
11/18/2024 18:04:15 [Information] Z Axis Data Received: s
11/18/2024 18:04:15 [Information] Z Axis Data Received: i
11/18/2024 18:04:15 [Information] Z Axis Data Received: t
11/18/2024 18:04:15 [Information] Z Axis Data Received: i
11/18/2024 18:04:15 [Information] Z Axis Data Received: o
11/18/2024 18:04:15 [Information] Z Axis Data Received: n
11/18/2024 18:04:15 [Information] Z Axis Data Received: 
11/18/2024 18:04:15 [Information] Z Axis Data Received: 

11/18/2024 18:04:15 [Information] Z Axis Data Received: C
11/18/2024 18:04:15 [Information] Z Axis Data Received: u
11/18/2024 18:04:15 [Information] Z Axis Data Received: r
11/18/2024 18:04:15 [Information] Z Axis Data Received: r
11/18/2024 18:04:15 [Information] Z Axis Data Received: e
11/18/2024 18:04:15 [Information] Z Axis Data Received: n
11/18/2024 18:04:15 [Information] Z Axis Data Received: t
11/18/2024 18:04:15 [Information] Z Axis Data Received:  
11/18/2024 18:04:15 [Information] Z Axis Data Received: P
11/18/2024 18:04:15 [Information] Z Axis Data Received: o
11/18/2024 18:04:15 [Information] Z Axis Data Received: s
11/18/2024 18:04:15 [Information] Z Axis Data Received: i
11/18/2024 18:04:15 [Information] Z Axis Data Received: t
11/18/2024 18:04:15 [Information] Z Axis Data Received: i
11/18/2024 18:04:15 [Information] Z Axis Data Received: o
11/18/2024 18:04:15 [Information] Z Axis Data Received: n
11/18/2024 18:04:15 [Information] Z Axis Data Received: :
11/18/2024 18:04:15 [Information] Z Axis Data Received:  
11/18/2024 18:04:15 [Information] Z Axis Data Received: 8
11/18/2024 18:04:15 [Information] Z Axis Data Received: 0
11/18/2024 18:04:15 [Information] Z Axis Data Received: 0
11/18/2024 18:04:15 [Information] Z Axis Data Received: 
11/18/2024 18:04:15 [Information] Z Axis Data Received: 

11/18/2024 18:04:23 [Information] Z Axis Run button clicked:
11/18/2024 18:04:24 [Information] Y Axis Run Event: Y,0.00,400.00,0,0.00,400.00,0,16.00,400.00,0
11/18/2024 18:04:24 [Information] Y Axis MotorMovementSeconds: 0.04
11/18/2024 18:04:24 [Information] Y Axis Timer Started. Target End Time: 06:04:24
11/18/2024 18:04:24 [Information] Y Axis Stopwatch Started.
11/18/2024 18:04:24 [Information] Y Axis Current Time: 06:04:24 + 0 = 06:04:24
11/18/2024 18:04:24 [Information] Z Axis Data Received: s
11/18/2024 18:04:24 [Information] Stepper Motor Controller Enable Y Axis controls after moving to location.
11/18/2024 18:04:24 [Information] Stepper Motor Controller Stopwatch Stopped.
11/18/2024 18:04:24 [Information] Stepper Motor Controller Timer Stopped.
11/18/2024 18:04:24 [Information] Stepper Motor Controller Stopwatch Reset.
11/18/2024 18:04:24 [Information] Z Axis Data Received: erialData: Y,0.00,400.00,0,0.00,400.00,0,16.00,400.00,0

11/18/2024 18:04:26 [Information] Z Axis Data Received: Z
11/18/2024 18:04:26 [Information] Z Axis Data Received:  
11/18/2024 18:04:26 [Information] Z Axis Data Received: A
11/18/2024 18:04:26 [Information] Z Axis Data Received: x
11/18/2024 18:04:26 [Information] Z Axis Data Received: i
11/18/2024 18:04:26 [Information] Z Axis Data Received: s
11/18/2024 18:04:26 [Information] Z Axis Data Received:  
11/18/2024 18:04:26 [Information] Z Axis Data Received: r
11/18/2024 18:04:26 [Information] Z Axis Data Received: e
11/18/2024 18:04:26 [Information] Z Axis Data Received: a
11/18/2024 18:04:26 [Information] Z Axis Data Received: c
11/18/2024 18:04:26 [Information] Z Axis Data Received: h
11/18/2024 18:04:26 [Information] Z Axis Data Received: e
11/18/2024 18:04:26 [Information] Z Axis Data Received: d
11/18/2024 18:04:26 [Information] Z Axis Data Received:  
11/18/2024 18:04:26 [Information] Z Axis Data Received: t
11/18/2024 18:04:26 [Information] Z Axis Data Received: a
11/18/2024 18:04:26 [Information] Z Axis Data Received: r
11/18/2024 18:04:26 [Information] Z Axis Data Received: g
11/18/2024 18:04:26 [Information] Z Axis Data Received: e
11/18/2024 18:04:26 [Information] Z Axis Data Received: t
11/18/2024 18:04:26 [Information] Z Axis Data Received:  
11/18/2024 18:04:26 [Information] Z Axis Data Received: p
11/18/2024 18:04:26 [Information] Z Axis Data Received: o
11/18/2024 18:04:26 [Information] Z Axis Data Received: s
11/18/2024 18:04:26 [Information] Z Axis Data Received: i
11/18/2024 18:04:26 [Information] Z Axis Data Received: t
11/18/2024 18:04:26 [Information] Z Axis Data Received: i
11/18/2024 18:04:26 [Information] Z Axis Data Received: o
11/18/2024 18:04:26 [Information] Z Axis Data Received: n
11/18/2024 18:04:26 [Information] Z Axis Data Received: 
11/18/2024 18:04:26 [Information] Z Axis Data Received: 

11/18/2024 18:04:26 [Information] Z Axis Data Received: C
11/18/2024 18:04:26 [Information] Z Axis Data Received: u
11/18/2024 18:04:26 [Information] Z Axis Data Received: r
11/18/2024 18:04:26 [Information] Z Axis Data Received: r
11/18/2024 18:04:26 [Information] Z Axis Data Received: e
11/18/2024 18:04:26 [Information] Z Axis Data Received: n
11/18/2024 18:04:26 [Information] Z Axis Data Received: t
11/18/2024 18:04:26 [Information] Z Axis Data Received:  
11/18/2024 18:04:26 [Information] Z Axis Data Received: P
11/18/2024 18:04:26 [Information] Z Axis Data Received: o
11/18/2024 18:04:26 [Information] Z Axis Data Received: s
11/18/2024 18:04:26 [Information] Z Axis Data Received: i
11/18/2024 18:04:26 [Information] Z Axis Data Received: t
11/18/2024 18:04:26 [Information] Z Axis Data Received: i
11/18/2024 18:04:26 [Information] Z Axis Data Received: o
11/18/2024 18:04:26 [Information] Z Axis Data Received: n
11/18/2024 18:04:26 [Information] Z Axis Data Received: :
11/18/2024 18:04:26 [Information] Z Axis Data Received:  
11/18/2024 18:04:26 [Information] Z Axis Data Received: 8
11/18/2024 18:04:26 [Information] Z Axis Data Received: 0
11/18/2024 18:04:26 [Information] Z Axis Data Received: 0
11/18/2024 18:04:26 [Information] Z Axis Data Received: 
11/18/2024 18:04:26 [Information] Z Axis Data Received: 

11/18/2024 18:04:33 [Information] txtZaxisStepperMove Axis mouse controlled Keypad returned: -16.00
11/18/2024 18:04:34 [Information] Z Axis Run button clicked:
11/18/2024 18:04:35 [Information] Y Axis Run Event: Y,0.00,400.00,0,0.00,400.00,0,-16.00,400.00,0
11/18/2024 18:04:35 [Information] Y Axis MotorMovementSeconds: -0.04
11/18/2024 18:04:35 [Information] Y Axis Timer Started. Target End Time: 06:04:35
11/18/2024 18:04:35 [Information] Y Axis Stopwatch Started.
11/18/2024 18:04:35 [Information] Y Axis Current Time: 06:04:35 + 0 = 06:04:35
11/18/2024 18:04:35 [Information] Stepper Motor Controller Enable Y Axis controls after moving to location.
11/18/2024 18:04:35 [Information] Stepper Motor Controller Stopwatch Stopped.
11/18/2024 18:04:35 [Information] Stepper Motor Controller Timer Stopped.
11/18/2024 18:04:35 [Information] Stepper Motor Controller Stopwatch Reset.
11/18/2024 18:04:35 [Information] Z Axis Data Received: s
11/18/2024 18:04:35 [Information] Z Axis Data Received: e
11/18/2024 18:04:35 [Information] Z Axis Data Received: r
11/18/2024 18:04:35 [Information] Z Axis Data Received: i
11/18/2024 18:04:35 [Information] Z Axis Data Received: a
11/18/2024 18:04:35 [Information] Z Axis Data Received: l
11/18/2024 18:04:35 [Information] Z Axis Data Received: D
11/18/2024 18:04:35 [Information] Z Axis Data Received: a
11/18/2024 18:04:35 [Information] Z Axis Data Received: t
11/18/2024 18:04:35 [Information] Z Axis Data Received: a
11/18/2024 18:04:35 [Information] Z Axis Data Received: :
11/18/2024 18:04:35 [Information] Z Axis Data Received:  
11/18/2024 18:04:35 [Information] Z Axis Data Received: Y
11/18/2024 18:04:35 [Information] Z Axis Data Received: ,
11/18/2024 18:04:35 [Information] Z Axis Data Received: 0
11/18/2024 18:04:35 [Information] Z Axis Data Received: .
11/18/2024 18:04:35 [Information] Z Axis Data Received: 0
11/18/2024 18:04:35 [Information] Z Axis Data Received: 0
11/18/2024 18:04:35 [Information] Z Axis Data Received: ,
11/18/2024 18:04:35 [Information] Z Axis Data Received: 4
11/18/2024 18:04:35 [Information] Z Axis Data Received: 0
11/18/2024 18:04:35 [Information] Z Axis Data Received: 0
11/18/2024 18:04:35 [Information] Z Axis Data Received: .
11/18/2024 18:04:35 [Information] Z Axis Data Received: 0
11/18/2024 18:04:35 [Information] Z Axis Data Received: 0
11/18/2024 18:04:35 [Information] Z Axis Data Received: ,
11/18/2024 18:04:35 [Information] Z Axis Data Received: 0
11/18/2024 18:04:35 [Information] Z Axis Data Received: ,
11/18/2024 18:04:35 [Information] Z Axis Data Received: 0
11/18/2024 18:04:35 [Information] Z Axis Data Received: .
11/18/2024 18:04:35 [Information] Z Axis Data Received: 0
11/18/2024 18:04:35 [Information] Z Axis Data Received: 0
11/18/2024 18:04:35 [Information] Z Axis Data Received: ,
11/18/2024 18:04:35 [Information] Z Axis Data Received: 4
11/18/2024 18:04:35 [Information] Z Axis Data Received: 0
11/18/2024 18:04:35 [Information] Z Axis Data Received: 0
11/18/2024 18:04:35 [Information] Z Axis Data Received: .
11/18/2024 18:04:35 [Information] Z Axis Data Received: 0
11/18/2024 18:04:35 [Information] Z Axis Data Received: 0
11/18/2024 18:04:35 [Information] Z Axis Data Received: ,
11/18/2024 18:04:35 [Information] Z Axis Data Received: 0
11/18/2024 18:04:35 [Information] Z Axis Data Received: ,
11/18/2024 18:04:35 [Information] Z Axis Data Received: -
11/18/2024 18:04:35 [Information] Z Axis Data Received: 1
11/18/2024 18:04:35 [Information] Z Axis Data Received: 6
11/18/2024 18:04:35 [Information] Z Axis Data Received: .
11/18/2024 18:04:35 [Information] Z Axis Data Received: 0
11/18/2024 18:04:35 [Information] Z Axis Data Received: 0
11/18/2024 18:04:35 [Information] Z Axis Data Received: ,
11/18/2024 18:04:35 [Information] Z Axis Data Received: 4
11/18/2024 18:04:35 [Information] Z Axis Data Received: 0
11/18/2024 18:04:35 [Information] Z Axis Data Received: 0
11/18/2024 18:04:35 [Information] Z Axis Data Received: .
11/18/2024 18:04:35 [Information] Z Axis Data Received: 0
11/18/2024 18:04:35 [Information] Z Axis Data Received: 0
11/18/2024 18:04:35 [Information] Z Axis Data Received: ,
11/18/2024 18:04:35 [Information] Z Axis Data Received: 0
11/18/2024 18:04:35 [Information] Z Axis Data Received: 
11/18/2024 18:04:35 [Information] Z Axis Data Received: 

11/18/2024 18:04:37 [Information] Z Axis Data Received: Z
11/18/2024 18:04:37 [Information] Z Axis Data Received:  
11/18/2024 18:04:37 [Information] Z Axis Data Received: A
11/18/2024 18:04:37 [Information] Z Axis Data Received: x
11/18/2024 18:04:37 [Information] Z Axis Data Received: i
11/18/2024 18:04:37 [Information] Z Axis Data Received: s
11/18/2024 18:04:37 [Information] Z Axis Data Received:  
11/18/2024 18:04:37 [Information] Z Axis Data Received: r
11/18/2024 18:04:37 [Information] Z Axis Data Received: e
11/18/2024 18:04:37 [Information] Z Axis Data Received: a
11/18/2024 18:04:37 [Information] Z Axis Data Received: c
11/18/2024 18:04:37 [Information] Z Axis Data Received: h
11/18/2024 18:04:37 [Information] Z Axis Data Received: e
11/18/2024 18:04:37 [Information] Z Axis Data Received: d
11/18/2024 18:04:37 [Information] Z Axis Data Received:  
11/18/2024 18:04:37 [Information] Z Axis Data Received: t
11/18/2024 18:04:37 [Information] Z Axis Data Received: a
11/18/2024 18:04:37 [Information] Z Axis Data Received: r
11/18/2024 18:04:37 [Information] Z Axis Data Received: g
11/18/2024 18:04:37 [Information] Z Axis Data Received: e
11/18/2024 18:04:37 [Information] Z Axis Data Received: t
11/18/2024 18:04:37 [Information] Z Axis Data Received:  
11/18/2024 18:04:37 [Information] Z Axis Data Received: p
11/18/2024 18:04:37 [Information] Z Axis Data Received: o
11/18/2024 18:04:37 [Information] Z Axis Data Received: s
11/18/2024 18:04:37 [Information] Z Axis Data Received: i
11/18/2024 18:04:37 [Information] Z Axis Data Received: t
11/18/2024 18:04:37 [Information] Z Axis Data Received: i
11/18/2024 18:04:37 [Information] Z Axis Data Received: o
11/18/2024 18:04:37 [Information] Z Axis Data Received: n
11/18/2024 18:04:37 [Information] Z Axis Data Received: 
11/18/2024 18:04:37 [Information] Z Axis Data Received: 

11/18/2024 18:04:37 [Information] Z Axis Data Received: C
11/18/2024 18:04:37 [Information] Z Axis Data Received: u
11/18/2024 18:04:37 [Information] Z Axis Data Received: r
11/18/2024 18:04:37 [Information] Z Axis Data Received: r
11/18/2024 18:04:37 [Information] Z Axis Data Received: e
11/18/2024 18:04:37 [Information] Z Axis Data Received: n
11/18/2024 18:04:37 [Information] Z Axis Data Received: t
11/18/2024 18:04:37 [Information] Z Axis Data Received:  
11/18/2024 18:04:37 [Information] Z Axis Data Received: P
11/18/2024 18:04:37 [Information] Z Axis Data Received: o
11/18/2024 18:04:37 [Information] Z Axis Data Received: s
11/18/2024 18:04:37 [Information] Z Axis Data Received: i
11/18/2024 18:04:37 [Information] Z Axis Data Received: t
11/18/2024 18:04:37 [Information] Z Axis Data Received: i
11/18/2024 18:04:37 [Information] Z Axis Data Received: o
11/18/2024 18:04:37 [Information] Z Axis Data Received: n
11/18/2024 18:04:37 [Information] Z Axis Data Received: :
11/18/2024 18:04:37 [Information] Z Axis Data Received:  
11/18/2024 18:04:37 [Information] Z Axis Data Received: -
11/18/2024 18:04:37 [Information] Z Axis Data Received: 8
11/18/2024 18:04:37 [Information] Z Axis Data Received: 0
11/18/2024 18:04:37 [Information] Z Axis Data Received: 0
11/18/2024 18:04:37 [Information] Z Axis Data Received: 
11/18/2024 18:04:37 [Information] Z Axis Data Received: 

11/18/2024 18:04:40 [Information] Stepper Motor Controller MainWindow Closing.
11/18/2024 18:04:40 [Information] SerialPort for Z Axis closed.
11/18/2024 18:04:40 [Information] Properties Settings Saved.
11/18/2024 18:04:40 [Information] Properties Settings Form Closed.
11/18/2024 18:04:40 [Information] Stepper Motor Controller Form Closed.
