11/7/2024 10:34:41 [Information] Stepper Motor Controller Application Started.
11/7/2024 10:34:41 [Information] Version: 3.0.9077.19036 (11/7/2024 10:34:41)
11/7/2024 10:34:41 [Information] SerialPort COM7 not connected.
11/7/2024 10:34:41 [Information] SerialPort COM8 not connected.
11/7/2024 10:34:41 [Information] Stepper Motor Controller Application Started.
11/7/2024 10:34:41 [Information] Version: 3.0.9077.19036 (11/7/2024 10:34:41)
11/7/2024 10:34:41 [Information] Version: 3.1.0.19037 (11/7/2024 10:34:41)
11/7/2024 10:34:41 [Information] Version: 3.1.0.19037 (11/7/2024 10:34:41)
11/7/2024 10:34:41 [Information] Stepper Motor Controller Application Settings Window Opened.
11/7/2024 10:34:41 [Information] Stepper Motor Controller Application Settings form is rebuilt each and every time it is opened.
11/7/2024 10:34:41 [Information] int: 9600 BaudRate added to the Settings Form.
11/7/2024 10:34:41 [Information] bool: False ckbXaxisResetToZeroIsChecked added to the Settings Form.
11/7/2024 10:34:41 [Information] bool: False ckbYaxisResetToZeroIsChecked added to the Settings Form.
11/7/2024 10:34:41 [Information] bool: False ckbZaxisResetToZeroIsChecked added to the Settings Form.
11/7/2024 10:34:41 [Information] COM1: ComPort added to the Settings Form.
11/7/2024 10:34:41 [Information] COM2: ComPort added to the Settings Form.
11/7/2024 10:34:41 [Information] COM3: ComPort added to the Settings Form.
11/7/2024 10:34:41 [Information] COM4: ComPort added to the Settings Form.
11/7/2024 10:34:41 [Information] COM5: ComPort added to the Settings Form.
11/7/2024 10:34:41 [Information] COM6: ComPort added to the Settings Form.
11/7/2024 10:34:41 [Information] COM7: ComPort added to the Settings Form.
11/7/2024 10:34:41 [Information] COM8: ComPort added to the Settings Form.
11/7/2024 10:34:41 [Information] COM9: ComPort added to the Settings Form.
11/7/2024 10:34:41 [Information] COM10: ComPort added to the Settings Form.
11/7/2024 10:34:41 [Information] decimal: 4.00 Divider4_00 added to the Settings Form.
11/7/2024 10:34:41 [Information] decimal: 0.00 MathPart2Initlz added to the Settings Form.
11/7/2024 10:34:41 [Information] decimal: 1.00 MilisecondTimerInterval added to the Settings Form.
11/7/2024 10:34:41 [Information] decimal: 1000.00 MillisecondDelay added to the Settings Form.
11/7/2024 10:34:41 [Information] int: 1000 Milliseconds added to the Settings Form.
11/7/2024 10:34:41 [Information] int: 4 mmPerRevolution added to the Settings Form.
11/7/2024 10:34:41 [Information] int: 2000 ThreadSleep added to the Settings Form.
11/7/2024 10:34:41 [Information] decimal: 0.00 Value_0_00 added to the Settings Form.
11/7/2024 10:34:41 [Information] decimal: 50.00 XaxisAcceleration added to the Settings Form.
11/7/2024 10:34:41 [Information] bool: False XaxisChanged added to the Settings Form.
11/7/2024 10:34:41 [Information] decimal: 400.00 XaxisMotorSpeed added to the Settings Form.
11/7/2024 10:34:41 [Information] decimal: 0.00 XaxisStepperCurrent added to the Settings Form.
11/7/2024 10:34:41 [Information] decimal: 0.00 XaxisStepperMove added to the Settings Form.
11/7/2024 10:34:41 [Information] XCOM1: XComPort added to the Settings Form.
11/7/2024 10:34:41 [Information] XCOM2: XComPort added to the Settings Form.
11/7/2024 10:34:41 [Information] XCOM3: XComPort added to the Settings Form.
11/7/2024 10:34:41 [Information] XCOM4: XComPort added to the Settings Form.
11/7/2024 10:34:41 [Information] XCOM5: XComPort added to the Settings Form.
11/7/2024 10:34:41 [Information] XCOM6: XComPort added to the Settings Form.
11/7/2024 10:34:41 [Information] XCOM7: XComPort added to the Settings Form.
11/7/2024 10:34:41 [Information] XCOM8: XComPort added to the Settings Form.
11/7/2024 10:34:41 [Information] XCOM9: XComPort added to the Settings Form.
11/7/2024 10:34:41 [Information] XCOM10: XComPort added to the Settings Form.
11/7/2024 10:34:41 [Information] decimal: 50.00 YaxisAcceleration added to the Settings Form.
11/7/2024 10:34:41 [Information] bool: False YaxisChanged added to the Settings Form.
11/7/2024 10:34:41 [Information] decimal: 400.00 YaxisMotorSpeed added to the Settings Form.
11/7/2024 10:34:41 [Information] decimal: 0.00 YaxisStepperCurrent added to the Settings Form.
11/7/2024 10:34:41 [Information] decimal: 0.00 YaxisStepperMove added to the Settings Form.
11/7/2024 10:34:41 [Information] YCOM1: YComPort added to the Settings Form.
11/7/2024 10:34:41 [Information] YCOM2: YComPort added to the Settings Form.
11/7/2024 10:34:41 [Information] YCOM3: YComPort added to the Settings Form.
11/7/2024 10:34:41 [Information] YCOM4: YComPort added to the Settings Form.
11/7/2024 10:34:41 [Information] YCOM5: YComPort added to the Settings Form.
11/7/2024 10:34:41 [Information] YCOM6: YComPort added to the Settings Form.
11/7/2024 10:34:41 [Information] YCOM7: YComPort added to the Settings Form.
11/7/2024 10:34:41 [Information] YCOM8: YComPort added to the Settings Form.
11/7/2024 10:34:41 [Information] YCOM9: YComPort added to the Settings Form.
11/7/2024 10:34:41 [Information] YCOM10: YComPort added to the Settings Form.
11/7/2024 10:34:41 [Information] decimal: 50.00 ZaxisAcceleration added to the Settings Form.
11/7/2024 10:34:41 [Information] bool: False ZaxisChanged added to the Settings Form.
11/7/2024 10:34:41 [Information] decimal: 400.00 ZaxisMotorSpeed added to the Settings Form.
11/7/2024 10:34:41 [Information] decimal: 0.00 ZaxisStepperCurrent added to the Settings Form.
11/7/2024 10:34:41 [Information] decimal: 0.00 ZaxisStepperMove added to the Settings Form.
11/7/2024 10:34:41 [Information] ZCOM1: ZComPort added to the Settings Form.
11/7/2024 10:34:41 [Information] ZCOM2: ZComPort added to the Settings Form.
11/7/2024 10:34:41 [Information] ZCOM3: ZComPort added to the Settings Form.
11/7/2024 10:34:41 [Information] ZCOM4: ZComPort added to the Settings Form.
11/7/2024 10:34:41 [Information] ZCOM5: ZComPort added to the Settings Form.
11/7/2024 10:34:41 [Information] ZCOM6: ZComPort added to the Settings Form.
11/7/2024 10:34:41 [Information] ZCOM7: ZComPort added to the Settings Form.
11/7/2024 10:34:41 [Information] ZCOM8: ZComPort added to the Settings Form.
11/7/2024 10:34:41 [Information] ZCOM9: ZComPort added to the Settings Form.
11/7/2024 10:34:41 [Information] ZCOM10: ZComPort added to the Settings Form.
11/7/2024 10:34:41 [Information] int: 0 zeroXaxis added to the Settings Form.
11/7/2024 10:34:41 [Information] int: 0 zeroYaxis added to the Settings Form.
11/7/2024 10:34:41 [Information] int: 0 zeroZaxis added to the Settings Form.
11/7/2024 10:34:42 [Information] Stepper Motor Controller MainWindow loaded
11/7/2024 10:34:42 [Information] Set MainWindow Media Brushes to White.
11/7/2024 10:34:48 [Information] Z Axis mouse controlled Keypad returned: 8.00
11/7/2024 10:34:54 [Information] Z Axis Run button clicked:
11/7/2024 10:34:54 [Information] Z Axis MotorMovementSeconds decimal: (8.00 / 4) / 2 = 1.00
11/7/2024 10:34:54 [Information] Z Axis myMovementTimer int: 1000 * 1.00 = 1000
11/7/2024 10:34:55 [Information] Z Axis Run Event: Z,16.00,400.00,0,0.00,400.00,0,8.00,400.00,0
11/7/2024 10:34:55 [Information] Z Axis Current Time: 10:34:55 + 1000 = 10:34:56
11/7/2024 10:34:55 [Information] Stepper Motor Controller Disable Z Axis controls while moving to location.
11/7/2024 10:34:55 [Information] Time remaining: 00:00:00 targetEndTime = 10:34:56
11/7/2024 10:34:55 [Information] Stepper Motor Controller Disable Z Axis controls while moving to location.
11/7/2024 10:34:55 [Information] Time remaining: 00:00:00 targetEndTime = 10:34:56
11/7/2024 10:34:55 [Information] Stepper Motor Controller Disable Z Axis controls while moving to location.
11/7/2024 10:34:55 [Information] Time remaining: 00:00:00 targetEndTime = 10:34:56
11/7/2024 10:34:55 [Information] Stepper Motor Controller Disable Z Axis controls while moving to location.
11/7/2024 10:34:55 [Information] Time remaining: 00:00:00 targetEndTime = 10:34:56
11/7/2024 10:34:55 [Information] Stepper Motor Controller Disable Z Axis controls while moving to location.
11/7/2024 10:34:55 [Information] Time remaining: 00:00:00 targetEndTime = 10:34:56
11/7/2024 10:34:55 [Information] Stepper Motor Controller Disable Z Axis controls while moving to location.
11/7/2024 10:34:55 [Information] Time remaining: 00:00:00 targetEndTime = 10:34:56
11/7/2024 10:34:55 [Information] Stepper Motor Controller Disable Z Axis controls while moving to location.
11/7/2024 10:34:55 [Information] Time remaining: 00:00:00 targetEndTime = 10:34:56
11/7/2024 10:34:55 [Information] Stepper Motor Controller Disable Z Axis controls while moving to location.
11/7/2024 10:34:55 [Information] Time remaining: 00:00:00 targetEndTime = 10:34:56
11/7/2024 10:34:55 [Information] Stepper Motor Controller Disable Z Axis controls while moving to location.
11/7/2024 10:34:55 [Information] Time remaining: 00:00:00 targetEndTime = 10:34:56
11/7/2024 10:34:55 [Information] Stepper Motor Controller Disable Z Axis controls while moving to location.
11/7/2024 10:34:55 [Information] Time remaining: 00:00:00 targetEndTime = 10:34:56
11/7/2024 10:34:55 [Information] Stepper Motor Controller Disable Z Axis controls while moving to location.
11/7/2024 10:34:55 [Information] Time remaining: 00:00:00 targetEndTime = 10:34:56
11/7/2024 10:34:55 [Information] Stepper Motor Controller Disable Z Axis controls while moving to location.
11/7/2024 10:34:55 [Information] Time remaining: 00:00:00 targetEndTime = 10:34:56
11/7/2024 10:34:55 [Information] Stepper Motor Controller Disable Z Axis controls while moving to location.
11/7/2024 10:34:55 [Information] Time remaining: 00:00:00 targetEndTime = 10:34:56
11/7/2024 10:34:55 [Information] Stepper Motor Controller Disable Z Axis controls while moving to location.
11/7/2024 10:34:55 [Information] Time remaining: 00:00:00 targetEndTime = 10:34:56
11/7/2024 10:34:55 [Information] Stepper Motor Controller Disable Z Axis controls while moving to location.
11/7/2024 10:34:55 [Information] Time remaining: 00:00:00 targetEndTime = 10:34:56
11/7/2024 10:34:55 [Information] Stepper Motor Controller Disable Z Axis controls while moving to location.
11/7/2024 10:34:55 [Information] Time remaining: 00:00:00 targetEndTime = 10:34:56
11/7/2024 10:34:55 [Information] Stepper Motor Controller Disable Z Axis controls while moving to location.
11/7/2024 10:34:55 [Information] Time remaining: 00:00:00 targetEndTime = 10:34:56
11/7/2024 10:34:55 [Information] Stepper Motor Controller Disable Z Axis controls while moving to location.
11/7/2024 10:34:55 [Information] Time remaining: 00:00:00 targetEndTime = 10:34:56
11/7/2024 10:34:55 [Information] Stepper Motor Controller Disable Z Axis controls while moving to location.
11/7/2024 10:34:55 [Information] Time remaining: 00:00:00 targetEndTime = 10:34:56
11/7/2024 10:34:55 [Information] Stepper Motor Controller Disable Z Axis controls while moving to location.
11/7/2024 10:34:55 [Information] Time remaining: 00:00:00 targetEndTime = 10:34:56
11/7/2024 10:34:55 [Information] Stepper Motor Controller Disable Z Axis controls while moving to location.
11/7/2024 10:34:55 [Information] Time remaining: 00:00:00 targetEndTime = 10:34:56
11/7/2024 10:34:55 [Information] Stepper Motor Controller Disable Z Axis controls while moving to location.
11/7/2024 10:34:55 [Information] Time remaining: 00:00:00 targetEndTime = 10:34:56
11/7/2024 10:34:55 [Information] Stepper Motor Controller Disable Z Axis controls while moving to location.
11/7/2024 10:34:55 [Information] Time remaining: 00:00:00 targetEndTime = 10:34:56
11/7/2024 10:34:55 [Information] Stepper Motor Controller Disable Z Axis controls while moving to location.
11/7/2024 10:34:55 [Information] Time remaining: 00:00:00 targetEndTime = 10:34:56
11/7/2024 10:34:55 [Information] Stepper Motor Controller Disable Z Axis controls while moving to location.
11/7/2024 10:34:55 [Information] Time remaining: 00:00:00 targetEndTime = 10:34:56
11/7/2024 10:34:55 [Information] Stepper Motor Controller Disable Z Axis controls while moving to location.
11/7/2024 10:34:55 [Information] Time remaining: 00:00:00 targetEndTime = 10:34:56
11/7/2024 10:34:55 [Information] Stepper Motor Controller Disable Z Axis controls while moving to location.
11/7/2024 10:34:55 [Information] Time remaining: 00:00:00 targetEndTime = 10:34:56
11/7/2024 10:34:55 [Information] Stepper Motor Controller Disable Z Axis controls while moving to location.
11/7/2024 10:34:55 [Information] Time remaining: 00:00:00 targetEndTime = 10:34:56
11/7/2024 10:34:55 [Information] Stepper Motor Controller Disable Z Axis controls while moving to location.
11/7/2024 10:34:55 [Information] Time remaining: 00:00:00 targetEndTime = 10:34:56
11/7/2024 10:34:55 [Information] Stepper Motor Controller Disable Z Axis controls while moving to location.
11/7/2024 10:34:55 [Information] Time remaining: 00:00:00 targetEndTime = 10:34:56
11/7/2024 10:34:55 [Information] Stepper Motor Controller Disable Z Axis controls while moving to location.
11/7/2024 10:34:55 [Information] Time remaining: 00:00:00 targetEndTime = 10:34:56
11/7/2024 10:34:55 [Information] Stepper Motor Controller Disable Z Axis controls while moving to location.
11/7/2024 10:34:55 [Information] Time remaining: 00:00:00 targetEndTime = 10:34:56
11/7/2024 10:34:55 [Information] Stepper Motor Controller Disable Z Axis controls while moving to location.
11/7/2024 10:34:55 [Information] Time remaining: 00:00:00 targetEndTime = 10:34:56
11/7/2024 10:34:55 [Information] Stepper Motor Controller Disable Z Axis controls while moving to location.
11/7/2024 10:34:55 [Information] Time remaining: 00:00:00 targetEndTime = 10:34:56
11/7/2024 10:34:55 [Information] Stepper Motor Controller Disable Z Axis controls while moving to location.
11/7/2024 10:34:55 [Information] Time remaining: 00:00:00 targetEndTime = 10:34:56
11/7/2024 10:34:55 [Information] Stepper Motor Controller Disable Z Axis controls while moving to location.
11/7/2024 10:34:55 [Information] Time remaining: 00:00:00 targetEndTime = 10:34:56
11/7/2024 10:34:55 [Information] Stepper Motor Controller Disable Z Axis controls while moving to location.
11/7/2024 10:34:55 [Information] Time remaining: 00:00:00 targetEndTime = 10:34:56
11/7/2024 10:34:55 [Information] Stepper Motor Controller Disable Z Axis controls while moving to location.
11/7/2024 10:34:55 [Information] Time remaining: 00:00:00 targetEndTime = 10:34:56
11/7/2024 10:34:55 [Information] Stepper Motor Controller Disable Z Axis controls while moving to location.
11/7/2024 10:34:55 [Information] Time remaining: 00:00:00 targetEndTime = 10:34:56
11/7/2024 10:34:55 [Information] Stepper Motor Controller Disable Z Axis controls while moving to location.
11/7/2024 10:34:55 [Information] Time remaining: 00:00:00 targetEndTime = 10:34:56
11/7/2024 10:34:55 [Information] Stepper Motor Controller Disable Z Axis controls while moving to location.
11/7/2024 10:34:55 [Information] Time remaining: 00:00:00 targetEndTime = 10:34:56
11/7/2024 10:34:55 [Information] Stepper Motor Controller Disable Z Axis controls while moving to location.
11/7/2024 10:34:55 [Information] Time remaining: 00:00:00 targetEndTime = 10:34:56
11/7/2024 10:34:55 [Information] Stepper Motor Controller Disable Z Axis controls while moving to location.
11/7/2024 10:34:55 [Information] Time remaining: 00:00:00 targetEndTime = 10:34:56
11/7/2024 10:34:55 [Information] Stepper Motor Controller Disable Z Axis controls while moving to location.
11/7/2024 10:34:55 [Information] Time remaining: 00:00:00 targetEndTime = 10:34:56
11/7/2024 10:34:55 [Information] Stepper Motor Controller Disable Z Axis controls while moving to location.
11/7/2024 10:34:55 [Information] Time remaining: 00:00:00 targetEndTime = 10:34:56
11/7/2024 10:34:55 [Information] Stepper Motor Controller Disable Z Axis controls while moving to location.
11/7/2024 10:34:55 [Information] Time remaining: 00:00:00 targetEndTime = 10:34:56
11/7/2024 10:34:55 [Information] Stepper Motor Controller Disable Z Axis controls while moving to location.
11/7/2024 10:34:55 [Information] Time remaining: 00:00:00 targetEndTime = 10:34:56
11/7/2024 10:34:55 [Information] Stepper Motor Controller Disable Z Axis controls while moving to location.
11/7/2024 10:34:55 [Information] Time remaining: 00:00:00 targetEndTime = 10:34:56
11/7/2024 10:34:55 [Information] Stepper Motor Controller Disable Z Axis controls while moving to location.
11/7/2024 10:34:55 [Information] Time remaining: 00:00:00 targetEndTime = 10:34:56
11/7/2024 10:34:55 [Information] Stepper Motor Controller Disable Z Axis controls while moving to location.
11/7/2024 10:34:55 [Information] Time remaining: 00:00:00 targetEndTime = 10:34:56
11/7/2024 10:34:55 [Information] Stepper Motor Controller Disable Z Axis controls while moving to location.
11/7/2024 10:34:55 [Information] Time remaining: 00:00:00 targetEndTime = 10:34:56
11/7/2024 10:34:55 [Information] Stepper Motor Controller Disable Z Axis controls while moving to location.
11/7/2024 10:34:55 [Information] Time remaining: 00:00:00 targetEndTime = 10:34:56
11/7/2024 10:34:56 [Information] Stepper Motor Controller Disable Z Axis controls while moving to location.
11/7/2024 10:34:56 [Information] Time remaining: 00:00:00 targetEndTime = 10:34:56
11/7/2024 10:34:56 [Information] Stepper Motor Controller Disable Z Axis controls while moving to location.
11/7/2024 10:34:56 [Information] Time remaining: 00:00:00 targetEndTime = 10:34:56
11/7/2024 10:34:56 [Information] Stepper Motor Controller Disable Z Axis controls while moving to location.
11/7/2024 10:34:56 [Information] Time remaining: 00:00:00 targetEndTime = 10:34:56
11/7/2024 10:34:56 [Information] Stepper Motor Controller Disable Z Axis controls while moving to location.
11/7/2024 10:34:56 [Information] Time remaining: 00:00:00 targetEndTime = 10:34:56
11/7/2024 10:34:56 [Information] Stepper Motor Controller Disable Z Axis controls while moving to location.
11/7/2024 10:34:56 [Information] Time remaining: 00:00:00 targetEndTime = 10:34:56
11/7/2024 10:34:56 [Information] Stepper Motor Controller Disable Z Axis controls while moving to location.
11/7/2024 10:34:56 [Information] Time remaining: 00:00:00 targetEndTime = 10:34:56
11/7/2024 10:34:56 [Information] Stepper Motor Controller Disable Z Axis controls while moving to location.
11/7/2024 10:34:56 [Information] Time remaining: 00:00:00 targetEndTime = 10:34:56
11/7/2024 10:34:56 [Information] Stepper Motor Controller Enable Z Axis controls after moving to location.
11/7/2024 10:34:56 [Information] Stepper Motor Controller Stopwatch Stopped.
11/7/2024 10:34:56 [Information] Stepper Motor Controller Timer Stopped.
11/7/2024 10:34:56 [Information] Stepper Motor Controller Stopwatch Reset.
11/7/2024 10:34:59 [Information] Z Axis Run button clicked:
11/7/2024 10:34:59 [Information] Z Axis MotorMovementSeconds decimal: (8.00 / 4) / 2 = 1.00
11/7/2024 10:34:59 [Information] Z Axis myMovementTimer int: 1000 * 1.00 = 1000
11/7/2024 10:35:00 [Information] Z Axis Run Event: Z,16.00,400.00,0,0.00,400.00,0,8.00,400.00,0
11/7/2024 10:35:00 [Information] Z Axis Current Time: 10:35:00 + 1000 = 10:35:01
11/7/2024 10:35:00 [Information] Stepper Motor Controller Disable Z Axis controls while moving to location.
11/7/2024 10:35:00 [Information] Time remaining: 00:00:00 targetEndTime = 10:35:01
11/7/2024 10:35:00 [Information] Stepper Motor Controller Disable Z Axis controls while moving to location.
11/7/2024 10:35:00 [Information] Time remaining: 00:00:00 targetEndTime = 10:35:01
11/7/2024 10:35:00 [Information] Stepper Motor Controller Disable Z Axis controls while moving to location.
11/7/2024 10:35:00 [Information] Time remaining: 00:00:00 targetEndTime = 10:35:01
11/7/2024 10:35:00 [Information] Stepper Motor Controller Disable Z Axis controls while moving to location.
11/7/2024 10:35:00 [Information] Time remaining: 00:00:00 targetEndTime = 10:35:01
11/7/2024 10:35:00 [Information] Stepper Motor Controller Disable Z Axis controls while moving to location.
11/7/2024 10:35:00 [Information] Time remaining: 00:00:00 targetEndTime = 10:35:01
11/7/2024 10:35:00 [Information] Stepper Motor Controller Disable Z Axis controls while moving to location.
11/7/2024 10:35:01 [Information] Time remaining: 00:00:00 targetEndTime = 10:35:01
11/7/2024 10:35:01 [Information] Stepper Motor Controller Disable Z Axis controls while moving to location.
11/7/2024 10:35:01 [Information] Time remaining: 00:00:00 targetEndTime = 10:35:01
11/7/2024 10:35:01 [Information] Stepper Motor Controller Disable Z Axis controls while moving to location.
11/7/2024 10:35:01 [Information] Time remaining: 00:00:00 targetEndTime = 10:35:01
11/7/2024 10:35:01 [Information] Stepper Motor Controller Disable Z Axis controls while moving to location.
11/7/2024 10:35:01 [Information] Time remaining: 00:00:00 targetEndTime = 10:35:01
11/7/2024 10:35:01 [Information] Stepper Motor Controller Disable Z Axis controls while moving to location.
11/7/2024 10:35:01 [Information] Time remaining: 00:00:00 targetEndTime = 10:35:01
11/7/2024 10:35:01 [Information] Stepper Motor Controller Disable Z Axis controls while moving to location.
11/7/2024 10:35:01 [Information] Time remaining: 00:00:00 targetEndTime = 10:35:01
11/7/2024 10:35:01 [Information] Stepper Motor Controller Disable Z Axis controls while moving to location.
11/7/2024 10:35:01 [Information] Time remaining: 00:00:00 targetEndTime = 10:35:01
11/7/2024 10:35:01 [Information] Stepper Motor Controller Disable Z Axis controls while moving to location.
11/7/2024 10:35:01 [Information] Time remaining: 00:00:00 targetEndTime = 10:35:01
11/7/2024 10:35:01 [Information] Stepper Motor Controller Disable Z Axis controls while moving to location.
11/7/2024 10:35:01 [Information] Time remaining: 00:00:00 targetEndTime = 10:35:01
11/7/2024 10:35:01 [Information] Stepper Motor Controller Disable Z Axis controls while moving to location.
11/7/2024 10:35:01 [Information] Time remaining: 00:00:00 targetEndTime = 10:35:01
11/7/2024 10:35:01 [Information] Stepper Motor Controller Disable Z Axis controls while moving to location.
11/7/2024 10:35:01 [Information] Time remaining: 00:00:00 targetEndTime = 10:35:01
11/7/2024 10:35:01 [Information] Stepper Motor Controller Disable Z Axis controls while moving to location.
11/7/2024 10:35:01 [Information] Time remaining: 00:00:00 targetEndTime = 10:35:01
11/7/2024 10:35:01 [Information] Stepper Motor Controller Disable Z Axis controls while moving to location.
11/7/2024 10:35:01 [Information] Time remaining: 00:00:00 targetEndTime = 10:35:01
11/7/2024 10:35:01 [Information] Stepper Motor Controller Disable Z Axis controls while moving to location.
11/7/2024 10:35:01 [Information] Time remaining: 00:00:00 targetEndTime = 10:35:01
11/7/2024 10:35:01 [Information] Stepper Motor Controller Disable Z Axis controls while moving to location.
11/7/2024 10:35:01 [Information] Time remaining: 00:00:00 targetEndTime = 10:35:01
11/7/2024 10:35:01 [Information] Stepper Motor Controller Disable Z Axis controls while moving to location.
11/7/2024 10:35:01 [Information] Time remaining: 00:00:00 targetEndTime = 10:35:01
11/7/2024 10:35:01 [Information] Stepper Motor Controller Disable Z Axis controls while moving to location.
11/7/2024 10:35:01 [Information] Time remaining: 00:00:00 targetEndTime = 10:35:01
11/7/2024 10:35:01 [Information] Stepper Motor Controller Disable Z Axis controls while moving to location.
11/7/2024 10:35:01 [Information] Time remaining: 00:00:00 targetEndTime = 10:35:01
11/7/2024 10:35:01 [Information] Stepper Motor Controller Disable Z Axis controls while moving to location.
11/7/2024 10:35:01 [Information] Time remaining: 00:00:00 targetEndTime = 10:35:01
11/7/2024 10:35:01 [Information] Stepper Motor Controller Disable Z Axis controls while moving to location.
11/7/2024 10:35:01 [Information] Time remaining: 00:00:00 targetEndTime = 10:35:01
11/7/2024 10:35:01 [Information] Stepper Motor Controller Disable Z Axis controls while moving to location.
11/7/2024 10:35:01 [Information] Time remaining: 00:00:00 targetEndTime = 10:35:01
11/7/2024 10:35:01 [Information] Stepper Motor Controller Disable Z Axis controls while moving to location.
11/7/2024 10:35:01 [Information] Time remaining: 00:00:00 targetEndTime = 10:35:01
11/7/2024 10:35:01 [Information] Stepper Motor Controller Disable Z Axis controls while moving to location.
11/7/2024 10:35:01 [Information] Time remaining: 00:00:00 targetEndTime = 10:35:01
11/7/2024 10:35:01 [Information] Stepper Motor Controller Disable Z Axis controls while moving to location.
11/7/2024 10:35:01 [Information] Time remaining: 00:00:00 targetEndTime = 10:35:01
11/7/2024 10:35:01 [Information] Stepper Motor Controller Disable Z Axis controls while moving to location.
11/7/2024 10:35:01 [Information] Time remaining: 00:00:00 targetEndTime = 10:35:01
11/7/2024 10:35:01 [Information] Stepper Motor Controller Disable Z Axis controls while moving to location.
11/7/2024 10:35:01 [Information] Time remaining: 00:00:00 targetEndTime = 10:35:01
11/7/2024 10:35:01 [Information] Stepper Motor Controller Disable Z Axis controls while moving to location.
11/7/2024 10:35:01 [Information] Time remaining: 00:00:00 targetEndTime = 10:35:01
11/7/2024 10:35:01 [Information] Stepper Motor Controller Disable Z Axis controls while moving to location.
11/7/2024 10:35:01 [Information] Time remaining: 00:00:00 targetEndTime = 10:35:01
11/7/2024 10:35:01 [Information] Stepper Motor Controller Disable Z Axis controls while moving to location.
11/7/2024 10:35:01 [Information] Time remaining: 00:00:00 targetEndTime = 10:35:01
11/7/2024 10:35:01 [Information] Stepper Motor Controller Disable Z Axis controls while moving to location.
11/7/2024 10:35:01 [Information] Time remaining: 00:00:00 targetEndTime = 10:35:01
11/7/2024 10:35:01 [Information] Stepper Motor Controller Disable Z Axis controls while moving to location.
11/7/2024 10:35:01 [Information] Time remaining: 00:00:00 targetEndTime = 10:35:01
11/7/2024 10:35:01 [Information] Stepper Motor Controller Disable Z Axis controls while moving to location.
11/7/2024 10:35:01 [Information] Time remaining: 00:00:00 targetEndTime = 10:35:01
11/7/2024 10:35:01 [Information] Stepper Motor Controller Disable Z Axis controls while moving to location.
11/7/2024 10:35:01 [Information] Time remaining: 00:00:00 targetEndTime = 10:35:01
11/7/2024 10:35:01 [Information] Stepper Motor Controller Disable Z Axis controls while moving to location.
11/7/2024 10:35:01 [Information] Time remaining: 00:00:00 targetEndTime = 10:35:01
11/7/2024 10:35:01 [Information] Stepper Motor Controller Disable Z Axis controls while moving to location.
11/7/2024 10:35:01 [Information] Time remaining: 00:00:00 targetEndTime = 10:35:01
11/7/2024 10:35:01 [Information] Stepper Motor Controller Disable Z Axis controls while moving to location.
11/7/2024 10:35:01 [Information] Time remaining: 00:00:00 targetEndTime = 10:35:01
11/7/2024 10:35:01 [Information] Stepper Motor Controller Disable Z Axis controls while moving to location.
11/7/2024 10:35:01 [Information] Time remaining: 00:00:00 targetEndTime = 10:35:01
11/7/2024 10:35:01 [Information] Stepper Motor Controller Disable Z Axis controls while moving to location.
11/7/2024 10:35:01 [Information] Time remaining: 00:00:00 targetEndTime = 10:35:01
11/7/2024 10:35:01 [Information] Stepper Motor Controller Disable Z Axis controls while moving to location.
11/7/2024 10:35:01 [Information] Time remaining: 00:00:00 targetEndTime = 10:35:01
11/7/2024 10:35:01 [Information] Stepper Motor Controller Disable Z Axis controls while moving to location.
11/7/2024 10:35:01 [Information] Time remaining: 00:00:00 targetEndTime = 10:35:01
11/7/2024 10:35:01 [Information] Stepper Motor Controller Disable Z Axis controls while moving to location.
11/7/2024 10:35:01 [Information] Time remaining: 00:00:00 targetEndTime = 10:35:01
11/7/2024 10:35:01 [Information] Stepper Motor Controller Disable Z Axis controls while moving to location.
11/7/2024 10:35:01 [Information] Time remaining: 00:00:00 targetEndTime = 10:35:01
11/7/2024 10:35:01 [Information] Stepper Motor Controller Disable Z Axis controls while moving to location.
11/7/2024 10:35:01 [Information] Time remaining: 00:00:00 targetEndTime = 10:35:01
11/7/2024 10:35:01 [Information] Stepper Motor Controller Disable Z Axis controls while moving to location.
11/7/2024 10:35:01 [Information] Time remaining: 00:00:00 targetEndTime = 10:35:01
11/7/2024 10:35:01 [Information] Stepper Motor Controller Disable Z Axis controls while moving to location.
11/7/2024 10:35:01 [Information] Time remaining: 00:00:00 targetEndTime = 10:35:01
11/7/2024 10:35:01 [Information] Stepper Motor Controller Disable Z Axis controls while moving to location.
11/7/2024 10:35:01 [Information] Time remaining: 00:00:00 targetEndTime = 10:35:01
11/7/2024 10:35:01 [Information] Stepper Motor Controller Disable Z Axis controls while moving to location.
11/7/2024 10:35:01 [Information] Time remaining: 00:00:00 targetEndTime = 10:35:01
11/7/2024 10:35:01 [Information] Stepper Motor Controller Disable Z Axis controls while moving to location.
11/7/2024 10:35:01 [Information] Time remaining: 00:00:00 targetEndTime = 10:35:01
11/7/2024 10:35:01 [Information] Stepper Motor Controller Disable Z Axis controls while moving to location.
11/7/2024 10:35:01 [Information] Time remaining: 00:00:00 targetEndTime = 10:35:01
11/7/2024 10:35:01 [Information] Stepper Motor Controller Disable Z Axis controls while moving to location.
11/7/2024 10:35:01 [Information] Time remaining: 00:00:00 targetEndTime = 10:35:01
11/7/2024 10:35:01 [Information] Stepper Motor Controller Disable Z Axis controls while moving to location.
11/7/2024 10:35:01 [Information] Time remaining: 00:00:00 targetEndTime = 10:35:01
11/7/2024 10:35:01 [Information] Stepper Motor Controller Enable Z Axis controls after moving to location.
11/7/2024 10:35:01 [Information] Stepper Motor Controller Stopwatch Stopped.
11/7/2024 10:35:01 [Information] Stepper Motor Controller Timer Stopped.
11/7/2024 10:35:01 [Information] Stepper Motor Controller Stopwatch Reset.
11/7/2024 10:35:07 [Information] Stepper Motor Controller MainWindow Closing.
11/7/2024 10:35:07 [Information] Stepper Motor Controller Serial Ports closed.
11/7/2024 10:35:07 [Information] Properties Settings Saved.
11/7/2024 10:35:07 [Information] Properties Settings Form Closed.
11/7/2024 10:35:07 [Information] Stepper Motor Controller Form Closed.
