11/17/2024 09:35:39 [Information] Stepper Motor Controller Application Started.
11/17/2024 09:35:39 [Information] Version: 3.0.9087.17265 (11/17/2024 09:35:39)
11/17/2024 09:35:39 [Information] SerialPort COM7 not connected.
11/17/2024 09:35:39 [Information] SerialPort COM8 not connected.
11/17/2024 09:35:39 [Information] SerialPort Read = 0
11/17/2024 09:35:39 [Information] Stepper Motor Controller Application Started.
11/17/2024 09:35:39 [Information] Version: 3.0.9087.17265 (11/17/2024 09:35:39)
11/17/2024 09:35:39 [Information] Version: 3.1.0.17266 (11/17/2024 09:35:39)
11/17/2024 09:35:39 [Information] Version: 3.1.0.17266 (11/17/2024 09:35:39)
11/17/2024 09:35:39 [Information] Stepper Motor Controller Application Settings Window Opened.
11/17/2024 09:35:39 [Information] Stepper Motor Controller Application Settings form is rebuilt each and every time it is opened.
11/17/2024 09:35:39 [Information] int: 9600 BaudRate added to the Settings Form.
11/17/2024 09:35:39 [Information] bool: False ckbXaxisResetToZeroIsChecked added to the Settings Form.
11/17/2024 09:35:39 [Information] bool: False ckbYaxisResetToZeroIsChecked added to the Settings Form.
11/17/2024 09:35:39 [Information] bool: False ckbZaxisResetToZeroIsChecked added to the Settings Form.
11/17/2024 09:35:39 [Information] COM1: ComPort added to the Settings Form.
11/17/2024 09:35:39 [Information] COM2: ComPort added to the Settings Form.
11/17/2024 09:35:39 [Information] COM3: ComPort added to the Settings Form.
11/17/2024 09:35:39 [Information] COM4: ComPort added to the Settings Form.
11/17/2024 09:35:39 [Information] COM5: ComPort added to the Settings Form.
11/17/2024 09:35:39 [Information] COM6: ComPort added to the Settings Form.
11/17/2024 09:35:39 [Information] COM7: ComPort added to the Settings Form.
11/17/2024 09:35:39 [Information] COM8: ComPort added to the Settings Form.
11/17/2024 09:35:39 [Information] COM9: ComPort added to the Settings Form.
11/17/2024 09:35:39 [Information] COM10: ComPort added to the Settings Form.
11/17/2024 09:35:39 [Information] decimal: 4.00 Divider4_00 added to the Settings Form.
11/17/2024 09:35:39 [Information] decimal: 0.00 MathPart2Initlz added to the Settings Form.
11/17/2024 09:35:39 [Information] decimal: 1.00 MilisecondTimerInterval added to the Settings Form.
11/17/2024 09:35:39 [Information] decimal: 1000.00 MillisecondDelay added to the Settings Form.
11/17/2024 09:35:39 [Information] int: 1000 Milliseconds added to the Settings Form.
11/17/2024 09:35:39 [Information] int: 4 mmPerRevolution added to the Settings Form.
11/17/2024 09:35:39 [Information] int: 2000 ThreadSleep added to the Settings Form.
11/17/2024 09:35:39 [Information] decimal: 0.00 Value_0_00 added to the Settings Form.
11/17/2024 09:35:39 [Information] decimal: 50.00 XaxisAcceleration added to the Settings Form.
11/17/2024 09:35:39 [Information] bool: False XaxisChanged added to the Settings Form.
11/17/2024 09:35:39 [Information] decimal: 400.00 XaxisMotorSpeed added to the Settings Form.
11/17/2024 09:35:39 [Information] decimal: 0.00 XaxisStepperCurrent added to the Settings Form.
11/17/2024 09:35:39 [Information] decimal: 0.00 XaxisStepperMove added to the Settings Form.
11/17/2024 09:35:39 [Information] XCOM1: XComPort added to the Settings Form.
11/17/2024 09:35:39 [Information] XCOM2: XComPort added to the Settings Form.
11/17/2024 09:35:39 [Information] XCOM3: XComPort added to the Settings Form.
11/17/2024 09:35:39 [Information] XCOM4: XComPort added to the Settings Form.
11/17/2024 09:35:39 [Information] XCOM5: XComPort added to the Settings Form.
11/17/2024 09:35:39 [Information] XCOM6: XComPort added to the Settings Form.
11/17/2024 09:35:39 [Information] XCOM7: XComPort added to the Settings Form.
11/17/2024 09:35:39 [Information] XCOM8: XComPort added to the Settings Form.
11/17/2024 09:35:39 [Information] XCOM9: XComPort added to the Settings Form.
11/17/2024 09:35:39 [Information] XCOM10: XComPort added to the Settings Form.
11/17/2024 09:35:39 [Information] decimal: 50.00 YaxisAcceleration added to the Settings Form.
11/17/2024 09:35:39 [Information] bool: False YaxisChanged added to the Settings Form.
11/17/2024 09:35:39 [Information] decimal: 400.00 YaxisMotorSpeed added to the Settings Form.
11/17/2024 09:35:39 [Information] decimal: 0.00 YaxisStepperCurrent added to the Settings Form.
11/17/2024 09:35:39 [Information] decimal: 0.00 YaxisStepperMove added to the Settings Form.
11/17/2024 09:35:39 [Information] YCOM1: YComPort added to the Settings Form.
11/17/2024 09:35:39 [Information] YCOM2: YComPort added to the Settings Form.
11/17/2024 09:35:39 [Information] YCOM3: YComPort added to the Settings Form.
11/17/2024 09:35:39 [Information] YCOM4: YComPort added to the Settings Form.
11/17/2024 09:35:39 [Information] YCOM5: YComPort added to the Settings Form.
11/17/2024 09:35:39 [Information] YCOM6: YComPort added to the Settings Form.
11/17/2024 09:35:39 [Information] YCOM7: YComPort added to the Settings Form.
11/17/2024 09:35:39 [Information] YCOM8: YComPort added to the Settings Form.
11/17/2024 09:35:39 [Information] YCOM9: YComPort added to the Settings Form.
11/17/2024 09:35:39 [Information] YCOM10: YComPort added to the Settings Form.
11/17/2024 09:35:39 [Information] decimal: 50.00 ZaxisAcceleration added to the Settings Form.
11/17/2024 09:35:39 [Information] bool: False ZaxisChanged added to the Settings Form.
11/17/2024 09:35:39 [Information] decimal: 400.00 ZaxisMotorSpeed added to the Settings Form.
11/17/2024 09:35:39 [Information] decimal: 0.00 ZaxisStepperCurrent added to the Settings Form.
11/17/2024 09:35:39 [Information] decimal: 0.00 ZaxisStepperMove added to the Settings Form.
11/17/2024 09:35:39 [Information] ZCOM1: ZComPort added to the Settings Form.
11/17/2024 09:35:39 [Information] ZCOM2: ZComPort added to the Settings Form.
11/17/2024 09:35:39 [Information] ZCOM3: ZComPort added to the Settings Form.
11/17/2024 09:35:39 [Information] ZCOM4: ZComPort added to the Settings Form.
11/17/2024 09:35:39 [Information] ZCOM5: ZComPort added to the Settings Form.
11/17/2024 09:35:39 [Information] ZCOM6: ZComPort added to the Settings Form.
11/17/2024 09:35:39 [Information] ZCOM7: ZComPort added to the Settings Form.
11/17/2024 09:35:39 [Information] ZCOM8: ZComPort added to the Settings Form.
11/17/2024 09:35:39 [Information] ZCOM9: ZComPort added to the Settings Form.
11/17/2024 09:35:39 [Information] ZCOM10: ZComPort added to the Settings Form.
11/17/2024 09:35:39 [Information] int: 0 zeroXaxis added to the Settings Form.
11/17/2024 09:35:39 [Information] int: 0 zeroYaxis added to the Settings Form.
11/17/2024 09:35:39 [Information] int: 0 zeroZaxis added to the Settings Form.
11/17/2024 09:35:40 [Information] Stepper Motor Controller MainWindow loaded
11/17/2024 09:35:40 [Information] Set MainWindow Media Brushes to White.
11/17/2024 09:35:43 [Information] Z Axis Data Received: VM
11/17/2024 09:35:43 [Information] Z Axis Data Received: D
11/17/2024 09:35:43 [Information] Z Axis Data Received: P
11/17/2024 09:35:43 [Information] Z Axis Data Received: V
11/17/2024 09:35:43 [Information] Z Axis Data Received: _
11/17/2024 09:35:43 [Information] Z Axis Data Received: 1
11/17/2024 09:35:43 [Information] Z Axis Data Received: |
11/17/2024 09:35:43 [Information] Z Axis Data Received: 1
11/17/2024 09:35:43 [Information] Z Axis Data Received: _
11/17/2024 09:35:43 [Information] Z Axis Data Received: V
11/17/2024 09:35:43 [Information] Z Axis Data Received: M
11/17/2024 09:35:43 [Information] Z Axis Data Received: D
11/17/2024 09:35:43 [Information] Z Axis Data Received: P
11/17/2024 09:35:43 [Information] Z Axis Data Received: V
11/17/2024 09:35:43 [Information] Z Axis Data Received: 

11/17/2024 09:35:43 [Information] Z Axis Data Received: V
11/17/2024 09:35:43 [Information] Z Axis Data Received: M
11/17/2024 09:35:43 [Information] Z Axis Data Received: D
11/17/2024 09:35:43 [Information] Z Axis Data Received: P
11/17/2024 09:35:43 [Information] Z Axis Data Received: R
11/17/2024 09:35:43 [Information] Z Axis Data Received: _
11/17/2024 09:35:47 [Information] Z Axis mouse controlled Keypad returned: 32.00
11/17/2024 09:35:48 [Information] Z Axis Run button clicked:
11/17/2024 09:36:08 [Information] Z Axis MotorMovementSeconds decimal: (32.00 / 4) / 2 = 4.00
11/17/2024 09:36:09 [Information] Z Axis Data Received: s
11/17/2024 09:36:09 [Information] Z Axis Run Event: Z,0.00,400.00,0,0.00,400.00,0,32.00,400.00,0
11/17/2024 09:36:09 [Information] Z Axis Data Received: erialData: Z,0.00,400.00,0,0.00,400.00,0,32.00,400.00,0

11/17/2024 09:36:09 [Information] Z Axis Current Time: 09:36:09 + 4000 = 09:36:13
11/17/2024 09:36:10 [Information] Stepper Motor Controller Disable Z Axis controls while moving to location.
11/17/2024 09:36:10 [Information] Time remaining: 00:00:00 targetEndTime = 09:36:13
11/17/2024 09:36:10 [Information] Stepper Motor Controller Disable Z Axis controls while moving to location.
11/17/2024 09:36:10 [Information] Time remaining: 00:00:00 targetEndTime = 09:36:13
11/17/2024 09:36:10 [Information] Stepper Motor Controller Disable Z Axis controls while moving to location.
11/17/2024 09:36:10 [Information] Time remaining: 00:00:00 targetEndTime = 09:36:13
11/17/2024 09:36:10 [Information] Stepper Motor Controller Disable Z Axis controls while moving to location.
11/17/2024 09:36:10 [Information] Time remaining: 00:00:00 targetEndTime = 09:36:13
11/17/2024 09:36:10 [Information] Stepper Motor Controller Disable Z Axis controls while moving to location.
11/17/2024 09:36:10 [Information] Time remaining: 00:00:00 targetEndTime = 09:36:13
11/17/2024 09:36:10 [Information] Stepper Motor Controller Disable Z Axis controls while moving to location.
11/17/2024 09:36:10 [Information] Time remaining: 00:00:00 targetEndTime = 09:36:13
11/17/2024 09:36:10 [Information] Stepper Motor Controller Disable Z Axis controls while moving to location.
11/17/2024 09:36:10 [Information] Time remaining: 00:00:00 targetEndTime = 09:36:13
11/17/2024 09:36:10 [Information] Stepper Motor Controller Disable Z Axis controls while moving to location.
11/17/2024 09:36:10 [Information] Time remaining: 00:00:00 targetEndTime = 09:36:13
11/17/2024 09:36:10 [Information] Stepper Motor Controller Disable Z Axis controls while moving to location.
11/17/2024 09:36:10 [Information] Time remaining: 00:00:00 targetEndTime = 09:36:13
11/17/2024 09:36:10 [Information] Stepper Motor Controller Disable Z Axis controls while moving to location.
11/17/2024 09:36:10 [Information] Time remaining: 00:00:00 targetEndTime = 09:36:13
11/17/2024 09:36:10 [Information] Stepper Motor Controller Disable Z Axis controls while moving to location.
11/17/2024 09:36:10 [Information] Time remaining: 00:00:00 targetEndTime = 09:36:13
11/17/2024 09:36:10 [Information] Stepper Motor Controller Disable Z Axis controls while moving to location.
11/17/2024 09:36:10 [Information] Time remaining: 00:00:00 targetEndTime = 09:36:13
11/17/2024 09:36:10 [Information] Stepper Motor Controller Disable Z Axis controls while moving to location.
11/17/2024 09:36:10 [Information] Time remaining: 00:00:00 targetEndTime = 09:36:13
11/17/2024 09:36:10 [Information] Stepper Motor Controller Disable Z Axis controls while moving to location.
11/17/2024 09:36:10 [Information] Time remaining: 00:00:00 targetEndTime = 09:36:13
11/17/2024 09:36:10 [Information] Stepper Motor Controller Disable Z Axis controls while moving to location.
11/17/2024 09:36:10 [Information] Time remaining: 00:00:00 targetEndTime = 09:36:13
11/17/2024 09:36:10 [Information] Stepper Motor Controller Disable Z Axis controls while moving to location.
11/17/2024 09:36:10 [Information] Time remaining: 00:00:00 targetEndTime = 09:36:13
11/17/2024 09:36:10 [Information] Z Axis Data Received: Z
11/17/2024 09:36:10 [Information] Z Axis Data Received:  
11/17/2024 09:36:10 [Information] Z Axis Data Received: A
11/17/2024 09:36:10 [Information] Z Axis Data Received: x
11/17/2024 09:36:10 [Information] Z Axis Data Received: i
11/17/2024 09:36:10 [Information] Stepper Motor Controller Disable Z Axis controls while moving to location.
11/17/2024 09:36:10 [Information] Time remaining: 00:00:00 targetEndTime = 09:36:13
11/17/2024 09:36:10 [Information] Z Axis Data Received: s
11/17/2024 09:36:10 [Information] Z Axis Data Received:  
11/17/2024 09:36:10 [Information] Z Axis Data Received: C
11/17/2024 09:36:10 [Information] Z Axis Data Received: C
11/17/2024 09:36:10 [Information] Z Axis Data Received: W
11/17/2024 09:36:10 [Information] Z Axis Data Received:  
11/17/2024 09:36:10 [Information] Z Axis Data Received: S
11/17/2024 09:36:10 [Information] Z Axis Data Received: T
11/17/2024 09:36:10 [Information] Stepper Motor Controller Disable Z Axis controls while moving to location.
11/17/2024 09:36:10 [Information] Z Axis Data Received: O
11/17/2024 09:36:10 [Information] Time remaining: 00:00:00 targetEndTime = 09:36:13
11/17/2024 09:36:10 [Information] Z Axis Data Received: P
11/17/2024 09:36:10 [Information] Z Axis Data Received: P
11/17/2024 09:36:10 [Information] Z Axis Data Received: E
11/17/2024 09:36:10 [Information] Z Axis Data Received: D
11/17/2024 09:36:10 [Information] Z Axis Data Received: 
11/17/2024 09:36:10 [Information] Z Axis Data Received: 

11/17/2024 09:36:10 [Information] Z Axis Data Received: Z
11/17/2024 09:36:10 [Information] Z Axis Data Received:  
11/17/2024 09:36:10 [Information] Z Axis Data Received: A
11/17/2024 09:36:10 [Information] Z Axis Data Received: x
11/17/2024 09:36:10 [Information] Z Axis Data Received: i
11/17/2024 09:36:10 [Information] Z Axis Data Received: s
11/17/2024 09:36:10 [Information] Z Axis Data Received:  
11/17/2024 09:36:10 [Information] Z Axis Data Received: C
11/17/2024 09:36:10 [Information] Z Axis Data Received: C
11/17/2024 09:36:10 [Information] Stepper Motor Controller Disable Z Axis controls while moving to location.
11/17/2024 09:36:10 [Information] Z Axis Data Received: W
11/17/2024 09:36:10 [Information] Z Axis Data Received:  
11/17/2024 09:36:10 [Information] Z Axis Data Received: Motor Current Position:  0.00
Z Axis CCW STOPPED
Z Axis CCW
11/17/2024 09:36:10 [Information] Limit Switch Pressed
11/17/2024 09:36:10 [Information] Stepper Motor Controller Timer Stopped.
11/17/2024 09:36:10 [Information] Stepper Motor Controller Stopwatch Reset.
11/17/2024 09:36:11 [Information] Z Axis Data Received:  Motor Current Position:  0.00
Z Axis CCW STOPPED
Z Axis CCW Motor Current Position:  0.00
Z Axis CCW STOPPED
Z Axis CCW Motor Current Position:  0.00

11/17/2024 09:36:11 [Information] Limit Switch Pressed
11/17/2024 09:36:11 [Information] Stepper Motor Controller Timer Stopped.
11/17/2024 09:36:11 [Information] Stepper Motor Controller Stopwatch Reset.
11/17/2024 09:36:12 [Information] Z Axis Data Received: Z Axis reached target position
Current Position: 0.00

