11/4/2024 19:46:03 [Information] Stepper Motor Controller Application Started.
11/4/2024 19:46:03 [Information] Version: 3.0.9074.35575 (11/4/2024 19:46:03)
11/4/2024 19:46:03 [Information] X Axis SerialPort COM7 not connected.
11/4/2024 19:46:03 [Information] Y Axis SerialPort COM8 not connected.
11/4/2024 19:46:03 [Information] Version: 3.1.0.35576 (11/4/2024 19:46:03)
11/4/2024 19:46:03 [Information] Version: 3.1.0.35576 (11/4/2024 19:46:03)
11/4/2024 19:46:03 [Information] Stepper Motor Controller Application Settings Window Opened.
11/4/2024 19:46:03 [Information] Stepper Motor Controller Application Settings form is rebuilt each and every time it is opened.
11/4/2024 19:46:03 [Information] int: 9600 BaudRate added to the Settings Form.
11/4/2024 19:46:03 [Information] bool: False ckbXaxisResetToZeroIsChecked added to the Settings Form.
11/4/2024 19:46:03 [Information] bool: False ckbYaxisResetToZeroIsChecked added to the Settings Form.
11/4/2024 19:46:03 [Information] bool: False ckbZaxisResetToZeroIsChecked added to the Settings Form.
11/4/2024 19:46:03 [Information] COM1: ComPort added to the Settings Form.
11/4/2024 19:46:03 [Information] COM2: ComPort added to the Settings Form.
11/4/2024 19:46:03 [Information] COM3: ComPort added to the Settings Form.
11/4/2024 19:46:03 [Information] COM4: ComPort added to the Settings Form.
11/4/2024 19:46:03 [Information] COM5: ComPort added to the Settings Form.
11/4/2024 19:46:03 [Information] COM6: ComPort added to the Settings Form.
11/4/2024 19:46:03 [Information] COM7: ComPort added to the Settings Form.
11/4/2024 19:46:03 [Information] COM8: ComPort added to the Settings Form.
11/4/2024 19:46:03 [Information] COM9: ComPort added to the Settings Form.
11/4/2024 19:46:03 [Information] COM10: ComPort added to the Settings Form.
11/4/2024 19:46:03 [Information] decimal: 4.00 Divider4_00 added to the Settings Form.
11/4/2024 19:46:03 [Information] decimal: 0.00 MathPart2Initlz added to the Settings Form.
11/4/2024 19:46:03 [Information] decimal: 1.00 MilisecondTimerInterval added to the Settings Form.
11/4/2024 19:46:03 [Information] decimal: 1000.00 MillisecondDelay added to the Settings Form.
11/4/2024 19:46:03 [Information] int: 1000 Milliseconds added to the Settings Form.
11/4/2024 19:46:03 [Information] int: 4 mmPerRevolution added to the Settings Form.
11/4/2024 19:46:03 [Information] int: 2000 ThreadSleep added to the Settings Form.
11/4/2024 19:46:03 [Information] decimal: 0.00 Value_0_00 added to the Settings Form.
11/4/2024 19:46:03 [Information] decimal: 50.00 XaxisAcceleration added to the Settings Form.
11/4/2024 19:46:03 [Information] bool: False XaxisChanged added to the Settings Form.
11/4/2024 19:46:03 [Information] decimal: 400.00 XaxisMotorSpeed added to the Settings Form.
11/4/2024 19:46:03 [Information] decimal: 0.00 XaxisStepperCurrent added to the Settings Form.
11/4/2024 19:46:03 [Information] decimal: 0.00 XaxisStepperMove added to the Settings Form.
11/4/2024 19:46:03 [Information] XCOM1: XComPort added to the Settings Form.
11/4/2024 19:46:03 [Information] XCOM2: XComPort added to the Settings Form.
11/4/2024 19:46:03 [Information] XCOM3: XComPort added to the Settings Form.
11/4/2024 19:46:03 [Information] XCOM4: XComPort added to the Settings Form.
11/4/2024 19:46:03 [Information] XCOM5: XComPort added to the Settings Form.
11/4/2024 19:46:03 [Information] XCOM6: XComPort added to the Settings Form.
11/4/2024 19:46:03 [Information] XCOM7: XComPort added to the Settings Form.
11/4/2024 19:46:03 [Information] XCOM8: XComPort added to the Settings Form.
11/4/2024 19:46:03 [Information] XCOM9: XComPort added to the Settings Form.
11/4/2024 19:46:03 [Information] XCOM10: XComPort added to the Settings Form.
11/4/2024 19:46:03 [Information] decimal: 50.00 YaxisAcceleration added to the Settings Form.
11/4/2024 19:46:03 [Information] bool: False YaxisChanged added to the Settings Form.
11/4/2024 19:46:03 [Information] decimal: 400.00 YaxisMotorSpeed added to the Settings Form.
11/4/2024 19:46:03 [Information] decimal: 0.00 YaxisStepperCurrent added to the Settings Form.
11/4/2024 19:46:03 [Information] decimal: 0.00 YaxisStepperMove added to the Settings Form.
11/4/2024 19:46:03 [Information] YCOM1: YComPort added to the Settings Form.
11/4/2024 19:46:03 [Information] YCOM2: YComPort added to the Settings Form.
11/4/2024 19:46:03 [Information] YCOM3: YComPort added to the Settings Form.
11/4/2024 19:46:03 [Information] YCOM4: YComPort added to the Settings Form.
11/4/2024 19:46:03 [Information] YCOM5: YComPort added to the Settings Form.
11/4/2024 19:46:03 [Information] YCOM6: YComPort added to the Settings Form.
11/4/2024 19:46:03 [Information] YCOM7: YComPort added to the Settings Form.
11/4/2024 19:46:03 [Information] YCOM8: YComPort added to the Settings Form.
11/4/2024 19:46:03 [Information] YCOM9: YComPort added to the Settings Form.
11/4/2024 19:46:03 [Information] YCOM10: YComPort added to the Settings Form.
11/4/2024 19:46:03 [Information] decimal: 50.00 ZaxisAcceleration added to the Settings Form.
11/4/2024 19:46:03 [Information] bool: False ZaxisChanged added to the Settings Form.
11/4/2024 19:46:03 [Information] decimal: 400.00 ZaxisMotorSpeed added to the Settings Form.
11/4/2024 19:46:03 [Information] decimal: 0.00 ZaxisStepperCurrent added to the Settings Form.
11/4/2024 19:46:03 [Information] decimal: 0.00 ZaxisStepperMove added to the Settings Form.
11/4/2024 19:46:03 [Information] ZCOM1: ZComPort added to the Settings Form.
11/4/2024 19:46:03 [Information] ZCOM2: ZComPort added to the Settings Form.
11/4/2024 19:46:03 [Information] ZCOM3: ZComPort added to the Settings Form.
11/4/2024 19:46:03 [Information] ZCOM4: ZComPort added to the Settings Form.
11/4/2024 19:46:03 [Information] ZCOM5: ZComPort added to the Settings Form.
11/4/2024 19:46:03 [Information] ZCOM6: ZComPort added to the Settings Form.
11/4/2024 19:46:03 [Information] ZCOM7: ZComPort added to the Settings Form.
11/4/2024 19:46:03 [Information] ZCOM8: ZComPort added to the Settings Form.
11/4/2024 19:46:03 [Information] ZCOM9: ZComPort added to the Settings Form.
11/4/2024 19:46:03 [Information] ZCOM10: ZComPort added to the Settings Form.
11/4/2024 19:46:03 [Information] int: 0 zeroXaxis added to the Settings Form.
11/4/2024 19:46:03 [Information] int: 0 zeroYaxis added to the Settings Form.
11/4/2024 19:46:03 [Information] int: 0 zeroZaxis added to the Settings Form.
11/4/2024 19:46:04 [Information] Stepper Motor Controller MainWindow loaded
11/4/2024 19:46:04 [Information] Set MainWindow Media Brushes to White.
11/4/2024 19:46:08 [Information] Updated X,Y Zero.IsChecked status to 0 and Z Zero.IsChecked status to 1.
11/4/2024 19:46:10 [Information] ZAxisRun_Click button clicked:
11/4/2024 19:46:10 [Information] Z Axis Run Event to reset Axis to zero: Z,0.00,400.00,0,0.00,400.00,0,0.00,400.00,1
11/4/2024 19:46:10 [Information] Setting Z Axis Current Location Set to Zero on DRO
11/4/2024 19:46:11 [Information] Updated X,Y,Z Zero.IsChecked status to 0.
11/4/2024 19:46:11 [Information] Z Axis Current Location Set to Zero
11/4/2024 19:46:17 [Information] Z Axis mouse controlled Keypad returned: 32.00
11/4/2024 19:46:18 [Information] ZAxisRun_Click button clicked:
11/4/2024 19:46:18 [Information] Z Axis MotorMovementSeconds decimal: (32.00 / 4) / 2 = 4.00
11/4/2024 19:46:18 [Information] Z Axis myMovementTimer int: 1000 * 4.00 = 4000
11/4/2024 19:46:19 [Information] Z Axis Run Event: Z,0.00,400.00,0,0.00,400.00,0,32.00,400.00,0
11/4/2024 19:46:19 [Information] Z Axis Current Time: 07:46:19 + 4000 = zTargetEndTime: 07:46:23
11/4/2024 19:46:19 [Information] Stepper Motor Controller Disable Z Axis controls while moving to location.
11/4/2024 19:46:19 [Information] Time remaining: 00:00:00 zTargetEndTime = 07:46:23
11/4/2024 19:46:20 [Information] Stepper Motor Controller Disable Z Axis controls while moving to location.
11/4/2024 19:46:20 [Information] Time remaining: 00:00:00 zTargetEndTime = 07:46:23
11/4/2024 19:46:20 [Information] Stepper Motor Controller Disable Z Axis controls while moving to location.
11/4/2024 19:46:20 [Information] Time remaining: 00:00:00 zTargetEndTime = 07:46:23
11/4/2024 19:46:20 [Information] Stepper Motor Controller Disable Z Axis controls while moving to location.
11/4/2024 19:46:20 [Information] Time remaining: 00:00:00 zTargetEndTime = 07:46:23
11/4/2024 19:46:20 [Information] Stepper Motor Controller Disable Z Axis controls while moving to location.
11/4/2024 19:46:20 [Information] Time remaining: 00:00:00 zTargetEndTime = 07:46:23
11/4/2024 19:46:20 [Information] Stepper Motor Controller Disable Z Axis controls while moving to location.
11/4/2024 19:46:20 [Information] Time remaining: 00:00:00 zTargetEndTime = 07:46:23
11/4/2024 19:46:20 [Information] Stepper Motor Controller Disable Z Axis controls while moving to location.
11/4/2024 19:46:20 [Information] Time remaining: 00:00:00 zTargetEndTime = 07:46:23
11/4/2024 19:46:20 [Information] Stepper Motor Controller Disable Z Axis controls while moving to location.
11/4/2024 19:46:20 [Information] Time remaining: 00:00:00 zTargetEndTime = 07:46:23
11/4/2024 19:46:20 [Information] Stepper Motor Controller Disable Z Axis controls while moving to location.
11/4/2024 19:46:20 [Information] Time remaining: 00:00:00 zTargetEndTime = 07:46:23
11/4/2024 19:46:20 [Information] Stepper Motor Controller Disable Z Axis controls while moving to location.
11/4/2024 19:46:20 [Information] Time remaining: 00:00:00 zTargetEndTime = 07:46:23
11/4/2024 19:46:20 [Information] Stepper Motor Controller Disable Z Axis controls while moving to location.
11/4/2024 19:46:20 [Information] Time remaining: 00:00:00 zTargetEndTime = 07:46:23
11/4/2024 19:46:20 [Information] Stepper Motor Controller Disable Z Axis controls while moving to location.
11/4/2024 19:46:20 [Information] Time remaining: 00:00:00 zTargetEndTime = 07:46:23
11/4/2024 19:46:20 [Information] Stepper Motor Controller Disable Z Axis controls while moving to location.
11/4/2024 19:46:20 [Information] Time remaining: 00:00:00 zTargetEndTime = 07:46:23
11/4/2024 19:46:20 [Information] Stepper Motor Controller Disable Z Axis controls while moving to location.
11/4/2024 19:46:20 [Information] Time remaining: 00:00:00 zTargetEndTime = 07:46:23
11/4/2024 19:46:20 [Information] Stepper Motor Controller Disable Z Axis controls while moving to location.
11/4/2024 19:46:20 [Information] Time remaining: 00:00:00 zTargetEndTime = 07:46:23
11/4/2024 19:46:20 [Information] Stepper Motor Controller Disable Z Axis controls while moving to location.
11/4/2024 19:46:20 [Information] Time remaining: 00:00:00 zTargetEndTime = 07:46:23
11/4/2024 19:46:20 [Information] Stepper Motor Controller Disable Z Axis controls while moving to location.
11/4/2024 19:46:20 [Information] Time remaining: 00:00:00 zTargetEndTime = 07:46:23
11/4/2024 19:46:20 [Information] Stepper Motor Controller Disable Z Axis controls while moving to location.
11/4/2024 19:46:20 [Information] Time remaining: 00:00:00 zTargetEndTime = 07:46:23
11/4/2024 19:46:20 [Information] Stepper Motor Controller Disable Z Axis controls while moving to location.
11/4/2024 19:46:20 [Information] Time remaining: 00:00:00 zTargetEndTime = 07:46:23
11/4/2024 19:46:20 [Information] Stepper Motor Controller Disable Z Axis controls while moving to location.
11/4/2024 19:46:20 [Information] Time remaining: 00:00:00 zTargetEndTime = 07:46:23
11/4/2024 19:46:20 [Information] Stepper Motor Controller Disable Z Axis controls while moving to location.
11/4/2024 19:46:20 [Information] Time remaining: 00:00:00 zTargetEndTime = 07:46:23
11/4/2024 19:46:20 [Information] Stepper Motor Controller Disable Z Axis controls while moving to location.
11/4/2024 19:46:20 [Information] Time remaining: 00:00:00 zTargetEndTime = 07:46:23
11/4/2024 19:46:20 [Information] Stepper Motor Controller Disable Z Axis controls while moving to location.
11/4/2024 19:46:20 [Information] Time remaining: 00:00:00 zTargetEndTime = 07:46:23
11/4/2024 19:46:20 [Information] Stepper Motor Controller Disable Z Axis controls while moving to location.
11/4/2024 19:46:20 [Information] Time remaining: 00:00:00 zTargetEndTime = 07:46:23
11/4/2024 19:46:20 [Information] Stepper Motor Controller Disable Z Axis controls while moving to location.
11/4/2024 19:46:20 [Information] Time remaining: 00:00:00 zTargetEndTime = 07:46:23
11/4/2024 19:46:20 [Information] Stepper Motor Controller Disable Z Axis controls while moving to location.
11/4/2024 19:46:20 [Information] Time remaining: 00:00:00 zTargetEndTime = 07:46:23
11/4/2024 19:46:20 [Information] Stepper Motor Controller Disable Z Axis controls while moving to location.
11/4/2024 19:46:20 [Information] Time remaining: 00:00:00 zTargetEndTime = 07:46:23
11/4/2024 19:46:20 [Information] Stepper Motor Controller Disable Z Axis controls while moving to location.
11/4/2024 19:46:20 [Information] Time remaining: 00:00:00 zTargetEndTime = 07:46:23
11/4/2024 19:46:20 [Information] Stepper Motor Controller Disable Z Axis controls while moving to location.
11/4/2024 19:46:20 [Information] Time remaining: 00:00:00 zTargetEndTime = 07:46:23
11/4/2024 19:46:20 [Information] Stepper Motor Controller Disable Z Axis controls while moving to location.
11/4/2024 19:46:20 [Information] Time remaining: 00:00:00 zTargetEndTime = 07:46:23
11/4/2024 19:46:20 [Information] Stepper Motor Controller Disable Z Axis controls while moving to location.
11/4/2024 19:46:20 [Information] Time remaining: 00:00:00 zTargetEndTime = 07:46:23
11/4/2024 19:46:20 [Information] Stepper Motor Controller Disable Z Axis controls while moving to location.
11/4/2024 19:46:20 [Information] Time remaining: 00:00:00 zTargetEndTime = 07:46:23
11/4/2024 19:46:20 [Information] Stepper Motor Controller Disable Z Axis controls while moving to location.
11/4/2024 19:46:20 [Information] Time remaining: 00:00:00 zTargetEndTime = 07:46:23
11/4/2024 19:46:20 [Information] Stepper Motor Controller Disable Z Axis controls while moving to location.
11/4/2024 19:46:20 [Information] Time remaining: 00:00:00 zTargetEndTime = 07:46:23
11/4/2024 19:46:20 [Information] Stepper Motor Controller Disable Z Axis controls while moving to location.
11/4/2024 19:46:20 [Information] Time remaining: 00:00:00 zTargetEndTime = 07:46:23
11/4/2024 19:46:20 [Information] Stepper Motor Controller Disable Z Axis controls while moving to location.
11/4/2024 19:46:20 [Information] Time remaining: 00:00:00 zTargetEndTime = 07:46:23
11/4/2024 19:46:20 [Information] Stepper Motor Controller Disable Z Axis controls while moving to location.
11/4/2024 19:46:20 [Information] Time remaining: 00:00:00 zTargetEndTime = 07:46:23
11/4/2024 19:46:20 [Information] Stepper Motor Controller Disable Z Axis controls while moving to location.
11/4/2024 19:46:20 [Information] Time remaining: 00:00:00 zTargetEndTime = 07:46:23
11/4/2024 19:46:20 [Information] Stepper Motor Controller Disable Z Axis controls while moving to location.
11/4/2024 19:46:20 [Information] Time remaining: 00:00:00 zTargetEndTime = 07:46:23
11/4/2024 19:46:20 [Information] Stepper Motor Controller Disable Z Axis controls while moving to location.
11/4/2024 19:46:20 [Information] Time remaining: 00:00:00 zTargetEndTime = 07:46:23
11/4/2024 19:46:20 [Information] Stepper Motor Controller Disable Z Axis controls while moving to location.
11/4/2024 19:46:20 [Information] Time remaining: 00:00:00 zTargetEndTime = 07:46:23
11/4/2024 19:46:20 [Information] Stepper Motor Controller Disable Z Axis controls while moving to location.
11/4/2024 19:46:20 [Information] Time remaining: 00:00:00 zTargetEndTime = 07:46:23
11/4/2024 19:46:20 [Information] Stepper Motor Controller Disable Z Axis controls while moving to location.
11/4/2024 19:46:20 [Information] Time remaining: 00:00:00 zTargetEndTime = 07:46:23
11/4/2024 19:46:20 [Information] Stepper Motor Controller Disable Z Axis controls while moving to location.
11/4/2024 19:46:20 [Information] Time remaining: 00:00:00 zTargetEndTime = 07:46:23
11/4/2024 19:46:20 [Information] Stepper Motor Controller Disable Z Axis controls while moving to location.
11/4/2024 19:46:20 [Information] Time remaining: 00:00:00 zTargetEndTime = 07:46:23
11/4/2024 19:46:20 [Information] Stepper Motor Controller Disable Z Axis controls while moving to location.
11/4/2024 19:46:20 [Information] Time remaining: 00:00:00 zTargetEndTime = 07:46:23
11/4/2024 19:46:20 [Information] Stepper Motor Controller Disable Z Axis controls while moving to location.
11/4/2024 19:46:20 [Information] Time remaining: 00:00:00 zTargetEndTime = 07:46:23
11/4/2024 19:46:20 [Information] Stepper Motor Controller Disable Z Axis controls while moving to location.
11/4/2024 19:46:20 [Information] Time remaining: 00:00:00 zTargetEndTime = 07:46:23
11/4/2024 19:46:20 [Information] Stepper Motor Controller Disable Z Axis controls while moving to location.
11/4/2024 19:46:20 [Information] Time remaining: 00:00:00 zTargetEndTime = 07:46:23
11/4/2024 19:46:20 [Information] Stepper Motor Controller Disable Z Axis controls while moving to location.
11/4/2024 19:46:20 [Information] Time remaining: 00:00:00 zTargetEndTime = 07:46:23
11/4/2024 19:46:20 [Information] Stepper Motor Controller Disable Z Axis controls while moving to location.
11/4/2024 19:46:20 [Information] Time remaining: 00:00:00 zTargetEndTime = 07:46:23
11/4/2024 19:46:20 [Information] Stepper Motor Controller Disable Z Axis controls while moving to location.
11/4/2024 19:46:20 [Information] Time remaining: 00:00:00 zTargetEndTime = 07:46:23
11/4/2024 19:46:20 [Information] Stepper Motor Controller Disable Z Axis controls while moving to location.
11/4/2024 19:46:20 [Information] Time remaining: 00:00:00 zTargetEndTime = 07:46:23
11/4/2024 19:46:20 [Information] Stepper Motor Controller Disable Z Axis controls while moving to location.
11/4/2024 19:46:20 [Information] Time remaining: 00:00:00 zTargetEndTime = 07:46:23
11/4/2024 19:46:20 [Information] Stepper Motor Controller Disable Z Axis controls while moving to location.
11/4/2024 19:46:20 [Information] Time remaining: 00:00:00 zTargetEndTime = 07:46:23
11/4/2024 19:46:20 [Information] Stepper Motor Controller Disable Z Axis controls while moving to location.
11/4/2024 19:46:20 [Information] Time remaining: 00:00:00 zTargetEndTime = 07:46:23
11/4/2024 19:46:20 [Information] Stepper Motor Controller Disable Z Axis controls while moving to location.
11/4/2024 19:46:20 [Information] Time remaining: 00:00:01 zTargetEndTime = 07:46:23
11/4/2024 19:46:20 [Information] Z Axis Data Received: Z Axis Motor Stopped
Z Axis Motor Current Position: 335
Z Axis Motor Stopped
Z Axis Motor Current Position: 335
Z Ax
11/4/2024 19:46:23 [Information] Z Axis Motor Current Position: 335
11/4/2024 19:46:25 [Information] Z Axis Motor Current Position: 335
11/4/2024 19:46:26 [Information] Z Axis Data Received: is Motor Stopped
Z Axis Motor Current Position: 335
Z Axis Motor Stopped
Z Axis Motor Current Position: 335

11/4/2024 19:46:27 [Information] Z Axis Motor Current Position: 335
11/4/2024 19:46:28 [Information] Z Axis Motor Current Position: 335
11/4/2024 19:47:08 [Information] Stepper Motor Controller MainWindow Closing.
11/4/2024 19:47:08 [Information] Stepper Motor Controller Serial Ports closed.
11/4/2024 19:47:08 [Information] Properties Settings Saved.
11/4/2024 19:47:08 [Information] Properties Settings Form Closed.
11/4/2024 19:47:08 [Information] Stepper Motor Controller Form Closed.
