11/9/2024 10:36:22 [Information] Stepper Motor Controller Application Started.
11/9/2024 10:36:22 [Information] Version: 3.0.9079.19086 (11/9/2024 10:36:22)
11/9/2024 10:36:22 [Information] SerialPort COM7 not connected.
11/9/2024 10:36:22 [Information] SerialPort COM8 not connected.
11/9/2024 10:36:22 [Information] Stepper Motor Controller Application Started.
11/9/2024 10:36:22 [Information] Version: 3.0.9079.19086 (11/9/2024 10:36:22)
11/9/2024 10:36:22 [Information] Version: 3.1.0.19087 (11/9/2024 10:36:22)
11/9/2024 10:36:22 [Information] Version: 3.1.0.19087 (11/9/2024 10:36:22)
11/9/2024 10:36:22 [Information] Stepper Motor Controller Application Settings Window Opened.
11/9/2024 10:36:22 [Information] Stepper Motor Controller Application Settings form is rebuilt each and every time it is opened.
11/9/2024 10:36:22 [Information] int: 9600 BaudRate added to the Settings Form.
11/9/2024 10:36:22 [Information] bool: False ckbXaxisResetToZeroIsChecked added to the Settings Form.
11/9/2024 10:36:22 [Information] bool: False ckbYaxisResetToZeroIsChecked added to the Settings Form.
11/9/2024 10:36:22 [Information] bool: False ckbZaxisResetToZeroIsChecked added to the Settings Form.
11/9/2024 10:36:22 [Information] COM1: ComPort added to the Settings Form.
11/9/2024 10:36:22 [Information] COM2: ComPort added to the Settings Form.
11/9/2024 10:36:22 [Information] COM3: ComPort added to the Settings Form.
11/9/2024 10:36:22 [Information] COM4: ComPort added to the Settings Form.
11/9/2024 10:36:22 [Information] COM5: ComPort added to the Settings Form.
11/9/2024 10:36:22 [Information] COM6: ComPort added to the Settings Form.
11/9/2024 10:36:22 [Information] COM7: ComPort added to the Settings Form.
11/9/2024 10:36:22 [Information] COM8: ComPort added to the Settings Form.
11/9/2024 10:36:22 [Information] COM9: ComPort added to the Settings Form.
11/9/2024 10:36:22 [Information] COM10: ComPort added to the Settings Form.
11/9/2024 10:36:22 [Information] decimal: 4.00 Divider4_00 added to the Settings Form.
11/9/2024 10:36:22 [Information] decimal: 0.00 MathPart2Initlz added to the Settings Form.
11/9/2024 10:36:22 [Information] decimal: 1.00 MilisecondTimerInterval added to the Settings Form.
11/9/2024 10:36:22 [Information] decimal: 1000.00 MillisecondDelay added to the Settings Form.
11/9/2024 10:36:22 [Information] int: 1000 Milliseconds added to the Settings Form.
11/9/2024 10:36:22 [Information] int: 4 mmPerRevolution added to the Settings Form.
11/9/2024 10:36:22 [Information] int: 2000 ThreadSleep added to the Settings Form.
11/9/2024 10:36:22 [Information] decimal: 0.00 Value_0_00 added to the Settings Form.
11/9/2024 10:36:22 [Information] decimal: 50.00 XaxisAcceleration added to the Settings Form.
11/9/2024 10:36:22 [Information] bool: False XaxisChanged added to the Settings Form.
11/9/2024 10:36:22 [Information] decimal: 400.00 XaxisMotorSpeed added to the Settings Form.
11/9/2024 10:36:22 [Information] decimal: 0.00 XaxisStepperCurrent added to the Settings Form.
11/9/2024 10:36:22 [Information] decimal: 0.00 XaxisStepperMove added to the Settings Form.
11/9/2024 10:36:22 [Information] XCOM1: XComPort added to the Settings Form.
11/9/2024 10:36:22 [Information] XCOM2: XComPort added to the Settings Form.
11/9/2024 10:36:22 [Information] XCOM3: XComPort added to the Settings Form.
11/9/2024 10:36:22 [Information] XCOM4: XComPort added to the Settings Form.
11/9/2024 10:36:22 [Information] XCOM5: XComPort added to the Settings Form.
11/9/2024 10:36:22 [Information] XCOM6: XComPort added to the Settings Form.
11/9/2024 10:36:22 [Information] XCOM7: XComPort added to the Settings Form.
11/9/2024 10:36:22 [Information] XCOM8: XComPort added to the Settings Form.
11/9/2024 10:36:22 [Information] XCOM9: XComPort added to the Settings Form.
11/9/2024 10:36:22 [Information] XCOM10: XComPort added to the Settings Form.
11/9/2024 10:36:22 [Information] decimal: 50.00 YaxisAcceleration added to the Settings Form.
11/9/2024 10:36:22 [Information] bool: False YaxisChanged added to the Settings Form.
11/9/2024 10:36:22 [Information] decimal: 400.00 YaxisMotorSpeed added to the Settings Form.
11/9/2024 10:36:22 [Information] decimal: 0.00 YaxisStepperCurrent added to the Settings Form.
11/9/2024 10:36:22 [Information] decimal: 0.00 YaxisStepperMove added to the Settings Form.
11/9/2024 10:36:22 [Information] YCOM1: YComPort added to the Settings Form.
11/9/2024 10:36:22 [Information] YCOM2: YComPort added to the Settings Form.
11/9/2024 10:36:22 [Information] YCOM3: YComPort added to the Settings Form.
11/9/2024 10:36:22 [Information] YCOM4: YComPort added to the Settings Form.
11/9/2024 10:36:22 [Information] YCOM5: YComPort added to the Settings Form.
11/9/2024 10:36:22 [Information] YCOM6: YComPort added to the Settings Form.
11/9/2024 10:36:22 [Information] YCOM7: YComPort added to the Settings Form.
11/9/2024 10:36:22 [Information] YCOM8: YComPort added to the Settings Form.
11/9/2024 10:36:22 [Information] YCOM9: YComPort added to the Settings Form.
11/9/2024 10:36:22 [Information] YCOM10: YComPort added to the Settings Form.
11/9/2024 10:36:22 [Information] decimal: 50.00 ZaxisAcceleration added to the Settings Form.
11/9/2024 10:36:22 [Information] bool: False ZaxisChanged added to the Settings Form.
11/9/2024 10:36:22 [Information] decimal: 400.00 ZaxisMotorSpeed added to the Settings Form.
11/9/2024 10:36:22 [Information] decimal: 0.00 ZaxisStepperCurrent added to the Settings Form.
11/9/2024 10:36:22 [Information] decimal: 0.00 ZaxisStepperMove added to the Settings Form.
11/9/2024 10:36:22 [Information] ZCOM1: ZComPort added to the Settings Form.
11/9/2024 10:36:22 [Information] ZCOM2: ZComPort added to the Settings Form.
11/9/2024 10:36:22 [Information] ZCOM3: ZComPort added to the Settings Form.
11/9/2024 10:36:22 [Information] ZCOM4: ZComPort added to the Settings Form.
11/9/2024 10:36:22 [Information] ZCOM5: ZComPort added to the Settings Form.
11/9/2024 10:36:22 [Information] ZCOM6: ZComPort added to the Settings Form.
11/9/2024 10:36:22 [Information] ZCOM7: ZComPort added to the Settings Form.
11/9/2024 10:36:22 [Information] ZCOM8: ZComPort added to the Settings Form.
11/9/2024 10:36:22 [Information] ZCOM9: ZComPort added to the Settings Form.
11/9/2024 10:36:22 [Information] ZCOM10: ZComPort added to the Settings Form.
11/9/2024 10:36:22 [Information] int: 0 zeroXaxis added to the Settings Form.
11/9/2024 10:36:22 [Information] int: 0 zeroYaxis added to the Settings Form.
11/9/2024 10:36:22 [Information] int: 0 zeroZaxis added to the Settings Form.
11/9/2024 10:36:23 [Information] Stepper Motor Controller MainWindow loaded
11/9/2024 10:36:23 [Information] Set MainWindow Media Brushes to White.
11/9/2024 10:36:29 [Information] Z Axis mouse controlled Keypad returned: 4.00
11/9/2024 10:36:31 [Information] Z Axis Run button clicked:
11/9/2024 10:36:33 [Information] Z Axis MotorMovementSeconds decimal: (4.00 / 4) / 2 = 0.50
11/9/2024 10:36:34 [Information] Z Axis Run Event: Z,0.00,400.00,0,0.00,400.00,0,4.00,400.00,0
11/9/2024 10:36:34 [Information] Z Axis Current Time: 10:36:34 + 0 = 10:36:34
11/9/2024 10:36:34 [Information] Stepper Motor Controller Enable Z Axis controls after moving to location.
11/9/2024 10:36:34 [Information] Stepper Motor Controller Stopwatch Stopped.
11/9/2024 10:36:34 [Information] Stepper Motor Controller Timer Stopped.
11/9/2024 10:36:34 [Information] Stepper Motor Controller Stopwatch Reset.
11/9/2024 10:36:36 [Information] Z Axis Run button clicked:
11/9/2024 10:36:51 [Information] Z Axis MotorMovementSeconds decimal: (4.00 / 4) / 2 = 0.50
11/9/2024 10:36:52 [Information] Z Axis Run Event: Z,0.00,400.00,0,0.00,400.00,0,4.00,400.00,0
11/9/2024 10:36:52 [Information] Z Axis Current Time: 10:36:52 + 0 = 10:36:52
11/9/2024 10:36:52 [Information] Stepper Motor Controller Enable Z Axis controls after moving to location.
11/9/2024 10:36:52 [Information] Stepper Motor Controller Stopwatch Stopped.
11/9/2024 10:36:52 [Information] Stepper Motor Controller Timer Stopped.
11/9/2024 10:36:52 [Information] Stepper Motor Controller Stopwatch Reset.
11/9/2024 10:36:57 [Information] Z Axis Run button clicked:
11/9/2024 10:37:03 [Information] Z Axis MotorMovementSeconds decimal: (4.00 / 4) / 2 = 0.50
11/9/2024 10:37:04 [Information] Z Axis Run Event: Z,0.00,400.00,0,0.00,400.00,0,4.00,400.00,0
11/9/2024 10:37:04 [Information] Z Axis Current Time: 10:37:04 + 0 = 10:37:04
11/9/2024 10:37:04 [Information] Stepper Motor Controller Enable Z Axis controls after moving to location.
11/9/2024 10:37:04 [Information] Stepper Motor Controller Stopwatch Stopped.
11/9/2024 10:37:04 [Information] Stepper Motor Controller Timer Stopped.
11/9/2024 10:37:04 [Information] Stepper Motor Controller Stopwatch Reset.
11/9/2024 10:37:09 [Information] Z Axis Run button clicked:
11/9/2024 10:37:18 [Information] Z Axis MotorMovementSeconds decimal: (4.00 / 4) / 2 = 0.50
11/9/2024 10:37:19 [Information] Z Axis Run Event: Z,0.00,400.00,0,0.00,400.00,0,4.00,400.00,0
11/9/2024 10:37:19 [Information] Z Axis Current Time: 10:37:19 + 0 = 10:37:19
11/9/2024 10:37:19 [Information] Stepper Motor Controller Enable Z Axis controls after moving to location.
11/9/2024 10:37:19 [Information] Stepper Motor Controller Stopwatch Stopped.
11/9/2024 10:37:19 [Information] Stepper Motor Controller Timer Stopped.
11/9/2024 10:37:19 [Information] Stepper Motor Controller Stopwatch Reset.
11/9/2024 10:37:25 [Information] Z Axis Run button clicked:
11/9/2024 10:37:28 [Information] Z Axis MotorMovementSeconds decimal: (4.00 / 4) / 2 = 0.50
11/9/2024 10:37:29 [Information] Z Axis Run Event: Z,0.00,400.00,0,0.00,400.00,0,4.00,400.00,0
11/9/2024 10:37:29 [Information] Z Axis Current Time: 10:37:29 + 0 = 10:37:29
11/9/2024 10:37:30 [Information] Stepper Motor Controller Enable Z Axis controls after moving to location.
11/9/2024 10:37:30 [Information] Stepper Motor Controller Stopwatch Stopped.
11/9/2024 10:37:30 [Information] Stepper Motor Controller Timer Stopped.
11/9/2024 10:37:30 [Information] Stepper Motor Controller Stopwatch Reset.
11/9/2024 10:37:40 [Information] Z Axis mouse controlled Keypad returned: -4.00
11/9/2024 10:37:41 [Information] Z Axis Run button clicked:
11/9/2024 10:37:50 [Information] Z Axis MotorMovementSeconds decimal: (-4.00 / 4) / 2 = -0.50
11/9/2024 10:37:51 [Information] Z Axis Run Event: Z,0.00,400.00,0,0.00,400.00,0,-4.00,400.00,0
11/9/2024 10:37:51 [Information] Z Axis Current Time: 10:37:51 + 0 = 10:37:51
11/9/2024 10:37:52 [Information] Stepper Motor Controller Enable Z Axis controls after moving to location.
11/9/2024 10:37:52 [Information] Stepper Motor Controller Stopwatch Stopped.
11/9/2024 10:37:52 [Information] Stepper Motor Controller Timer Stopped.
11/9/2024 10:37:52 [Information] Stepper Motor Controller Stopwatch Reset.
11/9/2024 10:37:54 [Information] Z Axis Run button clicked:
11/9/2024 10:37:56 [Information] Z Axis MotorMovementSeconds decimal: (-4.00 / 4) / 2 = -0.50
11/9/2024 10:37:57 [Information] Z Axis Run Event: Z,0.00,400.00,0,0.00,400.00,0,-4.00,400.00,0
11/9/2024 10:37:57 [Information] Z Axis Current Time: 10:37:57 + 0 = 10:37:57
11/9/2024 10:37:57 [Information] Stepper Motor Controller Enable Z Axis controls after moving to location.
11/9/2024 10:37:57 [Information] Stepper Motor Controller Stopwatch Stopped.
11/9/2024 10:37:57 [Information] Stepper Motor Controller Timer Stopped.
11/9/2024 10:37:57 [Information] Stepper Motor Controller Stopwatch Reset.
11/9/2024 10:38:00 [Information] Z Axis Run button clicked:
11/9/2024 10:38:05 [Information] Z Axis MotorMovementSeconds decimal: (-4.00 / 4) / 2 = -0.50
11/9/2024 10:38:06 [Information] Z Axis Run Event: Z,0.00,400.00,0,0.00,400.00,0,-4.00,400.00,0
11/9/2024 10:38:06 [Information] Z Axis Current Time: 10:38:06 + 0 = 10:38:06
11/9/2024 10:38:06 [Information] Stepper Motor Controller Enable Z Axis controls after moving to location.
11/9/2024 10:38:06 [Information] Stepper Motor Controller Stopwatch Stopped.
11/9/2024 10:38:06 [Information] Stepper Motor Controller Timer Stopped.
11/9/2024 10:38:06 [Information] Stepper Motor Controller Stopwatch Reset.
11/9/2024 10:38:08 [Information] Z Axis Run button clicked:
11/9/2024 10:38:10 [Information] Z Axis MotorMovementSeconds decimal: (-4.00 / 4) / 2 = -0.50
11/9/2024 10:38:12 [Information] Z Axis Run Event: Z,0.00,400.00,0,0.00,400.00,0,-4.00,400.00,0
11/9/2024 10:38:12 [Information] Z Axis Current Time: 10:38:12 + 0 = 10:38:12
11/9/2024 10:38:12 [Information] Stepper Motor Controller Enable Z Axis controls after moving to location.
11/9/2024 10:38:12 [Information] Stepper Motor Controller Stopwatch Stopped.
11/9/2024 10:38:12 [Information] Stepper Motor Controller Timer Stopped.
11/9/2024 10:38:12 [Information] Stepper Motor Controller Stopwatch Reset.
11/9/2024 10:38:15 [Information] Z Axis Run button clicked:
11/9/2024 10:38:18 [Information] Z Axis MotorMovementSeconds decimal: (-4.00 / 4) / 2 = -0.50
11/9/2024 10:38:19 [Information] Z Axis Run Event: Z,0.00,400.00,0,0.00,400.00,0,-4.00,400.00,0
11/9/2024 10:38:19 [Information] Z Axis Current Time: 10:38:19 + 0 = 10:38:19
11/9/2024 10:38:19 [Information] Stepper Motor Controller Enable Z Axis controls after moving to location.
11/9/2024 10:38:19 [Information] Stepper Motor Controller Stopwatch Stopped.
11/9/2024 10:38:19 [Information] Stepper Motor Controller Timer Stopped.
11/9/2024 10:38:19 [Information] Stepper Motor Controller Stopwatch Reset.
11/9/2024 10:38:48 [Information] Stepper Motor Controller MainWindow Closing.
11/9/2024 10:38:48 [Information] Stepper Motor Controller Serial Ports closed.
11/9/2024 10:38:48 [Information] Properties Settings Saved.
11/9/2024 10:38:48 [Information] Properties Settings Form Closed.
11/9/2024 10:38:48 [Information] Stepper Motor Controller Form Closed.
