11/18/2024 09:10:01 [Information] Stepper Motor Controller Application Started.
11/18/2024 09:10:01 [Information] Version: 3.0.9088.16495 (11/18/2024 09:10:01)
11/18/2024 09:10:01 [Error] I/O error occurred while opening the port COM7.
11/18/2024 09:10:30 [Error] I/O error occurred while opening the port COM8.
11/18/2024 09:10:31 [Information] SerialPort COM10 opened successfully.
11/18/2024 09:10:31 [Information] Stepper Motor Controller Application Started.
11/18/2024 09:10:31 [Information] Version: 3.0.9088.16495 (11/18/2024 09:10:31)
11/18/2024 09:10:31 [Information] Version: 3.1.0.16496 (11/18/2024 09:10:31)
11/18/2024 09:10:31 [Warning] Element AssemblyVersion not found in the provided XML document.
11/18/2024 09:10:31 [Warning] Element FileVersion not found in the provided XML document.
11/18/2024 09:10:31 [Information] Version: 3.1.0.16496 (11/18/2024 09:10:31)
11/18/2024 09:10:31 [Information] Stepper Motor Controller Application Settings Window Opened.
11/18/2024 09:10:31 [Information] Stepper Motor Controller Application Settings form is rebuilt each and every time it is opened.
11/18/2024 09:10:31 [Information] int: 9600 BaudRate added to the Settings Form.
11/18/2024 09:10:31 [Information] bool: False ckbXaxisResetToZeroIsChecked added to the Settings Form.
11/18/2024 09:10:31 [Information] bool: False ckbYaxisResetToZeroIsChecked added to the Settings Form.
11/18/2024 09:10:31 [Information] bool: False ckbZaxisResetToZeroIsChecked added to the Settings Form.
11/18/2024 09:10:31 [Information] COM1: ComPort added to the Settings Form.
11/18/2024 09:10:31 [Information] COM2: ComPort added to the Settings Form.
11/18/2024 09:10:31 [Information] COM3: ComPort added to the Settings Form.
11/18/2024 09:10:31 [Information] COM4: ComPort added to the Settings Form.
11/18/2024 09:10:31 [Information] COM5: ComPort added to the Settings Form.
11/18/2024 09:10:31 [Information] COM6: ComPort added to the Settings Form.
11/18/2024 09:10:31 [Information] COM7: ComPort added to the Settings Form.
11/18/2024 09:10:31 [Information] COM8: ComPort added to the Settings Form.
11/18/2024 09:10:31 [Information] COM9: ComPort added to the Settings Form.
11/18/2024 09:10:31 [Information] COM10: ComPort added to the Settings Form.
11/18/2024 09:10:31 [Information] decimal: 4.00 Divider4_00 added to the Settings Form.
11/18/2024 09:10:31 [Information] decimal: 0.00 MathPart2Initlz added to the Settings Form.
11/18/2024 09:10:31 [Information] decimal: 1.00 MilisecondTimerInterval added to the Settings Form.
11/18/2024 09:10:31 [Information] decimal: 1000.00 MillisecondDelay added to the Settings Form.
11/18/2024 09:10:31 [Information] int: 1000 Milliseconds added to the Settings Form.
11/18/2024 09:10:31 [Information] int: 4 mmPerRevolution added to the Settings Form.
11/18/2024 09:10:31 [Information] int: 2000 ThreadSleep added to the Settings Form.
11/18/2024 09:10:31 [Information] decimal: 0.00 Value_0_00 added to the Settings Form.
11/18/2024 09:10:31 [Information] decimal: 50.00 XaxisAcceleration added to the Settings Form.
11/18/2024 09:10:31 [Information] bool: False XaxisChanged added to the Settings Form.
11/18/2024 09:10:31 [Information] decimal: 400.00 XaxisMotorSpeed added to the Settings Form.
11/18/2024 09:10:31 [Information] decimal: 0.00 XaxisStepperCurrent added to the Settings Form.
11/18/2024 09:10:31 [Information] decimal: 0.00 XaxisStepperMove added to the Settings Form.
11/18/2024 09:10:31 [Information] XCOM1: XComPort added to the Settings Form.
11/18/2024 09:10:31 [Information] XCOM2: XComPort added to the Settings Form.
11/18/2024 09:10:31 [Information] XCOM3: XComPort added to the Settings Form.
11/18/2024 09:10:31 [Information] XCOM4: XComPort added to the Settings Form.
11/18/2024 09:10:31 [Information] XCOM5: XComPort added to the Settings Form.
11/18/2024 09:10:31 [Information] XCOM6: XComPort added to the Settings Form.
11/18/2024 09:10:31 [Information] XCOM7: XComPort added to the Settings Form.
11/18/2024 09:10:31 [Information] XCOM8: XComPort added to the Settings Form.
11/18/2024 09:10:31 [Information] XCOM9: XComPort added to the Settings Form.
11/18/2024 09:10:31 [Information] XCOM10: XComPort added to the Settings Form.
11/18/2024 09:10:31 [Information] decimal: 50.00 YaxisAcceleration added to the Settings Form.
11/18/2024 09:10:31 [Information] bool: False YaxisChanged added to the Settings Form.
11/18/2024 09:10:31 [Information] decimal: 400.00 YaxisMotorSpeed added to the Settings Form.
11/18/2024 09:10:31 [Information] decimal: 0.00 YaxisStepperCurrent added to the Settings Form.
11/18/2024 09:10:31 [Information] decimal: 0.00 YaxisStepperMove added to the Settings Form.
11/18/2024 09:10:31 [Information] YCOM1: YComPort added to the Settings Form.
11/18/2024 09:10:31 [Information] YCOM2: YComPort added to the Settings Form.
11/18/2024 09:10:31 [Information] YCOM3: YComPort added to the Settings Form.
11/18/2024 09:10:31 [Information] YCOM4: YComPort added to the Settings Form.
11/18/2024 09:10:31 [Information] YCOM5: YComPort added to the Settings Form.
11/18/2024 09:10:31 [Information] YCOM6: YComPort added to the Settings Form.
11/18/2024 09:10:31 [Information] YCOM7: YComPort added to the Settings Form.
11/18/2024 09:10:31 [Information] YCOM8: YComPort added to the Settings Form.
11/18/2024 09:10:31 [Information] YCOM9: YComPort added to the Settings Form.
11/18/2024 09:10:31 [Information] YCOM10: YComPort added to the Settings Form.
11/18/2024 09:10:31 [Information] decimal: 50.00 ZaxisAcceleration added to the Settings Form.
11/18/2024 09:10:31 [Information] bool: False ZaxisChanged added to the Settings Form.
11/18/2024 09:10:31 [Information] decimal: 400.00 ZaxisMotorSpeed added to the Settings Form.
11/18/2024 09:10:31 [Information] decimal: 0.00 ZaxisStepperCurrent added to the Settings Form.
11/18/2024 09:10:31 [Information] decimal: 0.00 ZaxisStepperMove added to the Settings Form.
11/18/2024 09:10:31 [Information] ZCOM1: ZComPort added to the Settings Form.
11/18/2024 09:10:31 [Information] ZCOM2: ZComPort added to the Settings Form.
11/18/2024 09:10:31 [Information] ZCOM3: ZComPort added to the Settings Form.
11/18/2024 09:10:31 [Information] ZCOM4: ZComPort added to the Settings Form.
11/18/2024 09:10:31 [Information] ZCOM5: ZComPort added to the Settings Form.
11/18/2024 09:10:31 [Information] ZCOM6: ZComPort added to the Settings Form.
11/18/2024 09:10:31 [Information] ZCOM7: ZComPort added to the Settings Form.
11/18/2024 09:10:31 [Information] ZCOM8: ZComPort added to the Settings Form.
11/18/2024 09:10:31 [Information] ZCOM9: ZComPort added to the Settings Form.
11/18/2024 09:10:31 [Information] ZCOM10: ZComPort added to the Settings Form.
11/18/2024 09:10:31 [Information] int: 0 zeroXaxis added to the Settings Form.
11/18/2024 09:10:31 [Information] int: 0 zeroYaxis added to the Settings Form.
11/18/2024 09:10:31 [Information] int: 0 zeroZaxis added to the Settings Form.
11/18/2024 09:10:32 [Information] Stepper Motor Controller MainWindow loaded
11/18/2024 09:10:32 [Information] Set MainWindow Media Brushes to White.
11/18/2024 09:10:39 [Information] txtZaxisStepperMove Axis mouse controlled Keypad returned: 32.00
11/18/2024 09:10:46 [Information] Z Axis Run button clicked:
11/18/2024 09:10:47 [Information] Z Axis Run Event: Z,0.00,400.00,0,0.00,400.00,0,32.00,400.00,0
11/18/2024 09:10:47 [Information] Z Axis MotorMovementSeconds: 0.08
11/18/2024 09:10:47 [Information] Z Axis Timer Started. Target End Time: 09:10:47
11/18/2024 09:10:47 [Information] Z Axis Stopwatch Started.
11/18/2024 09:10:59 [Information] Z Axis Current Time: 09:10:59 + 0 = 09:10:47
11/18/2024 09:11:00 [Information] Z Axis Data Received: serialData: Z,0.00,400.00,0,0.00,400.00,0,32.00,400.00,0
Z Axis CCW STOPPED
Z Axis CCW Motor Current Position:  273
Z Axis CCW STOPPED
Z Axis CCW Motor Current Position:  273
Z Axis CCW STOPPED
Z Axis CCW Motor Current Position:  273
Z Axis CCW STOPPED
Z Axis CCW Motor Current Position:  274
Z Axis CCW STOPPED
Z Axis CCW Motor Current Position:  274
Z Axis reached target position
Current Position: 354

11/18/2024 09:11:00 [Information] Z Axis Motor Stopped
11/18/2024 09:11:11 [Information] Z Axis Motor Current Position: 5.46
11/18/2024 09:11:11 [Information] Z Axis Motor Current Position: 5.46
11/18/2024 09:11:11 [Information] Z Axis Motor Current Position: 5.46
11/18/2024 09:11:11 [Information] Z Axis Motor Current Position: 5.48
11/18/2024 09:11:11 [Information] Z Axis Motor Current Position: 5.48
11/18/2024 09:11:45 [Information] Z Axis Run button clicked:
11/18/2024 09:11:46 [Information] Z Axis Run Event: Z,0.00,400.00,0,0.00,400.00,0,32.00,400.00,0
11/18/2024 09:11:46 [Information] Z Axis MotorMovementSeconds: 0.08
11/18/2024 09:11:46 [Information] Z Axis Timer Started. Target End Time: 09:11:46
11/18/2024 09:11:46 [Information] Z Axis Stopwatch Started.
11/18/2024 09:11:56 [Information] Z Axis Current Time: 09:11:56 + 0 = 09:11:46
11/18/2024 09:11:56 [Information] Z Axis Data Received: ????????????????????????????????????????????????????????????????erialData: Z,0.00,400.00,0,0.00,400.00,0,32.00,400.00,0
Z Axis CCW STOPPED
Z Axis CCW Motor Current Position:  465
Z Axis CCW STOPPED
Z Axis CCW Motor Current Position:  465
Z Axis CCW STOPPED
Z Axis CCW Motor Current Position:  465
Z Axis CCW STOPPED
Z Axis CCW Motor Current Position:  466
Z Axis CCW STOPPED
Z Axis CCW Motor Current Position:  466
Z Axis reached target position
Current Position: 546

11/18/2024 09:11:56 [Information] Z Axis Motor Stopped
11/18/2024 09:12:07 [Information] Z Axis Motor Current Position: 9.3
11/18/2024 09:12:07 [Information] Z Axis Motor Current Position: 9.3
11/18/2024 09:12:07 [Information] Z Axis Motor Current Position: 9.3
11/18/2024 09:12:07 [Information] Z Axis Motor Current Position: 9.32
11/18/2024 09:12:07 [Information] Z Axis Motor Current Position: 9.32
11/18/2024 09:12:23 [Information] Z Axis Run button clicked:
11/18/2024 09:12:24 [Information] Z Axis Run Event: Z,0.00,400.00,0,0.00,400.00,0,32.00,400.00,0
11/18/2024 09:12:24 [Information] Z Axis MotorMovementSeconds: 0.08
11/18/2024 09:12:24 [Information] Z Axis Timer Started. Target End Time: 09:12:24
11/18/2024 09:12:24 [Information] Z Axis Stopwatch Started.
11/18/2024 09:12:32 [Information] Z Axis Current Time: 09:12:32 + 0 = 09:12:24
11/18/2024 09:12:32 [Information] Z Axis Data Received: serialData: Z,0.00,400.00,0,0.00,400.00,0,32.00,400.00,0
Z Axis CCW STOPPED
Z Axis CCW Motor Current Position:  199
Z Axis CCW STOPPED
Z Axis CCW Motor Current Position:  199
Z Axis CCW STOPPED
Z Axis CCW Motor Current Position:  199
Z Axis CCW STOPPED
Z Axis CCW Motor Current Position:  200
Z Axis CCW STOPPED
Z Axis CCW Motor Current Position:  200
Z Axis reached target position
Current Position: 280

11/18/2024 09:12:32 [Information] Z Axis Motor Stopped
11/18/2024 09:12:34 [Information] Z Axis Motor Current Position: 3.98
11/18/2024 09:12:34 [Information] Z Axis Motor Current Position: 3.98
11/18/2024 09:12:34 [Information] Z Axis Motor Current Position: 3.98
11/18/2024 09:12:34 [Information] Z Axis Motor Current Position: 4
11/18/2024 09:12:34 [Information] Z Axis Motor Current Position: 4
11/18/2024 09:12:37 [Information] Z Axis Run button clicked:
11/18/2024 09:12:38 [Information] Z Axis Run Event: Z,0.00,400.00,0,0.00,400.00,0,32.00,400.00,0
11/18/2024 09:12:38 [Information] Z Axis MotorMovementSeconds: 0.08
11/18/2024 09:12:38 [Information] Z Axis Timer Started. Target End Time: 09:12:38
11/18/2024 09:12:38 [Information] Z Axis Stopwatch Started.
11/18/2024 09:12:46 [Information] Z Axis Current Time: 09:12:46 + 0 = 09:12:38
11/18/2024 09:12:46 [Information] Z Axis Data Received: serialData: Z,0.00,400.00,0,0.00,400.00,0,32.00,400.00,0
Z Axis CCW STOPPED
Z Axis CCW Motor Current Position:  148
Z Axis CCW STOPPED
Z Axis CCW Motor Current Position:  148
Z Axis CCW STOPPED
Z Axis CCW Motor Current Position:  148
Z Axis CCW STOPPED
Z Axis CCW Motor Current Position:  149
Z Axis CCW STOPPED
Z Axis CCW Motor Current Position:  149
Z Axis reached target position
Current Position: 229

11/18/2024 09:12:46 [Information] Z Axis Motor Stopped
11/18/2024 09:12:48 [Information] Z Axis Motor Current Position: 2.96
11/18/2024 09:12:48 [Information] Z Axis Motor Current Position: 2.96
11/18/2024 09:12:48 [Information] Z Axis Motor Current Position: 2.96
11/18/2024 09:12:48 [Information] Z Axis Motor Current Position: 2.98
11/18/2024 09:12:48 [Information] Z Axis Motor Current Position: 2.98
11/18/2024 09:12:52 [Information] Z Axis Run button clicked:
11/18/2024 09:12:53 [Information] Z Axis Run Event: Z,0.00,400.00,0,0.00,400.00,0,32.00,400.00,0
11/18/2024 09:12:53 [Information] Z Axis MotorMovementSeconds: 0.08
11/18/2024 09:12:53 [Information] Z Axis Timer Started. Target End Time: 09:12:53
11/18/2024 09:12:53 [Information] Z Axis Stopwatch Started.
