11/13/2024 18:39:39 [Information] Stepper Motor Controller Application Started.
11/13/2024 18:39:39 [Information] Version: 3.0.9083.33583 (11/13/2024 18:39:39)
11/13/2024 18:39:39 [Information] SerialPort COM7 not connected.
11/13/2024 18:39:39 [Information] SerialPort COM8 not connected.
11/13/2024 18:39:39 [Information] SerialPort COM3 not connected.
11/13/2024 18:39:39 [Information] Stepper Motor Controller Application Started.
11/13/2024 18:39:39 [Information] Version: 3.0.9083.33583 (11/13/2024 18:39:39)
11/13/2024 18:39:39 [Information] Version: 3.1.0.33584 (11/13/2024 18:39:39)
11/13/2024 18:39:39 [Information] Version: 3.1.0.33584 (11/13/2024 18:39:39)
11/13/2024 18:39:39 [Information] Stepper Motor Controller Application Settings Window Opened.
11/13/2024 18:39:39 [Information] Stepper Motor Controller Application Settings form is rebuilt each and every time it is opened.
11/13/2024 18:39:39 [Information] int: 9600 BaudRate added to the Settings Form.
11/13/2024 18:39:39 [Information] bool: False ckbXaxisResetToZeroIsChecked added to the Settings Form.
11/13/2024 18:39:39 [Information] bool: False ckbYaxisResetToZeroIsChecked added to the Settings Form.
11/13/2024 18:39:39 [Information] bool: False ckbZaxisResetToZeroIsChecked added to the Settings Form.
11/13/2024 18:39:39 [Information] COM1: ComPort added to the Settings Form.
11/13/2024 18:39:39 [Information] COM2: ComPort added to the Settings Form.
11/13/2024 18:39:39 [Information] COM3: ComPort added to the Settings Form.
11/13/2024 18:39:39 [Information] COM4: ComPort added to the Settings Form.
11/13/2024 18:39:39 [Information] COM5: ComPort added to the Settings Form.
11/13/2024 18:39:39 [Information] COM6: ComPort added to the Settings Form.
11/13/2024 18:39:39 [Information] COM7: ComPort added to the Settings Form.
11/13/2024 18:39:39 [Information] COM8: ComPort added to the Settings Form.
11/13/2024 18:39:39 [Information] COM9: ComPort added to the Settings Form.
11/13/2024 18:39:39 [Information] COM10: ComPort added to the Settings Form.
11/13/2024 18:39:39 [Information] decimal: 4.00 Divider4_00 added to the Settings Form.
11/13/2024 18:39:39 [Information] decimal: 0.00 MathPart2Initlz added to the Settings Form.
11/13/2024 18:39:39 [Information] decimal: 1.00 MilisecondTimerInterval added to the Settings Form.
11/13/2024 18:39:39 [Information] decimal: 1000.00 MillisecondDelay added to the Settings Form.
11/13/2024 18:39:39 [Information] int: 1000 Milliseconds added to the Settings Form.
11/13/2024 18:39:39 [Information] int: 4 mmPerRevolution added to the Settings Form.
11/13/2024 18:39:39 [Information] int: 2000 ThreadSleep added to the Settings Form.
11/13/2024 18:39:39 [Information] decimal: 0.00 Value_0_00 added to the Settings Form.
11/13/2024 18:39:39 [Information] decimal: 50.00 XaxisAcceleration added to the Settings Form.
11/13/2024 18:39:39 [Information] bool: False XaxisChanged added to the Settings Form.
11/13/2024 18:39:39 [Information] decimal: 400.00 XaxisMotorSpeed added to the Settings Form.
11/13/2024 18:39:39 [Information] decimal: 0.00 XaxisStepperCurrent added to the Settings Form.
11/13/2024 18:39:39 [Information] decimal: 0.00 XaxisStepperMove added to the Settings Form.
11/13/2024 18:39:39 [Information] XCOM1: XComPort added to the Settings Form.
11/13/2024 18:39:39 [Information] XCOM2: XComPort added to the Settings Form.
11/13/2024 18:39:39 [Information] XCOM3: XComPort added to the Settings Form.
11/13/2024 18:39:39 [Information] XCOM4: XComPort added to the Settings Form.
11/13/2024 18:39:39 [Information] XCOM5: XComPort added to the Settings Form.
11/13/2024 18:39:39 [Information] XCOM6: XComPort added to the Settings Form.
11/13/2024 18:39:39 [Information] XCOM7: XComPort added to the Settings Form.
11/13/2024 18:39:39 [Information] XCOM8: XComPort added to the Settings Form.
11/13/2024 18:39:39 [Information] XCOM9: XComPort added to the Settings Form.
11/13/2024 18:39:39 [Information] XCOM10: XComPort added to the Settings Form.
11/13/2024 18:39:39 [Information] decimal: 50.00 YaxisAcceleration added to the Settings Form.
11/13/2024 18:39:39 [Information] bool: False YaxisChanged added to the Settings Form.
11/13/2024 18:39:39 [Information] decimal: 400.00 YaxisMotorSpeed added to the Settings Form.
11/13/2024 18:39:39 [Information] decimal: 0.00 YaxisStepperCurrent added to the Settings Form.
11/13/2024 18:39:39 [Information] decimal: 0.00 YaxisStepperMove added to the Settings Form.
11/13/2024 18:39:39 [Information] YCOM1: YComPort added to the Settings Form.
11/13/2024 18:39:39 [Information] YCOM2: YComPort added to the Settings Form.
11/13/2024 18:39:39 [Information] YCOM3: YComPort added to the Settings Form.
11/13/2024 18:39:39 [Information] YCOM4: YComPort added to the Settings Form.
11/13/2024 18:39:39 [Information] YCOM5: YComPort added to the Settings Form.
11/13/2024 18:39:39 [Information] YCOM6: YComPort added to the Settings Form.
11/13/2024 18:39:39 [Information] YCOM7: YComPort added to the Settings Form.
11/13/2024 18:39:39 [Information] YCOM8: YComPort added to the Settings Form.
11/13/2024 18:39:39 [Information] YCOM9: YComPort added to the Settings Form.
11/13/2024 18:39:39 [Information] YCOM10: YComPort added to the Settings Form.
11/13/2024 18:39:39 [Information] decimal: 50.00 ZaxisAcceleration added to the Settings Form.
11/13/2024 18:39:39 [Information] bool: False ZaxisChanged added to the Settings Form.
11/13/2024 18:39:39 [Information] decimal: 400.00 ZaxisMotorSpeed added to the Settings Form.
11/13/2024 18:39:39 [Information] decimal: 0.00 ZaxisStepperCurrent added to the Settings Form.
11/13/2024 18:39:39 [Information] decimal: 0.00 ZaxisStepperMove added to the Settings Form.
11/13/2024 18:39:39 [Information] ZCOM1: ZComPort added to the Settings Form.
11/13/2024 18:39:39 [Information] ZCOM2: ZComPort added to the Settings Form.
11/13/2024 18:39:39 [Information] ZCOM3: ZComPort added to the Settings Form.
11/13/2024 18:39:39 [Information] ZCOM4: ZComPort added to the Settings Form.
11/13/2024 18:39:39 [Information] ZCOM5: ZComPort added to the Settings Form.
11/13/2024 18:39:39 [Information] ZCOM6: ZComPort added to the Settings Form.
11/13/2024 18:39:39 [Information] ZCOM7: ZComPort added to the Settings Form.
11/13/2024 18:39:39 [Information] ZCOM8: ZComPort added to the Settings Form.
11/13/2024 18:39:39 [Information] ZCOM9: ZComPort added to the Settings Form.
11/13/2024 18:39:39 [Information] ZCOM10: ZComPort added to the Settings Form.
11/13/2024 18:39:39 [Information] int: 0 zeroXaxis added to the Settings Form.
11/13/2024 18:39:39 [Information] int: 0 zeroYaxis added to the Settings Form.
11/13/2024 18:39:39 [Information] int: 0 zeroZaxis added to the Settings Form.
11/13/2024 18:39:40 [Information] Stepper Motor Controller MainWindow loaded
11/13/2024 18:39:40 [Information] Set MainWindow Media Brushes to White.
11/13/2024 18:39:56 [Information] Z Axis mouse controlled Keypad returned: 4.00
11/13/2024 18:39:58 [Information] Z Axis Run button clicked:
11/13/2024 18:39:58 [Information] Z Axis MotorMovementSeconds decimal: (4.00 / 4) / 2 = 0.50
11/13/2024 18:39:59 [Information] Z Axis error occurred: The port is closed.
11/13/2024 18:40:07 [Information] Stepper Motor Controller Loading Application Settings form.
11/13/2024 18:40:12 [Information] Stepper Motor Controller Application Settings Saved after control lost focus.
11/13/2024 18:40:12 [Information] ZComPort: values for ZComPort Saved to the Settings.
11/13/2024 18:40:12 [Information] Stepper Motor Controller Application Settings Saved after control lost focus.
11/13/2024 18:40:12 [Information] ZComPort: values for ZComPort Saved to the Settings.
11/13/2024 18:40:12 [Information] Stepper Motor Controller Application Settings Saved after control lost focus.
11/13/2024 18:40:12 [Information] ZComPort: values for ZComPort Saved to the Settings.
11/13/2024 18:40:12 [Information] Stepper Motor Controller Application Settings Saved after control lost focus.
11/13/2024 18:40:12 [Information] ZComPort: values for ZComPort Saved to the Settings.
11/13/2024 18:40:12 [Information] Stepper Motor Controller Application Settings Saved after control lost focus.
11/13/2024 18:40:12 [Information] ZComPort: values for ZComPort Saved to the Settings.
11/13/2024 18:40:12 [Information] Stepper Motor Controller Application Settings Saved after control lost focus.
11/13/2024 18:40:12 [Information] ZComPort: values for ZComPort Saved to the Settings.
11/13/2024 18:40:12 [Information] Stepper Motor Controller Application Settings Saved after control lost focus.
11/13/2024 18:40:12 [Information] ZComPort: values for ZComPort Saved to the Settings.
11/13/2024 18:40:12 [Information] Stepper Motor Controller Application Settings Saved after control lost focus.
11/13/2024 18:40:12 [Information] ZComPort: values for ZComPort Saved to the Settings.
11/13/2024 18:40:12 [Information] Stepper Motor Controller Application Settings Saved after control lost focus.
11/13/2024 18:40:12 [Information] ZComPort: values for ZComPort Saved to the Settings.
11/13/2024 18:40:12 [Information] Stepper Motor Controller Application Settings Saved after control lost focus.
11/13/2024 18:40:12 [Information] ZComPort: values for ZComPort Saved to the Settings.
11/13/2024 18:40:13 [Information] Stepper Motor Controller Application Settings Saved after control lost focus.
11/13/2024 18:40:13 [Information] ZComPort: values for ZComPort Saved to the Settings.
11/13/2024 18:40:13 [Information] Stepper Motor Controller Application Settings Saved after control lost focus.
11/13/2024 18:40:13 [Information] ZComPort: values for ZComPort Saved to the Settings.
11/13/2024 18:40:17 [Information] Stepper Motor Controller Application Settings Saved after control lost focus.
11/13/2024 18:40:17 [Information] ZComPort: values for ZComPort Saved to the Settings.
11/13/2024 18:40:17 [Information] Stepper Motor Controller Application Settings Saved.
11/13/2024 18:40:25 [Information] Z Axis Run button clicked:
11/13/2024 18:40:25 [Information] Z Axis MotorMovementSeconds decimal: (4.00 / 4) / 2 = 0.50
11/13/2024 18:40:26 [Information] Z Axis Run Event: Z,0.00,400.00,0,0.00,400.00,0,4.00,400.00,0
11/13/2024 18:40:26 [Information] Z Axis Current Time: 06:40:26 + 0 = 06:40:26
11/13/2024 18:40:26 [Information] Stepper Motor Controller Enable Z Axis controls after moving to location.
11/13/2024 18:40:26 [Information] Stepper Motor Controller Stopwatch Stopped.
11/13/2024 18:40:26 [Information] Stepper Motor Controller Timer Stopped.
11/13/2024 18:40:26 [Information] Stepper Motor Controller Stopwatch Reset.
11/13/2024 18:40:27 [Information] Z Axis Data Received: ???????????????????????????????????????????????????????????????? Axis Absolute Position 200.00
?
11/13/2024 18:40:27 [Information] Z Axis Data Received: 
11/13/2024 18:40:29 [Information] Z Axis Run button clicked:
11/13/2024 18:40:29 [Information] Z Axis MotorMovementSeconds decimal: (4.00 / 4) / 2 = 0.50
11/13/2024 18:40:30 [Information] Z Axis Run Event: Z,0.00,400.00,0,0.00,400.00,0,4.00,400.00,0
11/13/2024 18:40:30 [Information] Z Axis Current Time: 06:40:30 + 0 = 06:40:30
11/13/2024 18:40:30 [Information] Stepper Motor Controller Enable Z Axis controls after moving to location.
11/13/2024 18:40:30 [Information] Stepper Motor Controller Stopwatch Stopped.
11/13/2024 18:40:30 [Information] Stepper Motor Controller Timer Stopped.
11/13/2024 18:40:30 [Information] Stepper Motor Controller Stopwatch Reset.
11/13/2024 18:40:31 [Information] Z Axis Data Received: V
11/13/2024 18:40:31 [Information] Z Axis Data Received: MD
11/13/2024 18:40:31 [Information] Z Axis Data Received: P
11/13/2024 18:40:31 [Information] Z Axis Data Received: V_
11/13/2024 18:40:31 [Information] Z Axis Data Received: 1
11/13/2024 18:40:31 [Information] Z Axis Data Received: |
11/13/2024 18:40:31 [Information] Z Axis Data Received: 1
11/13/2024 18:40:31 [Information] Z Axis Data Received: 
11/13/2024 18:40:31 [Information] Z Axis Data Received: _
11/13/2024 18:40:31 [Information] Z Axis Data Received: 
11/13/2024 18:40:31 [Information] Z Axis Data Received: V
11/13/2024 18:40:31 [Information] Z Axis Data Received: 
11/13/2024 18:40:31 [Information] Z Axis Data Received: M
11/13/2024 18:40:31 [Information] Z Axis Data Received: 
11/13/2024 18:40:31 [Information] Z Axis Data Received: D
11/13/2024 18:40:31 [Information] Z Axis Data Received: 
11/13/2024 18:40:31 [Information] Z Axis Data Received: P
11/13/2024 18:40:31 [Information] Z Axis Data Received: 
11/13/2024 18:40:31 [Information] Z Axis Data Received: V
11/13/2024 18:40:31 [Information] Z Axis Data Received: 
11/13/2024 18:40:31 [Information] Z Axis Data Received: 

11/13/2024 18:40:31 [Information] Z Axis Data Received: 
11/13/2024 18:40:31 [Information] Z Axis Data Received: V
11/13/2024 18:40:31 [Information] Z Axis Data Received: 
11/13/2024 18:40:31 [Information] Z Axis Data Received: M
11/13/2024 18:40:31 [Information] Z Axis Data Received: 
11/13/2024 18:40:31 [Information] Z Axis Data Received: D
11/13/2024 18:40:31 [Information] Z Axis Data Received: 
11/13/2024 18:40:31 [Information] Z Axis Data Received: P
11/13/2024 18:40:31 [Information] Z Axis Data Received: 
11/13/2024 18:40:31 [Information] Z Axis Data Received: R
11/13/2024 18:40:31 [Information] Z Axis Data Received: 
11/13/2024 18:40:31 [Information] Z Axis Data Received: _
11/13/2024 18:40:31 [Information] Z Axis Data Received: 
11/13/2024 18:40:34 [Information] Z Axis Run button clicked:
11/13/2024 18:40:34 [Information] Z Axis MotorMovementSeconds decimal: (4.00 / 4) / 2 = 0.50
11/13/2024 18:40:35 [Information] Z Axis Run Event: Z,0.00,400.00,0,0.00,400.00,0,4.00,400.00,0
11/13/2024 18:40:35 [Information] Z Axis Current Time: 06:40:35 + 0 = 06:40:35
11/13/2024 18:40:35 [Information] Stepper Motor Controller Enable Z Axis controls after moving to location.
11/13/2024 18:40:35 [Information] Stepper Motor Controller Stopwatch Stopped.
11/13/2024 18:40:35 [Information] Stepper Motor Controller Timer Stopped.
11/13/2024 18:40:35 [Information] Stepper Motor Controller Stopwatch Reset.
11/13/2024 18:40:35 [Information] Z Axis Data Received: Z
11/13/2024 18:40:35 [Information] Z Axis Data Received: 
11/13/2024 18:40:35 [Information] Z Axis Data Received:  
11/13/2024 18:40:35 [Information] Z Axis Data Received: 
11/13/2024 18:40:35 [Information] Z Axis Data Received: A
11/13/2024 18:40:35 [Information] Z Axis Data Received: 
11/13/2024 18:40:35 [Information] Z Axis Data Received: x
11/13/2024 18:40:35 [Information] Z Axis Data Received: 
11/13/2024 18:40:35 [Information] Z Axis Data Received: i
11/13/2024 18:40:35 [Information] Z Axis Data Received: 
11/13/2024 18:40:35 [Information] Z Axis Data Received: s
11/13/2024 18:40:35 [Information] Z Axis Data Received: 
11/13/2024 18:40:35 [Information] Z Axis Data Received:  
11/13/2024 18:40:35 [Information] Z Axis Data Received: 
11/13/2024 18:40:35 [Information] Z Axis Data Received: A
11/13/2024 18:40:35 [Information] Z Axis Data Received: 
11/13/2024 18:40:35 [Information] Z Axis Data Received: b
11/13/2024 18:40:35 [Information] Z Axis Data Received: 
11/13/2024 18:40:35 [Information] Z Axis Data Received: s
11/13/2024 18:40:35 [Information] Z Axis Data Received: 
11/13/2024 18:40:35 [Information] Z Axis Data Received: o
11/13/2024 18:40:35 [Information] Z Axis Data Received: 
11/13/2024 18:40:35 [Information] Z Axis Data Received: l
11/13/2024 18:40:35 [Information] Z Axis Data Received: 
11/13/2024 18:40:35 [Information] Z Axis Data Received: u
11/13/2024 18:40:35 [Information] Z Axis Data Received: 
11/13/2024 18:40:35 [Information] Z Axis Data Received: t
11/13/2024 18:40:35 [Information] Z Axis Data Received: 
11/13/2024 18:40:35 [Information] Z Axis Data Received: e
11/13/2024 18:40:35 [Information] Z Axis Data Received: 
11/13/2024 18:40:35 [Information] Z Axis Data Received:  
11/13/2024 18:40:35 [Information] Z Axis Data Received: 
11/13/2024 18:40:35 [Information] Z Axis Data Received: P
11/13/2024 18:40:35 [Information] Z Axis Data Received: 
11/13/2024 18:40:35 [Information] Z Axis Data Received: o
11/13/2024 18:40:35 [Information] Z Axis Data Received: 
11/13/2024 18:40:35 [Information] Z Axis Data Received: s
11/13/2024 18:40:35 [Information] Z Axis Data Received: 
11/13/2024 18:40:35 [Information] Z Axis Data Received: i
11/13/2024 18:40:35 [Information] Z Axis Data Received: 
11/13/2024 18:40:35 [Information] Z Axis Data Received: t
11/13/2024 18:40:35 [Information] Z Axis Data Received: 
11/13/2024 18:40:35 [Information] Z Axis Data Received: i
11/13/2024 18:40:35 [Information] Z Axis Data Received: 
11/13/2024 18:40:35 [Information] Z Axis Data Received: o
11/13/2024 18:40:35 [Information] Z Axis Data Received: 
11/13/2024 18:40:35 [Information] Z Axis Data Received: n
11/13/2024 18:40:35 [Information] Z Axis Data Received: 
11/13/2024 18:40:35 [Information] Z Axis Data Received:  
11/13/2024 18:40:35 [Information] Z Axis Data Received: 
11/13/2024 18:40:35 [Information] Z Axis Data Received: 2
11/13/2024 18:40:35 [Information] Z Axis Data Received: 
11/13/2024 18:40:35 [Information] Z Axis Data Received: 0
11/13/2024 18:40:35 [Information] Z Axis Data Received: 
11/13/2024 18:40:35 [Information] Z Axis Data Received: 0
11/13/2024 18:40:35 [Information] Z Axis Data Received: 
11/13/2024 18:40:35 [Information] Z Axis Data Received: .
11/13/2024 18:40:35 [Information] Z Axis Data Received: 
11/13/2024 18:40:35 [Information] Z Axis Data Received: 0
11/13/2024 18:40:35 [Information] Z Axis Data Received: 
11/13/2024 18:40:35 [Information] Z Axis Data Received: 0
11/13/2024 18:40:35 [Information] Z Axis Data Received: 
11/13/2024 18:40:35 [Information] Z Axis Data Received: 
11/13/2024 18:40:35 [Information] Z Axis Data Received: 
11/13/2024 18:40:35 [Information] Z Axis Data Received: 

11/13/2024 18:40:35 [Information] Z Axis Data Received: 
11/13/2024 18:40:35 [Information] Z Axis Data Received: ?
11/13/2024 18:40:35 [Information] Z Axis Data Received: 
11/13/2024 18:40:39 [Information] Z Axis Data Received: V
11/13/2024 18:40:39 [Information] Z Axis Data Received: 
11/13/2024 18:40:39 [Information] Z Axis Data Received: M
11/13/2024 18:40:39 [Information] Z Axis Data Received: 
11/13/2024 18:40:39 [Information] Z Axis Data Received: D
11/13/2024 18:40:39 [Information] Z Axis Data Received: 
11/13/2024 18:40:39 [Information] Z Axis Data Received: P
11/13/2024 18:40:39 [Information] Z Axis Data Received: 
11/13/2024 18:40:39 [Information] Z Axis Data Received: V
11/13/2024 18:40:39 [Information] Z Axis Data Received: 
11/13/2024 18:40:39 [Information] Z Axis Data Received: _
11/13/2024 18:40:39 [Information] Z Axis Data Received: 
11/13/2024 18:40:39 [Information] Z Axis Data Received: 1
11/13/2024 18:40:39 [Information] Z Axis Data Received: 
11/13/2024 18:40:39 [Information] Z Axis Data Received: |
11/13/2024 18:40:39 [Information] Z Axis Data Received: 
11/13/2024 18:40:39 [Information] Z Axis Data Received: 1
11/13/2024 18:40:39 [Information] Z Axis Data Received: 
11/13/2024 18:40:39 [Information] Z Axis Data Received: _
11/13/2024 18:40:39 [Information] Z Axis Data Received: 
11/13/2024 18:40:39 [Information] Z Axis Data Received: V
11/13/2024 18:40:39 [Information] Z Axis Data Received: 
11/13/2024 18:40:39 [Information] Z Axis Data Received: M
11/13/2024 18:40:39 [Information] Z Axis Data Received: 
11/13/2024 18:40:39 [Information] Z Axis Data Received: D
11/13/2024 18:40:39 [Information] Z Axis Data Received: 
11/13/2024 18:40:39 [Information] Z Axis Data Received: P
11/13/2024 18:40:39 [Information] Z Axis Data Received: 
11/13/2024 18:40:39 [Information] Z Axis Data Received: V
11/13/2024 18:40:39 [Information] Z Axis Data Received: 
11/13/2024 18:40:39 [Information] Z Axis Data Received: 

11/13/2024 18:40:39 [Information] Z Axis Data Received: 
11/13/2024 18:40:39 [Information] Z Axis Data Received: V
11/13/2024 18:40:39 [Information] Z Axis Data Received: 
11/13/2024 18:40:39 [Information] Z Axis Data Received: M
11/13/2024 18:40:39 [Information] Z Axis Data Received: 
11/13/2024 18:40:39 [Information] Z Axis Data Received: D
11/13/2024 18:40:39 [Information] Z Axis Data Received: 
11/13/2024 18:40:39 [Information] Z Axis Data Received: P
11/13/2024 18:40:39 [Information] Z Axis Data Received: 
11/13/2024 18:40:39 [Information] Z Axis Data Received: R
11/13/2024 18:40:39 [Information] Z Axis Data Received: 
11/13/2024 18:40:39 [Information] Z Axis Data Received: _
11/13/2024 18:40:39 [Information] Z Axis Data Received: 
11/13/2024 18:40:42 [Information] Z Axis Run button clicked:
11/13/2024 18:40:42 [Information] Z Axis MotorMovementSeconds decimal: (4.00 / 4) / 2 = 0.50
11/13/2024 18:40:43 [Information] Z Axis Run Event: Z,0.00,400.00,0,0.00,400.00,0,4.00,400.00,0
11/13/2024 18:40:43 [Information] Z Axis Current Time: 06:40:43 + 0 = 06:40:43
11/13/2024 18:40:43 [Information] Stepper Motor Controller Enable Z Axis controls after moving to location.
11/13/2024 18:40:43 [Information] Stepper Motor Controller Stopwatch Stopped.
11/13/2024 18:40:43 [Information] Stepper Motor Controller Timer Stopped.
11/13/2024 18:40:43 [Information] Stepper Motor Controller Stopwatch Reset.
11/13/2024 18:40:43 [Information] Z Axis Data Received: Z
11/13/2024 18:40:43 [Information] Z Axis Data Received:  A
11/13/2024 18:40:43 [Information] Z Axis Data Received: x
11/13/2024 18:40:43 [Information] Z Axis Data Received: is
11/13/2024 18:40:43 [Information] Z Axis Data Received:  
11/13/2024 18:40:43 [Information] Z Axis Data Received: 
11/13/2024 18:40:43 [Information] Z Axis Data Received: A
11/13/2024 18:40:43 [Information] Z Axis Data Received: 
11/13/2024 18:40:43 [Information] Z Axis Data Received: b
11/13/2024 18:40:43 [Information] Z Axis Data Received: 
11/13/2024 18:40:43 [Information] Z Axis Data Received: s
11/13/2024 18:40:43 [Information] Z Axis Data Received: 
11/13/2024 18:40:43 [Information] Z Axis Data Received: o
11/13/2024 18:40:43 [Information] Z Axis Data Received: 
11/13/2024 18:40:43 [Information] Z Axis Data Received: l
11/13/2024 18:40:43 [Information] Z Axis Data Received: 
11/13/2024 18:40:43 [Information] Z Axis Data Received: u
11/13/2024 18:40:43 [Information] Z Axis Data Received: 
11/13/2024 18:40:43 [Information] Z Axis Data Received: t
11/13/2024 18:40:43 [Information] Z Axis Data Received: 
11/13/2024 18:40:43 [Information] Z Axis Data Received: e
11/13/2024 18:40:43 [Information] Z Axis Data Received: 
11/13/2024 18:40:43 [Information] Z Axis Data Received:  
11/13/2024 18:40:43 [Information] Z Axis Data Received: 
11/13/2024 18:40:43 [Information] Z Axis Data Received: P
11/13/2024 18:40:43 [Information] Z Axis Data Received: 
11/13/2024 18:40:43 [Information] Z Axis Data Received: o
11/13/2024 18:40:43 [Information] Z Axis Data Received: 
11/13/2024 18:40:43 [Information] Z Axis Data Received: s
11/13/2024 18:40:43 [Information] Z Axis Data Received: 
11/13/2024 18:40:43 [Information] Z Axis Data Received: i
11/13/2024 18:40:43 [Information] Z Axis Data Received: 
11/13/2024 18:40:43 [Information] Z Axis Data Received: t
11/13/2024 18:40:43 [Information] Z Axis Data Received: 
11/13/2024 18:40:43 [Information] Z Axis Data Received: i
11/13/2024 18:40:43 [Information] Z Axis Data Received: 
11/13/2024 18:40:43 [Information] Z Axis Data Received: o
11/13/2024 18:40:43 [Information] Z Axis Data Received: 
11/13/2024 18:40:43 [Information] Z Axis Data Received: n
11/13/2024 18:40:43 [Information] Z Axis Data Received: 
11/13/2024 18:40:43 [Information] Z Axis Data Received:  
11/13/2024 18:40:43 [Information] Z Axis Data Received: 
11/13/2024 18:40:43 [Information] Z Axis Data Received: 2
11/13/2024 18:40:43 [Information] Z Axis Data Received: 
11/13/2024 18:40:43 [Information] Z Axis Data Received: 0
11/13/2024 18:40:43 [Information] Z Axis Data Received: 
11/13/2024 18:40:43 [Information] Z Axis Data Received: 0
11/13/2024 18:40:43 [Information] Z Axis Data Received: 
11/13/2024 18:40:43 [Information] Z Axis Data Received: .
11/13/2024 18:40:43 [Information] Z Axis Data Received: 
11/13/2024 18:40:43 [Information] Z Axis Data Received: 0
11/13/2024 18:40:43 [Information] Z Axis Data Received: 
11/13/2024 18:40:43 [Information] Z Axis Data Received: 0
11/13/2024 18:40:43 [Information] Z Axis Data Received: 
11/13/2024 18:40:43 [Information] Z Axis Data Received: 
11/13/2024 18:40:43 [Information] Z Axis Data Received: 
11/13/2024 18:40:43 [Information] Z Axis Data Received: 

11/13/2024 18:40:43 [Information] Z Axis Data Received: 
11/13/2024 18:40:43 [Information] Z Axis Data Received: ?
11/13/2024 18:40:43 [Information] Z Axis Data Received: 
11/13/2024 18:40:45 [Information] Z Axis Run button clicked:
11/13/2024 18:40:45 [Information] Z Axis MotorMovementSeconds decimal: (4.00 / 4) / 2 = 0.50
11/13/2024 18:40:46 [Information] Z Axis Run Event: Z,0.00,400.00,0,0.00,400.00,0,4.00,400.00,0
11/13/2024 18:40:46 [Information] Z Axis Current Time: 06:40:46 + 0 = 06:40:46
11/13/2024 18:40:46 [Information] Stepper Motor Controller Enable Z Axis controls after moving to location.
11/13/2024 18:40:46 [Information] Stepper Motor Controller Stopwatch Stopped.
11/13/2024 18:40:46 [Information] Stepper Motor Controller Timer Stopped.
11/13/2024 18:40:46 [Information] Stepper Motor Controller Stopwatch Reset.
11/13/2024 18:40:47 [Information] Z Axis Data Received: V
11/13/2024 18:40:47 [Information] Z Axis Data Received: 
11/13/2024 18:40:47 [Information] Z Axis Data Received: M
11/13/2024 18:40:47 [Information] Z Axis Data Received: 
11/13/2024 18:40:47 [Information] Z Axis Data Received: D
11/13/2024 18:40:47 [Information] Z Axis Data Received: 
11/13/2024 18:40:47 [Information] Z Axis Data Received: P
11/13/2024 18:40:47 [Information] Z Axis Data Received: 
11/13/2024 18:40:47 [Information] Z Axis Data Received: V
11/13/2024 18:40:47 [Information] Z Axis Data Received: 
11/13/2024 18:40:47 [Information] Z Axis Data Received: _
11/13/2024 18:40:47 [Information] Z Axis Data Received: 
11/13/2024 18:40:47 [Information] Z Axis Data Received: 1
11/13/2024 18:40:47 [Information] Z Axis Data Received: 
11/13/2024 18:40:47 [Information] Z Axis Data Received: |
11/13/2024 18:40:47 [Information] Z Axis Data Received: 
11/13/2024 18:40:47 [Information] Z Axis Data Received: 1
11/13/2024 18:40:47 [Information] Z Axis Data Received: 
11/13/2024 18:40:47 [Information] Z Axis Data Received: _
11/13/2024 18:40:47 [Information] Z Axis Data Received: 
11/13/2024 18:40:47 [Information] Z Axis Data Received: V
11/13/2024 18:40:47 [Information] Z Axis Data Received: 
11/13/2024 18:40:47 [Information] Z Axis Data Received: M
11/13/2024 18:40:47 [Information] Z Axis Data Received: 
11/13/2024 18:40:47 [Information] Z Axis Data Received: D
11/13/2024 18:40:47 [Information] Z Axis Data Received: 
11/13/2024 18:40:47 [Information] Z Axis Data Received: P
11/13/2024 18:40:47 [Information] Z Axis Data Received: 
11/13/2024 18:40:47 [Information] Z Axis Data Received: V
11/13/2024 18:40:47 [Information] Z Axis Data Received: 
11/13/2024 18:40:47 [Information] Z Axis Data Received: 

11/13/2024 18:40:47 [Information] Z Axis Data Received: 
11/13/2024 18:40:47 [Information] Z Axis Data Received: V
11/13/2024 18:40:47 [Information] Z Axis Data Received: 
11/13/2024 18:40:47 [Information] Z Axis Data Received: M
11/13/2024 18:40:47 [Information] Z Axis Data Received: 
11/13/2024 18:40:47 [Information] Z Axis Data Received: D
11/13/2024 18:40:47 [Information] Z Axis Data Received: 
11/13/2024 18:40:47 [Information] Z Axis Data Received: P
11/13/2024 18:40:47 [Information] Z Axis Data Received: 
11/13/2024 18:40:47 [Information] Z Axis Data Received: R
11/13/2024 18:40:47 [Information] Z Axis Data Received: 
11/13/2024 18:40:47 [Information] Z Axis Data Received: _
11/13/2024 18:40:47 [Information] Z Axis Data Received: 
11/13/2024 18:40:48 [Information] Z Axis Run button clicked:
11/13/2024 18:40:48 [Information] Z Axis MotorMovementSeconds decimal: (4.00 / 4) / 2 = 0.50
11/13/2024 18:40:49 [Information] Z Axis Run Event: Z,0.00,400.00,0,0.00,400.00,0,4.00,400.00,0
11/13/2024 18:40:49 [Information] Z Axis Current Time: 06:40:49 + 0 = 06:40:49
11/13/2024 18:40:49 [Information] Stepper Motor Controller Enable Z Axis controls after moving to location.
11/13/2024 18:40:49 [Information] Stepper Motor Controller Stopwatch Stopped.
11/13/2024 18:40:49 [Information] Stepper Motor Controller Timer Stopped.
11/13/2024 18:40:49 [Information] Stepper Motor Controller Stopwatch Reset.
11/13/2024 18:40:50 [Information] Z Axis Data Received: Z
11/13/2024 18:40:50 [Information] Z Axis Data Received: 
11/13/2024 18:40:50 [Information] Z Axis Data Received:  
11/13/2024 18:40:50 [Information] Z Axis Data Received: 
11/13/2024 18:40:50 [Information] Z Axis Data Received: A
11/13/2024 18:40:50 [Information] Z Axis Data Received: 
11/13/2024 18:40:50 [Information] Z Axis Data Received: x
11/13/2024 18:40:50 [Information] Z Axis Data Received: 
11/13/2024 18:40:50 [Information] Z Axis Data Received: i
11/13/2024 18:40:50 [Information] Z Axis Data Received: 
11/13/2024 18:40:50 [Information] Z Axis Data Received: s
11/13/2024 18:40:50 [Information] Z Axis Data Received: 
11/13/2024 18:40:50 [Information] Z Axis Data Received:  
11/13/2024 18:40:50 [Information] Z Axis Data Received: 
11/13/2024 18:40:50 [Information] Z Axis Data Received: A
11/13/2024 18:40:50 [Information] Z Axis Data Received: 
11/13/2024 18:40:50 [Information] Z Axis Data Received: b
11/13/2024 18:40:50 [Information] Z Axis Data Received: 
11/13/2024 18:40:50 [Information] Z Axis Data Received: s
11/13/2024 18:40:50 [Information] Z Axis Data Received: 
11/13/2024 18:40:50 [Information] Z Axis Data Received: o
11/13/2024 18:40:50 [Information] Z Axis Data Received: 
11/13/2024 18:40:50 [Information] Z Axis Data Received: l
11/13/2024 18:40:50 [Information] Z Axis Data Received: 
11/13/2024 18:40:50 [Information] Z Axis Data Received: u
11/13/2024 18:40:50 [Information] Z Axis Data Received: 
11/13/2024 18:40:50 [Information] Z Axis Data Received: t
11/13/2024 18:40:50 [Information] Z Axis Data Received: 
11/13/2024 18:40:50 [Information] Z Axis Data Received: e
11/13/2024 18:40:50 [Information] Z Axis Data Received: 
11/13/2024 18:40:50 [Information] Z Axis Data Received:  
11/13/2024 18:40:50 [Information] Z Axis Data Received: 
11/13/2024 18:40:50 [Information] Z Axis Data Received: P
11/13/2024 18:40:50 [Information] Z Axis Data Received: 
11/13/2024 18:40:50 [Information] Z Axis Data Received: o
11/13/2024 18:40:50 [Information] Z Axis Data Received: 
11/13/2024 18:40:50 [Information] Z Axis Data Received: s
11/13/2024 18:40:50 [Information] Z Axis Data Received: 
11/13/2024 18:40:50 [Information] Z Axis Data Received: i
11/13/2024 18:40:50 [Information] Z Axis Data Received: 
11/13/2024 18:40:50 [Information] Z Axis Data Received: t
11/13/2024 18:40:50 [Information] Z Axis Data Received: 
11/13/2024 18:40:50 [Information] Z Axis Data Received: i
11/13/2024 18:40:50 [Information] Z Axis Data Received: 
11/13/2024 18:40:50 [Information] Z Axis Data Received: o
11/13/2024 18:40:50 [Information] Z Axis Data Received: 
11/13/2024 18:40:50 [Information] Z Axis Data Received: n
11/13/2024 18:40:50 [Information] Z Axis Data Received: 
11/13/2024 18:40:50 [Information] Z Axis Data Received:  
11/13/2024 18:40:50 [Information] Z Axis Data Received: 
11/13/2024 18:40:50 [Information] Z Axis Data Received: 2
11/13/2024 18:40:50 [Information] Z Axis Data Received: 
11/13/2024 18:40:50 [Information] Z Axis Data Received: 0
11/13/2024 18:40:50 [Information] Z Axis Data Received: 
11/13/2024 18:40:50 [Information] Z Axis Data Received: 0
11/13/2024 18:40:50 [Information] Z Axis Data Received: 
11/13/2024 18:40:50 [Information] Z Axis Data Received: .
11/13/2024 18:40:50 [Information] Z Axis Data Received: 
11/13/2024 18:40:50 [Information] Z Axis Data Received: 0
11/13/2024 18:40:50 [Information] Z Axis Data Received: 
11/13/2024 18:40:50 [Information] Z Axis Data Received: 0
11/13/2024 18:40:50 [Information] Z Axis Data Received: 
11/13/2024 18:40:50 [Information] Z Axis Data Received: 
11/13/2024 18:40:50 [Information] Z Axis Data Received: 
11/13/2024 18:40:50 [Information] Z Axis Data Received: 

11/13/2024 18:40:50 [Information] Z Axis Data Received: 
11/13/2024 18:40:50 [Information] Z Axis Data Received: ?
11/13/2024 18:40:50 [Information] Z Axis Data Received: 
11/13/2024 18:40:54 [Information] Z Axis Data Received: V
11/13/2024 18:40:54 [Information] Z Axis Data Received: 
11/13/2024 18:40:54 [Information] Z Axis Data Received: M
11/13/2024 18:40:54 [Information] Z Axis Data Received: 
11/13/2024 18:40:54 [Information] Z Axis Data Received: D
11/13/2024 18:40:54 [Information] Z Axis Data Received: 
11/13/2024 18:40:54 [Information] Z Axis Data Received: P
11/13/2024 18:40:54 [Information] Z Axis Data Received: 
11/13/2024 18:40:54 [Information] Z Axis Data Received: V
11/13/2024 18:40:54 [Information] Z Axis Data Received: 
11/13/2024 18:40:54 [Information] Z Axis Data Received: _
11/13/2024 18:40:54 [Information] Z Axis Data Received: 
11/13/2024 18:40:54 [Information] Z Axis Data Received: 1
11/13/2024 18:40:54 [Information] Z Axis Data Received: 
11/13/2024 18:40:54 [Information] Z Axis Data Received: |
11/13/2024 18:40:54 [Information] Z Axis Data Received: 
11/13/2024 18:40:54 [Information] Z Axis Data Received: 1
11/13/2024 18:40:54 [Information] Z Axis Data Received: 
11/13/2024 18:40:54 [Information] Z Axis Data Received: _
11/13/2024 18:40:54 [Information] Z Axis Data Received: 
11/13/2024 18:40:54 [Information] Z Axis Data Received: V
11/13/2024 18:40:54 [Information] Z Axis Data Received: 
11/13/2024 18:40:54 [Information] Z Axis Data Received: M
11/13/2024 18:40:54 [Information] Z Axis Data Received: 
11/13/2024 18:40:54 [Information] Z Axis Data Received: D
11/13/2024 18:40:54 [Information] Z Axis Data Received: 
11/13/2024 18:40:54 [Information] Z Axis Data Received: P
11/13/2024 18:40:54 [Information] Z Axis Data Received: 
11/13/2024 18:40:54 [Information] Z Axis Data Received: V
11/13/2024 18:40:54 [Information] Z Axis Data Received: 
11/13/2024 18:40:54 [Information] Z Axis Data Received: 

11/13/2024 18:40:54 [Information] Z Axis Data Received: 
11/13/2024 18:40:54 [Information] Z Axis Data Received: V
11/13/2024 18:40:54 [Information] Z Axis Data Received: 
11/13/2024 18:40:54 [Information] Z Axis Data Received: M
11/13/2024 18:40:54 [Information] Z Axis Data Received: 
11/13/2024 18:40:54 [Information] Z Axis Data Received: D
11/13/2024 18:40:54 [Information] Z Axis Data Received: 
11/13/2024 18:40:54 [Information] Z Axis Data Received: P
11/13/2024 18:40:54 [Information] Z Axis Data Received: 
11/13/2024 18:40:54 [Information] Z Axis Data Received: R
11/13/2024 18:40:54 [Information] Z Axis Data Received: 
11/13/2024 18:40:54 [Information] Z Axis Data Received: _
11/13/2024 18:40:54 [Information] Z Axis Data Received: 
11/13/2024 18:40:57 [Information] Stepper Motor Controller MainWindow Closing.
11/13/2024 18:40:57 [Information] Stepper Motor Controller Serial Ports closed.
11/13/2024 18:40:57 [Information] Properties Settings Saved.
11/13/2024 18:40:57 [Information] Properties Settings Form Closed.
11/13/2024 18:40:57 [Information] Stepper Motor Controller Form Closed.
