11/18/2024 09:31:54 [Information] Stepper Motor Controller Application Started.
11/18/2024 09:31:54 [Information] Version: 3.0.9088.17153 (11/18/2024 09:31:54)
11/18/2024 09:31:55 [Error] I/O error occurred while opening the port COM7.
11/18/2024 09:31:58 [Error] I/O error occurred while opening the port COM8.
11/18/2024 09:31:59 [Information] SerialPort COM10 opened successfully.
11/18/2024 09:31:59 [Information] SerialPort COM10 read 1 bytes.
11/18/2024 09:31:59 [Information] Stepper Motor Controller Application Started.
11/18/2024 09:31:59 [Information] Version: 3.0.9088.17153 (11/18/2024 09:31:59)
11/18/2024 09:31:59 [Information] Version: 3.1.0.17154 (11/18/2024 09:31:59)
11/18/2024 09:31:59 [Warning] Element AssemblyVersion not found in the provided XML document.
11/18/2024 09:31:59 [Warning] Element FileVersion not found in the provided XML document.
11/18/2024 09:31:59 [Information] Version: 3.1.0.17154 (11/18/2024 09:31:59)
11/18/2024 09:31:59 [Information] Stepper Motor Controller Application Settings Window Opened.
11/18/2024 09:31:59 [Information] Stepper Motor Controller Application Settings form is rebuilt each and every time it is opened.
11/18/2024 09:31:59 [Information] int: 9600 BaudRate added to the Settings Form.
11/18/2024 09:31:59 [Information] bool: False ckbXaxisResetToZeroIsChecked added to the Settings Form.
11/18/2024 09:31:59 [Information] bool: False ckbYaxisResetToZeroIsChecked added to the Settings Form.
11/18/2024 09:31:59 [Information] bool: False ckbZaxisResetToZeroIsChecked added to the Settings Form.
11/18/2024 09:31:59 [Information] COM1: ComPort added to the Settings Form.
11/18/2024 09:31:59 [Information] COM2: ComPort added to the Settings Form.
11/18/2024 09:31:59 [Information] COM3: ComPort added to the Settings Form.
11/18/2024 09:31:59 [Information] COM4: ComPort added to the Settings Form.
11/18/2024 09:31:59 [Information] COM5: ComPort added to the Settings Form.
11/18/2024 09:31:59 [Information] COM6: ComPort added to the Settings Form.
11/18/2024 09:31:59 [Information] COM7: ComPort added to the Settings Form.
11/18/2024 09:31:59 [Information] COM8: ComPort added to the Settings Form.
11/18/2024 09:31:59 [Information] COM9: ComPort added to the Settings Form.
11/18/2024 09:31:59 [Information] COM10: ComPort added to the Settings Form.
11/18/2024 09:31:59 [Information] decimal: 4.00 Divider4_00 added to the Settings Form.
11/18/2024 09:31:59 [Information] decimal: 0.00 MathPart2Initlz added to the Settings Form.
11/18/2024 09:31:59 [Information] decimal: 1.00 MilisecondTimerInterval added to the Settings Form.
11/18/2024 09:31:59 [Information] decimal: 1000.00 MillisecondDelay added to the Settings Form.
11/18/2024 09:31:59 [Information] int: 1000 Milliseconds added to the Settings Form.
11/18/2024 09:31:59 [Information] int: 4 mmPerRevolution added to the Settings Form.
11/18/2024 09:31:59 [Information] int: 2000 ThreadSleep added to the Settings Form.
11/18/2024 09:31:59 [Information] decimal: 0.00 Value_0_00 added to the Settings Form.
11/18/2024 09:31:59 [Information] decimal: 50.00 XaxisAcceleration added to the Settings Form.
11/18/2024 09:31:59 [Information] bool: False XaxisChanged added to the Settings Form.
11/18/2024 09:31:59 [Information] decimal: 400.00 XaxisMotorSpeed added to the Settings Form.
11/18/2024 09:31:59 [Information] decimal: 0.00 XaxisStepperCurrent added to the Settings Form.
11/18/2024 09:31:59 [Information] decimal: 0.00 XaxisStepperMove added to the Settings Form.
11/18/2024 09:31:59 [Information] XCOM1: XComPort added to the Settings Form.
11/18/2024 09:31:59 [Information] XCOM2: XComPort added to the Settings Form.
11/18/2024 09:31:59 [Information] XCOM3: XComPort added to the Settings Form.
11/18/2024 09:31:59 [Information] XCOM4: XComPort added to the Settings Form.
11/18/2024 09:31:59 [Information] XCOM5: XComPort added to the Settings Form.
11/18/2024 09:31:59 [Information] XCOM6: XComPort added to the Settings Form.
11/18/2024 09:31:59 [Information] XCOM7: XComPort added to the Settings Form.
11/18/2024 09:31:59 [Information] XCOM8: XComPort added to the Settings Form.
11/18/2024 09:31:59 [Information] XCOM9: XComPort added to the Settings Form.
11/18/2024 09:31:59 [Information] XCOM10: XComPort added to the Settings Form.
11/18/2024 09:31:59 [Information] decimal: 50.00 YaxisAcceleration added to the Settings Form.
11/18/2024 09:31:59 [Information] bool: False YaxisChanged added to the Settings Form.
11/18/2024 09:31:59 [Information] decimal: 400.00 YaxisMotorSpeed added to the Settings Form.
11/18/2024 09:31:59 [Information] decimal: 0.00 YaxisStepperCurrent added to the Settings Form.
11/18/2024 09:31:59 [Information] decimal: 0.00 YaxisStepperMove added to the Settings Form.
11/18/2024 09:31:59 [Information] YCOM1: YComPort added to the Settings Form.
11/18/2024 09:31:59 [Information] YCOM2: YComPort added to the Settings Form.
11/18/2024 09:31:59 [Information] YCOM3: YComPort added to the Settings Form.
11/18/2024 09:31:59 [Information] YCOM4: YComPort added to the Settings Form.
11/18/2024 09:31:59 [Information] YCOM5: YComPort added to the Settings Form.
11/18/2024 09:31:59 [Information] YCOM6: YComPort added to the Settings Form.
11/18/2024 09:31:59 [Information] YCOM7: YComPort added to the Settings Form.
11/18/2024 09:31:59 [Information] YCOM8: YComPort added to the Settings Form.
11/18/2024 09:31:59 [Information] YCOM9: YComPort added to the Settings Form.
11/18/2024 09:31:59 [Information] YCOM10: YComPort added to the Settings Form.
11/18/2024 09:31:59 [Information] decimal: 50.00 ZaxisAcceleration added to the Settings Form.
11/18/2024 09:31:59 [Information] bool: False ZaxisChanged added to the Settings Form.
11/18/2024 09:31:59 [Information] decimal: 400.00 ZaxisMotorSpeed added to the Settings Form.
11/18/2024 09:31:59 [Information] decimal: 0.00 ZaxisStepperCurrent added to the Settings Form.
11/18/2024 09:31:59 [Information] decimal: 0.00 ZaxisStepperMove added to the Settings Form.
11/18/2024 09:31:59 [Information] ZCOM1: ZComPort added to the Settings Form.
11/18/2024 09:31:59 [Information] ZCOM2: ZComPort added to the Settings Form.
11/18/2024 09:31:59 [Information] ZCOM3: ZComPort added to the Settings Form.
11/18/2024 09:31:59 [Information] ZCOM4: ZComPort added to the Settings Form.
11/18/2024 09:31:59 [Information] ZCOM5: ZComPort added to the Settings Form.
11/18/2024 09:31:59 [Information] ZCOM6: ZComPort added to the Settings Form.
11/18/2024 09:31:59 [Information] ZCOM7: ZComPort added to the Settings Form.
11/18/2024 09:31:59 [Information] ZCOM8: ZComPort added to the Settings Form.
11/18/2024 09:31:59 [Information] ZCOM9: ZComPort added to the Settings Form.
11/18/2024 09:31:59 [Information] ZCOM10: ZComPort added to the Settings Form.
11/18/2024 09:31:59 [Information] int: 0 zeroXaxis added to the Settings Form.
11/18/2024 09:31:59 [Information] int: 0 zeroYaxis added to the Settings Form.
11/18/2024 09:31:59 [Information] int: 0 zeroZaxis added to the Settings Form.
11/18/2024 09:31:59 [Information] Stepper Motor Controller MainWindow loaded
11/18/2024 09:31:59 [Information] Set MainWindow Media Brushes to White.
11/18/2024 09:32:03 [Information] Z Axis Data Received: V
11/18/2024 09:32:03 [Information] Z Axis Data Received: MDPV_1|1_VMDPV
VMDPR_
11/18/2024 09:32:06 [Information] txtZaxisStepperMove Axis mouse controlled Keypad returned: -32.00
11/18/2024 09:32:07 [Information] Z Axis Run button clicked:
11/18/2024 09:32:08 [Information] Z Axis Run Event: Z,0.00,400.00,0,0.00,400.00,0,-32.00,400.00,0
11/18/2024 09:32:08 [Information] Z Axis MotorMovementSeconds: -0.08
11/18/2024 09:32:08 [Information] Z Axis Timer Started. Target End Time: 09:32:08
11/18/2024 09:32:08 [Information] Z Axis Stopwatch Started.
11/18/2024 09:32:08 [Information] Z Axis Current Time: 09:32:08 + 0 = 09:32:08
11/18/2024 09:32:08 [Information] Stepper Motor Controller Enable Y Axis controls after moving to location.
11/18/2024 09:32:08 [Information] Stepper Motor Controller Stopwatch Stopped.
11/18/2024 09:32:08 [Information] Stepper Motor Controller Timer Stopped.
11/18/2024 09:32:08 [Information] Stepper Motor Controller Stopwatch Reset.
11/18/2024 09:32:08 [Information] Z Axis Data Received: s
11/18/2024 09:32:08 [Information] Z Axis Data Received: e
11/18/2024 09:32:08 [Information] Z Axis Data Received: r
11/18/2024 09:32:08 [Information] Z Axis Data Received: i
11/18/2024 09:32:08 [Information] Stepper Motor Controller Enable Y Axis controls after moving to location.
11/18/2024 09:32:08 [Information] Stepper Motor Controller Stopwatch Stopped.
11/18/2024 09:32:08 [Information] Stepper Motor Controller Timer Stopped.
11/18/2024 09:32:08 [Information] Stepper Motor Controller Stopwatch Reset.
11/18/2024 09:32:08 [Information] Z Axis Data Received: alData: Z,0.00,400.00,0,0.00,400.00,0,-32.00,400.00,0

11/18/2024 09:32:09 [Information] Stepper Motor Controller Enable Y Axis controls after moving to location.
11/18/2024 09:32:09 [Information] Stepper Motor Controller Stopwatch Stopped.
11/18/2024 09:32:09 [Information] Stepper Motor Controller Timer Stopped.
11/18/2024 09:32:09 [Information] Stepper Motor Controller Stopwatch Reset.
11/18/2024 09:32:09 [Information] Stepper Motor Controller Enable Y Axis controls after moving to location.
11/18/2024 09:32:09 [Information] Stepper Motor Controller Stopwatch Stopped.
11/18/2024 09:32:09 [Information] Stepper Motor Controller Timer Stopped.
11/18/2024 09:32:09 [Information] Stepper Motor Controller Stopwatch Reset.
11/18/2024 09:32:09 [Information] Stepper Motor Controller Enable Y Axis controls after moving to location.
11/18/2024 09:32:09 [Information] Stepper Motor Controller Stopwatch Stopped.
11/18/2024 09:32:09 [Information] Stepper Motor Controller Timer Stopped.
11/18/2024 09:32:09 [Information] Stepper Motor Controller Stopwatch Reset.
11/18/2024 09:32:09 [Information] Stepper Motor Controller Enable Y Axis controls after moving to location.
11/18/2024 09:32:09 [Information] Stepper Motor Controller Stopwatch Stopped.
11/18/2024 09:32:09 [Information] Stepper Motor Controller Timer Stopped.
11/18/2024 09:32:09 [Information] Stepper Motor Controller Stopwatch Reset.
11/18/2024 09:32:09 [Information] Stepper Motor Controller Enable Y Axis controls after moving to location.
11/18/2024 09:32:09 [Information] Stepper Motor Controller Stopwatch Stopped.
11/18/2024 09:32:09 [Information] Stepper Motor Controller Timer Stopped.
11/18/2024 09:32:09 [Information] Stepper Motor Controller Stopwatch Reset.
11/18/2024 09:32:09 [Information] Stepper Motor Controller Enable Y Axis controls after moving to location.
11/18/2024 09:32:09 [Information] Stepper Motor Controller Stopwatch Stopped.
11/18/2024 09:32:09 [Information] Stepper Motor Controller Timer Stopped.
11/18/2024 09:32:09 [Information] Stepper Motor Controller Stopwatch Reset.
11/18/2024 09:32:09 [Information] Stepper Motor Controller Enable Y Axis controls after moving to location.
11/18/2024 09:32:09 [Information] Stepper Motor Controller Stopwatch Stopped.
11/18/2024 09:32:09 [Information] Stepper Motor Controller Timer Stopped.
11/18/2024 09:32:09 [Information] Stepper Motor Controller Stopwatch Reset.
11/18/2024 09:32:09 [Information] Stepper Motor Controller Enable Y Axis controls after moving to location.
11/18/2024 09:32:09 [Information] Stepper Motor Controller Stopwatch Stopped.
11/18/2024 09:32:09 [Information] Stepper Motor Controller Timer Stopped.
11/18/2024 09:32:09 [Information] Stepper Motor Controller Stopwatch Reset.
11/18/2024 09:32:09 [Information] Stepper Motor Controller Enable Y Axis controls after moving to location.
11/18/2024 09:32:09 [Information] Stepper Motor Controller Stopwatch Stopped.
11/18/2024 09:32:09 [Information] Stepper Motor Controller Timer Stopped.
11/18/2024 09:32:09 [Information] Stepper Motor Controller Stopwatch Reset.
11/18/2024 09:32:09 [Information] Stepper Motor Controller Enable Y Axis controls after moving to location.
11/18/2024 09:32:09 [Information] Stepper Motor Controller Stopwatch Stopped.
11/18/2024 09:32:09 [Information] Stepper Motor Controller Timer Stopped.
11/18/2024 09:32:09 [Information] Stepper Motor Controller Stopwatch Reset.
11/18/2024 09:32:09 [Information] Stepper Motor Controller Enable Y Axis controls after moving to location.
11/18/2024 09:32:09 [Information] Stepper Motor Controller Stopwatch Stopped.
11/18/2024 09:32:09 [Information] Stepper Motor Controller Timer Stopped.
11/18/2024 09:32:09 [Information] Stepper Motor Controller Stopwatch Reset.
11/18/2024 09:32:09 [Information] Stepper Motor Controller Enable Y Axis controls after moving to location.
11/18/2024 09:32:09 [Information] Stepper Motor Controller Stopwatch Stopped.
11/18/2024 09:32:09 [Information] Stepper Motor Controller Timer Stopped.
11/18/2024 09:32:09 [Information] Stepper Motor Controller Stopwatch Reset.
11/18/2024 09:32:09 [Information] Stepper Motor Controller Enable Y Axis controls after moving to location.
11/18/2024 09:32:09 [Information] Stepper Motor Controller Stopwatch Stopped.
11/18/2024 09:32:09 [Information] Stepper Motor Controller Timer Stopped.
11/18/2024 09:32:09 [Information] Stepper Motor Controller Stopwatch Reset.
11/18/2024 09:32:09 [Information] Stepper Motor Controller Enable Y Axis controls after moving to location.
11/18/2024 09:32:09 [Information] Stepper Motor Controller Stopwatch Stopped.
11/18/2024 09:32:09 [Information] Stepper Motor Controller Timer Stopped.
11/18/2024 09:32:09 [Information] Stepper Motor Controller Stopwatch Reset.
11/18/2024 09:32:09 [Information] Stepper Motor Controller Enable Y Axis controls after moving to location.
11/18/2024 09:32:09 [Information] Stepper Motor Controller Stopwatch Stopped.
11/18/2024 09:32:09 [Information] Stepper Motor Controller Timer Stopped.
11/18/2024 09:32:09 [Information] Stepper Motor Controller Stopwatch Reset.
11/18/2024 09:32:09 [Information] Stepper Motor Controller Enable Y Axis controls after moving to location.
11/18/2024 09:32:09 [Information] Stepper Motor Controller Stopwatch Stopped.
11/18/2024 09:32:09 [Information] Stepper Motor Controller Timer Stopped.
11/18/2024 09:32:09 [Information] Stepper Motor Controller Stopwatch Reset.
11/18/2024 09:32:09 [Information] Stepper Motor Controller Enable Y Axis controls after moving to location.
11/18/2024 09:32:09 [Information] Stepper Motor Controller Stopwatch Stopped.
11/18/2024 09:32:09 [Information] Stepper Motor Controller Timer Stopped.
11/18/2024 09:32:09 [Information] Stepper Motor Controller Stopwatch Reset.
11/18/2024 09:32:09 [Information] Stepper Motor Controller Enable Y Axis controls after moving to location.
11/18/2024 09:32:09 [Information] Stepper Motor Controller Stopwatch Stopped.
11/18/2024 09:32:09 [Information] Stepper Motor Controller Timer Stopped.
11/18/2024 09:32:09 [Information] Stepper Motor Controller Stopwatch Reset.
11/18/2024 09:32:09 [Information] Stepper Motor Controller Enable Y Axis controls after moving to location.
11/18/2024 09:32:09 [Information] Stepper Motor Controller Stopwatch Stopped.
11/18/2024 09:32:09 [Information] Stepper Motor Controller Timer Stopped.
11/18/2024 09:32:09 [Information] Stepper Motor Controller Stopwatch Reset.
11/18/2024 09:32:09 [Information] Stepper Motor Controller Enable Y Axis controls after moving to location.
11/18/2024 09:32:09 [Information] Stepper Motor Controller Stopwatch Stopped.
11/18/2024 09:32:09 [Information] Stepper Motor Controller Timer Stopped.
11/18/2024 09:32:09 [Information] Stepper Motor Controller Stopwatch Reset.
11/18/2024 09:32:09 [Information] Stepper Motor Controller Enable Y Axis controls after moving to location.
11/18/2024 09:32:09 [Information] Stepper Motor Controller Stopwatch Stopped.
11/18/2024 09:32:09 [Information] Stepper Motor Controller Timer Stopped.
11/18/2024 09:32:09 [Information] Stepper Motor Controller Stopwatch Reset.
11/18/2024 09:32:09 [Information] Stepper Motor Controller Enable Y Axis controls after moving to location.
11/18/2024 09:32:09 [Information] Stepper Motor Controller Stopwatch Stopped.
11/18/2024 09:32:09 [Information] Stepper Motor Controller Timer Stopped.
11/18/2024 09:32:09 [Information] Stepper Motor Controller Stopwatch Reset.
11/18/2024 09:32:09 [Information] Stepper Motor Controller Enable Y Axis controls after moving to location.
11/18/2024 09:32:09 [Information] Stepper Motor Controller Stopwatch Stopped.
11/18/2024 09:32:09 [Information] Stepper Motor Controller Timer Stopped.
11/18/2024 09:32:09 [Information] Stepper Motor Controller Stopwatch Reset.
11/18/2024 09:32:09 [Information] Stepper Motor Controller Enable Y Axis controls after moving to location.
11/18/2024 09:32:09 [Information] Stepper Motor Controller Stopwatch Stopped.
11/18/2024 09:32:09 [Information] Stepper Motor Controller Timer Stopped.
11/18/2024 09:32:09 [Information] Stepper Motor Controller Stopwatch Reset.
11/18/2024 09:32:09 [Information] Stepper Motor Controller Enable Y Axis controls after moving to location.
11/18/2024 09:32:09 [Information] Stepper Motor Controller Stopwatch Stopped.
11/18/2024 09:32:09 [Information] Stepper Motor Controller Timer Stopped.
11/18/2024 09:32:09 [Information] Stepper Motor Controller Stopwatch Reset.
11/18/2024 09:32:09 [Information] Stepper Motor Controller Enable Y Axis controls after moving to location.
11/18/2024 09:32:09 [Information] Stepper Motor Controller Stopwatch Stopped.
11/18/2024 09:32:09 [Information] Stepper Motor Controller Timer Stopped.
11/18/2024 09:32:09 [Information] Stepper Motor Controller Stopwatch Reset.
11/18/2024 09:32:09 [Information] Stepper Motor Controller Enable Y Axis controls after moving to location.
11/18/2024 09:32:09 [Information] Stepper Motor Controller Stopwatch Stopped.
11/18/2024 09:32:09 [Information] Stepper Motor Controller Timer Stopped.
11/18/2024 09:32:09 [Information] Stepper Motor Controller Stopwatch Reset.
11/18/2024 09:32:10 [Information] Stepper Motor Controller Enable Y Axis controls after moving to location.
11/18/2024 09:32:10 [Information] Stepper Motor Controller Stopwatch Stopped.
11/18/2024 09:32:10 [Information] Stepper Motor Controller Timer Stopped.
11/18/2024 09:32:10 [Information] Stepper Motor Controller Stopwatch Reset.
11/18/2024 09:32:10 [Information] Stepper Motor Controller Enable Y Axis controls after moving to location.
11/18/2024 09:32:10 [Information] Stepper Motor Controller Stopwatch Stopped.
11/18/2024 09:32:10 [Information] Stepper Motor Controller Timer Stopped.
11/18/2024 09:32:10 [Information] Stepper Motor Controller Stopwatch Reset.
11/18/2024 09:32:10 [Information] Stepper Motor Controller Enable Y Axis controls after moving to location.
11/18/2024 09:32:10 [Information] Stepper Motor Controller Stopwatch Stopped.
11/18/2024 09:32:10 [Information] Stepper Motor Controller Timer Stopped.
11/18/2024 09:32:10 [Information] Stepper Motor Controller Stopwatch Reset.
11/18/2024 09:32:10 [Information] Stepper Motor Controller Enable Y Axis controls after moving to location.
11/18/2024 09:32:10 [Information] Stepper Motor Controller Stopwatch Stopped.
11/18/2024 09:32:10 [Information] Stepper Motor Controller Timer Stopped.
11/18/2024 09:32:10 [Information] Stepper Motor Controller Stopwatch Reset.
11/18/2024 09:32:10 [Information] Z Axis Data Received: Z
11/18/2024 09:32:10 [Information] Stepper Motor Controller Enable Y Axis controls after moving to location.
11/18/2024 09:32:10 [Information] Stepper Motor Controller Stopwatch Stopped.
11/18/2024 09:32:10 [Information] Stepper Motor Controller Timer Stopped.
11/18/2024 09:32:10 [Information] Stepper Motor Controller Stopwatch Reset.
11/18/2024 09:32:10 [Information] Stepper Motor Controller Enable Y Axis controls after moving to location.
11/18/2024 09:32:10 [Information] Stepper Motor Controller Stopwatch Stopped.
11/18/2024 09:32:10 [Information] Stepper Motor Controller Timer Stopped.
11/18/2024 09:32:10 [Information] Stepper Motor Controller Stopwatch Reset.
11/18/2024 09:32:10 [Information] Stepper Motor Controller Enable Y Axis controls after moving to location.
11/18/2024 09:32:10 [Information] Stepper Motor Controller Stopwatch Stopped.
11/18/2024 09:32:10 [Information] Stepper Motor Controller Timer Stopped.
11/18/2024 09:32:10 [Information] Stepper Motor Controller Stopwatch Reset.
11/18/2024 09:32:10 [Information] Stepper Motor Controller Enable Y Axis controls after moving to location.
11/18/2024 09:32:10 [Information] Stepper Motor Controller Stopwatch Stopped.
11/18/2024 09:32:10 [Information] Stepper Motor Controller Timer Stopped.
11/18/2024 09:32:10 [Information] Stepper Motor Controller Stopwatch Reset.
11/18/2024 09:32:10 [Information] Stepper Motor Controller Enable Y Axis controls after moving to location.
11/18/2024 09:32:10 [Information] Stepper Motor Controller Stopwatch Stopped.
11/18/2024 09:32:10 [Information] Stepper Motor Controller Timer Stopped.
11/18/2024 09:32:10 [Information] Stepper Motor Controller Stopwatch Reset.
11/18/2024 09:32:10 [Information] Stepper Motor Controller Enable Y Axis controls after moving to location.
11/18/2024 09:32:10 [Information] Stepper Motor Controller Stopwatch Stopped.
11/18/2024 09:32:10 [Information] Stepper Motor Controller Timer Stopped.
11/18/2024 09:32:10 [Information] Stepper Motor Controller Stopwatch Reset.
11/18/2024 09:32:10 [Information] Stepper Motor Controller Enable Y Axis controls after moving to location.
11/18/2024 09:32:10 [Information] Stepper Motor Controller Stopwatch Stopped.
11/18/2024 09:32:10 [Information] Stepper Motor Controller Timer Stopped.
11/18/2024 09:32:10 [Information] Stepper Motor Controller Stopwatch Reset.
11/18/2024 09:32:10 [Information] Stepper Motor Controller Enable Y Axis controls after moving to location.
11/18/2024 09:32:10 [Information] Stepper Motor Controller Stopwatch Stopped.
11/18/2024 09:32:10 [Information] Stepper Motor Controller Timer Stopped.
11/18/2024 09:32:10 [Information] Stepper Motor Controller Stopwatch Reset.
11/18/2024 09:32:10 [Information] Stepper Motor Controller Enable Y Axis controls after moving to location.
11/18/2024 09:32:10 [Information] Stepper Motor Controller Stopwatch Stopped.
11/18/2024 09:32:10 [Information] Stepper Motor Controller Timer Stopped.
11/18/2024 09:32:10 [Information] Stepper Motor Controller Stopwatch Reset.
11/18/2024 09:32:10 [Information] Stepper Motor Controller Enable Y Axis controls after moving to location.
11/18/2024 09:32:10 [Information] Stepper Motor Controller Stopwatch Stopped.
11/18/2024 09:32:10 [Information] Stepper Motor Controller Timer Stopped.
11/18/2024 09:32:10 [Information] Stepper Motor Controller Stopwatch Reset.
11/18/2024 09:32:10 [Information] Stepper Motor Controller Enable Y Axis controls after moving to location.
11/18/2024 09:32:10 [Information] Stepper Motor Controller Stopwatch Stopped.
11/18/2024 09:32:10 [Information] Stepper Motor Controller Timer Stopped.
11/18/2024 09:32:10 [Information] Stepper Motor Controller Stopwatch Reset.
11/18/2024 09:32:10 [Information] Stepper Motor Controller Enable Y Axis controls after moving to location.
11/18/2024 09:32:10 [Information] Stepper Motor Controller Stopwatch Stopped.
11/18/2024 09:32:10 [Information] Stepper Motor Controller Timer Stopped.
11/18/2024 09:32:10 [Information] Stepper Motor Controller Stopwatch Reset.
11/18/2024 09:32:10 [Information] Stepper Motor Controller Enable Y Axis controls after moving to location.
11/18/2024 09:32:10 [Information] Stepper Motor Controller Stopwatch Stopped.
11/18/2024 09:32:10 [Information] Stepper Motor Controller Timer Stopped.
11/18/2024 09:32:10 [Information] Stepper Motor Controller Stopwatch Reset.
11/18/2024 09:32:10 [Information] Stepper Motor Controller Enable Y Axis controls after moving to location.
11/18/2024 09:32:10 [Information] Stepper Motor Controller Stopwatch Stopped.
11/18/2024 09:32:10 [Information] Stepper Motor Controller Timer Stopped.
11/18/2024 09:32:10 [Information] Stepper Motor Controller Stopwatch Reset.
11/18/2024 09:32:10 [Information] Stepper Motor Controller Enable Y Axis controls after moving to location.
11/18/2024 09:32:10 [Information] Stepper Motor Controller Stopwatch Stopped.
11/18/2024 09:32:10 [Information] Stepper Motor Controller Timer Stopped.
11/18/2024 09:32:10 [Information] Stepper Motor Controller Stopwatch Reset.
11/18/2024 09:32:10 [Information] Stepper Motor Controller Enable Y Axis controls after moving to location.
11/18/2024 09:32:10 [Information] Stepper Motor Controller Stopwatch Stopped.
11/18/2024 09:32:10 [Information] Stepper Motor Controller Timer Stopped.
11/18/2024 09:32:10 [Information] Stepper Motor Controller Stopwatch Reset.
11/18/2024 09:32:10 [Information] Stepper Motor Controller Enable Y Axis controls after moving to location.
11/18/2024 09:32:10 [Information] Stepper Motor Controller Stopwatch Stopped.
11/18/2024 09:32:10 [Information] Stepper Motor Controller Timer Stopped.
11/18/2024 09:32:10 [Information] Stepper Motor Controller Stopwatch Reset.
11/18/2024 09:32:10 [Information] Stepper Motor Controller Enable Y Axis controls after moving to location.
11/18/2024 09:32:10 [Information] Stepper Motor Controller Stopwatch Stopped.
11/18/2024 09:32:10 [Information] Stepper Motor Controller Timer Stopped.
11/18/2024 09:32:10 [Information] Stepper Motor Controller Stopwatch Reset.
11/18/2024 09:32:10 [Information] Stepper Motor Controller Enable Y Axis controls after moving to location.
11/18/2024 09:32:10 [Information] Stepper Motor Controller Stopwatch Stopped.
11/18/2024 09:32:10 [Information] Stepper Motor Controller Timer Stopped.
11/18/2024 09:32:10 [Information] Stepper Motor Controller Stopwatch Reset.
11/18/2024 09:32:10 [Information] Stepper Motor Controller Enable Y Axis controls after moving to location.
11/18/2024 09:32:10 [Information] Stepper Motor Controller Stopwatch Stopped.
11/18/2024 09:32:10 [Information] Stepper Motor Controller Timer Stopped.
11/18/2024 09:32:10 [Information] Stepper Motor Controller Stopwatch Reset.
11/18/2024 09:32:10 [Information] Stepper Motor Controller Enable Y Axis controls after moving to location.
11/18/2024 09:32:10 [Information] Stepper Motor Controller Stopwatch Stopped.
11/18/2024 09:32:10 [Information] Stepper Motor Controller Timer Stopped.
11/18/2024 09:32:10 [Information] Stepper Motor Controller Stopwatch Reset.
11/18/2024 09:32:10 [Information] Stepper Motor Controller Enable Y Axis controls after moving to location.
11/18/2024 09:32:10 [Information] Stepper Motor Controller Stopwatch Stopped.
11/18/2024 09:32:10 [Information] Stepper Motor Controller Timer Stopped.
11/18/2024 09:32:10 [Information] Stepper Motor Controller Stopwatch Reset.
11/18/2024 09:32:10 [Information] Stepper Motor Controller Enable Y Axis controls after moving to location.
11/18/2024 09:32:10 [Information] Stepper Motor Controller Stopwatch Stopped.
11/18/2024 09:32:10 [Information] Stepper Motor Controller Timer Stopped.
11/18/2024 09:32:10 [Information] Stepper Motor Controller Stopwatch Reset.
11/18/2024 09:32:11 [Information] Stepper Motor Controller Enable Y Axis controls after moving to location.
11/18/2024 09:32:11 [Information] Stepper Motor Controller Stopwatch Stopped.
11/18/2024 09:32:11 [Information] Stepper Motor Controller Timer Stopped.
11/18/2024 09:32:11 [Information] Stepper Motor Controller Stopwatch Reset.
11/18/2024 09:32:11 [Information] Stepper Motor Controller Enable Y Axis controls after moving to location.
11/18/2024 09:32:11 [Information] Stepper Motor Controller Stopwatch Stopped.
11/18/2024 09:32:11 [Information] Stepper Motor Controller Timer Stopped.
11/18/2024 09:32:11 [Information] Stepper Motor Controller Stopwatch Reset.
11/18/2024 09:32:11 [Information] Stepper Motor Controller Enable Y Axis controls after moving to location.
11/18/2024 09:32:11 [Information] Stepper Motor Controller Stopwatch Stopped.
11/18/2024 09:32:11 [Information] Stepper Motor Controller Timer Stopped.
11/18/2024 09:32:11 [Information] Stepper Motor Controller Stopwatch Reset.
11/18/2024 09:32:11 [Information] Stepper Motor Controller Enable Y Axis controls after moving to location.
11/18/2024 09:32:11 [Information] Stepper Motor Controller Stopwatch Stopped.
11/18/2024 09:32:11 [Information] Stepper Motor Controller Timer Stopped.
11/18/2024 09:32:11 [Information] Stepper Motor Controller Stopwatch Reset.
11/18/2024 09:32:11 [Information] Stepper Motor Controller Enable Y Axis controls after moving to location.
11/18/2024 09:32:11 [Information] Stepper Motor Controller Stopwatch Stopped.
11/18/2024 09:32:11 [Information] Stepper Motor Controller Timer Stopped.
11/18/2024 09:32:11 [Information] Stepper Motor Controller Stopwatch Reset.
11/18/2024 09:32:11 [Information] Z Axis Data Received:  Axis CW STOPPED
11/18/2024 09:32:11 [Information] Stepper Motor Controller Enable Y Axis controls after moving to location.
11/18/2024 09:32:11 [Information] Stepper Motor Controller Stopwatch Stopped.
11/18/2024 09:32:11 [Information] Stepper Motor Controller Timer Stopped.
11/18/2024 09:32:11 [Information] Stepper Motor Controller Stopwatch Reset.
11/18/2024 09:32:11 [Information] Stepper Motor Controller Enable Y Axis controls after moving to location.
11/18/2024 09:32:11 [Information] Stepper Motor Controller Stopwatch Stopped.
11/18/2024 09:32:11 [Information] Stepper Motor Controller Timer Stopped.
11/18/2024 09:32:11 [Information] Stepper Motor Controller Stopwatch Reset.
11/18/2024 09:32:11 [Information] Stepper Motor Controller Enable Y Axis controls after moving to location.
11/18/2024 09:32:11 [Information] Stepper Motor Controller Stopwatch Stopped.
11/18/2024 09:32:11 [Information] Stepper Motor Controller Timer Stopped.
11/18/2024 09:32:11 [Information] Stepper Motor Controller Stopwatch Reset.
11/18/2024 09:32:11 [Information] Stepper Motor Controller Enable Y Axis controls after moving to location.
11/18/2024 09:32:11 [Information] Stepper Motor Controller Stopwatch Stopped.
11/18/2024 09:32:11 [Information] Stepper Motor Controller Timer Stopped.
11/18/2024 09:32:11 [Information] Stepper Motor Controller Stopwatch Reset.
11/18/2024 09:32:11 [Information] Stepper Motor Controller Enable Y Axis controls after moving to location.
11/18/2024 09:32:11 [Information] Stepper Motor Controller Stopwatch Stopped.
11/18/2024 09:32:11 [Information] Stepper Motor Controller Timer Stopped.
11/18/2024 09:32:11 [Information] Stepper Motor Controller Stopwatch Reset.
11/18/2024 09:32:11 [Information] Stepper Motor Controller Enable Y Axis controls after moving to location.
11/18/2024 09:32:11 [Information] Stepper Motor Controller Stopwatch Stopped.
11/18/2024 09:32:11 [Information] Stepper Motor Controller Timer Stopped.
11/18/2024 09:32:11 [Information] Stepper Motor Controller Stopwatch Reset.
11/18/2024 09:32:11 [Information] Stepper Motor Controller Enable Y Axis controls after moving to location.
11/18/2024 09:32:11 [Information] Stepper Motor Controller Stopwatch Stopped.
11/18/2024 09:32:11 [Information] Stepper Motor Controller Timer Stopped.
11/18/2024 09:32:11 [Information] Stepper Motor Controller Stopwatch Reset.
11/18/2024 09:32:11 [Information] Stepper Motor Controller Enable Y Axis controls after moving to location.
11/18/2024 09:32:11 [Information] Stepper Motor Controller Stopwatch Stopped.
11/18/2024 09:32:11 [Information] Stepper Motor Controller Timer Stopped.
11/18/2024 09:32:11 [Information] Stepper Motor Controller Stopwatch Reset.
11/18/2024 09:32:11 [Information] Stepper Motor Controller Enable Y Axis controls after moving to location.
11/18/2024 09:32:11 [Information] Stepper Motor Controller Stopwatch Stopped.
11/18/2024 09:32:11 [Information] Stepper Motor Controller Timer Stopped.
11/18/2024 09:32:11 [Information] Stepper Motor Controller Stopwatch Reset.
11/18/2024 09:32:11 [Information] Stepper Motor Controller Enable Y Axis controls after moving to location.
11/18/2024 09:32:11 [Information] Stepper Motor Controller Stopwatch Stopped.
11/18/2024 09:32:11 [Information] Stepper Motor Controller Timer Stopped.
11/18/2024 09:32:11 [Information] Stepper Motor Controller Stopwatch Reset.
11/18/2024 09:32:11 [Information] Stepper Motor Controller Enable Y Axis controls after moving to location.
11/18/2024 09:32:11 [Information] Stepper Motor Controller Stopwatch Stopped.
11/18/2024 09:32:11 [Information] Stepper Motor Controller Timer Stopped.
11/18/2024 09:32:11 [Information] Stepper Motor Controller Stopwatch Reset.
11/18/2024 09:32:11 [Information] Stepper Motor Controller Enable Y Axis controls after moving to location.
11/18/2024 09:32:11 [Information] Stepper Motor Controller Stopwatch Stopped.
11/18/2024 09:32:11 [Information] Stepper Motor Controller Timer Stopped.
11/18/2024 09:32:11 [Information] Stepper Motor Controller Stopwatch Reset.
11/18/2024 09:32:11 [Information] Stepper Motor Controller Enable Y Axis controls after moving to location.
11/18/2024 09:32:11 [Information] Stepper Motor Controller Stopwatch Stopped.
11/18/2024 09:32:11 [Information] Stepper Motor Controller Timer Stopped.
11/18/2024 09:32:11 [Information] Stepper Motor Controller Stopwatch Reset.
11/18/2024 09:32:11 [Information] Stepper Motor Controller Enable Y Axis controls after moving to location.
11/18/2024 09:32:11 [Information] Stepper Motor Controller Stopwatch Stopped.
11/18/2024 09:32:11 [Information] Stepper Motor Controller Timer Stopped.
11/18/2024 09:32:11 [Information] Stepper Motor Controller Stopwatch Reset.
11/18/2024 09:32:11 [Information] Stepper Motor Controller Enable Y Axis controls after moving to location.
11/18/2024 09:32:11 [Information] Stepper Motor Controller Stopwatch Stopped.
11/18/2024 09:32:11 [Information] Stepper Motor Controller Timer Stopped.
11/18/2024 09:32:11 [Information] Stepper Motor Controller Stopwatch Reset.
11/18/2024 09:32:11 [Information] Stepper Motor Controller Enable Y Axis controls after moving to location.
11/18/2024 09:32:11 [Information] Stepper Motor Controller Stopwatch Stopped.
11/18/2024 09:32:11 [Information] Stepper Motor Controller Timer Stopped.
11/18/2024 09:32:11 [Information] Stepper Motor Controller Stopwatch Reset.
11/18/2024 09:32:11 [Information] Stepper Motor Controller Enable Y Axis controls after moving to location.
11/18/2024 09:32:11 [Information] Stepper Motor Controller Stopwatch Stopped.
11/18/2024 09:32:11 [Information] Stepper Motor Controller Timer Stopped.
11/18/2024 09:32:11 [Information] Stepper Motor Controller Stopwatch Reset.
11/18/2024 09:32:11 [Information] Stepper Motor Controller Enable Y Axis controls after moving to location.
11/18/2024 09:32:11 [Information] Stepper Motor Controller Stopwatch Stopped.
11/18/2024 09:32:11 [Information] Stepper Motor Controller Timer Stopped.
11/18/2024 09:32:11 [Information] Stepper Motor Controller Stopwatch Reset.
11/18/2024 09:32:11 [Information] Stepper Motor Controller Enable Y Axis controls after moving to location.
11/18/2024 09:32:11 [Information] Stepper Motor Controller Stopwatch Stopped.
11/18/2024 09:32:11 [Information] Stepper Motor Controller Timer Stopped.
11/18/2024 09:32:11 [Information] Stepper Motor Controller Stopwatch Reset.
11/18/2024 09:32:11 [Information] Stepper Motor Controller Enable Y Axis controls after moving to location.
11/18/2024 09:32:11 [Information] Stepper Motor Controller Stopwatch Stopped.
11/18/2024 09:32:11 [Information] Stepper Motor Controller Timer Stopped.
11/18/2024 09:32:11 [Information] Stepper Motor Controller Stopwatch Reset.
11/18/2024 09:32:12 [Information] Stepper Motor Controller Enable Y Axis controls after moving to location.
11/18/2024 09:32:12 [Information] Stepper Motor Controller Stopwatch Stopped.
11/18/2024 09:32:12 [Information] Stepper Motor Controller Timer Stopped.
11/18/2024 09:32:12 [Information] Stepper Motor Controller Stopwatch Reset.
11/18/2024 09:32:12 [Information] Stepper Motor Controller Enable Y Axis controls after moving to location.
11/18/2024 09:32:12 [Information] Stepper Motor Controller Stopwatch Stopped.
11/18/2024 09:32:12 [Information] Stepper Motor Controller Timer Stopped.
11/18/2024 09:32:12 [Information] Stepper Motor Controller Stopwatch Reset.
11/18/2024 09:32:12 [Information] Stepper Motor Controller Enable Y Axis controls after moving to location.
11/18/2024 09:32:12 [Information] Stepper Motor Controller Stopwatch Stopped.
11/18/2024 09:32:12 [Information] Stepper Motor Controller Timer Stopped.
11/18/2024 09:32:12 [Information] Stepper Motor Controller Stopwatch Reset.
11/18/2024 09:32:12 [Information] Stepper Motor Controller Enable Y Axis controls after moving to location.
11/18/2024 09:32:12 [Information] Stepper Motor Controller Stopwatch Stopped.
11/18/2024 09:32:12 [Information] Stepper Motor Controller Timer Stopped.
11/18/2024 09:32:12 [Information] Stepper Motor Controller Stopwatch Reset.
11/18/2024 09:32:12 [Information] Stepper Motor Controller Enable Y Axis controls after moving to location.
11/18/2024 09:32:12 [Information] Stepper Motor Controller Stopwatch Stopped.
11/18/2024 09:32:12 [Information] Stepper Motor Controller Timer Stopped.
11/18/2024 09:32:12 [Information] Stepper Motor Controller Stopwatch Reset.
11/18/2024 09:32:12 [Information] Z Axis Data Received: 
Z Axis CW Motor Current Position: -546
Z Axis CW STOPPED
Z Axis CW Motor Current Position: -546
Z Axis CW STOPPED
Z Axis CW Motor Current Position: -546
Z Axis CW STOPPED
Z Axis CW Motor Current Position: -547
Z Axis CW STOPPED
Z Axis CW Motor Current Position: -547
Z Axis reached target position
Current Position: -627

11/18/2024 09:32:12 [Information] Stepper Motor Controller Enable Y Axis controls after moving to location.
11/18/2024 09:32:12 [Information] Stepper Motor Controller Stopwatch Stopped.
11/18/2024 09:32:12 [Information] Stepper Motor Controller Timer Stopped.
11/18/2024 09:32:12 [Information] Stepper Motor Controller Stopwatch Reset.
11/18/2024 09:32:34 [Information] Z Axis Motor Stopped
11/18/2024 09:33:15 [Information] Stepper Motor Controller MainWindow Closing.
11/18/2024 09:33:15 [Information] SerialPort for Z Axis closed.
11/18/2024 09:33:15 [Information] Properties Settings Saved.
11/18/2024 09:33:15 [Information] Properties Settings Form Closed.
11/18/2024 09:33:15 [Information] Stepper Motor Controller Form Closed.
