11/16/2024 10:55:46 [Information] Stepper Motor Controller Application Started.
11/16/2024 10:55:46 [Information] Version: 3.0.9086.19668 (11/16/2024 10:55:46)
11/16/2024 10:55:46 [Information] SerialPort COM7 not connected.
11/16/2024 10:55:46 [Information] SerialPort COM8 not connected.
11/16/2024 10:55:46 [Information] SerialPort Read = 0
11/16/2024 10:55:46 [Information] Stepper Motor Controller Application Started.
11/16/2024 10:55:46 [Information] Version: 3.0.9086.19668 (11/16/2024 10:55:46)
11/16/2024 10:55:46 [Information] Version: 3.1.0.19669 (11/16/2024 10:55:46)
11/16/2024 10:55:46 [Information] Version: 3.1.0.19669 (11/16/2024 10:55:46)
11/16/2024 10:55:46 [Information] Stepper Motor Controller Application Settings Window Opened.
11/16/2024 10:55:47 [Information] Stepper Motor Controller Application Settings form is rebuilt each and every time it is opened.
11/16/2024 10:55:47 [Information] int: 9600 BaudRate added to the Settings Form.
11/16/2024 10:55:47 [Information] bool: False ckbXaxisResetToZeroIsChecked added to the Settings Form.
11/16/2024 10:55:47 [Information] bool: False ckbYaxisResetToZeroIsChecked added to the Settings Form.
11/16/2024 10:55:47 [Information] bool: False ckbZaxisResetToZeroIsChecked added to the Settings Form.
11/16/2024 10:55:47 [Information] COM1: ComPort added to the Settings Form.
11/16/2024 10:55:47 [Information] COM2: ComPort added to the Settings Form.
11/16/2024 10:55:47 [Information] COM3: ComPort added to the Settings Form.
11/16/2024 10:55:47 [Information] COM4: ComPort added to the Settings Form.
11/16/2024 10:55:47 [Information] COM5: ComPort added to the Settings Form.
11/16/2024 10:55:47 [Information] COM6: ComPort added to the Settings Form.
11/16/2024 10:55:47 [Information] COM7: ComPort added to the Settings Form.
11/16/2024 10:55:47 [Information] COM8: ComPort added to the Settings Form.
11/16/2024 10:55:47 [Information] COM9: ComPort added to the Settings Form.
11/16/2024 10:55:47 [Information] COM10: ComPort added to the Settings Form.
11/16/2024 10:55:47 [Information] decimal: 4.00 Divider4_00 added to the Settings Form.
11/16/2024 10:55:47 [Information] decimal: 0.00 MathPart2Initlz added to the Settings Form.
11/16/2024 10:55:47 [Information] decimal: 1.00 MilisecondTimerInterval added to the Settings Form.
11/16/2024 10:55:47 [Information] decimal: 1000.00 MillisecondDelay added to the Settings Form.
11/16/2024 10:55:47 [Information] int: 1000 Milliseconds added to the Settings Form.
11/16/2024 10:55:47 [Information] int: 4 mmPerRevolution added to the Settings Form.
11/16/2024 10:55:47 [Information] int: 2000 ThreadSleep added to the Settings Form.
11/16/2024 10:55:47 [Information] decimal: 0.00 Value_0_00 added to the Settings Form.
11/16/2024 10:55:47 [Information] decimal: 50.00 XaxisAcceleration added to the Settings Form.
11/16/2024 10:55:47 [Information] bool: False XaxisChanged added to the Settings Form.
11/16/2024 10:55:47 [Information] decimal: 400.00 XaxisMotorSpeed added to the Settings Form.
11/16/2024 10:55:47 [Information] decimal: 0.00 XaxisStepperCurrent added to the Settings Form.
11/16/2024 10:55:47 [Information] decimal: 0.00 XaxisStepperMove added to the Settings Form.
11/16/2024 10:55:47 [Information] XCOM1: XComPort added to the Settings Form.
11/16/2024 10:55:47 [Information] XCOM2: XComPort added to the Settings Form.
11/16/2024 10:55:47 [Information] XCOM3: XComPort added to the Settings Form.
11/16/2024 10:55:47 [Information] XCOM4: XComPort added to the Settings Form.
11/16/2024 10:55:47 [Information] XCOM5: XComPort added to the Settings Form.
11/16/2024 10:55:47 [Information] XCOM6: XComPort added to the Settings Form.
11/16/2024 10:55:47 [Information] XCOM7: XComPort added to the Settings Form.
11/16/2024 10:55:47 [Information] XCOM8: XComPort added to the Settings Form.
11/16/2024 10:55:47 [Information] XCOM9: XComPort added to the Settings Form.
11/16/2024 10:55:47 [Information] XCOM10: XComPort added to the Settings Form.
11/16/2024 10:55:47 [Information] decimal: 50.00 YaxisAcceleration added to the Settings Form.
11/16/2024 10:55:47 [Information] bool: False YaxisChanged added to the Settings Form.
11/16/2024 10:55:47 [Information] decimal: 400.00 YaxisMotorSpeed added to the Settings Form.
11/16/2024 10:55:47 [Information] decimal: 0.00 YaxisStepperCurrent added to the Settings Form.
11/16/2024 10:55:47 [Information] decimal: 0.00 YaxisStepperMove added to the Settings Form.
11/16/2024 10:55:47 [Information] YCOM1: YComPort added to the Settings Form.
11/16/2024 10:55:47 [Information] YCOM2: YComPort added to the Settings Form.
11/16/2024 10:55:47 [Information] YCOM3: YComPort added to the Settings Form.
11/16/2024 10:55:47 [Information] YCOM4: YComPort added to the Settings Form.
11/16/2024 10:55:47 [Information] YCOM5: YComPort added to the Settings Form.
11/16/2024 10:55:47 [Information] YCOM6: YComPort added to the Settings Form.
11/16/2024 10:55:47 [Information] YCOM7: YComPort added to the Settings Form.
11/16/2024 10:55:47 [Information] YCOM8: YComPort added to the Settings Form.
11/16/2024 10:55:47 [Information] YCOM9: YComPort added to the Settings Form.
11/16/2024 10:55:47 [Information] YCOM10: YComPort added to the Settings Form.
11/16/2024 10:55:47 [Information] decimal: 50.00 ZaxisAcceleration added to the Settings Form.
11/16/2024 10:55:47 [Information] bool: False ZaxisChanged added to the Settings Form.
11/16/2024 10:55:47 [Information] decimal: 400.00 ZaxisMotorSpeed added to the Settings Form.
11/16/2024 10:55:47 [Information] decimal: 0.00 ZaxisStepperCurrent added to the Settings Form.
11/16/2024 10:55:47 [Information] decimal: 0.00 ZaxisStepperMove added to the Settings Form.
11/16/2024 10:55:47 [Information] ZCOM1: ZComPort added to the Settings Form.
11/16/2024 10:55:47 [Information] ZCOM2: ZComPort added to the Settings Form.
11/16/2024 10:55:47 [Information] ZCOM3: ZComPort added to the Settings Form.
11/16/2024 10:55:47 [Information] ZCOM4: ZComPort added to the Settings Form.
11/16/2024 10:55:47 [Information] ZCOM5: ZComPort added to the Settings Form.
11/16/2024 10:55:47 [Information] ZCOM6: ZComPort added to the Settings Form.
11/16/2024 10:55:47 [Information] ZCOM7: ZComPort added to the Settings Form.
11/16/2024 10:55:47 [Information] ZCOM8: ZComPort added to the Settings Form.
11/16/2024 10:55:47 [Information] ZCOM9: ZComPort added to the Settings Form.
11/16/2024 10:55:47 [Information] ZCOM10: ZComPort added to the Settings Form.
11/16/2024 10:55:47 [Information] int: 0 zeroXaxis added to the Settings Form.
11/16/2024 10:55:47 [Information] int: 0 zeroYaxis added to the Settings Form.
11/16/2024 10:55:47 [Information] int: 0 zeroZaxis added to the Settings Form.
11/16/2024 10:55:47 [Information] Stepper Motor Controller MainWindow loaded
11/16/2024 10:55:47 [Information] Set MainWindow Media Brushes to White.
11/16/2024 10:55:51 [Information] Z Axis Data Received: VM
11/16/2024 10:55:51 [Information] Z Axis Data Received: DP
11/16/2024 10:55:51 [Information] Z Axis Data Received: V_1|1_VMDPV
VMDPR_
11/16/2024 10:55:53 [Information] Z Axis mouse controlled Keypad returned: 32.00
11/16/2024 10:55:54 [Information] Z Axis Run button clicked:
11/16/2024 10:55:54 [Information] Z Axis MotorMovementSeconds decimal: (32.00 / 4) / 2 = 4.00
11/16/2024 10:55:55 [Information] Z Axis Run Event: Z,0.00,400.00,0,0.00,400.00,0,32.00,400.00,0
11/16/2024 10:55:56 [Information] Z Axis Current Time: 10:55:56 + 4000 = 10:56:00
11/16/2024 10:55:56 [Information] Z Axis Data Received: s
11/16/2024 10:55:56 [Information] Z Axis Data Received: er
11/16/2024 10:55:56 [Information] Z Axis Data Received: ia
11/16/2024 10:55:56 [Information] Z Axis Data Received: l
11/16/2024 10:55:56 [Information] Z Axis Data Received: Da
11/16/2024 10:55:56 [Information] Z Axis Data Received: t
11/16/2024 10:55:56 [Information] Z Axis Data Received: a: Z,0
11/16/2024 10:55:56 [Information] Z Axis Data Received: .00,400.00,0,0.00,400.00,0,32.00,400.00,0

11/16/2024 10:55:57 [Information] Z Axis Data Received: Z
11/16/2024 10:55:57 [Information] Z Axis Data Received:  Axi
11/16/2024 10:55:57 [Information] Z Axis Data Received: s
11/16/2024 10:55:57 [Information] Z Axis Data Received:  C
11/16/2024 10:55:57 [Information] Z Axis Data Received: W
11/16/2024 10:55:57 [Information] Z Axis Data Received:  S
11/16/2024 10:55:57 [Information] Z Axis Data Received: TO
11/16/2024 10:55:57 [Information] Z Axis Data Received: PP
11/16/2024 10:55:57 [Information] Z Axis Data Received: E
11/16/2024 10:55:57 [Information] Z Axis Data Received: D
11/16/2024 10:55:57 [Information] Z Axis Data Received: 

11/16/2024 10:55:57 [Information] Z Axis Data Received: Z
11/16/2024 10:55:57 [Information] Z Axis Data Received:  
11/16/2024 10:55:57 [Information] Z Axis Data Received: A
11/16/2024 10:55:57 [Information] Z Axis Data Received: x
11/16/2024 10:55:57 [Information] Z Axis Data Received: i
11/16/2024 10:55:57 [Information] Z Axis Data Received: s
11/16/2024 10:55:57 [Information] Z Axis Data Received:  
11/16/2024 10:55:57 [Information] Z Axis Data Received: M
11/16/2024 10:55:57 [Information] Z Axis Data Received: o
11/16/2024 10:55:57 [Information] Z Axis Data Received: t
11/16/2024 10:55:57 [Information] Z Axis Data Received: o
11/16/2024 10:55:57 [Information] Z Axis Data Received: r
11/16/2024 10:55:57 [Information] Z Axis Data Received:  
11/16/2024 10:55:57 [Information] Z Axis Data Received: S
11/16/2024 10:55:57 [Information] Z Axis Data Received: t
11/16/2024 10:55:57 [Information] Z Axis Data Received: o
11/16/2024 10:55:57 [Information] Z Axis Data Received: p
11/16/2024 10:55:57 [Information] Z Axis Data Received: p
11/16/2024 10:55:57 [Information] Z Axis Data Received: e
11/16/2024 10:55:57 [Information] Z Axis Data Received: d
11/16/2024 10:55:57 [Information] Z Axis Data Received: 
11/16/2024 10:55:57 [Information] Z Axis Data Received: 

11/16/2024 10:56:01 [Information] Stepper Motor Controller MainWindow Closing.
11/16/2024 10:56:01 [Information] Stepper Motor Controller Serial Ports closed.
11/16/2024 10:56:01 [Information] Properties Settings Saved.
11/16/2024 10:56:01 [Information] Properties Settings Form Closed.
11/16/2024 10:56:01 [Information] Stepper Motor Controller Form Closed.
