11/5/2024 09:04:50 [Information] Stepper Motor Controller Application Started.
11/5/2024 09:04:50 [Information] Version: 3.0.9075.16340 (11/5/2024 09:04:50)
11/5/2024 09:04:50 [Information] X Axis SerialPort COM7 not connected.
11/5/2024 09:04:50 [Information] Y Axis SerialPort COM8 not connected.
11/5/2024 09:04:50 [Information] Version: 3.1.0.16341 (11/5/2024 09:04:50)
11/5/2024 09:04:50 [Information] Version: 3.1.0.16341 (11/5/2024 09:04:50)
11/5/2024 09:04:50 [Information] Stepper Motor Controller Application Settings Window Opened.
11/5/2024 09:04:50 [Information] Stepper Motor Controller Application Settings form is rebuilt each and every time it is opened.
11/5/2024 09:04:50 [Information] int: 9600 BaudRate added to the Settings Form.
11/5/2024 09:04:50 [Information] bool: False ckbXaxisResetToZeroIsChecked added to the Settings Form.
11/5/2024 09:04:50 [Information] bool: False ckbYaxisResetToZeroIsChecked added to the Settings Form.
11/5/2024 09:04:50 [Information] bool: False ckbZaxisResetToZeroIsChecked added to the Settings Form.
11/5/2024 09:04:50 [Information] COM1: ComPort added to the Settings Form.
11/5/2024 09:04:50 [Information] COM2: ComPort added to the Settings Form.
11/5/2024 09:04:50 [Information] COM3: ComPort added to the Settings Form.
11/5/2024 09:04:50 [Information] COM4: ComPort added to the Settings Form.
11/5/2024 09:04:50 [Information] COM5: ComPort added to the Settings Form.
11/5/2024 09:04:50 [Information] COM6: ComPort added to the Settings Form.
11/5/2024 09:04:50 [Information] COM7: ComPort added to the Settings Form.
11/5/2024 09:04:50 [Information] COM8: ComPort added to the Settings Form.
11/5/2024 09:04:50 [Information] COM9: ComPort added to the Settings Form.
11/5/2024 09:04:50 [Information] COM10: ComPort added to the Settings Form.
11/5/2024 09:04:50 [Information] decimal: 4.00 Divider4_00 added to the Settings Form.
11/5/2024 09:04:50 [Information] decimal: 0.00 MathPart2Initlz added to the Settings Form.
11/5/2024 09:04:50 [Information] decimal: 1.00 MilisecondTimerInterval added to the Settings Form.
11/5/2024 09:04:50 [Information] decimal: 1000.00 MillisecondDelay added to the Settings Form.
11/5/2024 09:04:50 [Information] int: 1000 Milliseconds added to the Settings Form.
11/5/2024 09:04:50 [Information] int: 4 mmPerRevolution added to the Settings Form.
11/5/2024 09:04:50 [Information] int: 2000 ThreadSleep added to the Settings Form.
11/5/2024 09:04:50 [Information] decimal: 0.00 Value_0_00 added to the Settings Form.
11/5/2024 09:04:50 [Information] decimal: 50.00 XaxisAcceleration added to the Settings Form.
11/5/2024 09:04:50 [Information] bool: False XaxisChanged added to the Settings Form.
11/5/2024 09:04:50 [Information] decimal: 400.00 XaxisMotorSpeed added to the Settings Form.
11/5/2024 09:04:50 [Information] decimal: 0.00 XaxisStepperCurrent added to the Settings Form.
11/5/2024 09:04:50 [Information] decimal: 0.00 XaxisStepperMove added to the Settings Form.
11/5/2024 09:04:50 [Information] XCOM1: XComPort added to the Settings Form.
11/5/2024 09:04:50 [Information] XCOM2: XComPort added to the Settings Form.
11/5/2024 09:04:50 [Information] XCOM3: XComPort added to the Settings Form.
11/5/2024 09:04:50 [Information] XCOM4: XComPort added to the Settings Form.
11/5/2024 09:04:50 [Information] XCOM5: XComPort added to the Settings Form.
11/5/2024 09:04:50 [Information] XCOM6: XComPort added to the Settings Form.
11/5/2024 09:04:50 [Information] XCOM7: XComPort added to the Settings Form.
11/5/2024 09:04:50 [Information] XCOM8: XComPort added to the Settings Form.
11/5/2024 09:04:50 [Information] XCOM9: XComPort added to the Settings Form.
11/5/2024 09:04:50 [Information] XCOM10: XComPort added to the Settings Form.
11/5/2024 09:04:50 [Information] decimal: 50.00 YaxisAcceleration added to the Settings Form.
11/5/2024 09:04:50 [Information] bool: False YaxisChanged added to the Settings Form.
11/5/2024 09:04:50 [Information] decimal: 400.00 YaxisMotorSpeed added to the Settings Form.
11/5/2024 09:04:50 [Information] decimal: 0.00 YaxisStepperCurrent added to the Settings Form.
11/5/2024 09:04:50 [Information] decimal: 0.00 YaxisStepperMove added to the Settings Form.
11/5/2024 09:04:50 [Information] YCOM1: YComPort added to the Settings Form.
11/5/2024 09:04:50 [Information] YCOM2: YComPort added to the Settings Form.
11/5/2024 09:04:50 [Information] YCOM3: YComPort added to the Settings Form.
11/5/2024 09:04:50 [Information] YCOM4: YComPort added to the Settings Form.
11/5/2024 09:04:50 [Information] YCOM5: YComPort added to the Settings Form.
11/5/2024 09:04:50 [Information] YCOM6: YComPort added to the Settings Form.
11/5/2024 09:04:50 [Information] YCOM7: YComPort added to the Settings Form.
11/5/2024 09:04:50 [Information] YCOM8: YComPort added to the Settings Form.
11/5/2024 09:04:50 [Information] YCOM9: YComPort added to the Settings Form.
11/5/2024 09:04:50 [Information] YCOM10: YComPort added to the Settings Form.
11/5/2024 09:04:50 [Information] decimal: 50.00 ZaxisAcceleration added to the Settings Form.
11/5/2024 09:04:50 [Information] bool: False ZaxisChanged added to the Settings Form.
11/5/2024 09:04:50 [Information] decimal: 400.00 ZaxisMotorSpeed added to the Settings Form.
11/5/2024 09:04:50 [Information] decimal: 0.00 ZaxisStepperCurrent added to the Settings Form.
11/5/2024 09:04:50 [Information] decimal: 0.00 ZaxisStepperMove added to the Settings Form.
11/5/2024 09:04:50 [Information] ZCOM1: ZComPort added to the Settings Form.
11/5/2024 09:04:50 [Information] ZCOM2: ZComPort added to the Settings Form.
11/5/2024 09:04:50 [Information] ZCOM3: ZComPort added to the Settings Form.
11/5/2024 09:04:50 [Information] ZCOM4: ZComPort added to the Settings Form.
11/5/2024 09:04:50 [Information] ZCOM5: ZComPort added to the Settings Form.
11/5/2024 09:04:50 [Information] ZCOM6: ZComPort added to the Settings Form.
11/5/2024 09:04:50 [Information] ZCOM7: ZComPort added to the Settings Form.
11/5/2024 09:04:50 [Information] ZCOM8: ZComPort added to the Settings Form.
11/5/2024 09:04:50 [Information] ZCOM9: ZComPort added to the Settings Form.
11/5/2024 09:04:50 [Information] ZCOM10: ZComPort added to the Settings Form.
11/5/2024 09:04:50 [Information] int: 0 zeroXaxis added to the Settings Form.
11/5/2024 09:04:50 [Information] int: 0 zeroYaxis added to the Settings Form.
11/5/2024 09:04:50 [Information] int: 0 zeroZaxis added to the Settings Form.
11/5/2024 09:04:51 [Information] Stepper Motor Controller MainWindow loaded
11/5/2024 09:04:51 [Information] Set MainWindow Media Brushes to White.
11/5/2024 09:05:11 [Information] Z Axis mouse controlled Keypad returned: 64.00
11/5/2024 09:05:13 [Information] ZAxisRun_Click button clicked:
11/5/2024 09:05:13 [Information] Z Axis MotorMovementSeconds decimal: (64.00 / 4) / 2 = 8.00
11/5/2024 09:05:13 [Information] Z Axis myMovementTimer int: 1000 * 8.00 = 8000
11/5/2024 09:05:14 [Information] Z Axis Run Event: Z,0.00,400.00,0,0.00,400.00,0,64.00,400.00,0
11/5/2024 09:05:14 [Information] Z Axis Current Time: 09:05:14 + 8000 = zTargetEndTime: 09:05:22
11/5/2024 09:05:14 [Information] Stepper Motor Controller Disable Z Axis controls while moving to location.
11/5/2024 09:05:14 [Information] Time remaining: 00:00:00 zTargetEndTime = 09:05:22
11/5/2024 09:05:14 [Information] Stepper Motor Controller Disable Z Axis controls while moving to location.
11/5/2024 09:05:14 [Information] Time remaining: 00:00:00 zTargetEndTime = 09:05:22
11/5/2024 09:05:14 [Information] Stepper Motor Controller Disable Z Axis controls while moving to location.
11/5/2024 09:05:14 [Information] Time remaining: 00:00:00 zTargetEndTime = 09:05:22
11/5/2024 09:05:14 [Information] Stepper Motor Controller Disable Z Axis controls while moving to location.
11/5/2024 09:05:14 [Information] Time remaining: 00:00:00 zTargetEndTime = 09:05:22
11/5/2024 09:05:14 [Information] Stepper Motor Controller Disable Z Axis controls while moving to location.
11/5/2024 09:05:14 [Information] Time remaining: 00:00:00 zTargetEndTime = 09:05:22
11/5/2024 09:05:14 [Information] Stepper Motor Controller Disable Z Axis controls while moving to location.
11/5/2024 09:05:14 [Information] Time remaining: 00:00:00 zTargetEndTime = 09:05:22
11/5/2024 09:05:14 [Information] Stepper Motor Controller Disable Z Axis controls while moving to location.
11/5/2024 09:05:14 [Information] Time remaining: 00:00:00 zTargetEndTime = 09:05:22
11/5/2024 09:05:14 [Information] Stepper Motor Controller Disable Z Axis controls while moving to location.
11/5/2024 09:05:14 [Information] Time remaining: 00:00:00 zTargetEndTime = 09:05:22
11/5/2024 09:05:14 [Information] Stepper Motor Controller Disable Z Axis controls while moving to location.
11/5/2024 09:05:14 [Information] Time remaining: 00:00:00 zTargetEndTime = 09:05:22
11/5/2024 09:05:14 [Information] Stepper Motor Controller Disable Z Axis controls while moving to location.
11/5/2024 09:05:14 [Information] Time remaining: 00:00:00 zTargetEndTime = 09:05:22
11/5/2024 09:05:14 [Information] Stepper Motor Controller Disable Z Axis controls while moving to location.
11/5/2024 09:05:14 [Information] Time remaining: 00:00:00 zTargetEndTime = 09:05:22
11/5/2024 09:05:14 [Information] Stepper Motor Controller Disable Z Axis controls while moving to location.
11/5/2024 09:05:14 [Information] Time remaining: 00:00:00 zTargetEndTime = 09:05:22
11/5/2024 09:05:14 [Information] Stepper Motor Controller Disable Z Axis controls while moving to location.
11/5/2024 09:05:14 [Information] Time remaining: 00:00:00 zTargetEndTime = 09:05:22
11/5/2024 09:05:14 [Information] Stepper Motor Controller Disable Z Axis controls while moving to location.
11/5/2024 09:05:14 [Information] Time remaining: 00:00:00 zTargetEndTime = 09:05:22
11/5/2024 09:05:14 [Information] Stepper Motor Controller Disable Z Axis controls while moving to location.
11/5/2024 09:05:14 [Information] Time remaining: 00:00:00 zTargetEndTime = 09:05:22
11/5/2024 09:05:14 [Information] Stepper Motor Controller Disable Z Axis controls while moving to location.
11/5/2024 09:05:14 [Information] Time remaining: 00:00:00 zTargetEndTime = 09:05:22
11/5/2024 09:05:14 [Information] Stepper Motor Controller Disable Z Axis controls while moving to location.
11/5/2024 09:05:14 [Information] Time remaining: 00:00:00 zTargetEndTime = 09:05:22
11/5/2024 09:05:14 [Information] Stepper Motor Controller Disable Z Axis controls while moving to location.
11/5/2024 09:05:14 [Information] Time remaining: 00:00:00 zTargetEndTime = 09:05:22
11/5/2024 09:05:14 [Information] Stepper Motor Controller Disable Z Axis controls while moving to location.
11/5/2024 09:05:14 [Information] Time remaining: 00:00:00 zTargetEndTime = 09:05:22
11/5/2024 09:05:14 [Information] Stepper Motor Controller Disable Z Axis controls while moving to location.
11/5/2024 09:05:14 [Information] Time remaining: 00:00:00 zTargetEndTime = 09:05:22
11/5/2024 09:05:14 [Information] Stepper Motor Controller Disable Z Axis controls while moving to location.
11/5/2024 09:05:14 [Information] Time remaining: 00:00:00 zTargetEndTime = 09:05:22
11/5/2024 09:05:14 [Information] Stepper Motor Controller Disable Z Axis controls while moving to location.
11/5/2024 09:05:14 [Information] Time remaining: 00:00:00 zTargetEndTime = 09:05:22
11/5/2024 09:05:14 [Information] Stepper Motor Controller Disable Z Axis controls while moving to location.
11/5/2024 09:05:14 [Information] Time remaining: 00:00:00 zTargetEndTime = 09:05:22
11/5/2024 09:05:14 [Information] Stepper Motor Controller Disable Z Axis controls while moving to location.
11/5/2024 09:05:14 [Information] Time remaining: 00:00:00 zTargetEndTime = 09:05:22
11/5/2024 09:05:14 [Information] Stepper Motor Controller Disable Z Axis controls while moving to location.
11/5/2024 09:05:14 [Information] Time remaining: 00:00:00 zTargetEndTime = 09:05:22
11/5/2024 09:05:14 [Information] Stepper Motor Controller Disable Z Axis controls while moving to location.
11/5/2024 09:05:14 [Information] Time remaining: 00:00:00 zTargetEndTime = 09:05:22
11/5/2024 09:05:14 [Information] Stepper Motor Controller Disable Z Axis controls while moving to location.
11/5/2024 09:05:14 [Information] Time remaining: 00:00:00 zTargetEndTime = 09:05:22
11/5/2024 09:05:14 [Information] Stepper Motor Controller Disable Z Axis controls while moving to location.
11/5/2024 09:05:14 [Information] Time remaining: 00:00:00 zTargetEndTime = 09:05:22
11/5/2024 09:05:14 [Information] Stepper Motor Controller Disable Z Axis controls while moving to location.
11/5/2024 09:05:14 [Information] Time remaining: 00:00:00 zTargetEndTime = 09:05:22
11/5/2024 09:05:14 [Information] Stepper Motor Controller Disable Z Axis controls while moving to location.
11/5/2024 09:05:14 [Information] Time remaining: 00:00:00 zTargetEndTime = 09:05:22
11/5/2024 09:05:14 [Information] Stepper Motor Controller Disable Z Axis controls while moving to location.
11/5/2024 09:05:14 [Information] Time remaining: 00:00:00 zTargetEndTime = 09:05:22
11/5/2024 09:05:14 [Information] Stepper Motor Controller Disable Z Axis controls while moving to location.
11/5/2024 09:05:14 [Information] Time remaining: 00:00:00 zTargetEndTime = 09:05:22
11/5/2024 09:05:14 [Information] Stepper Motor Controller Disable Z Axis controls while moving to location.
11/5/2024 09:05:14 [Information] Time remaining: 00:00:00 zTargetEndTime = 09:05:22
11/5/2024 09:05:14 [Information] Stepper Motor Controller Disable Z Axis controls while moving to location.
11/5/2024 09:05:14 [Information] Time remaining: 00:00:00 zTargetEndTime = 09:05:22
11/5/2024 09:05:14 [Information] Stepper Motor Controller Disable Z Axis controls while moving to location.
11/5/2024 09:05:14 [Information] Time remaining: 00:00:00 zTargetEndTime = 09:05:22
11/5/2024 09:05:14 [Information] Stepper Motor Controller Disable Z Axis controls while moving to location.
11/5/2024 09:05:14 [Information] Time remaining: 00:00:00 zTargetEndTime = 09:05:22
11/5/2024 09:05:14 [Information] Stepper Motor Controller Disable Z Axis controls while moving to location.
11/5/2024 09:05:14 [Information] Time remaining: 00:00:00 zTargetEndTime = 09:05:22
11/5/2024 09:05:14 [Information] Stepper Motor Controller Disable Z Axis controls while moving to location.
11/5/2024 09:05:14 [Information] Time remaining: 00:00:00 zTargetEndTime = 09:05:22
11/5/2024 09:05:14 [Information] Stepper Motor Controller Disable Z Axis controls while moving to location.
11/5/2024 09:05:14 [Information] Time remaining: 00:00:00 zTargetEndTime = 09:05:22
11/5/2024 09:05:14 [Information] Stepper Motor Controller Disable Z Axis controls while moving to location.
11/5/2024 09:05:14 [Information] Time remaining: 00:00:00 zTargetEndTime = 09:05:22
11/5/2024 09:05:14 [Information] Stepper Motor Controller Disable Z Axis controls while moving to location.
11/5/2024 09:05:14 [Information] Time remaining: 00:00:00 zTargetEndTime = 09:05:22
11/5/2024 09:05:15 [Information] Stepper Motor Controller Disable Z Axis controls while moving to location.
11/5/2024 09:05:15 [Information] Time remaining: 00:00:00 zTargetEndTime = 09:05:22
11/5/2024 09:05:15 [Information] Stepper Motor Controller Disable Z Axis controls while moving to location.
11/5/2024 09:05:15 [Information] Time remaining: 00:00:00 zTargetEndTime = 09:05:22
11/5/2024 09:05:15 [Information] Stepper Motor Controller Disable Z Axis controls while moving to location.
11/5/2024 09:05:15 [Information] Time remaining: 00:00:00 zTargetEndTime = 09:05:22
11/5/2024 09:05:15 [Information] Stepper Motor Controller Disable Z Axis controls while moving to location.
11/5/2024 09:05:15 [Information] Time remaining: 00:00:00 zTargetEndTime = 09:05:22
11/5/2024 09:05:15 [Information] Stepper Motor Controller Disable Z Axis controls while moving to location.
11/5/2024 09:05:15 [Information] Time remaining: 00:00:00 zTargetEndTime = 09:05:22
11/5/2024 09:05:15 [Information] Stepper Motor Controller Disable Z Axis controls while moving to location.
11/5/2024 09:05:15 [Information] Time remaining: 00:00:00 zTargetEndTime = 09:05:22
11/5/2024 09:05:15 [Information] Stepper Motor Controller Disable Z Axis controls while moving to location.
11/5/2024 09:05:15 [Information] Time remaining: 00:00:00 zTargetEndTime = 09:05:22
11/5/2024 09:05:15 [Information] Stepper Motor Controller Disable Z Axis controls while moving to location.
11/5/2024 09:05:15 [Information] Time remaining: 00:00:00 zTargetEndTime = 09:05:22
11/5/2024 09:05:15 [Information] Stepper Motor Controller Disable Z Axis controls while moving to location.
11/5/2024 09:05:15 [Information] Time remaining: 00:00:00 zTargetEndTime = 09:05:22
11/5/2024 09:05:15 [Information] Stepper Motor Controller Disable Z Axis controls while moving to location.
11/5/2024 09:05:15 [Information] Time remaining: 00:00:00 zTargetEndTime = 09:05:22
11/5/2024 09:05:15 [Information] Stepper Motor Controller Disable Z Axis controls while moving to location.
11/5/2024 09:05:15 [Information] Time remaining: 00:00:00 zTargetEndTime = 09:05:22
11/5/2024 09:05:15 [Information] Stepper Motor Controller Disable Z Axis controls while moving to location.
11/5/2024 09:05:15 [Information] Time remaining: 00:00:00 zTargetEndTime = 09:05:22
11/5/2024 09:05:15 [Information] Stepper Motor Controller Disable Z Axis controls while moving to location.
11/5/2024 09:05:15 [Information] Time remaining: 00:00:01 zTargetEndTime = 09:05:22
11/5/2024 09:05:15 [Information] Stepper Motor Controller Disable Z Axis controls while moving to location.
11/5/2024 09:05:15 [Information] Z Axis Data Received: Z Axis CW Motor Stopped
Z Axis CW Motor Current Position: 342
Z Axis CW Motor Stopped
Z Axis CW Motor Current Positio
11/5/2024 09:05:15 [Information] Time remaining: 00:00:01 zTargetEndTime = 09:05:22
11/5/2024 09:05:15 [Information] Updated X,Y Zero.IsChecked status to 0 and Z Zero.IsChecked status to 1.
11/5/2024 09:05:15 [Information] ZAxisRun_Click button clicked:
11/5/2024 09:05:15 [Information] Z Axis Run Event to reset Axis to zero: Z,0.00,400.00,0,0.00,400.00,0,0.00,400.00,1
11/5/2024 09:05:15 [Information] Setting Z Axis Current Location Set to Zero on DRO
11/5/2024 09:05:15 [Information] Z Axis Data Received: n: 342
Z Axis CW Motor Stopped
Z Axis CW Motor Current Position: 342
Z Axis CW Motor Stopped
Z Axis CW Motor Current
11/5/2024 09:05:15 [Information] ZAxisRun_Click button clicked:
11/5/2024 09:05:15 [Information] Z Axis Run Event to reset Axis to zero: Z,0.00,400.00,0,0.00,400.00,0,0.00,400.00,1
11/5/2024 09:05:15 [Information] Setting Z Axis Current Location Set to Zero on DRO
11/5/2024 09:05:15 [Information] Z Axis Data Received:  Position: 342

11/5/2024 09:05:16 [Information] Updated X,Y,Z Zero.IsChecked status to 0.
11/5/2024 09:05:16 [Information] Z Axis Current Location Set to Zero
11/5/2024 09:05:16 [Information] Z Axis Current Location Set to Zero
11/5/2024 09:05:17 [Information] Z Axis CW Motor Current Position: 6.84
11/5/2024 09:05:24 [Information] Z Axis mouse controlled Keypad returned: 64.00
11/5/2024 09:05:27 [Information] ZAxisRun_Click button clicked:
11/5/2024 09:05:27 [Information] Z Axis MotorMovementSeconds decimal: (64.00 / 4) / 2 = 8.00
11/5/2024 09:05:27 [Information] Z Axis myMovementTimer int: 1000 * 8.00 = 8000
11/5/2024 09:05:28 [Information] Z Axis Run Event: Z,0.00,400.00,0,0.00,400.00,0,70.84,400.00,0
11/5/2024 09:05:28 [Information] Z Axis Current Time: 09:05:28 + 8000 = zTargetEndTime: 09:05:36
11/5/2024 09:05:28 [Information] Stepper Motor Controller Disable Z Axis controls while moving to location.
11/5/2024 09:05:28 [Information] Time remaining: 00:00:01 zTargetEndTime = 09:05:36
11/5/2024 09:05:28 [Information] Stepper Motor Controller Disable Z Axis controls while moving to location.
11/5/2024 09:05:28 [Information] Time remaining: 00:00:01 zTargetEndTime = 09:05:36
11/5/2024 09:05:28 [Information] Stepper Motor Controller Disable Z Axis controls while moving to location.
11/5/2024 09:05:28 [Information] Time remaining: 00:00:01 zTargetEndTime = 09:05:36
11/5/2024 09:05:28 [Information] Stepper Motor Controller Disable Z Axis controls while moving to location.
11/5/2024 09:05:28 [Information] Time remaining: 00:00:01 zTargetEndTime = 09:05:36
11/5/2024 09:05:28 [Information] Stepper Motor Controller Disable Z Axis controls while moving to location.
11/5/2024 09:05:28 [Information] Time remaining: 00:00:01 zTargetEndTime = 09:05:36
11/5/2024 09:05:28 [Information] Stepper Motor Controller Disable Z Axis controls while moving to location.
11/5/2024 09:05:28 [Information] Time remaining: 00:00:01 zTargetEndTime = 09:05:36
11/5/2024 09:05:28 [Information] Stepper Motor Controller Disable Z Axis controls while moving to location.
11/5/2024 09:05:28 [Information] Time remaining: 00:00:01 zTargetEndTime = 09:05:36
11/5/2024 09:05:28 [Information] Stepper Motor Controller Disable Z Axis controls while moving to location.
11/5/2024 09:05:28 [Information] Time remaining: 00:00:01 zTargetEndTime = 09:05:36
11/5/2024 09:05:28 [Information] Stepper Motor Controller Disable Z Axis controls while moving to location.
11/5/2024 09:05:28 [Information] Time remaining: 00:00:01 zTargetEndTime = 09:05:36
11/5/2024 09:05:28 [Information] Stepper Motor Controller Disable Z Axis controls while moving to location.
11/5/2024 09:05:28 [Information] Time remaining: 00:00:01 zTargetEndTime = 09:05:36
11/5/2024 09:05:28 [Information] Stepper Motor Controller Disable Z Axis controls while moving to location.
11/5/2024 09:05:28 [Information] Time remaining: 00:00:01 zTargetEndTime = 09:05:36
11/5/2024 09:05:28 [Information] Stepper Motor Controller Disable Z Axis controls while moving to location.
11/5/2024 09:05:28 [Information] Time remaining: 00:00:01 zTargetEndTime = 09:05:36
11/5/2024 09:05:28 [Information] Stepper Motor Controller Disable Z Axis controls while moving to location.
11/5/2024 09:05:28 [Information] Time remaining: 00:00:01 zTargetEndTime = 09:05:36
11/5/2024 09:05:28 [Information] Stepper Motor Controller Disable Z Axis controls while moving to location.
11/5/2024 09:05:28 [Information] Time remaining: 00:00:01 zTargetEndTime = 09:05:36
11/5/2024 09:05:28 [Information] Stepper Motor Controller Disable Z Axis controls while moving to location.
11/5/2024 09:05:28 [Information] Time remaining: 00:00:01 zTargetEndTime = 09:05:36
11/5/2024 09:05:28 [Information] Stepper Motor Controller Disable Z Axis controls while moving to location.
11/5/2024 09:05:28 [Information] Time remaining: 00:00:01 zTargetEndTime = 09:05:36
11/5/2024 09:05:28 [Information] Stepper Motor Controller Disable Z Axis controls while moving to location.
11/5/2024 09:05:28 [Information] Time remaining: 00:00:01 zTargetEndTime = 09:05:36
11/5/2024 09:05:28 [Information] Stepper Motor Controller Disable Z Axis controls while moving to location.
11/5/2024 09:05:28 [Information] Time remaining: 00:00:01 zTargetEndTime = 09:05:36
11/5/2024 09:05:28 [Information] Stepper Motor Controller Disable Z Axis controls while moving to location.
11/5/2024 09:05:28 [Information] Time remaining: 00:00:01 zTargetEndTime = 09:05:36
11/5/2024 09:05:28 [Information] Stepper Motor Controller Disable Z Axis controls while moving to location.
11/5/2024 09:05:28 [Information] Time remaining: 00:00:01 zTargetEndTime = 09:05:36
11/5/2024 09:05:28 [Information] Stepper Motor Controller Disable Z Axis controls while moving to location.
11/5/2024 09:05:28 [Information] Time remaining: 00:00:01 zTargetEndTime = 09:05:36
11/5/2024 09:05:28 [Information] Stepper Motor Controller Disable Z Axis controls while moving to location.
11/5/2024 09:05:28 [Information] Time remaining: 00:00:01 zTargetEndTime = 09:05:36
11/5/2024 09:05:28 [Information] Stepper Motor Controller Disable Z Axis controls while moving to location.
11/5/2024 09:05:28 [Information] Time remaining: 00:00:01 zTargetEndTime = 09:05:36
11/5/2024 09:05:28 [Information] Stepper Motor Controller Disable Z Axis controls while moving to location.
11/5/2024 09:05:28 [Information] Time remaining: 00:00:01 zTargetEndTime = 09:05:36
11/5/2024 09:05:28 [Information] Stepper Motor Controller Disable Z Axis controls while moving to location.
11/5/2024 09:05:28 [Information] Time remaining: 00:00:01 zTargetEndTime = 09:05:36
11/5/2024 09:05:28 [Information] Stepper Motor Controller Disable Z Axis controls while moving to location.
11/5/2024 09:05:28 [Information] Time remaining: 00:00:01 zTargetEndTime = 09:05:36
11/5/2024 09:05:28 [Information] Stepper Motor Controller Disable Z Axis controls while moving to location.
11/5/2024 09:05:28 [Information] Time remaining: 00:00:01 zTargetEndTime = 09:05:36
11/5/2024 09:05:28 [Information] Stepper Motor Controller Disable Z Axis controls while moving to location.
11/5/2024 09:05:28 [Information] Time remaining: 00:00:01 zTargetEndTime = 09:05:36
11/5/2024 09:05:28 [Information] Stepper Motor Controller Disable Z Axis controls while moving to location.
11/5/2024 09:05:28 [Information] Time remaining: 00:00:01 zTargetEndTime = 09:05:36
11/5/2024 09:05:28 [Information] Stepper Motor Controller Disable Z Axis controls while moving to location.
11/5/2024 09:05:28 [Information] Time remaining: 00:00:01 zTargetEndTime = 09:05:36
11/5/2024 09:05:28 [Information] Stepper Motor Controller Disable Z Axis controls while moving to location.
11/5/2024 09:05:28 [Information] Time remaining: 00:00:01 zTargetEndTime = 09:05:36
11/5/2024 09:05:28 [Information] Stepper Motor Controller Disable Z Axis controls while moving to location.
11/5/2024 09:05:28 [Information] Time remaining: 00:00:01 zTargetEndTime = 09:05:36
11/5/2024 09:05:28 [Information] Stepper Motor Controller Disable Z Axis controls while moving to location.
11/5/2024 09:05:28 [Information] Time remaining: 00:00:01 zTargetEndTime = 09:05:36
11/5/2024 09:05:28 [Information] Stepper Motor Controller Disable Z Axis controls while moving to location.
11/5/2024 09:05:28 [Information] Time remaining: 00:00:01 zTargetEndTime = 09:05:36
11/5/2024 09:05:28 [Information] Stepper Motor Controller Disable Z Axis controls while moving to location.
11/5/2024 09:05:28 [Information] Time remaining: 00:00:01 zTargetEndTime = 09:05:36
11/5/2024 09:05:28 [Information] Stepper Motor Controller Disable Z Axis controls while moving to location.
11/5/2024 09:05:28 [Information] Time remaining: 00:00:01 zTargetEndTime = 09:05:36
11/5/2024 09:05:28 [Information] Stepper Motor Controller Disable Z Axis controls while moving to location.
11/5/2024 09:05:28 [Information] Time remaining: 00:00:01 zTargetEndTime = 09:05:36
11/5/2024 09:05:28 [Information] Stepper Motor Controller Disable Z Axis controls while moving to location.
11/5/2024 09:05:28 [Information] Time remaining: 00:00:01 zTargetEndTime = 09:05:36
11/5/2024 09:05:28 [Information] Stepper Motor Controller Disable Z Axis controls while moving to location.
11/5/2024 09:05:28 [Information] Time remaining: 00:00:01 zTargetEndTime = 09:05:36
11/5/2024 09:05:28 [Information] Stepper Motor Controller Disable Z Axis controls while moving to location.
11/5/2024 09:05:28 [Information] Time remaining: 00:00:01 zTargetEndTime = 09:05:36
11/5/2024 09:05:28 [Information] Stepper Motor Controller Disable Z Axis controls while moving to location.
11/5/2024 09:05:28 [Information] Time remaining: 00:00:01 zTargetEndTime = 09:05:36
11/5/2024 09:05:28 [Information] Stepper Motor Controller Disable Z Axis controls while moving to location.
11/5/2024 09:05:28 [Information] Time remaining: 00:00:01 zTargetEndTime = 09:05:36
11/5/2024 09:05:28 [Information] Stepper Motor Controller Disable Z Axis controls while moving to location.
11/5/2024 09:05:28 [Information] Time remaining: 00:00:01 zTargetEndTime = 09:05:36
11/5/2024 09:05:28 [Information] Stepper Motor Controller Disable Z Axis controls while moving to location.
11/5/2024 09:05:28 [Information] Time remaining: 00:00:01 zTargetEndTime = 09:05:36
11/5/2024 09:05:28 [Information] Stepper Motor Controller Disable Z Axis controls while moving to location.
11/5/2024 09:05:28 [Information] Time remaining: 00:00:01 zTargetEndTime = 09:05:36
11/5/2024 09:05:28 [Information] Stepper Motor Controller Disable Z Axis controls while moving to location.
11/5/2024 09:05:28 [Information] Time remaining: 00:00:01 zTargetEndTime = 09:05:36
11/5/2024 09:05:28 [Information] Stepper Motor Controller Disable Z Axis controls while moving to location.
11/5/2024 09:05:28 [Information] Time remaining: 00:00:01 zTargetEndTime = 09:05:36
11/5/2024 09:05:28 [Information] Stepper Motor Controller Disable Z Axis controls while moving to location.
11/5/2024 09:05:28 [Information] Time remaining: 00:00:01 zTargetEndTime = 09:05:36
11/5/2024 09:05:28 [Information] Stepper Motor Controller Disable Z Axis controls while moving to location.
11/5/2024 09:05:28 [Information] Time remaining: 00:00:01 zTargetEndTime = 09:05:36
11/5/2024 09:05:28 [Information] Stepper Motor Controller Disable Z Axis controls while moving to location.
11/5/2024 09:05:28 [Information] Time remaining: 00:00:01 zTargetEndTime = 09:05:36
11/5/2024 09:05:28 [Information] Stepper Motor Controller Disable Z Axis controls while moving to location.
11/5/2024 09:05:28 [Information] Time remaining: 00:00:01 zTargetEndTime = 09:05:36
11/5/2024 09:05:28 [Information] Stepper Motor Controller Disable Z Axis controls while moving to location.
11/5/2024 09:05:28 [Information] Time remaining: 00:00:01 zTargetEndTime = 09:05:36
11/5/2024 09:05:28 [Information] Stepper Motor Controller Disable Z Axis controls while moving to location.
11/5/2024 09:05:28 [Information] Time remaining: 00:00:01 zTargetEndTime = 09:05:36
11/5/2024 09:05:28 [Information] Stepper Motor Controller Disable Z Axis controls while moving to location.
11/5/2024 09:05:28 [Information] Time remaining: 00:00:01 zTargetEndTime = 09:05:36
11/5/2024 09:05:29 [Information] Stepper Motor Controller Disable Z Axis controls while moving to location.
11/5/2024 09:05:29 [Information] Time remaining: 00:00:01 zTargetEndTime = 09:05:36
11/5/2024 09:05:29 [Information] Stepper Motor Controller Disable Z Axis controls while moving to location.
11/5/2024 09:05:29 [Information] Time remaining: 00:00:01 zTargetEndTime = 09:05:36
11/5/2024 09:05:29 [Information] Z Axis Data Received: Z Axis CW Motor Stopped
Z Axis CW Motor Current Position: 294
Z Axis CW Motor Stopped
Z Axis CW Motor Current Positio
11/5/2024 09:05:29 [Information] Updated X,Y Zero.IsChecked status to 0 and Z Zero.IsChecked status to 1.
11/5/2024 09:05:29 [Information] ZAxisRun_Click button clicked:
11/5/2024 09:05:29 [Information] Z Axis Run Event to reset Axis to zero: Z,0.00,400.00,0,0.00,400.00,0,0.00,400.00,1
11/5/2024 09:05:29 [Information] Setting Z Axis Current Location Set to Zero on DRO
11/5/2024 09:05:29 [Information] Z Axis Data Received: n: 294
Z Axis CW Motor Stopped
Z Axis CW Motor Current Position: 294
Z Axis CW Motor Stopped
Z Axis CW Motor Current
11/5/2024 09:05:29 [Information] ZAxisRun_Click button clicked:
11/5/2024 09:05:29 [Information] Z Axis Run Event to reset Axis to zero: Z,0.00,400.00,0,0.00,400.00,0,0.00,400.00,1
11/5/2024 09:05:29 [Information] Setting Z Axis Current Location Set to Zero on DRO
11/5/2024 09:05:29 [Information] Z Axis Data Received:  Position: 294

11/5/2024 09:05:30 [Information] Updated X,Y,Z Zero.IsChecked status to 0.
11/5/2024 09:05:30 [Information] Z Axis Current Location Set to Zero
11/5/2024 09:05:30 [Information] Z Axis Current Location Set to Zero
11/5/2024 09:05:31 [Information] Z Axis CW Motor Current Position: 5.88
11/5/2024 09:05:40 [Information] Stepper Motor Controller MainWindow Closing.
11/5/2024 09:05:40 [Information] Stepper Motor Controller Serial Ports closed.
11/5/2024 09:05:40 [Information] Properties Settings Saved.
11/5/2024 09:05:40 [Information] Properties Settings Form Closed.
11/5/2024 09:05:40 [Information] Stepper Motor Controller Form Closed.
