11/14/2024 09:21:11 [Information] Stepper Motor Controller Application Started.
11/14/2024 09:21:11 [Information] Version: 3.0.9084.16829 (11/14/2024 09:21:11)
11/14/2024 09:21:11 [Information] SerialPort COM7 not connected.
11/14/2024 09:21:11 [Information] SerialPort COM8 not connected.
11/14/2024 09:21:11 [Information] Stepper Motor Controller Application Started.
11/14/2024 09:21:11 [Information] Version: 3.0.9084.16829 (11/14/2024 09:21:11)
11/14/2024 09:21:11 [Information] Version: 3.1.0.16830 (11/14/2024 09:21:11)
11/14/2024 09:21:11 [Information] Version: 3.1.0.16830 (11/14/2024 09:21:11)
11/14/2024 09:21:11 [Information] Stepper Motor Controller Application Settings Window Opened.
11/14/2024 09:21:11 [Information] Stepper Motor Controller Application Settings form is rebuilt each and every time it is opened.
11/14/2024 09:21:11 [Information] int: 9600 BaudRate added to the Settings Form.
11/14/2024 09:21:11 [Information] bool: False ckbXaxisResetToZeroIsChecked added to the Settings Form.
11/14/2024 09:21:11 [Information] bool: False ckbYaxisResetToZeroIsChecked added to the Settings Form.
11/14/2024 09:21:11 [Information] bool: False ckbZaxisResetToZeroIsChecked added to the Settings Form.
11/14/2024 09:21:11 [Information] COM1: ComPort added to the Settings Form.
11/14/2024 09:21:11 [Information] COM2: ComPort added to the Settings Form.
11/14/2024 09:21:11 [Information] COM3: ComPort added to the Settings Form.
11/14/2024 09:21:11 [Information] COM4: ComPort added to the Settings Form.
11/14/2024 09:21:11 [Information] COM5: ComPort added to the Settings Form.
11/14/2024 09:21:11 [Information] COM6: ComPort added to the Settings Form.
11/14/2024 09:21:11 [Information] COM7: ComPort added to the Settings Form.
11/14/2024 09:21:11 [Information] COM8: ComPort added to the Settings Form.
11/14/2024 09:21:11 [Information] COM9: ComPort added to the Settings Form.
11/14/2024 09:21:11 [Information] COM10: ComPort added to the Settings Form.
11/14/2024 09:21:11 [Information] decimal: 4.00 Divider4_00 added to the Settings Form.
11/14/2024 09:21:11 [Information] decimal: 0.00 MathPart2Initlz added to the Settings Form.
11/14/2024 09:21:11 [Information] decimal: 1.00 MilisecondTimerInterval added to the Settings Form.
11/14/2024 09:21:11 [Information] decimal: 1000.00 MillisecondDelay added to the Settings Form.
11/14/2024 09:21:11 [Information] int: 1000 Milliseconds added to the Settings Form.
11/14/2024 09:21:11 [Information] int: 4 mmPerRevolution added to the Settings Form.
11/14/2024 09:21:11 [Information] int: 2000 ThreadSleep added to the Settings Form.
11/14/2024 09:21:11 [Information] decimal: 0.00 Value_0_00 added to the Settings Form.
11/14/2024 09:21:11 [Information] decimal: 50.00 XaxisAcceleration added to the Settings Form.
11/14/2024 09:21:11 [Information] bool: False XaxisChanged added to the Settings Form.
11/14/2024 09:21:11 [Information] decimal: 400.00 XaxisMotorSpeed added to the Settings Form.
11/14/2024 09:21:11 [Information] decimal: 0.00 XaxisStepperCurrent added to the Settings Form.
11/14/2024 09:21:11 [Information] decimal: 0.00 XaxisStepperMove added to the Settings Form.
11/14/2024 09:21:11 [Information] XCOM1: XComPort added to the Settings Form.
11/14/2024 09:21:11 [Information] XCOM2: XComPort added to the Settings Form.
11/14/2024 09:21:11 [Information] XCOM3: XComPort added to the Settings Form.
11/14/2024 09:21:11 [Information] XCOM4: XComPort added to the Settings Form.
11/14/2024 09:21:11 [Information] XCOM5: XComPort added to the Settings Form.
11/14/2024 09:21:11 [Information] XCOM6: XComPort added to the Settings Form.
11/14/2024 09:21:11 [Information] XCOM7: XComPort added to the Settings Form.
11/14/2024 09:21:11 [Information] XCOM8: XComPort added to the Settings Form.
11/14/2024 09:21:11 [Information] XCOM9: XComPort added to the Settings Form.
11/14/2024 09:21:11 [Information] XCOM10: XComPort added to the Settings Form.
11/14/2024 09:21:11 [Information] decimal: 50.00 YaxisAcceleration added to the Settings Form.
11/14/2024 09:21:11 [Information] bool: False YaxisChanged added to the Settings Form.
11/14/2024 09:21:11 [Information] decimal: 400.00 YaxisMotorSpeed added to the Settings Form.
11/14/2024 09:21:11 [Information] decimal: 0.00 YaxisStepperCurrent added to the Settings Form.
11/14/2024 09:21:11 [Information] decimal: 0.00 YaxisStepperMove added to the Settings Form.
11/14/2024 09:21:11 [Information] YCOM1: YComPort added to the Settings Form.
11/14/2024 09:21:11 [Information] YCOM2: YComPort added to the Settings Form.
11/14/2024 09:21:11 [Information] YCOM3: YComPort added to the Settings Form.
11/14/2024 09:21:11 [Information] YCOM4: YComPort added to the Settings Form.
11/14/2024 09:21:11 [Information] YCOM5: YComPort added to the Settings Form.
11/14/2024 09:21:11 [Information] YCOM6: YComPort added to the Settings Form.
11/14/2024 09:21:11 [Information] YCOM7: YComPort added to the Settings Form.
11/14/2024 09:21:11 [Information] YCOM8: YComPort added to the Settings Form.
11/14/2024 09:21:11 [Information] YCOM9: YComPort added to the Settings Form.
11/14/2024 09:21:11 [Information] YCOM10: YComPort added to the Settings Form.
11/14/2024 09:21:11 [Information] decimal: 50.00 ZaxisAcceleration added to the Settings Form.
11/14/2024 09:21:11 [Information] bool: False ZaxisChanged added to the Settings Form.
11/14/2024 09:21:11 [Information] decimal: 400.00 ZaxisMotorSpeed added to the Settings Form.
11/14/2024 09:21:11 [Information] decimal: 0.00 ZaxisStepperCurrent added to the Settings Form.
11/14/2024 09:21:11 [Information] decimal: 0.00 ZaxisStepperMove added to the Settings Form.
11/14/2024 09:21:11 [Information] ZCOM1: ZComPort added to the Settings Form.
11/14/2024 09:21:11 [Information] ZCOM2: ZComPort added to the Settings Form.
11/14/2024 09:21:11 [Information] ZCOM3: ZComPort added to the Settings Form.
11/14/2024 09:21:11 [Information] ZCOM4: ZComPort added to the Settings Form.
11/14/2024 09:21:11 [Information] ZCOM5: ZComPort added to the Settings Form.
11/14/2024 09:21:11 [Information] ZCOM6: ZComPort added to the Settings Form.
11/14/2024 09:21:11 [Information] ZCOM7: ZComPort added to the Settings Form.
11/14/2024 09:21:11 [Information] ZCOM8: ZComPort added to the Settings Form.
11/14/2024 09:21:11 [Information] ZCOM9: ZComPort added to the Settings Form.
11/14/2024 09:21:11 [Information] ZCOM10: ZComPort added to the Settings Form.
11/14/2024 09:21:11 [Information] int: 0 zeroXaxis added to the Settings Form.
11/14/2024 09:21:11 [Information] int: 0 zeroYaxis added to the Settings Form.
11/14/2024 09:21:11 [Information] int: 0 zeroZaxis added to the Settings Form.
11/14/2024 09:21:12 [Information] Stepper Motor Controller MainWindow loaded
11/14/2024 09:21:12 [Information] Set MainWindow Media Brushes to White.
11/14/2024 09:21:20 [Information] Z Axis mouse controlled Keypad returned: 16.00
11/14/2024 09:21:22 [Information] Z Axis Run button clicked:
11/14/2024 09:21:22 [Information] Z Axis MotorMovementSeconds decimal: (16.00 / 4) / 2 = 2.00
11/14/2024 09:21:23 [Information] Z Axis Run Event: Z,0.00,400.00,0,0.00,400.00,0,16.00,400.00,0
11/14/2024 09:21:23 [Information] Z Axis Current Time: 09:21:23 + 2000 = 09:21:25
11/14/2024 09:21:24 [Information] Z Axis Data Received: Z Axis Current Position, 0
Z Axis Current Position, 1
Z Axis Current Position, 1
Z Axis Current Position, 1
Z Axis Current Position, 1
Z Axis Current Position, 2
Z Axis Current Position
11/14/2024 09:21:24 [Information] Stepper Motor Controller Disable Z Axis controls while moving to location.
11/14/2024 09:21:24 [Information] Time remaining: 00:00:00 targetEndTime = 09:21:25
11/14/2024 09:21:24 [Information] Stepper Motor Controller Disable Z Axis controls while moving to location.
11/14/2024 09:21:24 [Information] Time remaining: 00:00:00 targetEndTime = 09:21:25
11/14/2024 09:21:24 [Information] Stepper Motor Controller Disable Z Axis controls while moving to location.
11/14/2024 09:21:24 [Information] Time remaining: 00:00:00 targetEndTime = 09:21:25
11/14/2024 09:21:24 [Information] Stepper Motor Controller Disable Z Axis controls while moving to location.
11/14/2024 09:21:24 [Information] Time remaining: 00:00:00 targetEndTime = 09:21:25
11/14/2024 09:21:24 [Information] Stepper Motor Controller Disable Z Axis controls while moving to location.
11/14/2024 09:21:24 [Information] Time remaining: 00:00:00 targetEndTime = 09:21:25
11/14/2024 09:21:24 [Information] Stepper Motor Controller Disable Z Axis controls while moving to location.
11/14/2024 09:21:24 [Information] Time remaining: 00:00:00 targetEndTime = 09:21:25
11/14/2024 09:21:24 [Information] Stepper Motor Controller Disable Z Axis controls while moving to location.
11/14/2024 09:21:24 [Information] Time remaining: 00:00:00 targetEndTime = 09:21:25
11/14/2024 09:21:24 [Information] Stepper Motor Controller Disable Z Axis controls while moving to location.
11/14/2024 09:21:24 [Information] Time remaining: 00:00:00 targetEndTime = 09:21:25
11/14/2024 09:21:24 [Information] Stepper Motor Controller Disable Z Axis controls while moving to location.
11/14/2024 09:21:24 [Information] Time remaining: 00:00:00 targetEndTime = 09:21:25
11/14/2024 09:21:24 [Information] Stepper Motor Controller Disable Z Axis controls while moving to location.
11/14/2024 09:21:24 [Information] Time remaining: 00:00:00 targetEndTime = 09:21:25
11/14/2024 09:21:24 [Information] Stepper Motor Controller Disable Z Axis controls while moving to location.
11/14/2024 09:21:24 [Information] Time remaining: 00:00:00 targetEndTime = 09:21:25
11/14/2024 09:21:24 [Information] Stepper Motor Controller Disable Z Axis controls while moving to location.
11/14/2024 09:21:24 [Information] Time remaining: 00:00:00 targetEndTime = 09:21:25
11/14/2024 09:21:24 [Information] Stepper Motor Controller Disable Z Axis controls while moving to location.
11/14/2024 09:21:24 [Information] Time remaining: 00:00:00 targetEndTime = 09:21:25
11/14/2024 09:21:24 [Information] Stepper Motor Controller Disable Z Axis controls while moving to location.
11/14/2024 09:21:24 [Information] Time remaining: 00:00:00 targetEndTime = 09:21:25
11/14/2024 09:21:24 [Information] Stepper Motor Controller Disable Z Axis controls while moving to location.
11/14/2024 09:21:24 [Information] Time remaining: 00:00:00 targetEndTime = 09:21:25
11/14/2024 09:21:24 [Information] Stepper Motor Controller Disable Z Axis controls while moving to location.
11/14/2024 09:21:24 [Information] Time remaining: 00:00:00 targetEndTime = 09:21:25
11/14/2024 09:21:24 [Information] Stepper Motor Controller Disable Z Axis controls while moving to location.
11/14/2024 09:21:24 [Information] Time remaining: 00:00:00 targetEndTime = 09:21:25
11/14/2024 09:21:24 [Information] Stepper Motor Controller Disable Z Axis controls while moving to location.
11/14/2024 09:21:24 [Information] Time remaining: 00:00:00 targetEndTime = 09:21:25
11/14/2024 09:21:24 [Information] Stepper Motor Controller Disable Z Axis controls while moving to location.
11/14/2024 09:21:24 [Information] Time remaining: 00:00:00 targetEndTime = 09:21:25
11/14/2024 09:21:24 [Information] Stepper Motor Controller Disable Z Axis controls while moving to location.
11/14/2024 09:21:24 [Information] Time remaining: 00:00:00 targetEndTime = 09:21:25
11/14/2024 09:21:24 [Information] Stepper Motor Controller Disable Z Axis controls while moving to location.
11/14/2024 09:21:24 [Information] Time remaining: 00:00:00 targetEndTime = 09:21:25
11/14/2024 09:21:24 [Information] Stepper Motor Controller Disable Z Axis controls while moving to location.
11/14/2024 09:21:24 [Information] Time remaining: 00:00:00 targetEndTime = 09:21:25
11/14/2024 09:21:24 [Information] Stepper Motor Controller Disable Z Axis controls while moving to location.
11/14/2024 09:21:24 [Information] Time remaining: 00:00:00 targetEndTime = 09:21:25
11/14/2024 09:21:24 [Information] Stepper Motor Controller Disable Z Axis controls while moving to location.
11/14/2024 09:21:24 [Information] Time remaining: 00:00:00 targetEndTime = 09:21:25
11/14/2024 09:21:24 [Information] Stepper Motor Controller Disable Z Axis controls while moving to location.
11/14/2024 09:21:24 [Information] Time remaining: 00:00:00 targetEndTime = 09:21:25
11/14/2024 09:21:24 [Information] Stepper Motor Controller Disable Z Axis controls while moving to location.
11/14/2024 09:21:24 [Information] Time remaining: 00:00:00 targetEndTime = 09:21:25
11/14/2024 09:21:24 [Information] Stepper Motor Controller Disable Z Axis controls while moving to location.
11/14/2024 09:21:24 [Information] Time remaining: 00:00:00 targetEndTime = 09:21:25
11/14/2024 09:21:24 [Information] Stepper Motor Controller Disable Z Axis controls while moving to location.
11/14/2024 09:21:24 [Information] Time remaining: 00:00:00 targetEndTime = 09:21:25
11/14/2024 09:21:24 [Information] Stepper Motor Controller Disable Z Axis controls while moving to location.
11/14/2024 09:21:24 [Information] Time remaining: 00:00:00 targetEndTime = 09:21:25
11/14/2024 09:21:24 [Information] Stepper Motor Controller Disable Z Axis controls while moving to location.
11/14/2024 09:21:24 [Information] Time remaining: 00:00:00 targetEndTime = 09:21:25
11/14/2024 09:21:24 [Information] Stepper Motor Controller Disable Z Axis controls while moving to location.
11/14/2024 09:21:24 [Information] Time remaining: 00:00:00 targetEndTime = 09:21:25
11/14/2024 09:21:24 [Information] Stepper Motor Controller Disable Z Axis controls while moving to location.
11/14/2024 09:21:24 [Information] Time remaining: 00:00:01 targetEndTime = 09:21:25
11/14/2024 09:21:24 [Information] Stepper Motor Controller Disable Z Axis controls while moving to location.
11/14/2024 09:21:24 [Information] Time remaining: 00:00:01 targetEndTime = 09:21:25
11/14/2024 09:21:24 [Information] Stepper Motor Controller Disable Z Axis controls while moving to location.
11/14/2024 09:21:24 [Information] Time remaining: 00:00:01 targetEndTime = 09:21:25
11/14/2024 09:21:24 [Information] Stepper Motor Controller Disable Z Axis controls while moving to location.
11/14/2024 09:21:24 [Information] Time remaining: 00:00:01 targetEndTime = 09:21:25
11/14/2024 09:21:24 [Information] Stepper Motor Controller Disable Z Axis controls while moving to location.
11/14/2024 09:21:24 [Information] Time remaining: 00:00:01 targetEndTime = 09:21:25
11/14/2024 09:21:24 [Information] Stepper Motor Controller Disable Z Axis controls while moving to location.
11/14/2024 09:21:24 [Information] Time remaining: 00:00:01 targetEndTime = 09:21:25
11/14/2024 09:21:24 [Information] Stepper Motor Controller Disable Z Axis controls while moving to location.
11/14/2024 09:21:24 [Information] Time remaining: 00:00:01 targetEndTime = 09:21:25
11/14/2024 09:21:24 [Information] Stepper Motor Controller Disable Z Axis controls while moving to location.
11/14/2024 09:21:24 [Information] Time remaining: 00:00:01 targetEndTime = 09:21:25
11/14/2024 09:21:24 [Information] Stepper Motor Controller Disable Z Axis controls while moving to location.
11/14/2024 09:21:24 [Information] Time remaining: 00:00:01 targetEndTime = 09:21:25
11/14/2024 09:21:24 [Information] Stepper Motor Controller Disable Z Axis controls while moving to location.
11/14/2024 09:21:24 [Information] Time remaining: 00:00:01 targetEndTime = 09:21:25
11/14/2024 09:21:24 [Information] Stepper Motor Controller Disable Z Axis controls while moving to location.
11/14/2024 09:21:24 [Information] Time remaining: 00:00:01 targetEndTime = 09:21:25
11/14/2024 09:21:24 [Information] Stepper Motor Controller Disable Z Axis controls while moving to location.
11/14/2024 09:21:24 [Information] Time remaining: 00:00:01 targetEndTime = 09:21:25
11/14/2024 09:21:24 [Information] Stepper Motor Controller Disable Z Axis controls while moving to location.
11/14/2024 09:21:24 [Information] Time remaining: 00:00:01 targetEndTime = 09:21:25
11/14/2024 09:21:24 [Information] Stepper Motor Controller Disable Z Axis controls while moving to location.
11/14/2024 09:21:24 [Information] Time remaining: 00:00:01 targetEndTime = 09:21:25
11/14/2024 09:21:24 [Information] Stepper Motor Controller Disable Z Axis controls while moving to location.
11/14/2024 09:21:24 [Information] Time remaining: 00:00:01 targetEndTime = 09:21:25
11/14/2024 09:21:24 [Information] Stepper Motor Controller Disable Z Axis controls while moving to location.
11/14/2024 09:21:24 [Information] Time remaining: 00:00:01 targetEndTime = 09:21:25
11/14/2024 09:21:24 [Information] Stepper Motor Controller Disable Z Axis controls while moving to location.
11/14/2024 09:21:24 [Information] Time remaining: 00:00:01 targetEndTime = 09:21:25
11/14/2024 09:21:24 [Information] Stepper Motor Controller Disable Z Axis controls while moving to location.
11/14/2024 09:21:24 [Information] Time remaining: 00:00:01 targetEndTime = 09:21:25
11/14/2024 09:21:24 [Information] Stepper Motor Controller Disable Z Axis controls while moving to location.
11/14/2024 09:21:24 [Information] Time remaining: 00:00:01 targetEndTime = 09:21:25
11/14/2024 09:21:24 [Information] Stepper Motor Controller Disable Z Axis controls while moving to location.
11/14/2024 09:21:24 [Information] Time remaining: 00:00:01 targetEndTime = 09:21:25
11/14/2024 09:21:24 [Information] Stepper Motor Controller Disable Z Axis controls while moving to location.
11/14/2024 09:21:24 [Information] Time remaining: 00:00:01 targetEndTime = 09:21:25
11/14/2024 09:21:24 [Information] Stepper Motor Controller Disable Z Axis controls while moving to location.
11/14/2024 09:21:24 [Information] Time remaining: 00:00:01 targetEndTime = 09:21:25
11/14/2024 09:21:24 [Information] Stepper Motor Controller Disable Z Axis controls while moving to location.
11/14/2024 09:21:24 [Information] Time remaining: 00:00:01 targetEndTime = 09:21:25
11/14/2024 09:21:24 [Information] Stepper Motor Controller Disable Z Axis controls while moving to location.
11/14/2024 09:21:24 [Information] Time remaining: 00:00:01 targetEndTime = 09:21:25
11/14/2024 09:21:24 [Information] Stepper Motor Controller Disable Z Axis controls while moving to location.
11/14/2024 09:21:24 [Information] Time remaining: 00:00:01 targetEndTime = 09:21:25
11/14/2024 09:21:24 [Information] Stepper Motor Controller Disable Z Axis controls while moving to location.
11/14/2024 09:21:24 [Information] Time remaining: 00:00:01 targetEndTime = 09:21:25
11/14/2024 09:21:24 [Information] Stepper Motor Controller Disable Z Axis controls while moving to location.
11/14/2024 09:21:24 [Information] Time remaining: 00:00:01 targetEndTime = 09:21:25
11/14/2024 09:21:25 [Information] Stepper Motor Controller Disable Z Axis controls while moving to location.
11/14/2024 09:21:25 [Information] Time remaining: 00:00:01 targetEndTime = 09:21:25
11/14/2024 09:21:25 [Information] Stepper Motor Controller Disable Z Axis controls while moving to location.
11/14/2024 09:21:25 [Information] Time remaining: 00:00:01 targetEndTime = 09:21:25
11/14/2024 09:21:25 [Information] Stepper Motor Controller Disable Z Axis controls while moving to location.
11/14/2024 09:21:25 [Information] Time remaining: 00:00:01 targetEndTime = 09:21:25
11/14/2024 09:21:25 [Information] Stepper Motor Controller Disable Z Axis controls while moving to location.
11/14/2024 09:21:25 [Information] Time remaining: 00:00:01 targetEndTime = 09:21:25
11/14/2024 09:21:25 [Information] Stepper Motor Controller Disable Z Axis controls while moving to location.
11/14/2024 09:21:25 [Information] Time remaining: 00:00:01 targetEndTime = 09:21:25
11/14/2024 09:21:25 [Information] Stepper Motor Controller Disable Z Axis controls while moving to location.
11/14/2024 09:21:25 [Information] Time remaining: 00:00:01 targetEndTime = 09:21:25
11/14/2024 09:21:25 [Information] Stepper Motor Controller Disable Z Axis controls while moving to location.
11/14/2024 09:21:25 [Information] Time remaining: 00:00:01 targetEndTime = 09:21:25
11/14/2024 09:21:25 [Information] Stepper Motor Controller Disable Z Axis controls while moving to location.
11/14/2024 09:21:25 [Information] Time remaining: 00:00:01 targetEndTime = 09:21:25
11/14/2024 09:21:25 [Information] Stepper Motor Controller Disable Z Axis controls while moving to location.
11/14/2024 09:21:25 [Information] Time remaining: 00:00:01 targetEndTime = 09:21:25
11/14/2024 09:21:25 [Information] Stepper Motor Controller Disable Z Axis controls while moving to location.
11/14/2024 09:21:25 [Information] Time remaining: 00:00:01 targetEndTime = 09:21:25
11/14/2024 09:21:25 [Information] Stepper Motor Controller Disable Z Axis controls while moving to location.
11/14/2024 09:21:25 [Information] Time remaining: 00:00:01 targetEndTime = 09:21:25
11/14/2024 09:21:25 [Information] Stepper Motor Controller Disable Z Axis controls while moving to location.
11/14/2024 09:21:25 [Information] Time remaining: 00:00:01 targetEndTime = 09:21:25
11/14/2024 09:21:25 [Information] Stepper Motor Controller Disable Z Axis controls while moving to location.
11/14/2024 09:21:25 [Information] Time remaining: 00:00:01 targetEndTime = 09:21:25
11/14/2024 09:21:25 [Information] Stepper Motor Controller Disable Z Axis controls while moving to location.
11/14/2024 09:21:25 [Information] Time remaining: 00:00:01 targetEndTime = 09:21:25
11/14/2024 09:21:25 [Information] Stepper Motor Controller Disable Z Axis controls while moving to location.
11/14/2024 09:21:25 [Information] Time remaining: 00:00:01 targetEndTime = 09:21:25
11/14/2024 09:21:25 [Information] Stepper Motor Controller Disable Z Axis controls while moving to location.
11/14/2024 09:21:25 [Information] Time remaining: 00:00:01 targetEndTime = 09:21:25
11/14/2024 09:21:25 [Information] Stepper Motor Controller Disable Z Axis controls while moving to location.
11/14/2024 09:21:25 [Information] Time remaining: 00:00:01 targetEndTime = 09:21:25
11/14/2024 09:21:25 [Information] Stepper Motor Controller Disable Z Axis controls while moving to location.
11/14/2024 09:21:25 [Information] Time remaining: 00:00:01 targetEndTime = 09:21:25
11/14/2024 09:21:25 [Information] Stepper Motor Controller Disable Z Axis controls while moving to location.
11/14/2024 09:21:25 [Information] Time remaining: 00:00:01 targetEndTime = 09:21:25
11/14/2024 09:21:25 [Information] Stepper Motor Controller Disable Z Axis controls while moving to location.
11/14/2024 09:21:25 [Information] Time remaining: 00:00:01 targetEndTime = 09:21:25
11/14/2024 09:21:25 [Information] Stepper Motor Controller Disable Z Axis controls while moving to location.
11/14/2024 09:21:25 [Information] Time remaining: 00:00:01 targetEndTime = 09:21:25
11/14/2024 09:21:25 [Information] Stepper Motor Controller Disable Z Axis controls while moving to location.
11/14/2024 09:21:25 [Information] Time remaining: 00:00:01 targetEndTime = 09:21:25
11/14/2024 09:21:25 [Information] Stepper Motor Controller Disable Z Axis controls while moving to location.
11/14/2024 09:21:25 [Information] Time remaining: 00:00:01 targetEndTime = 09:21:25
11/14/2024 09:21:25 [Information] Stepper Motor Controller Disable Z Axis controls while moving to location.
11/14/2024 09:21:25 [Information] Time remaining: 00:00:01 targetEndTime = 09:21:25
11/14/2024 09:21:25 [Information] Stepper Motor Controller Disable Z Axis controls while moving to location.
11/14/2024 09:21:25 [Information] Time remaining: 00:00:01 targetEndTime = 09:21:25
11/14/2024 09:21:25 [Information] Stepper Motor Controller Disable Z Axis controls while moving to location.
11/14/2024 09:21:25 [Information] Time remaining: 00:00:01 targetEndTime = 09:21:25
11/14/2024 09:21:25 [Information] Stepper Motor Controller Disable Z Axis controls while moving to location.
11/14/2024 09:21:25 [Information] Time remaining: 00:00:01 targetEndTime = 09:21:25
11/14/2024 09:21:25 [Information] Stepper Motor Controller Enable Z Axis controls after moving to location.
11/14/2024 09:21:25 [Information] Stepper Motor Controller Stopwatch Stopped.
11/14/2024 09:21:25 [Information] Stepper Motor Controller Timer Stopped.
11/14/2024 09:21:25 [Information] Stepper Motor Controller Stopwatch Reset.
11/14/2024 09:21:26 [Information] Z Axis Data Received: tion, 4
Z Axis Current Position, 4
Z Axis Current Position, 4
Z Axis Current Position, 4
Z Axis Current Position, 5
Z Axis Current Position, 5
Z Axis Current Position, 5
Z Axis Current Position, 5
Z Axis Current Position, 6
Z Axis Current Position, 6
Z Axis Current Position, 6
Z Axis Current Position, 6
Z Axis Current Position, 7
Z Axis Current Position, 7
Z Axis Current Position, 7
Z Axis Current Position, 7
Z Axis Current Position, 8
Z Axis Current Position, 8
Z Axis Current Position, 8
Z Axis Current Position, 8
Z Axis Current Position, 8
Z Axis Current Position, 9
Z Axis Current Position, 9
Z Axis Current Position, 9
Z Axis Current Position, 9
Z Axis Current Position, 10
Z Axis Current Position, 10
Z Axis Current Position, 10
Z Axis Current Position, 10
Z Axis Current Position, 11
Z Axis Current Position, 11
Z Axis Current Position, 11
Z Axis Current Position, 11
Z Axis Current Position, 12
Z Axis Current Position, 12
Z Axis Current Position, 12
Z Axis Current Position, 12
Z Axis Current Position, 13
Z Axis Curre
11/14/2024 09:21:27 [Information] Z Axis Data Received: nt Position, 13
Z Axis Current Position, 13
Z Axis Current Position, 13
Z Axis Current Position, 14
Z Axis Current Position, 14
Z Axis Current Position, 14
Z Axis Current Position, 14
Z Axis Current Position, 15
Z Axis Current Position, 15
Z Axis Current Position, 15
Z Axis Current Position, 15
Z Axis Current Position, 16
Z Axis Current Position, 16
Z Axis Current Position, 16
Z Axis Current Position, 16
Z Axis Current Position, 17
Z Axis Current Position, 17
Z Axis Current Position, 17
Z Axis Current Position, 17
Z Axis Current Position, 18
Z Axis Current Position, 18
Z Axis Current Position, 18
Z Axis Current Position, 18
Z Axis Current Position, 19
Z Axis Current Position, 19
Z Axis Current Position, 19
Z Axis Current Position, 19
Z Axis Current Position, 19
Z Axis Current Position, 20
Z Axis Current Position, 20
Z Axis Current Position, 20
Z Axis Current Position, 20
Z Axis Current Position, 21
Z Axis Current Position, 21
Z Axis Current Position, 21
11/14/2024 09:21:28 [Information] Z Axis Data Received: 
Z Axis Current Position, 21
Z Axis Current Position, 22
Z Axis Current Position, 22
Z Axis Current Position, 22
Z Axis Current Position, 22
Z Axis Current Position, 23
Z Axis Current Position, 23
Z Axis Current Position, 23
Z Axis Current Position, 23
Z Axis Current Position, 24
Z Axis Current Position, 24
Z Axis Current Position, 24
Z Axis Current Position, 24
Z Axis Current Position, 25
Z Axis Current Position, 25
Z Axis Current Position, 25
Z Axis Current Position, 25
Z Axis Current Position, 26
Z Axis Current Position, 26
Z Axis Current Position, 26
Z Axis Current Position, 26
Z Axis Current Position, 27
Z Axis Current Position, 27
Z Axis Current Position, 27
Z Axis Current Position, 27
Z Axis Current Position, 28
Z Axis Current Position, 28
Z Axis Current Position, 28
Z Axis Current Position, 28
Z Axis Current Position, 29
Z Axis Current Position, 29
Z Axis Current Position, 29
Z Axis Current Position, 29
Z Axis Current Position, 30
Z Axis Current Posi
11/14/2024 09:21:29 [Information] Z Axis Data Received: tion, 30
Z Axis Current Position, 30
Z Axis Current Position, 30
Z Axis Current Position, 31
Z Axis Current Position, 31
Z Axis Current Position, 31
Z Axis Current Position, 31
Z Axis Current Position, 32
Z Axis Current Position, 32
Z Axis Current Position, 32
Z Axis Current Position, 32
Z Axis Current Position, 33
Z Axis Current Position, 33
Z Axis Current Position, 33
Z Axis Current Position, 33
Z Axis Current Position, 33
Z Axis Current Position, 34
Z Axis Current Position, 34
Z Axis Current Position, 34
Z Axis Current Position, 34
Z Axis Current Position, 35
Z Axis Current Position, 35
Z Axis Current Position, 35
Z Axis Current Position, 35
Z Axis Current Position, 36
Z Axis Current Position, 36
Z Axis Current Position, 36
Z Axis Current Position, 36
Z Axis Current Position, 37
Z Axis Current Position, 37
Z Axis Current Position, 37
Z Axis Current Position, 37
Z Axis Current Position, 38
Z Axis Current Position,
11/14/2024 09:21:29 [Information] Z Axis Data Received:  38
Z Axis Current Position, 38
Z Axis Current Position, 38
Z Axis Current Position, 39
Z Axis Current Position, 39
Z Axis Current Position, 39
Z Axis Current Position, 39
Z Axis Current Position, 40
Z Axis Current Position, 40
Z Axis Current Position, 40
Z Axis Current Position, 40
Z Axis Current Position, 41
Z Axis Current Position, 41
Z Axis Current Position, 41
Z Axis Current Position, 41
Z Axis Current Position, 42
Z Axis Current Position, 42
Z Axis Current Position, 42
Z Axis Current Position, 42
Z Axis Current Position, 43
Z Axis Current Position, 43
Z Axis Current Position, 43
Z Axis Current Position, 43
Z Axis Current Position, 44
Z Axis Current Position, 44
Z Axis Current Position, 44
Z Axis Current Position, 44
Z Axis Current Position, 45
Z Axis Current Position, 45
Z Axis Current Position, 45
Z Axis Current Position, 45
Z Axis Current Position, 46
Z Axis Current Position, 46
Z Axis Current Position, 46
Z Axis Current Position, 46
Z Axis Curren
11/14/2024 09:21:30 [Information] Z Axis Data Received: t Position, 47
Z Axis Current Position, 47
11/14/2024 09:21:31 [Information] Z Axis Data Received: 
Z Axis Current Position, 47
Z Axis Current Position, 47
Z Axis Current Position, 48
Z Axis Current Position, 48
Z Axis Current Position, 48
Z Axis Current Position, 48
Z Axis Current Position, 48
Z Axis Current Position, 49
Z Axis Current Position, 49
Z Axis Current Position, 49
Z Axis Current Position, 49
Z Axis Current Position, 50
Z Axis Current Position, 50
Z Axis Current Position, 50
Z Axis Current Position, 50
Z Axis Current Position, 51
Z Axis Current Position, 51
Z Axis Current Position, 51
Z Axis Current Position, 51
Z Axis Current Position, 52
Z Axis Current Position, 52
Z Axis Current Position, 52
Z Axis Current Position, 52
Z Axis Current Position, 53
Z Axis Current Position, 53
Z Axis Current Position, 53
Z Axis Current Position, 53
Z Axis Current Position, 54
Z Axis Current Position, 54
Z Axis Current Position, 54
Z Axis Current Position, 54
Z Axis Current Position, 55
Z Axis Current Position, 55
Z Axis Current Position, 55
Z Axis Current Po
11/14/2024 09:21:32 [Information] Z Axis Data Received: sition, 55
Z Axis Current Position, 56
Z Axis Current Position, 56
Z Axis Current Position, 56
Z Axis Current Position, 56
Z Axis Current Position, 57
Z Axis Current Position, 57
Z Axis Current Position, 57
Z Axis Current Position, 57
Z Axis Current Position, 58
Z Axis Current Position, 58
Z Axis Current Position, 58
Z Axis Current Position, 58
Z Axis Current Position, 59
Z Axis Current Position, 59
Z Axis Current Position, 59
Z Axis Current Position, 59
Z Axis Current Position, 60
Z Axis Current Position, 60
Z Axis Current Position, 60
Z Axis Current Position, 60
Z Axis Current Position, 61
Z Axis Current Position, 61
Z Axis Current Position, 61
Z Axis Current Position, 61
Z Axis Current Position, 62
Z Axis Current Position, 62
Z Axis Current Position, 62
Z Axis Current Position, 62
Z Axis Current Position, 62
Z Axis Current Position, 63
Z Axis Current Position, 63
Z Axis Current Position, 63
Z Axis Current Position, 63
Z Axis Current Position, 64
Z Axi
11/14/2024 09:21:33 [Information] Z Axis Data Received: s Current Position, 64
Z Axis Current Position, 64
Z Axis Current Position, 64
Z Axis Current Position, 65
Z Axis Current Position, 65
Z Axis Current Position, 65
Z Axis Current Position, 65
Z Axis Current Position, 66
Z Axis Current Position, 66
Z Axis Current Position, 66
Z Axis Current Position, 66
Z Axis Current Position, 67
Z Axis Current Position, 67
Z Axis Current Position, 67
Z Axis Current Position, 67
Z Axis Current Position, 68
Z Axis Current Position, 68
Z Axis Current Position, 68
Z Axis Current Position, 68
Z Axis Current Position, 69
Z Axis Current Position, 69
Z Axis Current Position, 69
Z Axis Current Position, 69
Z Axis Current Position, 70
Z Axis Current Position, 70
Z Axis Current Position, 70
Z Axis Current Position, 70
Z Axis Current Position, 71
Z Axis Current Position, 71
Z Axis Current Position, 71
Z Axis Current Position, 71
Z Axis Current Position, 72
Z Axis Current Position, 72
Z Axis C
11/14/2024 09:21:33 [Information] Z Axis Data Received: urrent Position, 72
Z Axis Current Position, 72
Z Axis Current Position, 73
Z Axis Current Position, 73
Z Axis Current Position, 73
Z Axis Current Position, 73
Z Axis Current Position, 74
Z Axis Current Position, 74
Z Axis Current Position, 74
Z Axis Current Position, 74
Z Axis Current Position, 75
Z Axis Current Position, 75
Z Axis Current Position, 75
Z Axis Current Position, 75
Z Axis Current Position, 76
Z Axis Current Position, 76
Z Axis Current Position, 76
Z Axis Current Position, 76
Z Axis Current Position, 77
Z Axis Current Position, 77
Z Axis Current Position, 77
Z Axis Current Position, 77
Z Axis Current Position, 77
Z Axis Current Position, 78
Z Axis Current Position, 78
Z Axis Current Position, 78
Z Axis Current Position, 78
Z Axis Current Position, 79
Z Axis Current Position, 79
Z Axis Current Position, 79
Z Axis Current Position, 79
Z Axis Current Position, 80
Z Axis Current Position, 80
Z Axis Current Position, 80
Z Axis Current Position,
11/14/2024 09:21:33 [Information] Z Axis Data Received:  80
Z Axis Current Position, 81
Z Axis Current Position, 81
Z Axis Current Position
11/14/2024 09:21:33 [Information] Z Axis Data Received: , 81
Z Axis Current Position, 81
Z Axis Cu
11/14/2024 09:21:33 [Information] Z Axis Data Received: rrent Position, 82
Z Axis Current Position
11/14/2024 09:21:33 [Information] Z Axis Data Received: , 82
Z Axis Current Position, 82
Z Axis C
11/14/2024 09:21:33 [Information] Z Axis Data Received: urrent Position, 82
Z Axis Current Position, 83
Z Axis Current Position, 83
Z Axis Current Position, 83
Z Axis Current Position, 83
Z Axis Cu
11/14/2024 09:21:33 [Information] Z Axis Data Received: rrent Position, 84
Z Axis Current Position
11/14/2024 09:21:34 [Information] Z Axis Data Received: , 84
Z Axis Current Position, 84
Z Axis Current Position, 84
Z Axis Current Position, 85
Z Axis Current Position, 85
Z Axis 
11/14/2024 09:21:34 [Information] Z Axis Data Received: Current Position, 85
Z Axis Current Position, 85
Z Axis Current Position, 86
Z Axis Current Position, 86
Z Axis Current Positio
11/14/2024 09:21:35 [Information] Z Axis Data Received: n, 86
Z Axis Current Position, 86
Z Axis C
