11/4/2024 21:50:06 [Information] Stepper Motor Controller Application Started.
11/4/2024 21:50:06 [Information] Version: 3.0.9074.39298 (11/4/2024 21:50:06)
11/4/2024 21:50:06 [Information] X Axis SerialPort COM7 not connected.
11/4/2024 21:50:07 [Information] Y Axis SerialPort COM8 not connected.
11/4/2024 21:50:07 [Information] Version: 3.1.0.39299 (11/4/2024 21:50:07)
11/4/2024 21:50:07 [Information] Version: 3.1.0.39299 (11/4/2024 21:50:07)
11/4/2024 21:50:07 [Information] Stepper Motor Controller Application Settings Window Opened.
11/4/2024 21:50:07 [Information] Stepper Motor Controller Application Settings form is rebuilt each and every time it is opened.
11/4/2024 21:50:07 [Information] int: 9600 BaudRate added to the Settings Form.
11/4/2024 21:50:07 [Information] bool: False ckbXaxisResetToZeroIsChecked added to the Settings Form.
11/4/2024 21:50:07 [Information] bool: False ckbYaxisResetToZeroIsChecked added to the Settings Form.
11/4/2024 21:50:07 [Information] bool: False ckbZaxisResetToZeroIsChecked added to the Settings Form.
11/4/2024 21:50:07 [Information] COM1: ComPort added to the Settings Form.
11/4/2024 21:50:07 [Information] COM2: ComPort added to the Settings Form.
11/4/2024 21:50:07 [Information] COM3: ComPort added to the Settings Form.
11/4/2024 21:50:07 [Information] COM4: ComPort added to the Settings Form.
11/4/2024 21:50:07 [Information] COM5: ComPort added to the Settings Form.
11/4/2024 21:50:07 [Information] COM6: ComPort added to the Settings Form.
11/4/2024 21:50:07 [Information] COM7: ComPort added to the Settings Form.
11/4/2024 21:50:07 [Information] COM8: ComPort added to the Settings Form.
11/4/2024 21:50:07 [Information] COM9: ComPort added to the Settings Form.
11/4/2024 21:50:07 [Information] COM10: ComPort added to the Settings Form.
11/4/2024 21:50:07 [Information] decimal: 4.00 Divider4_00 added to the Settings Form.
11/4/2024 21:50:07 [Information] decimal: 0.00 MathPart2Initlz added to the Settings Form.
11/4/2024 21:50:07 [Information] decimal: 1.00 MilisecondTimerInterval added to the Settings Form.
11/4/2024 21:50:07 [Information] decimal: 1000.00 MillisecondDelay added to the Settings Form.
11/4/2024 21:50:07 [Information] int: 1000 Milliseconds added to the Settings Form.
11/4/2024 21:50:07 [Information] int: 4 mmPerRevolution added to the Settings Form.
11/4/2024 21:50:07 [Information] int: 2000 ThreadSleep added to the Settings Form.
11/4/2024 21:50:07 [Information] decimal: 0.00 Value_0_00 added to the Settings Form.
11/4/2024 21:50:07 [Information] decimal: 50.00 XaxisAcceleration added to the Settings Form.
11/4/2024 21:50:07 [Information] bool: False XaxisChanged added to the Settings Form.
11/4/2024 21:50:07 [Information] decimal: 400.00 XaxisMotorSpeed added to the Settings Form.
11/4/2024 21:50:07 [Information] decimal: 0.00 XaxisStepperCurrent added to the Settings Form.
11/4/2024 21:50:07 [Information] decimal: 0.00 XaxisStepperMove added to the Settings Form.
11/4/2024 21:50:07 [Information] XCOM1: XComPort added to the Settings Form.
11/4/2024 21:50:07 [Information] XCOM2: XComPort added to the Settings Form.
11/4/2024 21:50:07 [Information] XCOM3: XComPort added to the Settings Form.
11/4/2024 21:50:07 [Information] XCOM4: XComPort added to the Settings Form.
11/4/2024 21:50:07 [Information] XCOM5: XComPort added to the Settings Form.
11/4/2024 21:50:07 [Information] XCOM6: XComPort added to the Settings Form.
11/4/2024 21:50:07 [Information] XCOM7: XComPort added to the Settings Form.
11/4/2024 21:50:07 [Information] XCOM8: XComPort added to the Settings Form.
11/4/2024 21:50:07 [Information] XCOM9: XComPort added to the Settings Form.
11/4/2024 21:50:07 [Information] XCOM10: XComPort added to the Settings Form.
11/4/2024 21:50:07 [Information] decimal: 50.00 YaxisAcceleration added to the Settings Form.
11/4/2024 21:50:07 [Information] bool: False YaxisChanged added to the Settings Form.
11/4/2024 21:50:07 [Information] decimal: 400.00 YaxisMotorSpeed added to the Settings Form.
11/4/2024 21:50:07 [Information] decimal: 0.00 YaxisStepperCurrent added to the Settings Form.
11/4/2024 21:50:07 [Information] decimal: 0.00 YaxisStepperMove added to the Settings Form.
11/4/2024 21:50:07 [Information] YCOM1: YComPort added to the Settings Form.
11/4/2024 21:50:07 [Information] YCOM2: YComPort added to the Settings Form.
11/4/2024 21:50:07 [Information] YCOM3: YComPort added to the Settings Form.
11/4/2024 21:50:07 [Information] YCOM4: YComPort added to the Settings Form.
11/4/2024 21:50:07 [Information] YCOM5: YComPort added to the Settings Form.
11/4/2024 21:50:07 [Information] YCOM6: YComPort added to the Settings Form.
11/4/2024 21:50:07 [Information] YCOM7: YComPort added to the Settings Form.
11/4/2024 21:50:07 [Information] YCOM8: YComPort added to the Settings Form.
11/4/2024 21:50:07 [Information] YCOM9: YComPort added to the Settings Form.
11/4/2024 21:50:07 [Information] YCOM10: YComPort added to the Settings Form.
11/4/2024 21:50:07 [Information] decimal: 50.00 ZaxisAcceleration added to the Settings Form.
11/4/2024 21:50:07 [Information] bool: False ZaxisChanged added to the Settings Form.
11/4/2024 21:50:07 [Information] decimal: 400.00 ZaxisMotorSpeed added to the Settings Form.
11/4/2024 21:50:07 [Information] decimal: 0.00 ZaxisStepperCurrent added to the Settings Form.
11/4/2024 21:50:07 [Information] decimal: 0.00 ZaxisStepperMove added to the Settings Form.
11/4/2024 21:50:07 [Information] ZCOM1: ZComPort added to the Settings Form.
11/4/2024 21:50:07 [Information] ZCOM2: ZComPort added to the Settings Form.
11/4/2024 21:50:07 [Information] ZCOM3: ZComPort added to the Settings Form.
11/4/2024 21:50:07 [Information] ZCOM4: ZComPort added to the Settings Form.
11/4/2024 21:50:07 [Information] ZCOM5: ZComPort added to the Settings Form.
11/4/2024 21:50:07 [Information] ZCOM6: ZComPort added to the Settings Form.
11/4/2024 21:50:07 [Information] ZCOM7: ZComPort added to the Settings Form.
11/4/2024 21:50:07 [Information] ZCOM8: ZComPort added to the Settings Form.
11/4/2024 21:50:07 [Information] ZCOM9: ZComPort added to the Settings Form.
11/4/2024 21:50:07 [Information] ZCOM10: ZComPort added to the Settings Form.
11/4/2024 21:50:07 [Information] int: 0 zeroXaxis added to the Settings Form.
11/4/2024 21:50:07 [Information] int: 0 zeroYaxis added to the Settings Form.
11/4/2024 21:50:07 [Information] int: 0 zeroZaxis added to the Settings Form.
11/4/2024 21:50:07 [Information] Stepper Motor Controller MainWindow loaded
11/4/2024 21:50:07 [Information] Set MainWindow Media Brushes to White.
11/4/2024 21:50:35 [Information] Z Axis mouse controlled Keypad returned: 64.00
11/4/2024 21:50:43 [Information] ZAxisRun_Click button clicked:
11/4/2024 21:50:43 [Information] Z Axis MotorMovementSeconds decimal: (64.00 / 4) / 2 = 8.00
11/4/2024 21:50:43 [Information] Z Axis myMovementTimer int: 1000 * 8.00 = 8000
11/4/2024 21:50:44 [Information] Z Axis Run Event: Z,0.00,400.00,0,0.00,400.00,0,64.00,400.00,0
11/4/2024 21:50:44 [Information] Z Axis Current Time: 09:50:44 + 8000 = zTargetEndTime: 09:50:52
11/4/2024 21:50:44 [Information] Stepper Motor Controller Disable Z Axis controls while moving to location.
11/4/2024 21:50:44 [Information] Time remaining: 00:00:00 zTargetEndTime = 09:50:52
11/4/2024 21:50:44 [Information] Stepper Motor Controller Disable Z Axis controls while moving to location.
11/4/2024 21:50:44 [Information] Time remaining: 00:00:00 zTargetEndTime = 09:50:52
11/4/2024 21:50:44 [Information] Stepper Motor Controller Disable Z Axis controls while moving to location.
11/4/2024 21:50:44 [Information] Time remaining: 00:00:00 zTargetEndTime = 09:50:52
11/4/2024 21:50:44 [Information] Stepper Motor Controller Disable Z Axis controls while moving to location.
11/4/2024 21:50:44 [Information] Time remaining: 00:00:00 zTargetEndTime = 09:50:52
11/4/2024 21:50:44 [Information] Stepper Motor Controller Disable Z Axis controls while moving to location.
11/4/2024 21:50:44 [Information] Time remaining: 00:00:00 zTargetEndTime = 09:50:52
11/4/2024 21:50:44 [Information] Stepper Motor Controller Disable Z Axis controls while moving to location.
11/4/2024 21:50:44 [Information] Time remaining: 00:00:00 zTargetEndTime = 09:50:52
11/4/2024 21:50:44 [Information] Stepper Motor Controller Disable Z Axis controls while moving to location.
11/4/2024 21:50:44 [Information] Time remaining: 00:00:00 zTargetEndTime = 09:50:52
11/4/2024 21:50:44 [Information] Stepper Motor Controller Disable Z Axis controls while moving to location.
11/4/2024 21:50:44 [Information] Time remaining: 00:00:00 zTargetEndTime = 09:50:52
11/4/2024 21:50:44 [Information] Stepper Motor Controller Disable Z Axis controls while moving to location.
11/4/2024 21:50:44 [Information] Time remaining: 00:00:00 zTargetEndTime = 09:50:52
11/4/2024 21:50:44 [Information] Stepper Motor Controller Disable Z Axis controls while moving to location.
11/4/2024 21:50:44 [Information] Time remaining: 00:00:00 zTargetEndTime = 09:50:52
11/4/2024 21:50:44 [Information] Stepper Motor Controller Disable Z Axis controls while moving to location.
11/4/2024 21:50:44 [Information] Time remaining: 00:00:00 zTargetEndTime = 09:50:52
11/4/2024 21:50:44 [Information] Stepper Motor Controller Disable Z Axis controls while moving to location.
11/4/2024 21:50:44 [Information] Time remaining: 00:00:00 zTargetEndTime = 09:50:52
11/4/2024 21:50:44 [Information] Stepper Motor Controller Disable Z Axis controls while moving to location.
11/4/2024 21:50:44 [Information] Time remaining: 00:00:00 zTargetEndTime = 09:50:52
11/4/2024 21:50:44 [Information] Stepper Motor Controller Disable Z Axis controls while moving to location.
11/4/2024 21:50:44 [Information] Time remaining: 00:00:00 zTargetEndTime = 09:50:52
11/4/2024 21:50:44 [Information] Stepper Motor Controller Disable Z Axis controls while moving to location.
11/4/2024 21:50:44 [Information] Time remaining: 00:00:00 zTargetEndTime = 09:50:52
11/4/2024 21:50:44 [Information] Stepper Motor Controller Disable Z Axis controls while moving to location.
11/4/2024 21:50:44 [Information] Time remaining: 00:00:00 zTargetEndTime = 09:50:52
11/4/2024 21:50:44 [Information] Stepper Motor Controller Disable Z Axis controls while moving to location.
11/4/2024 21:50:44 [Information] Time remaining: 00:00:00 zTargetEndTime = 09:50:52
11/4/2024 21:50:44 [Information] Stepper Motor Controller Disable Z Axis controls while moving to location.
11/4/2024 21:50:44 [Information] Time remaining: 00:00:00 zTargetEndTime = 09:50:52
11/4/2024 21:50:44 [Information] Stepper Motor Controller Disable Z Axis controls while moving to location.
11/4/2024 21:50:44 [Information] Time remaining: 00:00:00 zTargetEndTime = 09:50:52
11/4/2024 21:50:44 [Information] Stepper Motor Controller Disable Z Axis controls while moving to location.
11/4/2024 21:50:44 [Information] Time remaining: 00:00:00 zTargetEndTime = 09:50:52
11/4/2024 21:50:44 [Information] Stepper Motor Controller Disable Z Axis controls while moving to location.
11/4/2024 21:50:44 [Information] Time remaining: 00:00:00 zTargetEndTime = 09:50:52
11/4/2024 21:50:44 [Information] Stepper Motor Controller Disable Z Axis controls while moving to location.
11/4/2024 21:50:44 [Information] Time remaining: 00:00:00 zTargetEndTime = 09:50:52
11/4/2024 21:50:44 [Information] Stepper Motor Controller Disable Z Axis controls while moving to location.
11/4/2024 21:50:44 [Information] Time remaining: 00:00:00 zTargetEndTime = 09:50:52
11/4/2024 21:50:44 [Information] Stepper Motor Controller Disable Z Axis controls while moving to location.
11/4/2024 21:50:44 [Information] Time remaining: 00:00:00 zTargetEndTime = 09:50:52
11/4/2024 21:50:44 [Information] Stepper Motor Controller Disable Z Axis controls while moving to location.
11/4/2024 21:50:44 [Information] Time remaining: 00:00:00 zTargetEndTime = 09:50:52
11/4/2024 21:50:44 [Information] Stepper Motor Controller Disable Z Axis controls while moving to location.
11/4/2024 21:50:44 [Information] Time remaining: 00:00:00 zTargetEndTime = 09:50:52
11/4/2024 21:50:44 [Information] Stepper Motor Controller Disable Z Axis controls while moving to location.
11/4/2024 21:50:44 [Information] Time remaining: 00:00:00 zTargetEndTime = 09:50:52
11/4/2024 21:50:44 [Information] Stepper Motor Controller Disable Z Axis controls while moving to location.
11/4/2024 21:50:44 [Information] Time remaining: 00:00:00 zTargetEndTime = 09:50:52
11/4/2024 21:50:44 [Information] Stepper Motor Controller Disable Z Axis controls while moving to location.
11/4/2024 21:50:44 [Information] Time remaining: 00:00:00 zTargetEndTime = 09:50:52
11/4/2024 21:50:44 [Information] Stepper Motor Controller Disable Z Axis controls while moving to location.
11/4/2024 21:50:44 [Information] Time remaining: 00:00:00 zTargetEndTime = 09:50:52
11/4/2024 21:50:44 [Information] Stepper Motor Controller Disable Z Axis controls while moving to location.
11/4/2024 21:50:44 [Information] Time remaining: 00:00:00 zTargetEndTime = 09:50:52
11/4/2024 21:50:44 [Information] Stepper Motor Controller Disable Z Axis controls while moving to location.
11/4/2024 21:50:44 [Information] Time remaining: 00:00:00 zTargetEndTime = 09:50:52
11/4/2024 21:50:44 [Information] Stepper Motor Controller Disable Z Axis controls while moving to location.
11/4/2024 21:50:44 [Information] Time remaining: 00:00:00 zTargetEndTime = 09:50:52
11/4/2024 21:50:44 [Information] Stepper Motor Controller Disable Z Axis controls while moving to location.
11/4/2024 21:50:44 [Information] Time remaining: 00:00:00 zTargetEndTime = 09:50:52
11/4/2024 21:50:44 [Information] Stepper Motor Controller Disable Z Axis controls while moving to location.
11/4/2024 21:50:44 [Information] Time remaining: 00:00:00 zTargetEndTime = 09:50:52
11/4/2024 21:50:44 [Information] Stepper Motor Controller Disable Z Axis controls while moving to location.
11/4/2024 21:50:44 [Information] Time remaining: 00:00:00 zTargetEndTime = 09:50:52
11/4/2024 21:50:44 [Information] Stepper Motor Controller Disable Z Axis controls while moving to location.
11/4/2024 21:50:44 [Information] Time remaining: 00:00:00 zTargetEndTime = 09:50:52
11/4/2024 21:50:44 [Information] Stepper Motor Controller Disable Z Axis controls while moving to location.
11/4/2024 21:50:44 [Information] Time remaining: 00:00:00 zTargetEndTime = 09:50:52
11/4/2024 21:50:44 [Information] Stepper Motor Controller Disable Z Axis controls while moving to location.
11/4/2024 21:50:44 [Information] Time remaining: 00:00:00 zTargetEndTime = 09:50:52
11/4/2024 21:50:44 [Information] Stepper Motor Controller Disable Z Axis controls while moving to location.
11/4/2024 21:50:44 [Information] Time remaining: 00:00:00 zTargetEndTime = 09:50:52
11/4/2024 21:50:44 [Information] Stepper Motor Controller Disable Z Axis controls while moving to location.
11/4/2024 21:50:44 [Information] Time remaining: 00:00:00 zTargetEndTime = 09:50:52
11/4/2024 21:50:44 [Information] Stepper Motor Controller Disable Z Axis controls while moving to location.
11/4/2024 21:50:44 [Information] Time remaining: 00:00:00 zTargetEndTime = 09:50:52
11/4/2024 21:50:44 [Information] Stepper Motor Controller Disable Z Axis controls while moving to location.
11/4/2024 21:50:44 [Information] Time remaining: 00:00:00 zTargetEndTime = 09:50:52
11/4/2024 21:50:44 [Information] Stepper Motor Controller Disable Z Axis controls while moving to location.
11/4/2024 21:50:44 [Information] Time remaining: 00:00:00 zTargetEndTime = 09:50:52
11/4/2024 21:50:44 [Information] Stepper Motor Controller Disable Z Axis controls while moving to location.
11/4/2024 21:50:44 [Information] Time remaining: 00:00:00 zTargetEndTime = 09:50:52
11/4/2024 21:50:44 [Information] Stepper Motor Controller Disable Z Axis controls while moving to location.
11/4/2024 21:50:44 [Information] Time remaining: 00:00:00 zTargetEndTime = 09:50:52
11/4/2024 21:50:44 [Information] Stepper Motor Controller Disable Z Axis controls while moving to location.
11/4/2024 21:50:44 [Information] Time remaining: 00:00:00 zTargetEndTime = 09:50:52
11/4/2024 21:50:44 [Information] Stepper Motor Controller Disable Z Axis controls while moving to location.
11/4/2024 21:50:44 [Information] Time remaining: 00:00:00 zTargetEndTime = 09:50:52
11/4/2024 21:50:44 [Information] Stepper Motor Controller Disable Z Axis controls while moving to location.
11/4/2024 21:50:44 [Information] Time remaining: 00:00:00 zTargetEndTime = 09:50:52
11/4/2024 21:50:45 [Information] Stepper Motor Controller Disable Z Axis controls while moving to location.
11/4/2024 21:50:45 [Information] Time remaining: 00:00:00 zTargetEndTime = 09:50:52
11/4/2024 21:50:45 [Information] Stepper Motor Controller Disable Z Axis controls while moving to location.
11/4/2024 21:50:45 [Information] Time remaining: 00:00:00 zTargetEndTime = 09:50:52
11/4/2024 21:50:45 [Information] Stepper Motor Controller Disable Z Axis controls while moving to location.
11/4/2024 21:50:45 [Information] Time remaining: 00:00:00 zTargetEndTime = 09:50:52
11/4/2024 21:50:45 [Information] Stepper Motor Controller Disable Z Axis controls while moving to location.
11/4/2024 21:50:45 [Information] Time remaining: 00:00:00 zTargetEndTime = 09:50:52
11/4/2024 21:50:45 [Information] Stepper Motor Controller Disable Z Axis controls while moving to location.
11/4/2024 21:50:45 [Information] Time remaining: 00:00:00 zTargetEndTime = 09:50:52
11/4/2024 21:50:45 [Information] Stepper Motor Controller Disable Z Axis controls while moving to location.
11/4/2024 21:50:45 [Information] Time remaining: 00:00:00 zTargetEndTime = 09:50:52
11/4/2024 21:50:45 [Information] Stepper Motor Controller Disable Z Axis controls while moving to location.
11/4/2024 21:50:45 [Information] Time remaining: 00:00:01 zTargetEndTime = 09:50:52
11/4/2024 21:50:45 [Information] Stepper Motor Controller Disable Z Axis controls while moving to location.
11/4/2024 21:50:45 [Information] Time remaining: 00:00:01 zTargetEndTime = 09:50:52
11/4/2024 21:50:45 [Information] Stepper Motor Controller Disable Z Axis controls while moving to location.
11/4/2024 21:50:45 [Information] Time remaining: 00:00:01 zTargetEndTime = 09:50:52
11/4/2024 21:50:45 [Information] Stepper Motor Controller Disable Z Axis controls while moving to location.
11/4/2024 21:50:45 [Information] Time remaining: 00:00:01 zTargetEndTime = 09:50:52
11/4/2024 21:50:45 [Information] Stepper Motor Controller Disable Z Axis controls while moving to location.
11/4/2024 21:50:45 [Information] Time remaining: 00:00:01 zTargetEndTime = 09:50:52
11/4/2024 21:50:45 [Information] Stepper Motor Controller Disable Z Axis controls while moving to location.
11/4/2024 21:50:45 [Information] Time remaining: 00:00:01 zTargetEndTime = 09:50:52
11/4/2024 21:50:45 [Information] Stepper Motor Controller Disable Z Axis controls while moving to location.
11/4/2024 21:50:45 [Information] Time remaining: 00:00:01 zTargetEndTime = 09:50:52
11/4/2024 21:50:45 [Information] Stepper Motor Controller Disable Z Axis controls while moving to location.
11/4/2024 21:50:45 [Information] Time remaining: 00:00:01 zTargetEndTime = 09:50:52
11/4/2024 21:50:45 [Information] Stepper Motor Controller Disable Z Axis controls while moving to location.
11/4/2024 21:50:45 [Information] Time remaining: 00:00:01 zTargetEndTime = 09:50:52
11/4/2024 21:50:45 [Information] Stepper Motor Controller Disable Z Axis controls while moving to location.
11/4/2024 21:50:45 [Information] Time remaining: 00:00:01 zTargetEndTime = 09:50:52
11/4/2024 21:50:45 [Information] Stepper Motor Controller Disable Z Axis controls while moving to location.
11/4/2024 21:50:45 [Information] Time remaining: 00:00:01 zTargetEndTime = 09:50:52
11/4/2024 21:50:45 [Information] Stepper Motor Controller Disable Z Axis controls while moving to location.
11/4/2024 21:50:45 [Information] Time remaining: 00:00:01 zTargetEndTime = 09:50:52
11/4/2024 21:50:45 [Information] Stepper Motor Controller Disable Z Axis controls while moving to location.
11/4/2024 21:50:45 [Information] Time remaining: 00:00:01 zTargetEndTime = 09:50:52
11/4/2024 21:50:45 [Information] Z Axis Data Received: Z Axis Motor Stopped
Z Axis Motor Current Position: 427
Z Axis Motor Stopped
Z Axis Motor Current Position: 427
Z Ax
11/4/2024 21:50:45 [Information] Stepper Motor Controller Disable Z Axis controls while moving to location.
11/4/2024 21:50:45 [Information] Time remaining: 00:00:01 zTargetEndTime = 09:50:52
11/4/2024 21:50:45 [Information] Updated X,Y Zero.IsChecked status to 0 and Z Zero.IsChecked status to 1.
11/4/2024 21:50:45 [Information] ZAxisRun_Click button clicked:
11/4/2024 21:50:45 [Information] Z Axis Run Event to reset Axis to zero: Z,0.00,400.00,0,0.00,400.00,0,0.00,400.00,1
11/4/2024 21:50:45 [Information] Setting Z Axis Current Location Set to Zero on DRO
11/4/2024 21:50:45 [Information] Z Axis Data Received: is Motor Stopped
Z Axis Motor Current Position: 427
Z Axis Motor Stopped
Z Axis Motor Current Position: 427

11/4/2024 21:50:45 [Information] ZAxisRun_Click button clicked:
11/4/2024 21:50:45 [Information] Z Axis Run Event to reset Axis to zero: Z,0.00,400.00,0,0.00,400.00,0,0.00,400.00,1
11/4/2024 21:50:45 [Information] Setting Z Axis Current Location Set to Zero on DRO
11/4/2024 21:50:46 [Information] Updated X,Y,Z Zero.IsChecked status to 0.
11/4/2024 21:50:46 [Information] Z Axis Current Location Set to Zero
11/4/2024 21:50:46 [Information] Z Axis Current Location Set to Zero
11/4/2024 21:50:47 [Information] Z Axis Motor Current Position: 8.54
11/4/2024 21:50:47 [Information] Z Axis Motor Current Position: 8.54
11/4/2024 21:50:47 [Information] Z Axis Motor Current Position: 17.08
11/4/2024 21:50:47 [Information] Z Axis Motor Current Position: 17.08
11/4/2024 21:50:54 [Information] Z Axis mouse controlled Keypad returned: 64.00
11/4/2024 21:50:56 [Information] ZAxisRun_Click button clicked:
11/4/2024 21:50:56 [Information] Z Axis MotorMovementSeconds decimal: (64.00 / 4) / 2 = 8.00
11/4/2024 21:50:56 [Information] Z Axis myMovementTimer int: 1000 * 8.00 = 8000
11/4/2024 21:50:57 [Information] Z Axis Run Event: Z,0.00,400.00,0,0.00,400.00,0,81.08,400.00,0
11/4/2024 21:50:57 [Information] Z Axis Current Time: 09:50:57 + 8000 = zTargetEndTime: 09:51:05
11/4/2024 21:50:57 [Information] Stepper Motor Controller Disable Z Axis controls while moving to location.
11/4/2024 21:50:57 [Information] Time remaining: 00:00:01 zTargetEndTime = 09:51:05
11/4/2024 21:50:57 [Information] Stepper Motor Controller Disable Z Axis controls while moving to location.
11/4/2024 21:50:57 [Information] Time remaining: 00:00:01 zTargetEndTime = 09:51:05
11/4/2024 21:50:57 [Information] Stepper Motor Controller Disable Z Axis controls while moving to location.
11/4/2024 21:50:57 [Information] Time remaining: 00:00:01 zTargetEndTime = 09:51:05
11/4/2024 21:50:57 [Information] Stepper Motor Controller Disable Z Axis controls while moving to location.
11/4/2024 21:50:57 [Information] Time remaining: 00:00:01 zTargetEndTime = 09:51:05
11/4/2024 21:50:57 [Information] Stepper Motor Controller Disable Z Axis controls while moving to location.
11/4/2024 21:50:57 [Information] Time remaining: 00:00:01 zTargetEndTime = 09:51:05
11/4/2024 21:50:57 [Information] Stepper Motor Controller Disable Z Axis controls while moving to location.
11/4/2024 21:50:57 [Information] Time remaining: 00:00:01 zTargetEndTime = 09:51:05
11/4/2024 21:50:57 [Information] Stepper Motor Controller Disable Z Axis controls while moving to location.
11/4/2024 21:50:57 [Information] Time remaining: 00:00:01 zTargetEndTime = 09:51:05
11/4/2024 21:50:57 [Information] Stepper Motor Controller Disable Z Axis controls while moving to location.
11/4/2024 21:50:57 [Information] Time remaining: 00:00:01 zTargetEndTime = 09:51:05
11/4/2024 21:50:57 [Information] Stepper Motor Controller Disable Z Axis controls while moving to location.
11/4/2024 21:50:57 [Information] Time remaining: 00:00:01 zTargetEndTime = 09:51:05
11/4/2024 21:50:57 [Information] Stepper Motor Controller Disable Z Axis controls while moving to location.
11/4/2024 21:50:57 [Information] Time remaining: 00:00:01 zTargetEndTime = 09:51:05
11/4/2024 21:50:57 [Information] Stepper Motor Controller Disable Z Axis controls while moving to location.
11/4/2024 21:50:57 [Information] Time remaining: 00:00:01 zTargetEndTime = 09:51:05
11/4/2024 21:50:57 [Information] Stepper Motor Controller Disable Z Axis controls while moving to location.
11/4/2024 21:50:57 [Information] Time remaining: 00:00:01 zTargetEndTime = 09:51:05
11/4/2024 21:50:57 [Information] Stepper Motor Controller Disable Z Axis controls while moving to location.
11/4/2024 21:50:57 [Information] Time remaining: 00:00:01 zTargetEndTime = 09:51:05
11/4/2024 21:50:57 [Information] Stepper Motor Controller Disable Z Axis controls while moving to location.
11/4/2024 21:50:57 [Information] Time remaining: 00:00:01 zTargetEndTime = 09:51:05
11/4/2024 21:50:57 [Information] Stepper Motor Controller Disable Z Axis controls while moving to location.
11/4/2024 21:50:57 [Information] Time remaining: 00:00:01 zTargetEndTime = 09:51:05
11/4/2024 21:50:57 [Information] Stepper Motor Controller Disable Z Axis controls while moving to location.
11/4/2024 21:50:57 [Information] Time remaining: 00:00:01 zTargetEndTime = 09:51:05
11/4/2024 21:50:57 [Information] Stepper Motor Controller Disable Z Axis controls while moving to location.
11/4/2024 21:50:57 [Information] Time remaining: 00:00:01 zTargetEndTime = 09:51:05
11/4/2024 21:50:57 [Information] Stepper Motor Controller Disable Z Axis controls while moving to location.
11/4/2024 21:50:57 [Information] Time remaining: 00:00:01 zTargetEndTime = 09:51:05
11/4/2024 21:50:57 [Information] Stepper Motor Controller Disable Z Axis controls while moving to location.
11/4/2024 21:50:57 [Information] Time remaining: 00:00:01 zTargetEndTime = 09:51:05
11/4/2024 21:50:57 [Information] Stepper Motor Controller Disable Z Axis controls while moving to location.
11/4/2024 21:50:57 [Information] Time remaining: 00:00:01 zTargetEndTime = 09:51:05
11/4/2024 21:50:57 [Information] Stepper Motor Controller Disable Z Axis controls while moving to location.
11/4/2024 21:50:57 [Information] Time remaining: 00:00:01 zTargetEndTime = 09:51:05
11/4/2024 21:50:57 [Information] Stepper Motor Controller Disable Z Axis controls while moving to location.
11/4/2024 21:50:57 [Information] Time remaining: 00:00:01 zTargetEndTime = 09:51:05
11/4/2024 21:50:57 [Information] Stepper Motor Controller Disable Z Axis controls while moving to location.
11/4/2024 21:50:57 [Information] Time remaining: 00:00:01 zTargetEndTime = 09:51:05
11/4/2024 21:50:57 [Information] Stepper Motor Controller Disable Z Axis controls while moving to location.
11/4/2024 21:50:57 [Information] Time remaining: 00:00:01 zTargetEndTime = 09:51:05
11/4/2024 21:50:57 [Information] Stepper Motor Controller Disable Z Axis controls while moving to location.
11/4/2024 21:50:57 [Information] Time remaining: 00:00:01 zTargetEndTime = 09:51:05
11/4/2024 21:50:57 [Information] Stepper Motor Controller Disable Z Axis controls while moving to location.
11/4/2024 21:50:57 [Information] Time remaining: 00:00:01 zTargetEndTime = 09:51:05
11/4/2024 21:50:57 [Information] Stepper Motor Controller Disable Z Axis controls while moving to location.
11/4/2024 21:50:57 [Information] Time remaining: 00:00:01 zTargetEndTime = 09:51:05
11/4/2024 21:50:57 [Information] Stepper Motor Controller Disable Z Axis controls while moving to location.
11/4/2024 21:50:57 [Information] Time remaining: 00:00:01 zTargetEndTime = 09:51:05
11/4/2024 21:50:57 [Information] Stepper Motor Controller Disable Z Axis controls while moving to location.
11/4/2024 21:50:57 [Information] Time remaining: 00:00:01 zTargetEndTime = 09:51:05
11/4/2024 21:50:57 [Information] Stepper Motor Controller Disable Z Axis controls while moving to location.
11/4/2024 21:50:57 [Information] Time remaining: 00:00:01 zTargetEndTime = 09:51:05
11/4/2024 21:50:57 [Information] Stepper Motor Controller Disable Z Axis controls while moving to location.
11/4/2024 21:50:57 [Information] Time remaining: 00:00:01 zTargetEndTime = 09:51:05
11/4/2024 21:50:57 [Information] Stepper Motor Controller Disable Z Axis controls while moving to location.
11/4/2024 21:50:57 [Information] Time remaining: 00:00:01 zTargetEndTime = 09:51:05
11/4/2024 21:50:57 [Information] Stepper Motor Controller Disable Z Axis controls while moving to location.
11/4/2024 21:50:57 [Information] Time remaining: 00:00:01 zTargetEndTime = 09:51:05
11/4/2024 21:50:58 [Information] Stepper Motor Controller Disable Z Axis controls while moving to location.
11/4/2024 21:50:58 [Information] Time remaining: 00:00:01 zTargetEndTime = 09:51:05
11/4/2024 21:50:58 [Information] Stepper Motor Controller Disable Z Axis controls while moving to location.
11/4/2024 21:50:58 [Information] Time remaining: 00:00:01 zTargetEndTime = 09:51:05
11/4/2024 21:50:58 [Information] Stepper Motor Controller Disable Z Axis controls while moving to location.
11/4/2024 21:50:58 [Information] Time remaining: 00:00:01 zTargetEndTime = 09:51:05
11/4/2024 21:50:58 [Information] Stepper Motor Controller Disable Z Axis controls while moving to location.
11/4/2024 21:50:58 [Information] Time remaining: 00:00:01 zTargetEndTime = 09:51:05
11/4/2024 21:50:58 [Information] Stepper Motor Controller Disable Z Axis controls while moving to location.
11/4/2024 21:50:58 [Information] Time remaining: 00:00:01 zTargetEndTime = 09:51:05
11/4/2024 21:50:58 [Information] Stepper Motor Controller Disable Z Axis controls while moving to location.
11/4/2024 21:50:58 [Information] Time remaining: 00:00:01 zTargetEndTime = 09:51:05
11/4/2024 21:50:58 [Information] Stepper Motor Controller Disable Z Axis controls while moving to location.
11/4/2024 21:50:58 [Information] Time remaining: 00:00:01 zTargetEndTime = 09:51:05
11/4/2024 21:50:58 [Information] Stepper Motor Controller Disable Z Axis controls while moving to location.
11/4/2024 21:50:58 [Information] Time remaining: 00:00:01 zTargetEndTime = 09:51:05
11/4/2024 21:50:58 [Information] Stepper Motor Controller Disable Z Axis controls while moving to location.
11/4/2024 21:50:58 [Information] Time remaining: 00:00:01 zTargetEndTime = 09:51:05
11/4/2024 21:50:58 [Information] Stepper Motor Controller Disable Z Axis controls while moving to location.
11/4/2024 21:50:58 [Information] Time remaining: 00:00:01 zTargetEndTime = 09:51:05
11/4/2024 21:50:58 [Information] Stepper Motor Controller Disable Z Axis controls while moving to location.
11/4/2024 21:50:58 [Information] Time remaining: 00:00:02 zTargetEndTime = 09:51:05
11/4/2024 21:50:58 [Information] Stepper Motor Controller Disable Z Axis controls while moving to location.
11/4/2024 21:50:58 [Information] Time remaining: 00:00:02 zTargetEndTime = 09:51:05
11/4/2024 21:50:58 [Information] Stepper Motor Controller Disable Z Axis controls while moving to location.
11/4/2024 21:50:58 [Information] Time remaining: 00:00:02 zTargetEndTime = 09:51:05
11/4/2024 21:50:58 [Information] Stepper Motor Controller Disable Z Axis controls while moving to location.
11/4/2024 21:50:58 [Information] Time remaining: 00:00:02 zTargetEndTime = 09:51:05
11/4/2024 21:50:58 [Information] Stepper Motor Controller Disable Z Axis controls while moving to location.
11/4/2024 21:50:58 [Information] Time remaining: 00:00:02 zTargetEndTime = 09:51:05
11/4/2024 21:50:58 [Information] Stepper Motor Controller Disable Z Axis controls while moving to location.
11/4/2024 21:50:58 [Information] Time remaining: 00:00:02 zTargetEndTime = 09:51:05
11/4/2024 21:50:58 [Information] Stepper Motor Controller Disable Z Axis controls while moving to location.
11/4/2024 21:50:58 [Information] Time remaining: 00:00:02 zTargetEndTime = 09:51:05
11/4/2024 21:50:58 [Information] Stepper Motor Controller Disable Z Axis controls while moving to location.
11/4/2024 21:50:58 [Information] Time remaining: 00:00:02 zTargetEndTime = 09:51:05
11/4/2024 21:50:58 [Information] Stepper Motor Controller Disable Z Axis controls while moving to location.
11/4/2024 21:50:58 [Information] Time remaining: 00:00:02 zTargetEndTime = 09:51:05
11/4/2024 21:50:58 [Information] Stepper Motor Controller Disable Z Axis controls while moving to location.
11/4/2024 21:50:58 [Information] Time remaining: 00:00:02 zTargetEndTime = 09:51:05
11/4/2024 21:50:58 [Information] Stepper Motor Controller Disable Z Axis controls while moving to location.
11/4/2024 21:50:58 [Information] Time remaining: 00:00:02 zTargetEndTime = 09:51:05
11/4/2024 21:50:58 [Information] Stepper Motor Controller Disable Z Axis controls while moving to location.
11/4/2024 21:50:58 [Information] Time remaining: 00:00:02 zTargetEndTime = 09:51:05
11/4/2024 21:50:58 [Information] Z Axis Data Received: Z Axis Motor Stopped
Z Axis Motor Current Position: 306
Z Axis Motor Stopped
Z Axis Motor Current Position: 306
Z Ax
11/4/2024 21:50:58 [Information] Updated X,Y Zero.IsChecked status to 0 and Z Zero.IsChecked status to 1.
11/4/2024 21:50:58 [Information] ZAxisRun_Click button clicked:
11/4/2024 21:50:58 [Information] Z Axis Run Event to reset Axis to zero: Z,0.00,400.00,0,0.00,400.00,0,0.00,400.00,1
11/4/2024 21:50:58 [Information] Setting Z Axis Current Location Set to Zero on DRO
11/4/2024 21:50:58 [Information] Z Axis Data Received: is Motor Stopped
Z Axis Motor Current Position: 306
Z Axis Motor Stopped
Z Axis Motor Current Position: 306

11/4/2024 21:50:58 [Information] ZAxisRun_Click button clicked:
11/4/2024 21:50:58 [Information] Z Axis Run Event to reset Axis to zero: Z,0.00,400.00,0,0.00,400.00,0,0.00,400.00,1
11/4/2024 21:50:58 [Information] Setting Z Axis Current Location Set to Zero on DRO
11/4/2024 21:50:59 [Information] Updated X,Y,Z Zero.IsChecked status to 0.
11/4/2024 21:50:59 [Information] Z Axis Current Location Set to Zero
11/4/2024 21:50:59 [Information] Z Axis Current Location Set to Zero
11/4/2024 21:51:00 [Information] Z Axis Motor Current Position: 6.12
11/4/2024 21:51:00 [Information] Z Axis Motor Current Position: 6.12
11/4/2024 21:51:00 [Information] Z Axis Motor Current Position: 12.24
11/4/2024 21:51:00 [Information] Z Axis Motor Current Position: 12.24
11/4/2024 21:51:19 [Information] Z Axis mouse controlled Keypad returned: 64.00
11/4/2024 21:51:20 [Information] ZAxisRun_Click button clicked:
11/4/2024 21:51:20 [Information] Z Axis MotorMovementSeconds decimal: (64.00 / 4) / 2 = 8.00
11/4/2024 21:51:20 [Information] Z Axis myMovementTimer int: 1000 * 8.00 = 8000
11/4/2024 21:51:21 [Information] Z Axis Run Event: Z,0.00,400.00,0,0.00,400.00,0,76.24,400.00,0
11/4/2024 21:51:21 [Information] Z Axis Current Time: 09:51:21 + 8000 = zTargetEndTime: 09:51:29
11/4/2024 21:51:21 [Information] Stepper Motor Controller Disable Z Axis controls while moving to location.
11/4/2024 21:51:21 [Information] Time remaining: 00:00:02 zTargetEndTime = 09:51:29
11/4/2024 21:51:21 [Information] Stepper Motor Controller Disable Z Axis controls while moving to location.
11/4/2024 21:51:21 [Information] Time remaining: 00:00:02 zTargetEndTime = 09:51:29
11/4/2024 21:51:21 [Information] Stepper Motor Controller Disable Z Axis controls while moving to location.
11/4/2024 21:51:21 [Information] Time remaining: 00:00:02 zTargetEndTime = 09:51:29
11/4/2024 21:51:21 [Information] Stepper Motor Controller Disable Z Axis controls while moving to location.
11/4/2024 21:51:21 [Information] Time remaining: 00:00:02 zTargetEndTime = 09:51:29
11/4/2024 21:51:21 [Information] Stepper Motor Controller Disable Z Axis controls while moving to location.
11/4/2024 21:51:21 [Information] Time remaining: 00:00:02 zTargetEndTime = 09:51:29
11/4/2024 21:51:21 [Information] Stepper Motor Controller Disable Z Axis controls while moving to location.
11/4/2024 21:51:21 [Information] Time remaining: 00:00:02 zTargetEndTime = 09:51:29
11/4/2024 21:51:21 [Information] Stepper Motor Controller Disable Z Axis controls while moving to location.
11/4/2024 21:51:21 [Information] Time remaining: 00:00:02 zTargetEndTime = 09:51:29
11/4/2024 21:51:21 [Information] Stepper Motor Controller Disable Z Axis controls while moving to location.
11/4/2024 21:51:21 [Information] Time remaining: 00:00:02 zTargetEndTime = 09:51:29
11/4/2024 21:51:21 [Information] Stepper Motor Controller Disable Z Axis controls while moving to location.
11/4/2024 21:51:21 [Information] Time remaining: 00:00:02 zTargetEndTime = 09:51:29
11/4/2024 21:51:21 [Information] Stepper Motor Controller Disable Z Axis controls while moving to location.
11/4/2024 21:51:21 [Information] Time remaining: 00:00:02 zTargetEndTime = 09:51:29
11/4/2024 21:51:21 [Information] Stepper Motor Controller Disable Z Axis controls while moving to location.
11/4/2024 21:51:21 [Information] Time remaining: 00:00:02 zTargetEndTime = 09:51:29
11/4/2024 21:51:21 [Information] Stepper Motor Controller Disable Z Axis controls while moving to location.
11/4/2024 21:51:21 [Information] Time remaining: 00:00:02 zTargetEndTime = 09:51:29
11/4/2024 21:51:21 [Information] Stepper Motor Controller Disable Z Axis controls while moving to location.
11/4/2024 21:51:21 [Information] Time remaining: 00:00:02 zTargetEndTime = 09:51:29
11/4/2024 21:51:21 [Information] Stepper Motor Controller Disable Z Axis controls while moving to location.
11/4/2024 21:51:21 [Information] Time remaining: 00:00:02 zTargetEndTime = 09:51:29
11/4/2024 21:51:21 [Information] Stepper Motor Controller Disable Z Axis controls while moving to location.
11/4/2024 21:51:21 [Information] Time remaining: 00:00:02 zTargetEndTime = 09:51:29
11/4/2024 21:51:21 [Information] Stepper Motor Controller Disable Z Axis controls while moving to location.
11/4/2024 21:51:21 [Information] Time remaining: 00:00:02 zTargetEndTime = 09:51:29
11/4/2024 21:51:21 [Information] Stepper Motor Controller Disable Z Axis controls while moving to location.
11/4/2024 21:51:21 [Information] Time remaining: 00:00:02 zTargetEndTime = 09:51:29
11/4/2024 21:51:21 [Information] Stepper Motor Controller Disable Z Axis controls while moving to location.
11/4/2024 21:51:21 [Information] Time remaining: 00:00:02 zTargetEndTime = 09:51:29
11/4/2024 21:51:21 [Information] Stepper Motor Controller Disable Z Axis controls while moving to location.
11/4/2024 21:51:21 [Information] Time remaining: 00:00:02 zTargetEndTime = 09:51:29
11/4/2024 21:51:21 [Information] Stepper Motor Controller Disable Z Axis controls while moving to location.
11/4/2024 21:51:21 [Information] Time remaining: 00:00:02 zTargetEndTime = 09:51:29
11/4/2024 21:51:21 [Information] Stepper Motor Controller Disable Z Axis controls while moving to location.
11/4/2024 21:51:21 [Information] Time remaining: 00:00:02 zTargetEndTime = 09:51:29
11/4/2024 21:51:21 [Information] Stepper Motor Controller Disable Z Axis controls while moving to location.
11/4/2024 21:51:21 [Information] Time remaining: 00:00:02 zTargetEndTime = 09:51:29
11/4/2024 21:51:21 [Information] Stepper Motor Controller Disable Z Axis controls while moving to location.
11/4/2024 21:51:21 [Information] Time remaining: 00:00:02 zTargetEndTime = 09:51:29
11/4/2024 21:51:21 [Information] Stepper Motor Controller Disable Z Axis controls while moving to location.
11/4/2024 21:51:21 [Information] Time remaining: 00:00:02 zTargetEndTime = 09:51:29
11/4/2024 21:51:21 [Information] Stepper Motor Controller Disable Z Axis controls while moving to location.
11/4/2024 21:51:21 [Information] Time remaining: 00:00:02 zTargetEndTime = 09:51:29
11/4/2024 21:51:21 [Information] Stepper Motor Controller Disable Z Axis controls while moving to location.
11/4/2024 21:51:21 [Information] Time remaining: 00:00:02 zTargetEndTime = 09:51:29
11/4/2024 21:51:21 [Information] Stepper Motor Controller Disable Z Axis controls while moving to location.
11/4/2024 21:51:21 [Information] Time remaining: 00:00:02 zTargetEndTime = 09:51:29
11/4/2024 21:51:21 [Information] Stepper Motor Controller Disable Z Axis controls while moving to location.
11/4/2024 21:51:21 [Information] Time remaining: 00:00:02 zTargetEndTime = 09:51:29
11/4/2024 21:51:21 [Information] Stepper Motor Controller Disable Z Axis controls while moving to location.
11/4/2024 21:51:21 [Information] Time remaining: 00:00:02 zTargetEndTime = 09:51:29
11/4/2024 21:51:21 [Information] Stepper Motor Controller Disable Z Axis controls while moving to location.
11/4/2024 21:51:21 [Information] Time remaining: 00:00:02 zTargetEndTime = 09:51:29
11/4/2024 21:51:22 [Information] Z Axis Data Received: Z Axis Motor Stopped
Z Axis Motor Current Position: 167
Z Axis Motor Stopped
Z Axis Motor Current Position: 167
Z Ax
11/4/2024 21:51:22 [Information] Time remaining: 00:00:02 zTargetEndTime = 09:51:29
11/4/2024 21:51:22 [Information] Updated X,Y Zero.IsChecked status to 0 and Z Zero.IsChecked status to 1.
11/4/2024 21:51:22 [Information] ZAxisRun_Click button clicked:
11/4/2024 21:51:22 [Information] Z Axis Run Event to reset Axis to zero: Z,0.00,400.00,0,0.00,400.00,0,0.00,400.00,1
11/4/2024 21:51:22 [Information] Setting Z Axis Current Location Set to Zero on DRO
11/4/2024 21:51:22 [Information] Z Axis Data Received: is Motor Stopped
Z Axis Motor Current Position: 167

11/4/2024 21:51:23 [Information] Updated X,Y,Z Zero.IsChecked status to 0.
11/4/2024 21:51:23 [Information] Z Axis Current Location Set to Zero
11/4/2024 21:51:24 [Information] Z Axis Motor Current Position: 3.34
11/4/2024 21:51:24 [Information] Z Axis Motor Current Position: 3.34
11/4/2024 21:51:24 [Information] Z Axis Motor Current Position: 6.68
11/4/2024 21:51:24 [Information] Z Axis Motor Current Position: 6.68
11/4/2024 21:51:28 [Information] Stepper Motor Controller MainWindow Closing.
11/4/2024 21:51:28 [Information] Stepper Motor Controller Serial Ports closed.
11/4/2024 21:51:28 [Information] Properties Settings Saved.
11/4/2024 21:51:28 [Information] Properties Settings Form Closed.
11/4/2024 21:51:28 [Information] Stepper Motor Controller Form Closed.
