10/26/2024 09:08:51 [Information] Stepper Motor Controller Application Started.
10/26/2024 09:08:51 [Information] Version: 3.0.9065.16461 (10/26/2024 09:08:51)
10/26/2024 09:08:51 [Information] X Axis SerialPort COM7 not connected.
10/26/2024 09:08:51 [Information] Y Axis SerialPort COM8 not connected.
10/26/2024 09:08:51 [Information] Z Axis SerialPort COM3 not connected.
10/26/2024 09:08:51 [Information] Version: 3.1.0.16462 (10/26/2024 09:08:51)
10/26/2024 09:08:51 [Information] Version: 3.1.0.16462 (10/26/2024 09:08:51)
10/26/2024 09:08:51 [Information] Stepper Motor Controller Application Settings Window Opened.
10/26/2024 09:08:51 [Information] Stepper Motor Controller Application Settings form is rebuilt each and every time it is opened.
10/26/2024 09:08:51 [Information] int: 9600 BaudRate added to the Settings Form.
10/26/2024 09:08:51 [Information] bool: False ckbXaxisResetToZeroIsChecked added to the Settings Form.
10/26/2024 09:08:51 [Information] bool: False ckbYaxisResetToZeroIsChecked added to the Settings Form.
10/26/2024 09:08:51 [Information] bool: False ckbZaxisResetToZeroIsChecked added to the Settings Form.
10/26/2024 09:08:51 [Information] COM1: ComPort added to the Settings Form.
10/26/2024 09:08:51 [Information] COM2: ComPort added to the Settings Form.
10/26/2024 09:08:51 [Information] COM3: ComPort added to the Settings Form.
10/26/2024 09:08:51 [Information] COM4: ComPort added to the Settings Form.
10/26/2024 09:08:51 [Information] COM5: ComPort added to the Settings Form.
10/26/2024 09:08:51 [Information] COM6: ComPort added to the Settings Form.
10/26/2024 09:08:51 [Information] COM7: ComPort added to the Settings Form.
10/26/2024 09:08:51 [Information] COM8: ComPort added to the Settings Form.
10/26/2024 09:08:51 [Information] COM9: ComPort added to the Settings Form.
10/26/2024 09:08:51 [Information] COM10: ComPort added to the Settings Form.
10/26/2024 09:08:51 [Information] decimal: 4.00 Divider4_00 added to the Settings Form.
10/26/2024 09:08:51 [Information] decimal: 0.00 MathPart2Initlz added to the Settings Form.
10/26/2024 09:08:51 [Information] decimal: 1.00 MilisecondTimerInterval added to the Settings Form.
10/26/2024 09:08:51 [Information] decimal: 1000.00 MillisecondDelay added to the Settings Form.
10/26/2024 09:08:51 [Information] int: 1000 Milliseconds added to the Settings Form.
10/26/2024 09:08:51 [Information] int: 4 mmPerRevolution added to the Settings Form.
10/26/2024 09:08:51 [Information] int: 2000 ThreadSleep added to the Settings Form.
10/26/2024 09:08:51 [Information] decimal: 0.00 Value_0_00 added to the Settings Form.
10/26/2024 09:08:51 [Information] decimal: 50.00 XaxisAcceleration added to the Settings Form.
10/26/2024 09:08:51 [Information] bool: False XaxisChanged added to the Settings Form.
10/26/2024 09:08:51 [Information] decimal: 400.00 XaxisMotorSpeed added to the Settings Form.
10/26/2024 09:08:51 [Information] decimal: 0.00 XaxisStepperCurrent added to the Settings Form.
10/26/2024 09:08:51 [Information] decimal: 0.00 XaxisStepperMove added to the Settings Form.
10/26/2024 09:08:51 [Information] XCOM1: XComPort added to the Settings Form.
10/26/2024 09:08:51 [Information] XCOM2: XComPort added to the Settings Form.
10/26/2024 09:08:51 [Information] XCOM3: XComPort added to the Settings Form.
10/26/2024 09:08:51 [Information] XCOM4: XComPort added to the Settings Form.
10/26/2024 09:08:51 [Information] XCOM5: XComPort added to the Settings Form.
10/26/2024 09:08:51 [Information] XCOM6: XComPort added to the Settings Form.
10/26/2024 09:08:51 [Information] XCOM7: XComPort added to the Settings Form.
10/26/2024 09:08:51 [Information] XCOM8: XComPort added to the Settings Form.
10/26/2024 09:08:51 [Information] XCOM9: XComPort added to the Settings Form.
10/26/2024 09:08:51 [Information] XCOM10: XComPort added to the Settings Form.
10/26/2024 09:08:51 [Information] decimal: 50.00 YaxisAcceleration added to the Settings Form.
10/26/2024 09:08:51 [Information] bool: False YaxisChanged added to the Settings Form.
10/26/2024 09:08:51 [Information] decimal: 400.00 YaxisMotorSpeed added to the Settings Form.
10/26/2024 09:08:51 [Information] decimal: 0.00 YaxisStepperCurrent added to the Settings Form.
10/26/2024 09:08:51 [Information] decimal: 0.00 YaxisStepperMove added to the Settings Form.
10/26/2024 09:08:51 [Information] YCOM1: YComPort added to the Settings Form.
10/26/2024 09:08:51 [Information] YCOM2: YComPort added to the Settings Form.
10/26/2024 09:08:51 [Information] YCOM3: YComPort added to the Settings Form.
10/26/2024 09:08:51 [Information] YCOM4: YComPort added to the Settings Form.
10/26/2024 09:08:51 [Information] YCOM5: YComPort added to the Settings Form.
10/26/2024 09:08:51 [Information] YCOM6: YComPort added to the Settings Form.
10/26/2024 09:08:51 [Information] YCOM7: YComPort added to the Settings Form.
10/26/2024 09:08:51 [Information] YCOM8: YComPort added to the Settings Form.
10/26/2024 09:08:51 [Information] YCOM9: YComPort added to the Settings Form.
10/26/2024 09:08:51 [Information] YCOM10: YComPort added to the Settings Form.
10/26/2024 09:08:51 [Information] decimal: 50.00 ZaxisAcceleration added to the Settings Form.
10/26/2024 09:08:51 [Information] bool: False ZaxisChanged added to the Settings Form.
10/26/2024 09:08:51 [Information] decimal: 400.00 ZaxisMotorSpeed added to the Settings Form.
10/26/2024 09:08:51 [Information] decimal: 0.00 ZaxisStepperCurrent added to the Settings Form.
10/26/2024 09:08:51 [Information] decimal: 0.00 ZaxisStepperMove added to the Settings Form.
10/26/2024 09:08:51 [Information] ZCOM1: ZComPort added to the Settings Form.
10/26/2024 09:08:51 [Information] ZCOM2: ZComPort added to the Settings Form.
10/26/2024 09:08:51 [Information] ZCOM3: ZComPort added to the Settings Form.
10/26/2024 09:08:51 [Information] ZCOM4: ZComPort added to the Settings Form.
10/26/2024 09:08:51 [Information] ZCOM5: ZComPort added to the Settings Form.
10/26/2024 09:08:51 [Information] ZCOM6: ZComPort added to the Settings Form.
10/26/2024 09:08:51 [Information] ZCOM7: ZComPort added to the Settings Form.
10/26/2024 09:08:51 [Information] ZCOM8: ZComPort added to the Settings Form.
10/26/2024 09:08:51 [Information] ZCOM9: ZComPort added to the Settings Form.
10/26/2024 09:08:51 [Information] ZCOM10: ZComPort added to the Settings Form.
10/26/2024 09:08:51 [Information] int: 0 zeroXaxis added to the Settings Form.
10/26/2024 09:08:51 [Information] int: 0 zeroYaxis added to the Settings Form.
10/26/2024 09:08:51 [Information] int: 0 zeroZaxis added to the Settings Form.
10/26/2024 09:08:52 [Information] Stepper Motor Controller MainWindow loaded
10/26/2024 09:08:52 [Information] Set MainWindow Media Brushes to White.
10/26/2024 09:08:58 [Information] Stepper Motor Controller Loading Application Settings form.
10/26/2024 09:09:04 [Information] Stepper Motor Controller Application Settings Saved after control lost focus.
10/26/2024 09:09:04 [Information] ZComPort: values for ZComPort Saved to the Settings.
10/26/2024 09:09:04 [Information] Stepper Motor Controller Application Settings Saved after control lost focus.
10/26/2024 09:09:04 [Information] ZComPort: values for ZComPort Saved to the Settings.
10/26/2024 09:09:04 [Information] Stepper Motor Controller Application Settings Saved after control lost focus.
10/26/2024 09:09:04 [Information] ZComPort: values for ZComPort Saved to the Settings.
10/26/2024 09:09:04 [Information] Stepper Motor Controller Application Settings Saved after control lost focus.
10/26/2024 09:09:04 [Information] ZComPort: values for ZComPort Saved to the Settings.
10/26/2024 09:09:05 [Information] Stepper Motor Controller Application Settings Saved after control lost focus.
10/26/2024 09:09:05 [Information] ZComPort: values for ZComPort Saved to the Settings.
10/26/2024 09:09:05 [Information] Stepper Motor Controller Application Settings Saved after control lost focus.
10/26/2024 09:09:05 [Information] ZComPort: values for ZComPort Saved to the Settings.
10/26/2024 09:09:08 [Information] Stepper Motor Controller Application Settings Saved after control lost focus.
10/26/2024 09:09:08 [Information] ZComPort: values for ZComPort Saved to the Settings.
10/26/2024 09:09:08 [Information] Stepper Motor Controller Application Settings Saved.
10/26/2024 09:09:16 [Information] Z Axis mouse controlled Keypad returned: 4.00
10/26/2024 09:09:18 [Information] ZAxisRun_Click button clicked:
10/26/2024 09:09:18 [Information] Z Axis MotorMovementSeconds decimal: (4.00 / 4) / 2 = 0.50
10/26/2024 09:09:18 [Information] Z Axis myMovementTimer int: 1000 * 0.50 = 0
10/26/2024 09:09:19 [Information] Z Axis Run Event: Z,0.00,400.00,0,0.00,400.00,0,4.00,400.00,0
10/26/2024 09:09:19 [Information] Z Axis Current Time: 09:09:19 + 0 = targetEndTime: 09:09:19
10/26/2024 09:09:19 [Information] Stepper Motor Controller Enable Z Axis controls after moving to location.
10/26/2024 09:09:19 [Information] Stepper Motor Controller Stopwatch Stopped.
10/26/2024 09:09:19 [Information] Stepper Motor Controller Timer Stopped.
10/26/2024 09:09:19 [Information] Stepper Motor Controller Stopwatch Reset.
10/26/2024 09:09:27 [Information] ZAxisRun_Click button clicked:
10/26/2024 09:09:27 [Information] Z Axis MotorMovementSeconds decimal: (4.00 / 4) / 2 = 0.50
10/26/2024 09:09:27 [Information] Z Axis myMovementTimer int: 1000 * 0.50 = 0
10/26/2024 09:09:28 [Information] Z Axis Run Event: Z,0.00,400.00,0,0.00,400.00,0,8.00,400.00,0
10/26/2024 09:09:28 [Information] Z Axis Current Time: 09:09:28 + 0 = targetEndTime: 09:09:28
10/26/2024 09:09:28 [Information] Stepper Motor Controller Enable Z Axis controls after moving to location.
10/26/2024 09:09:28 [Information] Stepper Motor Controller Stopwatch Stopped.
10/26/2024 09:09:28 [Information] Stepper Motor Controller Timer Stopped.
10/26/2024 09:09:28 [Information] Stepper Motor Controller Stopwatch Reset.
10/26/2024 09:09:35 [Information] ZAxisRun_Click button clicked:
10/26/2024 09:09:35 [Information] Z Axis MotorMovementSeconds decimal: (4.00 / 4) / 2 = 0.50
10/26/2024 09:09:35 [Information] Z Axis myMovementTimer int: 1000 * 0.50 = 0
10/26/2024 09:09:36 [Information] Z Axis Run Event: Z,0.00,400.00,0,0.00,400.00,0,12.00,400.00,0
10/26/2024 09:09:36 [Information] Z Axis Current Time: 09:09:36 + 0 = targetEndTime: 09:09:36
10/26/2024 09:09:36 [Information] Stepper Motor Controller Enable Z Axis controls after moving to location.
10/26/2024 09:09:36 [Information] Stepper Motor Controller Stopwatch Stopped.
10/26/2024 09:09:36 [Information] Stepper Motor Controller Timer Stopped.
10/26/2024 09:09:36 [Information] Stepper Motor Controller Stopwatch Reset.
10/26/2024 09:09:43 [Information] Z Axis mouse controlled Keypad returned: -4.00
10/26/2024 09:09:44 [Information] ZAxisRun_Click button clicked:
10/26/2024 09:09:44 [Information] Z Axis negative value: -4.00 converted to positive decimal: 4.00
10/26/2024 09:09:44 [Information] Z Axis MotorMovementSeconds decimal: (4.00 / 4) / 2 = 0.50
10/26/2024 09:09:44 [Information] Z Axis myMovementTimer int: 1000 * 0.50 = 0
10/26/2024 09:09:45 [Information] Z Axis Run Event: Z,0.00,400.00,0,0.00,400.00,0,8.00,400.00,0
10/26/2024 09:09:45 [Information] Z Axis Current Time: 09:09:45 + 0 = targetEndTime: 09:09:45
10/26/2024 09:09:45 [Information] Stepper Motor Controller Enable Z Axis controls after moving to location.
10/26/2024 09:09:45 [Information] Stepper Motor Controller Stopwatch Stopped.
10/26/2024 09:09:45 [Information] Stepper Motor Controller Timer Stopped.
10/26/2024 09:09:45 [Information] Stepper Motor Controller Stopwatch Reset.
10/26/2024 09:09:52 [Information] Z Axis mouse controlled Keypad returned: 4.00
10/26/2024 09:09:54 [Information] ZAxisRun_Click button clicked:
10/26/2024 09:09:54 [Information] Z Axis MotorMovementSeconds decimal: (4.00 / 4) / 2 = 0.50
10/26/2024 09:09:54 [Information] Z Axis myMovementTimer int: 1000 * 0.50 = 0
10/26/2024 09:09:55 [Information] Z Axis Run Event: Z,0.00,400.00,0,0.00,400.00,0,12.00,400.00,0
10/26/2024 09:09:55 [Information] Z Axis Current Time: 09:09:55 + 0 = targetEndTime: 09:09:55
10/26/2024 09:09:55 [Information] Stepper Motor Controller Enable Z Axis controls after moving to location.
10/26/2024 09:09:55 [Information] Stepper Motor Controller Stopwatch Stopped.
10/26/2024 09:09:55 [Information] Stepper Motor Controller Timer Stopped.
10/26/2024 09:09:55 [Information] Stepper Motor Controller Stopwatch Reset.
10/26/2024 09:10:04 [Information] Z Axis mouse controlled Keypad returned: -12.00
10/26/2024 09:10:05 [Information] ZAxisRun_Click button clicked:
10/26/2024 09:10:05 [Information] Z Axis negative value: -12.00 converted to positive decimal: 12.00
10/26/2024 09:10:05 [Information] Z Axis MotorMovementSeconds decimal: (12.00 / 4) / 2 = 1.50
10/26/2024 09:10:05 [Information] Z Axis myMovementTimer int: 1000 * 1.50 = 2000
10/26/2024 09:10:06 [Information] Z Axis Run Event: Z,0.00,400.00,0,0.00,400.00,0,0.00,400.00,0
10/26/2024 09:10:06 [Information] Z Axis Current Time: 09:10:06 + 2000 = targetEndTime: 09:10:08
10/26/2024 09:10:07 [Information] Stepper Motor Controller Disable Z Axis controls while moving to location.
10/26/2024 09:10:07 [Information] Time remaining: 00:00:00 targetEndTime = 09:10:08
10/26/2024 09:10:07 [Information] Stepper Motor Controller Disable Z Axis controls while moving to location.
10/26/2024 09:10:07 [Information] Time remaining: 00:00:00 targetEndTime = 09:10:08
10/26/2024 09:10:07 [Information] Stepper Motor Controller Disable Z Axis controls while moving to location.
10/26/2024 09:10:07 [Information] Time remaining: 00:00:00 targetEndTime = 09:10:08
10/26/2024 09:10:07 [Information] Stepper Motor Controller Disable Z Axis controls while moving to location.
10/26/2024 09:10:07 [Information] Time remaining: 00:00:00 targetEndTime = 09:10:08
10/26/2024 09:10:07 [Information] Stepper Motor Controller Disable Z Axis controls while moving to location.
10/26/2024 09:10:07 [Information] Time remaining: 00:00:00 targetEndTime = 09:10:08
10/26/2024 09:10:07 [Information] Stepper Motor Controller Disable Z Axis controls while moving to location.
10/26/2024 09:10:07 [Information] Time remaining: 00:00:00 targetEndTime = 09:10:08
10/26/2024 09:10:07 [Information] Stepper Motor Controller Disable Z Axis controls while moving to location.
10/26/2024 09:10:07 [Information] Time remaining: 00:00:00 targetEndTime = 09:10:08
10/26/2024 09:10:07 [Information] Stepper Motor Controller Disable Z Axis controls while moving to location.
10/26/2024 09:10:07 [Information] Time remaining: 00:00:00 targetEndTime = 09:10:08
10/26/2024 09:10:07 [Information] Stepper Motor Controller Disable Z Axis controls while moving to location.
10/26/2024 09:10:07 [Information] Time remaining: 00:00:00 targetEndTime = 09:10:08
10/26/2024 09:10:07 [Information] Stepper Motor Controller Disable Z Axis controls while moving to location.
10/26/2024 09:10:07 [Information] Time remaining: 00:00:00 targetEndTime = 09:10:08
10/26/2024 09:10:07 [Information] Stepper Motor Controller Disable Z Axis controls while moving to location.
10/26/2024 09:10:07 [Information] Time remaining: 00:00:00 targetEndTime = 09:10:08
10/26/2024 09:10:07 [Information] Stepper Motor Controller Disable Z Axis controls while moving to location.
10/26/2024 09:10:07 [Information] Time remaining: 00:00:00 targetEndTime = 09:10:08
10/26/2024 09:10:07 [Information] Stepper Motor Controller Disable Z Axis controls while moving to location.
10/26/2024 09:10:07 [Information] Time remaining: 00:00:00 targetEndTime = 09:10:08
10/26/2024 09:10:07 [Information] Stepper Motor Controller Disable Z Axis controls while moving to location.
10/26/2024 09:10:07 [Information] Time remaining: 00:00:00 targetEndTime = 09:10:08
10/26/2024 09:10:07 [Information] Stepper Motor Controller Disable Z Axis controls while moving to location.
10/26/2024 09:10:07 [Information] Time remaining: 00:00:00 targetEndTime = 09:10:08
10/26/2024 09:10:07 [Information] Stepper Motor Controller Disable Z Axis controls while moving to location.
10/26/2024 09:10:07 [Information] Time remaining: 00:00:00 targetEndTime = 09:10:08
10/26/2024 09:10:07 [Information] Stepper Motor Controller Disable Z Axis controls while moving to location.
10/26/2024 09:10:07 [Information] Time remaining: 00:00:00 targetEndTime = 09:10:08
10/26/2024 09:10:07 [Information] Stepper Motor Controller Disable Z Axis controls while moving to location.
10/26/2024 09:10:07 [Information] Time remaining: 00:00:00 targetEndTime = 09:10:08
10/26/2024 09:10:07 [Information] Stepper Motor Controller Disable Z Axis controls while moving to location.
10/26/2024 09:10:07 [Information] Time remaining: 00:00:00 targetEndTime = 09:10:08
10/26/2024 09:10:07 [Information] Stepper Motor Controller Disable Z Axis controls while moving to location.
10/26/2024 09:10:07 [Information] Time remaining: 00:00:00 targetEndTime = 09:10:08
10/26/2024 09:10:07 [Information] Stepper Motor Controller Disable Z Axis controls while moving to location.
10/26/2024 09:10:07 [Information] Time remaining: 00:00:00 targetEndTime = 09:10:08
10/26/2024 09:10:07 [Information] Stepper Motor Controller Disable Z Axis controls while moving to location.
10/26/2024 09:10:07 [Information] Time remaining: 00:00:00 targetEndTime = 09:10:08
10/26/2024 09:10:07 [Information] Stepper Motor Controller Disable Z Axis controls while moving to location.
10/26/2024 09:10:07 [Information] Time remaining: 00:00:00 targetEndTime = 09:10:08
10/26/2024 09:10:07 [Information] Stepper Motor Controller Disable Z Axis controls while moving to location.
10/26/2024 09:10:07 [Information] Time remaining: 00:00:00 targetEndTime = 09:10:08
10/26/2024 09:10:07 [Information] Stepper Motor Controller Disable Z Axis controls while moving to location.
10/26/2024 09:10:07 [Information] Time remaining: 00:00:00 targetEndTime = 09:10:08
10/26/2024 09:10:07 [Information] Stepper Motor Controller Disable Z Axis controls while moving to location.
10/26/2024 09:10:07 [Information] Time remaining: 00:00:00 targetEndTime = 09:10:08
10/26/2024 09:10:07 [Information] Stepper Motor Controller Disable Z Axis controls while moving to location.
10/26/2024 09:10:07 [Information] Time remaining: 00:00:00 targetEndTime = 09:10:08
10/26/2024 09:10:07 [Information] Stepper Motor Controller Disable Z Axis controls while moving to location.
10/26/2024 09:10:07 [Information] Time remaining: 00:00:00 targetEndTime = 09:10:08
10/26/2024 09:10:07 [Information] Stepper Motor Controller Disable Z Axis controls while moving to location.
10/26/2024 09:10:07 [Information] Time remaining: 00:00:00 targetEndTime = 09:10:08
10/26/2024 09:10:07 [Information] Stepper Motor Controller Disable Z Axis controls while moving to location.
10/26/2024 09:10:07 [Information] Time remaining: 00:00:00 targetEndTime = 09:10:08
10/26/2024 09:10:07 [Information] Stepper Motor Controller Disable Z Axis controls while moving to location.
10/26/2024 09:10:07 [Information] Time remaining: 00:00:00 targetEndTime = 09:10:08
10/26/2024 09:10:07 [Information] Stepper Motor Controller Disable Z Axis controls while moving to location.
10/26/2024 09:10:07 [Information] Time remaining: 00:00:00 targetEndTime = 09:10:08
10/26/2024 09:10:07 [Information] Stepper Motor Controller Disable Z Axis controls while moving to location.
10/26/2024 09:10:07 [Information] Time remaining: 00:00:00 targetEndTime = 09:10:08
10/26/2024 09:10:07 [Information] Stepper Motor Controller Disable Z Axis controls while moving to location.
10/26/2024 09:10:07 [Information] Time remaining: 00:00:00 targetEndTime = 09:10:08
10/26/2024 09:10:07 [Information] Stepper Motor Controller Disable Z Axis controls while moving to location.
10/26/2024 09:10:07 [Information] Time remaining: 00:00:00 targetEndTime = 09:10:08
10/26/2024 09:10:07 [Information] Stepper Motor Controller Disable Z Axis controls while moving to location.
10/26/2024 09:10:07 [Information] Time remaining: 00:00:00 targetEndTime = 09:10:08
10/26/2024 09:10:07 [Information] Stepper Motor Controller Disable Z Axis controls while moving to location.
10/26/2024 09:10:07 [Information] Time remaining: 00:00:00 targetEndTime = 09:10:08
10/26/2024 09:10:07 [Information] Stepper Motor Controller Disable Z Axis controls while moving to location.
10/26/2024 09:10:07 [Information] Time remaining: 00:00:00 targetEndTime = 09:10:08
10/26/2024 09:10:07 [Information] Stepper Motor Controller Disable Z Axis controls while moving to location.
10/26/2024 09:10:07 [Information] Time remaining: 00:00:00 targetEndTime = 09:10:08
10/26/2024 09:10:07 [Information] Stepper Motor Controller Disable Z Axis controls while moving to location.
10/26/2024 09:10:07 [Information] Time remaining: 00:00:00 targetEndTime = 09:10:08
10/26/2024 09:10:07 [Information] Stepper Motor Controller Disable Z Axis controls while moving to location.
10/26/2024 09:10:07 [Information] Time remaining: 00:00:00 targetEndTime = 09:10:08
10/26/2024 09:10:07 [Information] Stepper Motor Controller Disable Z Axis controls while moving to location.
10/26/2024 09:10:07 [Information] Time remaining: 00:00:00 targetEndTime = 09:10:08
10/26/2024 09:10:07 [Information] Stepper Motor Controller Disable Z Axis controls while moving to location.
10/26/2024 09:10:07 [Information] Time remaining: 00:00:00 targetEndTime = 09:10:08
10/26/2024 09:10:07 [Information] Stepper Motor Controller Disable Z Axis controls while moving to location.
10/26/2024 09:10:07 [Information] Time remaining: 00:00:00 targetEndTime = 09:10:08
10/26/2024 09:10:07 [Information] Stepper Motor Controller Disable Z Axis controls while moving to location.
10/26/2024 09:10:07 [Information] Time remaining: 00:00:00 targetEndTime = 09:10:08
10/26/2024 09:10:07 [Information] Stepper Motor Controller Disable Z Axis controls while moving to location.
10/26/2024 09:10:07 [Information] Time remaining: 00:00:00 targetEndTime = 09:10:08
10/26/2024 09:10:07 [Information] Stepper Motor Controller Disable Z Axis controls while moving to location.
10/26/2024 09:10:07 [Information] Time remaining: 00:00:00 targetEndTime = 09:10:08
10/26/2024 09:10:07 [Information] Stepper Motor Controller Disable Z Axis controls while moving to location.
10/26/2024 09:10:07 [Information] Time remaining: 00:00:00 targetEndTime = 09:10:08
10/26/2024 09:10:07 [Information] Stepper Motor Controller Disable Z Axis controls while moving to location.
10/26/2024 09:10:07 [Information] Time remaining: 00:00:00 targetEndTime = 09:10:08
10/26/2024 09:10:07 [Information] Stepper Motor Controller Disable Z Axis controls while moving to location.
10/26/2024 09:10:07 [Information] Time remaining: 00:00:00 targetEndTime = 09:10:08
10/26/2024 09:10:07 [Information] Stepper Motor Controller Disable Z Axis controls while moving to location.
10/26/2024 09:10:07 [Information] Time remaining: 00:00:00 targetEndTime = 09:10:08
10/26/2024 09:10:07 [Information] Stepper Motor Controller Disable Z Axis controls while moving to location.
10/26/2024 09:10:07 [Information] Time remaining: 00:00:01 targetEndTime = 09:10:08
10/26/2024 09:10:07 [Information] Stepper Motor Controller Disable Z Axis controls while moving to location.
10/26/2024 09:10:07 [Information] Time remaining: 00:00:01 targetEndTime = 09:10:08
10/26/2024 09:10:07 [Information] Stepper Motor Controller Disable Z Axis controls while moving to location.
10/26/2024 09:10:07 [Information] Time remaining: 00:00:01 targetEndTime = 09:10:08
10/26/2024 09:10:07 [Information] Stepper Motor Controller Disable Z Axis controls while moving to location.
10/26/2024 09:10:07 [Information] Time remaining: 00:00:01 targetEndTime = 09:10:08
10/26/2024 09:10:08 [Information] Stepper Motor Controller Disable Z Axis controls while moving to location.
10/26/2024 09:10:08 [Information] Time remaining: 00:00:01 targetEndTime = 09:10:08
10/26/2024 09:10:08 [Information] Stepper Motor Controller Disable Z Axis controls while moving to location.
10/26/2024 09:10:08 [Information] Time remaining: 00:00:01 targetEndTime = 09:10:08
10/26/2024 09:10:08 [Information] Stepper Motor Controller Disable Z Axis controls while moving to location.
10/26/2024 09:10:08 [Information] Time remaining: 00:00:01 targetEndTime = 09:10:08
10/26/2024 09:10:08 [Information] Stepper Motor Controller Disable Z Axis controls while moving to location.
10/26/2024 09:10:08 [Information] Time remaining: 00:00:01 targetEndTime = 09:10:08
10/26/2024 09:10:08 [Information] Stepper Motor Controller Disable Z Axis controls while moving to location.
10/26/2024 09:10:08 [Information] Time remaining: 00:00:01 targetEndTime = 09:10:08
10/26/2024 09:10:08 [Information] Stepper Motor Controller Disable Z Axis controls while moving to location.
10/26/2024 09:10:08 [Information] Time remaining: 00:00:01 targetEndTime = 09:10:08
10/26/2024 09:10:08 [Information] Stepper Motor Controller Disable Z Axis controls while moving to location.
10/26/2024 09:10:08 [Information] Time remaining: 00:00:01 targetEndTime = 09:10:08
10/26/2024 09:10:08 [Information] Stepper Motor Controller Disable Z Axis controls while moving to location.
10/26/2024 09:10:08 [Information] Time remaining: 00:00:01 targetEndTime = 09:10:08
10/26/2024 09:10:08 [Information] Stepper Motor Controller Disable Z Axis controls while moving to location.
10/26/2024 09:10:08 [Information] Time remaining: 00:00:01 targetEndTime = 09:10:08
10/26/2024 09:10:08 [Information] Stepper Motor Controller Disable Z Axis controls while moving to location.
10/26/2024 09:10:08 [Information] Time remaining: 00:00:01 targetEndTime = 09:10:08
10/26/2024 09:10:08 [Information] Stepper Motor Controller Disable Z Axis controls while moving to location.
10/26/2024 09:10:08 [Information] Time remaining: 00:00:01 targetEndTime = 09:10:08
10/26/2024 09:10:08 [Information] Stepper Motor Controller Disable Z Axis controls while moving to location.
10/26/2024 09:10:08 [Information] Time remaining: 00:00:01 targetEndTime = 09:10:08
10/26/2024 09:10:08 [Information] Stepper Motor Controller Disable Z Axis controls while moving to location.
10/26/2024 09:10:08 [Information] Time remaining: 00:00:01 targetEndTime = 09:10:08
10/26/2024 09:10:08 [Information] Stepper Motor Controller Disable Z Axis controls while moving to location.
10/26/2024 09:10:08 [Information] Time remaining: 00:00:01 targetEndTime = 09:10:08
10/26/2024 09:10:08 [Information] Stepper Motor Controller Disable Z Axis controls while moving to location.
10/26/2024 09:10:08 [Information] Time remaining: 00:00:01 targetEndTime = 09:10:08
10/26/2024 09:10:08 [Information] Stepper Motor Controller Disable Z Axis controls while moving to location.
10/26/2024 09:10:08 [Information] Time remaining: 00:00:01 targetEndTime = 09:10:08
10/26/2024 09:10:08 [Information] Stepper Motor Controller Disable Z Axis controls while moving to location.
10/26/2024 09:10:08 [Information] Time remaining: 00:00:01 targetEndTime = 09:10:08
10/26/2024 09:10:08 [Information] Stepper Motor Controller Disable Z Axis controls while moving to location.
10/26/2024 09:10:08 [Information] Time remaining: 00:00:01 targetEndTime = 09:10:08
10/26/2024 09:10:08 [Information] Stepper Motor Controller Disable Z Axis controls while moving to location.
10/26/2024 09:10:08 [Information] Time remaining: 00:00:01 targetEndTime = 09:10:08
10/26/2024 09:10:08 [Information] Stepper Motor Controller Disable Z Axis controls while moving to location.
10/26/2024 09:10:08 [Information] Time remaining: 00:00:01 targetEndTime = 09:10:08
10/26/2024 09:10:08 [Information] Stepper Motor Controller Disable Z Axis controls while moving to location.
10/26/2024 09:10:08 [Information] Time remaining: 00:00:01 targetEndTime = 09:10:08
10/26/2024 09:10:08 [Information] Stepper Motor Controller Disable Z Axis controls while moving to location.
10/26/2024 09:10:08 [Information] Time remaining: 00:00:01 targetEndTime = 09:10:08
10/26/2024 09:10:08 [Information] Stepper Motor Controller Disable Z Axis controls while moving to location.
10/26/2024 09:10:08 [Information] Time remaining: 00:00:01 targetEndTime = 09:10:08
10/26/2024 09:10:08 [Information] Stepper Motor Controller Disable Z Axis controls while moving to location.
10/26/2024 09:10:08 [Information] Time remaining: 00:00:01 targetEndTime = 09:10:08
10/26/2024 09:10:08 [Information] Stepper Motor Controller Disable Z Axis controls while moving to location.
10/26/2024 09:10:08 [Information] Time remaining: 00:00:01 targetEndTime = 09:10:08
10/26/2024 09:10:08 [Information] Stepper Motor Controller Disable Z Axis controls while moving to location.
10/26/2024 09:10:08 [Information] Time remaining: 00:00:01 targetEndTime = 09:10:08
10/26/2024 09:10:08 [Information] Stepper Motor Controller Disable Z Axis controls while moving to location.
10/26/2024 09:10:08 [Information] Time remaining: 00:00:01 targetEndTime = 09:10:08
10/26/2024 09:10:08 [Information] Stepper Motor Controller Disable Z Axis controls while moving to location.
10/26/2024 09:10:08 [Information] Time remaining: 00:00:01 targetEndTime = 09:10:08
10/26/2024 09:10:08 [Information] Stepper Motor Controller Disable Z Axis controls while moving to location.
10/26/2024 09:10:08 [Information] Time remaining: 00:00:01 targetEndTime = 09:10:08
10/26/2024 09:10:08 [Information] Stepper Motor Controller Disable Z Axis controls while moving to location.
10/26/2024 09:10:08 [Information] Time remaining: 00:00:01 targetEndTime = 09:10:08
10/26/2024 09:10:08 [Information] Stepper Motor Controller Disable Z Axis controls while moving to location.
10/26/2024 09:10:08 [Information] Time remaining: 00:00:01 targetEndTime = 09:10:08
10/26/2024 09:10:08 [Information] Stepper Motor Controller Disable Z Axis controls while moving to location.
10/26/2024 09:10:08 [Information] Time remaining: 00:00:01 targetEndTime = 09:10:08
10/26/2024 09:10:08 [Information] Stepper Motor Controller Disable Z Axis controls while moving to location.
10/26/2024 09:10:08 [Information] Time remaining: 00:00:01 targetEndTime = 09:10:08
10/26/2024 09:10:08 [Information] Stepper Motor Controller Disable Z Axis controls while moving to location.
10/26/2024 09:10:08 [Information] Time remaining: 00:00:01 targetEndTime = 09:10:08
10/26/2024 09:10:08 [Information] Stepper Motor Controller Disable Z Axis controls while moving to location.
10/26/2024 09:10:08 [Information] Time remaining: 00:00:01 targetEndTime = 09:10:08
10/26/2024 09:10:08 [Information] Stepper Motor Controller Disable Z Axis controls while moving to location.
10/26/2024 09:10:08 [Information] Time remaining: 00:00:01 targetEndTime = 09:10:08
10/26/2024 09:10:08 [Information] Stepper Motor Controller Disable Z Axis controls while moving to location.
10/26/2024 09:10:08 [Information] Time remaining: 00:00:01 targetEndTime = 09:10:08
10/26/2024 09:10:08 [Information] Stepper Motor Controller Disable Z Axis controls while moving to location.
10/26/2024 09:10:08 [Information] Time remaining: 00:00:01 targetEndTime = 09:10:08
10/26/2024 09:10:08 [Information] Stepper Motor Controller Disable Z Axis controls while moving to location.
10/26/2024 09:10:08 [Information] Time remaining: 00:00:01 targetEndTime = 09:10:08
10/26/2024 09:10:08 [Information] Stepper Motor Controller Disable Z Axis controls while moving to location.
10/26/2024 09:10:08 [Information] Time remaining: 00:00:01 targetEndTime = 09:10:08
10/26/2024 09:10:08 [Information] Stepper Motor Controller Disable Z Axis controls while moving to location.
10/26/2024 09:10:08 [Information] Time remaining: 00:00:01 targetEndTime = 09:10:08
10/26/2024 09:10:08 [Information] Stepper Motor Controller Disable Z Axis controls while moving to location.
10/26/2024 09:10:08 [Information] Time remaining: 00:00:01 targetEndTime = 09:10:08
10/26/2024 09:10:08 [Information] Stepper Motor Controller Disable Z Axis controls while moving to location.
10/26/2024 09:10:08 [Information] Time remaining: 00:00:01 targetEndTime = 09:10:08
10/26/2024 09:10:08 [Information] Stepper Motor Controller Disable Z Axis controls while moving to location.
10/26/2024 09:10:08 [Information] Time remaining: 00:00:01 targetEndTime = 09:10:08
10/26/2024 09:10:08 [Information] Stepper Motor Controller Disable Z Axis controls while moving to location.
10/26/2024 09:10:08 [Information] Time remaining: 00:00:01 targetEndTime = 09:10:08
10/26/2024 09:10:08 [Information] Stepper Motor Controller Disable Z Axis controls while moving to location.
10/26/2024 09:10:08 [Information] Time remaining: 00:00:01 targetEndTime = 09:10:08
10/26/2024 09:10:08 [Information] Stepper Motor Controller Disable Z Axis controls while moving to location.
10/26/2024 09:10:08 [Information] Time remaining: 00:00:01 targetEndTime = 09:10:08
10/26/2024 09:10:08 [Information] Stepper Motor Controller Disable Z Axis controls while moving to location.
10/26/2024 09:10:08 [Information] Time remaining: 00:00:01 targetEndTime = 09:10:08
10/26/2024 09:10:08 [Information] Stepper Motor Controller Disable Z Axis controls while moving to location.
10/26/2024 09:10:08 [Information] Time remaining: 00:00:01 targetEndTime = 09:10:08
10/26/2024 09:10:08 [Information] Stepper Motor Controller Disable Z Axis controls while moving to location.
10/26/2024 09:10:08 [Information] Time remaining: 00:00:01 targetEndTime = 09:10:08
10/26/2024 09:10:08 [Information] Stepper Motor Controller Disable Z Axis controls while moving to location.
10/26/2024 09:10:08 [Information] Time remaining: 00:00:01 targetEndTime = 09:10:08
10/26/2024 09:10:08 [Information] Stepper Motor Controller Disable Z Axis controls while moving to location.
10/26/2024 09:10:08 [Information] Time remaining: 00:00:01 targetEndTime = 09:10:08
10/26/2024 09:10:08 [Information] Stepper Motor Controller Disable Z Axis controls while moving to location.
10/26/2024 09:10:08 [Information] Time remaining: 00:00:01 targetEndTime = 09:10:08
10/26/2024 09:10:08 [Information] Stepper Motor Controller Disable Z Axis controls while moving to location.
10/26/2024 09:10:08 [Information] Time remaining: 00:00:01 targetEndTime = 09:10:08
10/26/2024 09:10:08 [Information] Stepper Motor Controller Disable Z Axis controls while moving to location.
10/26/2024 09:10:08 [Information] Time remaining: 00:00:01 targetEndTime = 09:10:08
10/26/2024 09:10:08 [Information] Stepper Motor Controller Enable Z Axis controls after moving to location.
10/26/2024 09:10:08 [Information] Stepper Motor Controller Stopwatch Stopped.
10/26/2024 09:10:08 [Information] Stepper Motor Controller Timer Stopped.
10/26/2024 09:10:08 [Information] Stepper Motor Controller Stopwatch Reset.
10/26/2024 09:10:13 [Information] ZAxisRun_Click button clicked:
10/26/2024 09:10:13 [Information] Z Axis negative value: -12.00 converted to positive decimal: 12.00
10/26/2024 09:10:13 [Information] Z Axis MotorMovementSeconds decimal: (12.00 / 4) / 2 = 1.50
10/26/2024 09:10:13 [Information] Z Axis myMovementTimer int: 1000 * 1.50 = 2000
10/26/2024 09:10:14 [Information] Z Axis Run Event: Z,0.00,400.00,0,0.00,400.00,0,-12.00,400.00,0
10/26/2024 09:10:14 [Information] Z Axis Current Time: 09:10:14 + 2000 = targetEndTime: 09:10:16
10/26/2024 09:10:14 [Information] Stepper Motor Controller Disable Z Axis controls while moving to location.
10/26/2024 09:10:14 [Information] Time remaining: 00:00:00 targetEndTime = 09:10:16
10/26/2024 09:10:14 [Information] Stepper Motor Controller Disable Z Axis controls while moving to location.
10/26/2024 09:10:14 [Information] Time remaining: 00:00:00 targetEndTime = 09:10:16
10/26/2024 09:10:14 [Information] Stepper Motor Controller Disable Z Axis controls while moving to location.
10/26/2024 09:10:14 [Information] Time remaining: 00:00:00 targetEndTime = 09:10:16
10/26/2024 09:10:14 [Information] Stepper Motor Controller Disable Z Axis controls while moving to location.
10/26/2024 09:10:14 [Information] Time remaining: 00:00:00 targetEndTime = 09:10:16
10/26/2024 09:10:14 [Information] Stepper Motor Controller Disable Z Axis controls while moving to location.
10/26/2024 09:10:14 [Information] Time remaining: 00:00:00 targetEndTime = 09:10:16
10/26/2024 09:10:14 [Information] Stepper Motor Controller Disable Z Axis controls while moving to location.
10/26/2024 09:10:14 [Information] Time remaining: 00:00:00 targetEndTime = 09:10:16
10/26/2024 09:10:14 [Information] Stepper Motor Controller Disable Z Axis controls while moving to location.
10/26/2024 09:10:14 [Information] Time remaining: 00:00:00 targetEndTime = 09:10:16
10/26/2024 09:10:14 [Information] Stepper Motor Controller Disable Z Axis controls while moving to location.
10/26/2024 09:10:14 [Information] Time remaining: 00:00:00 targetEndTime = 09:10:16
10/26/2024 09:10:14 [Information] Stepper Motor Controller Disable Z Axis controls while moving to location.
10/26/2024 09:10:14 [Information] Time remaining: 00:00:00 targetEndTime = 09:10:16
10/26/2024 09:10:14 [Information] Stepper Motor Controller Disable Z Axis controls while moving to location.
10/26/2024 09:10:14 [Information] Time remaining: 00:00:00 targetEndTime = 09:10:16
10/26/2024 09:10:14 [Information] Stepper Motor Controller Disable Z Axis controls while moving to location.
10/26/2024 09:10:14 [Information] Time remaining: 00:00:00 targetEndTime = 09:10:16
10/26/2024 09:10:14 [Information] Stepper Motor Controller Disable Z Axis controls while moving to location.
10/26/2024 09:10:14 [Information] Time remaining: 00:00:00 targetEndTime = 09:10:16
10/26/2024 09:10:14 [Information] Stepper Motor Controller Disable Z Axis controls while moving to location.
10/26/2024 09:10:14 [Information] Time remaining: 00:00:00 targetEndTime = 09:10:16
10/26/2024 09:10:14 [Information] Stepper Motor Controller Disable Z Axis controls while moving to location.
10/26/2024 09:10:14 [Information] Time remaining: 00:00:00 targetEndTime = 09:10:16
10/26/2024 09:10:14 [Information] Stepper Motor Controller Disable Z Axis controls while moving to location.
10/26/2024 09:10:14 [Information] Time remaining: 00:00:00 targetEndTime = 09:10:16
10/26/2024 09:10:14 [Information] Stepper Motor Controller Disable Z Axis controls while moving to location.
10/26/2024 09:10:14 [Information] Time remaining: 00:00:00 targetEndTime = 09:10:16
10/26/2024 09:10:14 [Information] Stepper Motor Controller Disable Z Axis controls while moving to location.
10/26/2024 09:10:14 [Information] Time remaining: 00:00:00 targetEndTime = 09:10:16
10/26/2024 09:10:14 [Information] Stepper Motor Controller Disable Z Axis controls while moving to location.
10/26/2024 09:10:14 [Information] Time remaining: 00:00:00 targetEndTime = 09:10:16
10/26/2024 09:10:14 [Information] Stepper Motor Controller Disable Z Axis controls while moving to location.
10/26/2024 09:10:14 [Information] Time remaining: 00:00:00 targetEndTime = 09:10:16
10/26/2024 09:10:14 [Information] Stepper Motor Controller Disable Z Axis controls while moving to location.
10/26/2024 09:10:14 [Information] Time remaining: 00:00:00 targetEndTime = 09:10:16
10/26/2024 09:10:14 [Information] Stepper Motor Controller Disable Z Axis controls while moving to location.
10/26/2024 09:10:14 [Information] Time remaining: 00:00:00 targetEndTime = 09:10:16
10/26/2024 09:10:14 [Information] Stepper Motor Controller Disable Z Axis controls while moving to location.
10/26/2024 09:10:14 [Information] Time remaining: 00:00:00 targetEndTime = 09:10:16
10/26/2024 09:10:14 [Information] Stepper Motor Controller Disable Z Axis controls while moving to location.
10/26/2024 09:10:14 [Information] Time remaining: 00:00:00 targetEndTime = 09:10:16
10/26/2024 09:10:14 [Information] Stepper Motor Controller Disable Z Axis controls while moving to location.
10/26/2024 09:10:14 [Information] Time remaining: 00:00:00 targetEndTime = 09:10:16
10/26/2024 09:10:14 [Information] Stepper Motor Controller Disable Z Axis controls while moving to location.
10/26/2024 09:10:14 [Information] Time remaining: 00:00:00 targetEndTime = 09:10:16
10/26/2024 09:10:14 [Information] Stepper Motor Controller Disable Z Axis controls while moving to location.
10/26/2024 09:10:14 [Information] Time remaining: 00:00:00 targetEndTime = 09:10:16
10/26/2024 09:10:14 [Information] Stepper Motor Controller Disable Z Axis controls while moving to location.
10/26/2024 09:10:14 [Information] Time remaining: 00:00:00 targetEndTime = 09:10:16
10/26/2024 09:10:14 [Information] Stepper Motor Controller Disable Z Axis controls while moving to location.
10/26/2024 09:10:14 [Information] Time remaining: 00:00:00 targetEndTime = 09:10:16
10/26/2024 09:10:14 [Information] Stepper Motor Controller Disable Z Axis controls while moving to location.
10/26/2024 09:10:14 [Information] Time remaining: 00:00:00 targetEndTime = 09:10:16
10/26/2024 09:10:14 [Information] Stepper Motor Controller Disable Z Axis controls while moving to location.
10/26/2024 09:10:14 [Information] Time remaining: 00:00:00 targetEndTime = 09:10:16
10/26/2024 09:10:14 [Information] Stepper Motor Controller Disable Z Axis controls while moving to location.
10/26/2024 09:10:14 [Information] Time remaining: 00:00:00 targetEndTime = 09:10:16
10/26/2024 09:10:14 [Information] Stepper Motor Controller Disable Z Axis controls while moving to location.
10/26/2024 09:10:14 [Information] Time remaining: 00:00:00 targetEndTime = 09:10:16
10/26/2024 09:10:14 [Information] Stepper Motor Controller Disable Z Axis controls while moving to location.
10/26/2024 09:10:14 [Information] Time remaining: 00:00:00 targetEndTime = 09:10:16
10/26/2024 09:10:14 [Information] Stepper Motor Controller Disable Z Axis controls while moving to location.
10/26/2024 09:10:14 [Information] Time remaining: 00:00:00 targetEndTime = 09:10:16
10/26/2024 09:10:15 [Information] Stepper Motor Controller Disable Z Axis controls while moving to location.
10/26/2024 09:10:15 [Information] Time remaining: 00:00:00 targetEndTime = 09:10:16
10/26/2024 09:10:15 [Information] Stepper Motor Controller Disable Z Axis controls while moving to location.
10/26/2024 09:10:15 [Information] Time remaining: 00:00:00 targetEndTime = 09:10:16
10/26/2024 09:10:15 [Information] Stepper Motor Controller Disable Z Axis controls while moving to location.
10/26/2024 09:10:15 [Information] Time remaining: 00:00:00 targetEndTime = 09:10:16
10/26/2024 09:10:15 [Information] Stepper Motor Controller Disable Z Axis controls while moving to location.
10/26/2024 09:10:15 [Information] Time remaining: 00:00:00 targetEndTime = 09:10:16
10/26/2024 09:10:15 [Information] Stepper Motor Controller Disable Z Axis controls while moving to location.
10/26/2024 09:10:15 [Information] Time remaining: 00:00:00 targetEndTime = 09:10:16
10/26/2024 09:10:15 [Information] Stepper Motor Controller Disable Z Axis controls while moving to location.
10/26/2024 09:10:15 [Information] Time remaining: 00:00:00 targetEndTime = 09:10:16
10/26/2024 09:10:15 [Information] Stepper Motor Controller Disable Z Axis controls while moving to location.
10/26/2024 09:10:15 [Information] Time remaining: 00:00:00 targetEndTime = 09:10:16
10/26/2024 09:10:15 [Information] Stepper Motor Controller Disable Z Axis controls while moving to location.
10/26/2024 09:10:15 [Information] Time remaining: 00:00:00 targetEndTime = 09:10:16
10/26/2024 09:10:15 [Information] Stepper Motor Controller Disable Z Axis controls while moving to location.
10/26/2024 09:10:15 [Information] Time remaining: 00:00:00 targetEndTime = 09:10:16
10/26/2024 09:10:15 [Information] Stepper Motor Controller Disable Z Axis controls while moving to location.
10/26/2024 09:10:15 [Information] Time remaining: 00:00:00 targetEndTime = 09:10:16
10/26/2024 09:10:15 [Information] Stepper Motor Controller Disable Z Axis controls while moving to location.
10/26/2024 09:10:15 [Information] Time remaining: 00:00:00 targetEndTime = 09:10:16
10/26/2024 09:10:15 [Information] Stepper Motor Controller Disable Z Axis controls while moving to location.
10/26/2024 09:10:15 [Information] Time remaining: 00:00:00 targetEndTime = 09:10:16
10/26/2024 09:10:15 [Information] Stepper Motor Controller Disable Z Axis controls while moving to location.
10/26/2024 09:10:15 [Information] Time remaining: 00:00:00 targetEndTime = 09:10:16
10/26/2024 09:10:15 [Information] Stepper Motor Controller Disable Z Axis controls while moving to location.
10/26/2024 09:10:15 [Information] Time remaining: 00:00:00 targetEndTime = 09:10:16
10/26/2024 09:10:15 [Information] Stepper Motor Controller Disable Z Axis controls while moving to location.
10/26/2024 09:10:15 [Information] Time remaining: 00:00:00 targetEndTime = 09:10:16
10/26/2024 09:10:15 [Information] Stepper Motor Controller Disable Z Axis controls while moving to location.
10/26/2024 09:10:15 [Information] Time remaining: 00:00:00 targetEndTime = 09:10:16
10/26/2024 09:10:15 [Information] Stepper Motor Controller Disable Z Axis controls while moving to location.
10/26/2024 09:10:15 [Information] Time remaining: 00:00:00 targetEndTime = 09:10:16
10/26/2024 09:10:15 [Information] Stepper Motor Controller Disable Z Axis controls while moving to location.
10/26/2024 09:10:15 [Information] Time remaining: 00:00:00 targetEndTime = 09:10:16
10/26/2024 09:10:15 [Information] Stepper Motor Controller Disable Z Axis controls while moving to location.
10/26/2024 09:10:15 [Information] Time remaining: 00:00:00 targetEndTime = 09:10:16
10/26/2024 09:10:15 [Information] Stepper Motor Controller Disable Z Axis controls while moving to location.
10/26/2024 09:10:15 [Information] Time remaining: 00:00:00 targetEndTime = 09:10:16
10/26/2024 09:10:15 [Information] Stepper Motor Controller Disable Z Axis controls while moving to location.
10/26/2024 09:10:15 [Information] Time remaining: 00:00:00 targetEndTime = 09:10:16
10/26/2024 09:10:15 [Information] Stepper Motor Controller Disable Z Axis controls while moving to location.
10/26/2024 09:10:15 [Information] Time remaining: 00:00:00 targetEndTime = 09:10:16
10/26/2024 09:10:15 [Information] Stepper Motor Controller Disable Z Axis controls while moving to location.
10/26/2024 09:10:15 [Information] Time remaining: 00:00:00 targetEndTime = 09:10:16
10/26/2024 09:10:15 [Information] Stepper Motor Controller Disable Z Axis controls while moving to location.
10/26/2024 09:10:15 [Information] Time remaining: 00:00:00 targetEndTime = 09:10:16
10/26/2024 09:10:15 [Information] Stepper Motor Controller Disable Z Axis controls while moving to location.
10/26/2024 09:10:15 [Information] Time remaining: 00:00:00 targetEndTime = 09:10:16
10/26/2024 09:10:15 [Information] Stepper Motor Controller Disable Z Axis controls while moving to location.
10/26/2024 09:10:15 [Information] Time remaining: 00:00:01 targetEndTime = 09:10:16
10/26/2024 09:10:15 [Information] Stepper Motor Controller Disable Z Axis controls while moving to location.
10/26/2024 09:10:15 [Information] Time remaining: 00:00:01 targetEndTime = 09:10:16
10/26/2024 09:10:15 [Information] Stepper Motor Controller Disable Z Axis controls while moving to location.
10/26/2024 09:10:15 [Information] Time remaining: 00:00:01 targetEndTime = 09:10:16
10/26/2024 09:10:15 [Information] Stepper Motor Controller Disable Z Axis controls while moving to location.
10/26/2024 09:10:15 [Information] Time remaining: 00:00:01 targetEndTime = 09:10:16
10/26/2024 09:10:15 [Information] Stepper Motor Controller Disable Z Axis controls while moving to location.
10/26/2024 09:10:15 [Information] Time remaining: 00:00:01 targetEndTime = 09:10:16
10/26/2024 09:10:15 [Information] Stepper Motor Controller Disable Z Axis controls while moving to location.
10/26/2024 09:10:15 [Information] Time remaining: 00:00:01 targetEndTime = 09:10:16
10/26/2024 09:10:15 [Information] Stepper Motor Controller Disable Z Axis controls while moving to location.
10/26/2024 09:10:15 [Information] Time remaining: 00:00:01 targetEndTime = 09:10:16
10/26/2024 09:10:15 [Information] Stepper Motor Controller Disable Z Axis controls while moving to location.
10/26/2024 09:10:15 [Information] Time remaining: 00:00:01 targetEndTime = 09:10:16
10/26/2024 09:10:15 [Information] Stepper Motor Controller Disable Z Axis controls while moving to location.
10/26/2024 09:10:15 [Information] Time remaining: 00:00:01 targetEndTime = 09:10:16
10/26/2024 09:10:15 [Information] Stepper Motor Controller Disable Z Axis controls while moving to location.
10/26/2024 09:10:15 [Information] Time remaining: 00:00:01 targetEndTime = 09:10:16
10/26/2024 09:10:15 [Information] Stepper Motor Controller Disable Z Axis controls while moving to location.
10/26/2024 09:10:15 [Information] Time remaining: 00:00:01 targetEndTime = 09:10:16
10/26/2024 09:10:15 [Information] Stepper Motor Controller Disable Z Axis controls while moving to location.
10/26/2024 09:10:15 [Information] Time remaining: 00:00:01 targetEndTime = 09:10:16
10/26/2024 09:10:15 [Information] Stepper Motor Controller Disable Z Axis controls while moving to location.
10/26/2024 09:10:15 [Information] Time remaining: 00:00:01 targetEndTime = 09:10:16
10/26/2024 09:10:15 [Information] Stepper Motor Controller Disable Z Axis controls while moving to location.
10/26/2024 09:10:15 [Information] Time remaining: 00:00:01 targetEndTime = 09:10:16
10/26/2024 09:10:15 [Information] Stepper Motor Controller Disable Z Axis controls while moving to location.
10/26/2024 09:10:15 [Information] Time remaining: 00:00:01 targetEndTime = 09:10:16
10/26/2024 09:10:15 [Information] Stepper Motor Controller Disable Z Axis controls while moving to location.
10/26/2024 09:10:15 [Information] Time remaining: 00:00:01 targetEndTime = 09:10:16
10/26/2024 09:10:15 [Information] Stepper Motor Controller Disable Z Axis controls while moving to location.
10/26/2024 09:10:15 [Information] Time remaining: 00:00:01 targetEndTime = 09:10:16
10/26/2024 09:10:15 [Information] Stepper Motor Controller Disable Z Axis controls while moving to location.
10/26/2024 09:10:15 [Information] Time remaining: 00:00:01 targetEndTime = 09:10:16
10/26/2024 09:10:15 [Information] Stepper Motor Controller Disable Z Axis controls while moving to location.
10/26/2024 09:10:15 [Information] Time remaining: 00:00:01 targetEndTime = 09:10:16
10/26/2024 09:10:15 [Information] Stepper Motor Controller Disable Z Axis controls while moving to location.
10/26/2024 09:10:15 [Information] Time remaining: 00:00:01 targetEndTime = 09:10:16
10/26/2024 09:10:15 [Information] Stepper Motor Controller Disable Z Axis controls while moving to location.
10/26/2024 09:10:15 [Information] Time remaining: 00:00:01 targetEndTime = 09:10:16
10/26/2024 09:10:15 [Information] Stepper Motor Controller Disable Z Axis controls while moving to location.
10/26/2024 09:10:15 [Information] Time remaining: 00:00:01 targetEndTime = 09:10:16
10/26/2024 09:10:15 [Information] Stepper Motor Controller Disable Z Axis controls while moving to location.
10/26/2024 09:10:15 [Information] Time remaining: 00:00:01 targetEndTime = 09:10:16
10/26/2024 09:10:15 [Information] Stepper Motor Controller Disable Z Axis controls while moving to location.
10/26/2024 09:10:15 [Information] Time remaining: 00:00:01 targetEndTime = 09:10:16
10/26/2024 09:10:15 [Information] Stepper Motor Controller Disable Z Axis controls while moving to location.
10/26/2024 09:10:15 [Information] Time remaining: 00:00:01 targetEndTime = 09:10:16
10/26/2024 09:10:15 [Information] Stepper Motor Controller Disable Z Axis controls while moving to location.
10/26/2024 09:10:15 [Information] Time remaining: 00:00:01 targetEndTime = 09:10:16
10/26/2024 09:10:15 [Information] Stepper Motor Controller Disable Z Axis controls while moving to location.
10/26/2024 09:10:15 [Information] Time remaining: 00:00:01 targetEndTime = 09:10:16
10/26/2024 09:10:15 [Information] Stepper Motor Controller Disable Z Axis controls while moving to location.
10/26/2024 09:10:15 [Information] Time remaining: 00:00:01 targetEndTime = 09:10:16
10/26/2024 09:10:15 [Information] Stepper Motor Controller Disable Z Axis controls while moving to location.
10/26/2024 09:10:15 [Information] Time remaining: 00:00:01 targetEndTime = 09:10:16
10/26/2024 09:10:15 [Information] Stepper Motor Controller Disable Z Axis controls while moving to location.
10/26/2024 09:10:15 [Information] Time remaining: 00:00:01 targetEndTime = 09:10:16
10/26/2024 09:10:15 [Information] Stepper Motor Controller Disable Z Axis controls while moving to location.
10/26/2024 09:10:15 [Information] Time remaining: 00:00:01 targetEndTime = 09:10:16
10/26/2024 09:10:15 [Information] Stepper Motor Controller Disable Z Axis controls while moving to location.
10/26/2024 09:10:15 [Information] Time remaining: 00:00:01 targetEndTime = 09:10:16
10/26/2024 09:10:15 [Information] Stepper Motor Controller Disable Z Axis controls while moving to location.
10/26/2024 09:10:15 [Information] Time remaining: 00:00:01 targetEndTime = 09:10:16
10/26/2024 09:10:15 [Information] Stepper Motor Controller Disable Z Axis controls while moving to location.
10/26/2024 09:10:15 [Information] Time remaining: 00:00:01 targetEndTime = 09:10:16
10/26/2024 09:10:15 [Information] Stepper Motor Controller Disable Z Axis controls while moving to location.
10/26/2024 09:10:15 [Information] Time remaining: 00:00:01 targetEndTime = 09:10:16
10/26/2024 09:10:16 [Information] Stepper Motor Controller Disable Z Axis controls while moving to location.
10/26/2024 09:10:16 [Information] Time remaining: 00:00:01 targetEndTime = 09:10:16
10/26/2024 09:10:16 [Information] Stepper Motor Controller Disable Z Axis controls while moving to location.
10/26/2024 09:10:16 [Information] Time remaining: 00:00:01 targetEndTime = 09:10:16
10/26/2024 09:10:16 [Information] Stepper Motor Controller Disable Z Axis controls while moving to location.
10/26/2024 09:10:16 [Information] Time remaining: 00:00:01 targetEndTime = 09:10:16
10/26/2024 09:10:16 [Information] Stepper Motor Controller Disable Z Axis controls while moving to location.
10/26/2024 09:10:16 [Information] Time remaining: 00:00:01 targetEndTime = 09:10:16
10/26/2024 09:10:16 [Information] Stepper Motor Controller Disable Z Axis controls while moving to location.
10/26/2024 09:10:16 [Information] Time remaining: 00:00:01 targetEndTime = 09:10:16
10/26/2024 09:10:16 [Information] Stepper Motor Controller Disable Z Axis controls while moving to location.
10/26/2024 09:10:16 [Information] Time remaining: 00:00:01 targetEndTime = 09:10:16
10/26/2024 09:10:16 [Information] Stepper Motor Controller Disable Z Axis controls while moving to location.
10/26/2024 09:10:16 [Information] Time remaining: 00:00:01 targetEndTime = 09:10:16
10/26/2024 09:10:16 [Information] Stepper Motor Controller Disable Z Axis controls while moving to location.
10/26/2024 09:10:16 [Information] Time remaining: 00:00:01 targetEndTime = 09:10:16
10/26/2024 09:10:16 [Information] Stepper Motor Controller Disable Z Axis controls while moving to location.
10/26/2024 09:10:16 [Information] Time remaining: 00:00:01 targetEndTime = 09:10:16
10/26/2024 09:10:16 [Information] Stepper Motor Controller Disable Z Axis controls while moving to location.
10/26/2024 09:10:16 [Information] Time remaining: 00:00:01 targetEndTime = 09:10:16
10/26/2024 09:10:16 [Information] Stepper Motor Controller Disable Z Axis controls while moving to location.
10/26/2024 09:10:16 [Information] Time remaining: 00:00:01 targetEndTime = 09:10:16
10/26/2024 09:10:16 [Information] Stepper Motor Controller Disable Z Axis controls while moving to location.
10/26/2024 09:10:16 [Information] Time remaining: 00:00:01 targetEndTime = 09:10:16
10/26/2024 09:10:16 [Information] Stepper Motor Controller Disable Z Axis controls while moving to location.
10/26/2024 09:10:16 [Information] Time remaining: 00:00:01 targetEndTime = 09:10:16
10/26/2024 09:10:16 [Information] Stepper Motor Controller Disable Z Axis controls while moving to location.
10/26/2024 09:10:16 [Information] Time remaining: 00:00:01 targetEndTime = 09:10:16
10/26/2024 09:10:16 [Information] Stepper Motor Controller Disable Z Axis controls while moving to location.
10/26/2024 09:10:16 [Information] Time remaining: 00:00:01 targetEndTime = 09:10:16
10/26/2024 09:10:16 [Information] Stepper Motor Controller Disable Z Axis controls while moving to location.
10/26/2024 09:10:16 [Information] Time remaining: 00:00:01 targetEndTime = 09:10:16
10/26/2024 09:10:16 [Information] Stepper Motor Controller Disable Z Axis controls while moving to location.
10/26/2024 09:10:16 [Information] Time remaining: 00:00:01 targetEndTime = 09:10:16
10/26/2024 09:10:16 [Information] Stepper Motor Controller Disable Z Axis controls while moving to location.
10/26/2024 09:10:16 [Information] Time remaining: 00:00:01 targetEndTime = 09:10:16
10/26/2024 09:10:16 [Information] Stepper Motor Controller Disable Z Axis controls while moving to location.
10/26/2024 09:10:16 [Information] Time remaining: 00:00:01 targetEndTime = 09:10:16
10/26/2024 09:10:16 [Information] Stepper Motor Controller Disable Z Axis controls while moving to location.
10/26/2024 09:10:16 [Information] Time remaining: 00:00:01 targetEndTime = 09:10:16
10/26/2024 09:10:16 [Information] Stepper Motor Controller Disable Z Axis controls while moving to location.
10/26/2024 09:10:16 [Information] Time remaining: 00:00:01 targetEndTime = 09:10:16
10/26/2024 09:10:16 [Information] Stepper Motor Controller Disable Z Axis controls while moving to location.
10/26/2024 09:10:16 [Information] Time remaining: 00:00:01 targetEndTime = 09:10:16
10/26/2024 09:10:16 [Information] Stepper Motor Controller Disable Z Axis controls while moving to location.
10/26/2024 09:10:16 [Information] Time remaining: 00:00:01 targetEndTime = 09:10:16
10/26/2024 09:10:16 [Information] Stepper Motor Controller Disable Z Axis controls while moving to location.
10/26/2024 09:10:16 [Information] Time remaining: 00:00:01 targetEndTime = 09:10:16
10/26/2024 09:10:16 [Information] Stepper Motor Controller Disable Z Axis controls while moving to location.
10/26/2024 09:10:16 [Information] Time remaining: 00:00:01 targetEndTime = 09:10:16
10/26/2024 09:10:16 [Information] Stepper Motor Controller Enable Z Axis controls after moving to location.
10/26/2024 09:10:16 [Information] Stepper Motor Controller Stopwatch Stopped.
10/26/2024 09:10:16 [Information] Stepper Motor Controller Timer Stopped.
10/26/2024 09:10:16 [Information] Stepper Motor Controller Stopwatch Reset.
10/26/2024 09:10:22 [Information] Z Axis mouse controlled Keypad returned: 12.00
10/26/2024 09:10:23 [Information] ZAxisRun_Click button clicked:
10/26/2024 09:10:23 [Information] Z Axis MotorMovementSeconds decimal: (12.00 / 4) / 2 = 1.50
10/26/2024 09:10:23 [Information] Z Axis myMovementTimer int: 1000 * 1.50 = 2000
10/26/2024 09:10:24 [Information] Z Axis Run Event: Z,0.00,400.00,0,0.00,400.00,0,0.00,400.00,0
10/26/2024 09:10:24 [Information] Z Axis Current Time: 09:10:24 + 2000 = targetEndTime: 09:10:26
10/26/2024 09:10:24 [Information] Stepper Motor Controller Disable Z Axis controls while moving to location.
10/26/2024 09:10:24 [Information] Time remaining: 00:00:00 targetEndTime = 09:10:26
10/26/2024 09:10:24 [Information] Stepper Motor Controller Disable Z Axis controls while moving to location.
10/26/2024 09:10:24 [Information] Time remaining: 00:00:00 targetEndTime = 09:10:26
10/26/2024 09:10:24 [Information] Stepper Motor Controller Disable Z Axis controls while moving to location.
10/26/2024 09:10:24 [Information] Time remaining: 00:00:00 targetEndTime = 09:10:26
10/26/2024 09:10:25 [Information] Stepper Motor Controller Disable Z Axis controls while moving to location.
10/26/2024 09:10:25 [Information] Time remaining: 00:00:00 targetEndTime = 09:10:26
10/26/2024 09:10:25 [Information] Stepper Motor Controller Disable Z Axis controls while moving to location.
10/26/2024 09:10:25 [Information] Time remaining: 00:00:00 targetEndTime = 09:10:26
10/26/2024 09:10:25 [Information] Stepper Motor Controller Disable Z Axis controls while moving to location.
10/26/2024 09:10:25 [Information] Time remaining: 00:00:00 targetEndTime = 09:10:26
10/26/2024 09:10:25 [Information] Stepper Motor Controller Disable Z Axis controls while moving to location.
10/26/2024 09:10:25 [Information] Time remaining: 00:00:00 targetEndTime = 09:10:26
10/26/2024 09:10:25 [Information] Stepper Motor Controller Disable Z Axis controls while moving to location.
10/26/2024 09:10:25 [Information] Time remaining: 00:00:00 targetEndTime = 09:10:26
10/26/2024 09:10:25 [Information] Stepper Motor Controller Disable Z Axis controls while moving to location.
10/26/2024 09:10:25 [Information] Time remaining: 00:00:00 targetEndTime = 09:10:26
10/26/2024 09:10:25 [Information] Stepper Motor Controller Disable Z Axis controls while moving to location.
10/26/2024 09:10:25 [Information] Time remaining: 00:00:00 targetEndTime = 09:10:26
10/26/2024 09:10:25 [Information] Stepper Motor Controller Disable Z Axis controls while moving to location.
10/26/2024 09:10:25 [Information] Time remaining: 00:00:00 targetEndTime = 09:10:26
10/26/2024 09:10:25 [Information] Stepper Motor Controller Disable Z Axis controls while moving to location.
10/26/2024 09:10:25 [Information] Time remaining: 00:00:00 targetEndTime = 09:10:26
10/26/2024 09:10:25 [Information] Stepper Motor Controller Disable Z Axis controls while moving to location.
10/26/2024 09:10:25 [Information] Time remaining: 00:00:00 targetEndTime = 09:10:26
10/26/2024 09:10:25 [Information] Stepper Motor Controller Disable Z Axis controls while moving to location.
10/26/2024 09:10:25 [Information] Time remaining: 00:00:00 targetEndTime = 09:10:26
10/26/2024 09:10:25 [Information] Stepper Motor Controller Disable Z Axis controls while moving to location.
10/26/2024 09:10:25 [Information] Time remaining: 00:00:00 targetEndTime = 09:10:26
10/26/2024 09:10:25 [Information] Stepper Motor Controller Disable Z Axis controls while moving to location.
10/26/2024 09:10:25 [Information] Time remaining: 00:00:00 targetEndTime = 09:10:26
10/26/2024 09:10:25 [Information] Stepper Motor Controller Disable Z Axis controls while moving to location.
10/26/2024 09:10:25 [Information] Time remaining: 00:00:00 targetEndTime = 09:10:26
10/26/2024 09:10:25 [Information] Stepper Motor Controller Disable Z Axis controls while moving to location.
10/26/2024 09:10:25 [Information] Time remaining: 00:00:00 targetEndTime = 09:10:26
10/26/2024 09:10:25 [Information] Stepper Motor Controller Disable Z Axis controls while moving to location.
10/26/2024 09:10:25 [Information] Time remaining: 00:00:00 targetEndTime = 09:10:26
10/26/2024 09:10:25 [Information] Stepper Motor Controller Disable Z Axis controls while moving to location.
10/26/2024 09:10:25 [Information] Time remaining: 00:00:00 targetEndTime = 09:10:26
10/26/2024 09:10:25 [Information] Stepper Motor Controller Disable Z Axis controls while moving to location.
10/26/2024 09:10:25 [Information] Time remaining: 00:00:00 targetEndTime = 09:10:26
10/26/2024 09:10:25 [Information] Stepper Motor Controller Disable Z Axis controls while moving to location.
10/26/2024 09:10:25 [Information] Time remaining: 00:00:00 targetEndTime = 09:10:26
10/26/2024 09:10:25 [Information] Stepper Motor Controller Disable Z Axis controls while moving to location.
10/26/2024 09:10:25 [Information] Time remaining: 00:00:00 targetEndTime = 09:10:26
10/26/2024 09:10:25 [Information] Stepper Motor Controller Disable Z Axis controls while moving to location.
10/26/2024 09:10:25 [Information] Time remaining: 00:00:00 targetEndTime = 09:10:26
10/26/2024 09:10:25 [Information] Stepper Motor Controller Disable Z Axis controls while moving to location.
10/26/2024 09:10:25 [Information] Time remaining: 00:00:00 targetEndTime = 09:10:26
10/26/2024 09:10:25 [Information] Stepper Motor Controller Disable Z Axis controls while moving to location.
10/26/2024 09:10:25 [Information] Time remaining: 00:00:00 targetEndTime = 09:10:26
10/26/2024 09:10:25 [Information] Stepper Motor Controller Disable Z Axis controls while moving to location.
10/26/2024 09:10:25 [Information] Time remaining: 00:00:00 targetEndTime = 09:10:26
10/26/2024 09:10:25 [Information] Stepper Motor Controller Disable Z Axis controls while moving to location.
10/26/2024 09:10:25 [Information] Time remaining: 00:00:00 targetEndTime = 09:10:26
10/26/2024 09:10:25 [Information] Stepper Motor Controller Disable Z Axis controls while moving to location.
10/26/2024 09:10:25 [Information] Time remaining: 00:00:00 targetEndTime = 09:10:26
10/26/2024 09:10:25 [Information] Stepper Motor Controller Disable Z Axis controls while moving to location.
10/26/2024 09:10:25 [Information] Time remaining: 00:00:00 targetEndTime = 09:10:26
10/26/2024 09:10:25 [Information] Stepper Motor Controller Disable Z Axis controls while moving to location.
10/26/2024 09:10:25 [Information] Time remaining: 00:00:00 targetEndTime = 09:10:26
10/26/2024 09:10:25 [Information] Stepper Motor Controller Disable Z Axis controls while moving to location.
10/26/2024 09:10:25 [Information] Time remaining: 00:00:00 targetEndTime = 09:10:26
10/26/2024 09:10:25 [Information] Stepper Motor Controller Disable Z Axis controls while moving to location.
10/26/2024 09:10:25 [Information] Time remaining: 00:00:00 targetEndTime = 09:10:26
10/26/2024 09:10:25 [Information] Stepper Motor Controller Disable Z Axis controls while moving to location.
10/26/2024 09:10:25 [Information] Time remaining: 00:00:00 targetEndTime = 09:10:26
10/26/2024 09:10:25 [Information] Stepper Motor Controller Disable Z Axis controls while moving to location.
10/26/2024 09:10:25 [Information] Time remaining: 00:00:00 targetEndTime = 09:10:26
10/26/2024 09:10:25 [Information] Stepper Motor Controller Disable Z Axis controls while moving to location.
10/26/2024 09:10:25 [Information] Time remaining: 00:00:00 targetEndTime = 09:10:26
10/26/2024 09:10:25 [Information] Stepper Motor Controller Disable Z Axis controls while moving to location.
10/26/2024 09:10:25 [Information] Time remaining: 00:00:00 targetEndTime = 09:10:26
10/26/2024 09:10:25 [Information] Stepper Motor Controller Disable Z Axis controls while moving to location.
10/26/2024 09:10:25 [Information] Time remaining: 00:00:00 targetEndTime = 09:10:26
10/26/2024 09:10:25 [Information] Stepper Motor Controller Disable Z Axis controls while moving to location.
10/26/2024 09:10:25 [Information] Time remaining: 00:00:00 targetEndTime = 09:10:26
10/26/2024 09:10:25 [Information] Stepper Motor Controller Disable Z Axis controls while moving to location.
10/26/2024 09:10:25 [Information] Time remaining: 00:00:00 targetEndTime = 09:10:26
10/26/2024 09:10:25 [Information] Stepper Motor Controller Disable Z Axis controls while moving to location.
10/26/2024 09:10:25 [Information] Time remaining: 00:00:00 targetEndTime = 09:10:26
10/26/2024 09:10:25 [Information] Stepper Motor Controller Disable Z Axis controls while moving to location.
10/26/2024 09:10:25 [Information] Time remaining: 00:00:00 targetEndTime = 09:10:26
10/26/2024 09:10:25 [Information] Stepper Motor Controller Disable Z Axis controls while moving to location.
10/26/2024 09:10:25 [Information] Time remaining: 00:00:00 targetEndTime = 09:10:26
10/26/2024 09:10:25 [Information] Stepper Motor Controller Disable Z Axis controls while moving to location.
10/26/2024 09:10:25 [Information] Time remaining: 00:00:00 targetEndTime = 09:10:26
10/26/2024 09:10:25 [Information] Stepper Motor Controller Disable Z Axis controls while moving to location.
10/26/2024 09:10:25 [Information] Time remaining: 00:00:00 targetEndTime = 09:10:26
10/26/2024 09:10:25 [Information] Stepper Motor Controller Disable Z Axis controls while moving to location.
10/26/2024 09:10:25 [Information] Time remaining: 00:00:00 targetEndTime = 09:10:26
10/26/2024 09:10:25 [Information] Stepper Motor Controller Disable Z Axis controls while moving to location.
10/26/2024 09:10:25 [Information] Time remaining: 00:00:00 targetEndTime = 09:10:26
10/26/2024 09:10:25 [Information] Stepper Motor Controller Disable Z Axis controls while moving to location.
10/26/2024 09:10:25 [Information] Time remaining: 00:00:00 targetEndTime = 09:10:26
10/26/2024 09:10:25 [Information] Stepper Motor Controller Disable Z Axis controls while moving to location.
10/26/2024 09:10:25 [Information] Time remaining: 00:00:00 targetEndTime = 09:10:26
10/26/2024 09:10:25 [Information] Stepper Motor Controller Disable Z Axis controls while moving to location.
10/26/2024 09:10:25 [Information] Time remaining: 00:00:00 targetEndTime = 09:10:26
10/26/2024 09:10:25 [Information] Stepper Motor Controller Disable Z Axis controls while moving to location.
10/26/2024 09:10:25 [Information] Time remaining: 00:00:00 targetEndTime = 09:10:26
10/26/2024 09:10:25 [Information] Stepper Motor Controller Disable Z Axis controls while moving to location.
10/26/2024 09:10:25 [Information] Time remaining: 00:00:00 targetEndTime = 09:10:26
10/26/2024 09:10:25 [Information] Stepper Motor Controller Disable Z Axis controls while moving to location.
10/26/2024 09:10:25 [Information] Time remaining: 00:00:00 targetEndTime = 09:10:26
10/26/2024 09:10:25 [Information] Stepper Motor Controller Disable Z Axis controls while moving to location.
10/26/2024 09:10:25 [Information] Time remaining: 00:00:00 targetEndTime = 09:10:26
10/26/2024 09:10:25 [Information] Stepper Motor Controller Disable Z Axis controls while moving to location.
10/26/2024 09:10:25 [Information] Time remaining: 00:00:00 targetEndTime = 09:10:26
10/26/2024 09:10:25 [Information] Stepper Motor Controller Disable Z Axis controls while moving to location.
10/26/2024 09:10:25 [Information] Time remaining: 00:00:00 targetEndTime = 09:10:26
10/26/2024 09:10:25 [Information] Stepper Motor Controller Disable Z Axis controls while moving to location.
10/26/2024 09:10:25 [Information] Time remaining: 00:00:00 targetEndTime = 09:10:26
10/26/2024 09:10:25 [Information] Stepper Motor Controller Disable Z Axis controls while moving to location.
10/26/2024 09:10:25 [Information] Time remaining: 00:00:00 targetEndTime = 09:10:26
10/26/2024 09:10:25 [Information] Stepper Motor Controller Disable Z Axis controls while moving to location.
10/26/2024 09:10:25 [Information] Time remaining: 00:00:01 targetEndTime = 09:10:26
10/26/2024 09:10:25 [Information] Stepper Motor Controller Disable Z Axis controls while moving to location.
10/26/2024 09:10:25 [Information] Time remaining: 00:00:01 targetEndTime = 09:10:26
10/26/2024 09:10:25 [Information] Stepper Motor Controller Disable Z Axis controls while moving to location.
10/26/2024 09:10:25 [Information] Time remaining: 00:00:01 targetEndTime = 09:10:26
10/26/2024 09:10:25 [Information] Stepper Motor Controller Disable Z Axis controls while moving to location.
10/26/2024 09:10:25 [Information] Time remaining: 00:00:01 targetEndTime = 09:10:26
10/26/2024 09:10:25 [Information] Stepper Motor Controller Disable Z Axis controls while moving to location.
10/26/2024 09:10:25 [Information] Time remaining: 00:00:01 targetEndTime = 09:10:26
10/26/2024 09:10:25 [Information] Stepper Motor Controller Disable Z Axis controls while moving to location.
10/26/2024 09:10:25 [Information] Time remaining: 00:00:01 targetEndTime = 09:10:26
10/26/2024 09:10:25 [Information] Stepper Motor Controller Disable Z Axis controls while moving to location.
10/26/2024 09:10:25 [Information] Time remaining: 00:00:01 targetEndTime = 09:10:26
10/26/2024 09:10:26 [Information] Stepper Motor Controller Disable Z Axis controls while moving to location.
10/26/2024 09:10:26 [Information] Time remaining: 00:00:01 targetEndTime = 09:10:26
10/26/2024 09:10:26 [Information] Stepper Motor Controller Disable Z Axis controls while moving to location.
10/26/2024 09:10:26 [Information] Time remaining: 00:00:01 targetEndTime = 09:10:26
10/26/2024 09:10:26 [Information] Stepper Motor Controller Disable Z Axis controls while moving to location.
10/26/2024 09:10:26 [Information] Time remaining: 00:00:01 targetEndTime = 09:10:26
10/26/2024 09:10:26 [Information] Stepper Motor Controller Disable Z Axis controls while moving to location.
10/26/2024 09:10:26 [Information] Time remaining: 00:00:01 targetEndTime = 09:10:26
10/26/2024 09:10:26 [Information] Stepper Motor Controller Disable Z Axis controls while moving to location.
10/26/2024 09:10:26 [Information] Time remaining: 00:00:01 targetEndTime = 09:10:26
10/26/2024 09:10:26 [Information] Stepper Motor Controller Disable Z Axis controls while moving to location.
10/26/2024 09:10:26 [Information] Time remaining: 00:00:01 targetEndTime = 09:10:26
10/26/2024 09:10:26 [Information] Stepper Motor Controller Disable Z Axis controls while moving to location.
10/26/2024 09:10:26 [Information] Time remaining: 00:00:01 targetEndTime = 09:10:26
10/26/2024 09:10:26 [Information] Stepper Motor Controller Disable Z Axis controls while moving to location.
10/26/2024 09:10:26 [Information] Time remaining: 00:00:01 targetEndTime = 09:10:26
10/26/2024 09:10:26 [Information] Stepper Motor Controller Disable Z Axis controls while moving to location.
10/26/2024 09:10:26 [Information] Time remaining: 00:00:01 targetEndTime = 09:10:26
10/26/2024 09:10:26 [Information] Stepper Motor Controller Disable Z Axis controls while moving to location.
10/26/2024 09:10:26 [Information] Time remaining: 00:00:01 targetEndTime = 09:10:26
10/26/2024 09:10:26 [Information] Stepper Motor Controller Disable Z Axis controls while moving to location.
10/26/2024 09:10:26 [Information] Time remaining: 00:00:01 targetEndTime = 09:10:26
10/26/2024 09:10:26 [Information] Stepper Motor Controller Disable Z Axis controls while moving to location.
10/26/2024 09:10:26 [Information] Time remaining: 00:00:01 targetEndTime = 09:10:26
10/26/2024 09:10:26 [Information] Stepper Motor Controller Disable Z Axis controls while moving to location.
10/26/2024 09:10:26 [Information] Time remaining: 00:00:01 targetEndTime = 09:10:26
10/26/2024 09:10:26 [Information] Stepper Motor Controller Disable Z Axis controls while moving to location.
10/26/2024 09:10:26 [Information] Time remaining: 00:00:01 targetEndTime = 09:10:26
10/26/2024 09:10:26 [Information] Stepper Motor Controller Disable Z Axis controls while moving to location.
10/26/2024 09:10:26 [Information] Time remaining: 00:00:01 targetEndTime = 09:10:26
10/26/2024 09:10:26 [Information] Stepper Motor Controller Disable Z Axis controls while moving to location.
10/26/2024 09:10:26 [Information] Time remaining: 00:00:01 targetEndTime = 09:10:26
10/26/2024 09:10:26 [Information] Stepper Motor Controller Disable Z Axis controls while moving to location.
10/26/2024 09:10:26 [Information] Time remaining: 00:00:01 targetEndTime = 09:10:26
10/26/2024 09:10:26 [Information] Stepper Motor Controller Disable Z Axis controls while moving to location.
10/26/2024 09:10:26 [Information] Time remaining: 00:00:01 targetEndTime = 09:10:26
10/26/2024 09:10:26 [Information] Stepper Motor Controller Disable Z Axis controls while moving to location.
10/26/2024 09:10:26 [Information] Time remaining: 00:00:01 targetEndTime = 09:10:26
10/26/2024 09:10:26 [Information] Stepper Motor Controller Disable Z Axis controls while moving to location.
10/26/2024 09:10:26 [Information] Time remaining: 00:00:01 targetEndTime = 09:10:26
10/26/2024 09:10:26 [Information] Stepper Motor Controller Disable Z Axis controls while moving to location.
10/26/2024 09:10:26 [Information] Time remaining: 00:00:01 targetEndTime = 09:10:26
10/26/2024 09:10:26 [Information] Stepper Motor Controller Disable Z Axis controls while moving to location.
10/26/2024 09:10:26 [Information] Time remaining: 00:00:01 targetEndTime = 09:10:26
10/26/2024 09:10:26 [Information] Stepper Motor Controller Disable Z Axis controls while moving to location.
10/26/2024 09:10:26 [Information] Time remaining: 00:00:01 targetEndTime = 09:10:26
10/26/2024 09:10:26 [Information] Stepper Motor Controller Disable Z Axis controls while moving to location.
10/26/2024 09:10:26 [Information] Time remaining: 00:00:01 targetEndTime = 09:10:26
10/26/2024 09:10:26 [Information] Stepper Motor Controller Disable Z Axis controls while moving to location.
10/26/2024 09:10:26 [Information] Time remaining: 00:00:01 targetEndTime = 09:10:26
10/26/2024 09:10:26 [Information] Stepper Motor Controller Disable Z Axis controls while moving to location.
10/26/2024 09:10:26 [Information] Time remaining: 00:00:01 targetEndTime = 09:10:26
10/26/2024 09:10:26 [Information] Stepper Motor Controller Disable Z Axis controls while moving to location.
10/26/2024 09:10:26 [Information] Time remaining: 00:00:01 targetEndTime = 09:10:26
10/26/2024 09:10:26 [Information] Stepper Motor Controller Disable Z Axis controls while moving to location.
10/26/2024 09:10:26 [Information] Time remaining: 00:00:01 targetEndTime = 09:10:26
10/26/2024 09:10:26 [Information] Stepper Motor Controller Disable Z Axis controls while moving to location.
10/26/2024 09:10:26 [Information] Time remaining: 00:00:01 targetEndTime = 09:10:26
10/26/2024 09:10:26 [Information] Stepper Motor Controller Disable Z Axis controls while moving to location.
10/26/2024 09:10:26 [Information] Time remaining: 00:00:01 targetEndTime = 09:10:26
10/26/2024 09:10:26 [Information] Stepper Motor Controller Disable Z Axis controls while moving to location.
10/26/2024 09:10:26 [Information] Time remaining: 00:00:01 targetEndTime = 09:10:26
10/26/2024 09:10:26 [Information] Stepper Motor Controller Disable Z Axis controls while moving to location.
10/26/2024 09:10:26 [Information] Time remaining: 00:00:01 targetEndTime = 09:10:26
10/26/2024 09:10:26 [Information] Stepper Motor Controller Disable Z Axis controls while moving to location.
10/26/2024 09:10:26 [Information] Time remaining: 00:00:01 targetEndTime = 09:10:26
10/26/2024 09:10:26 [Information] Stepper Motor Controller Disable Z Axis controls while moving to location.
10/26/2024 09:10:26 [Information] Time remaining: 00:00:01 targetEndTime = 09:10:26
10/26/2024 09:10:26 [Information] Stepper Motor Controller Disable Z Axis controls while moving to location.
10/26/2024 09:10:26 [Information] Time remaining: 00:00:01 targetEndTime = 09:10:26
10/26/2024 09:10:26 [Information] Stepper Motor Controller Disable Z Axis controls while moving to location.
10/26/2024 09:10:26 [Information] Time remaining: 00:00:01 targetEndTime = 09:10:26
10/26/2024 09:10:26 [Information] Stepper Motor Controller Disable Z Axis controls while moving to location.
10/26/2024 09:10:26 [Information] Time remaining: 00:00:01 targetEndTime = 09:10:26
10/26/2024 09:10:26 [Information] Stepper Motor Controller Disable Z Axis controls while moving to location.
10/26/2024 09:10:26 [Information] Time remaining: 00:00:01 targetEndTime = 09:10:26
10/26/2024 09:10:26 [Information] Stepper Motor Controller Disable Z Axis controls while moving to location.
10/26/2024 09:10:26 [Information] Time remaining: 00:00:01 targetEndTime = 09:10:26
10/26/2024 09:10:26 [Information] Stepper Motor Controller Disable Z Axis controls while moving to location.
10/26/2024 09:10:26 [Information] Time remaining: 00:00:01 targetEndTime = 09:10:26
10/26/2024 09:10:26 [Information] Stepper Motor Controller Disable Z Axis controls while moving to location.
10/26/2024 09:10:26 [Information] Time remaining: 00:00:01 targetEndTime = 09:10:26
10/26/2024 09:10:26 [Information] Stepper Motor Controller Disable Z Axis controls while moving to location.
10/26/2024 09:10:26 [Information] Time remaining: 00:00:01 targetEndTime = 09:10:26
10/26/2024 09:10:26 [Information] Stepper Motor Controller Disable Z Axis controls while moving to location.
10/26/2024 09:10:26 [Information] Time remaining: 00:00:01 targetEndTime = 09:10:26
10/26/2024 09:10:26 [Information] Stepper Motor Controller Disable Z Axis controls while moving to location.
10/26/2024 09:10:26 [Information] Time remaining: 00:00:01 targetEndTime = 09:10:26
10/26/2024 09:10:26 [Information] Stepper Motor Controller Disable Z Axis controls while moving to location.
10/26/2024 09:10:26 [Information] Time remaining: 00:00:01 targetEndTime = 09:10:26
10/26/2024 09:10:26 [Information] Stepper Motor Controller Disable Z Axis controls while moving to location.
10/26/2024 09:10:26 [Information] Time remaining: 00:00:01 targetEndTime = 09:10:26
10/26/2024 09:10:26 [Information] Stepper Motor Controller Disable Z Axis controls while moving to location.
10/26/2024 09:10:26 [Information] Time remaining: 00:00:01 targetEndTime = 09:10:26
10/26/2024 09:10:26 [Information] Stepper Motor Controller Disable Z Axis controls while moving to location.
10/26/2024 09:10:26 [Information] Time remaining: 00:00:01 targetEndTime = 09:10:26
10/26/2024 09:10:26 [Information] Stepper Motor Controller Disable Z Axis controls while moving to location.
10/26/2024 09:10:26 [Information] Time remaining: 00:00:01 targetEndTime = 09:10:26
10/26/2024 09:10:26 [Information] Stepper Motor Controller Disable Z Axis controls while moving to location.
10/26/2024 09:10:26 [Information] Time remaining: 00:00:01 targetEndTime = 09:10:26
10/26/2024 09:10:26 [Information] Stepper Motor Controller Disable Z Axis controls while moving to location.
10/26/2024 09:10:26 [Information] Time remaining: 00:00:01 targetEndTime = 09:10:26
10/26/2024 09:10:26 [Information] Stepper Motor Controller Disable Z Axis controls while moving to location.
10/26/2024 09:10:26 [Information] Time remaining: 00:00:01 targetEndTime = 09:10:26
10/26/2024 09:10:26 [Information] Stepper Motor Controller Disable Z Axis controls while moving to location.
10/26/2024 09:10:26 [Information] Time remaining: 00:00:01 targetEndTime = 09:10:26
10/26/2024 09:10:26 [Information] Stepper Motor Controller Disable Z Axis controls while moving to location.
10/26/2024 09:10:26 [Information] Time remaining: 00:00:01 targetEndTime = 09:10:26
10/26/2024 09:10:26 [Information] Stepper Motor Controller Enable Z Axis controls after moving to location.
10/26/2024 09:10:26 [Information] Stepper Motor Controller Stopwatch Stopped.
10/26/2024 09:10:26 [Information] Stepper Motor Controller Timer Stopped.
10/26/2024 09:10:26 [Information] Stepper Motor Controller Stopwatch Reset.
10/26/2024 09:10:33 [Information] Stepper Motor Controller MainWindow Closing.
10/26/2024 09:10:33 [Information] Stepper Motor Controller Serial Ports closed.
10/26/2024 09:10:33 [Information] Properties Settings Saved.
10/26/2024 09:10:33 [Information] Properties Settings Form Closed.
10/26/2024 09:10:33 [Information] Stepper Motor Controller Form Closed.
