11/13/2024 18:25:50 [Information] Stepper Motor Controller Application Started.
11/13/2024 18:25:50 [Information] Version: 3.0.9083.33169 (11/13/2024 18:25:50)
11/13/2024 18:25:50 [Information] SerialPort COM7 not connected.
11/13/2024 18:25:50 [Information] SerialPort COM8 not connected.
11/13/2024 18:25:50 [Information] SerialPort COM3 not connected.
11/13/2024 18:25:50 [Information] Stepper Motor Controller Application Started.
11/13/2024 18:25:50 [Information] Version: 3.0.9083.33169 (11/13/2024 18:25:50)
11/13/2024 18:25:50 [Information] Version: 3.1.0.33170 (11/13/2024 18:25:50)
11/13/2024 18:25:50 [Information] Version: 3.1.0.33170 (11/13/2024 18:25:50)
11/13/2024 18:25:50 [Information] Stepper Motor Controller Application Settings Window Opened.
11/13/2024 18:25:50 [Information] Stepper Motor Controller Application Settings form is rebuilt each and every time it is opened.
11/13/2024 18:25:50 [Information] int: 9600 BaudRate added to the Settings Form.
11/13/2024 18:25:50 [Information] bool: False ckbXaxisResetToZeroIsChecked added to the Settings Form.
11/13/2024 18:25:50 [Information] bool: False ckbYaxisResetToZeroIsChecked added to the Settings Form.
11/13/2024 18:25:50 [Information] bool: False ckbZaxisResetToZeroIsChecked added to the Settings Form.
11/13/2024 18:25:50 [Information] COM1: ComPort added to the Settings Form.
11/13/2024 18:25:50 [Information] COM2: ComPort added to the Settings Form.
11/13/2024 18:25:50 [Information] COM3: ComPort added to the Settings Form.
11/13/2024 18:25:50 [Information] COM4: ComPort added to the Settings Form.
11/13/2024 18:25:50 [Information] COM5: ComPort added to the Settings Form.
11/13/2024 18:25:50 [Information] COM6: ComPort added to the Settings Form.
11/13/2024 18:25:51 [Information] COM7: ComPort added to the Settings Form.
11/13/2024 18:25:51 [Information] COM8: ComPort added to the Settings Form.
11/13/2024 18:25:51 [Information] COM9: ComPort added to the Settings Form.
11/13/2024 18:25:51 [Information] COM10: ComPort added to the Settings Form.
11/13/2024 18:25:51 [Information] decimal: 4.00 Divider4_00 added to the Settings Form.
11/13/2024 18:25:51 [Information] decimal: 0.00 MathPart2Initlz added to the Settings Form.
11/13/2024 18:25:51 [Information] decimal: 1.00 MilisecondTimerInterval added to the Settings Form.
11/13/2024 18:25:51 [Information] decimal: 1000.00 MillisecondDelay added to the Settings Form.
11/13/2024 18:25:51 [Information] int: 1000 Milliseconds added to the Settings Form.
11/13/2024 18:25:51 [Information] int: 4 mmPerRevolution added to the Settings Form.
11/13/2024 18:25:51 [Information] int: 2000 ThreadSleep added to the Settings Form.
11/13/2024 18:25:51 [Information] decimal: 0.00 Value_0_00 added to the Settings Form.
11/13/2024 18:25:51 [Information] decimal: 50.00 XaxisAcceleration added to the Settings Form.
11/13/2024 18:25:51 [Information] bool: False XaxisChanged added to the Settings Form.
11/13/2024 18:25:51 [Information] decimal: 400.00 XaxisMotorSpeed added to the Settings Form.
11/13/2024 18:25:51 [Information] decimal: 0.00 XaxisStepperCurrent added to the Settings Form.
11/13/2024 18:25:51 [Information] decimal: 0.00 XaxisStepperMove added to the Settings Form.
11/13/2024 18:25:51 [Information] XCOM1: XComPort added to the Settings Form.
11/13/2024 18:25:51 [Information] XCOM2: XComPort added to the Settings Form.
11/13/2024 18:25:51 [Information] XCOM3: XComPort added to the Settings Form.
11/13/2024 18:25:51 [Information] XCOM4: XComPort added to the Settings Form.
11/13/2024 18:25:51 [Information] XCOM5: XComPort added to the Settings Form.
11/13/2024 18:25:51 [Information] XCOM6: XComPort added to the Settings Form.
11/13/2024 18:25:51 [Information] XCOM7: XComPort added to the Settings Form.
11/13/2024 18:25:51 [Information] XCOM8: XComPort added to the Settings Form.
11/13/2024 18:25:51 [Information] XCOM9: XComPort added to the Settings Form.
11/13/2024 18:25:51 [Information] XCOM10: XComPort added to the Settings Form.
11/13/2024 18:25:51 [Information] decimal: 50.00 YaxisAcceleration added to the Settings Form.
11/13/2024 18:25:51 [Information] bool: False YaxisChanged added to the Settings Form.
11/13/2024 18:25:51 [Information] decimal: 400.00 YaxisMotorSpeed added to the Settings Form.
11/13/2024 18:25:51 [Information] decimal: 0.00 YaxisStepperCurrent added to the Settings Form.
11/13/2024 18:25:51 [Information] decimal: 0.00 YaxisStepperMove added to the Settings Form.
11/13/2024 18:25:51 [Information] YCOM1: YComPort added to the Settings Form.
11/13/2024 18:25:51 [Information] YCOM2: YComPort added to the Settings Form.
11/13/2024 18:25:51 [Information] YCOM3: YComPort added to the Settings Form.
11/13/2024 18:25:51 [Information] YCOM4: YComPort added to the Settings Form.
11/13/2024 18:25:51 [Information] YCOM5: YComPort added to the Settings Form.
11/13/2024 18:25:51 [Information] YCOM6: YComPort added to the Settings Form.
11/13/2024 18:25:51 [Information] YCOM7: YComPort added to the Settings Form.
11/13/2024 18:25:51 [Information] YCOM8: YComPort added to the Settings Form.
11/13/2024 18:25:51 [Information] YCOM9: YComPort added to the Settings Form.
11/13/2024 18:25:51 [Information] YCOM10: YComPort added to the Settings Form.
11/13/2024 18:25:51 [Information] decimal: 50.00 ZaxisAcceleration added to the Settings Form.
11/13/2024 18:25:51 [Information] bool: False ZaxisChanged added to the Settings Form.
11/13/2024 18:25:51 [Information] decimal: 400.00 ZaxisMotorSpeed added to the Settings Form.
11/13/2024 18:25:51 [Information] decimal: 0.00 ZaxisStepperCurrent added to the Settings Form.
11/13/2024 18:25:51 [Information] decimal: 0.00 ZaxisStepperMove added to the Settings Form.
11/13/2024 18:25:51 [Information] ZCOM1: ZComPort added to the Settings Form.
11/13/2024 18:25:51 [Information] ZCOM2: ZComPort added to the Settings Form.
11/13/2024 18:25:51 [Information] ZCOM3: ZComPort added to the Settings Form.
11/13/2024 18:25:51 [Information] ZCOM4: ZComPort added to the Settings Form.
11/13/2024 18:25:51 [Information] ZCOM5: ZComPort added to the Settings Form.
11/13/2024 18:25:51 [Information] ZCOM6: ZComPort added to the Settings Form.
11/13/2024 18:25:51 [Information] ZCOM7: ZComPort added to the Settings Form.
11/13/2024 18:25:51 [Information] ZCOM8: ZComPort added to the Settings Form.
11/13/2024 18:25:51 [Information] ZCOM9: ZComPort added to the Settings Form.
11/13/2024 18:25:51 [Information] ZCOM10: ZComPort added to the Settings Form.
11/13/2024 18:25:51 [Information] int: 0 zeroXaxis added to the Settings Form.
11/13/2024 18:25:51 [Information] int: 0 zeroYaxis added to the Settings Form.
11/13/2024 18:25:51 [Information] int: 0 zeroZaxis added to the Settings Form.
11/13/2024 18:25:51 [Information] Stepper Motor Controller MainWindow loaded
11/13/2024 18:25:51 [Information] Set MainWindow Media Brushes to White.
11/13/2024 18:25:59 [Information] Z Axis Port COM3 not connected.
11/13/2024 18:26:02 [Information] Stepper Motor Controller Loading Application Settings form.
11/13/2024 18:26:07 [Information] Stepper Motor Controller Application Settings Saved after control lost focus.
11/13/2024 18:26:07 [Information] ZComPort: values for ZComPort Saved to the Settings.
11/13/2024 18:26:08 [Information] Stepper Motor Controller Application Settings Saved after control lost focus.
11/13/2024 18:26:08 [Information] ZComPort: values for ZComPort Saved to the Settings.
11/13/2024 18:26:08 [Information] Stepper Motor Controller Application Settings Saved after control lost focus.
11/13/2024 18:26:08 [Information] ZComPort: values for ZComPort Saved to the Settings.
11/13/2024 18:26:08 [Information] Stepper Motor Controller Application Settings Saved after control lost focus.
11/13/2024 18:26:08 [Information] ZComPort: values for ZComPort Saved to the Settings.
11/13/2024 18:26:08 [Information] Stepper Motor Controller Application Settings Saved after control lost focus.
11/13/2024 18:26:08 [Information] ZComPort: values for ZComPort Saved to the Settings.
11/13/2024 18:26:08 [Information] Stepper Motor Controller Application Settings Saved after control lost focus.
11/13/2024 18:26:08 [Information] ZComPort: values for ZComPort Saved to the Settings.
11/13/2024 18:26:08 [Information] Stepper Motor Controller Application Settings Saved after control lost focus.
11/13/2024 18:26:08 [Information] ZComPort: values for ZComPort Saved to the Settings.
11/13/2024 18:26:08 [Information] Stepper Motor Controller Application Settings Saved after control lost focus.
11/13/2024 18:26:08 [Information] ZComPort: values for ZComPort Saved to the Settings.
11/13/2024 18:26:08 [Information] Stepper Motor Controller Application Settings Saved after control lost focus.
11/13/2024 18:26:08 [Information] ZComPort: values for ZComPort Saved to the Settings.
11/13/2024 18:26:08 [Information] Stepper Motor Controller Application Settings Saved after control lost focus.
11/13/2024 18:26:08 [Information] ZComPort: values for ZComPort Saved to the Settings.
11/13/2024 18:26:08 [Information] Stepper Motor Controller Application Settings Saved after control lost focus.
11/13/2024 18:26:08 [Information] ZComPort: values for ZComPort Saved to the Settings.
11/13/2024 18:26:09 [Information] Stepper Motor Controller Application Settings Saved after control lost focus.
11/13/2024 18:26:09 [Information] ZComPort: values for ZComPort Saved to the Settings.
11/13/2024 18:26:11 [Information] Stepper Motor Controller Application Settings Saved after control lost focus.
11/13/2024 18:26:11 [Information] ZComPort: values for ZComPort Saved to the Settings.
11/13/2024 18:26:11 [Information] Stepper Motor Controller Application Settings Saved.
11/13/2024 18:26:19 [Information] Z Axis mouse controlled Keypad returned: 4.00
11/13/2024 18:26:20 [Information] Z Axis Run button clicked:
11/13/2024 18:26:31 [Information] Z Axis MotorMovementSeconds decimal: (4.00 / 4) / 2 = 0.50
11/13/2024 18:26:35 [Information] Z Axis Run Event: Z,0.00,400.00,0,0.00,400.00,0,4.00,400.00,0
11/13/2024 18:26:35 [Information] Z Axis Current Time: 06:26:35 + 0 = 06:26:35
11/13/2024 18:26:35 [Information] Stepper Motor Controller Enable Z Axis controls after moving to location.
11/13/2024 18:26:35 [Information] Stepper Motor Controller Stopwatch Stopped.
11/13/2024 18:26:35 [Information] Stepper Motor Controller Timer Stopped.
11/13/2024 18:26:35 [Information] Stepper Motor Controller Stopwatch Reset.
11/13/2024 18:26:36 [Information] Z Axis Data Received: ???????????????????????????????????????????????????????????????? Axis Absolute Position 200.00
?
11/13/2024 18:26:36 [Information] Z Axis Data Received: 
11/13/2024 18:26:36 [Information] Z Axis Data Received: 
11/13/2024 18:26:39 [Information] Z Axis Run button clicked:
11/13/2024 18:26:39 [Information] Z Axis MotorMovementSeconds decimal: (4.00 / 4) / 2 = 0.50
11/13/2024 18:26:40 [Information] Z Axis Run Event: Z,0.00,400.00,0,0.00,400.00,0,4.00,400.00,0
11/13/2024 18:26:40 [Information] Z Axis Current Time: 06:26:40 + 0 = 06:26:40
11/13/2024 18:26:40 [Information] Z Axis Data Received: V
11/13/2024 18:26:40 [Information] Z Axis Data Received: 
11/13/2024 18:26:40 [Information] Z Axis Data Received: 
11/13/2024 18:26:40 [Information] Z Axis Data Received: M
11/13/2024 18:26:40 [Information] Z Axis Data Received: 
11/13/2024 18:26:40 [Information] Z Axis Data Received: 
11/13/2024 18:26:40 [Information] Z Axis Data Received: D
11/13/2024 18:26:40 [Information] Z Axis Data Received: 
11/13/2024 18:26:40 [Information] Z Axis Data Received: 
11/13/2024 18:26:40 [Information] Z Axis Data Received: P
11/13/2024 18:26:40 [Information] Z Axis Data Received: 
11/13/2024 18:26:40 [Information] Z Axis Data Received: 
11/13/2024 18:26:40 [Information] Z Axis Data Received: V
11/13/2024 18:26:40 [Information] Z Axis Data Received: 
11/13/2024 18:26:40 [Information] Z Axis Data Received: 
11/13/2024 18:26:40 [Information] Z Axis Data Received: _
11/13/2024 18:26:40 [Information] Z Axis Data Received: 
11/13/2024 18:26:40 [Information] Z Axis Data Received: 
11/13/2024 18:26:40 [Information] Z Axis Data Received: 1
11/13/2024 18:26:40 [Information] Z Axis Data Received: 
11/13/2024 18:26:40 [Information] Z Axis Data Received: 
11/13/2024 18:26:40 [Information] Z Axis Data Received: |
11/13/2024 18:26:40 [Information] Z Axis Data Received: 
11/13/2024 18:26:40 [Information] Z Axis Data Received: 
11/13/2024 18:26:40 [Information] Z Axis Data Received: 1
11/13/2024 18:26:40 [Information] Z Axis Data Received: 
11/13/2024 18:26:40 [Information] Z Axis Data Received: 
11/13/2024 18:26:40 [Information] Z Axis Data Received: _
11/13/2024 18:26:40 [Information] Z Axis Data Received: 
11/13/2024 18:26:40 [Information] Z Axis Data Received: 
11/13/2024 18:26:40 [Information] Z Axis Data Received: V
11/13/2024 18:26:40 [Information] Z Axis Data Received: 
11/13/2024 18:26:40 [Information] Z Axis Data Received: 
11/13/2024 18:26:40 [Information] Z Axis Data Received: M
11/13/2024 18:26:40 [Information] Z Axis Data Received: 
11/13/2024 18:26:40 [Information] Z Axis Data Received: 
11/13/2024 18:26:40 [Information] Z Axis Data Received: D
11/13/2024 18:26:40 [Information] Z Axis Data Received: 
11/13/2024 18:26:40 [Information] Z Axis Data Received: 
11/13/2024 18:26:40 [Information] Z Axis Data Received: P
11/13/2024 18:26:40 [Information] Z Axis Data Received: 
11/13/2024 18:26:40 [Information] Z Axis Data Received: 
11/13/2024 18:26:40 [Information] Z Axis Data Received: V
11/13/2024 18:26:40 [Information] Z Axis Data Received: 
11/13/2024 18:26:40 [Information] Z Axis Data Received: 
11/13/2024 18:26:40 [Information] Z Axis Data Received: 

11/13/2024 18:26:40 [Information] Z Axis Data Received: 
11/13/2024 18:26:40 [Information] Z Axis Data Received: 
11/13/2024 18:26:40 [Information] Z Axis Data Received: V
11/13/2024 18:26:40 [Information] Z Axis Data Received: 
11/13/2024 18:26:40 [Information] Z Axis Data Received: 
11/13/2024 18:26:40 [Information] Z Axis Data Received: M
11/13/2024 18:26:40 [Information] Z Axis Data Received: 
11/13/2024 18:26:40 [Information] Z Axis Data Received: 
11/13/2024 18:26:40 [Information] Z Axis Data Received: D
11/13/2024 18:26:40 [Information] Z Axis Data Received: 
11/13/2024 18:26:40 [Information] Z Axis Data Received: 
11/13/2024 18:26:40 [Information] Z Axis Data Received: P
11/13/2024 18:26:40 [Information] Z Axis Data Received: 
11/13/2024 18:26:40 [Information] Z Axis Data Received: 
11/13/2024 18:26:40 [Information] Z Axis Data Received: R
11/13/2024 18:26:40 [Information] Z Axis Data Received: 
11/13/2024 18:26:40 [Information] Z Axis Data Received: 
11/13/2024 18:26:40 [Information] Z Axis Data Received: _
11/13/2024 18:26:40 [Information] Z Axis Data Received: 
11/13/2024 18:26:40 [Information] Z Axis Data Received: 
11/13/2024 18:26:40 [Information] Stepper Motor Controller Enable Z Axis controls after moving to location.
11/13/2024 18:26:40 [Information] Stepper Motor Controller Stopwatch Stopped.
11/13/2024 18:26:40 [Information] Stepper Motor Controller Timer Stopped.
11/13/2024 18:26:40 [Information] Stepper Motor Controller Stopwatch Reset.
11/13/2024 18:26:44 [Information] Z Axis Run button clicked:
11/13/2024 18:26:44 [Information] Z Axis MotorMovementSeconds decimal: (4.00 / 4) / 2 = 0.50
11/13/2024 18:26:45 [Information] Z Axis Run Event: Z,0.00,400.00,0,0.00,400.00,0,4.00,400.00,0
11/13/2024 18:26:45 [Information] Z Axis Current Time: 06:26:45 + 0 = 06:26:45
11/13/2024 18:26:45 [Information] Stepper Motor Controller Enable Z Axis controls after moving to location.
11/13/2024 18:26:45 [Information] Stepper Motor Controller Stopwatch Stopped.
11/13/2024 18:26:45 [Information] Stepper Motor Controller Timer Stopped.
11/13/2024 18:26:45 [Information] Stepper Motor Controller Stopwatch Reset.
11/13/2024 18:26:45 [Information] Z Axis Data Received: Z
11/13/2024 18:26:45 [Information] Z Axis Data Received: 
11/13/2024 18:26:45 [Information] Z Axis Data Received:  
11/13/2024 18:26:45 [Information] Z Axis Data Received: A
11/13/2024 18:26:45 [Information] Z Axis Data Received: 
11/13/2024 18:26:45 [Information] Z Axis Data Received: 
11/13/2024 18:26:45 [Information] Z Axis Data Received: x
11/13/2024 18:26:45 [Information] Z Axis Data Received: 
11/13/2024 18:26:45 [Information] Z Axis Data Received: i
11/13/2024 18:26:45 [Information] Z Axis Data Received: s
11/13/2024 18:26:45 [Information] Z Axis Data Received: 
11/13/2024 18:26:45 [Information] Z Axis Data Received: 
11/13/2024 18:26:45 [Information] Z Axis Data Received:  
11/13/2024 18:26:45 [Information] Z Axis Data Received: 
11/13/2024 18:26:45 [Information] Z Axis Data Received: 
11/13/2024 18:26:45 [Information] Z Axis Data Received: A
11/13/2024 18:26:45 [Information] Z Axis Data Received: 
11/13/2024 18:26:45 [Information] Z Axis Data Received: 
11/13/2024 18:26:45 [Information] Z Axis Data Received: b
11/13/2024 18:26:45 [Information] Z Axis Data Received: 
11/13/2024 18:26:45 [Information] Z Axis Data Received: 
11/13/2024 18:26:45 [Information] Z Axis Data Received: s
11/13/2024 18:26:45 [Information] Z Axis Data Received: 
11/13/2024 18:26:45 [Information] Z Axis Data Received: 
11/13/2024 18:26:45 [Information] Z Axis Data Received: o
11/13/2024 18:26:45 [Information] Z Axis Data Received: 
11/13/2024 18:26:45 [Information] Z Axis Data Received: 
11/13/2024 18:26:45 [Information] Z Axis Data Received: l
11/13/2024 18:26:45 [Information] Z Axis Data Received: 
11/13/2024 18:26:45 [Information] Z Axis Data Received: 
11/13/2024 18:26:45 [Information] Z Axis Data Received: u
11/13/2024 18:26:45 [Information] Z Axis Data Received: 
11/13/2024 18:26:45 [Information] Z Axis Data Received: 
11/13/2024 18:26:45 [Information] Z Axis Data Received: t
11/13/2024 18:26:45 [Information] Z Axis Data Received: 
11/13/2024 18:26:45 [Information] Z Axis Data Received: 
11/13/2024 18:26:45 [Information] Z Axis Data Received: e
11/13/2024 18:26:45 [Information] Z Axis Data Received: 
11/13/2024 18:26:45 [Information] Z Axis Data Received: 
11/13/2024 18:26:45 [Information] Z Axis Data Received:  
11/13/2024 18:26:45 [Information] Z Axis Data Received: 
11/13/2024 18:26:45 [Information] Z Axis Data Received: 
11/13/2024 18:26:45 [Information] Z Axis Data Received: P
11/13/2024 18:26:45 [Information] Z Axis Data Received: 
11/13/2024 18:26:45 [Information] Z Axis Data Received: 
11/13/2024 18:26:45 [Information] Z Axis Data Received: o
11/13/2024 18:26:45 [Information] Z Axis Data Received: 
11/13/2024 18:26:45 [Information] Z Axis Data Received: 
11/13/2024 18:26:45 [Information] Z Axis Data Received: s
11/13/2024 18:26:45 [Information] Z Axis Data Received: 
11/13/2024 18:26:45 [Information] Z Axis Data Received: 
11/13/2024 18:26:45 [Information] Z Axis Data Received: i
11/13/2024 18:26:45 [Information] Z Axis Data Received: 
11/13/2024 18:26:45 [Information] Z Axis Data Received: 
11/13/2024 18:26:45 [Information] Z Axis Data Received: t
11/13/2024 18:26:45 [Information] Z Axis Data Received: 
11/13/2024 18:26:45 [Information] Z Axis Data Received: 
11/13/2024 18:26:45 [Information] Z Axis Data Received: i
11/13/2024 18:26:45 [Information] Z Axis Data Received: 
11/13/2024 18:26:45 [Information] Z Axis Data Received: 
11/13/2024 18:26:45 [Information] Z Axis Data Received: o
11/13/2024 18:26:45 [Information] Z Axis Data Received: 
11/13/2024 18:26:45 [Information] Z Axis Data Received: 
11/13/2024 18:26:45 [Information] Z Axis Data Received: n
11/13/2024 18:26:45 [Information] Z Axis Data Received: 
11/13/2024 18:26:45 [Information] Z Axis Data Received: 
11/13/2024 18:26:45 [Information] Z Axis Data Received:  
11/13/2024 18:26:45 [Information] Z Axis Data Received: 
11/13/2024 18:26:45 [Information] Z Axis Data Received: 
11/13/2024 18:26:45 [Information] Z Axis Data Received: 2
11/13/2024 18:26:45 [Information] Z Axis Data Received: 
11/13/2024 18:26:45 [Information] Z Axis Data Received: 
11/13/2024 18:26:45 [Information] Z Axis Data Received: 0
11/13/2024 18:26:45 [Information] Z Axis Data Received: 
11/13/2024 18:26:45 [Information] Z Axis Data Received: 
11/13/2024 18:26:45 [Information] Z Axis Data Received: 0
11/13/2024 18:26:45 [Information] Z Axis Data Received: 
11/13/2024 18:26:45 [Information] Z Axis Data Received: 
11/13/2024 18:26:45 [Information] Z Axis Data Received: .
11/13/2024 18:26:45 [Information] Z Axis Data Received: 
11/13/2024 18:26:45 [Information] Z Axis Data Received: 
11/13/2024 18:26:45 [Information] Z Axis Data Received: 0
11/13/2024 18:26:45 [Information] Z Axis Data Received: 
11/13/2024 18:26:45 [Information] Z Axis Data Received: 
11/13/2024 18:26:45 [Information] Z Axis Data Received: 0
11/13/2024 18:26:45 [Information] Z Axis Data Received: 
11/13/2024 18:26:45 [Information] Z Axis Data Received: 
11/13/2024 18:26:45 [Information] Z Axis Data Received: 
11/13/2024 18:26:45 [Information] Z Axis Data Received: 
11/13/2024 18:26:45 [Information] Z Axis Data Received: 
11/13/2024 18:26:45 [Information] Z Axis Data Received: 

11/13/2024 18:26:45 [Information] Z Axis Data Received: 
11/13/2024 18:26:45 [Information] Z Axis Data Received: 
11/13/2024 18:26:45 [Information] Z Axis Data Received: ?
11/13/2024 18:26:45 [Information] Z Axis Data Received: 
11/13/2024 18:26:45 [Information] Z Axis Data Received: 
11/13/2024 18:26:47 [Information] Z Axis Run button clicked:
11/13/2024 18:26:47 [Information] Z Axis MotorMovementSeconds decimal: (4.00 / 4) / 2 = 0.50
11/13/2024 18:26:48 [Information] Z Axis Run Event: Z,0.00,400.00,0,0.00,400.00,0,4.00,400.00,0
11/13/2024 18:26:48 [Information] Z Axis Current Time: 06:26:48 + 0 = 06:26:48
11/13/2024 18:26:48 [Information] Stepper Motor Controller Enable Z Axis controls after moving to location.
11/13/2024 18:26:48 [Information] Stepper Motor Controller Stopwatch Stopped.
11/13/2024 18:26:48 [Information] Stepper Motor Controller Timer Stopped.
11/13/2024 18:26:48 [Information] Stepper Motor Controller Stopwatch Reset.
11/13/2024 18:26:49 [Information] Z Axis Data Received: V
11/13/2024 18:26:49 [Information] Z Axis Data Received: 
11/13/2024 18:26:49 [Information] Z Axis Data Received: M
11/13/2024 18:26:49 [Information] Z Axis Data Received: D
11/13/2024 18:26:49 [Information] Z Axis Data Received: 
11/13/2024 18:26:49 [Information] Z Axis Data Received: 
11/13/2024 18:26:49 [Information] Z Axis Data Received: P
11/13/2024 18:26:49 [Information] Z Axis Data Received: 
11/13/2024 18:26:49 [Information] Z Axis Data Received: 
11/13/2024 18:26:49 [Information] Z Axis Data Received: V
11/13/2024 18:26:49 [Information] Z Axis Data Received: 
11/13/2024 18:26:49 [Information] Z Axis Data Received: 
11/13/2024 18:26:49 [Information] Z Axis Data Received: _
11/13/2024 18:26:49 [Information] Z Axis Data Received: 
11/13/2024 18:26:49 [Information] Z Axis Data Received: 
11/13/2024 18:26:49 [Information] Z Axis Data Received: 1
11/13/2024 18:26:49 [Information] Z Axis Data Received: 
11/13/2024 18:26:49 [Information] Z Axis Data Received: 
11/13/2024 18:26:49 [Information] Z Axis Data Received: |
11/13/2024 18:26:49 [Information] Z Axis Data Received: 
11/13/2024 18:26:49 [Information] Z Axis Data Received: 
11/13/2024 18:26:49 [Information] Z Axis Data Received: 1
11/13/2024 18:26:49 [Information] Z Axis Data Received: 
11/13/2024 18:26:49 [Information] Z Axis Data Received: 
11/13/2024 18:26:49 [Information] Z Axis Data Received: _
11/13/2024 18:26:49 [Information] Z Axis Data Received: 
11/13/2024 18:26:49 [Information] Z Axis Data Received: 
11/13/2024 18:26:49 [Information] Z Axis Data Received: V
11/13/2024 18:26:49 [Information] Z Axis Data Received: 
11/13/2024 18:26:49 [Information] Z Axis Data Received: 
11/13/2024 18:26:49 [Information] Z Axis Data Received: M
11/13/2024 18:26:49 [Information] Z Axis Data Received: 
11/13/2024 18:26:49 [Information] Z Axis Data Received: 
11/13/2024 18:26:49 [Information] Z Axis Data Received: D
11/13/2024 18:26:49 [Information] Z Axis Data Received: 
11/13/2024 18:26:49 [Information] Z Axis Data Received: 
11/13/2024 18:26:49 [Information] Z Axis Data Received: P
11/13/2024 18:26:49 [Information] Z Axis Data Received: 
11/13/2024 18:26:49 [Information] Z Axis Data Received: 
11/13/2024 18:26:49 [Information] Z Axis Data Received: V
11/13/2024 18:26:49 [Information] Z Axis Data Received: 
11/13/2024 18:26:49 [Information] Z Axis Data Received: 
11/13/2024 18:26:49 [Information] Z Axis Data Received: 

11/13/2024 18:26:49 [Information] Z Axis Data Received: 
11/13/2024 18:26:49 [Information] Z Axis Data Received: 
11/13/2024 18:26:49 [Information] Z Axis Data Received: V
11/13/2024 18:26:49 [Information] Z Axis Data Received: 
11/13/2024 18:26:49 [Information] Z Axis Data Received: 
11/13/2024 18:26:49 [Information] Z Axis Data Received: M
11/13/2024 18:26:49 [Information] Z Axis Data Received: 
11/13/2024 18:26:49 [Information] Z Axis Data Received: 
11/13/2024 18:26:49 [Information] Z Axis Data Received: D
11/13/2024 18:26:49 [Information] Z Axis Data Received: 
11/13/2024 18:26:49 [Information] Z Axis Data Received: 
11/13/2024 18:26:49 [Information] Z Axis Data Received: P
11/13/2024 18:26:49 [Information] Z Axis Data Received: 
11/13/2024 18:26:49 [Information] Z Axis Data Received: 
11/13/2024 18:26:49 [Information] Z Axis Data Received: R
11/13/2024 18:26:49 [Information] Z Axis Data Received: 
11/13/2024 18:26:49 [Information] Z Axis Data Received: 
11/13/2024 18:26:49 [Information] Z Axis Data Received: _
11/13/2024 18:26:49 [Information] Z Axis Data Received: 
11/13/2024 18:26:49 [Information] Z Axis Data Received: 
11/13/2024 18:26:50 [Information] Z Axis Run button clicked:
11/13/2024 18:26:50 [Information] Z Axis MotorMovementSeconds decimal: (4.00 / 4) / 2 = 0.50
11/13/2024 18:26:51 [Information] Z Axis Run Event: Z,0.00,400.00,0,0.00,400.00,0,4.00,400.00,0
11/13/2024 18:26:51 [Information] Z Axis Current Time: 06:26:51 + 0 = 06:26:51
11/13/2024 18:26:51 [Information] Stepper Motor Controller Enable Z Axis controls after moving to location.
11/13/2024 18:26:51 [Information] Stepper Motor Controller Stopwatch Stopped.
11/13/2024 18:26:51 [Information] Stepper Motor Controller Timer Stopped.
11/13/2024 18:26:51 [Information] Stepper Motor Controller Stopwatch Reset.
11/13/2024 18:26:52 [Information] Z Axis Data Received: Z
11/13/2024 18:26:52 [Information] Z Axis Data Received:  A
11/13/2024 18:26:52 [Information] Z Axis Data Received: x
11/13/2024 18:26:52 [Information] Z Axis Data Received: i
11/13/2024 18:26:52 [Information] Z Axis Data Received: s 
11/13/2024 18:26:52 [Information] Z Axis Data Received: Abs
11/13/2024 18:26:52 [Information] Z Axis Data Received: olute Position 200.00
?
11/13/2024 18:26:52 [Information] Z Axis Data Received: 
11/13/2024 18:26:52 [Information] Z Axis Data Received: 
11/13/2024 18:26:56 [Information] Z Axis Data Received: V
11/13/2024 18:26:56 [Information] Z Axis Data Received: 
11/13/2024 18:26:56 [Information] Z Axis Data Received: M
11/13/2024 18:26:56 [Information] Z Axis Data Received: D
11/13/2024 18:26:56 [Information] Z Axis Data Received: 
11/13/2024 18:26:56 [Information] Z Axis Data Received: 
11/13/2024 18:26:56 [Information] Z Axis Data Received: P
11/13/2024 18:26:56 [Information] Z Axis Data Received: 
11/13/2024 18:26:56 [Information] Z Axis Data Received: 
11/13/2024 18:26:56 [Information] Z Axis Data Received: V
11/13/2024 18:26:56 [Information] Z Axis Data Received: 
11/13/2024 18:26:56 [Information] Z Axis Data Received: 
11/13/2024 18:26:56 [Information] Z Axis Data Received: _
11/13/2024 18:26:56 [Information] Z Axis Data Received: 
11/13/2024 18:26:56 [Information] Z Axis Data Received: 
11/13/2024 18:26:56 [Information] Z Axis Data Received: 1
11/13/2024 18:26:56 [Information] Z Axis Data Received: 
11/13/2024 18:26:56 [Information] Z Axis Data Received: 
11/13/2024 18:26:56 [Information] Z Axis Data Received: |
11/13/2024 18:26:56 [Information] Z Axis Data Received: 
11/13/2024 18:26:56 [Information] Z Axis Data Received: 
11/13/2024 18:26:56 [Information] Z Axis Data Received: 1
11/13/2024 18:26:56 [Information] Z Axis Data Received: 
11/13/2024 18:26:56 [Information] Z Axis Data Received: 
11/13/2024 18:26:56 [Information] Z Axis Data Received: _
11/13/2024 18:26:56 [Information] Z Axis Data Received: 
11/13/2024 18:26:56 [Information] Z Axis Data Received: 
11/13/2024 18:26:56 [Information] Z Axis Data Received: V
11/13/2024 18:26:56 [Information] Z Axis Data Received: 
11/13/2024 18:26:56 [Information] Z Axis Data Received: 
11/13/2024 18:26:56 [Information] Z Axis Data Received: M
11/13/2024 18:26:56 [Information] Z Axis Data Received: 
11/13/2024 18:26:56 [Information] Z Axis Data Received: 
11/13/2024 18:26:56 [Information] Z Axis Data Received: D
11/13/2024 18:26:56 [Information] Z Axis Data Received: 
11/13/2024 18:26:56 [Information] Z Axis Data Received: 
11/13/2024 18:26:56 [Information] Z Axis Data Received: P
11/13/2024 18:26:56 [Information] Z Axis Data Received: 
11/13/2024 18:26:56 [Information] Z Axis Data Received: 
11/13/2024 18:26:56 [Information] Z Axis Data Received: V
11/13/2024 18:26:56 [Information] Z Axis Data Received: 
11/13/2024 18:26:56 [Information] Z Axis Data Received: 
11/13/2024 18:26:56 [Information] Z Axis Data Received: 

11/13/2024 18:26:56 [Information] Z Axis Data Received: 
11/13/2024 18:26:56 [Information] Z Axis Data Received: 
11/13/2024 18:26:56 [Information] Z Axis Data Received: V
11/13/2024 18:26:56 [Information] Z Axis Data Received: 
11/13/2024 18:26:56 [Information] Z Axis Data Received: 
11/13/2024 18:26:56 [Information] Z Axis Data Received: M
11/13/2024 18:26:56 [Information] Z Axis Data Received: 
11/13/2024 18:26:56 [Information] Z Axis Data Received: 
11/13/2024 18:26:56 [Information] Z Axis Data Received: D
11/13/2024 18:26:56 [Information] Z Axis Data Received: 
11/13/2024 18:26:56 [Information] Z Axis Data Received: 
11/13/2024 18:26:56 [Information] Z Axis Data Received: P
11/13/2024 18:26:56 [Information] Z Axis Data Received: 
11/13/2024 18:26:56 [Information] Z Axis Data Received: 
11/13/2024 18:26:56 [Information] Z Axis Data Received: R
11/13/2024 18:26:56 [Information] Z Axis Data Received: 
11/13/2024 18:26:56 [Information] Z Axis Data Received: 
11/13/2024 18:26:56 [Information] Z Axis Data Received: _
11/13/2024 18:26:56 [Information] Z Axis Data Received: 
11/13/2024 18:26:56 [Information] Z Axis Data Received: 
11/13/2024 18:26:58 [Information] Z Axis mouse controlled Keypad returned: 4.00
11/13/2024 18:27:00 [Information] Z Axis Run button clicked:
11/13/2024 18:27:00 [Information] Z Axis MotorMovementSeconds decimal: (4.00 / 4) / 2 = 0.50
11/13/2024 18:27:01 [Information] Z Axis Run Event: Z,0.00,400.00,0,0.00,400.00,0,4.00,400.00,0
11/13/2024 18:27:01 [Information] Z Axis Current Time: 06:27:01 + 0 = 06:27:01
11/13/2024 18:27:01 [Information] Stepper Motor Controller Enable Z Axis controls after moving to location.
11/13/2024 18:27:01 [Information] Stepper Motor Controller Stopwatch Stopped.
11/13/2024 18:27:01 [Information] Stepper Motor Controller Timer Stopped.
11/13/2024 18:27:01 [Information] Stepper Motor Controller Stopwatch Reset.
11/13/2024 18:27:01 [Information] Z Axis Data Received: Z
11/13/2024 18:27:01 [Information] Z Axis Data Received: 
11/13/2024 18:27:01 [Information] Z Axis Data Received:  
11/13/2024 18:27:01 [Information] Z Axis Data Received: A
11/13/2024 18:27:01 [Information] Z Axis Data Received: 
11/13/2024 18:27:01 [Information] Z Axis Data Received: 
11/13/2024 18:27:01 [Information] Z Axis Data Received: x
11/13/2024 18:27:01 [Information] Z Axis Data Received: 
11/13/2024 18:27:01 [Information] Z Axis Data Received: 
11/13/2024 18:27:01 [Information] Z Axis Data Received: i
11/13/2024 18:27:01 [Information] Z Axis Data Received: 
11/13/2024 18:27:01 [Information] Z Axis Data Received: 
11/13/2024 18:27:01 [Information] Z Axis Data Received: s
11/13/2024 18:27:01 [Information] Z Axis Data Received: 
11/13/2024 18:27:01 [Information] Z Axis Data Received: 
11/13/2024 18:27:01 [Information] Z Axis Data Received:  
11/13/2024 18:27:01 [Information] Z Axis Data Received: 
11/13/2024 18:27:01 [Information] Z Axis Data Received: 
11/13/2024 18:27:01 [Information] Z Axis Data Received: A
11/13/2024 18:27:01 [Information] Z Axis Data Received: 
11/13/2024 18:27:01 [Information] Z Axis Data Received: 
11/13/2024 18:27:01 [Information] Z Axis Data Received: b
11/13/2024 18:27:01 [Information] Z Axis Data Received: 
11/13/2024 18:27:01 [Information] Z Axis Data Received: 
11/13/2024 18:27:01 [Information] Z Axis Data Received: s
11/13/2024 18:27:01 [Information] Z Axis Data Received: 
11/13/2024 18:27:01 [Information] Z Axis Data Received: 
11/13/2024 18:27:01 [Information] Z Axis Data Received: o
11/13/2024 18:27:01 [Information] Z Axis Data Received: 
11/13/2024 18:27:01 [Information] Z Axis Data Received: 
11/13/2024 18:27:01 [Information] Z Axis Data Received: l
11/13/2024 18:27:01 [Information] Z Axis Data Received: 
11/13/2024 18:27:01 [Information] Z Axis Data Received: 
11/13/2024 18:27:01 [Information] Z Axis Data Received: u
11/13/2024 18:27:01 [Information] Z Axis Data Received: 
11/13/2024 18:27:01 [Information] Z Axis Data Received: 
11/13/2024 18:27:01 [Information] Z Axis Data Received: t
11/13/2024 18:27:01 [Information] Z Axis Data Received: 
11/13/2024 18:27:01 [Information] Z Axis Data Received: 
11/13/2024 18:27:01 [Information] Z Axis Data Received: e
11/13/2024 18:27:01 [Information] Z Axis Data Received: 
11/13/2024 18:27:01 [Information] Z Axis Data Received: 
11/13/2024 18:27:01 [Information] Z Axis Data Received:  
11/13/2024 18:27:01 [Information] Z Axis Data Received: 
11/13/2024 18:27:01 [Information] Z Axis Data Received: 
11/13/2024 18:27:01 [Information] Z Axis Data Received: P
11/13/2024 18:27:01 [Information] Z Axis Data Received: 
11/13/2024 18:27:01 [Information] Z Axis Data Received: 
11/13/2024 18:27:01 [Information] Z Axis Data Received: o
11/13/2024 18:27:01 [Information] Z Axis Data Received: 
11/13/2024 18:27:01 [Information] Z Axis Data Received: 
11/13/2024 18:27:01 [Information] Z Axis Data Received: s
11/13/2024 18:27:01 [Information] Z Axis Data Received: 
11/13/2024 18:27:01 [Information] Z Axis Data Received: 
11/13/2024 18:27:01 [Information] Z Axis Data Received: i
11/13/2024 18:27:01 [Information] Z Axis Data Received: 
11/13/2024 18:27:01 [Information] Z Axis Data Received: 
11/13/2024 18:27:01 [Information] Z Axis Data Received: t
11/13/2024 18:27:01 [Information] Z Axis Data Received: 
11/13/2024 18:27:01 [Information] Z Axis Data Received: 
11/13/2024 18:27:01 [Information] Z Axis Data Received: i
11/13/2024 18:27:01 [Information] Z Axis Data Received: 
11/13/2024 18:27:01 [Information] Z Axis Data Received: 
11/13/2024 18:27:01 [Information] Z Axis Data Received: o
11/13/2024 18:27:01 [Information] Z Axis Data Received: 
11/13/2024 18:27:01 [Information] Z Axis Data Received: 
11/13/2024 18:27:01 [Information] Z Axis Data Received: n
11/13/2024 18:27:01 [Information] Z Axis Data Received: 
11/13/2024 18:27:01 [Information] Z Axis Data Received: 
11/13/2024 18:27:01 [Information] Z Axis Data Received:  
11/13/2024 18:27:01 [Information] Z Axis Data Received: 
11/13/2024 18:27:01 [Information] Z Axis Data Received: 
11/13/2024 18:27:01 [Information] Z Axis Data Received: 2
11/13/2024 18:27:01 [Information] Z Axis Data Received: 
11/13/2024 18:27:01 [Information] Z Axis Data Received: 
11/13/2024 18:27:01 [Information] Z Axis Data Received: 0
11/13/2024 18:27:01 [Information] Z Axis Data Received: 
11/13/2024 18:27:01 [Information] Z Axis Data Received: 
11/13/2024 18:27:01 [Information] Z Axis Data Received: 0
11/13/2024 18:27:01 [Information] Z Axis Data Received: 
11/13/2024 18:27:01 [Information] Z Axis Data Received: 
11/13/2024 18:27:01 [Information] Z Axis Data Received: .
11/13/2024 18:27:01 [Information] Z Axis Data Received: 
11/13/2024 18:27:01 [Information] Z Axis Data Received: 
11/13/2024 18:27:01 [Information] Z Axis Data Received: 0
11/13/2024 18:27:01 [Information] Z Axis Data Received: 
11/13/2024 18:27:01 [Information] Z Axis Data Received: 
11/13/2024 18:27:01 [Information] Z Axis Data Received: 0
11/13/2024 18:27:01 [Information] Z Axis Data Received: 
11/13/2024 18:27:01 [Information] Z Axis Data Received: 
11/13/2024 18:27:01 [Information] Z Axis Data Received: 
11/13/2024 18:27:01 [Information] Z Axis Data Received: 
11/13/2024 18:27:01 [Information] Z Axis Data Received: 
11/13/2024 18:27:01 [Information] Z Axis Data Received: 

11/13/2024 18:27:01 [Information] Z Axis Data Received: 
11/13/2024 18:27:01 [Information] Z Axis Data Received: 
11/13/2024 18:27:01 [Information] Z Axis Data Received: ?
11/13/2024 18:27:01 [Information] Z Axis Data Received: 
11/13/2024 18:27:01 [Information] Z Axis Data Received: 
11/13/2024 18:27:03 [Information] Updated X,Y Zero.IsChecked status to 0 and Z Zero.IsChecked status to 1.
11/13/2024 18:27:05 [Information] Z Axis Run button clicked:
11/13/2024 18:27:10 [Information] Z Axis Data Received: VMDPV_1|1_VMDPV
VMDPR_
11/13/2024 18:27:10 [Information] Z Axis Data Received: 
11/13/2024 18:27:10 [Information] Z Axis Data Received: 
11/13/2024 18:27:10 [Information] Z Axis Run Event to reset Axis to zero: Z,0.00,400.00,0,0.00,400.00,0,0.00,400.00,1
11/13/2024 18:27:10 [Information] Setting Z Axis Current Location Set to Zero on DRO
11/13/2024 18:27:15 [Information] Updated X,Y,Z Zero.IsChecked status to 0.
11/13/2024 18:27:15 [Information] Z Axis Data Received: ?VMDPV_1|1_VMDPV
VMDPR_
11/13/2024 18:27:15 [Information] Z Axis Data Received: 
11/13/2024 18:27:15 [Information] Z Axis Data Received: 
11/13/2024 18:27:15 [Information] Z Axis Current Location Set to Zero
11/13/2024 18:27:23 [Information] Z Axis mouse controlled Keypad returned: 4.00
11/13/2024 18:27:24 [Information] Z Axis Run button clicked:
11/13/2024 18:27:24 [Information] Z Axis MotorMovementSeconds decimal: (4.00 / 4) / 2 = 0.50
11/13/2024 18:27:25 [Information] Z Axis Run Event: Z,0.00,400.00,0,0.00,400.00,0,4.00,400.00,0
11/13/2024 18:27:25 [Information] Z Axis Current Time: 06:27:25 + 0 = 06:27:25
11/13/2024 18:27:25 [Information] Stepper Motor Controller Enable Z Axis controls after moving to location.
11/13/2024 18:27:25 [Information] Stepper Motor Controller Stopwatch Stopped.
11/13/2024 18:27:25 [Information] Stepper Motor Controller Timer Stopped.
11/13/2024 18:27:25 [Information] Stepper Motor Controller Stopwatch Reset.
11/13/2024 18:27:26 [Information] Z Axis Data Received: Z
11/13/2024 18:27:26 [Information] Z Axis Data Received: 
11/13/2024 18:27:26 [Information] Z Axis Data Received: 
11/13/2024 18:27:26 [Information] Z Axis Data Received:  
11/13/2024 18:27:26 [Information] Z Axis Data Received: 
11/13/2024 18:27:26 [Information] Z Axis Data Received: A
11/13/2024 18:27:26 [Information] Z Axis Data Received: x
11/13/2024 18:27:26 [Information] Z Axis Data Received: 
11/13/2024 18:27:26 [Information] Z Axis Data Received: 
11/13/2024 18:27:26 [Information] Z Axis Data Received: i
11/13/2024 18:27:26 [Information] Z Axis Data Received: 
11/13/2024 18:27:26 [Information] Z Axis Data Received: 
11/13/2024 18:27:26 [Information] Z Axis Data Received: s
11/13/2024 18:27:26 [Information] Z Axis Data Received: 
11/13/2024 18:27:26 [Information] Z Axis Data Received: 
11/13/2024 18:27:26 [Information] Z Axis Data Received:  
11/13/2024 18:27:26 [Information] Z Axis Data Received: 
11/13/2024 18:27:26 [Information] Z Axis Data Received: 
11/13/2024 18:27:26 [Information] Z Axis Data Received: A
11/13/2024 18:27:26 [Information] Z Axis Data Received: 
11/13/2024 18:27:26 [Information] Z Axis Data Received: 
11/13/2024 18:27:26 [Information] Z Axis Data Received: b
11/13/2024 18:27:26 [Information] Z Axis Data Received: 
11/13/2024 18:27:26 [Information] Z Axis Data Received: 
11/13/2024 18:27:26 [Information] Z Axis Data Received: s
11/13/2024 18:27:26 [Information] Z Axis Data Received: 
11/13/2024 18:27:26 [Information] Z Axis Data Received: 
11/13/2024 18:27:26 [Information] Z Axis Data Received: o
11/13/2024 18:27:26 [Information] Z Axis Data Received: 
11/13/2024 18:27:26 [Information] Z Axis Data Received: 
11/13/2024 18:27:26 [Information] Z Axis Data Received: l
11/13/2024 18:27:26 [Information] Z Axis Data Received: 
11/13/2024 18:27:26 [Information] Z Axis Data Received: 
11/13/2024 18:27:26 [Information] Z Axis Data Received: u
11/13/2024 18:27:26 [Information] Z Axis Data Received: 
11/13/2024 18:27:26 [Information] Z Axis Data Received: 
11/13/2024 18:27:26 [Information] Z Axis Data Received: t
11/13/2024 18:27:26 [Information] Z Axis Data Received: 
11/13/2024 18:27:26 [Information] Z Axis Data Received: 
11/13/2024 18:27:26 [Information] Z Axis Data Received: e
11/13/2024 18:27:26 [Information] Z Axis Data Received: 
11/13/2024 18:27:26 [Information] Z Axis Data Received: 
11/13/2024 18:27:26 [Information] Z Axis Data Received:  
11/13/2024 18:27:26 [Information] Z Axis Data Received: 
11/13/2024 18:27:26 [Information] Z Axis Data Received: 
11/13/2024 18:27:26 [Information] Z Axis Data Received: P
11/13/2024 18:27:26 [Information] Z Axis Data Received: 
11/13/2024 18:27:26 [Information] Z Axis Data Received: 
11/13/2024 18:27:26 [Information] Z Axis Data Received: o
11/13/2024 18:27:26 [Information] Z Axis Data Received: 
11/13/2024 18:27:26 [Information] Z Axis Data Received: 
11/13/2024 18:27:26 [Information] Z Axis Data Received: s
11/13/2024 18:27:26 [Information] Z Axis Data Received: 
11/13/2024 18:27:26 [Information] Z Axis Data Received: 
11/13/2024 18:27:26 [Information] Z Axis Data Received: i
11/13/2024 18:27:26 [Information] Z Axis Data Received: 
11/13/2024 18:27:26 [Information] Z Axis Data Received: 
11/13/2024 18:27:26 [Information] Z Axis Data Received: t
11/13/2024 18:27:26 [Information] Z Axis Data Received: 
11/13/2024 18:27:26 [Information] Z Axis Data Received: 
11/13/2024 18:27:26 [Information] Z Axis Data Received: i
11/13/2024 18:27:26 [Information] Z Axis Data Received: 
11/13/2024 18:27:26 [Information] Z Axis Data Received: 
11/13/2024 18:27:26 [Information] Z Axis Data Received: o
11/13/2024 18:27:26 [Information] Z Axis Data Received: 
11/13/2024 18:27:26 [Information] Z Axis Data Received: 
11/13/2024 18:27:26 [Information] Z Axis Data Received: n
11/13/2024 18:27:26 [Information] Z Axis Data Received: 
11/13/2024 18:27:26 [Information] Z Axis Data Received: 
11/13/2024 18:27:26 [Information] Z Axis Data Received:  
11/13/2024 18:27:26 [Information] Z Axis Data Received: 
11/13/2024 18:27:26 [Information] Z Axis Data Received: 
11/13/2024 18:27:26 [Information] Z Axis Data Received: 2
11/13/2024 18:27:26 [Information] Z Axis Data Received: 
11/13/2024 18:27:26 [Information] Z Axis Data Received: 
11/13/2024 18:27:26 [Information] Z Axis Data Received: 0
11/13/2024 18:27:26 [Information] Z Axis Data Received: 
11/13/2024 18:27:26 [Information] Z Axis Data Received: 
11/13/2024 18:27:26 [Information] Z Axis Data Received: 0
11/13/2024 18:27:26 [Information] Z Axis Data Received: 
11/13/2024 18:27:26 [Information] Z Axis Data Received: 
11/13/2024 18:27:26 [Information] Z Axis Data Received: .
11/13/2024 18:27:26 [Information] Z Axis Data Received: 
11/13/2024 18:27:26 [Information] Z Axis Data Received: 
11/13/2024 18:27:26 [Information] Z Axis Data Received: 0
11/13/2024 18:27:26 [Information] Z Axis Data Received: 
11/13/2024 18:27:26 [Information] Z Axis Data Received: 
11/13/2024 18:27:26 [Information] Z Axis Data Received: 0
11/13/2024 18:27:26 [Information] Z Axis Data Received: 
11/13/2024 18:27:26 [Information] Z Axis Data Received: 
11/13/2024 18:27:26 [Information] Z Axis Data Received: 
11/13/2024 18:27:26 [Information] Z Axis Data Received: 
11/13/2024 18:27:26 [Information] Z Axis Data Received: 
11/13/2024 18:27:26 [Information] Z Axis Data Received: 

11/13/2024 18:27:26 [Information] Z Axis Data Received: 
11/13/2024 18:27:26 [Information] Z Axis Data Received: 
11/13/2024 18:27:26 [Information] Z Axis Data Received: ?
11/13/2024 18:27:26 [Information] Z Axis Data Received: 
11/13/2024 18:27:26 [Information] Z Axis Data Received: 
11/13/2024 18:27:30 [Information] Z Axis Run button clicked:
11/13/2024 18:27:30 [Information] Z Axis MotorMovementSeconds decimal: (4.00 / 4) / 2 = 0.50
11/13/2024 18:27:30 [Information] Z Axis Data Received: V
11/13/2024 18:27:30 [Information] Z Axis Data Received: 
11/13/2024 18:27:30 [Information] Z Axis Data Received: 
11/13/2024 18:27:30 [Information] Z Axis Data Received: M
11/13/2024 18:27:30 [Information] Z Axis Data Received: 
11/13/2024 18:27:30 [Information] Z Axis Data Received: 
11/13/2024 18:27:30 [Information] Z Axis Data Received: D
11/13/2024 18:27:30 [Information] Z Axis Data Received: 
11/13/2024 18:27:30 [Information] Z Axis Data Received: 
11/13/2024 18:27:30 [Information] Z Axis Data Received: P
11/13/2024 18:27:30 [Information] Z Axis Data Received: 
11/13/2024 18:27:30 [Information] Z Axis Data Received: 
11/13/2024 18:27:30 [Information] Z Axis Data Received: V
11/13/2024 18:27:30 [Information] Z Axis Data Received: 
11/13/2024 18:27:30 [Information] Z Axis Data Received: 
11/13/2024 18:27:30 [Information] Z Axis Data Received: _
11/13/2024 18:27:30 [Information] Z Axis Data Received: 
11/13/2024 18:27:30 [Information] Z Axis Data Received: 
11/13/2024 18:27:30 [Information] Z Axis Data Received: 1
11/13/2024 18:27:30 [Information] Z Axis Data Received: 
11/13/2024 18:27:30 [Information] Z Axis Data Received: 
11/13/2024 18:27:30 [Information] Z Axis Data Received: |
11/13/2024 18:27:30 [Information] Z Axis Data Received: 
11/13/2024 18:27:30 [Information] Z Axis Data Received: 
11/13/2024 18:27:30 [Information] Z Axis Data Received: 1
11/13/2024 18:27:30 [Information] Z Axis Data Received: 
11/13/2024 18:27:30 [Information] Z Axis Data Received: 
11/13/2024 18:27:30 [Information] Z Axis Data Received: _
11/13/2024 18:27:30 [Information] Z Axis Data Received: 
11/13/2024 18:27:30 [Information] Z Axis Data Received: 
11/13/2024 18:27:30 [Information] Z Axis Data Received: V
11/13/2024 18:27:30 [Information] Z Axis Data Received: 
11/13/2024 18:27:30 [Information] Z Axis Data Received: 
11/13/2024 18:27:30 [Information] Z Axis Data Received: M
11/13/2024 18:27:30 [Information] Z Axis Data Received: 
11/13/2024 18:27:30 [Information] Z Axis Data Received: 
11/13/2024 18:27:30 [Information] Z Axis Data Received: D
11/13/2024 18:27:30 [Information] Z Axis Data Received: 
11/13/2024 18:27:30 [Information] Z Axis Data Received: 
11/13/2024 18:27:30 [Information] Z Axis Data Received: P
11/13/2024 18:27:30 [Information] Z Axis Data Received: 
11/13/2024 18:27:30 [Information] Z Axis Data Received: 
11/13/2024 18:27:30 [Information] Z Axis Data Received: V
11/13/2024 18:27:30 [Information] Z Axis Data Received: 
11/13/2024 18:27:30 [Information] Z Axis Data Received: 
11/13/2024 18:27:30 [Information] Z Axis Data Received: 

11/13/2024 18:27:30 [Information] Z Axis Data Received: 
11/13/2024 18:27:30 [Information] Z Axis Data Received: 
11/13/2024 18:27:30 [Information] Z Axis Data Received: V
11/13/2024 18:27:30 [Information] Z Axis Data Received: 
11/13/2024 18:27:30 [Information] Z Axis Data Received: 
11/13/2024 18:27:30 [Information] Z Axis Data Received: M
11/13/2024 18:27:30 [Information] Z Axis Data Received: 
11/13/2024 18:27:30 [Information] Z Axis Data Received: 
11/13/2024 18:27:30 [Information] Z Axis Data Received: D
11/13/2024 18:27:30 [Information] Z Axis Data Received: 
11/13/2024 18:27:30 [Information] Z Axis Data Received: 
11/13/2024 18:27:30 [Information] Z Axis Data Received: P
11/13/2024 18:27:30 [Information] Z Axis Data Received: 
11/13/2024 18:27:30 [Information] Z Axis Data Received: 
11/13/2024 18:27:30 [Information] Z Axis Data Received: R
11/13/2024 18:27:30 [Information] Z Axis Data Received: 
11/13/2024 18:27:30 [Information] Z Axis Data Received: 
11/13/2024 18:27:30 [Information] Z Axis Data Received: _
11/13/2024 18:27:30 [Information] Z Axis Data Received: 
11/13/2024 18:27:30 [Information] Z Axis Data Received: 
11/13/2024 18:27:31 [Information] Z Axis Run Event: Z,0.00,400.00,0,0.00,400.00,0,4.00,400.00,0
11/13/2024 18:27:31 [Information] Z Axis Current Time: 06:27:31 + 0 = 06:27:31
11/13/2024 18:27:31 [Information] Stepper Motor Controller Enable Z Axis controls after moving to location.
11/13/2024 18:27:31 [Information] Stepper Motor Controller Stopwatch Stopped.
11/13/2024 18:27:31 [Information] Stepper Motor Controller Timer Stopped.
11/13/2024 18:27:31 [Information] Stepper Motor Controller Stopwatch Reset.
11/13/2024 18:27:34 [Information] Z Axis Run button clicked:
11/13/2024 18:27:34 [Information] Z Axis MotorMovementSeconds decimal: (4.00 / 4) / 2 = 0.50
11/13/2024 18:27:35 [Information] Z Axis Run Event: Z,0.00,400.00,0,0.00,400.00,0,4.00,400.00,0
11/13/2024 18:27:35 [Information] Z Axis Current Time: 06:27:35 + 0 = 06:27:35
11/13/2024 18:27:35 [Information] Stepper Motor Controller Enable Z Axis controls after moving to location.
11/13/2024 18:27:35 [Information] Stepper Motor Controller Stopwatch Stopped.
11/13/2024 18:27:35 [Information] Stepper Motor Controller Timer Stopped.
11/13/2024 18:27:35 [Information] Stepper Motor Controller Stopwatch Reset.
11/13/2024 18:27:35 [Information] Z Axis Data Received: Z
11/13/2024 18:27:35 [Information] Z Axis Data Received:  A
11/13/2024 18:27:35 [Information] Z Axis Data Received: x
11/13/2024 18:27:35 [Information] Z Axis Data Received: is Absolute Position 200.00

11/13/2024 18:27:35 [Information] Z Axis Data Received: ?
11/13/2024 18:27:35 [Information] Z Axis Data Received: 
11/13/2024 18:27:39 [Information] Z Axis Data Received: V
11/13/2024 18:27:39 [Information] Z Axis Data Received: M
11/13/2024 18:27:39 [Information] Z Axis Data Received: 
11/13/2024 18:27:39 [Information] Z Axis Data Received: D
11/13/2024 18:27:39 [Information] Z Axis Data Received: 
11/13/2024 18:27:39 [Information] Z Axis Data Received: 
11/13/2024 18:27:39 [Information] Z Axis Data Received: P
11/13/2024 18:27:39 [Information] Z Axis Data Received: 
11/13/2024 18:27:39 [Information] Z Axis Data Received: 
11/13/2024 18:27:39 [Information] Z Axis Data Received: V
11/13/2024 18:27:39 [Information] Z Axis Data Received: 
11/13/2024 18:27:39 [Information] Z Axis Data Received: 
11/13/2024 18:27:39 [Information] Z Axis Data Received: _
11/13/2024 18:27:39 [Information] Z Axis Data Received: 
11/13/2024 18:27:39 [Information] Z Axis Data Received: 1
11/13/2024 18:27:39 [Information] Z Axis Data Received: |
11/13/2024 18:27:39 [Information] Z Axis Data Received: 
11/13/2024 18:27:39 [Information] Z Axis Data Received: 
11/13/2024 18:27:39 [Information] Z Axis Data Received: 1
11/13/2024 18:27:39 [Information] Z Axis Data Received: 
11/13/2024 18:27:39 [Information] Z Axis Data Received: 
11/13/2024 18:27:39 [Information] Z Axis Data Received: _
11/13/2024 18:27:39 [Information] Z Axis Data Received: 
11/13/2024 18:27:39 [Information] Z Axis Data Received: V
11/13/2024 18:27:39 [Information] Z Axis Data Received: M
11/13/2024 18:27:39 [Information] Z Axis Data Received: 
11/13/2024 18:27:39 [Information] Z Axis Data Received: 
11/13/2024 18:27:39 [Information] Z Axis Data Received: D
11/13/2024 18:27:39 [Information] Z Axis Data Received: 
11/13/2024 18:27:39 [Information] Z Axis Data Received: 
11/13/2024 18:27:39 [Information] Z Axis Data Received: P
11/13/2024 18:27:39 [Information] Z Axis Data Received: 
11/13/2024 18:27:39 [Information] Z Axis Data Received: 
11/13/2024 18:27:39 [Information] Z Axis Data Received: V
11/13/2024 18:27:39 [Information] Z Axis Data Received: 

11/13/2024 18:27:39 [Information] Z Axis Data Received: 
11/13/2024 18:27:39 [Information] Z Axis Data Received: V
11/13/2024 18:27:39 [Information] Z Axis Data Received: 
11/13/2024 18:27:39 [Information] Z Axis Data Received: 
11/13/2024 18:27:39 [Information] Z Axis Data Received: M
11/13/2024 18:27:39 [Information] Z Axis Data Received: 
11/13/2024 18:27:39 [Information] Z Axis Data Received: 
11/13/2024 18:27:39 [Information] Z Axis Data Received: D
11/13/2024 18:27:39 [Information] Z Axis Data Received: 
11/13/2024 18:27:39 [Information] Z Axis Data Received: 
11/13/2024 18:27:39 [Information] Z Axis Data Received: P
11/13/2024 18:27:39 [Information] Z Axis Data Received: 
11/13/2024 18:27:39 [Information] Z Axis Data Received: 
11/13/2024 18:27:39 [Information] Z Axis Data Received: R
11/13/2024 18:27:39 [Information] Z Axis Data Received: 
11/13/2024 18:27:39 [Information] Z Axis Data Received: 
11/13/2024 18:27:39 [Information] Z Axis Data Received: _
11/13/2024 18:27:39 [Information] Z Axis Data Received: 
11/13/2024 18:27:39 [Information] Z Axis Data Received: 
11/13/2024 18:27:48 [Information] Z Axis mouse controlled Keypad returned: -4.00
11/13/2024 18:27:49 [Information] Z Axis Run button clicked:
11/13/2024 18:27:53 [Information] Z Axis MotorMovementSeconds decimal: (-4.00 / 4) / 2 = -0.50
11/13/2024 18:27:54 [Information] Z Axis Run Event: Z,0.00,400.00,0,0.00,400.00,0,-4.00,400.00,0
11/13/2024 18:27:54 [Information] Z Axis Current Time: 06:27:54 + 0 = 06:27:54
11/13/2024 18:27:54 [Information] Stepper Motor Controller Enable Z Axis controls after moving to location.
11/13/2024 18:27:54 [Information] Stepper Motor Controller Stopwatch Stopped.
11/13/2024 18:27:54 [Information] Stepper Motor Controller Timer Stopped.
11/13/2024 18:27:54 [Information] Stepper Motor Controller Stopwatch Reset.
11/13/2024 18:27:54 [Information] Z Axis Data Received: Z
11/13/2024 18:27:54 [Information] Z Axis Data Received: 
11/13/2024 18:27:54 [Information] Z Axis Data Received: 
11/13/2024 18:27:54 [Information] Z Axis Data Received:  
11/13/2024 18:27:54 [Information] Z Axis Data Received: 
11/13/2024 18:27:54 [Information] Z Axis Data Received: 
11/13/2024 18:27:54 [Information] Z Axis Data Received: A
11/13/2024 18:27:54 [Information] Z Axis Data Received: 
11/13/2024 18:27:54 [Information] Z Axis Data Received: 
11/13/2024 18:27:54 [Information] Z Axis Data Received: x
11/13/2024 18:27:54 [Information] Z Axis Data Received: 
11/13/2024 18:27:54 [Information] Z Axis Data Received: 
11/13/2024 18:27:54 [Information] Z Axis Data Received: i
11/13/2024 18:27:54 [Information] Z Axis Data Received: 
11/13/2024 18:27:54 [Information] Z Axis Data Received: 
11/13/2024 18:27:54 [Information] Z Axis Data Received: s
11/13/2024 18:27:54 [Information] Z Axis Data Received: 
11/13/2024 18:27:54 [Information] Z Axis Data Received: 
11/13/2024 18:27:54 [Information] Z Axis Data Received:  
11/13/2024 18:27:54 [Information] Z Axis Data Received: 
11/13/2024 18:27:54 [Information] Z Axis Data Received: 
11/13/2024 18:27:54 [Information] Z Axis Data Received: A
11/13/2024 18:27:54 [Information] Z Axis Data Received: 
11/13/2024 18:27:54 [Information] Z Axis Data Received: 
11/13/2024 18:27:54 [Information] Z Axis Data Received: b
11/13/2024 18:27:54 [Information] Z Axis Data Received: 
11/13/2024 18:27:54 [Information] Z Axis Data Received: 
11/13/2024 18:27:54 [Information] Z Axis Data Received: s
11/13/2024 18:27:54 [Information] Z Axis Data Received: 
11/13/2024 18:27:54 [Information] Z Axis Data Received: 
11/13/2024 18:27:54 [Information] Z Axis Data Received: o
11/13/2024 18:27:54 [Information] Z Axis Data Received: 
11/13/2024 18:27:54 [Information] Z Axis Data Received: 
11/13/2024 18:27:54 [Information] Z Axis Data Received: l
11/13/2024 18:27:54 [Information] Z Axis Data Received: 
11/13/2024 18:27:54 [Information] Z Axis Data Received: 
11/13/2024 18:27:54 [Information] Z Axis Data Received: u
11/13/2024 18:27:54 [Information] Z Axis Data Received: 
11/13/2024 18:27:54 [Information] Z Axis Data Received: 
11/13/2024 18:27:54 [Information] Z Axis Data Received: t
11/13/2024 18:27:54 [Information] Z Axis Data Received: 
11/13/2024 18:27:54 [Information] Z Axis Data Received: 
11/13/2024 18:27:54 [Information] Z Axis Data Received: e
11/13/2024 18:27:54 [Information] Z Axis Data Received: 
11/13/2024 18:27:54 [Information] Z Axis Data Received: 
11/13/2024 18:27:54 [Information] Z Axis Data Received:  
11/13/2024 18:27:54 [Information] Z Axis Data Received: 
11/13/2024 18:27:54 [Information] Z Axis Data Received: 
11/13/2024 18:27:55 [Information] Z Axis Data Received: P
11/13/2024 18:27:55 [Information] Z Axis Data Received: 
11/13/2024 18:27:55 [Information] Z Axis Data Received: 
11/13/2024 18:27:55 [Information] Z Axis Data Received: o
11/13/2024 18:27:55 [Information] Z Axis Data Received: 
11/13/2024 18:27:55 [Information] Z Axis Data Received: 
11/13/2024 18:27:55 [Information] Z Axis Data Received: s
11/13/2024 18:27:55 [Information] Z Axis Data Received: 
11/13/2024 18:27:55 [Information] Z Axis Data Received: 
11/13/2024 18:27:55 [Information] Z Axis Data Received: i
11/13/2024 18:27:55 [Information] Z Axis Data Received: 
11/13/2024 18:27:55 [Information] Z Axis Data Received: 
11/13/2024 18:27:55 [Information] Z Axis Data Received: t
11/13/2024 18:27:55 [Information] Z Axis Data Received: 
11/13/2024 18:27:55 [Information] Z Axis Data Received: 
11/13/2024 18:27:55 [Information] Z Axis Data Received: i
11/13/2024 18:27:55 [Information] Z Axis Data Received: 
11/13/2024 18:27:55 [Information] Z Axis Data Received: 
11/13/2024 18:27:55 [Information] Z Axis Data Received: o
11/13/2024 18:27:55 [Information] Z Axis Data Received: 
11/13/2024 18:27:55 [Information] Z Axis Data Received: 
11/13/2024 18:27:55 [Information] Z Axis Data Received: n
11/13/2024 18:27:55 [Information] Z Axis Data Received: 
11/13/2024 18:27:55 [Information] Z Axis Data Received: 
11/13/2024 18:27:55 [Information] Z Axis Data Received:  
11/13/2024 18:27:55 [Information] Z Axis Data Received: 
11/13/2024 18:27:55 [Information] Z Axis Data Received: 
11/13/2024 18:27:55 [Information] Z Axis Data Received: 2
11/13/2024 18:27:55 [Information] Z Axis Data Received: 
11/13/2024 18:27:55 [Information] Z Axis Data Received: 
11/13/2024 18:27:55 [Information] Z Axis Data Received: 0
11/13/2024 18:27:55 [Information] Z Axis Data Received: 
11/13/2024 18:27:55 [Information] Z Axis Data Received: 
11/13/2024 18:27:55 [Information] Z Axis Data Received: 0
11/13/2024 18:27:55 [Information] Z Axis Data Received: 
11/13/2024 18:27:55 [Information] Z Axis Data Received: 
11/13/2024 18:27:55 [Information] Z Axis Data Received: .
11/13/2024 18:27:55 [Information] Z Axis Data Received: 
11/13/2024 18:27:55 [Information] Z Axis Data Received: 
11/13/2024 18:27:55 [Information] Z Axis Data Received: 0
11/13/2024 18:27:55 [Information] Z Axis Data Received: 
11/13/2024 18:27:55 [Information] Z Axis Data Received: 
11/13/2024 18:27:55 [Information] Z Axis Data Received: 0
11/13/2024 18:27:55 [Information] Z Axis Data Received: 
11/13/2024 18:27:55 [Information] Z Axis Data Received: 
11/13/2024 18:27:55 [Information] Z Axis Data Received: 
11/13/2024 18:27:55 [Information] Z Axis Data Received: 
11/13/2024 18:27:55 [Information] Z Axis Data Received: 
11/13/2024 18:27:55 [Information] Z Axis Data Received: 

11/13/2024 18:27:55 [Information] Z Axis Data Received: 
11/13/2024 18:27:55 [Information] Z Axis Data Received: 
11/13/2024 18:27:55 [Information] Z Axis Data Received: ?
11/13/2024 18:27:55 [Information] Z Axis Data Received: 
11/13/2024 18:27:55 [Information] Z Axis Data Received: 
11/13/2024 18:27:57 [Information] Z Axis Run button clicked:
11/13/2024 18:27:57 [Information] Z Axis MotorMovementSeconds decimal: (-4.00 / 4) / 2 = -0.50
11/13/2024 18:27:58 [Information] Z Axis Run Event: Z,0.00,400.00,0,0.00,400.00,0,-4.00,400.00,0
11/13/2024 18:27:58 [Information] Z Axis Current Time: 06:27:58 + 0 = 06:27:58
11/13/2024 18:27:58 [Information] Stepper Motor Controller Enable Z Axis controls after moving to location.
11/13/2024 18:27:58 [Information] Stepper Motor Controller Stopwatch Stopped.
11/13/2024 18:27:58 [Information] Stepper Motor Controller Timer Stopped.
11/13/2024 18:27:58 [Information] Stepper Motor Controller Stopwatch Reset.
11/13/2024 18:27:59 [Information] Z Axis Data Received: V
11/13/2024 18:27:59 [Information] Z Axis Data Received: 
11/13/2024 18:27:59 [Information] Z Axis Data Received: 
11/13/2024 18:27:59 [Information] Z Axis Data Received: M
11/13/2024 18:27:59 [Information] Z Axis Data Received: 
11/13/2024 18:27:59 [Information] Z Axis Data Received: 
11/13/2024 18:27:59 [Information] Z Axis Data Received: D
11/13/2024 18:27:59 [Information] Z Axis Data Received: 
11/13/2024 18:27:59 [Information] Z Axis Data Received: 
11/13/2024 18:27:59 [Information] Z Axis Data Received: P
11/13/2024 18:27:59 [Information] Z Axis Data Received: 
11/13/2024 18:27:59 [Information] Z Axis Data Received: 
11/13/2024 18:27:59 [Information] Z Axis Data Received: V
11/13/2024 18:27:59 [Information] Z Axis Data Received: 
11/13/2024 18:27:59 [Information] Z Axis Data Received: 
11/13/2024 18:27:59 [Information] Z Axis Data Received: _
11/13/2024 18:27:59 [Information] Z Axis Data Received: 
11/13/2024 18:27:59 [Information] Z Axis Data Received: 
11/13/2024 18:27:59 [Information] Z Axis Data Received: 1
11/13/2024 18:27:59 [Information] Z Axis Data Received: 
11/13/2024 18:27:59 [Information] Z Axis Data Received: 
11/13/2024 18:27:59 [Information] Z Axis Data Received: |
11/13/2024 18:27:59 [Information] Z Axis Data Received: 
11/13/2024 18:27:59 [Information] Z Axis Data Received: 
11/13/2024 18:27:59 [Information] Z Axis Data Received: 1
11/13/2024 18:27:59 [Information] Z Axis Data Received: 
11/13/2024 18:27:59 [Information] Z Axis Data Received: 
11/13/2024 18:27:59 [Information] Z Axis Data Received: _
11/13/2024 18:27:59 [Information] Z Axis Data Received: 
11/13/2024 18:27:59 [Information] Z Axis Data Received: 
11/13/2024 18:27:59 [Information] Z Axis Data Received: V
11/13/2024 18:27:59 [Information] Z Axis Data Received: 
11/13/2024 18:27:59 [Information] Z Axis Data Received: 
11/13/2024 18:27:59 [Information] Z Axis Data Received: M
11/13/2024 18:27:59 [Information] Z Axis Data Received: 
11/13/2024 18:27:59 [Information] Z Axis Data Received: 
11/13/2024 18:27:59 [Information] Z Axis Data Received: D
11/13/2024 18:27:59 [Information] Z Axis Data Received: 
11/13/2024 18:27:59 [Information] Z Axis Data Received: 
11/13/2024 18:27:59 [Information] Z Axis Data Received: P
11/13/2024 18:27:59 [Information] Z Axis Data Received: 
11/13/2024 18:27:59 [Information] Z Axis Data Received: 
11/13/2024 18:27:59 [Information] Z Axis Data Received: V
11/13/2024 18:27:59 [Information] Z Axis Data Received: 
11/13/2024 18:27:59 [Information] Z Axis Data Received: 
11/13/2024 18:27:59 [Information] Z Axis Data Received: 

11/13/2024 18:27:59 [Information] Z Axis Data Received: 
11/13/2024 18:27:59 [Information] Z Axis Data Received: 
11/13/2024 18:27:59 [Information] Z Axis Data Received: V
11/13/2024 18:27:59 [Information] Z Axis Data Received: 
11/13/2024 18:27:59 [Information] Z Axis Data Received: 
11/13/2024 18:27:59 [Information] Z Axis Data Received: M
11/13/2024 18:27:59 [Information] Z Axis Data Received: 
11/13/2024 18:27:59 [Information] Z Axis Data Received: 
11/13/2024 18:27:59 [Information] Z Axis Data Received: D
11/13/2024 18:27:59 [Information] Z Axis Data Received: 
11/13/2024 18:27:59 [Information] Z Axis Data Received: 
11/13/2024 18:27:59 [Information] Z Axis Data Received: P
11/13/2024 18:27:59 [Information] Z Axis Data Received: 
11/13/2024 18:27:59 [Information] Z Axis Data Received: 
11/13/2024 18:27:59 [Information] Z Axis Data Received: R
11/13/2024 18:27:59 [Information] Z Axis Data Received: 
11/13/2024 18:27:59 [Information] Z Axis Data Received: 
11/13/2024 18:27:59 [Information] Z Axis Data Received: _
11/13/2024 18:27:59 [Information] Z Axis Data Received: 
11/13/2024 18:27:59 [Information] Z Axis Data Received: 
11/13/2024 18:27:59 [Information] Z Axis Run button clicked:
11/13/2024 18:27:59 [Information] Z Axis MotorMovementSeconds decimal: (-4.00 / 4) / 2 = -0.50
11/13/2024 18:28:00 [Information] Z Axis Run Event: Z,0.00,400.00,0,0.00,400.00,0,-4.00,400.00,0
11/13/2024 18:28:00 [Information] Z Axis Current Time: 06:28:00 + 0 = 06:28:00
11/13/2024 18:28:00 [Information] Stepper Motor Controller Enable Z Axis controls after moving to location.
11/13/2024 18:28:00 [Information] Stepper Motor Controller Stopwatch Stopped.
11/13/2024 18:28:00 [Information] Stepper Motor Controller Timer Stopped.
11/13/2024 18:28:00 [Information] Stepper Motor Controller Stopwatch Reset.
11/13/2024 18:28:01 [Information] Z Axis Data Received: Z
11/13/2024 18:28:01 [Information] Z Axis Data Received: 
11/13/2024 18:28:01 [Information] Z Axis Data Received: 
11/13/2024 18:28:01 [Information] Z Axis Data Received:  
11/13/2024 18:28:01 [Information] Z Axis Data Received: 
11/13/2024 18:28:01 [Information] Z Axis Data Received: 
11/13/2024 18:28:01 [Information] Z Axis Data Received: A
11/13/2024 18:28:01 [Information] Z Axis Data Received: 
11/13/2024 18:28:01 [Information] Z Axis Data Received: 
11/13/2024 18:28:01 [Information] Z Axis Data Received: x
11/13/2024 18:28:01 [Information] Z Axis Data Received: 
11/13/2024 18:28:01 [Information] Z Axis Data Received: 
11/13/2024 18:28:01 [Information] Z Axis Data Received: i
11/13/2024 18:28:01 [Information] Z Axis Data Received: 
11/13/2024 18:28:01 [Information] Z Axis Data Received: s
11/13/2024 18:28:01 [Information] Z Axis Data Received:  
11/13/2024 18:28:01 [Information] Z Axis Data Received: 
11/13/2024 18:28:01 [Information] Z Axis Data Received: 
11/13/2024 18:28:01 [Information] Z Axis Data Received: A
11/13/2024 18:28:01 [Information] Z Axis Data Received: 
11/13/2024 18:28:01 [Information] Z Axis Data Received: 
11/13/2024 18:28:01 [Information] Z Axis Data Received: b
11/13/2024 18:28:01 [Information] Z Axis Data Received: 
11/13/2024 18:28:01 [Information] Z Axis Data Received: 
11/13/2024 18:28:01 [Information] Z Axis Data Received: s
11/13/2024 18:28:01 [Information] Z Axis Data Received: 
11/13/2024 18:28:01 [Information] Z Axis Data Received: 
11/13/2024 18:28:01 [Information] Z Axis Data Received: o
11/13/2024 18:28:01 [Information] Z Axis Data Received: 
11/13/2024 18:28:01 [Information] Z Axis Data Received: 
11/13/2024 18:28:01 [Information] Z Axis Data Received: l
11/13/2024 18:28:01 [Information] Z Axis Data Received: 
11/13/2024 18:28:01 [Information] Z Axis Data Received: 
11/13/2024 18:28:01 [Information] Z Axis Data Received: u
11/13/2024 18:28:01 [Information] Z Axis Data Received: 
11/13/2024 18:28:01 [Information] Z Axis Data Received: 
11/13/2024 18:28:01 [Information] Z Axis Data Received: t
11/13/2024 18:28:01 [Information] Z Axis Data Received: 
11/13/2024 18:28:01 [Information] Z Axis Data Received: 
11/13/2024 18:28:01 [Information] Z Axis Data Received: e
11/13/2024 18:28:01 [Information] Z Axis Data Received: 
11/13/2024 18:28:01 [Information] Z Axis Data Received: 
11/13/2024 18:28:01 [Information] Z Axis Data Received:  
11/13/2024 18:28:01 [Information] Z Axis Data Received: 
11/13/2024 18:28:01 [Information] Z Axis Data Received: 
11/13/2024 18:28:01 [Information] Z Axis Data Received: P
11/13/2024 18:28:01 [Information] Z Axis Data Received: 
11/13/2024 18:28:01 [Information] Z Axis Data Received: 
11/13/2024 18:28:01 [Information] Z Axis Data Received: o
11/13/2024 18:28:01 [Information] Z Axis Data Received: 
11/13/2024 18:28:01 [Information] Z Axis Data Received: 
11/13/2024 18:28:01 [Information] Z Axis Data Received: s
11/13/2024 18:28:01 [Information] Z Axis Data Received: 
11/13/2024 18:28:01 [Information] Z Axis Data Received: 
11/13/2024 18:28:01 [Information] Z Axis Data Received: i
11/13/2024 18:28:01 [Information] Z Axis Data Received: 
11/13/2024 18:28:01 [Information] Z Axis Data Received: 
11/13/2024 18:28:01 [Information] Z Axis Data Received: t
11/13/2024 18:28:01 [Information] Z Axis Data Received: 
11/13/2024 18:28:01 [Information] Z Axis Data Received: 
11/13/2024 18:28:01 [Information] Z Axis Data Received: i
11/13/2024 18:28:01 [Information] Z Axis Data Received: 
11/13/2024 18:28:01 [Information] Z Axis Data Received: 
11/13/2024 18:28:01 [Information] Z Axis Data Received: o
11/13/2024 18:28:01 [Information] Z Axis Data Received: 
11/13/2024 18:28:01 [Information] Z Axis Data Received: 
11/13/2024 18:28:01 [Information] Z Axis Data Received: n
11/13/2024 18:28:01 [Information] Z Axis Data Received: 
11/13/2024 18:28:01 [Information] Z Axis Data Received: 
11/13/2024 18:28:01 [Information] Z Axis Data Received:  
11/13/2024 18:28:01 [Information] Z Axis Data Received: 
11/13/2024 18:28:01 [Information] Z Axis Data Received: 
11/13/2024 18:28:01 [Information] Z Axis Data Received: 2
11/13/2024 18:28:01 [Information] Z Axis Data Received: 
11/13/2024 18:28:01 [Information] Z Axis Data Received: 
11/13/2024 18:28:01 [Information] Z Axis Data Received: 0
11/13/2024 18:28:01 [Information] Z Axis Data Received: 
11/13/2024 18:28:01 [Information] Z Axis Data Received: 
11/13/2024 18:28:01 [Information] Z Axis Data Received: 0
11/13/2024 18:28:01 [Information] Z Axis Data Received: 
11/13/2024 18:28:01 [Information] Z Axis Data Received: 
11/13/2024 18:28:01 [Information] Z Axis Data Received: .
11/13/2024 18:28:01 [Information] Z Axis Data Received: 
11/13/2024 18:28:01 [Information] Z Axis Data Received: 
11/13/2024 18:28:01 [Information] Z Axis Data Received: 0
11/13/2024 18:28:01 [Information] Z Axis Data Received: 
11/13/2024 18:28:01 [Information] Z Axis Data Received: 
11/13/2024 18:28:01 [Information] Z Axis Data Received: 0
11/13/2024 18:28:01 [Information] Z Axis Data Received: 
11/13/2024 18:28:01 [Information] Z Axis Data Received: 
11/13/2024 18:28:01 [Information] Z Axis Data Received: 
11/13/2024 18:28:01 [Information] Z Axis Data Received: 
11/13/2024 18:28:01 [Information] Z Axis Data Received: 
11/13/2024 18:28:01 [Information] Z Axis Data Received: 

11/13/2024 18:28:01 [Information] Z Axis Data Received: 
11/13/2024 18:28:01 [Information] Z Axis Data Received: 
11/13/2024 18:28:01 [Information] Z Axis Data Received: ?
11/13/2024 18:28:01 [Information] Z Axis Data Received: 
11/13/2024 18:28:01 [Information] Z Axis Data Received: 
11/13/2024 18:28:05 [Information] Z Axis Data Received: V
11/13/2024 18:28:05 [Information] Z Axis Data Received: 
11/13/2024 18:28:05 [Information] Z Axis Data Received: M
11/13/2024 18:28:05 [Information] Z Axis Data Received: D
11/13/2024 18:28:05 [Information] Z Axis Data Received: 
11/13/2024 18:28:05 [Information] Z Axis Data Received: 
11/13/2024 18:28:05 [Information] Z Axis Data Received: P
11/13/2024 18:28:05 [Information] Z Axis Data Received: 
11/13/2024 18:28:05 [Information] Z Axis Data Received: 
11/13/2024 18:28:05 [Information] Z Axis Data Received: V
11/13/2024 18:28:05 [Information] Z Axis Data Received: 
11/13/2024 18:28:05 [Information] Z Axis Data Received: 
11/13/2024 18:28:05 [Information] Z Axis Data Received: _
11/13/2024 18:28:05 [Information] Z Axis Data Received: 
11/13/2024 18:28:05 [Information] Z Axis Data Received: 
11/13/2024 18:28:05 [Information] Z Axis Data Received: 1
11/13/2024 18:28:05 [Information] Z Axis Data Received: 
11/13/2024 18:28:05 [Information] Z Axis Data Received: 
11/13/2024 18:28:05 [Information] Z Axis Data Received: |
11/13/2024 18:28:05 [Information] Z Axis Data Received: 
11/13/2024 18:28:05 [Information] Z Axis Data Received: 
11/13/2024 18:28:05 [Information] Z Axis Data Received: 1
11/13/2024 18:28:05 [Information] Z Axis Data Received: 
11/13/2024 18:28:05 [Information] Z Axis Data Received: _
11/13/2024 18:28:05 [Information] Z Axis Data Received: V
11/13/2024 18:28:05 [Information] Z Axis Data Received: 
11/13/2024 18:28:05 [Information] Z Axis Data Received: 
11/13/2024 18:28:05 [Information] Z Axis Data Received: M
11/13/2024 18:28:05 [Information] Z Axis Data Received: 
11/13/2024 18:28:05 [Information] Z Axis Data Received: D
11/13/2024 18:28:05 [Information] Z Axis Data Received: P
11/13/2024 18:28:05 [Information] Z Axis Data Received: 
11/13/2024 18:28:05 [Information] Z Axis Data Received: 
11/13/2024 18:28:05 [Information] Z Axis Data Received: V
11/13/2024 18:28:05 [Information] Z Axis Data Received: 
11/13/2024 18:28:05 [Information] Z Axis Data Received: 
11/13/2024 18:28:05 [Information] Z Axis Data Received: 

11/13/2024 18:28:05 [Information] Z Axis Data Received: 
11/13/2024 18:28:05 [Information] Z Axis Data Received: 
11/13/2024 18:28:05 [Information] Z Axis Data Received: V
11/13/2024 18:28:05 [Information] Z Axis Data Received: 
11/13/2024 18:28:05 [Information] Z Axis Data Received: 
11/13/2024 18:28:05 [Information] Z Axis Data Received: M
11/13/2024 18:28:05 [Information] Z Axis Data Received: 
11/13/2024 18:28:05 [Information] Z Axis Data Received: 
11/13/2024 18:28:05 [Information] Z Axis Data Received: D
11/13/2024 18:28:05 [Information] Z Axis Data Received: 
11/13/2024 18:28:05 [Information] Z Axis Data Received: 
11/13/2024 18:28:05 [Information] Z Axis Data Received: P
11/13/2024 18:28:05 [Information] Z Axis Data Received: 
11/13/2024 18:28:05 [Information] Z Axis Data Received: 
11/13/2024 18:28:05 [Information] Z Axis Data Received: R
11/13/2024 18:28:05 [Information] Z Axis Data Received: 
11/13/2024 18:28:05 [Information] Z Axis Data Received: 
11/13/2024 18:28:05 [Information] Z Axis Data Received: _
11/13/2024 18:28:05 [Information] Z Axis Data Received: 
11/13/2024 18:28:05 [Information] Z Axis Data Received: 
11/13/2024 18:28:17 [Information] Z Axis mouse controlled Keypad returned: 4.00
11/13/2024 18:28:18 [Information] Z Axis Run button clicked:
11/13/2024 18:28:18 [Information] Z Axis MotorMovementSeconds decimal: (4.00 / 4) / 2 = 0.50
11/13/2024 18:28:19 [Information] Z Axis Run Event: Z,0.00,400.00,0,0.00,400.00,0,4.00,400.00,0
11/13/2024 18:28:19 [Information] Z Axis Current Time: 06:28:19 + 0 = 06:28:19
11/13/2024 18:28:19 [Information] Stepper Motor Controller Enable Z Axis controls after moving to location.
11/13/2024 18:28:19 [Information] Stepper Motor Controller Stopwatch Stopped.
11/13/2024 18:28:19 [Information] Stepper Motor Controller Timer Stopped.
11/13/2024 18:28:19 [Information] Stepper Motor Controller Stopwatch Reset.
11/13/2024 18:28:20 [Information] Z Axis Data Received: Z
11/13/2024 18:28:20 [Information] Z Axis Data Received:  A
11/13/2024 18:28:20 [Information] Z Axis Data Received: x
11/13/2024 18:28:20 [Information] Z Axis Data Received: is Absolute Position 200.00

11/13/2024 18:28:20 [Information] Z Axis Data Received: ?
11/13/2024 18:28:20 [Information] Z Axis Data Received: 
11/13/2024 18:28:23 [Information] Stepper Motor Controller MainWindow Closing.
11/13/2024 18:28:23 [Information] Stepper Motor Controller Serial Ports closed.
11/13/2024 18:28:23 [Information] Properties Settings Saved.
11/13/2024 18:28:23 [Information] Properties Settings Form Closed.
11/13/2024 18:28:23 [Information] Stepper Motor Controller Form Closed.
