11/16/2024 12:39:18 [Information] Stepper Motor Controller Application Started.
11/16/2024 12:39:18 [Information] Version: 3.0.9086.22774 (11/16/2024 12:39:18)
11/16/2024 12:39:18 [Information] SerialPort COM7 not connected.
11/16/2024 12:39:18 [Information] SerialPort COM8 not connected.
11/16/2024 12:39:18 [Information] Stepper Motor Controller Application Started.
11/16/2024 12:39:18 [Information] Version: 3.0.9086.22774 (11/16/2024 12:39:18)
11/16/2024 12:39:18 [Information] Version: 3.1.0.22775 (11/16/2024 12:39:18)
11/16/2024 12:39:18 [Information] Version: 3.1.0.22775 (11/16/2024 12:39:18)
11/16/2024 12:39:18 [Information] Stepper Motor Controller Application Settings Window Opened.
11/16/2024 12:39:18 [Information] Stepper Motor Controller Application Settings form is rebuilt each and every time it is opened.
11/16/2024 12:39:18 [Information] int: 9600 BaudRate added to the Settings Form.
11/16/2024 12:39:18 [Information] bool: False ckbXaxisResetToZeroIsChecked added to the Settings Form.
11/16/2024 12:39:18 [Information] bool: False ckbYaxisResetToZeroIsChecked added to the Settings Form.
11/16/2024 12:39:18 [Information] bool: False ckbZaxisResetToZeroIsChecked added to the Settings Form.
11/16/2024 12:39:18 [Information] COM1: ComPort added to the Settings Form.
11/16/2024 12:39:18 [Information] COM2: ComPort added to the Settings Form.
11/16/2024 12:39:18 [Information] COM3: ComPort added to the Settings Form.
11/16/2024 12:39:18 [Information] COM4: ComPort added to the Settings Form.
11/16/2024 12:39:18 [Information] COM5: ComPort added to the Settings Form.
11/16/2024 12:39:18 [Information] COM6: ComPort added to the Settings Form.
11/16/2024 12:39:18 [Information] COM7: ComPort added to the Settings Form.
11/16/2024 12:39:18 [Information] COM8: ComPort added to the Settings Form.
11/16/2024 12:39:18 [Information] COM9: ComPort added to the Settings Form.
11/16/2024 12:39:18 [Information] COM10: ComPort added to the Settings Form.
11/16/2024 12:39:18 [Information] decimal: 4.00 Divider4_00 added to the Settings Form.
11/16/2024 12:39:18 [Information] decimal: 0.00 MathPart2Initlz added to the Settings Form.
11/16/2024 12:39:18 [Information] decimal: 1.00 MilisecondTimerInterval added to the Settings Form.
11/16/2024 12:39:18 [Information] decimal: 1000.00 MillisecondDelay added to the Settings Form.
11/16/2024 12:39:18 [Information] int: 1000 Milliseconds added to the Settings Form.
11/16/2024 12:39:18 [Information] int: 4 mmPerRevolution added to the Settings Form.
11/16/2024 12:39:18 [Information] int: 2000 ThreadSleep added to the Settings Form.
11/16/2024 12:39:18 [Information] decimal: 0.00 Value_0_00 added to the Settings Form.
11/16/2024 12:39:18 [Information] decimal: 50.00 XaxisAcceleration added to the Settings Form.
11/16/2024 12:39:18 [Information] bool: False XaxisChanged added to the Settings Form.
11/16/2024 12:39:18 [Information] decimal: 400.00 XaxisMotorSpeed added to the Settings Form.
11/16/2024 12:39:18 [Information] decimal: 0.00 XaxisStepperCurrent added to the Settings Form.
11/16/2024 12:39:18 [Information] decimal: 0.00 XaxisStepperMove added to the Settings Form.
11/16/2024 12:39:18 [Information] XCOM1: XComPort added to the Settings Form.
11/16/2024 12:39:18 [Information] XCOM2: XComPort added to the Settings Form.
11/16/2024 12:39:18 [Information] XCOM3: XComPort added to the Settings Form.
11/16/2024 12:39:18 [Information] XCOM4: XComPort added to the Settings Form.
11/16/2024 12:39:18 [Information] XCOM5: XComPort added to the Settings Form.
11/16/2024 12:39:18 [Information] XCOM6: XComPort added to the Settings Form.
11/16/2024 12:39:18 [Information] XCOM7: XComPort added to the Settings Form.
11/16/2024 12:39:18 [Information] XCOM8: XComPort added to the Settings Form.
11/16/2024 12:39:18 [Information] XCOM9: XComPort added to the Settings Form.
11/16/2024 12:39:18 [Information] XCOM10: XComPort added to the Settings Form.
11/16/2024 12:39:18 [Information] decimal: 50.00 YaxisAcceleration added to the Settings Form.
11/16/2024 12:39:18 [Information] bool: False YaxisChanged added to the Settings Form.
11/16/2024 12:39:18 [Information] decimal: 400.00 YaxisMotorSpeed added to the Settings Form.
11/16/2024 12:39:18 [Information] decimal: 0.00 YaxisStepperCurrent added to the Settings Form.
11/16/2024 12:39:18 [Information] decimal: 0.00 YaxisStepperMove added to the Settings Form.
11/16/2024 12:39:18 [Information] YCOM1: YComPort added to the Settings Form.
11/16/2024 12:39:18 [Information] YCOM2: YComPort added to the Settings Form.
11/16/2024 12:39:18 [Information] YCOM3: YComPort added to the Settings Form.
11/16/2024 12:39:18 [Information] YCOM4: YComPort added to the Settings Form.
11/16/2024 12:39:18 [Information] YCOM5: YComPort added to the Settings Form.
11/16/2024 12:39:18 [Information] YCOM6: YComPort added to the Settings Form.
11/16/2024 12:39:18 [Information] YCOM7: YComPort added to the Settings Form.
11/16/2024 12:39:18 [Information] YCOM8: YComPort added to the Settings Form.
11/16/2024 12:39:18 [Information] YCOM9: YComPort added to the Settings Form.
11/16/2024 12:39:18 [Information] YCOM10: YComPort added to the Settings Form.
11/16/2024 12:39:18 [Information] decimal: 50.00 ZaxisAcceleration added to the Settings Form.
11/16/2024 12:39:18 [Information] bool: False ZaxisChanged added to the Settings Form.
11/16/2024 12:39:18 [Information] decimal: 400.00 ZaxisMotorSpeed added to the Settings Form.
11/16/2024 12:39:18 [Information] decimal: 0.00 ZaxisStepperCurrent added to the Settings Form.
11/16/2024 12:39:18 [Information] decimal: 0.00 ZaxisStepperMove added to the Settings Form.
11/16/2024 12:39:18 [Information] ZCOM1: ZComPort added to the Settings Form.
11/16/2024 12:39:18 [Information] ZCOM2: ZComPort added to the Settings Form.
11/16/2024 12:39:18 [Information] ZCOM3: ZComPort added to the Settings Form.
11/16/2024 12:39:18 [Information] ZCOM4: ZComPort added to the Settings Form.
11/16/2024 12:39:18 [Information] ZCOM5: ZComPort added to the Settings Form.
11/16/2024 12:39:18 [Information] ZCOM6: ZComPort added to the Settings Form.
11/16/2024 12:39:18 [Information] ZCOM7: ZComPort added to the Settings Form.
11/16/2024 12:39:18 [Information] ZCOM8: ZComPort added to the Settings Form.
11/16/2024 12:39:18 [Information] ZCOM9: ZComPort added to the Settings Form.
11/16/2024 12:39:18 [Information] ZCOM10: ZComPort added to the Settings Form.
11/16/2024 12:39:18 [Information] int: 0 zeroXaxis added to the Settings Form.
11/16/2024 12:39:18 [Information] int: 0 zeroYaxis added to the Settings Form.
11/16/2024 12:39:18 [Information] int: 0 zeroZaxis added to the Settings Form.
11/16/2024 12:39:19 [Information] Stepper Motor Controller MainWindow loaded
11/16/2024 12:39:19 [Information] Set MainWindow Media Brushes to White.
11/16/2024 12:39:26 [Information] Z Axis mouse controlled Keypad returned: 64.00
11/16/2024 12:40:35 [Information] Z Axis Run button clicked:
11/16/2024 12:40:35 [Information] Z Axis MotorMovementSeconds decimal: (64.00 / 4) / 2 = 8.00
11/16/2024 12:40:36 [Information] Z Axis Run Event: Z,0.00,400.00,0,0.00,400.00,0,64.00,400.00,0
11/16/2024 12:40:36 [Information] Z Axis Current Time: 12:40:36 + 8000 = 12:40:44
11/16/2024 12:40:36 [Information] Stepper Motor Controller Disable Z Axis controls while moving to location.
11/16/2024 12:40:36 [Information] Time remaining: 00:00:00 targetEndTime = 12:40:44
11/16/2024 12:40:36 [Information] Z Axis Data Received: ????????????????????????????????????????????????????????????????serialData: Z,0.00,400.00,0,0.00,400.00,0,64.00,400.00,0

11/16/2024 12:40:36 [Information] Stepper Motor Controller Disable Z Axis controls while moving to location.
11/16/2024 12:40:36 [Information] Time remaining: 00:00:00 targetEndTime = 12:40:44
11/16/2024 12:40:36 [Information] Stepper Motor Controller Disable Z Axis controls while moving to location.
11/16/2024 12:40:36 [Information] Time remaining: 00:00:00 targetEndTime = 12:40:44
11/16/2024 12:40:36 [Information] Stepper Motor Controller Disable Z Axis controls while moving to location.
11/16/2024 12:40:36 [Information] Time remaining: 00:00:00 targetEndTime = 12:40:44
11/16/2024 12:40:36 [Information] Stepper Motor Controller Disable Z Axis controls while moving to location.
11/16/2024 12:40:36 [Information] Time remaining: 00:00:00 targetEndTime = 12:40:44
11/16/2024 12:40:36 [Information] Stepper Motor Controller Disable Z Axis controls while moving to location.
11/16/2024 12:40:36 [Information] Time remaining: 00:00:00 targetEndTime = 12:40:44
11/16/2024 12:40:36 [Information] Stepper Motor Controller Disable Z Axis controls while moving to location.
11/16/2024 12:40:36 [Information] Time remaining: 00:00:00 targetEndTime = 12:40:44
11/16/2024 12:40:36 [Information] Stepper Motor Controller Disable Z Axis controls while moving to location.
11/16/2024 12:40:36 [Information] Time remaining: 00:00:00 targetEndTime = 12:40:44
11/16/2024 12:40:36 [Information] Stepper Motor Controller Disable Z Axis controls while moving to location.
11/16/2024 12:40:36 [Information] Time remaining: 00:00:00 targetEndTime = 12:40:44
11/16/2024 12:40:36 [Information] Stepper Motor Controller Disable Z Axis controls while moving to location.
11/16/2024 12:40:36 [Information] Time remaining: 00:00:00 targetEndTime = 12:40:44
11/16/2024 12:40:36 [Information] Stepper Motor Controller Disable Z Axis controls while moving to location.
11/16/2024 12:40:36 [Information] Time remaining: 00:00:00 targetEndTime = 12:40:44
11/16/2024 12:40:36 [Information] Stepper Motor Controller Disable Z Axis controls while moving to location.
11/16/2024 12:40:36 [Information] Time remaining: 00:00:00 targetEndTime = 12:40:44
11/16/2024 12:40:36 [Information] Stepper Motor Controller Disable Z Axis controls while moving to location.
11/16/2024 12:40:36 [Information] Time remaining: 00:00:00 targetEndTime = 12:40:44
11/16/2024 12:40:36 [Information] Stepper Motor Controller Disable Z Axis controls while moving to location.
11/16/2024 12:40:36 [Information] Time remaining: 00:00:00 targetEndTime = 12:40:44
11/16/2024 12:40:36 [Information] Stepper Motor Controller Disable Z Axis controls while moving to location.
11/16/2024 12:40:36 [Information] Time remaining: 00:00:00 targetEndTime = 12:40:44
11/16/2024 12:40:36 [Information] Stepper Motor Controller Disable Z Axis controls while moving to location.
11/16/2024 12:40:36 [Information] Time remaining: 00:00:00 targetEndTime = 12:40:44
11/16/2024 12:40:36 [Information] Stepper Motor Controller Disable Z Axis controls while moving to location.
11/16/2024 12:40:36 [Information] Time remaining: 00:00:00 targetEndTime = 12:40:44
11/16/2024 12:40:36 [Information] Stepper Motor Controller Disable Z Axis controls while moving to location.
11/16/2024 12:40:36 [Information] Time remaining: 00:00:00 targetEndTime = 12:40:44
11/16/2024 12:40:36 [Information] Stepper Motor Controller Disable Z Axis controls while moving to location.
11/16/2024 12:40:36 [Information] Time remaining: 00:00:00 targetEndTime = 12:40:44
11/16/2024 12:40:36 [Information] Stepper Motor Controller Disable Z Axis controls while moving to location.
11/16/2024 12:40:36 [Information] Time remaining: 00:00:00 targetEndTime = 12:40:44
11/16/2024 12:40:36 [Information] Stepper Motor Controller Disable Z Axis controls while moving to location.
11/16/2024 12:40:36 [Information] Time remaining: 00:00:00 targetEndTime = 12:40:44
11/16/2024 12:40:36 [Information] Stepper Motor Controller Disable Z Axis controls while moving to location.
11/16/2024 12:40:36 [Information] Time remaining: 00:00:00 targetEndTime = 12:40:44
11/16/2024 12:40:36 [Information] Stepper Motor Controller Disable Z Axis controls while moving to location.
11/16/2024 12:40:36 [Information] Time remaining: 00:00:00 targetEndTime = 12:40:44
11/16/2024 12:40:36 [Information] Stepper Motor Controller Disable Z Axis controls while moving to location.
11/16/2024 12:40:36 [Information] Time remaining: 00:00:00 targetEndTime = 12:40:44
11/16/2024 12:40:36 [Information] Stepper Motor Controller Disable Z Axis controls while moving to location.
11/16/2024 12:40:36 [Information] Time remaining: 00:00:00 targetEndTime = 12:40:44
11/16/2024 12:40:36 [Information] Stepper Motor Controller Disable Z Axis controls while moving to location.
11/16/2024 12:40:36 [Information] Time remaining: 00:00:00 targetEndTime = 12:40:44
11/16/2024 12:40:36 [Information] Stepper Motor Controller Disable Z Axis controls while moving to location.
11/16/2024 12:40:36 [Information] Time remaining: 00:00:00 targetEndTime = 12:40:44
11/16/2024 12:40:36 [Information] Stepper Motor Controller Disable Z Axis controls while moving to location.
11/16/2024 12:40:36 [Information] Time remaining: 00:00:00 targetEndTime = 12:40:44
11/16/2024 12:40:36 [Information] Stepper Motor Controller Disable Z Axis controls while moving to location.
11/16/2024 12:40:36 [Information] Time remaining: 00:00:00 targetEndTime = 12:40:44
11/16/2024 12:40:36 [Information] Stepper Motor Controller Disable Z Axis controls while moving to location.
11/16/2024 12:40:36 [Information] Time remaining: 00:00:00 targetEndTime = 12:40:44
11/16/2024 12:40:36 [Information] Stepper Motor Controller Disable Z Axis controls while moving to location.
11/16/2024 12:40:36 [Information] Time remaining: 00:00:00 targetEndTime = 12:40:44
11/16/2024 12:40:36 [Information] Stepper Motor Controller Disable Z Axis controls while moving to location.
11/16/2024 12:40:36 [Information] Time remaining: 00:00:00 targetEndTime = 12:40:44
11/16/2024 12:40:36 [Information] Stepper Motor Controller Disable Z Axis controls while moving to location.
11/16/2024 12:40:36 [Information] Time remaining: 00:00:00 targetEndTime = 12:40:44
11/16/2024 12:40:37 [Information] Stepper Motor Controller Disable Z Axis controls while moving to location.
11/16/2024 12:40:37 [Information] Time remaining: 00:00:00 targetEndTime = 12:40:44
11/16/2024 12:40:37 [Information] Stepper Motor Controller Disable Z Axis controls while moving to location.
11/16/2024 12:40:37 [Information] Time remaining: 00:00:00 targetEndTime = 12:40:44
11/16/2024 12:40:37 [Information] Stepper Motor Controller Disable Z Axis controls while moving to location.
11/16/2024 12:40:37 [Information] Time remaining: 00:00:01 targetEndTime = 12:40:44
11/16/2024 12:40:37 [Information] Stepper Motor Controller Disable Z Axis controls while moving to location.
11/16/2024 12:40:37 [Information] Time remaining: 00:00:01 targetEndTime = 12:40:44
11/16/2024 12:40:37 [Information] Stepper Motor Controller Disable Z Axis controls while moving to location.
11/16/2024 12:40:37 [Information] Time remaining: 00:00:01 targetEndTime = 12:40:44
11/16/2024 12:40:37 [Information] Stepper Motor Controller Disable Z Axis controls while moving to location.
11/16/2024 12:40:37 [Information] Time remaining: 00:00:01 targetEndTime = 12:40:44
11/16/2024 12:40:37 [Information] Stepper Motor Controller Disable Z Axis controls while moving to location.
11/16/2024 12:40:37 [Information] Time remaining: 00:00:01 targetEndTime = 12:40:44
11/16/2024 12:40:37 [Information] Z Axis Data Received: Z
11/16/2024 12:40:37 [Information] Z Axis Data Received:  
11/16/2024 12:40:37 [Information] Z Axis Data Received: A
11/16/2024 12:40:37 [Information] Z Axis Data Received: x
11/16/2024 12:40:37 [Information] Z Axis Data Received: i
11/16/2024 12:40:37 [Information] Z Axis Data Received: s
11/16/2024 12:40:37 [Information] Z Axis Data Received:  CCW STOPPED
Z Axis Motor Stopped
Z Axis CCW Limit Switch Reset

11/16/2024 12:40:37 [Information] Time remaining: 00:00:01 targetEndTime = 12:40:44
11/16/2024 12:40:37 [Information] Stepper Motor Controller Disable Z Axis controls while moving to location.
11/16/2024 12:40:37 [Information] Time remaining: 00:00:01 targetEndTime = 12:40:44
11/16/2024 12:40:37 [Information] Stepper Motor Controller Disable Z Axis controls while moving to location.
11/16/2024 12:40:37 [Information] Time remaining: 00:00:01 targetEndTime = 12:40:44
11/16/2024 12:40:37 [Information] Stepper Motor Controller Disable Z Axis controls while moving to location.
11/16/2024 12:40:37 [Information] Time remaining: 00:00:01 targetEndTime = 12:40:44
11/16/2024 12:40:37 [Information] Stepper Motor Controller Disable Z Axis controls while moving to location.
11/16/2024 12:40:37 [Information] Time remaining: 00:00:01 targetEndTime = 12:40:44
11/16/2024 12:40:37 [Information] Stepper Motor Controller Disable Z Axis controls while moving to location.
11/16/2024 12:40:37 [Information] Time remaining: 00:00:01 targetEndTime = 12:40:44
11/16/2024 12:40:37 [Information] Stepper Motor Controller Disable Z Axis controls while moving to location.
11/16/2024 12:40:37 [Information] Time remaining: 00:00:01 targetEndTime = 12:40:44
11/16/2024 12:40:37 [Information] Stepper Motor Controller Disable Z Axis controls while moving to location.
11/16/2024 12:40:37 [Information] Time remaining: 00:00:01 targetEndTime = 12:40:44
11/16/2024 12:40:37 [Information] Stepper Motor Controller Disable Z Axis controls while moving to location.
11/16/2024 12:40:37 [Information] Time remaining: 00:00:01 targetEndTime = 12:40:44
11/16/2024 12:40:37 [Information] Stepper Motor Controller Disable Z Axis controls while moving to location.
11/16/2024 12:40:37 [Information] Time remaining: 00:00:01 targetEndTime = 12:40:44
11/16/2024 12:40:37 [Information] Stepper Motor Controller Disable Z Axis controls while moving to location.
11/16/2024 12:40:37 [Information] Time remaining: 00:00:01 targetEndTime = 12:40:44
11/16/2024 12:40:37 [Information] Stepper Motor Controller Disable Z Axis controls while moving to location.
11/16/2024 12:40:37 [Information] Time remaining: 00:00:01 targetEndTime = 12:40:44
11/16/2024 12:40:37 [Information] Stepper Motor Controller Disable Z Axis controls while moving to location.
11/16/2024 12:40:37 [Information] Time remaining: 00:00:01 targetEndTime = 12:40:44
11/16/2024 12:40:37 [Information] Stepper Motor Controller Disable Z Axis controls while moving to location.
11/16/2024 12:40:37 [Information] Time remaining: 00:00:01 targetEndTime = 12:40:44
11/16/2024 12:40:37 [Information] Stepper Motor Controller Disable Z Axis controls while moving to location.
11/16/2024 12:40:37 [Information] Time remaining: 00:00:01 targetEndTime = 12:40:44
11/16/2024 12:40:37 [Information] Stepper Motor Controller Disable Z Axis controls while moving to location.
11/16/2024 12:40:37 [Information] Time remaining: 00:00:01 targetEndTime = 12:40:44
11/16/2024 12:40:37 [Information] Stepper Motor Controller Disable Z Axis controls while moving to location.
11/16/2024 12:40:37 [Information] Time remaining: 00:00:01 targetEndTime = 12:40:44
11/16/2024 12:40:37 [Information] Stepper Motor Controller Disable Z Axis controls while moving to location.
11/16/2024 12:40:37 [Information] Time remaining: 00:00:01 targetEndTime = 12:40:44
11/16/2024 12:40:37 [Information] Stepper Motor Controller Disable Z Axis controls while moving to location.
11/16/2024 12:40:37 [Information] Time remaining: 00:00:01 targetEndTime = 12:40:44
11/16/2024 12:40:37 [Information] Stepper Motor Controller Disable Z Axis controls while moving to location.
11/16/2024 12:40:37 [Information] Time remaining: 00:00:01 targetEndTime = 12:40:44
11/16/2024 12:40:37 [Information] Stepper Motor Controller Disable Z Axis controls while moving to location.
11/16/2024 12:40:37 [Information] Time remaining: 00:00:01 targetEndTime = 12:40:44
11/16/2024 12:40:37 [Information] Stepper Motor Controller Disable Z Axis controls while moving to location.
11/16/2024 12:40:37 [Information] Time remaining: 00:00:01 targetEndTime = 12:40:44
11/16/2024 12:40:37 [Information] Stepper Motor Controller Disable Z Axis controls while moving to location.
11/16/2024 12:40:37 [Information] Time remaining: 00:00:01 targetEndTime = 12:40:44
11/16/2024 12:40:37 [Information] Stepper Motor Controller Disable Z Axis controls while moving to location.
11/16/2024 12:40:37 [Information] Time remaining: 00:00:01 targetEndTime = 12:40:44
11/16/2024 12:40:37 [Information] Stepper Motor Controller Disable Z Axis controls while moving to location.
11/16/2024 12:40:37 [Information] Time remaining: 00:00:01 targetEndTime = 12:40:44
11/16/2024 12:40:37 [Information] Stepper Motor Controller Disable Z Axis controls while moving to location.
11/16/2024 12:40:37 [Information] Time remaining: 00:00:01 targetEndTime = 12:40:44
11/16/2024 12:40:37 [Information] Stepper Motor Controller Disable Z Axis controls while moving to location.
11/16/2024 12:40:37 [Information] Time remaining: 00:00:01 targetEndTime = 12:40:44
11/16/2024 12:40:37 [Information] Stepper Motor Controller Disable Z Axis controls while moving to location.
11/16/2024 12:40:37 [Information] Time remaining: 00:00:01 targetEndTime = 12:40:44
11/16/2024 12:40:37 [Information] Stepper Motor Controller Disable Z Axis controls while moving to location.
11/16/2024 12:40:37 [Information] Time remaining: 00:00:01 targetEndTime = 12:40:44
11/16/2024 12:40:37 [Information] Stepper Motor Controller Disable Z Axis controls while moving to location.
11/16/2024 12:40:37 [Information] Time remaining: 00:00:01 targetEndTime = 12:40:44
11/16/2024 12:40:37 [Information] Stepper Motor Controller Disable Z Axis controls while moving to location.
11/16/2024 12:40:37 [Information] Time remaining: 00:00:01 targetEndTime = 12:40:44
11/16/2024 12:40:37 [Information] Stepper Motor Controller Disable Z Axis controls while moving to location.
11/16/2024 12:40:37 [Information] Time remaining: 00:00:01 targetEndTime = 12:40:44
11/16/2024 12:40:37 [Information] Stepper Motor Controller Disable Z Axis controls while moving to location.
11/16/2024 12:40:37 [Information] Time remaining: 00:00:01 targetEndTime = 12:40:44
11/16/2024 12:40:37 [Information] Stepper Motor Controller Disable Z Axis controls while moving to location.
11/16/2024 12:40:37 [Information] Time remaining: 00:00:01 targetEndTime = 12:40:44
11/16/2024 12:40:37 [Information] Stepper Motor Controller Disable Z Axis controls while moving to location.
11/16/2024 12:40:37 [Information] Time remaining: 00:00:01 targetEndTime = 12:40:44
11/16/2024 12:40:37 [Information] Stepper Motor Controller Disable Z Axis controls while moving to location.
11/16/2024 12:40:37 [Information] Time remaining: 00:00:01 targetEndTime = 12:40:44
11/16/2024 12:40:37 [Information] Stepper Motor Controller Disable Z Axis controls while moving to location.
11/16/2024 12:40:37 [Information] Time remaining: 00:00:01 targetEndTime = 12:40:44
11/16/2024 12:40:37 [Information] Stepper Motor Controller Disable Z Axis controls while moving to location.
11/16/2024 12:40:37 [Information] Time remaining: 00:00:01 targetEndTime = 12:40:44
11/16/2024 12:40:37 [Information] Stepper Motor Controller Disable Z Axis controls while moving to location.
11/16/2024 12:40:37 [Information] Time remaining: 00:00:01 targetEndTime = 12:40:44
11/16/2024 12:40:37 [Information] Stepper Motor Controller Disable Z Axis controls while moving to location.
11/16/2024 12:40:37 [Information] Time remaining: 00:00:01 targetEndTime = 12:40:44
11/16/2024 12:40:38 [Information] Stepper Motor Controller Disable Z Axis controls while moving to location.
11/16/2024 12:40:38 [Information] Time remaining: 00:00:01 targetEndTime = 12:40:44
11/16/2024 12:40:38 [Information] Stepper Motor Controller Disable Z Axis controls while moving to location.
11/16/2024 12:40:38 [Information] Time remaining: 00:00:01 targetEndTime = 12:40:44
11/16/2024 12:40:38 [Information] Stepper Motor Controller Disable Z Axis controls while moving to location.
11/16/2024 12:40:38 [Information] Time remaining: 00:00:01 targetEndTime = 12:40:44
11/16/2024 12:40:38 [Information] Stepper Motor Controller Disable Z Axis controls while moving to location.
11/16/2024 12:40:38 [Information] Time remaining: 00:00:01 targetEndTime = 12:40:44
11/16/2024 12:40:38 [Information] Stepper Motor Controller Disable Z Axis controls while moving to location.
11/16/2024 12:40:38 [Information] Time remaining: 00:00:01 targetEndTime = 12:40:44
11/16/2024 12:40:38 [Information] Stepper Motor Controller Disable Z Axis controls while moving to location.
11/16/2024 12:40:38 [Information] Time remaining: 00:00:02 targetEndTime = 12:40:44
11/16/2024 12:40:38 [Information] Stepper Motor Controller Disable Z Axis controls while moving to location.
11/16/2024 12:40:38 [Information] Time remaining: 00:00:02 targetEndTime = 12:40:44
11/16/2024 12:40:38 [Information] Stepper Motor Controller Disable Z Axis controls while moving to location.
11/16/2024 12:40:38 [Information] Time remaining: 00:00:02 targetEndTime = 12:40:44
11/16/2024 12:40:38 [Information] Stepper Motor Controller Disable Z Axis controls while moving to location.
11/16/2024 12:40:38 [Information] Time remaining: 00:00:02 targetEndTime = 12:40:44
11/16/2024 12:40:38 [Information] Stepper Motor Controller Disable Z Axis controls while moving to location.
11/16/2024 12:40:38 [Information] Time remaining: 00:00:02 targetEndTime = 12:40:44
11/16/2024 12:40:38 [Information] Stepper Motor Controller Disable Z Axis controls while moving to location.
11/16/2024 12:40:38 [Information] Time remaining: 00:00:02 targetEndTime = 12:40:44
11/16/2024 12:40:38 [Information] Stepper Motor Controller Disable Z Axis controls while moving to location.
11/16/2024 12:40:38 [Information] Time remaining: 00:00:02 targetEndTime = 12:40:44
11/16/2024 12:40:38 [Information] Stepper Motor Controller Disable Z Axis controls while moving to location.
11/16/2024 12:40:38 [Information] Time remaining: 00:00:02 targetEndTime = 12:40:44
11/16/2024 12:40:38 [Information] Stepper Motor Controller Disable Z Axis controls while moving to location.
11/16/2024 12:40:38 [Information] Time remaining: 00:00:02 targetEndTime = 12:40:44
11/16/2024 12:40:38 [Information] Stepper Motor Controller Disable Z Axis controls while moving to location.
11/16/2024 12:40:38 [Information] Time remaining: 00:00:02 targetEndTime = 12:40:44
11/16/2024 12:40:38 [Information] Stepper Motor Controller Disable Z Axis controls while moving to location.
11/16/2024 12:40:38 [Information] Time remaining: 00:00:02 targetEndTime = 12:40:44
11/16/2024 12:40:38 [Information] Stepper Motor Controller Disable Z Axis controls while moving to location.
11/16/2024 12:40:38 [Information] Time remaining: 00:00:02 targetEndTime = 12:40:44
11/16/2024 12:40:38 [Information] Stepper Motor Controller Disable Z Axis controls while moving to location.
11/16/2024 12:40:38 [Information] Time remaining: 00:00:02 targetEndTime = 12:40:44
11/16/2024 12:40:38 [Information] Stepper Motor Controller Disable Z Axis controls while moving to location.
11/16/2024 12:40:38 [Information] Time remaining: 00:00:02 targetEndTime = 12:40:44
11/16/2024 12:40:38 [Information] Stepper Motor Controller Disable Z Axis controls while moving to location.
11/16/2024 12:40:38 [Information] Time remaining: 00:00:02 targetEndTime = 12:40:44
11/16/2024 12:40:38 [Information] Stepper Motor Controller Disable Z Axis controls while moving to location.
11/16/2024 12:40:38 [Information] Time remaining: 00:00:02 targetEndTime = 12:40:44
11/16/2024 12:40:38 [Information] Stepper Motor Controller Disable Z Axis controls while moving to location.
11/16/2024 12:40:38 [Information] Time remaining: 00:00:02 targetEndTime = 12:40:44
11/16/2024 12:40:38 [Information] Stepper Motor Controller Disable Z Axis controls while moving to location.
11/16/2024 12:40:38 [Information] Time remaining: 00:00:02 targetEndTime = 12:40:44
11/16/2024 12:40:38 [Information] Stepper Motor Controller Disable Z Axis controls while moving to location.
11/16/2024 12:40:38 [Information] Time remaining: 00:00:02 targetEndTime = 12:40:44
11/16/2024 12:40:38 [Information] Stepper Motor Controller Disable Z Axis controls while moving to location.
11/16/2024 12:40:38 [Information] Time remaining: 00:00:02 targetEndTime = 12:40:44
11/16/2024 12:40:38 [Information] Stepper Motor Controller Disable Z Axis controls while moving to location.
11/16/2024 12:40:38 [Information] Time remaining: 00:00:02 targetEndTime = 12:40:44
11/16/2024 12:40:38 [Information] Stepper Motor Controller Disable Z Axis controls while moving to location.
11/16/2024 12:40:38 [Information] Time remaining: 00:00:02 targetEndTime = 12:40:44
11/16/2024 12:40:38 [Information] Stepper Motor Controller Disable Z Axis controls while moving to location.
11/16/2024 12:40:38 [Information] Time remaining: 00:00:02 targetEndTime = 12:40:44
11/16/2024 12:40:38 [Information] Stepper Motor Controller Disable Z Axis controls while moving to location.
11/16/2024 12:40:38 [Information] Time remaining: 00:00:02 targetEndTime = 12:40:44
11/16/2024 12:40:38 [Information] Stepper Motor Controller Disable Z Axis controls while moving to location.
11/16/2024 12:40:38 [Information] Time remaining: 00:00:02 targetEndTime = 12:40:44
11/16/2024 12:40:38 [Information] Stepper Motor Controller Disable Z Axis controls while moving to location.
11/16/2024 12:40:38 [Information] Time remaining: 00:00:02 targetEndTime = 12:40:44
11/16/2024 12:40:38 [Information] Stepper Motor Controller Disable Z Axis controls while moving to location.
11/16/2024 12:40:38 [Information] Time remaining: 00:00:02 targetEndTime = 12:40:44
11/16/2024 12:40:38 [Information] Stepper Motor Controller Disable Z Axis controls while moving to location.
11/16/2024 12:40:38 [Information] Time remaining: 00:00:02 targetEndTime = 12:40:44
11/16/2024 12:40:38 [Information] Stepper Motor Controller Disable Z Axis controls while moving to location.
11/16/2024 12:40:38 [Information] Time remaining: 00:00:02 targetEndTime = 12:40:44
11/16/2024 12:40:38 [Information] Stepper Motor Controller Disable Z Axis controls while moving to location.
11/16/2024 12:40:38 [Information] Time remaining: 00:00:02 targetEndTime = 12:40:44
11/16/2024 12:40:38 [Information] Stepper Motor Controller Disable Z Axis controls while moving to location.
11/16/2024 12:40:38 [Information] Time remaining: 00:00:02 targetEndTime = 12:40:44
11/16/2024 12:40:38 [Information] Stepper Motor Controller Disable Z Axis controls while moving to location.
11/16/2024 12:40:38 [Information] Time remaining: 00:00:02 targetEndTime = 12:40:44
11/16/2024 12:40:38 [Information] Stepper Motor Controller Disable Z Axis controls while moving to location.
11/16/2024 12:40:38 [Information] Time remaining: 00:00:02 targetEndTime = 12:40:44
11/16/2024 12:40:38 [Information] Stepper Motor Controller Disable Z Axis controls while moving to location.
11/16/2024 12:40:38 [Information] Time remaining: 00:00:02 targetEndTime = 12:40:44
11/16/2024 12:40:38 [Information] Stepper Motor Controller Disable Z Axis controls while moving to location.
11/16/2024 12:40:38 [Information] Time remaining: 00:00:02 targetEndTime = 12:40:44
11/16/2024 12:40:38 [Information] Stepper Motor Controller Disable Z Axis controls while moving to location.
11/16/2024 12:40:38 [Information] Time remaining: 00:00:02 targetEndTime = 12:40:44
11/16/2024 12:40:38 [Information] Stepper Motor Controller Disable Z Axis controls while moving to location.
11/16/2024 12:40:38 [Information] Time remaining: 00:00:02 targetEndTime = 12:40:44
11/16/2024 12:40:38 [Information] Stepper Motor Controller Disable Z Axis controls while moving to location.
11/16/2024 12:40:38 [Information] Time remaining: 00:00:02 targetEndTime = 12:40:44
11/16/2024 12:40:38 [Information] Stepper Motor Controller Disable Z Axis controls while moving to location.
11/16/2024 12:40:38 [Information] Time remaining: 00:00:02 targetEndTime = 12:40:44
11/16/2024 12:40:38 [Information] Stepper Motor Controller Disable Z Axis controls while moving to location.
11/16/2024 12:40:38 [Information] Time remaining: 00:00:02 targetEndTime = 12:40:44
11/16/2024 12:40:38 [Information] Stepper Motor Controller Disable Z Axis controls while moving to location.
11/16/2024 12:40:38 [Information] Time remaining: 00:00:02 targetEndTime = 12:40:44
11/16/2024 12:40:38 [Information] Stepper Motor Controller Disable Z Axis controls while moving to location.
11/16/2024 12:40:38 [Information] Time remaining: 00:00:02 targetEndTime = 12:40:44
11/16/2024 12:40:38 [Information] Stepper Motor Controller Disable Z Axis controls while moving to location.
11/16/2024 12:40:38 [Information] Time remaining: 00:00:02 targetEndTime = 12:40:44
11/16/2024 12:40:38 [Information] Stepper Motor Controller Disable Z Axis controls while moving to location.
11/16/2024 12:40:38 [Information] Time remaining: 00:00:02 targetEndTime = 12:40:44
11/16/2024 12:40:38 [Information] Stepper Motor Controller Disable Z Axis controls while moving to location.
11/16/2024 12:40:38 [Information] Time remaining: 00:00:02 targetEndTime = 12:40:44
11/16/2024 12:40:38 [Information] Stepper Motor Controller Disable Z Axis controls while moving to location.
11/16/2024 12:40:38 [Information] Time remaining: 00:00:02 targetEndTime = 12:40:44
11/16/2024 12:40:38 [Information] Stepper Motor Controller Disable Z Axis controls while moving to location.
11/16/2024 12:40:38 [Information] Time remaining: 00:00:02 targetEndTime = 12:40:44
11/16/2024 12:40:38 [Information] Stepper Motor Controller Disable Z Axis controls while moving to location.
11/16/2024 12:40:38 [Information] Time remaining: 00:00:02 targetEndTime = 12:40:44
11/16/2024 12:40:38 [Information] Stepper Motor Controller Disable Z Axis controls while moving to location.
11/16/2024 12:40:38 [Information] Time remaining: 00:00:02 targetEndTime = 12:40:44
11/16/2024 12:40:38 [Information] Stepper Motor Controller Disable Z Axis controls while moving to location.
11/16/2024 12:40:38 [Information] Time remaining: 00:00:02 targetEndTime = 12:40:44
11/16/2024 12:40:38 [Information] Stepper Motor Controller Disable Z Axis controls while moving to location.
11/16/2024 12:40:38 [Information] Time remaining: 00:00:02 targetEndTime = 12:40:44
11/16/2024 12:40:38 [Information] Stepper Motor Controller Disable Z Axis controls while moving to location.
11/16/2024 12:40:38 [Information] Time remaining: 00:00:02 targetEndTime = 12:40:44
11/16/2024 12:40:38 [Information] Stepper Motor Controller Disable Z Axis controls while moving to location.
11/16/2024 12:40:38 [Information] Time remaining: 00:00:02 targetEndTime = 12:40:44
11/16/2024 12:40:39 [Information] Stepper Motor Controller Disable Z Axis controls while moving to location.
11/16/2024 12:40:39 [Information] Time remaining: 00:00:02 targetEndTime = 12:40:44
11/16/2024 12:40:39 [Information] Stepper Motor Controller Disable Z Axis controls while moving to location.
11/16/2024 12:40:39 [Information] Time remaining: 00:00:02 targetEndTime = 12:40:44
11/16/2024 12:40:39 [Information] Stepper Motor Controller Disable Z Axis controls while moving to location.
11/16/2024 12:40:39 [Information] Time remaining: 00:00:02 targetEndTime = 12:40:44
11/16/2024 12:40:39 [Information] Stepper Motor Controller Disable Z Axis controls while moving to location.
11/16/2024 12:40:39 [Information] Time remaining: 00:00:02 targetEndTime = 12:40:44
11/16/2024 12:40:39 [Information] Stepper Motor Controller Disable Z Axis controls while moving to location.
11/16/2024 12:40:39 [Information] Time remaining: 00:00:02 targetEndTime = 12:40:44
11/16/2024 12:40:39 [Information] Stepper Motor Controller Disable Z Axis controls while moving to location.
11/16/2024 12:40:39 [Information] Time remaining: 00:00:02 targetEndTime = 12:40:44
11/16/2024 12:40:39 [Information] Stepper Motor Controller Disable Z Axis controls while moving to location.
11/16/2024 12:40:39 [Information] Time remaining: 00:00:02 targetEndTime = 12:40:44
11/16/2024 12:40:39 [Information] Stepper Motor Controller Disable Z Axis controls while moving to location.
11/16/2024 12:40:39 [Information] Time remaining: 00:00:03 targetEndTime = 12:40:44
11/16/2024 12:40:39 [Information] Stepper Motor Controller Disable Z Axis controls while moving to location.
11/16/2024 12:40:39 [Information] Time remaining: 00:00:03 targetEndTime = 12:40:44
11/16/2024 12:40:39 [Information] Stepper Motor Controller Disable Z Axis controls while moving to location.
11/16/2024 12:40:39 [Information] Time remaining: 00:00:03 targetEndTime = 12:40:44
11/16/2024 12:40:39 [Information] Stepper Motor Controller Disable Z Axis controls while moving to location.
11/16/2024 12:40:39 [Information] Time remaining: 00:00:03 targetEndTime = 12:40:44
11/16/2024 12:40:39 [Information] Stepper Motor Controller Disable Z Axis controls while moving to location.
11/16/2024 12:40:39 [Information] Time remaining: 00:00:03 targetEndTime = 12:40:44
11/16/2024 12:40:39 [Information] Stepper Motor Controller Disable Z Axis controls while moving to location.
11/16/2024 12:40:39 [Information] Time remaining: 00:00:03 targetEndTime = 12:40:44
11/16/2024 12:40:39 [Information] Stepper Motor Controller Disable Z Axis controls while moving to location.
11/16/2024 12:40:39 [Information] Time remaining: 00:00:03 targetEndTime = 12:40:44
11/16/2024 12:40:39 [Information] Stepper Motor Controller Disable Z Axis controls while moving to location.
11/16/2024 12:40:39 [Information] Time remaining: 00:00:03 targetEndTime = 12:40:44
11/16/2024 12:40:39 [Information] Stepper Motor Controller Disable Z Axis controls while moving to location.
11/16/2024 12:40:39 [Information] Time remaining: 00:00:03 targetEndTime = 12:40:44
11/16/2024 12:40:39 [Information] Stepper Motor Controller Disable Z Axis controls while moving to location.
11/16/2024 12:40:39 [Information] Time remaining: 00:00:03 targetEndTime = 12:40:44
11/16/2024 12:40:39 [Information] Stepper Motor Controller Disable Z Axis controls while moving to location.
11/16/2024 12:40:39 [Information] Time remaining: 00:00:03 targetEndTime = 12:40:44
11/16/2024 12:40:39 [Information] Stepper Motor Controller Disable Z Axis controls while moving to location.
11/16/2024 12:40:39 [Information] Time remaining: 00:00:03 targetEndTime = 12:40:44
11/16/2024 12:40:39 [Information] Stepper Motor Controller Disable Z Axis controls while moving to location.
11/16/2024 12:40:39 [Information] Time remaining: 00:00:03 targetEndTime = 12:40:44
11/16/2024 12:40:39 [Information] Stepper Motor Controller Disable Z Axis controls while moving to location.
11/16/2024 12:40:39 [Information] Time remaining: 00:00:03 targetEndTime = 12:40:44
11/16/2024 12:40:39 [Information] Stepper Motor Controller Disable Z Axis controls while moving to location.
11/16/2024 12:40:39 [Information] Time remaining: 00:00:03 targetEndTime = 12:40:44
11/16/2024 12:40:39 [Information] Stepper Motor Controller Disable Z Axis controls while moving to location.
11/16/2024 12:40:39 [Information] Time remaining: 00:00:03 targetEndTime = 12:40:44
11/16/2024 12:40:39 [Information] Stepper Motor Controller Disable Z Axis controls while moving to location.
11/16/2024 12:40:39 [Information] Time remaining: 00:00:03 targetEndTime = 12:40:44
11/16/2024 12:40:39 [Information] Stepper Motor Controller Disable Z Axis controls while moving to location.
11/16/2024 12:40:39 [Information] Time remaining: 00:00:03 targetEndTime = 12:40:44
11/16/2024 12:40:39 [Information] Stepper Motor Controller Disable Z Axis controls while moving to location.
11/16/2024 12:40:39 [Information] Time remaining: 00:00:03 targetEndTime = 12:40:44
11/16/2024 12:40:39 [Information] Stepper Motor Controller Disable Z Axis controls while moving to location.
11/16/2024 12:40:39 [Information] Time remaining: 00:00:03 targetEndTime = 12:40:44
11/16/2024 12:40:39 [Information] Stepper Motor Controller Disable Z Axis controls while moving to location.
11/16/2024 12:40:39 [Information] Time remaining: 00:00:03 targetEndTime = 12:40:44
11/16/2024 12:40:39 [Information] Stepper Motor Controller Disable Z Axis controls while moving to location.
11/16/2024 12:40:39 [Information] Time remaining: 00:00:03 targetEndTime = 12:40:44
11/16/2024 12:40:39 [Information] Stepper Motor Controller Disable Z Axis controls while moving to location.
11/16/2024 12:40:39 [Information] Time remaining: 00:00:03 targetEndTime = 12:40:44
11/16/2024 12:40:39 [Information] Stepper Motor Controller Disable Z Axis controls while moving to location.
11/16/2024 12:40:39 [Information] Time remaining: 00:00:03 targetEndTime = 12:40:44
11/16/2024 12:40:39 [Information] Stepper Motor Controller Disable Z Axis controls while moving to location.
11/16/2024 12:40:39 [Information] Time remaining: 00:00:03 targetEndTime = 12:40:44
11/16/2024 12:40:39 [Information] Stepper Motor Controller Disable Z Axis controls while moving to location.
11/16/2024 12:40:39 [Information] Time remaining: 00:00:03 targetEndTime = 12:40:44
11/16/2024 12:40:39 [Information] Stepper Motor Controller Disable Z Axis controls while moving to location.
11/16/2024 12:40:39 [Information] Time remaining: 00:00:03 targetEndTime = 12:40:44
11/16/2024 12:40:39 [Information] Stepper Motor Controller Disable Z Axis controls while moving to location.
11/16/2024 12:40:39 [Information] Time remaining: 00:00:03 targetEndTime = 12:40:44
11/16/2024 12:40:39 [Information] Stepper Motor Controller Disable Z Axis controls while moving to location.
11/16/2024 12:40:39 [Information] Time remaining: 00:00:03 targetEndTime = 12:40:44
11/16/2024 12:40:39 [Information] Stepper Motor Controller Disable Z Axis controls while moving to location.
11/16/2024 12:40:39 [Information] Time remaining: 00:00:03 targetEndTime = 12:40:44
11/16/2024 12:40:39 [Information] Stepper Motor Controller Disable Z Axis controls while moving to location.
11/16/2024 12:40:39 [Information] Time remaining: 00:00:03 targetEndTime = 12:40:44
11/16/2024 12:40:39 [Information] Stepper Motor Controller Disable Z Axis controls while moving to location.
11/16/2024 12:40:39 [Information] Time remaining: 00:00:03 targetEndTime = 12:40:44
11/16/2024 12:40:39 [Information] Stepper Motor Controller Disable Z Axis controls while moving to location.
11/16/2024 12:40:39 [Information] Time remaining: 00:00:03 targetEndTime = 12:40:44
11/16/2024 12:40:39 [Information] Stepper Motor Controller Disable Z Axis controls while moving to location.
11/16/2024 12:40:39 [Information] Time remaining: 00:00:03 targetEndTime = 12:40:44
11/16/2024 12:40:39 [Information] Stepper Motor Controller Disable Z Axis controls while moving to location.
11/16/2024 12:40:39 [Information] Time remaining: 00:00:03 targetEndTime = 12:40:44
11/16/2024 12:40:39 [Information] Stepper Motor Controller Disable Z Axis controls while moving to location.
11/16/2024 12:40:39 [Information] Time remaining: 00:00:03 targetEndTime = 12:40:44
11/16/2024 12:40:39 [Information] Stepper Motor Controller Disable Z Axis controls while moving to location.
11/16/2024 12:40:39 [Information] Time remaining: 00:00:03 targetEndTime = 12:40:44
11/16/2024 12:40:39 [Information] Stepper Motor Controller Disable Z Axis controls while moving to location.
11/16/2024 12:40:39 [Information] Time remaining: 00:00:03 targetEndTime = 12:40:44
11/16/2024 12:40:39 [Information] Stepper Motor Controller Disable Z Axis controls while moving to location.
11/16/2024 12:40:39 [Information] Time remaining: 00:00:03 targetEndTime = 12:40:44
11/16/2024 12:40:39 [Information] Stepper Motor Controller Disable Z Axis controls while moving to location.
11/16/2024 12:40:39 [Information] Time remaining: 00:00:03 targetEndTime = 12:40:44
11/16/2024 12:40:39 [Information] Stepper Motor Controller Disable Z Axis controls while moving to location.
11/16/2024 12:40:39 [Information] Time remaining: 00:00:03 targetEndTime = 12:40:44
11/16/2024 12:40:39 [Information] Stepper Motor Controller Disable Z Axis controls while moving to location.
11/16/2024 12:40:39 [Information] Time remaining: 00:00:03 targetEndTime = 12:40:44
11/16/2024 12:40:39 [Information] Stepper Motor Controller Disable Z Axis controls while moving to location.
11/16/2024 12:40:39 [Information] Time remaining: 00:00:03 targetEndTime = 12:40:44
11/16/2024 12:40:39 [Information] Stepper Motor Controller Disable Z Axis controls while moving to location.
11/16/2024 12:40:39 [Information] Time remaining: 00:00:03 targetEndTime = 12:40:44
11/16/2024 12:40:39 [Information] Stepper Motor Controller Disable Z Axis controls while moving to location.
11/16/2024 12:40:39 [Information] Time remaining: 00:00:03 targetEndTime = 12:40:44
11/16/2024 12:40:39 [Information] Stepper Motor Controller Disable Z Axis controls while moving to location.
11/16/2024 12:40:39 [Information] Time remaining: 00:00:03 targetEndTime = 12:40:44
11/16/2024 12:40:39 [Information] Stepper Motor Controller Disable Z Axis controls while moving to location.
11/16/2024 12:40:39 [Information] Time remaining: 00:00:03 targetEndTime = 12:40:44
11/16/2024 12:40:39 [Information] Stepper Motor Controller Disable Z Axis controls while moving to location.
11/16/2024 12:40:39 [Information] Time remaining: 00:00:03 targetEndTime = 12:40:44
11/16/2024 12:40:39 [Information] Stepper Motor Controller Disable Z Axis controls while moving to location.
11/16/2024 12:40:39 [Information] Time remaining: 00:00:03 targetEndTime = 12:40:44
11/16/2024 12:40:39 [Information] Stepper Motor Controller Disable Z Axis controls while moving to location.
11/16/2024 12:40:39 [Information] Time remaining: 00:00:03 targetEndTime = 12:40:44
11/16/2024 12:40:39 [Information] Stepper Motor Controller Disable Z Axis controls while moving to location.
11/16/2024 12:40:39 [Information] Time remaining: 00:00:03 targetEndTime = 12:40:44
11/16/2024 12:40:39 [Information] Stepper Motor Controller Disable Z Axis controls while moving to location.
11/16/2024 12:40:39 [Information] Time remaining: 00:00:03 targetEndTime = 12:40:44
11/16/2024 12:40:39 [Information] Stepper Motor Controller Disable Z Axis controls while moving to location.
11/16/2024 12:40:39 [Information] Time remaining: 00:00:03 targetEndTime = 12:40:44
11/16/2024 12:40:39 [Information] Stepper Motor Controller Disable Z Axis controls while moving to location.
11/16/2024 12:40:39 [Information] Time remaining: 00:00:03 targetEndTime = 12:40:44
11/16/2024 12:40:40 [Information] Stepper Motor Controller Disable Z Axis controls while moving to location.
11/16/2024 12:40:40 [Information] Time remaining: 00:00:03 targetEndTime = 12:40:44
11/16/2024 12:40:40 [Information] Stepper Motor Controller Disable Z Axis controls while moving to location.
11/16/2024 12:40:40 [Information] Time remaining: 00:00:03 targetEndTime = 12:40:44
11/16/2024 12:40:40 [Information] Stepper Motor Controller Disable Z Axis controls while moving to location.
11/16/2024 12:40:40 [Information] Time remaining: 00:00:03 targetEndTime = 12:40:44
11/16/2024 12:40:40 [Information] Stepper Motor Controller Disable Z Axis controls while moving to location.
11/16/2024 12:40:40 [Information] Time remaining: 00:00:03 targetEndTime = 12:40:44
11/16/2024 12:40:40 [Information] Stepper Motor Controller Disable Z Axis controls while moving to location.
11/16/2024 12:40:40 [Information] Time remaining: 00:00:03 targetEndTime = 12:40:44
11/16/2024 12:40:40 [Information] Stepper Motor Controller Disable Z Axis controls while moving to location.
11/16/2024 12:40:40 [Information] Time remaining: 00:00:03 targetEndTime = 12:40:44
11/16/2024 12:40:40 [Information] Stepper Motor Controller Disable Z Axis controls while moving to location.
11/16/2024 12:40:40 [Information] Time remaining: 00:00:03 targetEndTime = 12:40:44
11/16/2024 12:40:40 [Information] Stepper Motor Controller Disable Z Axis controls while moving to location.
11/16/2024 12:40:40 [Information] Time remaining: 00:00:04 targetEndTime = 12:40:44
11/16/2024 12:40:40 [Information] Stepper Motor Controller Disable Z Axis controls while moving to location.
11/16/2024 12:40:40 [Information] Time remaining: 00:00:04 targetEndTime = 12:40:44
11/16/2024 12:40:40 [Information] Stepper Motor Controller Disable Z Axis controls while moving to location.
11/16/2024 12:40:40 [Information] Time remaining: 00:00:04 targetEndTime = 12:40:44
11/16/2024 12:40:40 [Information] Stepper Motor Controller Disable Z Axis controls while moving to location.
11/16/2024 12:40:40 [Information] Time remaining: 00:00:04 targetEndTime = 12:40:44
11/16/2024 12:40:40 [Information] Stepper Motor Controller Disable Z Axis controls while moving to location.
11/16/2024 12:40:40 [Information] Time remaining: 00:00:04 targetEndTime = 12:40:44
11/16/2024 12:40:40 [Information] Stepper Motor Controller Disable Z Axis controls while moving to location.
11/16/2024 12:40:40 [Information] Time remaining: 00:00:04 targetEndTime = 12:40:44
11/16/2024 12:40:40 [Information] Stepper Motor Controller Disable Z Axis controls while moving to location.
11/16/2024 12:40:40 [Information] Time remaining: 00:00:04 targetEndTime = 12:40:44
11/16/2024 12:40:40 [Information] Stepper Motor Controller Disable Z Axis controls while moving to location.
11/16/2024 12:40:40 [Information] Time remaining: 00:00:04 targetEndTime = 12:40:44
11/16/2024 12:40:40 [Information] Stepper Motor Controller Disable Z Axis controls while moving to location.
11/16/2024 12:40:40 [Information] Time remaining: 00:00:04 targetEndTime = 12:40:44
11/16/2024 12:40:40 [Information] Stepper Motor Controller Disable Z Axis controls while moving to location.
11/16/2024 12:40:40 [Information] Time remaining: 00:00:04 targetEndTime = 12:40:44
11/16/2024 12:40:40 [Information] Stepper Motor Controller Disable Z Axis controls while moving to location.
11/16/2024 12:40:40 [Information] Time remaining: 00:00:04 targetEndTime = 12:40:44
11/16/2024 12:40:40 [Information] Stepper Motor Controller Disable Z Axis controls while moving to location.
11/16/2024 12:40:40 [Information] Time remaining: 00:00:04 targetEndTime = 12:40:44
11/16/2024 12:40:40 [Information] Stepper Motor Controller Disable Z Axis controls while moving to location.
11/16/2024 12:40:40 [Information] Time remaining: 00:00:04 targetEndTime = 12:40:44
11/16/2024 12:40:40 [Information] Stepper Motor Controller Disable Z Axis controls while moving to location.
11/16/2024 12:40:40 [Information] Time remaining: 00:00:04 targetEndTime = 12:40:44
11/16/2024 12:40:40 [Information] Stepper Motor Controller Disable Z Axis controls while moving to location.
11/16/2024 12:40:40 [Information] Time remaining: 00:00:04 targetEndTime = 12:40:44
11/16/2024 12:40:40 [Information] Stepper Motor Controller Disable Z Axis controls while moving to location.
11/16/2024 12:40:40 [Information] Time remaining: 00:00:04 targetEndTime = 12:40:44
11/16/2024 12:40:40 [Information] Stepper Motor Controller Disable Z Axis controls while moving to location.
11/16/2024 12:40:40 [Information] Time remaining: 00:00:04 targetEndTime = 12:40:44
11/16/2024 12:40:40 [Information] Stepper Motor Controller Disable Z Axis controls while moving to location.
11/16/2024 12:40:40 [Information] Time remaining: 00:00:04 targetEndTime = 12:40:44
11/16/2024 12:40:40 [Information] Stepper Motor Controller Disable Z Axis controls while moving to location.
11/16/2024 12:40:40 [Information] Time remaining: 00:00:04 targetEndTime = 12:40:44
11/16/2024 12:40:40 [Information] Stepper Motor Controller Disable Z Axis controls while moving to location.
11/16/2024 12:40:40 [Information] Time remaining: 00:00:04 targetEndTime = 12:40:44
11/16/2024 12:40:40 [Information] Stepper Motor Controller Disable Z Axis controls while moving to location.
11/16/2024 12:40:40 [Information] Time remaining: 00:00:04 targetEndTime = 12:40:44
11/16/2024 12:40:40 [Information] Stepper Motor Controller Disable Z Axis controls while moving to location.
11/16/2024 12:40:40 [Information] Time remaining: 00:00:04 targetEndTime = 12:40:44
11/16/2024 12:40:40 [Information] Stepper Motor Controller Disable Z Axis controls while moving to location.
11/16/2024 12:40:40 [Information] Time remaining: 00:00:04 targetEndTime = 12:40:44
11/16/2024 12:40:40 [Information] Stepper Motor Controller Disable Z Axis controls while moving to location.
11/16/2024 12:40:40 [Information] Time remaining: 00:00:04 targetEndTime = 12:40:44
11/16/2024 12:40:40 [Information] Stepper Motor Controller Disable Z Axis controls while moving to location.
11/16/2024 12:40:40 [Information] Time remaining: 00:00:04 targetEndTime = 12:40:44
11/16/2024 12:40:40 [Information] Stepper Motor Controller Disable Z Axis controls while moving to location.
11/16/2024 12:40:40 [Information] Time remaining: 00:00:04 targetEndTime = 12:40:44
11/16/2024 12:40:40 [Information] Stepper Motor Controller Disable Z Axis controls while moving to location.
11/16/2024 12:40:40 [Information] Time remaining: 00:00:04 targetEndTime = 12:40:44
11/16/2024 12:40:40 [Information] Stepper Motor Controller Disable Z Axis controls while moving to location.
11/16/2024 12:40:40 [Information] Time remaining: 00:00:04 targetEndTime = 12:40:44
11/16/2024 12:40:40 [Information] Stepper Motor Controller Disable Z Axis controls while moving to location.
11/16/2024 12:40:40 [Information] Time remaining: 00:00:04 targetEndTime = 12:40:44
11/16/2024 12:40:40 [Information] Stepper Motor Controller Disable Z Axis controls while moving to location.
11/16/2024 12:40:40 [Information] Time remaining: 00:00:04 targetEndTime = 12:40:44
11/16/2024 12:40:40 [Information] Stepper Motor Controller Disable Z Axis controls while moving to location.
11/16/2024 12:40:40 [Information] Time remaining: 00:00:04 targetEndTime = 12:40:44
11/16/2024 12:40:40 [Information] Stepper Motor Controller Disable Z Axis controls while moving to location.
11/16/2024 12:40:40 [Information] Time remaining: 00:00:04 targetEndTime = 12:40:44
11/16/2024 12:40:40 [Information] Stepper Motor Controller Disable Z Axis controls while moving to location.
11/16/2024 12:40:40 [Information] Time remaining: 00:00:04 targetEndTime = 12:40:44
11/16/2024 12:40:40 [Information] Stepper Motor Controller Disable Z Axis controls while moving to location.
11/16/2024 12:40:40 [Information] Time remaining: 00:00:04 targetEndTime = 12:40:44
11/16/2024 12:40:40 [Information] Stepper Motor Controller Disable Z Axis controls while moving to location.
11/16/2024 12:40:40 [Information] Time remaining: 00:00:04 targetEndTime = 12:40:44
11/16/2024 12:40:40 [Information] Stepper Motor Controller Disable Z Axis controls while moving to location.
11/16/2024 12:40:40 [Information] Time remaining: 00:00:04 targetEndTime = 12:40:44
11/16/2024 12:40:40 [Information] Stepper Motor Controller Disable Z Axis controls while moving to location.
11/16/2024 12:40:40 [Information] Time remaining: 00:00:04 targetEndTime = 12:40:44
11/16/2024 12:40:40 [Information] Stepper Motor Controller Disable Z Axis controls while moving to location.
11/16/2024 12:40:40 [Information] Time remaining: 00:00:04 targetEndTime = 12:40:44
11/16/2024 12:40:40 [Information] Stepper Motor Controller Disable Z Axis controls while moving to location.
11/16/2024 12:40:40 [Information] Time remaining: 00:00:04 targetEndTime = 12:40:44
11/16/2024 12:40:40 [Information] Stepper Motor Controller Disable Z Axis controls while moving to location.
11/16/2024 12:40:40 [Information] Time remaining: 00:00:04 targetEndTime = 12:40:44
11/16/2024 12:40:40 [Information] Stepper Motor Controller Disable Z Axis controls while moving to location.
11/16/2024 12:40:40 [Information] Time remaining: 00:00:04 targetEndTime = 12:40:44
11/16/2024 12:40:40 [Information] Stepper Motor Controller Disable Z Axis controls while moving to location.
11/16/2024 12:40:40 [Information] Time remaining: 00:00:04 targetEndTime = 12:40:44
11/16/2024 12:40:40 [Information] Stepper Motor Controller Disable Z Axis controls while moving to location.
11/16/2024 12:40:40 [Information] Time remaining: 00:00:04 targetEndTime = 12:40:44
11/16/2024 12:40:40 [Information] Stepper Motor Controller Disable Z Axis controls while moving to location.
11/16/2024 12:40:40 [Information] Time remaining: 00:00:04 targetEndTime = 12:40:44
11/16/2024 12:40:40 [Information] Stepper Motor Controller Disable Z Axis controls while moving to location.
11/16/2024 12:40:40 [Information] Time remaining: 00:00:04 targetEndTime = 12:40:44
11/16/2024 12:40:40 [Information] Stepper Motor Controller Disable Z Axis controls while moving to location.
11/16/2024 12:40:40 [Information] Time remaining: 00:00:04 targetEndTime = 12:40:44
11/16/2024 12:40:40 [Information] Stepper Motor Controller Disable Z Axis controls while moving to location.
11/16/2024 12:40:40 [Information] Time remaining: 00:00:04 targetEndTime = 12:40:44
11/16/2024 12:40:40 [Information] Stepper Motor Controller Disable Z Axis controls while moving to location.
11/16/2024 12:40:40 [Information] Time remaining: 00:00:04 targetEndTime = 12:40:44
11/16/2024 12:40:40 [Information] Stepper Motor Controller Disable Z Axis controls while moving to location.
11/16/2024 12:40:40 [Information] Time remaining: 00:00:04 targetEndTime = 12:40:44
11/16/2024 12:40:40 [Information] Stepper Motor Controller Disable Z Axis controls while moving to location.
11/16/2024 12:40:40 [Information] Time remaining: 00:00:04 targetEndTime = 12:40:44
11/16/2024 12:40:41 [Information] Stepper Motor Controller Disable Z Axis controls while moving to location.
11/16/2024 12:40:41 [Information] Time remaining: 00:00:04 targetEndTime = 12:40:44
11/16/2024 12:40:41 [Information] Stepper Motor Controller Disable Z Axis controls while moving to location.
11/16/2024 12:40:41 [Information] Time remaining: 00:00:04 targetEndTime = 12:40:44
11/16/2024 12:40:41 [Information] Stepper Motor Controller Disable Z Axis controls while moving to location.
11/16/2024 12:40:41 [Information] Time remaining: 00:00:04 targetEndTime = 12:40:44
11/16/2024 12:40:41 [Information] Stepper Motor Controller Disable Z Axis controls while moving to location.
11/16/2024 12:40:41 [Information] Time remaining: 00:00:04 targetEndTime = 12:40:44
11/16/2024 12:40:41 [Information] Stepper Motor Controller Disable Z Axis controls while moving to location.
11/16/2024 12:40:41 [Information] Time remaining: 00:00:05 targetEndTime = 12:40:44
11/16/2024 12:40:41 [Information] Stepper Motor Controller Disable Z Axis controls while moving to location.
11/16/2024 12:40:41 [Information] Time remaining: 00:00:05 targetEndTime = 12:40:44
11/16/2024 12:40:41 [Information] Stepper Motor Controller Disable Z Axis controls while moving to location.
11/16/2024 12:40:41 [Information] Time remaining: 00:00:05 targetEndTime = 12:40:44
11/16/2024 12:40:41 [Information] Stepper Motor Controller Disable Z Axis controls while moving to location.
11/16/2024 12:40:41 [Information] Time remaining: 00:00:05 targetEndTime = 12:40:44
11/16/2024 12:40:41 [Information] Stepper Motor Controller Disable Z Axis controls while moving to location.
11/16/2024 12:40:41 [Information] Time remaining: 00:00:05 targetEndTime = 12:40:44
11/16/2024 12:40:41 [Information] Stepper Motor Controller Disable Z Axis controls while moving to location.
11/16/2024 12:40:41 [Information] Time remaining: 00:00:05 targetEndTime = 12:40:44
11/16/2024 12:40:41 [Information] Stepper Motor Controller Disable Z Axis controls while moving to location.
11/16/2024 12:40:41 [Information] Time remaining: 00:00:05 targetEndTime = 12:40:44
11/16/2024 12:40:41 [Information] Stepper Motor Controller Disable Z Axis controls while moving to location.
11/16/2024 12:40:41 [Information] Time remaining: 00:00:05 targetEndTime = 12:40:44
11/16/2024 12:40:41 [Information] Stepper Motor Controller Disable Z Axis controls while moving to location.
11/16/2024 12:40:41 [Information] Time remaining: 00:00:05 targetEndTime = 12:40:44
11/16/2024 12:40:41 [Information] Stepper Motor Controller Disable Z Axis controls while moving to location.
11/16/2024 12:40:41 [Information] Time remaining: 00:00:05 targetEndTime = 12:40:44
11/16/2024 12:40:41 [Information] Stepper Motor Controller Disable Z Axis controls while moving to location.
11/16/2024 12:40:41 [Information] Time remaining: 00:00:05 targetEndTime = 12:40:44
11/16/2024 12:40:41 [Information] Stepper Motor Controller Disable Z Axis controls while moving to location.
11/16/2024 12:40:41 [Information] Time remaining: 00:00:05 targetEndTime = 12:40:44
11/16/2024 12:40:41 [Information] Stepper Motor Controller Disable Z Axis controls while moving to location.
11/16/2024 12:40:41 [Information] Time remaining: 00:00:05 targetEndTime = 12:40:44
11/16/2024 12:40:41 [Information] Stepper Motor Controller Disable Z Axis controls while moving to location.
11/16/2024 12:40:41 [Information] Time remaining: 00:00:05 targetEndTime = 12:40:44
11/16/2024 12:40:41 [Information] Stepper Motor Controller Disable Z Axis controls while moving to location.
11/16/2024 12:40:41 [Information] Time remaining: 00:00:05 targetEndTime = 12:40:44
11/16/2024 12:40:41 [Information] Stepper Motor Controller Disable Z Axis controls while moving to location.
11/16/2024 12:40:41 [Information] Time remaining: 00:00:05 targetEndTime = 12:40:44
11/16/2024 12:40:41 [Information] Stepper Motor Controller Disable Z Axis controls while moving to location.
11/16/2024 12:40:41 [Information] Time remaining: 00:00:05 targetEndTime = 12:40:44
11/16/2024 12:40:41 [Information] Stepper Motor Controller Disable Z Axis controls while moving to location.
11/16/2024 12:40:41 [Information] Time remaining: 00:00:05 targetEndTime = 12:40:44
11/16/2024 12:40:41 [Information] Stepper Motor Controller Disable Z Axis controls while moving to location.
11/16/2024 12:40:41 [Information] Time remaining: 00:00:05 targetEndTime = 12:40:44
11/16/2024 12:40:41 [Information] Stepper Motor Controller Disable Z Axis controls while moving to location.
11/16/2024 12:40:41 [Information] Time remaining: 00:00:05 targetEndTime = 12:40:44
11/16/2024 12:40:41 [Information] Stepper Motor Controller Disable Z Axis controls while moving to location.
11/16/2024 12:40:41 [Information] Time remaining: 00:00:05 targetEndTime = 12:40:44
11/16/2024 12:40:41 [Information] Stepper Motor Controller Disable Z Axis controls while moving to location.
11/16/2024 12:40:41 [Information] Time remaining: 00:00:05 targetEndTime = 12:40:44
11/16/2024 12:40:41 [Information] Stepper Motor Controller Disable Z Axis controls while moving to location.
11/16/2024 12:40:41 [Information] Time remaining: 00:00:05 targetEndTime = 12:40:44
11/16/2024 12:40:41 [Information] Stepper Motor Controller Disable Z Axis controls while moving to location.
11/16/2024 12:40:41 [Information] Time remaining: 00:00:05 targetEndTime = 12:40:44
11/16/2024 12:40:41 [Information] Stepper Motor Controller Disable Z Axis controls while moving to location.
11/16/2024 12:40:41 [Information] Time remaining: 00:00:05 targetEndTime = 12:40:44
11/16/2024 12:40:41 [Information] Stepper Motor Controller Disable Z Axis controls while moving to location.
11/16/2024 12:40:41 [Information] Time remaining: 00:00:05 targetEndTime = 12:40:44
11/16/2024 12:40:41 [Information] Stepper Motor Controller Disable Z Axis controls while moving to location.
11/16/2024 12:40:41 [Information] Time remaining: 00:00:05 targetEndTime = 12:40:44
11/16/2024 12:40:41 [Information] Stepper Motor Controller Disable Z Axis controls while moving to location.
11/16/2024 12:40:41 [Information] Time remaining: 00:00:05 targetEndTime = 12:40:44
11/16/2024 12:40:41 [Information] Stepper Motor Controller Disable Z Axis controls while moving to location.
11/16/2024 12:40:41 [Information] Time remaining: 00:00:05 targetEndTime = 12:40:44
11/16/2024 12:40:41 [Information] Stepper Motor Controller Disable Z Axis controls while moving to location.
11/16/2024 12:40:41 [Information] Time remaining: 00:00:05 targetEndTime = 12:40:44
11/16/2024 12:40:41 [Information] Stepper Motor Controller Disable Z Axis controls while moving to location.
11/16/2024 12:40:41 [Information] Time remaining: 00:00:05 targetEndTime = 12:40:44
11/16/2024 12:40:41 [Information] Stepper Motor Controller Disable Z Axis controls while moving to location.
11/16/2024 12:40:41 [Information] Time remaining: 00:00:05 targetEndTime = 12:40:44
11/16/2024 12:40:41 [Information] Stepper Motor Controller Disable Z Axis controls while moving to location.
11/16/2024 12:40:41 [Information] Time remaining: 00:00:05 targetEndTime = 12:40:44
11/16/2024 12:40:41 [Information] Stepper Motor Controller Disable Z Axis controls while moving to location.
11/16/2024 12:40:41 [Information] Time remaining: 00:00:05 targetEndTime = 12:40:44
11/16/2024 12:40:41 [Information] Stepper Motor Controller Disable Z Axis controls while moving to location.
11/16/2024 12:40:41 [Information] Time remaining: 00:00:05 targetEndTime = 12:40:44
11/16/2024 12:40:41 [Information] Stepper Motor Controller Disable Z Axis controls while moving to location.
11/16/2024 12:40:41 [Information] Time remaining: 00:00:05 targetEndTime = 12:40:44
11/16/2024 12:40:41 [Information] Stepper Motor Controller Disable Z Axis controls while moving to location.
11/16/2024 12:40:41 [Information] Time remaining: 00:00:05 targetEndTime = 12:40:44
11/16/2024 12:40:41 [Information] Stepper Motor Controller Disable Z Axis controls while moving to location.
11/16/2024 12:40:41 [Information] Time remaining: 00:00:05 targetEndTime = 12:40:44
11/16/2024 12:40:41 [Information] Stepper Motor Controller Disable Z Axis controls while moving to location.
11/16/2024 12:40:41 [Information] Time remaining: 00:00:05 targetEndTime = 12:40:44
11/16/2024 12:40:41 [Information] Stepper Motor Controller Disable Z Axis controls while moving to location.
11/16/2024 12:40:41 [Information] Time remaining: 00:00:05 targetEndTime = 12:40:44
11/16/2024 12:40:41 [Information] Stepper Motor Controller Disable Z Axis controls while moving to location.
11/16/2024 12:40:41 [Information] Time remaining: 00:00:05 targetEndTime = 12:40:44
11/16/2024 12:40:41 [Information] Stepper Motor Controller Disable Z Axis controls while moving to location.
11/16/2024 12:40:41 [Information] Time remaining: 00:00:05 targetEndTime = 12:40:44
11/16/2024 12:40:41 [Information] Stepper Motor Controller Disable Z Axis controls while moving to location.
11/16/2024 12:40:41 [Information] Time remaining: 00:00:05 targetEndTime = 12:40:44
11/16/2024 12:40:42 [Information] Stepper Motor Controller Disable Z Axis controls while moving to location.
11/16/2024 12:40:42 [Information] Time remaining: 00:00:05 targetEndTime = 12:40:44
11/16/2024 12:40:42 [Information] Stepper Motor Controller Disable Z Axis controls while moving to location.
11/16/2024 12:40:42 [Information] Time remaining: 00:00:06 targetEndTime = 12:40:44
11/16/2024 12:40:42 [Information] Stepper Motor Controller Disable Z Axis controls while moving to location.
11/16/2024 12:40:42 [Information] Time remaining: 00:00:06 targetEndTime = 12:40:44
11/16/2024 12:40:42 [Information] Stepper Motor Controller Disable Z Axis controls while moving to location.
11/16/2024 12:40:42 [Information] Time remaining: 00:00:06 targetEndTime = 12:40:44
11/16/2024 12:40:42 [Information] Stepper Motor Controller Disable Z Axis controls while moving to location.
11/16/2024 12:40:42 [Information] Time remaining: 00:00:06 targetEndTime = 12:40:44
11/16/2024 12:40:42 [Information] Stepper Motor Controller Disable Z Axis controls while moving to location.
11/16/2024 12:40:42 [Information] Time remaining: 00:00:06 targetEndTime = 12:40:44
11/16/2024 12:40:42 [Information] Stepper Motor Controller Disable Z Axis controls while moving to location.
11/16/2024 12:40:42 [Information] Time remaining: 00:00:06 targetEndTime = 12:40:44
11/16/2024 12:40:42 [Information] Stepper Motor Controller Disable Z Axis controls while moving to location.
11/16/2024 12:40:42 [Information] Time remaining: 00:00:06 targetEndTime = 12:40:44
11/16/2024 12:40:42 [Information] Stepper Motor Controller Disable Z Axis controls while moving to location.
11/16/2024 12:40:42 [Information] Time remaining: 00:00:06 targetEndTime = 12:40:44
11/16/2024 12:40:42 [Information] Stepper Motor Controller Disable Z Axis controls while moving to location.
11/16/2024 12:40:42 [Information] Time remaining: 00:00:06 targetEndTime = 12:40:44
11/16/2024 12:40:42 [Information] Stepper Motor Controller Disable Z Axis controls while moving to location.
11/16/2024 12:40:42 [Information] Time remaining: 00:00:06 targetEndTime = 12:40:44
11/16/2024 12:40:42 [Information] Stepper Motor Controller Disable Z Axis controls while moving to location.
11/16/2024 12:40:42 [Information] Time remaining: 00:00:06 targetEndTime = 12:40:44
11/16/2024 12:40:42 [Information] Stepper Motor Controller Disable Z Axis controls while moving to location.
11/16/2024 12:40:42 [Information] Time remaining: 00:00:06 targetEndTime = 12:40:44
11/16/2024 12:40:42 [Information] Stepper Motor Controller Disable Z Axis controls while moving to location.
11/16/2024 12:40:42 [Information] Time remaining: 00:00:06 targetEndTime = 12:40:44
11/16/2024 12:40:42 [Information] Stepper Motor Controller Disable Z Axis controls while moving to location.
11/16/2024 12:40:42 [Information] Time remaining: 00:00:06 targetEndTime = 12:40:44
11/16/2024 12:40:42 [Information] Stepper Motor Controller Disable Z Axis controls while moving to location.
11/16/2024 12:40:42 [Information] Time remaining: 00:00:06 targetEndTime = 12:40:44
11/16/2024 12:40:42 [Information] Stepper Motor Controller Disable Z Axis controls while moving to location.
11/16/2024 12:40:42 [Information] Time remaining: 00:00:06 targetEndTime = 12:40:44
11/16/2024 12:40:42 [Information] Stepper Motor Controller Disable Z Axis controls while moving to location.
11/16/2024 12:40:42 [Information] Time remaining: 00:00:06 targetEndTime = 12:40:44
11/16/2024 12:40:42 [Information] Stepper Motor Controller Disable Z Axis controls while moving to location.
11/16/2024 12:40:42 [Information] Time remaining: 00:00:06 targetEndTime = 12:40:44
11/16/2024 12:40:42 [Information] Stepper Motor Controller Disable Z Axis controls while moving to location.
11/16/2024 12:40:42 [Information] Time remaining: 00:00:06 targetEndTime = 12:40:44
11/16/2024 12:40:42 [Information] Stepper Motor Controller Disable Z Axis controls while moving to location.
11/16/2024 12:40:42 [Information] Time remaining: 00:00:06 targetEndTime = 12:40:44
11/16/2024 12:40:42 [Information] Stepper Motor Controller Disable Z Axis controls while moving to location.
11/16/2024 12:40:42 [Information] Time remaining: 00:00:06 targetEndTime = 12:40:44
11/16/2024 12:40:42 [Information] Stepper Motor Controller Disable Z Axis controls while moving to location.
11/16/2024 12:40:42 [Information] Time remaining: 00:00:06 targetEndTime = 12:40:44
11/16/2024 12:40:42 [Information] Stepper Motor Controller Disable Z Axis controls while moving to location.
11/16/2024 12:40:42 [Information] Time remaining: 00:00:06 targetEndTime = 12:40:44
11/16/2024 12:40:42 [Information] Stepper Motor Controller Disable Z Axis controls while moving to location.
11/16/2024 12:40:42 [Information] Time remaining: 00:00:06 targetEndTime = 12:40:44
11/16/2024 12:40:42 [Information] Stepper Motor Controller Disable Z Axis controls while moving to location.
11/16/2024 12:40:42 [Information] Time remaining: 00:00:06 targetEndTime = 12:40:44
11/16/2024 12:40:42 [Information] Stepper Motor Controller Disable Z Axis controls while moving to location.
11/16/2024 12:40:42 [Information] Time remaining: 00:00:06 targetEndTime = 12:40:44
11/16/2024 12:40:42 [Information] Stepper Motor Controller Disable Z Axis controls while moving to location.
11/16/2024 12:40:42 [Information] Time remaining: 00:00:06 targetEndTime = 12:40:44
11/16/2024 12:40:42 [Information] Stepper Motor Controller Disable Z Axis controls while moving to location.
11/16/2024 12:40:42 [Information] Time remaining: 00:00:06 targetEndTime = 12:40:44
11/16/2024 12:40:42 [Information] Stepper Motor Controller Disable Z Axis controls while moving to location.
11/16/2024 12:40:42 [Information] Time remaining: 00:00:06 targetEndTime = 12:40:44
11/16/2024 12:40:42 [Information] Stepper Motor Controller Disable Z Axis controls while moving to location.
11/16/2024 12:40:42 [Information] Time remaining: 00:00:06 targetEndTime = 12:40:44
11/16/2024 12:40:42 [Information] Stepper Motor Controller Disable Z Axis controls while moving to location.
11/16/2024 12:40:42 [Information] Time remaining: 00:00:06 targetEndTime = 12:40:44
11/16/2024 12:40:42 [Information] Stepper Motor Controller Disable Z Axis controls while moving to location.
11/16/2024 12:40:42 [Information] Time remaining: 00:00:06 targetEndTime = 12:40:44
11/16/2024 12:40:42 [Information] Stepper Motor Controller Disable Z Axis controls while moving to location.
11/16/2024 12:40:42 [Information] Time remaining: 00:00:06 targetEndTime = 12:40:44
11/16/2024 12:40:42 [Information] Stepper Motor Controller Disable Z Axis controls while moving to location.
11/16/2024 12:40:42 [Information] Time remaining: 00:00:06 targetEndTime = 12:40:44
11/16/2024 12:40:42 [Information] Stepper Motor Controller Disable Z Axis controls while moving to location.
11/16/2024 12:40:42 [Information] Time remaining: 00:00:06 targetEndTime = 12:40:44
11/16/2024 12:40:42 [Information] Stepper Motor Controller Disable Z Axis controls while moving to location.
11/16/2024 12:40:42 [Information] Time remaining: 00:00:06 targetEndTime = 12:40:44
11/16/2024 12:40:42 [Information] Stepper Motor Controller Disable Z Axis controls while moving to location.
11/16/2024 12:40:42 [Information] Time remaining: 00:00:06 targetEndTime = 12:40:44
11/16/2024 12:40:42 [Information] Stepper Motor Controller Disable Z Axis controls while moving to location.
11/16/2024 12:40:42 [Information] Time remaining: 00:00:06 targetEndTime = 12:40:44
11/16/2024 12:40:42 [Information] Stepper Motor Controller Disable Z Axis controls while moving to location.
11/16/2024 12:40:42 [Information] Time remaining: 00:00:06 targetEndTime = 12:40:44
11/16/2024 12:40:42 [Information] Stepper Motor Controller Disable Z Axis controls while moving to location.
11/16/2024 12:40:42 [Information] Time remaining: 00:00:06 targetEndTime = 12:40:44
11/16/2024 12:40:42 [Information] Stepper Motor Controller Disable Z Axis controls while moving to location.
11/16/2024 12:40:42 [Information] Time remaining: 00:00:06 targetEndTime = 12:40:44
11/16/2024 12:40:42 [Information] Stepper Motor Controller Disable Z Axis controls while moving to location.
11/16/2024 12:40:42 [Information] Time remaining: 00:00:06 targetEndTime = 12:40:44
11/16/2024 12:40:42 [Information] Stepper Motor Controller Disable Z Axis controls while moving to location.
11/16/2024 12:40:42 [Information] Time remaining: 00:00:06 targetEndTime = 12:40:44
11/16/2024 12:40:42 [Information] Stepper Motor Controller Disable Z Axis controls while moving to location.
11/16/2024 12:40:42 [Information] Time remaining: 00:00:06 targetEndTime = 12:40:44
11/16/2024 12:40:42 [Information] Stepper Motor Controller Disable Z Axis controls while moving to location.
11/16/2024 12:40:42 [Information] Time remaining: 00:00:06 targetEndTime = 12:40:44
11/16/2024 12:40:42 [Information] Stepper Motor Controller Disable Z Axis controls while moving to location.
11/16/2024 12:40:42 [Information] Time remaining: 00:00:06 targetEndTime = 12:40:44
11/16/2024 12:40:42 [Information] Stepper Motor Controller Disable Z Axis controls while moving to location.
11/16/2024 12:40:42 [Information] Time remaining: 00:00:06 targetEndTime = 12:40:44
11/16/2024 12:40:42 [Information] Stepper Motor Controller Disable Z Axis controls while moving to location.
11/16/2024 12:40:42 [Information] Time remaining: 00:00:06 targetEndTime = 12:40:44
11/16/2024 12:40:42 [Information] Stepper Motor Controller Disable Z Axis controls while moving to location.
11/16/2024 12:40:42 [Information] Time remaining: 00:00:06 targetEndTime = 12:40:44
11/16/2024 12:40:42 [Information] Stepper Motor Controller Disable Z Axis controls while moving to location.
11/16/2024 12:40:42 [Information] Time remaining: 00:00:06 targetEndTime = 12:40:44
11/16/2024 12:40:42 [Information] Stepper Motor Controller Disable Z Axis controls while moving to location.
11/16/2024 12:40:42 [Information] Time remaining: 00:00:06 targetEndTime = 12:40:44
11/16/2024 12:40:42 [Information] Stepper Motor Controller Disable Z Axis controls while moving to location.
11/16/2024 12:40:42 [Information] Time remaining: 00:00:06 targetEndTime = 12:40:44
11/16/2024 12:40:42 [Information] Stepper Motor Controller Disable Z Axis controls while moving to location.
11/16/2024 12:40:42 [Information] Time remaining: 00:00:06 targetEndTime = 12:40:44
11/16/2024 12:40:43 [Information] Stepper Motor Controller Disable Z Axis controls while moving to location.
11/16/2024 12:40:43 [Information] Time remaining: 00:00:06 targetEndTime = 12:40:44
11/16/2024 12:40:43 [Information] Stepper Motor Controller Disable Z Axis controls while moving to location.
11/16/2024 12:40:43 [Information] Time remaining: 00:00:06 targetEndTime = 12:40:44
11/16/2024 12:40:43 [Information] Stepper Motor Controller Disable Z Axis controls while moving to location.
11/16/2024 12:40:43 [Information] Time remaining: 00:00:06 targetEndTime = 12:40:44
11/16/2024 12:40:43 [Information] Stepper Motor Controller Disable Z Axis controls while moving to location.
11/16/2024 12:40:43 [Information] Time remaining: 00:00:06 targetEndTime = 12:40:44
11/16/2024 12:40:43 [Information] Stepper Motor Controller Disable Z Axis controls while moving to location.
11/16/2024 12:40:43 [Information] Time remaining: 00:00:06 targetEndTime = 12:40:44
11/16/2024 12:40:43 [Information] Stepper Motor Controller Disable Z Axis controls while moving to location.
11/16/2024 12:40:43 [Information] Time remaining: 00:00:06 targetEndTime = 12:40:44
11/16/2024 12:40:43 [Information] Stepper Motor Controller Disable Z Axis controls while moving to location.
11/16/2024 12:40:43 [Information] Time remaining: 00:00:07 targetEndTime = 12:40:44
11/16/2024 12:40:43 [Information] Stepper Motor Controller Disable Z Axis controls while moving to location.
11/16/2024 12:40:43 [Information] Time remaining: 00:00:07 targetEndTime = 12:40:44
11/16/2024 12:40:43 [Information] Stepper Motor Controller Disable Z Axis controls while moving to location.
11/16/2024 12:40:43 [Information] Time remaining: 00:00:07 targetEndTime = 12:40:44
11/16/2024 12:40:43 [Information] Stepper Motor Controller Disable Z Axis controls while moving to location.
11/16/2024 12:40:43 [Information] Time remaining: 00:00:07 targetEndTime = 12:40:44
11/16/2024 12:40:43 [Information] Stepper Motor Controller Disable Z Axis controls while moving to location.
11/16/2024 12:40:43 [Information] Time remaining: 00:00:07 targetEndTime = 12:40:44
11/16/2024 12:40:43 [Information] Stepper Motor Controller Disable Z Axis controls while moving to location.
11/16/2024 12:40:43 [Information] Time remaining: 00:00:07 targetEndTime = 12:40:44
11/16/2024 12:40:43 [Information] Stepper Motor Controller Disable Z Axis controls while moving to location.
11/16/2024 12:40:43 [Information] Time remaining: 00:00:07 targetEndTime = 12:40:44
11/16/2024 12:40:43 [Information] Stepper Motor Controller Disable Z Axis controls while moving to location.
11/16/2024 12:40:43 [Information] Time remaining: 00:00:07 targetEndTime = 12:40:44
11/16/2024 12:40:43 [Information] Stepper Motor Controller Disable Z Axis controls while moving to location.
11/16/2024 12:40:43 [Information] Time remaining: 00:00:07 targetEndTime = 12:40:44
11/16/2024 12:40:43 [Information] Stepper Motor Controller Disable Z Axis controls while moving to location.
11/16/2024 12:40:43 [Information] Time remaining: 00:00:07 targetEndTime = 12:40:44
11/16/2024 12:40:43 [Information] Stepper Motor Controller Disable Z Axis controls while moving to location.
11/16/2024 12:40:43 [Information] Time remaining: 00:00:07 targetEndTime = 12:40:44
11/16/2024 12:40:43 [Information] Stepper Motor Controller Disable Z Axis controls while moving to location.
11/16/2024 12:40:43 [Information] Time remaining: 00:00:07 targetEndTime = 12:40:44
11/16/2024 12:40:43 [Information] Stepper Motor Controller Disable Z Axis controls while moving to location.
11/16/2024 12:40:43 [Information] Time remaining: 00:00:07 targetEndTime = 12:40:44
11/16/2024 12:40:43 [Information] Stepper Motor Controller Disable Z Axis controls while moving to location.
11/16/2024 12:40:43 [Information] Time remaining: 00:00:07 targetEndTime = 12:40:44
11/16/2024 12:40:43 [Information] Stepper Motor Controller Disable Z Axis controls while moving to location.
11/16/2024 12:40:43 [Information] Time remaining: 00:00:07 targetEndTime = 12:40:44
11/16/2024 12:40:43 [Information] Stepper Motor Controller Disable Z Axis controls while moving to location.
11/16/2024 12:40:43 [Information] Time remaining: 00:00:07 targetEndTime = 12:40:44
11/16/2024 12:40:43 [Information] Stepper Motor Controller Disable Z Axis controls while moving to location.
11/16/2024 12:40:43 [Information] Time remaining: 00:00:07 targetEndTime = 12:40:44
11/16/2024 12:40:43 [Information] Stepper Motor Controller Disable Z Axis controls while moving to location.
11/16/2024 12:40:43 [Information] Time remaining: 00:00:07 targetEndTime = 12:40:44
11/16/2024 12:40:43 [Information] Stepper Motor Controller Disable Z Axis controls while moving to location.
11/16/2024 12:40:43 [Information] Time remaining: 00:00:07 targetEndTime = 12:40:44
11/16/2024 12:40:43 [Information] Stepper Motor Controller Disable Z Axis controls while moving to location.
11/16/2024 12:40:43 [Information] Time remaining: 00:00:07 targetEndTime = 12:40:44
11/16/2024 12:40:43 [Information] Stepper Motor Controller Disable Z Axis controls while moving to location.
11/16/2024 12:40:43 [Information] Time remaining: 00:00:07 targetEndTime = 12:40:44
11/16/2024 12:40:43 [Information] Stepper Motor Controller Disable Z Axis controls while moving to location.
11/16/2024 12:40:43 [Information] Time remaining: 00:00:07 targetEndTime = 12:40:44
11/16/2024 12:40:43 [Information] Stepper Motor Controller Disable Z Axis controls while moving to location.
11/16/2024 12:40:43 [Information] Time remaining: 00:00:07 targetEndTime = 12:40:44
11/16/2024 12:40:43 [Information] Stepper Motor Controller Disable Z Axis controls while moving to location.
11/16/2024 12:40:43 [Information] Time remaining: 00:00:07 targetEndTime = 12:40:44
11/16/2024 12:40:43 [Information] Stepper Motor Controller Disable Z Axis controls while moving to location.
11/16/2024 12:40:43 [Information] Time remaining: 00:00:07 targetEndTime = 12:40:44
11/16/2024 12:40:43 [Information] Stepper Motor Controller Disable Z Axis controls while moving to location.
11/16/2024 12:40:43 [Information] Time remaining: 00:00:07 targetEndTime = 12:40:44
11/16/2024 12:40:43 [Information] Stepper Motor Controller Disable Z Axis controls while moving to location.
11/16/2024 12:40:43 [Information] Time remaining: 00:00:07 targetEndTime = 12:40:44
11/16/2024 12:40:43 [Information] Stepper Motor Controller Disable Z Axis controls while moving to location.
11/16/2024 12:40:43 [Information] Time remaining: 00:00:07 targetEndTime = 12:40:44
11/16/2024 12:40:43 [Information] Stepper Motor Controller Disable Z Axis controls while moving to location.
11/16/2024 12:40:43 [Information] Time remaining: 00:00:07 targetEndTime = 12:40:44
11/16/2024 12:40:43 [Information] Stepper Motor Controller Disable Z Axis controls while moving to location.
11/16/2024 12:40:43 [Information] Time remaining: 00:00:07 targetEndTime = 12:40:44
11/16/2024 12:40:43 [Information] Stepper Motor Controller Disable Z Axis controls while moving to location.
11/16/2024 12:40:43 [Information] Time remaining: 00:00:07 targetEndTime = 12:40:44
11/16/2024 12:40:43 [Information] Stepper Motor Controller Disable Z Axis controls while moving to location.
11/16/2024 12:40:43 [Information] Time remaining: 00:00:07 targetEndTime = 12:40:44
11/16/2024 12:40:43 [Information] Stepper Motor Controller Disable Z Axis controls while moving to location.
11/16/2024 12:40:43 [Information] Time remaining: 00:00:07 targetEndTime = 12:40:44
11/16/2024 12:40:43 [Information] Stepper Motor Controller Disable Z Axis controls while moving to location.
11/16/2024 12:40:43 [Information] Time remaining: 00:00:07 targetEndTime = 12:40:44
11/16/2024 12:40:43 [Information] Stepper Motor Controller Disable Z Axis controls while moving to location.
11/16/2024 12:40:43 [Information] Time remaining: 00:00:07 targetEndTime = 12:40:44
11/16/2024 12:40:43 [Information] Stepper Motor Controller Disable Z Axis controls while moving to location.
11/16/2024 12:40:43 [Information] Time remaining: 00:00:07 targetEndTime = 12:40:44
11/16/2024 12:40:43 [Information] Stepper Motor Controller Disable Z Axis controls while moving to location.
11/16/2024 12:40:43 [Information] Time remaining: 00:00:07 targetEndTime = 12:40:44
11/16/2024 12:40:43 [Information] Stepper Motor Controller Disable Z Axis controls while moving to location.
11/16/2024 12:40:43 [Information] Time remaining: 00:00:07 targetEndTime = 12:40:44
11/16/2024 12:40:43 [Information] Stepper Motor Controller Disable Z Axis controls while moving to location.
11/16/2024 12:40:43 [Information] Time remaining: 00:00:07 targetEndTime = 12:40:44
11/16/2024 12:40:43 [Information] Stepper Motor Controller Disable Z Axis controls while moving to location.
11/16/2024 12:40:43 [Information] Time remaining: 00:00:07 targetEndTime = 12:40:44
11/16/2024 12:40:43 [Information] Stepper Motor Controller Disable Z Axis controls while moving to location.
11/16/2024 12:40:43 [Information] Time remaining: 00:00:07 targetEndTime = 12:40:44
11/16/2024 12:40:43 [Information] Stepper Motor Controller Disable Z Axis controls while moving to location.
11/16/2024 12:40:43 [Information] Time remaining: 00:00:07 targetEndTime = 12:40:44
11/16/2024 12:40:43 [Information] Stepper Motor Controller Disable Z Axis controls while moving to location.
11/16/2024 12:40:43 [Information] Time remaining: 00:00:07 targetEndTime = 12:40:44
11/16/2024 12:40:43 [Information] Stepper Motor Controller Disable Z Axis controls while moving to location.
11/16/2024 12:40:43 [Information] Time remaining: 00:00:07 targetEndTime = 12:40:44
11/16/2024 12:40:43 [Information] Stepper Motor Controller Disable Z Axis controls while moving to location.
11/16/2024 12:40:43 [Information] Time remaining: 00:00:07 targetEndTime = 12:40:44
11/16/2024 12:40:43 [Information] Stepper Motor Controller Disable Z Axis controls while moving to location.
11/16/2024 12:40:43 [Information] Time remaining: 00:00:07 targetEndTime = 12:40:44
11/16/2024 12:40:43 [Information] Stepper Motor Controller Disable Z Axis controls while moving to location.
11/16/2024 12:40:43 [Information] Time remaining: 00:00:07 targetEndTime = 12:40:44
11/16/2024 12:40:43 [Information] Stepper Motor Controller Disable Z Axis controls while moving to location.
11/16/2024 12:40:43 [Information] Time remaining: 00:00:07 targetEndTime = 12:40:44
11/16/2024 12:40:43 [Information] Stepper Motor Controller Disable Z Axis controls while moving to location.
11/16/2024 12:40:43 [Information] Time remaining: 00:00:07 targetEndTime = 12:40:44
11/16/2024 12:40:43 [Information] Stepper Motor Controller Disable Z Axis controls while moving to location.
11/16/2024 12:40:43 [Information] Time remaining: 00:00:07 targetEndTime = 12:40:44
11/16/2024 12:40:43 [Information] Stepper Motor Controller Disable Z Axis controls while moving to location.
11/16/2024 12:40:43 [Information] Time remaining: 00:00:07 targetEndTime = 12:40:44
11/16/2024 12:40:44 [Information] Stepper Motor Controller Disable Z Axis controls while moving to location.
11/16/2024 12:40:44 [Information] Time remaining: 00:00:07 targetEndTime = 12:40:44
11/16/2024 12:40:44 [Information] Stepper Motor Controller Disable Z Axis controls while moving to location.
11/16/2024 12:40:44 [Information] Time remaining: 00:00:07 targetEndTime = 12:40:44
11/16/2024 12:40:44 [Information] Stepper Motor Controller Disable Z Axis controls while moving to location.
11/16/2024 12:40:44 [Information] Time remaining: 00:00:07 targetEndTime = 12:40:44
11/16/2024 12:40:44 [Information] Stepper Motor Controller Disable Z Axis controls while moving to location.
11/16/2024 12:40:44 [Information] Time remaining: 00:00:07 targetEndTime = 12:40:44
11/16/2024 12:40:44 [Information] Stepper Motor Controller Disable Z Axis controls while moving to location.
11/16/2024 12:40:44 [Information] Time remaining: 00:00:07 targetEndTime = 12:40:44
11/16/2024 12:40:44 [Information] Stepper Motor Controller Enable Z Axis controls after moving to location.
11/16/2024 12:40:44 [Information] Stepper Motor Controller Stopwatch Stopped.
11/16/2024 12:40:44 [Information] Stepper Motor Controller Timer Stopped.
11/16/2024 12:40:44 [Information] Stepper Motor Controller Stopwatch Reset.
11/16/2024 12:40:47 [Information] Stepper Motor Controller MainWindow Closing.
11/16/2024 12:40:47 [Information] Stepper Motor Controller Serial Ports closed.
11/16/2024 12:40:47 [Information] Properties Settings Saved.
11/16/2024 12:40:47 [Information] Properties Settings Form Closed.
11/16/2024 12:40:47 [Information] Stepper Motor Controller Form Closed.
