11/8/2024 19:37:34 [Information] Stepper Motor Controller Application Started.
11/8/2024 19:37:34 [Information] Version: 3.0.9078.35323 (11/8/2024 19:37:34)
11/8/2024 19:37:34 [Information] SerialPort COM7 not connected.
11/8/2024 19:37:35 [Information] SerialPort COM8 not connected.
11/8/2024 19:37:35 [Information] Stepper Motor Controller Application Started.
11/8/2024 19:37:35 [Information] Version: 3.0.9078.35323 (11/8/2024 19:37:35)
11/8/2024 19:37:35 [Information] Version: 3.1.0.35324 (11/8/2024 19:37:35)
11/8/2024 19:37:35 [Information] Version: 3.1.0.35324 (11/8/2024 19:37:35)
11/8/2024 19:37:35 [Information] Stepper Motor Controller Application Settings Window Opened.
11/8/2024 19:37:35 [Information] Stepper Motor Controller Application Settings form is rebuilt each and every time it is opened.
11/8/2024 19:37:35 [Information] int: 9600 BaudRate added to the Settings Form.
11/8/2024 19:37:35 [Information] bool: False ckbXaxisResetToZeroIsChecked added to the Settings Form.
11/8/2024 19:37:35 [Information] bool: False ckbYaxisResetToZeroIsChecked added to the Settings Form.
11/8/2024 19:37:35 [Information] bool: False ckbZaxisResetToZeroIsChecked added to the Settings Form.
11/8/2024 19:37:35 [Information] COM1: ComPort added to the Settings Form.
11/8/2024 19:37:35 [Information] COM2: ComPort added to the Settings Form.
11/8/2024 19:37:35 [Information] COM3: ComPort added to the Settings Form.
11/8/2024 19:37:35 [Information] COM4: ComPort added to the Settings Form.
11/8/2024 19:37:35 [Information] COM5: ComPort added to the Settings Form.
11/8/2024 19:37:35 [Information] COM6: ComPort added to the Settings Form.
11/8/2024 19:37:35 [Information] COM7: ComPort added to the Settings Form.
11/8/2024 19:37:35 [Information] COM8: ComPort added to the Settings Form.
11/8/2024 19:37:35 [Information] COM9: ComPort added to the Settings Form.
11/8/2024 19:37:35 [Information] COM10: ComPort added to the Settings Form.
11/8/2024 19:37:35 [Information] decimal: 4.00 Divider4_00 added to the Settings Form.
11/8/2024 19:37:35 [Information] decimal: 0.00 MathPart2Initlz added to the Settings Form.
11/8/2024 19:37:35 [Information] decimal: 1.00 MilisecondTimerInterval added to the Settings Form.
11/8/2024 19:37:35 [Information] decimal: 1000.00 MillisecondDelay added to the Settings Form.
11/8/2024 19:37:35 [Information] int: 1000 Milliseconds added to the Settings Form.
11/8/2024 19:37:35 [Information] int: 4 mmPerRevolution added to the Settings Form.
11/8/2024 19:37:35 [Information] int: 2000 ThreadSleep added to the Settings Form.
11/8/2024 19:37:35 [Information] decimal: 0.00 Value_0_00 added to the Settings Form.
11/8/2024 19:37:35 [Information] decimal: 50.00 XaxisAcceleration added to the Settings Form.
11/8/2024 19:37:35 [Information] bool: False XaxisChanged added to the Settings Form.
11/8/2024 19:37:35 [Information] decimal: 400.00 XaxisMotorSpeed added to the Settings Form.
11/8/2024 19:37:35 [Information] decimal: 0.00 XaxisStepperCurrent added to the Settings Form.
11/8/2024 19:37:35 [Information] decimal: 0.00 XaxisStepperMove added to the Settings Form.
11/8/2024 19:37:35 [Information] XCOM1: XComPort added to the Settings Form.
11/8/2024 19:37:35 [Information] XCOM2: XComPort added to the Settings Form.
11/8/2024 19:37:35 [Information] XCOM3: XComPort added to the Settings Form.
11/8/2024 19:37:35 [Information] XCOM4: XComPort added to the Settings Form.
11/8/2024 19:37:35 [Information] XCOM5: XComPort added to the Settings Form.
11/8/2024 19:37:35 [Information] XCOM6: XComPort added to the Settings Form.
11/8/2024 19:37:35 [Information] XCOM7: XComPort added to the Settings Form.
11/8/2024 19:37:35 [Information] XCOM8: XComPort added to the Settings Form.
11/8/2024 19:37:35 [Information] XCOM9: XComPort added to the Settings Form.
11/8/2024 19:37:35 [Information] XCOM10: XComPort added to the Settings Form.
11/8/2024 19:37:35 [Information] decimal: 50.00 YaxisAcceleration added to the Settings Form.
11/8/2024 19:37:35 [Information] bool: False YaxisChanged added to the Settings Form.
11/8/2024 19:37:35 [Information] decimal: 400.00 YaxisMotorSpeed added to the Settings Form.
11/8/2024 19:37:35 [Information] decimal: 0.00 YaxisStepperCurrent added to the Settings Form.
11/8/2024 19:37:35 [Information] decimal: 0.00 YaxisStepperMove added to the Settings Form.
11/8/2024 19:37:35 [Information] YCOM1: YComPort added to the Settings Form.
11/8/2024 19:37:35 [Information] YCOM2: YComPort added to the Settings Form.
11/8/2024 19:37:35 [Information] YCOM3: YComPort added to the Settings Form.
11/8/2024 19:37:35 [Information] YCOM4: YComPort added to the Settings Form.
11/8/2024 19:37:35 [Information] YCOM5: YComPort added to the Settings Form.
11/8/2024 19:37:35 [Information] YCOM6: YComPort added to the Settings Form.
11/8/2024 19:37:35 [Information] YCOM7: YComPort added to the Settings Form.
11/8/2024 19:37:35 [Information] YCOM8: YComPort added to the Settings Form.
11/8/2024 19:37:35 [Information] YCOM9: YComPort added to the Settings Form.
11/8/2024 19:37:35 [Information] YCOM10: YComPort added to the Settings Form.
11/8/2024 19:37:35 [Information] decimal: 50.00 ZaxisAcceleration added to the Settings Form.
11/8/2024 19:37:35 [Information] bool: False ZaxisChanged added to the Settings Form.
11/8/2024 19:37:35 [Information] decimal: 400.00 ZaxisMotorSpeed added to the Settings Form.
11/8/2024 19:37:35 [Information] decimal: 0.00 ZaxisStepperCurrent added to the Settings Form.
11/8/2024 19:37:35 [Information] decimal: 0.00 ZaxisStepperMove added to the Settings Form.
11/8/2024 19:37:35 [Information] ZCOM1: ZComPort added to the Settings Form.
11/8/2024 19:37:35 [Information] ZCOM2: ZComPort added to the Settings Form.
11/8/2024 19:37:35 [Information] ZCOM3: ZComPort added to the Settings Form.
11/8/2024 19:37:35 [Information] ZCOM4: ZComPort added to the Settings Form.
11/8/2024 19:37:35 [Information] ZCOM5: ZComPort added to the Settings Form.
11/8/2024 19:37:35 [Information] ZCOM6: ZComPort added to the Settings Form.
11/8/2024 19:37:35 [Information] ZCOM7: ZComPort added to the Settings Form.
11/8/2024 19:37:35 [Information] ZCOM8: ZComPort added to the Settings Form.
11/8/2024 19:37:35 [Information] ZCOM9: ZComPort added to the Settings Form.
11/8/2024 19:37:35 [Information] ZCOM10: ZComPort added to the Settings Form.
11/8/2024 19:37:35 [Information] int: 0 zeroXaxis added to the Settings Form.
11/8/2024 19:37:35 [Information] int: 0 zeroYaxis added to the Settings Form.
11/8/2024 19:37:35 [Information] int: 0 zeroZaxis added to the Settings Form.
11/8/2024 19:37:35 [Information] Stepper Motor Controller MainWindow loaded
11/8/2024 19:37:35 [Information] Set MainWindow Media Brushes to White.
11/8/2024 19:37:55 [Information] Z Axis mouse controlled Keypad returned: 24.00
11/8/2024 19:37:58 [Information] Z Axis Run button clicked:
11/8/2024 19:38:11 [Information] Z Axis MotorMovementSeconds decimal: (24.00 / 4) / 2 = 3.00
11/8/2024 19:38:12 [Information] Z Axis Run Event: Z,0.00,400.00,0,0.00,400.00,0,24.00,400.00,0
11/8/2024 19:38:12 [Information] Z Axis Current Time: 07:38:12 + 3000 = 07:38:15
11/8/2024 19:38:12 [Information] Stepper Motor Controller Disable Z Axis controls while moving to location.
11/8/2024 19:38:12 [Information] Time remaining: 00:00:00 targetEndTime = 07:38:15
11/8/2024 19:38:12 [Information] Stepper Motor Controller Disable Z Axis controls while moving to location.
11/8/2024 19:38:12 [Information] Time remaining: 00:00:00 targetEndTime = 07:38:15
11/8/2024 19:38:12 [Information] Stepper Motor Controller Disable Z Axis controls while moving to location.
11/8/2024 19:38:12 [Information] Time remaining: 00:00:00 targetEndTime = 07:38:15
11/8/2024 19:38:13 [Information] Stepper Motor Controller Disable Z Axis controls while moving to location.
11/8/2024 19:38:13 [Information] Time remaining: 00:00:00 targetEndTime = 07:38:15
11/8/2024 19:38:13 [Information] Stepper Motor Controller Disable Z Axis controls while moving to location.
11/8/2024 19:38:13 [Information] Time remaining: 00:00:00 targetEndTime = 07:38:15
11/8/2024 19:38:13 [Information] Stepper Motor Controller Disable Z Axis controls while moving to location.
11/8/2024 19:38:13 [Information] Time remaining: 00:00:00 targetEndTime = 07:38:15
11/8/2024 19:38:13 [Information] Stepper Motor Controller Disable Z Axis controls while moving to location.
11/8/2024 19:38:13 [Information] Time remaining: 00:00:00 targetEndTime = 07:38:15
11/8/2024 19:38:13 [Information] Stepper Motor Controller Disable Z Axis controls while moving to location.
11/8/2024 19:38:13 [Information] Time remaining: 00:00:00 targetEndTime = 07:38:15
11/8/2024 19:38:13 [Information] Stepper Motor Controller Disable Z Axis controls while moving to location.
11/8/2024 19:38:13 [Information] Time remaining: 00:00:00 targetEndTime = 07:38:15
11/8/2024 19:38:13 [Information] Stepper Motor Controller Disable Z Axis controls while moving to location.
11/8/2024 19:38:13 [Information] Time remaining: 00:00:00 targetEndTime = 07:38:15
11/8/2024 19:38:13 [Information] Stepper Motor Controller Disable Z Axis controls while moving to location.
11/8/2024 19:38:13 [Information] Time remaining: 00:00:00 targetEndTime = 07:38:15
11/8/2024 19:38:13 [Information] Stepper Motor Controller Disable Z Axis controls while moving to location.
11/8/2024 19:38:13 [Information] Time remaining: 00:00:00 targetEndTime = 07:38:15
11/8/2024 19:38:13 [Information] Stepper Motor Controller Disable Z Axis controls while moving to location.
11/8/2024 19:38:13 [Information] Time remaining: 00:00:00 targetEndTime = 07:38:15
11/8/2024 19:38:13 [Information] Stepper Motor Controller Disable Z Axis controls while moving to location.
11/8/2024 19:38:13 [Information] Time remaining: 00:00:00 targetEndTime = 07:38:15
11/8/2024 19:38:13 [Information] Stepper Motor Controller Disable Z Axis controls while moving to location.
11/8/2024 19:38:13 [Information] Time remaining: 00:00:00 targetEndTime = 07:38:15
11/8/2024 19:38:13 [Information] Stepper Motor Controller Disable Z Axis controls while moving to location.
11/8/2024 19:38:13 [Information] Time remaining: 00:00:00 targetEndTime = 07:38:15
11/8/2024 19:38:13 [Information] Stepper Motor Controller Disable Z Axis controls while moving to location.
11/8/2024 19:38:13 [Information] Time remaining: 00:00:00 targetEndTime = 07:38:15
11/8/2024 19:38:13 [Information] Stepper Motor Controller Disable Z Axis controls while moving to location.
11/8/2024 19:38:13 [Information] Time remaining: 00:00:00 targetEndTime = 07:38:15
11/8/2024 19:38:13 [Information] Stepper Motor Controller Disable Z Axis controls while moving to location.
11/8/2024 19:38:13 [Information] Time remaining: 00:00:00 targetEndTime = 07:38:15
11/8/2024 19:38:13 [Information] Stepper Motor Controller Disable Z Axis controls while moving to location.
11/8/2024 19:38:13 [Information] Time remaining: 00:00:00 targetEndTime = 07:38:15
11/8/2024 19:38:13 [Information] Stepper Motor Controller Disable Z Axis controls while moving to location.
11/8/2024 19:38:13 [Information] Time remaining: 00:00:00 targetEndTime = 07:38:15
11/8/2024 19:38:13 [Information] Stepper Motor Controller Disable Z Axis controls while moving to location.
11/8/2024 19:38:13 [Information] Time remaining: 00:00:00 targetEndTime = 07:38:15
11/8/2024 19:38:13 [Information] Stepper Motor Controller Disable Z Axis controls while moving to location.
11/8/2024 19:38:13 [Information] Time remaining: 00:00:00 targetEndTime = 07:38:15
11/8/2024 19:38:13 [Information] Stepper Motor Controller Disable Z Axis controls while moving to location.
11/8/2024 19:38:13 [Information] Time remaining: 00:00:00 targetEndTime = 07:38:15
11/8/2024 19:38:13 [Information] Stepper Motor Controller Disable Z Axis controls while moving to location.
11/8/2024 19:38:13 [Information] Time remaining: 00:00:00 targetEndTime = 07:38:15
11/8/2024 19:38:13 [Information] Stepper Motor Controller Disable Z Axis controls while moving to location.
11/8/2024 19:38:13 [Information] Time remaining: 00:00:00 targetEndTime = 07:38:15
11/8/2024 19:38:13 [Information] Stepper Motor Controller Disable Z Axis controls while moving to location.
11/8/2024 19:38:13 [Information] Time remaining: 00:00:00 targetEndTime = 07:38:15
11/8/2024 19:38:13 [Information] Stepper Motor Controller Disable Z Axis controls while moving to location.
11/8/2024 19:38:13 [Information] Time remaining: 00:00:00 targetEndTime = 07:38:15
11/8/2024 19:38:13 [Information] Stepper Motor Controller Disable Z Axis controls while moving to location.
11/8/2024 19:38:13 [Information] Time remaining: 00:00:00 targetEndTime = 07:38:15
11/8/2024 19:38:13 [Information] Stepper Motor Controller Disable Z Axis controls while moving to location.
11/8/2024 19:38:13 [Information] Time remaining: 00:00:00 targetEndTime = 07:38:15
11/8/2024 19:38:13 [Information] Stepper Motor Controller Disable Z Axis controls while moving to location.
11/8/2024 19:38:13 [Information] Time remaining: 00:00:00 targetEndTime = 07:38:15
11/8/2024 19:38:13 [Information] Stepper Motor Controller Disable Z Axis controls while moving to location.
11/8/2024 19:38:13 [Information] Time remaining: 00:00:00 targetEndTime = 07:38:15
11/8/2024 19:38:13 [Information] Stepper Motor Controller Disable Z Axis controls while moving to location.
11/8/2024 19:38:13 [Information] Time remaining: 00:00:00 targetEndTime = 07:38:15
11/8/2024 19:38:13 [Information] Stepper Motor Controller Disable Z Axis controls while moving to location.
11/8/2024 19:38:13 [Information] Time remaining: 00:00:00 targetEndTime = 07:38:15
11/8/2024 19:38:13 [Information] Stepper Motor Controller Disable Z Axis controls while moving to location.
11/8/2024 19:38:13 [Information] Time remaining: 00:00:00 targetEndTime = 07:38:15
11/8/2024 19:38:13 [Information] Stepper Motor Controller Disable Z Axis controls while moving to location.
11/8/2024 19:38:13 [Information] Time remaining: 00:00:00 targetEndTime = 07:38:15
11/8/2024 19:38:13 [Information] Stepper Motor Controller Disable Z Axis controls while moving to location.
11/8/2024 19:38:13 [Information] Time remaining: 00:00:00 targetEndTime = 07:38:15
11/8/2024 19:38:13 [Information] Stepper Motor Controller Disable Z Axis controls while moving to location.
11/8/2024 19:38:13 [Information] Time remaining: 00:00:00 targetEndTime = 07:38:15
11/8/2024 19:38:13 [Information] Stepper Motor Controller Disable Z Axis controls while moving to location.
11/8/2024 19:38:13 [Information] Time remaining: 00:00:00 targetEndTime = 07:38:15
11/8/2024 19:38:13 [Information] Stepper Motor Controller Disable Z Axis controls while moving to location.
11/8/2024 19:38:13 [Information] Time remaining: 00:00:00 targetEndTime = 07:38:15
11/8/2024 19:38:13 [Information] Stepper Motor Controller Disable Z Axis controls while moving to location.
11/8/2024 19:38:13 [Information] Time remaining: 00:00:00 targetEndTime = 07:38:15
11/8/2024 19:38:13 [Information] Stepper Motor Controller Disable Z Axis controls while moving to location.
11/8/2024 19:38:13 [Information] Time remaining: 00:00:00 targetEndTime = 07:38:15
11/8/2024 19:38:13 [Information] Stepper Motor Controller Disable Z Axis controls while moving to location.
11/8/2024 19:38:13 [Information] Time remaining: 00:00:00 targetEndTime = 07:38:15
11/8/2024 19:38:13 [Information] Stepper Motor Controller Disable Z Axis controls while moving to location.
11/8/2024 19:38:13 [Information] Time remaining: 00:00:00 targetEndTime = 07:38:15
11/8/2024 19:38:13 [Information] Stepper Motor Controller Disable Z Axis controls while moving to location.
11/8/2024 19:38:13 [Information] Time remaining: 00:00:00 targetEndTime = 07:38:15
11/8/2024 19:38:13 [Information] Stepper Motor Controller Disable Z Axis controls while moving to location.
11/8/2024 19:38:13 [Information] Time remaining: 00:00:00 targetEndTime = 07:38:15
11/8/2024 19:38:13 [Information] Stepper Motor Controller Disable Z Axis controls while moving to location.
11/8/2024 19:38:13 [Information] Time remaining: 00:00:00 targetEndTime = 07:38:15
11/8/2024 19:38:13 [Information] Stepper Motor Controller Disable Z Axis controls while moving to location.
11/8/2024 19:38:13 [Information] Time remaining: 00:00:00 targetEndTime = 07:38:15
11/8/2024 19:38:13 [Information] Stepper Motor Controller Disable Z Axis controls while moving to location.
11/8/2024 19:38:13 [Information] Time remaining: 00:00:00 targetEndTime = 07:38:15
11/8/2024 19:38:13 [Information] Stepper Motor Controller Disable Z Axis controls while moving to location.
11/8/2024 19:38:13 [Information] Time remaining: 00:00:00 targetEndTime = 07:38:15
11/8/2024 19:38:13 [Information] Stepper Motor Controller Disable Z Axis controls while moving to location.
11/8/2024 19:38:13 [Information] Time remaining: 00:00:00 targetEndTime = 07:38:15
11/8/2024 19:38:13 [Information] Stepper Motor Controller Disable Z Axis controls while moving to location.
11/8/2024 19:38:13 [Information] Time remaining: 00:00:00 targetEndTime = 07:38:15
11/8/2024 19:38:13 [Information] Stepper Motor Controller Disable Z Axis controls while moving to location.
11/8/2024 19:38:13 [Information] Time remaining: 00:00:00 targetEndTime = 07:38:15
11/8/2024 19:38:13 [Information] Stepper Motor Controller Disable Z Axis controls while moving to location.
11/8/2024 19:38:13 [Information] Time remaining: 00:00:00 targetEndTime = 07:38:15
11/8/2024 19:38:13 [Information] Stepper Motor Controller Disable Z Axis controls while moving to location.
11/8/2024 19:38:13 [Information] Time remaining: 00:00:00 targetEndTime = 07:38:15
11/8/2024 19:38:13 [Information] Stepper Motor Controller Disable Z Axis controls while moving to location.
11/8/2024 19:38:13 [Information] Time remaining: 00:00:00 targetEndTime = 07:38:15
11/8/2024 19:38:13 [Information] Stepper Motor Controller Disable Z Axis controls while moving to location.
11/8/2024 19:38:13 [Information] Time remaining: 00:00:01 targetEndTime = 07:38:15
11/8/2024 19:38:13 [Information] Stepper Motor Controller Disable Z Axis controls while moving to location.
11/8/2024 19:38:13 [Information] Time remaining: 00:00:01 targetEndTime = 07:38:15
11/8/2024 19:38:13 [Information] Stepper Motor Controller Disable Z Axis controls while moving to location.
11/8/2024 19:38:13 [Information] Time remaining: 00:00:01 targetEndTime = 07:38:15
11/8/2024 19:38:13 [Information] Stepper Motor Controller Disable Z Axis controls while moving to location.
11/8/2024 19:38:13 [Information] Time remaining: 00:00:01 targetEndTime = 07:38:15
11/8/2024 19:38:13 [Information] Stepper Motor Controller Disable Z Axis controls while moving to location.
11/8/2024 19:38:13 [Information] Time remaining: 00:00:01 targetEndTime = 07:38:15
11/8/2024 19:38:13 [Information] Stepper Motor Controller Disable Z Axis controls while moving to location.
11/8/2024 19:38:13 [Information] Time remaining: 00:00:01 targetEndTime = 07:38:15
11/8/2024 19:38:14 [Information] Stepper Motor Controller Disable Z Axis controls while moving to location.
11/8/2024 19:38:14 [Information] Time remaining: 00:00:01 targetEndTime = 07:38:15
11/8/2024 19:38:14 [Information] Stepper Motor Controller Disable Z Axis controls while moving to location.
11/8/2024 19:38:14 [Information] Time remaining: 00:00:01 targetEndTime = 07:38:15
11/8/2024 19:38:14 [Information] Stepper Motor Controller Disable Z Axis controls while moving to location.
11/8/2024 19:38:14 [Information] Time remaining: 00:00:01 targetEndTime = 07:38:15
11/8/2024 19:38:14 [Information] Stepper Motor Controller Disable Z Axis controls while moving to location.
11/8/2024 19:38:14 [Information] Time remaining: 00:00:01 targetEndTime = 07:38:15
11/8/2024 19:38:14 [Information] Stepper Motor Controller Disable Z Axis controls while moving to location.
11/8/2024 19:38:14 [Information] Time remaining: 00:00:01 targetEndTime = 07:38:15
11/8/2024 19:38:14 [Information] Stepper Motor Controller Disable Z Axis controls while moving to location.
11/8/2024 19:38:14 [Information] Time remaining: 00:00:01 targetEndTime = 07:38:15
11/8/2024 19:38:14 [Information] Stepper Motor Controller Disable Z Axis controls while moving to location.
11/8/2024 19:38:14 [Information] Time remaining: 00:00:01 targetEndTime = 07:38:15
11/8/2024 19:38:14 [Information] Stepper Motor Controller Disable Z Axis controls while moving to location.
11/8/2024 19:38:14 [Information] Time remaining: 00:00:01 targetEndTime = 07:38:15
11/8/2024 19:38:14 [Information] Stepper Motor Controller Disable Z Axis controls while moving to location.
11/8/2024 19:38:14 [Information] Time remaining: 00:00:01 targetEndTime = 07:38:15
11/8/2024 19:38:14 [Information] Stepper Motor Controller Disable Z Axis controls while moving to location.
11/8/2024 19:38:14 [Information] Time remaining: 00:00:01 targetEndTime = 07:38:15
11/8/2024 19:38:14 [Information] Stepper Motor Controller Disable Z Axis controls while moving to location.
11/8/2024 19:38:14 [Information] Time remaining: 00:00:01 targetEndTime = 07:38:15
11/8/2024 19:38:14 [Information] Stepper Motor Controller Disable Z Axis controls while moving to location.
11/8/2024 19:38:14 [Information] Time remaining: 00:00:01 targetEndTime = 07:38:15
11/8/2024 19:38:14 [Information] Stepper Motor Controller Disable Z Axis controls while moving to location.
11/8/2024 19:38:14 [Information] Time remaining: 00:00:01 targetEndTime = 07:38:15
11/8/2024 19:38:14 [Information] Stepper Motor Controller Disable Z Axis controls while moving to location.
11/8/2024 19:38:14 [Information] Time remaining: 00:00:01 targetEndTime = 07:38:15
11/8/2024 19:38:14 [Information] Stepper Motor Controller Disable Z Axis controls while moving to location.
11/8/2024 19:38:14 [Information] Time remaining: 00:00:01 targetEndTime = 07:38:15
11/8/2024 19:38:14 [Information] Stepper Motor Controller Disable Z Axis controls while moving to location.
11/8/2024 19:38:14 [Information] Time remaining: 00:00:01 targetEndTime = 07:38:15
11/8/2024 19:38:14 [Information] Stepper Motor Controller Disable Z Axis controls while moving to location.
11/8/2024 19:38:14 [Information] Time remaining: 00:00:01 targetEndTime = 07:38:15
11/8/2024 19:38:14 [Information] Stepper Motor Controller Disable Z Axis controls while moving to location.
11/8/2024 19:38:14 [Information] Time remaining: 00:00:01 targetEndTime = 07:38:15
11/8/2024 19:38:14 [Information] Stepper Motor Controller Disable Z Axis controls while moving to location.
11/8/2024 19:38:14 [Information] Time remaining: 00:00:01 targetEndTime = 07:38:15
11/8/2024 19:38:14 [Information] Stepper Motor Controller Disable Z Axis controls while moving to location.
11/8/2024 19:38:14 [Information] Time remaining: 00:00:01 targetEndTime = 07:38:15
11/8/2024 19:38:14 [Information] Stepper Motor Controller Disable Z Axis controls while moving to location.
11/8/2024 19:38:14 [Information] Time remaining: 00:00:01 targetEndTime = 07:38:15
11/8/2024 19:38:14 [Information] Stepper Motor Controller Disable Z Axis controls while moving to location.
11/8/2024 19:38:14 [Information] Time remaining: 00:00:01 targetEndTime = 07:38:15
11/8/2024 19:38:14 [Information] Stepper Motor Controller Disable Z Axis controls while moving to location.
11/8/2024 19:38:14 [Information] Time remaining: 00:00:01 targetEndTime = 07:38:15
11/8/2024 19:38:14 [Information] Stepper Motor Controller Disable Z Axis controls while moving to location.
11/8/2024 19:38:14 [Information] Time remaining: 00:00:01 targetEndTime = 07:38:15
11/8/2024 19:38:14 [Information] Stepper Motor Controller Disable Z Axis controls while moving to location.
11/8/2024 19:38:14 [Information] Time remaining: 00:00:01 targetEndTime = 07:38:15
11/8/2024 19:38:14 [Information] Stepper Motor Controller Disable Z Axis controls while moving to location.
11/8/2024 19:38:14 [Information] Time remaining: 00:00:01 targetEndTime = 07:38:15
11/8/2024 19:38:14 [Information] Stepper Motor Controller Disable Z Axis controls while moving to location.
11/8/2024 19:38:14 [Information] Time remaining: 00:00:01 targetEndTime = 07:38:15
11/8/2024 19:38:14 [Information] Stepper Motor Controller Disable Z Axis controls while moving to location.
11/8/2024 19:38:14 [Information] Time remaining: 00:00:01 targetEndTime = 07:38:15
11/8/2024 19:38:14 [Information] Stepper Motor Controller Disable Z Axis controls while moving to location.
11/8/2024 19:38:14 [Information] Time remaining: 00:00:01 targetEndTime = 07:38:15
11/8/2024 19:38:14 [Information] Stepper Motor Controller Disable Z Axis controls while moving to location.
11/8/2024 19:38:14 [Information] Time remaining: 00:00:01 targetEndTime = 07:38:15
11/8/2024 19:38:14 [Information] Stepper Motor Controller Disable Z Axis controls while moving to location.
11/8/2024 19:38:14 [Information] Time remaining: 00:00:01 targetEndTime = 07:38:15
11/8/2024 19:38:14 [Information] Stepper Motor Controller Disable Z Axis controls while moving to location.
11/8/2024 19:38:14 [Information] Time remaining: 00:00:01 targetEndTime = 07:38:15
11/8/2024 19:38:14 [Information] Stepper Motor Controller Disable Z Axis controls while moving to location.
11/8/2024 19:38:14 [Information] Time remaining: 00:00:01 targetEndTime = 07:38:15
11/8/2024 19:38:14 [Information] Stepper Motor Controller Disable Z Axis controls while moving to location.
11/8/2024 19:38:14 [Information] Time remaining: 00:00:01 targetEndTime = 07:38:15
11/8/2024 19:38:14 [Information] Stepper Motor Controller Disable Z Axis controls while moving to location.
11/8/2024 19:38:14 [Information] Time remaining: 00:00:01 targetEndTime = 07:38:15
11/8/2024 19:38:14 [Information] Stepper Motor Controller Disable Z Axis controls while moving to location.
11/8/2024 19:38:14 [Information] Time remaining: 00:00:01 targetEndTime = 07:38:15
11/8/2024 19:38:14 [Information] Stepper Motor Controller Disable Z Axis controls while moving to location.
11/8/2024 19:38:14 [Information] Time remaining: 00:00:01 targetEndTime = 07:38:15
11/8/2024 19:38:14 [Information] Stepper Motor Controller Disable Z Axis controls while moving to location.
11/8/2024 19:38:14 [Information] Time remaining: 00:00:01 targetEndTime = 07:38:15
11/8/2024 19:38:14 [Information] Stepper Motor Controller Disable Z Axis controls while moving to location.
11/8/2024 19:38:14 [Information] Time remaining: 00:00:01 targetEndTime = 07:38:15
11/8/2024 19:38:14 [Information] Stepper Motor Controller Disable Z Axis controls while moving to location.
11/8/2024 19:38:14 [Information] Time remaining: 00:00:01 targetEndTime = 07:38:15
11/8/2024 19:38:14 [Information] Stepper Motor Controller Disable Z Axis controls while moving to location.
11/8/2024 19:38:14 [Information] Time remaining: 00:00:01 targetEndTime = 07:38:15
11/8/2024 19:38:14 [Information] Stepper Motor Controller Disable Z Axis controls while moving to location.
11/8/2024 19:38:14 [Information] Time remaining: 00:00:01 targetEndTime = 07:38:15
11/8/2024 19:38:14 [Information] Stepper Motor Controller Disable Z Axis controls while moving to location.
11/8/2024 19:38:14 [Information] Time remaining: 00:00:01 targetEndTime = 07:38:15
11/8/2024 19:38:14 [Information] Stepper Motor Controller Disable Z Axis controls while moving to location.
11/8/2024 19:38:14 [Information] Time remaining: 00:00:01 targetEndTime = 07:38:15
11/8/2024 19:38:14 [Information] Stepper Motor Controller Disable Z Axis controls while moving to location.
11/8/2024 19:38:14 [Information] Time remaining: 00:00:01 targetEndTime = 07:38:15
11/8/2024 19:38:14 [Information] Stepper Motor Controller Disable Z Axis controls while moving to location.
11/8/2024 19:38:14 [Information] Time remaining: 00:00:01 targetEndTime = 07:38:15
11/8/2024 19:38:14 [Information] Stepper Motor Controller Disable Z Axis controls while moving to location.
11/8/2024 19:38:14 [Information] Time remaining: 00:00:01 targetEndTime = 07:38:15
11/8/2024 19:38:14 [Information] Stepper Motor Controller Disable Z Axis controls while moving to location.
11/8/2024 19:38:14 [Information] Time remaining: 00:00:01 targetEndTime = 07:38:15
11/8/2024 19:38:14 [Information] Stepper Motor Controller Disable Z Axis controls while moving to location.
11/8/2024 19:38:14 [Information] Time remaining: 00:00:01 targetEndTime = 07:38:15
11/8/2024 19:38:14 [Information] Stepper Motor Controller Disable Z Axis controls while moving to location.
11/8/2024 19:38:14 [Information] Time remaining: 00:00:01 targetEndTime = 07:38:15
11/8/2024 19:38:14 [Information] Stepper Motor Controller Disable Z Axis controls while moving to location.
11/8/2024 19:38:14 [Information] Time remaining: 00:00:01 targetEndTime = 07:38:15
11/8/2024 19:38:14 [Information] Stepper Motor Controller Disable Z Axis controls while moving to location.
11/8/2024 19:38:14 [Information] Time remaining: 00:00:01 targetEndTime = 07:38:15
11/8/2024 19:38:14 [Information] Stepper Motor Controller Disable Z Axis controls while moving to location.
11/8/2024 19:38:14 [Information] Time remaining: 00:00:01 targetEndTime = 07:38:15
11/8/2024 19:38:14 [Information] Stepper Motor Controller Disable Z Axis controls while moving to location.
11/8/2024 19:38:14 [Information] Time remaining: 00:00:01 targetEndTime = 07:38:15
11/8/2024 19:38:14 [Information] Stepper Motor Controller Disable Z Axis controls while moving to location.
11/8/2024 19:38:14 [Information] Time remaining: 00:00:01 targetEndTime = 07:38:15
11/8/2024 19:38:14 [Information] Stepper Motor Controller Disable Z Axis controls while moving to location.
11/8/2024 19:38:14 [Information] Time remaining: 00:00:01 targetEndTime = 07:38:15
11/8/2024 19:38:14 [Information] Stepper Motor Controller Disable Z Axis controls while moving to location.
11/8/2024 19:38:14 [Information] Time remaining: 00:00:02 targetEndTime = 07:38:15
11/8/2024 19:38:14 [Information] Stepper Motor Controller Disable Z Axis controls while moving to location.
11/8/2024 19:38:14 [Information] Time remaining: 00:00:02 targetEndTime = 07:38:15
11/8/2024 19:38:14 [Information] Stepper Motor Controller Disable Z Axis controls while moving to location.
11/8/2024 19:38:14 [Information] Time remaining: 00:00:02 targetEndTime = 07:38:15
11/8/2024 19:38:14 [Information] Stepper Motor Controller Disable Z Axis controls while moving to location.
11/8/2024 19:38:14 [Information] Time remaining: 00:00:02 targetEndTime = 07:38:15
11/8/2024 19:38:14 [Information] Stepper Motor Controller Disable Z Axis controls while moving to location.
11/8/2024 19:38:14 [Information] Time remaining: 00:00:02 targetEndTime = 07:38:15
11/8/2024 19:38:14 [Information] Stepper Motor Controller Disable Z Axis controls while moving to location.
11/8/2024 19:38:14 [Information] Time remaining: 00:00:02 targetEndTime = 07:38:15
11/8/2024 19:38:15 [Information] Stepper Motor Controller Disable Z Axis controls while moving to location.
11/8/2024 19:38:15 [Information] Time remaining: 00:00:02 targetEndTime = 07:38:15
11/8/2024 19:38:15 [Information] Stepper Motor Controller Disable Z Axis controls while moving to location.
11/8/2024 19:38:15 [Information] Time remaining: 00:00:02 targetEndTime = 07:38:15
11/8/2024 19:38:15 [Information] Stepper Motor Controller Disable Z Axis controls while moving to location.
11/8/2024 19:38:15 [Information] Time remaining: 00:00:02 targetEndTime = 07:38:15
11/8/2024 19:38:15 [Information] Stepper Motor Controller Disable Z Axis controls while moving to location.
11/8/2024 19:38:15 [Information] Time remaining: 00:00:02 targetEndTime = 07:38:15
11/8/2024 19:38:15 [Information] Stepper Motor Controller Disable Z Axis controls while moving to location.
11/8/2024 19:38:15 [Information] Time remaining: 00:00:02 targetEndTime = 07:38:15
11/8/2024 19:38:15 [Information] Stepper Motor Controller Disable Z Axis controls while moving to location.
11/8/2024 19:38:15 [Information] Time remaining: 00:00:02 targetEndTime = 07:38:15
11/8/2024 19:38:15 [Information] Stepper Motor Controller Disable Z Axis controls while moving to location.
11/8/2024 19:38:15 [Information] Time remaining: 00:00:02 targetEndTime = 07:38:15
11/8/2024 19:38:15 [Information] Stepper Motor Controller Disable Z Axis controls while moving to location.
11/8/2024 19:38:15 [Information] Time remaining: 00:00:02 targetEndTime = 07:38:15
11/8/2024 19:38:15 [Information] Stepper Motor Controller Disable Z Axis controls while moving to location.
11/8/2024 19:38:15 [Information] Time remaining: 00:00:02 targetEndTime = 07:38:15
11/8/2024 19:38:15 [Information] Stepper Motor Controller Disable Z Axis controls while moving to location.
11/8/2024 19:38:15 [Information] Time remaining: 00:00:02 targetEndTime = 07:38:15
11/8/2024 19:38:15 [Information] Stepper Motor Controller Disable Z Axis controls while moving to location.
11/8/2024 19:38:15 [Information] Time remaining: 00:00:02 targetEndTime = 07:38:15
11/8/2024 19:38:15 [Information] Stepper Motor Controller Disable Z Axis controls while moving to location.
11/8/2024 19:38:15 [Information] Time remaining: 00:00:02 targetEndTime = 07:38:15
11/8/2024 19:38:15 [Information] Stepper Motor Controller Disable Z Axis controls while moving to location.
11/8/2024 19:38:15 [Information] Time remaining: 00:00:02 targetEndTime = 07:38:15
11/8/2024 19:38:15 [Information] Stepper Motor Controller Disable Z Axis controls while moving to location.
11/8/2024 19:38:15 [Information] Time remaining: 00:00:02 targetEndTime = 07:38:15
11/8/2024 19:38:15 [Information] Stepper Motor Controller Disable Z Axis controls while moving to location.
11/8/2024 19:38:15 [Information] Time remaining: 00:00:02 targetEndTime = 07:38:15
11/8/2024 19:38:15 [Information] Stepper Motor Controller Disable Z Axis controls while moving to location.
11/8/2024 19:38:15 [Information] Time remaining: 00:00:02 targetEndTime = 07:38:15
11/8/2024 19:38:15 [Information] Stepper Motor Controller Disable Z Axis controls while moving to location.
11/8/2024 19:38:15 [Information] Time remaining: 00:00:02 targetEndTime = 07:38:15
11/8/2024 19:38:15 [Information] Stepper Motor Controller Disable Z Axis controls while moving to location.
11/8/2024 19:38:15 [Information] Time remaining: 00:00:02 targetEndTime = 07:38:15
11/8/2024 19:38:15 [Information] Stepper Motor Controller Disable Z Axis controls while moving to location.
11/8/2024 19:38:15 [Information] Time remaining: 00:00:02 targetEndTime = 07:38:15
11/8/2024 19:38:15 [Information] Stepper Motor Controller Disable Z Axis controls while moving to location.
11/8/2024 19:38:15 [Information] Time remaining: 00:00:02 targetEndTime = 07:38:15
11/8/2024 19:38:15 [Information] Stepper Motor Controller Disable Z Axis controls while moving to location.
11/8/2024 19:38:15 [Information] Time remaining: 00:00:02 targetEndTime = 07:38:15
11/8/2024 19:38:15 [Information] Stepper Motor Controller Disable Z Axis controls while moving to location.
11/8/2024 19:38:15 [Information] Time remaining: 00:00:02 targetEndTime = 07:38:15
11/8/2024 19:38:15 [Information] Stepper Motor Controller Disable Z Axis controls while moving to location.
11/8/2024 19:38:15 [Information] Time remaining: 00:00:02 targetEndTime = 07:38:15
11/8/2024 19:38:15 [Information] Stepper Motor Controller Disable Z Axis controls while moving to location.
11/8/2024 19:38:15 [Information] Time remaining: 00:00:02 targetEndTime = 07:38:15
11/8/2024 19:38:15 [Information] Stepper Motor Controller Disable Z Axis controls while moving to location.
11/8/2024 19:38:15 [Information] Time remaining: 00:00:02 targetEndTime = 07:38:15
11/8/2024 19:38:15 [Information] Stepper Motor Controller Disable Z Axis controls while moving to location.
11/8/2024 19:38:15 [Information] Time remaining: 00:00:02 targetEndTime = 07:38:15
11/8/2024 19:38:15 [Information] Stepper Motor Controller Disable Z Axis controls while moving to location.
11/8/2024 19:38:15 [Information] Time remaining: 00:00:02 targetEndTime = 07:38:15
11/8/2024 19:38:15 [Information] Stepper Motor Controller Disable Z Axis controls while moving to location.
11/8/2024 19:38:15 [Information] Time remaining: 00:00:02 targetEndTime = 07:38:15
11/8/2024 19:38:15 [Information] Stepper Motor Controller Disable Z Axis controls while moving to location.
11/8/2024 19:38:15 [Information] Time remaining: 00:00:02 targetEndTime = 07:38:15
11/8/2024 19:38:15 [Information] Stepper Motor Controller Disable Z Axis controls while moving to location.
11/8/2024 19:38:15 [Information] Time remaining: 00:00:02 targetEndTime = 07:38:15
11/8/2024 19:38:15 [Information] Stepper Motor Controller Disable Z Axis controls while moving to location.
11/8/2024 19:38:15 [Information] Time remaining: 00:00:02 targetEndTime = 07:38:15
11/8/2024 19:38:15 [Information] Stepper Motor Controller Disable Z Axis controls while moving to location.
11/8/2024 19:38:15 [Information] Time remaining: 00:00:02 targetEndTime = 07:38:15
11/8/2024 19:38:15 [Information] Stepper Motor Controller Disable Z Axis controls while moving to location.
11/8/2024 19:38:15 [Information] Time remaining: 00:00:02 targetEndTime = 07:38:15
11/8/2024 19:38:15 [Information] Stepper Motor Controller Disable Z Axis controls while moving to location.
11/8/2024 19:38:15 [Information] Time remaining: 00:00:02 targetEndTime = 07:38:15
11/8/2024 19:38:15 [Information] Stepper Motor Controller Disable Z Axis controls while moving to location.
11/8/2024 19:38:15 [Information] Time remaining: 00:00:02 targetEndTime = 07:38:15
11/8/2024 19:38:15 [Information] Stepper Motor Controller Disable Z Axis controls while moving to location.
11/8/2024 19:38:15 [Information] Time remaining: 00:00:02 targetEndTime = 07:38:15
11/8/2024 19:38:15 [Information] Stepper Motor Controller Disable Z Axis controls while moving to location.
11/8/2024 19:38:15 [Information] Time remaining: 00:00:02 targetEndTime = 07:38:15
11/8/2024 19:38:15 [Information] Stepper Motor Controller Disable Z Axis controls while moving to location.
11/8/2024 19:38:15 [Information] Time remaining: 00:00:02 targetEndTime = 07:38:15
11/8/2024 19:38:15 [Information] Stepper Motor Controller Disable Z Axis controls while moving to location.
11/8/2024 19:38:15 [Information] Time remaining: 00:00:02 targetEndTime = 07:38:15
11/8/2024 19:38:15 [Information] Stepper Motor Controller Disable Z Axis controls while moving to location.
11/8/2024 19:38:15 [Information] Time remaining: 00:00:02 targetEndTime = 07:38:15
11/8/2024 19:38:15 [Information] Stepper Motor Controller Disable Z Axis controls while moving to location.
11/8/2024 19:38:15 [Information] Time remaining: 00:00:02 targetEndTime = 07:38:15
11/8/2024 19:38:15 [Information] Stepper Motor Controller Disable Z Axis controls while moving to location.
11/8/2024 19:38:15 [Information] Time remaining: 00:00:02 targetEndTime = 07:38:15
11/8/2024 19:38:15 [Information] Stepper Motor Controller Disable Z Axis controls while moving to location.
11/8/2024 19:38:15 [Information] Time remaining: 00:00:02 targetEndTime = 07:38:15
11/8/2024 19:38:15 [Information] Stepper Motor Controller Disable Z Axis controls while moving to location.
11/8/2024 19:38:15 [Information] Time remaining: 00:00:02 targetEndTime = 07:38:15
11/8/2024 19:38:15 [Information] Stepper Motor Controller Disable Z Axis controls while moving to location.
11/8/2024 19:38:15 [Information] Time remaining: 00:00:02 targetEndTime = 07:38:15
11/8/2024 19:38:15 [Information] Stepper Motor Controller Disable Z Axis controls while moving to location.
11/8/2024 19:38:15 [Information] Time remaining: 00:00:02 targetEndTime = 07:38:15
11/8/2024 19:38:15 [Information] Stepper Motor Controller Disable Z Axis controls while moving to location.
11/8/2024 19:38:15 [Information] Time remaining: 00:00:02 targetEndTime = 07:38:15
11/8/2024 19:38:15 [Information] Stepper Motor Controller Disable Z Axis controls while moving to location.
11/8/2024 19:38:15 [Information] Time remaining: 00:00:02 targetEndTime = 07:38:15
11/8/2024 19:38:15 [Information] Stepper Motor Controller Disable Z Axis controls while moving to location.
11/8/2024 19:38:15 [Information] Time remaining: 00:00:02 targetEndTime = 07:38:15
11/8/2024 19:38:15 [Information] Stepper Motor Controller Disable Z Axis controls while moving to location.
11/8/2024 19:38:15 [Information] Time remaining: 00:00:02 targetEndTime = 07:38:15
11/8/2024 19:38:15 [Information] Stepper Motor Controller Disable Z Axis controls while moving to location.
11/8/2024 19:38:15 [Information] Time remaining: 00:00:02 targetEndTime = 07:38:15
11/8/2024 19:38:15 [Information] Stepper Motor Controller Disable Z Axis controls while moving to location.
11/8/2024 19:38:15 [Information] Time remaining: 00:00:02 targetEndTime = 07:38:15
11/8/2024 19:38:15 [Information] Stepper Motor Controller Disable Z Axis controls while moving to location.
11/8/2024 19:38:15 [Information] Time remaining: 00:00:02 targetEndTime = 07:38:15
11/8/2024 19:38:15 [Information] Stepper Motor Controller Disable Z Axis controls while moving to location.
11/8/2024 19:38:15 [Information] Time remaining: 00:00:02 targetEndTime = 07:38:15
11/8/2024 19:38:15 [Information] Stepper Motor Controller Disable Z Axis controls while moving to location.
11/8/2024 19:38:15 [Information] Time remaining: 00:00:02 targetEndTime = 07:38:15
11/8/2024 19:38:15 [Information] Stepper Motor Controller Disable Z Axis controls while moving to location.
11/8/2024 19:38:15 [Information] Time remaining: 00:00:02 targetEndTime = 07:38:15
11/8/2024 19:38:15 [Information] Stepper Motor Controller Enable Z Axis controls after moving to location.
11/8/2024 19:38:15 [Information] Stepper Motor Controller Stopwatch Stopped.
11/8/2024 19:38:15 [Information] Stepper Motor Controller Timer Stopped.
11/8/2024 19:38:15 [Information] Stepper Motor Controller Stopwatch Reset.
11/8/2024 19:38:18 [Information] Z Axis Run button clicked:
11/8/2024 19:38:45 [Information] Z Axis MotorMovementSeconds decimal: (24.00 / 4) / 2 = 3.00
11/8/2024 19:38:46 [Information] Z Axis Run Event: Z,0.00,400.00,0,0.00,400.00,0,24.00,400.00,0
11/8/2024 19:38:46 [Information] Z Axis Current Time: 07:38:46 + 3000 = 07:38:49
11/8/2024 19:38:46 [Information] Stepper Motor Controller Disable Z Axis controls while moving to location.
11/8/2024 19:38:46 [Information] Time remaining: 00:00:00 targetEndTime = 07:38:49
11/8/2024 19:38:46 [Information] Stepper Motor Controller Disable Z Axis controls while moving to location.
11/8/2024 19:38:46 [Information] Time remaining: 00:00:00 targetEndTime = 07:38:49
11/8/2024 19:38:46 [Information] Stepper Motor Controller Disable Z Axis controls while moving to location.
11/8/2024 19:38:46 [Information] Time remaining: 00:00:00 targetEndTime = 07:38:49
11/8/2024 19:38:46 [Information] Stepper Motor Controller Disable Z Axis controls while moving to location.
11/8/2024 19:38:46 [Information] Time remaining: 00:00:00 targetEndTime = 07:38:49
11/8/2024 19:38:46 [Information] Stepper Motor Controller Disable Z Axis controls while moving to location.
11/8/2024 19:38:46 [Information] Time remaining: 00:00:00 targetEndTime = 07:38:49
11/8/2024 19:38:46 [Information] Stepper Motor Controller Disable Z Axis controls while moving to location.
11/8/2024 19:38:46 [Information] Time remaining: 00:00:00 targetEndTime = 07:38:49
11/8/2024 19:38:46 [Information] Stepper Motor Controller Disable Z Axis controls while moving to location.
11/8/2024 19:38:46 [Information] Time remaining: 00:00:00 targetEndTime = 07:38:49
11/8/2024 19:38:46 [Information] Stepper Motor Controller Disable Z Axis controls while moving to location.
11/8/2024 19:38:46 [Information] Time remaining: 00:00:00 targetEndTime = 07:38:49
11/8/2024 19:38:46 [Information] Stepper Motor Controller Disable Z Axis controls while moving to location.
11/8/2024 19:38:46 [Information] Time remaining: 00:00:00 targetEndTime = 07:38:49
11/8/2024 19:38:46 [Information] Stepper Motor Controller Disable Z Axis controls while moving to location.
11/8/2024 19:38:46 [Information] Time remaining: 00:00:00 targetEndTime = 07:38:49
11/8/2024 19:38:46 [Information] Stepper Motor Controller Disable Z Axis controls while moving to location.
11/8/2024 19:38:46 [Information] Time remaining: 00:00:00 targetEndTime = 07:38:49
11/8/2024 19:38:46 [Information] Stepper Motor Controller Disable Z Axis controls while moving to location.
11/8/2024 19:38:46 [Information] Time remaining: 00:00:00 targetEndTime = 07:38:49
11/8/2024 19:38:46 [Information] Stepper Motor Controller Disable Z Axis controls while moving to location.
11/8/2024 19:38:46 [Information] Time remaining: 00:00:00 targetEndTime = 07:38:49
11/8/2024 19:38:46 [Information] Stepper Motor Controller Disable Z Axis controls while moving to location.
11/8/2024 19:38:46 [Information] Time remaining: 00:00:00 targetEndTime = 07:38:49
11/8/2024 19:38:46 [Information] Stepper Motor Controller Disable Z Axis controls while moving to location.
11/8/2024 19:38:46 [Information] Time remaining: 00:00:00 targetEndTime = 07:38:49
11/8/2024 19:38:46 [Information] Stepper Motor Controller Disable Z Axis controls while moving to location.
11/8/2024 19:38:46 [Information] Time remaining: 00:00:00 targetEndTime = 07:38:49
11/8/2024 19:38:46 [Information] Stepper Motor Controller Disable Z Axis controls while moving to location.
11/8/2024 19:38:46 [Information] Time remaining: 00:00:00 targetEndTime = 07:38:49
11/8/2024 19:38:46 [Information] Stepper Motor Controller Disable Z Axis controls while moving to location.
11/8/2024 19:38:46 [Information] Time remaining: 00:00:00 targetEndTime = 07:38:49
11/8/2024 19:38:46 [Information] Stepper Motor Controller Disable Z Axis controls while moving to location.
11/8/2024 19:38:46 [Information] Time remaining: 00:00:00 targetEndTime = 07:38:49
11/8/2024 19:38:46 [Information] Stepper Motor Controller Disable Z Axis controls while moving to location.
11/8/2024 19:38:46 [Information] Time remaining: 00:00:00 targetEndTime = 07:38:49
11/8/2024 19:38:46 [Information] Stepper Motor Controller Disable Z Axis controls while moving to location.
11/8/2024 19:38:46 [Information] Time remaining: 00:00:00 targetEndTime = 07:38:49
11/8/2024 19:38:46 [Information] Stepper Motor Controller Disable Z Axis controls while moving to location.
11/8/2024 19:38:46 [Information] Time remaining: 00:00:00 targetEndTime = 07:38:49
11/8/2024 19:38:46 [Information] Stepper Motor Controller Disable Z Axis controls while moving to location.
11/8/2024 19:38:46 [Information] Time remaining: 00:00:00 targetEndTime = 07:38:49
11/8/2024 19:38:46 [Information] Stepper Motor Controller Disable Z Axis controls while moving to location.
11/8/2024 19:38:46 [Information] Time remaining: 00:00:00 targetEndTime = 07:38:49
11/8/2024 19:38:46 [Information] Stepper Motor Controller Disable Z Axis controls while moving to location.
11/8/2024 19:38:46 [Information] Time remaining: 00:00:00 targetEndTime = 07:38:49
11/8/2024 19:38:46 [Information] Stepper Motor Controller Disable Z Axis controls while moving to location.
11/8/2024 19:38:46 [Information] Time remaining: 00:00:00 targetEndTime = 07:38:49
11/8/2024 19:38:46 [Information] Stepper Motor Controller Disable Z Axis controls while moving to location.
11/8/2024 19:38:46 [Information] Time remaining: 00:00:00 targetEndTime = 07:38:49
11/8/2024 19:38:46 [Information] Stepper Motor Controller Disable Z Axis controls while moving to location.
11/8/2024 19:38:46 [Information] Time remaining: 00:00:00 targetEndTime = 07:38:49
11/8/2024 19:38:46 [Information] Stepper Motor Controller Disable Z Axis controls while moving to location.
11/8/2024 19:38:46 [Information] Time remaining: 00:00:00 targetEndTime = 07:38:49
11/8/2024 19:38:46 [Information] Stepper Motor Controller Disable Z Axis controls while moving to location.
11/8/2024 19:38:46 [Information] Time remaining: 00:00:00 targetEndTime = 07:38:49
11/8/2024 19:38:46 [Information] Stepper Motor Controller Disable Z Axis controls while moving to location.
11/8/2024 19:38:46 [Information] Time remaining: 00:00:00 targetEndTime = 07:38:49
11/8/2024 19:38:46 [Information] Stepper Motor Controller Disable Z Axis controls while moving to location.
11/8/2024 19:38:46 [Information] Time remaining: 00:00:00 targetEndTime = 07:38:49
11/8/2024 19:38:46 [Information] Stepper Motor Controller Disable Z Axis controls while moving to location.
11/8/2024 19:38:46 [Information] Time remaining: 00:00:00 targetEndTime = 07:38:49
11/8/2024 19:38:46 [Information] Stepper Motor Controller Disable Z Axis controls while moving to location.
11/8/2024 19:38:46 [Information] Time remaining: 00:00:00 targetEndTime = 07:38:49
11/8/2024 19:38:46 [Information] Stepper Motor Controller Disable Z Axis controls while moving to location.
11/8/2024 19:38:46 [Information] Time remaining: 00:00:00 targetEndTime = 07:38:49
11/8/2024 19:38:46 [Information] Stepper Motor Controller Disable Z Axis controls while moving to location.
11/8/2024 19:38:46 [Information] Time remaining: 00:00:00 targetEndTime = 07:38:49
11/8/2024 19:38:46 [Information] Stepper Motor Controller Disable Z Axis controls while moving to location.
11/8/2024 19:38:46 [Information] Time remaining: 00:00:00 targetEndTime = 07:38:49
11/8/2024 19:38:46 [Information] Stepper Motor Controller Disable Z Axis controls while moving to location.
11/8/2024 19:38:46 [Information] Time remaining: 00:00:00 targetEndTime = 07:38:49
11/8/2024 19:38:46 [Information] Stepper Motor Controller Disable Z Axis controls while moving to location.
11/8/2024 19:38:46 [Information] Time remaining: 00:00:00 targetEndTime = 07:38:49
11/8/2024 19:38:46 [Information] Stepper Motor Controller Disable Z Axis controls while moving to location.
11/8/2024 19:38:46 [Information] Time remaining: 00:00:00 targetEndTime = 07:38:49
11/8/2024 19:38:47 [Information] Stepper Motor Controller Disable Z Axis controls while moving to location.
11/8/2024 19:38:47 [Information] Time remaining: 00:00:00 targetEndTime = 07:38:49
11/8/2024 19:38:47 [Information] Stepper Motor Controller Disable Z Axis controls while moving to location.
11/8/2024 19:38:47 [Information] Time remaining: 00:00:00 targetEndTime = 07:38:49
11/8/2024 19:38:47 [Information] Stepper Motor Controller Disable Z Axis controls while moving to location.
11/8/2024 19:38:47 [Information] Time remaining: 00:00:00 targetEndTime = 07:38:49
11/8/2024 19:38:47 [Information] Stepper Motor Controller Disable Z Axis controls while moving to location.
11/8/2024 19:38:47 [Information] Time remaining: 00:00:00 targetEndTime = 07:38:49
11/8/2024 19:38:47 [Information] Stepper Motor Controller Disable Z Axis controls while moving to location.
11/8/2024 19:38:47 [Information] Time remaining: 00:00:00 targetEndTime = 07:38:49
11/8/2024 19:38:47 [Information] Stepper Motor Controller Disable Z Axis controls while moving to location.
11/8/2024 19:38:47 [Information] Time remaining: 00:00:00 targetEndTime = 07:38:49
11/8/2024 19:38:47 [Information] Stepper Motor Controller Disable Z Axis controls while moving to location.
11/8/2024 19:38:47 [Information] Time remaining: 00:00:00 targetEndTime = 07:38:49
11/8/2024 19:38:47 [Information] Stepper Motor Controller Disable Z Axis controls while moving to location.
11/8/2024 19:38:47 [Information] Time remaining: 00:00:00 targetEndTime = 07:38:49
11/8/2024 19:38:47 [Information] Stepper Motor Controller Disable Z Axis controls while moving to location.
11/8/2024 19:38:47 [Information] Time remaining: 00:00:00 targetEndTime = 07:38:49
11/8/2024 19:38:47 [Information] Stepper Motor Controller Disable Z Axis controls while moving to location.
11/8/2024 19:38:47 [Information] Time remaining: 00:00:00 targetEndTime = 07:38:49
11/8/2024 19:38:47 [Information] Stepper Motor Controller Disable Z Axis controls while moving to location.
11/8/2024 19:38:47 [Information] Time remaining: 00:00:00 targetEndTime = 07:38:49
11/8/2024 19:38:47 [Information] Stepper Motor Controller Disable Z Axis controls while moving to location.
11/8/2024 19:38:47 [Information] Time remaining: 00:00:00 targetEndTime = 07:38:49
11/8/2024 19:38:47 [Information] Stepper Motor Controller Disable Z Axis controls while moving to location.
11/8/2024 19:38:47 [Information] Time remaining: 00:00:00 targetEndTime = 07:38:49
11/8/2024 19:38:47 [Information] Stepper Motor Controller Disable Z Axis controls while moving to location.
11/8/2024 19:38:47 [Information] Time remaining: 00:00:00 targetEndTime = 07:38:49
11/8/2024 19:38:47 [Information] Stepper Motor Controller Disable Z Axis controls while moving to location.
11/8/2024 19:38:47 [Information] Time remaining: 00:00:00 targetEndTime = 07:38:49
11/8/2024 19:38:47 [Information] Stepper Motor Controller Disable Z Axis controls while moving to location.
11/8/2024 19:38:47 [Information] Time remaining: 00:00:00 targetEndTime = 07:38:49
11/8/2024 19:38:47 [Information] Stepper Motor Controller Disable Z Axis controls while moving to location.
11/8/2024 19:38:47 [Information] Time remaining: 00:00:00 targetEndTime = 07:38:49
11/8/2024 19:38:47 [Information] Stepper Motor Controller Disable Z Axis controls while moving to location.
11/8/2024 19:38:47 [Information] Time remaining: 00:00:01 targetEndTime = 07:38:49
11/8/2024 19:38:47 [Information] Stepper Motor Controller Disable Z Axis controls while moving to location.
11/8/2024 19:38:47 [Information] Time remaining: 00:00:01 targetEndTime = 07:38:49
11/8/2024 19:38:47 [Information] Stepper Motor Controller Disable Z Axis controls while moving to location.
11/8/2024 19:38:47 [Information] Time remaining: 00:00:01 targetEndTime = 07:38:49
11/8/2024 19:38:47 [Information] Stepper Motor Controller Disable Z Axis controls while moving to location.
11/8/2024 19:38:47 [Information] Time remaining: 00:00:01 targetEndTime = 07:38:49
11/8/2024 19:38:47 [Information] Stepper Motor Controller Disable Z Axis controls while moving to location.
11/8/2024 19:38:47 [Information] Time remaining: 00:00:01 targetEndTime = 07:38:49
11/8/2024 19:38:47 [Information] Stepper Motor Controller Disable Z Axis controls while moving to location.
11/8/2024 19:38:47 [Information] Time remaining: 00:00:01 targetEndTime = 07:38:49
11/8/2024 19:38:47 [Information] Stepper Motor Controller Disable Z Axis controls while moving to location.
11/8/2024 19:38:47 [Information] Time remaining: 00:00:01 targetEndTime = 07:38:49
11/8/2024 19:38:47 [Information] Stepper Motor Controller Disable Z Axis controls while moving to location.
11/8/2024 19:38:47 [Information] Time remaining: 00:00:01 targetEndTime = 07:38:49
11/8/2024 19:38:47 [Information] Stepper Motor Controller Disable Z Axis controls while moving to location.
11/8/2024 19:38:47 [Information] Time remaining: 00:00:01 targetEndTime = 07:38:49
11/8/2024 19:38:47 [Information] Stepper Motor Controller Disable Z Axis controls while moving to location.
11/8/2024 19:38:47 [Information] Time remaining: 00:00:01 targetEndTime = 07:38:49
11/8/2024 19:38:47 [Information] Stepper Motor Controller Disable Z Axis controls while moving to location.
11/8/2024 19:38:47 [Information] Time remaining: 00:00:01 targetEndTime = 07:38:49
11/8/2024 19:38:47 [Information] Stepper Motor Controller Disable Z Axis controls while moving to location.
11/8/2024 19:38:47 [Information] Time remaining: 00:00:01 targetEndTime = 07:38:49
11/8/2024 19:38:47 [Information] Stepper Motor Controller Disable Z Axis controls while moving to location.
11/8/2024 19:38:47 [Information] Time remaining: 00:00:01 targetEndTime = 07:38:49
11/8/2024 19:38:47 [Information] Stepper Motor Controller Disable Z Axis controls while moving to location.
11/8/2024 19:38:47 [Information] Time remaining: 00:00:01 targetEndTime = 07:38:49
11/8/2024 19:38:47 [Information] Stepper Motor Controller Disable Z Axis controls while moving to location.
11/8/2024 19:38:47 [Information] Time remaining: 00:00:01 targetEndTime = 07:38:49
11/8/2024 19:38:47 [Information] Stepper Motor Controller Disable Z Axis controls while moving to location.
11/8/2024 19:38:47 [Information] Time remaining: 00:00:01 targetEndTime = 07:38:49
11/8/2024 19:38:47 [Information] Stepper Motor Controller Disable Z Axis controls while moving to location.
11/8/2024 19:38:47 [Information] Time remaining: 00:00:01 targetEndTime = 07:38:49
11/8/2024 19:38:47 [Information] Stepper Motor Controller Disable Z Axis controls while moving to location.
11/8/2024 19:38:47 [Information] Time remaining: 00:00:01 targetEndTime = 07:38:49
11/8/2024 19:38:47 [Information] Stepper Motor Controller Disable Z Axis controls while moving to location.
11/8/2024 19:38:47 [Information] Time remaining: 00:00:01 targetEndTime = 07:38:49
11/8/2024 19:38:47 [Information] Stepper Motor Controller Disable Z Axis controls while moving to location.
11/8/2024 19:38:47 [Information] Time remaining: 00:00:01 targetEndTime = 07:38:49
11/8/2024 19:38:47 [Information] Stepper Motor Controller Disable Z Axis controls while moving to location.
11/8/2024 19:38:47 [Information] Time remaining: 00:00:01 targetEndTime = 07:38:49
11/8/2024 19:38:47 [Information] Stepper Motor Controller Disable Z Axis controls while moving to location.
11/8/2024 19:38:47 [Information] Time remaining: 00:00:01 targetEndTime = 07:38:49
11/8/2024 19:38:47 [Information] Stepper Motor Controller Disable Z Axis controls while moving to location.
11/8/2024 19:38:47 [Information] Time remaining: 00:00:01 targetEndTime = 07:38:49
11/8/2024 19:38:47 [Information] Stepper Motor Controller Disable Z Axis controls while moving to location.
11/8/2024 19:38:47 [Information] Time remaining: 00:00:01 targetEndTime = 07:38:49
11/8/2024 19:38:47 [Information] Stepper Motor Controller Disable Z Axis controls while moving to location.
11/8/2024 19:38:47 [Information] Time remaining: 00:00:01 targetEndTime = 07:38:49
11/8/2024 19:38:47 [Information] Stepper Motor Controller Disable Z Axis controls while moving to location.
11/8/2024 19:38:47 [Information] Time remaining: 00:00:01 targetEndTime = 07:38:49
11/8/2024 19:38:47 [Information] Stepper Motor Controller Disable Z Axis controls while moving to location.
11/8/2024 19:38:47 [Information] Time remaining: 00:00:01 targetEndTime = 07:38:49
11/8/2024 19:38:47 [Information] Stepper Motor Controller Disable Z Axis controls while moving to location.
11/8/2024 19:38:47 [Information] Time remaining: 00:00:01 targetEndTime = 07:38:49
11/8/2024 19:38:47 [Information] Stepper Motor Controller Disable Z Axis controls while moving to location.
11/8/2024 19:38:47 [Information] Time remaining: 00:00:01 targetEndTime = 07:38:49
11/8/2024 19:38:47 [Information] Stepper Motor Controller Disable Z Axis controls while moving to location.
11/8/2024 19:38:47 [Information] Time remaining: 00:00:01 targetEndTime = 07:38:49
11/8/2024 19:38:47 [Information] Stepper Motor Controller Disable Z Axis controls while moving to location.
11/8/2024 19:38:47 [Information] Time remaining: 00:00:01 targetEndTime = 07:38:49
11/8/2024 19:38:47 [Information] Stepper Motor Controller Disable Z Axis controls while moving to location.
11/8/2024 19:38:47 [Information] Time remaining: 00:00:01 targetEndTime = 07:38:49
11/8/2024 19:38:47 [Information] Stepper Motor Controller Disable Z Axis controls while moving to location.
11/8/2024 19:38:47 [Information] Time remaining: 00:00:01 targetEndTime = 07:38:49
11/8/2024 19:38:48 [Information] Stepper Motor Controller Disable Z Axis controls while moving to location.
11/8/2024 19:38:48 [Information] Time remaining: 00:00:01 targetEndTime = 07:38:49
11/8/2024 19:38:48 [Information] Stepper Motor Controller Disable Z Axis controls while moving to location.
11/8/2024 19:38:48 [Information] Time remaining: 00:00:01 targetEndTime = 07:38:49
11/8/2024 19:38:48 [Information] Stepper Motor Controller Disable Z Axis controls while moving to location.
11/8/2024 19:38:48 [Information] Time remaining: 00:00:01 targetEndTime = 07:38:49
11/8/2024 19:38:48 [Information] Stepper Motor Controller Disable Z Axis controls while moving to location.
11/8/2024 19:38:48 [Information] Time remaining: 00:00:01 targetEndTime = 07:38:49
11/8/2024 19:38:48 [Information] Stepper Motor Controller Disable Z Axis controls while moving to location.
11/8/2024 19:38:48 [Information] Time remaining: 00:00:01 targetEndTime = 07:38:49
11/8/2024 19:38:48 [Information] Stepper Motor Controller Disable Z Axis controls while moving to location.
11/8/2024 19:38:48 [Information] Time remaining: 00:00:01 targetEndTime = 07:38:49
11/8/2024 19:38:48 [Information] Stepper Motor Controller Disable Z Axis controls while moving to location.
11/8/2024 19:38:48 [Information] Time remaining: 00:00:01 targetEndTime = 07:38:49
11/8/2024 19:38:48 [Information] Stepper Motor Controller Disable Z Axis controls while moving to location.
11/8/2024 19:38:48 [Information] Time remaining: 00:00:01 targetEndTime = 07:38:49
11/8/2024 19:38:48 [Information] Stepper Motor Controller Disable Z Axis controls while moving to location.
11/8/2024 19:38:48 [Information] Time remaining: 00:00:01 targetEndTime = 07:38:49
11/8/2024 19:38:48 [Information] Stepper Motor Controller Disable Z Axis controls while moving to location.
11/8/2024 19:38:48 [Information] Time remaining: 00:00:01 targetEndTime = 07:38:49
11/8/2024 19:38:48 [Information] Stepper Motor Controller Disable Z Axis controls while moving to location.
11/8/2024 19:38:48 [Information] Time remaining: 00:00:01 targetEndTime = 07:38:49
11/8/2024 19:38:48 [Information] Stepper Motor Controller Disable Z Axis controls while moving to location.
11/8/2024 19:38:48 [Information] Time remaining: 00:00:01 targetEndTime = 07:38:49
11/8/2024 19:38:48 [Information] Stepper Motor Controller Disable Z Axis controls while moving to location.
11/8/2024 19:38:48 [Information] Time remaining: 00:00:01 targetEndTime = 07:38:49
11/8/2024 19:38:48 [Information] Stepper Motor Controller Disable Z Axis controls while moving to location.
11/8/2024 19:38:48 [Information] Time remaining: 00:00:01 targetEndTime = 07:38:49
11/8/2024 19:38:48 [Information] Stepper Motor Controller Disable Z Axis controls while moving to location.
11/8/2024 19:38:48 [Information] Time remaining: 00:00:01 targetEndTime = 07:38:49
11/8/2024 19:38:48 [Information] Stepper Motor Controller Disable Z Axis controls while moving to location.
11/8/2024 19:38:48 [Information] Time remaining: 00:00:01 targetEndTime = 07:38:49
11/8/2024 19:38:48 [Information] Stepper Motor Controller Disable Z Axis controls while moving to location.
11/8/2024 19:38:48 [Information] Time remaining: 00:00:01 targetEndTime = 07:38:49
11/8/2024 19:38:48 [Information] Stepper Motor Controller Disable Z Axis controls while moving to location.
11/8/2024 19:38:48 [Information] Time remaining: 00:00:01 targetEndTime = 07:38:49
11/8/2024 19:38:48 [Information] Stepper Motor Controller Disable Z Axis controls while moving to location.
11/8/2024 19:38:48 [Information] Time remaining: 00:00:01 targetEndTime = 07:38:49
11/8/2024 19:38:48 [Information] Stepper Motor Controller Disable Z Axis controls while moving to location.
11/8/2024 19:38:48 [Information] Time remaining: 00:00:01 targetEndTime = 07:38:49
11/8/2024 19:38:48 [Information] Stepper Motor Controller Disable Z Axis controls while moving to location.
11/8/2024 19:38:48 [Information] Time remaining: 00:00:02 targetEndTime = 07:38:49
11/8/2024 19:38:48 [Information] Stepper Motor Controller Disable Z Axis controls while moving to location.
11/8/2024 19:38:48 [Information] Time remaining: 00:00:02 targetEndTime = 07:38:49
11/8/2024 19:38:48 [Information] Stepper Motor Controller Disable Z Axis controls while moving to location.
11/8/2024 19:38:48 [Information] Time remaining: 00:00:02 targetEndTime = 07:38:49
11/8/2024 19:38:48 [Information] Stepper Motor Controller Disable Z Axis controls while moving to location.
11/8/2024 19:38:48 [Information] Time remaining: 00:00:02 targetEndTime = 07:38:49
11/8/2024 19:38:48 [Information] Stepper Motor Controller Disable Z Axis controls while moving to location.
11/8/2024 19:38:48 [Information] Time remaining: 00:00:02 targetEndTime = 07:38:49
11/8/2024 19:38:48 [Information] Stepper Motor Controller Disable Z Axis controls while moving to location.
11/8/2024 19:38:48 [Information] Time remaining: 00:00:02 targetEndTime = 07:38:49
11/8/2024 19:38:48 [Information] Stepper Motor Controller Disable Z Axis controls while moving to location.
11/8/2024 19:38:48 [Information] Time remaining: 00:00:02 targetEndTime = 07:38:49
11/8/2024 19:38:48 [Information] Stepper Motor Controller Disable Z Axis controls while moving to location.
11/8/2024 19:38:48 [Information] Time remaining: 00:00:02 targetEndTime = 07:38:49
11/8/2024 19:38:48 [Information] Stepper Motor Controller Disable Z Axis controls while moving to location.
11/8/2024 19:38:48 [Information] Time remaining: 00:00:02 targetEndTime = 07:38:49
11/8/2024 19:38:48 [Information] Stepper Motor Controller Disable Z Axis controls while moving to location.
11/8/2024 19:38:48 [Information] Time remaining: 00:00:02 targetEndTime = 07:38:49
11/8/2024 19:38:48 [Information] Stepper Motor Controller Disable Z Axis controls while moving to location.
11/8/2024 19:38:48 [Information] Time remaining: 00:00:02 targetEndTime = 07:38:49
11/8/2024 19:38:48 [Information] Stepper Motor Controller Disable Z Axis controls while moving to location.
11/8/2024 19:38:48 [Information] Time remaining: 00:00:02 targetEndTime = 07:38:49
11/8/2024 19:38:48 [Information] Stepper Motor Controller Disable Z Axis controls while moving to location.
11/8/2024 19:38:48 [Information] Time remaining: 00:00:02 targetEndTime = 07:38:49
11/8/2024 19:38:48 [Information] Stepper Motor Controller Disable Z Axis controls while moving to location.
11/8/2024 19:38:48 [Information] Time remaining: 00:00:02 targetEndTime = 07:38:49
11/8/2024 19:38:48 [Information] Stepper Motor Controller Disable Z Axis controls while moving to location.
11/8/2024 19:38:48 [Information] Time remaining: 00:00:02 targetEndTime = 07:38:49
11/8/2024 19:38:48 [Information] Stepper Motor Controller Disable Z Axis controls while moving to location.
11/8/2024 19:38:48 [Information] Time remaining: 00:00:02 targetEndTime = 07:38:49
11/8/2024 19:38:48 [Information] Stepper Motor Controller Disable Z Axis controls while moving to location.
11/8/2024 19:38:48 [Information] Time remaining: 00:00:02 targetEndTime = 07:38:49
11/8/2024 19:38:48 [Information] Stepper Motor Controller Disable Z Axis controls while moving to location.
11/8/2024 19:38:48 [Information] Time remaining: 00:00:02 targetEndTime = 07:38:49
11/8/2024 19:38:48 [Information] Stepper Motor Controller Disable Z Axis controls while moving to location.
11/8/2024 19:38:48 [Information] Time remaining: 00:00:02 targetEndTime = 07:38:49
11/8/2024 19:38:48 [Information] Stepper Motor Controller Disable Z Axis controls while moving to location.
11/8/2024 19:38:48 [Information] Time remaining: 00:00:02 targetEndTime = 07:38:49
11/8/2024 19:38:48 [Information] Stepper Motor Controller Disable Z Axis controls while moving to location.
11/8/2024 19:38:48 [Information] Time remaining: 00:00:02 targetEndTime = 07:38:49
11/8/2024 19:38:48 [Information] Stepper Motor Controller Disable Z Axis controls while moving to location.
11/8/2024 19:38:48 [Information] Time remaining: 00:00:02 targetEndTime = 07:38:49
11/8/2024 19:38:48 [Information] Stepper Motor Controller Disable Z Axis controls while moving to location.
11/8/2024 19:38:48 [Information] Time remaining: 00:00:02 targetEndTime = 07:38:49
11/8/2024 19:38:48 [Information] Stepper Motor Controller Disable Z Axis controls while moving to location.
11/8/2024 19:38:48 [Information] Time remaining: 00:00:02 targetEndTime = 07:38:49
11/8/2024 19:38:48 [Information] Stepper Motor Controller Disable Z Axis controls while moving to location.
11/8/2024 19:38:48 [Information] Time remaining: 00:00:02 targetEndTime = 07:38:49
11/8/2024 19:38:48 [Information] Stepper Motor Controller Disable Z Axis controls while moving to location.
11/8/2024 19:38:48 [Information] Time remaining: 00:00:02 targetEndTime = 07:38:49
11/8/2024 19:38:48 [Information] Stepper Motor Controller Disable Z Axis controls while moving to location.
11/8/2024 19:38:48 [Information] Time remaining: 00:00:02 targetEndTime = 07:38:49
11/8/2024 19:38:48 [Information] Stepper Motor Controller Disable Z Axis controls while moving to location.
11/8/2024 19:38:48 [Information] Time remaining: 00:00:02 targetEndTime = 07:38:49
11/8/2024 19:38:48 [Information] Stepper Motor Controller Disable Z Axis controls while moving to location.
11/8/2024 19:38:48 [Information] Time remaining: 00:00:02 targetEndTime = 07:38:49
11/8/2024 19:38:48 [Information] Stepper Motor Controller Disable Z Axis controls while moving to location.
11/8/2024 19:38:48 [Information] Time remaining: 00:00:02 targetEndTime = 07:38:49
11/8/2024 19:38:48 [Information] Stepper Motor Controller Disable Z Axis controls while moving to location.
11/8/2024 19:38:48 [Information] Time remaining: 00:00:02 targetEndTime = 07:38:49
11/8/2024 19:38:48 [Information] Stepper Motor Controller Disable Z Axis controls while moving to location.
11/8/2024 19:38:48 [Information] Time remaining: 00:00:02 targetEndTime = 07:38:49
11/8/2024 19:38:48 [Information] Stepper Motor Controller Disable Z Axis controls while moving to location.
11/8/2024 19:38:48 [Information] Time remaining: 00:00:02 targetEndTime = 07:38:49
11/8/2024 19:38:48 [Information] Stepper Motor Controller Disable Z Axis controls while moving to location.
11/8/2024 19:38:48 [Information] Time remaining: 00:00:02 targetEndTime = 07:38:49
11/8/2024 19:38:48 [Information] Stepper Motor Controller Disable Z Axis controls while moving to location.
11/8/2024 19:38:48 [Information] Time remaining: 00:00:02 targetEndTime = 07:38:49
11/8/2024 19:38:48 [Information] Stepper Motor Controller Disable Z Axis controls while moving to location.
11/8/2024 19:38:48 [Information] Time remaining: 00:00:02 targetEndTime = 07:38:49
11/8/2024 19:38:48 [Information] Stepper Motor Controller Disable Z Axis controls while moving to location.
11/8/2024 19:38:48 [Information] Time remaining: 00:00:02 targetEndTime = 07:38:49
11/8/2024 19:38:48 [Information] Stepper Motor Controller Disable Z Axis controls while moving to location.
11/8/2024 19:38:48 [Information] Time remaining: 00:00:02 targetEndTime = 07:38:49
11/8/2024 19:38:48 [Information] Stepper Motor Controller Disable Z Axis controls while moving to location.
11/8/2024 19:38:48 [Information] Time remaining: 00:00:02 targetEndTime = 07:38:49
11/8/2024 19:38:48 [Information] Stepper Motor Controller Disable Z Axis controls while moving to location.
11/8/2024 19:38:48 [Information] Time remaining: 00:00:02 targetEndTime = 07:38:49
11/8/2024 19:38:48 [Information] Stepper Motor Controller Disable Z Axis controls while moving to location.
11/8/2024 19:38:48 [Information] Time remaining: 00:00:02 targetEndTime = 07:38:49
11/8/2024 19:38:49 [Information] Stepper Motor Controller Disable Z Axis controls while moving to location.
11/8/2024 19:38:49 [Information] Time remaining: 00:00:02 targetEndTime = 07:38:49
11/8/2024 19:38:49 [Information] Stepper Motor Controller Disable Z Axis controls while moving to location.
11/8/2024 19:38:49 [Information] Time remaining: 00:00:02 targetEndTime = 07:38:49
11/8/2024 19:38:49 [Information] Stepper Motor Controller Disable Z Axis controls while moving to location.
11/8/2024 19:38:49 [Information] Time remaining: 00:00:02 targetEndTime = 07:38:49
11/8/2024 19:38:49 [Information] Stepper Motor Controller Disable Z Axis controls while moving to location.
11/8/2024 19:38:49 [Information] Time remaining: 00:00:02 targetEndTime = 07:38:49
11/8/2024 19:38:49 [Information] Stepper Motor Controller Disable Z Axis controls while moving to location.
11/8/2024 19:38:49 [Information] Time remaining: 00:00:02 targetEndTime = 07:38:49
11/8/2024 19:38:49 [Information] Stepper Motor Controller Disable Z Axis controls while moving to location.
11/8/2024 19:38:49 [Information] Time remaining: 00:00:02 targetEndTime = 07:38:49
11/8/2024 19:38:49 [Information] Stepper Motor Controller Disable Z Axis controls while moving to location.
11/8/2024 19:38:49 [Information] Time remaining: 00:00:02 targetEndTime = 07:38:49
11/8/2024 19:38:49 [Information] Stepper Motor Controller Disable Z Axis controls while moving to location.
11/8/2024 19:38:49 [Information] Time remaining: 00:00:02 targetEndTime = 07:38:49
11/8/2024 19:38:49 [Information] Stepper Motor Controller Disable Z Axis controls while moving to location.
11/8/2024 19:38:49 [Information] Time remaining: 00:00:02 targetEndTime = 07:38:49
11/8/2024 19:38:49 [Information] Stepper Motor Controller Disable Z Axis controls while moving to location.
11/8/2024 19:38:49 [Information] Time remaining: 00:00:02 targetEndTime = 07:38:49
11/8/2024 19:38:49 [Information] Stepper Motor Controller Disable Z Axis controls while moving to location.
11/8/2024 19:38:49 [Information] Time remaining: 00:00:02 targetEndTime = 07:38:49
11/8/2024 19:38:49 [Information] Stepper Motor Controller Disable Z Axis controls while moving to location.
11/8/2024 19:38:49 [Information] Time remaining: 00:00:02 targetEndTime = 07:38:49
11/8/2024 19:38:49 [Information] Stepper Motor Controller Disable Z Axis controls while moving to location.
11/8/2024 19:38:49 [Information] Time remaining: 00:00:02 targetEndTime = 07:38:49
11/8/2024 19:38:49 [Information] Stepper Motor Controller Disable Z Axis controls while moving to location.
11/8/2024 19:38:49 [Information] Time remaining: 00:00:02 targetEndTime = 07:38:49
11/8/2024 19:38:49 [Information] Stepper Motor Controller Disable Z Axis controls while moving to location.
11/8/2024 19:38:49 [Information] Time remaining: 00:00:02 targetEndTime = 07:38:49
11/8/2024 19:38:49 [Information] Stepper Motor Controller Disable Z Axis controls while moving to location.
11/8/2024 19:38:49 [Information] Time remaining: 00:00:02 targetEndTime = 07:38:49
11/8/2024 19:38:49 [Information] Stepper Motor Controller Disable Z Axis controls while moving to location.
11/8/2024 19:38:49 [Information] Time remaining: 00:00:02 targetEndTime = 07:38:49
11/8/2024 19:38:49 [Information] Stepper Motor Controller Disable Z Axis controls while moving to location.
11/8/2024 19:38:49 [Information] Time remaining: 00:00:02 targetEndTime = 07:38:49
11/8/2024 19:38:49 [Information] Stepper Motor Controller Enable Z Axis controls after moving to location.
11/8/2024 19:38:49 [Information] Stepper Motor Controller Stopwatch Stopped.
11/8/2024 19:38:49 [Information] Stepper Motor Controller Timer Stopped.
11/8/2024 19:38:49 [Information] Stepper Motor Controller Stopwatch Reset.
11/8/2024 19:38:51 [Information] Z Axis Run button clicked:
