11/7/2024 11:10:03 [Information] Stepper Motor Controller Application Started.
11/7/2024 11:10:03 [Information] Version: 3.0.9077.20097 (11/7/2024 11:10:03)
11/7/2024 11:10:03 [Information] SerialPort COM7 not connected.
11/7/2024 11:10:03 [Information] SerialPort COM8 not connected.
11/7/2024 11:10:04 [Information] Stepper Motor Controller Application Started.
11/7/2024 11:10:04 [Information] Version: 3.0.9077.20097 (11/7/2024 11:10:04)
11/7/2024 11:10:04 [Information] Version: 3.1.0.20098 (11/7/2024 11:10:04)
11/7/2024 11:10:04 [Information] Version: 3.1.0.20098 (11/7/2024 11:10:04)
11/7/2024 11:10:04 [Information] Stepper Motor Controller Application Settings Window Opened.
11/7/2024 11:10:04 [Information] Stepper Motor Controller Application Settings form is rebuilt each and every time it is opened.
11/7/2024 11:10:04 [Information] int: 9600 BaudRate added to the Settings Form.
11/7/2024 11:10:04 [Information] bool: False ckbXaxisResetToZeroIsChecked added to the Settings Form.
11/7/2024 11:10:04 [Information] bool: False ckbYaxisResetToZeroIsChecked added to the Settings Form.
11/7/2024 11:10:04 [Information] bool: False ckbZaxisResetToZeroIsChecked added to the Settings Form.
11/7/2024 11:10:04 [Information] COM1: ComPort added to the Settings Form.
11/7/2024 11:10:04 [Information] COM2: ComPort added to the Settings Form.
11/7/2024 11:10:04 [Information] COM3: ComPort added to the Settings Form.
11/7/2024 11:10:04 [Information] COM4: ComPort added to the Settings Form.
11/7/2024 11:10:04 [Information] COM5: ComPort added to the Settings Form.
11/7/2024 11:10:04 [Information] COM6: ComPort added to the Settings Form.
11/7/2024 11:10:04 [Information] COM7: ComPort added to the Settings Form.
11/7/2024 11:10:04 [Information] COM8: ComPort added to the Settings Form.
11/7/2024 11:10:04 [Information] COM9: ComPort added to the Settings Form.
11/7/2024 11:10:04 [Information] COM10: ComPort added to the Settings Form.
11/7/2024 11:10:04 [Information] decimal: 4.00 Divider4_00 added to the Settings Form.
11/7/2024 11:10:04 [Information] decimal: 0.00 MathPart2Initlz added to the Settings Form.
11/7/2024 11:10:04 [Information] decimal: 1.00 MilisecondTimerInterval added to the Settings Form.
11/7/2024 11:10:04 [Information] decimal: 1000.00 MillisecondDelay added to the Settings Form.
11/7/2024 11:10:04 [Information] int: 1000 Milliseconds added to the Settings Form.
11/7/2024 11:10:04 [Information] int: 4 mmPerRevolution added to the Settings Form.
11/7/2024 11:10:04 [Information] int: 2000 ThreadSleep added to the Settings Form.
11/7/2024 11:10:04 [Information] decimal: 0.00 Value_0_00 added to the Settings Form.
11/7/2024 11:10:04 [Information] decimal: 50.00 XaxisAcceleration added to the Settings Form.
11/7/2024 11:10:04 [Information] bool: False XaxisChanged added to the Settings Form.
11/7/2024 11:10:04 [Information] decimal: 400.00 XaxisMotorSpeed added to the Settings Form.
11/7/2024 11:10:04 [Information] decimal: 0.00 XaxisStepperCurrent added to the Settings Form.
11/7/2024 11:10:04 [Information] decimal: 0.00 XaxisStepperMove added to the Settings Form.
11/7/2024 11:10:04 [Information] XCOM1: XComPort added to the Settings Form.
11/7/2024 11:10:04 [Information] XCOM2: XComPort added to the Settings Form.
11/7/2024 11:10:04 [Information] XCOM3: XComPort added to the Settings Form.
11/7/2024 11:10:04 [Information] XCOM4: XComPort added to the Settings Form.
11/7/2024 11:10:04 [Information] XCOM5: XComPort added to the Settings Form.
11/7/2024 11:10:04 [Information] XCOM6: XComPort added to the Settings Form.
11/7/2024 11:10:04 [Information] XCOM7: XComPort added to the Settings Form.
11/7/2024 11:10:04 [Information] XCOM8: XComPort added to the Settings Form.
11/7/2024 11:10:04 [Information] XCOM9: XComPort added to the Settings Form.
11/7/2024 11:10:04 [Information] XCOM10: XComPort added to the Settings Form.
11/7/2024 11:10:04 [Information] decimal: 50.00 YaxisAcceleration added to the Settings Form.
11/7/2024 11:10:04 [Information] bool: False YaxisChanged added to the Settings Form.
11/7/2024 11:10:04 [Information] decimal: 400.00 YaxisMotorSpeed added to the Settings Form.
11/7/2024 11:10:04 [Information] decimal: 0.00 YaxisStepperCurrent added to the Settings Form.
11/7/2024 11:10:04 [Information] decimal: 0.00 YaxisStepperMove added to the Settings Form.
11/7/2024 11:10:04 [Information] YCOM1: YComPort added to the Settings Form.
11/7/2024 11:10:04 [Information] YCOM2: YComPort added to the Settings Form.
11/7/2024 11:10:04 [Information] YCOM3: YComPort added to the Settings Form.
11/7/2024 11:10:04 [Information] YCOM4: YComPort added to the Settings Form.
11/7/2024 11:10:04 [Information] YCOM5: YComPort added to the Settings Form.
11/7/2024 11:10:04 [Information] YCOM6: YComPort added to the Settings Form.
11/7/2024 11:10:04 [Information] YCOM7: YComPort added to the Settings Form.
11/7/2024 11:10:04 [Information] YCOM8: YComPort added to the Settings Form.
11/7/2024 11:10:04 [Information] YCOM9: YComPort added to the Settings Form.
11/7/2024 11:10:04 [Information] YCOM10: YComPort added to the Settings Form.
11/7/2024 11:10:04 [Information] decimal: 50.00 ZaxisAcceleration added to the Settings Form.
11/7/2024 11:10:04 [Information] bool: False ZaxisChanged added to the Settings Form.
11/7/2024 11:10:04 [Information] decimal: 400.00 ZaxisMotorSpeed added to the Settings Form.
11/7/2024 11:10:04 [Information] decimal: 0.00 ZaxisStepperCurrent added to the Settings Form.
11/7/2024 11:10:04 [Information] decimal: 0.00 ZaxisStepperMove added to the Settings Form.
11/7/2024 11:10:04 [Information] ZCOM1: ZComPort added to the Settings Form.
11/7/2024 11:10:04 [Information] ZCOM2: ZComPort added to the Settings Form.
11/7/2024 11:10:04 [Information] ZCOM3: ZComPort added to the Settings Form.
11/7/2024 11:10:04 [Information] ZCOM4: ZComPort added to the Settings Form.
11/7/2024 11:10:04 [Information] ZCOM5: ZComPort added to the Settings Form.
11/7/2024 11:10:04 [Information] ZCOM6: ZComPort added to the Settings Form.
11/7/2024 11:10:04 [Information] ZCOM7: ZComPort added to the Settings Form.
11/7/2024 11:10:04 [Information] ZCOM8: ZComPort added to the Settings Form.
11/7/2024 11:10:04 [Information] ZCOM9: ZComPort added to the Settings Form.
11/7/2024 11:10:04 [Information] ZCOM10: ZComPort added to the Settings Form.
11/7/2024 11:10:04 [Information] int: 0 zeroXaxis added to the Settings Form.
11/7/2024 11:10:04 [Information] int: 0 zeroYaxis added to the Settings Form.
11/7/2024 11:10:04 [Information] int: 0 zeroZaxis added to the Settings Form.
11/7/2024 11:10:04 [Information] Stepper Motor Controller MainWindow loaded
11/7/2024 11:10:04 [Information] Set MainWindow Media Brushes to White.
11/7/2024 11:10:09 [Information] Updated X,Y Zero.IsChecked status to 0 and Z Zero.IsChecked status to 1.
11/7/2024 11:11:11 [Information] Z Axis Run button clicked:
11/7/2024 11:11:11 [Information] Z Axis Run Event to reset Axis to zero: Z,0.00,400.00,1,0.00,400.00,0,0.00,400.00,1
11/7/2024 11:11:11 [Information] Setting Z Axis Current Location Set to Zero on DRO
11/7/2024 11:11:12 [Information] Updated X,Y,Z Zero.IsChecked status to 0.
11/7/2024 11:11:12 [Information] Z Axis Current Location Set to Zero
11/7/2024 11:11:12 [Information] Z Axis MotorMovementSeconds decimal: (0.00 / 4) / 2 = 0.00
11/7/2024 11:11:12 [Information] Z Axis myMovementTimer int: 1000 * 0.00 = 0
11/7/2024 11:11:16 [Information] Z Axis Run Event: Z,0.00,400.00,0,0.00,400.00,0,0.00,400.00,0
11/7/2024 11:11:16 [Information] Z Axis Current Time: 11:11:16 + 0 = 11:11:16
11/7/2024 11:11:16 [Information] Stepper Motor Controller Enable Z Axis controls after moving to location.
11/7/2024 11:11:16 [Information] Stepper Motor Controller Stopwatch Stopped.
11/7/2024 11:11:16 [Information] Stepper Motor Controller Timer Stopped.
11/7/2024 11:11:16 [Information] Stepper Motor Controller Stopwatch Reset.
11/7/2024 11:11:26 [Information] Z Axis mouse controlled Keypad returned: 4.00
11/7/2024 11:11:34 [Information] Z Axis Run button clicked:
11/7/2024 11:11:34 [Information] Z Axis MotorMovementSeconds decimal: (4.00 / 4) / 2 = 0.50
11/7/2024 11:11:34 [Information] Z Axis myMovementTimer int: 1000 * 0.50 = 0
11/7/2024 11:11:42 [Information] Z Axis Run Event: Z,4.00,400.00,0,4.00,400.00,0,4.00,400.00,0
11/7/2024 11:11:42 [Information] Z Axis Current Time: 11:11:42 + 0 = 11:11:42
11/7/2024 11:11:42 [Information] Stepper Motor Controller Enable Z Axis controls after moving to location.
11/7/2024 11:11:42 [Information] Stepper Motor Controller Stopwatch Stopped.
11/7/2024 11:11:42 [Information] Stepper Motor Controller Timer Stopped.
11/7/2024 11:11:42 [Information] Stepper Motor Controller Stopwatch Reset.
11/7/2024 11:11:49 [Information] Z Axis Run button clicked:
11/7/2024 11:11:49 [Information] Z Axis MotorMovementSeconds decimal: (4.00 / 4) / 2 = 0.50
11/7/2024 11:11:49 [Information] Z Axis myMovementTimer int: 1000 * 0.50 = 0
11/7/2024 11:11:52 [Information] Z Axis Run Event: Z,4.00,400.00,0,4.00,400.00,0,4.00,400.00,0
11/7/2024 11:11:52 [Information] Z Axis Current Time: 11:11:52 + 0 = 11:11:52
11/7/2024 11:11:52 [Information] Stepper Motor Controller Enable Z Axis controls after moving to location.
11/7/2024 11:11:52 [Information] Stepper Motor Controller Stopwatch Stopped.
11/7/2024 11:11:52 [Information] Stepper Motor Controller Timer Stopped.
11/7/2024 11:11:52 [Information] Stepper Motor Controller Stopwatch Reset.
11/7/2024 11:11:55 [Information] Stepper Motor Controller MainWindow Closing.
11/7/2024 11:11:55 [Information] Stepper Motor Controller Serial Ports closed.
11/7/2024 11:11:55 [Information] Properties Settings Saved.
11/7/2024 11:11:55 [Information] Properties Settings Form Closed.
11/7/2024 11:11:55 [Information] Stepper Motor Controller Form Closed.
