11/1/2024 18:53:54 [Information] Stepper Motor Controller Application Started.
11/1/2024 18:53:54 [Information] Version: 3.0.9066.19337 (11/1/2024 18:53:54)
11/1/2024 18:53:54 [Information] X Axis SerialPort COM7 not connected.
11/1/2024 18:53:54 [Information] Y Axis SerialPort COM8 not connected.
11/1/2024 18:53:54 [Information] Version: 3.1.0.19338 (11/1/2024 18:53:54)
11/1/2024 18:53:54 [Information] Version: 3.1.0.19338 (11/1/2024 18:53:54)
11/1/2024 18:53:54 [Information] Stepper Motor Controller Application Settings Window Opened.
11/1/2024 18:53:54 [Information] Stepper Motor Controller Application Settings form is rebuilt each and every time it is opened.
11/1/2024 18:53:54 [Information] int: 9600 BaudRate added to the Settings Form.
11/1/2024 18:53:54 [Information] bool: False ckbXaxisResetToZeroIsChecked added to the Settings Form.
11/1/2024 18:53:54 [Information] bool: False ckbYaxisResetToZeroIsChecked added to the Settings Form.
11/1/2024 18:53:54 [Information] bool: False ckbZaxisResetToZeroIsChecked added to the Settings Form.
11/1/2024 18:53:54 [Information] COM1: ComPort added to the Settings Form.
11/1/2024 18:53:54 [Information] COM2: ComPort added to the Settings Form.
11/1/2024 18:53:54 [Information] COM3: ComPort added to the Settings Form.
11/1/2024 18:53:54 [Information] COM4: ComPort added to the Settings Form.
11/1/2024 18:53:54 [Information] COM5: ComPort added to the Settings Form.
11/1/2024 18:53:54 [Information] COM6: ComPort added to the Settings Form.
11/1/2024 18:53:54 [Information] COM7: ComPort added to the Settings Form.
11/1/2024 18:53:54 [Information] COM8: ComPort added to the Settings Form.
11/1/2024 18:53:54 [Information] COM9: ComPort added to the Settings Form.
11/1/2024 18:53:54 [Information] COM10: ComPort added to the Settings Form.
11/1/2024 18:53:54 [Information] decimal: 4.00 Divider4_00 added to the Settings Form.
11/1/2024 18:53:54 [Information] decimal: 0.00 MathPart2Initlz added to the Settings Form.
11/1/2024 18:53:54 [Information] decimal: 1.00 MilisecondTimerInterval added to the Settings Form.
11/1/2024 18:53:54 [Information] decimal: 1000.00 MillisecondDelay added to the Settings Form.
11/1/2024 18:53:54 [Information] int: 1000 Milliseconds added to the Settings Form.
11/1/2024 18:53:54 [Information] int: 4 mmPerRevolution added to the Settings Form.
11/1/2024 18:53:54 [Information] int: 2000 ThreadSleep added to the Settings Form.
11/1/2024 18:53:54 [Information] decimal: 0.00 Value_0_00 added to the Settings Form.
11/1/2024 18:53:54 [Information] decimal: 50.00 XaxisAcceleration added to the Settings Form.
11/1/2024 18:53:54 [Information] bool: False XaxisChanged added to the Settings Form.
11/1/2024 18:53:54 [Information] decimal: 400.00 XaxisMotorSpeed added to the Settings Form.
11/1/2024 18:53:54 [Information] decimal: 0.00 XaxisStepperCurrent added to the Settings Form.
11/1/2024 18:53:54 [Information] decimal: 0.00 XaxisStepperMove added to the Settings Form.
11/1/2024 18:53:54 [Information] XCOM1: XComPort added to the Settings Form.
11/1/2024 18:53:54 [Information] XCOM2: XComPort added to the Settings Form.
11/1/2024 18:53:54 [Information] XCOM3: XComPort added to the Settings Form.
11/1/2024 18:53:54 [Information] XCOM4: XComPort added to the Settings Form.
11/1/2024 18:53:54 [Information] XCOM5: XComPort added to the Settings Form.
11/1/2024 18:53:54 [Information] XCOM6: XComPort added to the Settings Form.
11/1/2024 18:53:54 [Information] XCOM7: XComPort added to the Settings Form.
11/1/2024 18:53:54 [Information] XCOM8: XComPort added to the Settings Form.
11/1/2024 18:53:54 [Information] XCOM9: XComPort added to the Settings Form.
11/1/2024 18:53:54 [Information] XCOM10: XComPort added to the Settings Form.
11/1/2024 18:53:54 [Information] decimal: 50.00 YaxisAcceleration added to the Settings Form.
11/1/2024 18:53:54 [Information] bool: False YaxisChanged added to the Settings Form.
11/1/2024 18:53:54 [Information] decimal: 400.00 YaxisMotorSpeed added to the Settings Form.
11/1/2024 18:53:54 [Information] decimal: 0.00 YaxisStepperCurrent added to the Settings Form.
11/1/2024 18:53:54 [Information] decimal: 0.00 YaxisStepperMove added to the Settings Form.
11/1/2024 18:53:54 [Information] YCOM1: YComPort added to the Settings Form.
11/1/2024 18:53:54 [Information] YCOM2: YComPort added to the Settings Form.
11/1/2024 18:53:54 [Information] YCOM3: YComPort added to the Settings Form.
11/1/2024 18:53:54 [Information] YCOM4: YComPort added to the Settings Form.
11/1/2024 18:53:54 [Information] YCOM5: YComPort added to the Settings Form.
11/1/2024 18:53:54 [Information] YCOM6: YComPort added to the Settings Form.
11/1/2024 18:53:54 [Information] YCOM7: YComPort added to the Settings Form.
11/1/2024 18:53:54 [Information] YCOM8: YComPort added to the Settings Form.
11/1/2024 18:53:54 [Information] YCOM9: YComPort added to the Settings Form.
11/1/2024 18:53:54 [Information] YCOM10: YComPort added to the Settings Form.
11/1/2024 18:53:54 [Information] decimal: 50.00 ZaxisAcceleration added to the Settings Form.
11/1/2024 18:53:54 [Information] bool: False ZaxisChanged added to the Settings Form.
11/1/2024 18:53:54 [Information] decimal: 400.00 ZaxisMotorSpeed added to the Settings Form.
11/1/2024 18:53:54 [Information] decimal: 80.00 ZaxisStepperCurrent added to the Settings Form.
11/1/2024 18:53:54 [Information] decimal: 0.00 ZaxisStepperMove added to the Settings Form.
11/1/2024 18:53:54 [Information] ZCOM1: ZComPort added to the Settings Form.
11/1/2024 18:53:54 [Information] ZCOM2: ZComPort added to the Settings Form.
11/1/2024 18:53:54 [Information] ZCOM3: ZComPort added to the Settings Form.
11/1/2024 18:53:54 [Information] ZCOM4: ZComPort added to the Settings Form.
11/1/2024 18:53:54 [Information] ZCOM5: ZComPort added to the Settings Form.
11/1/2024 18:53:54 [Information] ZCOM6: ZComPort added to the Settings Form.
11/1/2024 18:53:54 [Information] ZCOM7: ZComPort added to the Settings Form.
11/1/2024 18:53:54 [Information] ZCOM8: ZComPort added to the Settings Form.
11/1/2024 18:53:54 [Information] ZCOM9: ZComPort added to the Settings Form.
11/1/2024 18:53:54 [Information] ZCOM10: ZComPort added to the Settings Form.
11/1/2024 18:53:54 [Information] int: 0 zeroXaxis added to the Settings Form.
11/1/2024 18:53:54 [Information] int: 0 zeroYaxis added to the Settings Form.
11/1/2024 18:53:54 [Information] int: 0 zeroZaxis added to the Settings Form.
11/1/2024 18:53:55 [Information] Stepper Motor Controller MainWindow loaded
11/1/2024 18:53:55 [Information] Set MainWindow Media Brushes to White.
11/1/2024 18:54:02 [Information] Z Axis mouse controlled Keypad returned: 16.00
11/1/2024 18:54:03 [Information] ZAxisRun_Click button clicked:
11/1/2024 18:54:03 [Information] Z Axis MotorMovementSeconds decimal: (16.00 / 4) / 2 = 2.00
11/1/2024 18:54:03 [Information] Z Axis myMovementTimer int: 1000 * 2.00 = 2000
11/1/2024 18:54:04 [Information] Z Axis Run Event: Z,0.00,400.00,0,0.00,400.00,0,96.00,400.00,0
11/1/2024 18:54:04 [Information] Z Axis Current Time: 06:54:04 + 2000 = targetEndTime: 06:54:06
11/1/2024 18:54:04 [Information] Stepper Motor Controller Disable Z Axis controls while moving to location.
11/1/2024 18:54:04 [Information] Time remaining: 00:00:00 targetEndTime = 06:54:06
11/1/2024 18:54:04 [Information] Stepper Motor Controller Disable Z Axis controls while moving to location.
11/1/2024 18:54:04 [Information] Time remaining: 00:00:00 targetEndTime = 06:54:06
11/1/2024 18:54:04 [Information] Stepper Motor Controller Disable Z Axis controls while moving to location.
11/1/2024 18:54:04 [Information] Time remaining: 00:00:00 targetEndTime = 06:54:06
11/1/2024 18:54:04 [Information] Stepper Motor Controller Disable Z Axis controls while moving to location.
11/1/2024 18:54:04 [Information] Time remaining: 00:00:00 targetEndTime = 06:54:06
11/1/2024 18:54:04 [Information] Stepper Motor Controller Disable Z Axis controls while moving to location.
11/1/2024 18:54:04 [Information] Time remaining: 00:00:00 targetEndTime = 06:54:06
11/1/2024 18:54:04 [Information] Stepper Motor Controller Disable Z Axis controls while moving to location.
11/1/2024 18:54:04 [Information] Time remaining: 00:00:00 targetEndTime = 06:54:06
11/1/2024 18:54:04 [Information] Stepper Motor Controller Disable Z Axis controls while moving to location.
11/1/2024 18:54:04 [Information] Time remaining: 00:00:00 targetEndTime = 06:54:06
11/1/2024 18:54:04 [Information] Stepper Motor Controller Disable Z Axis controls while moving to location.
11/1/2024 18:54:04 [Information] Time remaining: 00:00:00 targetEndTime = 06:54:06
11/1/2024 18:54:04 [Information] Stepper Motor Controller Disable Z Axis controls while moving to location.
11/1/2024 18:54:04 [Information] Time remaining: 00:00:00 targetEndTime = 06:54:06
11/1/2024 18:54:04 [Information] Stepper Motor Controller Disable Z Axis controls while moving to location.
11/1/2024 18:54:04 [Information] Time remaining: 00:00:00 targetEndTime = 06:54:06
11/1/2024 18:54:04 [Information] Stepper Motor Controller Disable Z Axis controls while moving to location.
11/1/2024 18:54:04 [Information] Time remaining: 00:00:00 targetEndTime = 06:54:06
11/1/2024 18:54:04 [Information] Stepper Motor Controller Disable Z Axis controls while moving to location.
11/1/2024 18:54:04 [Information] Time remaining: 00:00:00 targetEndTime = 06:54:06
11/1/2024 18:54:04 [Information] Stepper Motor Controller Disable Z Axis controls while moving to location.
11/1/2024 18:54:04 [Information] Time remaining: 00:00:00 targetEndTime = 06:54:06
11/1/2024 18:54:04 [Information] Stepper Motor Controller Disable Z Axis controls while moving to location.
11/1/2024 18:54:04 [Information] Time remaining: 00:00:00 targetEndTime = 06:54:06
11/1/2024 18:54:04 [Information] Stepper Motor Controller Disable Z Axis controls while moving to location.
11/1/2024 18:54:04 [Information] Time remaining: 00:00:00 targetEndTime = 06:54:06
11/1/2024 18:54:04 [Information] Stepper Motor Controller Disable Z Axis controls while moving to location.
11/1/2024 18:54:04 [Information] Time remaining: 00:00:00 targetEndTime = 06:54:06
11/1/2024 18:54:04 [Information] Stepper Motor Controller Disable Z Axis controls while moving to location.
11/1/2024 18:54:04 [Information] Time remaining: 00:00:00 targetEndTime = 06:54:06
11/1/2024 18:54:04 [Information] Stepper Motor Controller Disable Z Axis controls while moving to location.
11/1/2024 18:54:04 [Information] Time remaining: 00:00:00 targetEndTime = 06:54:06
11/1/2024 18:54:04 [Information] Stepper Motor Controller Disable Z Axis controls while moving to location.
11/1/2024 18:54:04 [Information] Time remaining: 00:00:00 targetEndTime = 06:54:06
11/1/2024 18:54:04 [Information] Stepper Motor Controller Disable Z Axis controls while moving to location.
11/1/2024 18:54:04 [Information] Time remaining: 00:00:00 targetEndTime = 06:54:06
11/1/2024 18:54:04 [Information] Stepper Motor Controller Disable Z Axis controls while moving to location.
11/1/2024 18:54:04 [Information] Time remaining: 00:00:00 targetEndTime = 06:54:06
11/1/2024 18:54:04 [Information] Stepper Motor Controller Disable Z Axis controls while moving to location.
11/1/2024 18:54:04 [Information] Time remaining: 00:00:00 targetEndTime = 06:54:06
11/1/2024 18:54:04 [Information] Stepper Motor Controller Disable Z Axis controls while moving to location.
11/1/2024 18:54:04 [Information] Time remaining: 00:00:00 targetEndTime = 06:54:06
11/1/2024 18:54:04 [Information] Stepper Motor Controller Disable Z Axis controls while moving to location.
11/1/2024 18:54:04 [Information] Time remaining: 00:00:00 targetEndTime = 06:54:06
11/1/2024 18:54:04 [Information] Stepper Motor Controller Disable Z Axis controls while moving to location.
11/1/2024 18:54:04 [Information] Time remaining: 00:00:00 targetEndTime = 06:54:06
11/1/2024 18:54:04 [Information] Stepper Motor Controller Disable Z Axis controls while moving to location.
11/1/2024 18:54:04 [Information] Time remaining: 00:00:00 targetEndTime = 06:54:06
11/1/2024 18:54:04 [Information] Stepper Motor Controller Disable Z Axis controls while moving to location.
11/1/2024 18:54:04 [Information] Time remaining: 00:00:00 targetEndTime = 06:54:06
11/1/2024 18:54:04 [Information] Stepper Motor Controller Disable Z Axis controls while moving to location.
11/1/2024 18:54:04 [Information] Time remaining: 00:00:00 targetEndTime = 06:54:06
11/1/2024 18:54:04 [Information] Stepper Motor Controller Disable Z Axis controls while moving to location.
11/1/2024 18:54:04 [Information] Time remaining: 00:00:00 targetEndTime = 06:54:06
11/1/2024 18:54:04 [Information] Stepper Motor Controller Disable Z Axis controls while moving to location.
11/1/2024 18:54:04 [Information] Time remaining: 00:00:00 targetEndTime = 06:54:06
11/1/2024 18:54:04 [Information] Stepper Motor Controller Disable Z Axis controls while moving to location.
11/1/2024 18:54:04 [Information] Time remaining: 00:00:00 targetEndTime = 06:54:06
11/1/2024 18:54:04 [Information] Stepper Motor Controller Disable Z Axis controls while moving to location.
11/1/2024 18:54:04 [Information] Time remaining: 00:00:00 targetEndTime = 06:54:06
11/1/2024 18:54:04 [Information] Stepper Motor Controller Disable Z Axis controls while moving to location.
11/1/2024 18:54:04 [Information] Time remaining: 00:00:00 targetEndTime = 06:54:06
11/1/2024 18:54:04 [Information] Stepper Motor Controller Disable Z Axis controls while moving to location.
11/1/2024 18:54:04 [Information] Time remaining: 00:00:00 targetEndTime = 06:54:06
11/1/2024 18:54:04 [Information] Stepper Motor Controller Disable Z Axis controls while moving to location.
11/1/2024 18:54:04 [Information] Time remaining: 00:00:00 targetEndTime = 06:54:06
11/1/2024 18:54:04 [Information] Stepper Motor Controller Disable Z Axis controls while moving to location.
11/1/2024 18:54:04 [Information] Time remaining: 00:00:00 targetEndTime = 06:54:06
11/1/2024 18:54:05 [Information] Stepper Motor Controller Disable Z Axis controls while moving to location.
11/1/2024 18:54:05 [Information] Time remaining: 00:00:00 targetEndTime = 06:54:06
11/1/2024 18:54:05 [Information] Stepper Motor Controller Disable Z Axis controls while moving to location.
11/1/2024 18:54:05 [Information] Time remaining: 00:00:00 targetEndTime = 06:54:06
11/1/2024 18:54:05 [Information] Stepper Motor Controller Disable Z Axis controls while moving to location.
11/1/2024 18:54:05 [Information] Time remaining: 00:00:00 targetEndTime = 06:54:06
11/1/2024 18:54:05 [Information] Stepper Motor Controller Disable Z Axis controls while moving to location.
11/1/2024 18:54:05 [Information] Time remaining: 00:00:00 targetEndTime = 06:54:06
11/1/2024 18:54:05 [Information] Stepper Motor Controller Disable Z Axis controls while moving to location.
11/1/2024 18:54:05 [Information] Time remaining: 00:00:00 targetEndTime = 06:54:06
11/1/2024 18:54:05 [Information] Stepper Motor Controller Disable Z Axis controls while moving to location.
11/1/2024 18:54:05 [Information] Time remaining: 00:00:00 targetEndTime = 06:54:06
11/1/2024 18:54:05 [Information] Stepper Motor Controller Disable Z Axis controls while moving to location.
11/1/2024 18:54:05 [Information] Time remaining: 00:00:00 targetEndTime = 06:54:06
11/1/2024 18:54:05 [Information] Stepper Motor Controller Disable Z Axis controls while moving to location.
11/1/2024 18:54:05 [Information] Time remaining: 00:00:00 targetEndTime = 06:54:06
11/1/2024 18:54:05 [Information] Stepper Motor Controller Disable Z Axis controls while moving to location.
11/1/2024 18:54:05 [Information] Time remaining: 00:00:00 targetEndTime = 06:54:06
11/1/2024 18:54:05 [Information] Stepper Motor Controller Disable Z Axis controls while moving to location.
11/1/2024 18:54:05 [Information] Time remaining: 00:00:00 targetEndTime = 06:54:06
11/1/2024 18:54:05 [Information] Stepper Motor Controller Disable Z Axis controls while moving to location.
11/1/2024 18:54:05 [Information] Time remaining: 00:00:00 targetEndTime = 06:54:06
11/1/2024 18:54:05 [Information] Stepper Motor Controller Disable Z Axis controls while moving to location.
11/1/2024 18:54:05 [Information] Time remaining: 00:00:00 targetEndTime = 06:54:06
11/1/2024 18:54:05 [Information] Stepper Motor Controller Disable Z Axis controls while moving to location.
11/1/2024 18:54:05 [Information] Time remaining: 00:00:00 targetEndTime = 06:54:06
11/1/2024 18:54:05 [Information] Stepper Motor Controller Disable Z Axis controls while moving to location.
11/1/2024 18:54:05 [Information] Time remaining: 00:00:00 targetEndTime = 06:54:06
11/1/2024 18:54:05 [Information] Stepper Motor Controller Disable Z Axis controls while moving to location.
11/1/2024 18:54:05 [Information] Time remaining: 00:00:00 targetEndTime = 06:54:06
11/1/2024 18:54:05 [Information] Stepper Motor Controller Disable Z Axis controls while moving to location.
11/1/2024 18:54:05 [Information] Time remaining: 00:00:00 targetEndTime = 06:54:06
11/1/2024 18:54:05 [Information] Stepper Motor Controller Disable Z Axis controls while moving to location.
11/1/2024 18:54:05 [Information] Time remaining: 00:00:00 targetEndTime = 06:54:06
11/1/2024 18:54:05 [Information] Stepper Motor Controller Disable Z Axis controls while moving to location.
11/1/2024 18:54:05 [Information] Time remaining: 00:00:00 targetEndTime = 06:54:06
11/1/2024 18:54:05 [Information] Stepper Motor Controller Disable Z Axis controls while moving to location.
11/1/2024 18:54:05 [Information] Time remaining: 00:00:00 targetEndTime = 06:54:06
11/1/2024 18:54:05 [Information] Stepper Motor Controller Disable Z Axis controls while moving to location.
11/1/2024 18:54:05 [Information] Time remaining: 00:00:00 targetEndTime = 06:54:06
11/1/2024 18:54:05 [Information] Stepper Motor Controller Disable Z Axis controls while moving to location.
11/1/2024 18:54:05 [Information] Time remaining: 00:00:00 targetEndTime = 06:54:06
11/1/2024 18:54:05 [Information] Stepper Motor Controller Disable Z Axis controls while moving to location.
11/1/2024 18:54:05 [Information] Time remaining: 00:00:00 targetEndTime = 06:54:06
11/1/2024 18:54:05 [Information] Stepper Motor Controller Disable Z Axis controls while moving to location.
11/1/2024 18:54:05 [Information] Time remaining: 00:00:01 targetEndTime = 06:54:06
11/1/2024 18:54:05 [Information] Stepper Motor Controller Disable Z Axis controls while moving to location.
11/1/2024 18:54:05 [Information] Time remaining: 00:00:01 targetEndTime = 06:54:06
11/1/2024 18:54:05 [Information] Stepper Motor Controller Disable Z Axis controls while moving to location.
11/1/2024 18:54:05 [Information] Time remaining: 00:00:01 targetEndTime = 06:54:06
11/1/2024 18:54:05 [Information] Stepper Motor Controller Disable Z Axis controls while moving to location.
11/1/2024 18:54:05 [Information] Time remaining: 00:00:01 targetEndTime = 06:54:06
11/1/2024 18:54:05 [Information] Stepper Motor Controller Disable Z Axis controls while moving to location.
11/1/2024 18:54:05 [Information] Time remaining: 00:00:01 targetEndTime = 06:54:06
11/1/2024 18:54:05 [Information] Stepper Motor Controller Disable Z Axis controls while moving to location.
11/1/2024 18:54:05 [Information] Time remaining: 00:00:01 targetEndTime = 06:54:06
11/1/2024 18:54:05 [Information] Stepper Motor Controller Disable Z Axis controls while moving to location.
11/1/2024 18:54:05 [Information] Time remaining: 00:00:01 targetEndTime = 06:54:06
11/1/2024 18:54:05 [Information] Stepper Motor Controller Disable Z Axis controls while moving to location.
11/1/2024 18:54:05 [Information] Time remaining: 00:00:01 targetEndTime = 06:54:06
11/1/2024 18:54:05 [Information] Stepper Motor Controller Disable Z Axis controls while moving to location.
11/1/2024 18:54:05 [Information] Time remaining: 00:00:01 targetEndTime = 06:54:06
11/1/2024 18:54:05 [Information] Stepper Motor Controller Disable Z Axis controls while moving to location.
11/1/2024 18:54:05 [Information] Time remaining: 00:00:01 targetEndTime = 06:54:06
11/1/2024 18:54:05 [Information] Stepper Motor Controller Disable Z Axis controls while moving to location.
11/1/2024 18:54:05 [Information] Time remaining: 00:00:01 targetEndTime = 06:54:06
11/1/2024 18:54:05 [Information] Stepper Motor Controller Disable Z Axis controls while moving to location.
11/1/2024 18:54:05 [Information] Time remaining: 00:00:01 targetEndTime = 06:54:06
11/1/2024 18:54:05 [Information] Stepper Motor Controller Disable Z Axis controls while moving to location.
11/1/2024 18:54:05 [Information] Time remaining: 00:00:01 targetEndTime = 06:54:06
11/1/2024 18:54:05 [Information] Stepper Motor Controller Disable Z Axis controls while moving to location.
11/1/2024 18:54:05 [Information] Time remaining: 00:00:01 targetEndTime = 06:54:06
11/1/2024 18:54:05 [Information] Stepper Motor Controller Disable Z Axis controls while moving to location.
11/1/2024 18:54:05 [Information] Time remaining: 00:00:01 targetEndTime = 06:54:06
11/1/2024 18:54:05 [Information] Stepper Motor Controller Disable Z Axis controls while moving to location.
11/1/2024 18:54:05 [Information] Time remaining: 00:00:01 targetEndTime = 06:54:06
11/1/2024 18:54:05 [Information] Stepper Motor Controller Disable Z Axis controls while moving to location.
11/1/2024 18:54:05 [Information] Time remaining: 00:00:01 targetEndTime = 06:54:06
11/1/2024 18:54:05 [Information] Stepper Motor Controller Disable Z Axis controls while moving to location.
11/1/2024 18:54:05 [Information] Time remaining: 00:00:01 targetEndTime = 06:54:06
11/1/2024 18:54:05 [Information] Stepper Motor Controller Disable Z Axis controls while moving to location.
11/1/2024 18:54:05 [Information] Time remaining: 00:00:01 targetEndTime = 06:54:06
11/1/2024 18:54:05 [Information] Stepper Motor Controller Disable Z Axis controls while moving to location.
11/1/2024 18:54:05 [Information] Time remaining: 00:00:01 targetEndTime = 06:54:06
11/1/2024 18:54:05 [Information] Stepper Motor Controller Disable Z Axis controls while moving to location.
11/1/2024 18:54:05 [Information] Time remaining: 00:00:01 targetEndTime = 06:54:06
11/1/2024 18:54:05 [Information] Stepper Motor Controller Disable Z Axis controls while moving to location.
11/1/2024 18:54:05 [Information] Time remaining: 00:00:01 targetEndTime = 06:54:06
11/1/2024 18:54:05 [Information] Stepper Motor Controller Disable Z Axis controls while moving to location.
11/1/2024 18:54:05 [Information] Time remaining: 00:00:01 targetEndTime = 06:54:06
11/1/2024 18:54:05 [Information] Stepper Motor Controller Disable Z Axis controls while moving to location.
11/1/2024 18:54:05 [Information] Time remaining: 00:00:01 targetEndTime = 06:54:06
11/1/2024 18:54:05 [Information] Stepper Motor Controller Disable Z Axis controls while moving to location.
11/1/2024 18:54:05 [Information] Time remaining: 00:00:01 targetEndTime = 06:54:06
11/1/2024 18:54:05 [Information] Stepper Motor Controller Disable Z Axis controls while moving to location.
11/1/2024 18:54:05 [Information] Time remaining: 00:00:01 targetEndTime = 06:54:06
11/1/2024 18:54:05 [Information] Stepper Motor Controller Disable Z Axis controls while moving to location.
11/1/2024 18:54:05 [Information] Time remaining: 00:00:01 targetEndTime = 06:54:06
11/1/2024 18:54:05 [Information] Stepper Motor Controller Disable Z Axis controls while moving to location.
11/1/2024 18:54:05 [Information] Time remaining: 00:00:01 targetEndTime = 06:54:06
11/1/2024 18:54:05 [Information] Stepper Motor Controller Disable Z Axis controls while moving to location.
11/1/2024 18:54:05 [Information] Time remaining: 00:00:01 targetEndTime = 06:54:06
11/1/2024 18:54:05 [Information] Stepper Motor Controller Disable Z Axis controls while moving to location.
11/1/2024 18:54:05 [Information] Time remaining: 00:00:01 targetEndTime = 06:54:06
11/1/2024 18:54:05 [Information] Stepper Motor Controller Disable Z Axis controls while moving to location.
11/1/2024 18:54:05 [Information] Time remaining: 00:00:01 targetEndTime = 06:54:06
11/1/2024 18:54:05 [Information] Stepper Motor Controller Disable Z Axis controls while moving to location.
11/1/2024 18:54:05 [Information] Time remaining: 00:00:01 targetEndTime = 06:54:06
11/1/2024 18:54:05 [Information] Stepper Motor Controller Disable Z Axis controls while moving to location.
11/1/2024 18:54:05 [Information] Time remaining: 00:00:01 targetEndTime = 06:54:06
11/1/2024 18:54:05 [Information] Stepper Motor Controller Disable Z Axis controls while moving to location.
11/1/2024 18:54:05 [Information] Time remaining: 00:00:01 targetEndTime = 06:54:06
11/1/2024 18:54:05 [Information] Stepper Motor Controller Disable Z Axis controls while moving to location.
11/1/2024 18:54:05 [Information] Time remaining: 00:00:01 targetEndTime = 06:54:06
11/1/2024 18:54:05 [Information] Stepper Motor Controller Disable Z Axis controls while moving to location.
11/1/2024 18:54:05 [Information] Time remaining: 00:00:01 targetEndTime = 06:54:06
11/1/2024 18:54:05 [Information] Stepper Motor Controller Disable Z Axis controls while moving to location.
11/1/2024 18:54:05 [Information] Time remaining: 00:00:01 targetEndTime = 06:54:06
11/1/2024 18:54:05 [Information] Stepper Motor Controller Disable Z Axis controls while moving to location.
11/1/2024 18:54:05 [Information] Time remaining: 00:00:01 targetEndTime = 06:54:06
11/1/2024 18:54:05 [Information] Stepper Motor Controller Disable Z Axis controls while moving to location.
11/1/2024 18:54:05 [Information] Time remaining: 00:00:01 targetEndTime = 06:54:06
11/1/2024 18:54:06 [Information] Stepper Motor Controller Disable Z Axis controls while moving to location.
11/1/2024 18:54:06 [Information] Time remaining: 00:00:01 targetEndTime = 06:54:06
11/1/2024 18:54:06 [Information] Stepper Motor Controller Disable Z Axis controls while moving to location.
11/1/2024 18:54:06 [Information] Time remaining: 00:00:01 targetEndTime = 06:54:06
11/1/2024 18:54:06 [Information] Stepper Motor Controller Disable Z Axis controls while moving to location.
11/1/2024 18:54:06 [Information] Time remaining: 00:00:01 targetEndTime = 06:54:06
11/1/2024 18:54:06 [Information] Stepper Motor Controller Disable Z Axis controls while moving to location.
11/1/2024 18:54:06 [Information] Time remaining: 00:00:01 targetEndTime = 06:54:06
11/1/2024 18:54:06 [Information] Stepper Motor Controller Disable Z Axis controls while moving to location.
11/1/2024 18:54:06 [Information] Time remaining: 00:00:01 targetEndTime = 06:54:06
11/1/2024 18:54:06 [Information] Stepper Motor Controller Disable Z Axis controls while moving to location.
11/1/2024 18:54:06 [Information] Time remaining: 00:00:01 targetEndTime = 06:54:06
11/1/2024 18:54:06 [Information] Stepper Motor Controller Disable Z Axis controls while moving to location.
11/1/2024 18:54:06 [Information] Time remaining: 00:00:01 targetEndTime = 06:54:06
11/1/2024 18:54:06 [Information] Stepper Motor Controller Disable Z Axis controls while moving to location.
11/1/2024 18:54:06 [Information] Time remaining: 00:00:01 targetEndTime = 06:54:06
11/1/2024 18:54:06 [Information] Stepper Motor Controller Disable Z Axis controls while moving to location.
11/1/2024 18:54:06 [Information] Time remaining: 00:00:01 targetEndTime = 06:54:06
11/1/2024 18:54:06 [Information] Stepper Motor Controller Disable Z Axis controls while moving to location.
11/1/2024 18:54:06 [Information] Time remaining: 00:00:01 targetEndTime = 06:54:06
11/1/2024 18:54:06 [Information] Stepper Motor Controller Disable Z Axis controls while moving to location.
11/1/2024 18:54:06 [Information] Time remaining: 00:00:01 targetEndTime = 06:54:06
11/1/2024 18:54:06 [Information] Stepper Motor Controller Disable Z Axis controls while moving to location.
11/1/2024 18:54:06 [Information] Time remaining: 00:00:01 targetEndTime = 06:54:06
11/1/2024 18:54:06 [Information] Stepper Motor Controller Disable Z Axis controls while moving to location.
11/1/2024 18:54:06 [Information] Time remaining: 00:00:01 targetEndTime = 06:54:06
11/1/2024 18:54:06 [Information] Stepper Motor Controller Disable Z Axis controls while moving to location.
11/1/2024 18:54:06 [Information] Time remaining: 00:00:01 targetEndTime = 06:54:06
11/1/2024 18:54:06 [Information] Stepper Motor Controller Disable Z Axis controls while moving to location.
11/1/2024 18:54:06 [Information] Time remaining: 00:00:01 targetEndTime = 06:54:06
11/1/2024 18:54:06 [Information] Stepper Motor Controller Disable Z Axis controls while moving to location.
11/1/2024 18:54:06 [Information] Time remaining: 00:00:01 targetEndTime = 06:54:06
11/1/2024 18:54:06 [Information] Stepper Motor Controller Disable Z Axis controls while moving to location.
11/1/2024 18:54:06 [Information] Time remaining: 00:00:01 targetEndTime = 06:54:06
11/1/2024 18:54:06 [Information] Stepper Motor Controller Disable Z Axis controls while moving to location.
11/1/2024 18:54:06 [Information] Time remaining: 00:00:01 targetEndTime = 06:54:06
11/1/2024 18:54:06 [Information] Stepper Motor Controller Disable Z Axis controls while moving to location.
11/1/2024 18:54:06 [Information] Time remaining: 00:00:01 targetEndTime = 06:54:06
11/1/2024 18:54:06 [Information] Stepper Motor Controller Disable Z Axis controls while moving to location.
11/1/2024 18:54:06 [Information] Time remaining: 00:00:01 targetEndTime = 06:54:06
11/1/2024 18:54:06 [Information] Stepper Motor Controller Disable Z Axis controls while moving to location.
11/1/2024 18:54:06 [Information] Time remaining: 00:00:01 targetEndTime = 06:54:06
11/1/2024 18:54:06 [Information] Stepper Motor Controller Disable Z Axis controls while moving to location.
11/1/2024 18:54:06 [Information] Time remaining: 00:00:01 targetEndTime = 06:54:06
11/1/2024 18:54:06 [Information] Stepper Motor Controller Enable Z Axis controls after moving to location.
11/1/2024 18:54:06 [Information] Stepper Motor Controller Stopwatch Stopped.
11/1/2024 18:54:06 [Information] Stepper Motor Controller Timer Stopped.
11/1/2024 18:54:06 [Information] Stepper Motor Controller Stopwatch Reset.
11/1/2024 18:54:18 [Information] Updated X,Y Zero.IsChecked status to 0 and Z Zero.IsChecked status to 1.
11/1/2024 18:54:20 [Information] ZAxisRun_Click button clicked:
11/1/2024 18:54:20 [Information] Z Axis Run Event to reset Axis to zero: Z,0.00,400.00,0,0.00,400.00,0,0.00,400.00,1
11/1/2024 18:54:20 [Information] Setting Z Axis Current Location Set to Zero on DRO
11/1/2024 18:54:21 [Information] Updated X,Y,Z Zero.IsChecked status to 0.
11/1/2024 18:54:21 [Information] Z Axis Current Location Set to Zero
11/1/2024 18:54:27 [Information] Z Axis mouse controlled Keypad returned: 8.00
11/1/2024 18:54:49 [Information] ZAxisRun_Click button clicked:
11/1/2024 18:54:49 [Information] Z Axis MotorMovementSeconds decimal: (8.00 / 4) / 2 = 1.00
11/1/2024 18:54:49 [Information] Z Axis myMovementTimer int: 1000 * 1.00 = 1000
11/1/2024 18:54:50 [Information] Z Axis Run Event: Z,0.00,400.00,0,0.00,400.00,0,8.00,400.00,0
11/1/2024 18:54:50 [Information] Z Axis Current Time: 06:54:50 + 1000 = targetEndTime: 06:54:51
11/1/2024 18:54:50 [Information] Stepper Motor Controller Disable Z Axis controls while moving to location.
11/1/2024 18:54:50 [Information] Time remaining: 00:00:00 targetEndTime = 06:54:51
11/1/2024 18:54:50 [Information] Stepper Motor Controller Disable Z Axis controls while moving to location.
11/1/2024 18:54:50 [Information] Time remaining: 00:00:00 targetEndTime = 06:54:51
11/1/2024 18:54:50 [Information] Stepper Motor Controller Disable Z Axis controls while moving to location.
11/1/2024 18:54:50 [Information] Time remaining: 00:00:00 targetEndTime = 06:54:51
11/1/2024 18:54:50 [Information] Stepper Motor Controller Disable Z Axis controls while moving to location.
11/1/2024 18:54:50 [Information] Time remaining: 00:00:00 targetEndTime = 06:54:51
11/1/2024 18:54:50 [Information] Stepper Motor Controller Disable Z Axis controls while moving to location.
11/1/2024 18:54:50 [Information] Time remaining: 00:00:00 targetEndTime = 06:54:51
11/1/2024 18:54:50 [Information] Stepper Motor Controller Disable Z Axis controls while moving to location.
11/1/2024 18:54:50 [Information] Time remaining: 00:00:00 targetEndTime = 06:54:51
11/1/2024 18:54:50 [Information] Stepper Motor Controller Disable Z Axis controls while moving to location.
11/1/2024 18:54:50 [Information] Time remaining: 00:00:00 targetEndTime = 06:54:51
11/1/2024 18:54:50 [Information] Stepper Motor Controller Disable Z Axis controls while moving to location.
11/1/2024 18:54:50 [Information] Time remaining: 00:00:00 targetEndTime = 06:54:51
11/1/2024 18:54:51 [Information] Stepper Motor Controller Disable Z Axis controls while moving to location.
11/1/2024 18:54:51 [Information] Time remaining: 00:00:00 targetEndTime = 06:54:51
11/1/2024 18:54:51 [Information] Stepper Motor Controller Disable Z Axis controls while moving to location.
11/1/2024 18:54:51 [Information] Time remaining: 00:00:00 targetEndTime = 06:54:51
11/1/2024 18:54:51 [Information] Stepper Motor Controller Disable Z Axis controls while moving to location.
11/1/2024 18:54:51 [Information] Time remaining: 00:00:00 targetEndTime = 06:54:51
11/1/2024 18:54:51 [Information] Stepper Motor Controller Disable Z Axis controls while moving to location.
11/1/2024 18:54:51 [Information] Time remaining: 00:00:00 targetEndTime = 06:54:51
11/1/2024 18:54:51 [Information] Stepper Motor Controller Disable Z Axis controls while moving to location.
11/1/2024 18:54:51 [Information] Time remaining: 00:00:00 targetEndTime = 06:54:51
11/1/2024 18:54:51 [Information] Stepper Motor Controller Disable Z Axis controls while moving to location.
11/1/2024 18:54:51 [Information] Time remaining: 00:00:00 targetEndTime = 06:54:51
11/1/2024 18:54:51 [Information] Stepper Motor Controller Disable Z Axis controls while moving to location.
11/1/2024 18:54:51 [Information] Time remaining: 00:00:00 targetEndTime = 06:54:51
11/1/2024 18:54:51 [Information] Stepper Motor Controller Disable Z Axis controls while moving to location.
11/1/2024 18:54:51 [Information] Time remaining: 00:00:00 targetEndTime = 06:54:51
11/1/2024 18:54:51 [Information] Stepper Motor Controller Disable Z Axis controls while moving to location.
11/1/2024 18:54:51 [Information] Time remaining: 00:00:00 targetEndTime = 06:54:51
11/1/2024 18:54:51 [Information] Stepper Motor Controller Disable Z Axis controls while moving to location.
11/1/2024 18:54:51 [Information] Time remaining: 00:00:00 targetEndTime = 06:54:51
11/1/2024 18:54:51 [Information] Stepper Motor Controller Disable Z Axis controls while moving to location.
11/1/2024 18:54:51 [Information] Time remaining: 00:00:00 targetEndTime = 06:54:51
11/1/2024 18:54:51 [Information] Stepper Motor Controller Disable Z Axis controls while moving to location.
11/1/2024 18:54:51 [Information] Time remaining: 00:00:00 targetEndTime = 06:54:51
11/1/2024 18:54:51 [Information] Stepper Motor Controller Disable Z Axis controls while moving to location.
11/1/2024 18:54:51 [Information] Time remaining: 00:00:00 targetEndTime = 06:54:51
11/1/2024 18:54:51 [Information] Stepper Motor Controller Disable Z Axis controls while moving to location.
11/1/2024 18:54:51 [Information] Time remaining: 00:00:00 targetEndTime = 06:54:51
11/1/2024 18:54:51 [Information] Stepper Motor Controller Disable Z Axis controls while moving to location.
11/1/2024 18:54:51 [Information] Time remaining: 00:00:00 targetEndTime = 06:54:51
11/1/2024 18:54:51 [Information] Stepper Motor Controller Disable Z Axis controls while moving to location.
11/1/2024 18:54:51 [Information] Time remaining: 00:00:00 targetEndTime = 06:54:51
11/1/2024 18:54:51 [Information] Stepper Motor Controller Disable Z Axis controls while moving to location.
11/1/2024 18:54:51 [Information] Time remaining: 00:00:00 targetEndTime = 06:54:51
11/1/2024 18:54:51 [Information] Stepper Motor Controller Disable Z Axis controls while moving to location.
11/1/2024 18:54:51 [Information] Time remaining: 00:00:00 targetEndTime = 06:54:51
11/1/2024 18:54:51 [Information] Stepper Motor Controller Disable Z Axis controls while moving to location.
11/1/2024 18:54:51 [Information] Time remaining: 00:00:00 targetEndTime = 06:54:51
11/1/2024 18:54:51 [Information] Stepper Motor Controller Disable Z Axis controls while moving to location.
11/1/2024 18:54:51 [Information] Time remaining: 00:00:00 targetEndTime = 06:54:51
11/1/2024 18:54:51 [Information] Stepper Motor Controller Disable Z Axis controls while moving to location.
11/1/2024 18:54:51 [Information] Time remaining: 00:00:00 targetEndTime = 06:54:51
11/1/2024 18:54:51 [Information] Stepper Motor Controller Disable Z Axis controls while moving to location.
11/1/2024 18:54:51 [Information] Time remaining: 00:00:00 targetEndTime = 06:54:51
11/1/2024 18:54:51 [Information] Stepper Motor Controller Disable Z Axis controls while moving to location.
11/1/2024 18:54:51 [Information] Time remaining: 00:00:00 targetEndTime = 06:54:51
11/1/2024 18:54:51 [Information] Stepper Motor Controller Disable Z Axis controls while moving to location.
11/1/2024 18:54:51 [Information] Time remaining: 00:00:00 targetEndTime = 06:54:51
11/1/2024 18:54:51 [Information] Stepper Motor Controller Disable Z Axis controls while moving to location.
11/1/2024 18:54:51 [Information] Time remaining: 00:00:00 targetEndTime = 06:54:51
11/1/2024 18:54:51 [Information] Stepper Motor Controller Disable Z Axis controls while moving to location.
11/1/2024 18:54:51 [Information] Time remaining: 00:00:00 targetEndTime = 06:54:51
11/1/2024 18:54:51 [Information] Stepper Motor Controller Disable Z Axis controls while moving to location.
11/1/2024 18:54:51 [Information] Time remaining: 00:00:00 targetEndTime = 06:54:51
11/1/2024 18:54:51 [Information] Stepper Motor Controller Disable Z Axis controls while moving to location.
11/1/2024 18:54:51 [Information] Time remaining: 00:00:00 targetEndTime = 06:54:51
11/1/2024 18:54:51 [Information] Stepper Motor Controller Disable Z Axis controls while moving to location.
11/1/2024 18:54:51 [Information] Time remaining: 00:00:00 targetEndTime = 06:54:51
11/1/2024 18:54:51 [Information] Stepper Motor Controller Disable Z Axis controls while moving to location.
11/1/2024 18:54:51 [Information] Time remaining: 00:00:00 targetEndTime = 06:54:51
11/1/2024 18:54:51 [Information] Stepper Motor Controller Disable Z Axis controls while moving to location.
11/1/2024 18:54:51 [Information] Time remaining: 00:00:00 targetEndTime = 06:54:51
11/1/2024 18:54:51 [Information] Stepper Motor Controller Disable Z Axis controls while moving to location.
11/1/2024 18:54:51 [Information] Time remaining: 00:00:00 targetEndTime = 06:54:51
11/1/2024 18:54:51 [Information] Stepper Motor Controller Disable Z Axis controls while moving to location.
11/1/2024 18:54:51 [Information] Time remaining: 00:00:00 targetEndTime = 06:54:51
11/1/2024 18:54:51 [Information] Stepper Motor Controller Disable Z Axis controls while moving to location.
11/1/2024 18:54:51 [Information] Time remaining: 00:00:00 targetEndTime = 06:54:51
11/1/2024 18:54:51 [Information] Stepper Motor Controller Disable Z Axis controls while moving to location.
11/1/2024 18:54:51 [Information] Time remaining: 00:00:00 targetEndTime = 06:54:51
11/1/2024 18:54:51 [Information] Stepper Motor Controller Disable Z Axis controls while moving to location.
11/1/2024 18:54:51 [Information] Time remaining: 00:00:00 targetEndTime = 06:54:51
11/1/2024 18:54:51 [Information] Stepper Motor Controller Disable Z Axis controls while moving to location.
11/1/2024 18:54:51 [Information] Time remaining: 00:00:00 targetEndTime = 06:54:51
11/1/2024 18:54:51 [Information] Stepper Motor Controller Disable Z Axis controls while moving to location.
11/1/2024 18:54:51 [Information] Time remaining: 00:00:00 targetEndTime = 06:54:51
11/1/2024 18:54:51 [Information] Stepper Motor Controller Disable Z Axis controls while moving to location.
11/1/2024 18:54:51 [Information] Time remaining: 00:00:00 targetEndTime = 06:54:51
11/1/2024 18:54:51 [Information] Stepper Motor Controller Disable Z Axis controls while moving to location.
11/1/2024 18:54:51 [Information] Time remaining: 00:00:00 targetEndTime = 06:54:51
11/1/2024 18:54:51 [Information] Stepper Motor Controller Disable Z Axis controls while moving to location.
11/1/2024 18:54:51 [Information] Time remaining: 00:00:00 targetEndTime = 06:54:51
11/1/2024 18:54:51 [Information] Stepper Motor Controller Disable Z Axis controls while moving to location.
11/1/2024 18:54:51 [Information] Time remaining: 00:00:00 targetEndTime = 06:54:51
11/1/2024 18:54:51 [Information] Stepper Motor Controller Disable Z Axis controls while moving to location.
11/1/2024 18:54:51 [Information] Time remaining: 00:00:00 targetEndTime = 06:54:51
11/1/2024 18:54:51 [Information] Stepper Motor Controller Disable Z Axis controls while moving to location.
11/1/2024 18:54:51 [Information] Time remaining: 00:00:00 targetEndTime = 06:54:51
11/1/2024 18:54:51 [Information] Stepper Motor Controller Disable Z Axis controls while moving to location.
11/1/2024 18:54:51 [Information] Time remaining: 00:00:00 targetEndTime = 06:54:51
11/1/2024 18:54:51 [Information] Stepper Motor Controller Enable Z Axis controls after moving to location.
11/1/2024 18:54:51 [Information] Stepper Motor Controller Stopwatch Stopped.
11/1/2024 18:54:51 [Information] Stepper Motor Controller Timer Stopped.
11/1/2024 18:54:51 [Information] Stepper Motor Controller Stopwatch Reset.
11/1/2024 18:54:57 [Information] Stepper Motor Controller MainWindow Closing.
11/1/2024 18:54:57 [Information] Stepper Motor Controller Serial Ports closed.
11/1/2024 18:54:57 [Information] Properties Settings Saved.
11/1/2024 18:54:57 [Information] Properties Settings Form Closed.
11/1/2024 18:54:57 [Information] Stepper Motor Controller Form Closed.
