11/7/2024 10:53:04 [Information] Stepper Motor Controller Application Started.
11/7/2024 10:53:04 [Information] Version: 3.0.9077.19588 (11/7/2024 10:53:04)
11/7/2024 10:53:04 [Information] SerialPort COM7 not connected.
11/7/2024 10:53:05 [Information] SerialPort COM8 not connected.
11/7/2024 10:53:05 [Information] Stepper Motor Controller Application Started.
11/7/2024 10:53:05 [Information] Version: 3.0.9077.19588 (11/7/2024 10:53:05)
11/7/2024 10:53:05 [Information] Version: 3.1.0.19589 (11/7/2024 10:53:05)
11/7/2024 10:53:05 [Information] Version: 3.1.0.19589 (11/7/2024 10:53:05)
11/7/2024 10:53:05 [Information] Stepper Motor Controller Application Settings Window Opened.
11/7/2024 10:53:05 [Information] Stepper Motor Controller Application Settings form is rebuilt each and every time it is opened.
11/7/2024 10:53:05 [Information] int: 9600 BaudRate added to the Settings Form.
11/7/2024 10:53:05 [Information] bool: False ckbXaxisResetToZeroIsChecked added to the Settings Form.
11/7/2024 10:53:05 [Information] bool: False ckbYaxisResetToZeroIsChecked added to the Settings Form.
11/7/2024 10:53:05 [Information] bool: False ckbZaxisResetToZeroIsChecked added to the Settings Form.
11/7/2024 10:53:05 [Information] COM1: ComPort added to the Settings Form.
11/7/2024 10:53:05 [Information] COM2: ComPort added to the Settings Form.
11/7/2024 10:53:05 [Information] COM3: ComPort added to the Settings Form.
11/7/2024 10:53:05 [Information] COM4: ComPort added to the Settings Form.
11/7/2024 10:53:05 [Information] COM5: ComPort added to the Settings Form.
11/7/2024 10:53:05 [Information] COM6: ComPort added to the Settings Form.
11/7/2024 10:53:05 [Information] COM7: ComPort added to the Settings Form.
11/7/2024 10:53:05 [Information] COM8: ComPort added to the Settings Form.
11/7/2024 10:53:05 [Information] COM9: ComPort added to the Settings Form.
11/7/2024 10:53:05 [Information] COM10: ComPort added to the Settings Form.
11/7/2024 10:53:05 [Information] decimal: 4.00 Divider4_00 added to the Settings Form.
11/7/2024 10:53:05 [Information] decimal: 0.00 MathPart2Initlz added to the Settings Form.
11/7/2024 10:53:05 [Information] decimal: 1.00 MilisecondTimerInterval added to the Settings Form.
11/7/2024 10:53:05 [Information] decimal: 1000.00 MillisecondDelay added to the Settings Form.
11/7/2024 10:53:05 [Information] int: 1000 Milliseconds added to the Settings Form.
11/7/2024 10:53:05 [Information] int: 4 mmPerRevolution added to the Settings Form.
11/7/2024 10:53:05 [Information] int: 2000 ThreadSleep added to the Settings Form.
11/7/2024 10:53:05 [Information] decimal: 0.00 Value_0_00 added to the Settings Form.
11/7/2024 10:53:05 [Information] decimal: 50.00 XaxisAcceleration added to the Settings Form.
11/7/2024 10:53:05 [Information] bool: False XaxisChanged added to the Settings Form.
11/7/2024 10:53:05 [Information] decimal: 400.00 XaxisMotorSpeed added to the Settings Form.
11/7/2024 10:53:05 [Information] decimal: 0.00 XaxisStepperCurrent added to the Settings Form.
11/7/2024 10:53:05 [Information] decimal: 0.00 XaxisStepperMove added to the Settings Form.
11/7/2024 10:53:05 [Information] XCOM1: XComPort added to the Settings Form.
11/7/2024 10:53:05 [Information] XCOM2: XComPort added to the Settings Form.
11/7/2024 10:53:05 [Information] XCOM3: XComPort added to the Settings Form.
11/7/2024 10:53:05 [Information] XCOM4: XComPort added to the Settings Form.
11/7/2024 10:53:05 [Information] XCOM5: XComPort added to the Settings Form.
11/7/2024 10:53:05 [Information] XCOM6: XComPort added to the Settings Form.
11/7/2024 10:53:05 [Information] XCOM7: XComPort added to the Settings Form.
11/7/2024 10:53:05 [Information] XCOM8: XComPort added to the Settings Form.
11/7/2024 10:53:05 [Information] XCOM9: XComPort added to the Settings Form.
11/7/2024 10:53:05 [Information] XCOM10: XComPort added to the Settings Form.
11/7/2024 10:53:05 [Information] decimal: 50.00 YaxisAcceleration added to the Settings Form.
11/7/2024 10:53:05 [Information] bool: False YaxisChanged added to the Settings Form.
11/7/2024 10:53:05 [Information] decimal: 400.00 YaxisMotorSpeed added to the Settings Form.
11/7/2024 10:53:05 [Information] decimal: 0.00 YaxisStepperCurrent added to the Settings Form.
11/7/2024 10:53:05 [Information] decimal: 0.00 YaxisStepperMove added to the Settings Form.
11/7/2024 10:53:05 [Information] YCOM1: YComPort added to the Settings Form.
11/7/2024 10:53:05 [Information] YCOM2: YComPort added to the Settings Form.
11/7/2024 10:53:05 [Information] YCOM3: YComPort added to the Settings Form.
11/7/2024 10:53:05 [Information] YCOM4: YComPort added to the Settings Form.
11/7/2024 10:53:05 [Information] YCOM5: YComPort added to the Settings Form.
11/7/2024 10:53:05 [Information] YCOM6: YComPort added to the Settings Form.
11/7/2024 10:53:05 [Information] YCOM7: YComPort added to the Settings Form.
11/7/2024 10:53:05 [Information] YCOM8: YComPort added to the Settings Form.
11/7/2024 10:53:05 [Information] YCOM9: YComPort added to the Settings Form.
11/7/2024 10:53:05 [Information] YCOM10: YComPort added to the Settings Form.
11/7/2024 10:53:05 [Information] decimal: 50.00 ZaxisAcceleration added to the Settings Form.
11/7/2024 10:53:05 [Information] bool: False ZaxisChanged added to the Settings Form.
11/7/2024 10:53:05 [Information] decimal: 400.00 ZaxisMotorSpeed added to the Settings Form.
11/7/2024 10:53:05 [Information] decimal: 0.00 ZaxisStepperCurrent added to the Settings Form.
11/7/2024 10:53:05 [Information] decimal: 0.00 ZaxisStepperMove added to the Settings Form.
11/7/2024 10:53:05 [Information] ZCOM1: ZComPort added to the Settings Form.
11/7/2024 10:53:05 [Information] ZCOM2: ZComPort added to the Settings Form.
11/7/2024 10:53:05 [Information] ZCOM3: ZComPort added to the Settings Form.
11/7/2024 10:53:05 [Information] ZCOM4: ZComPort added to the Settings Form.
11/7/2024 10:53:05 [Information] ZCOM5: ZComPort added to the Settings Form.
11/7/2024 10:53:05 [Information] ZCOM6: ZComPort added to the Settings Form.
11/7/2024 10:53:05 [Information] ZCOM7: ZComPort added to the Settings Form.
11/7/2024 10:53:05 [Information] ZCOM8: ZComPort added to the Settings Form.
11/7/2024 10:53:05 [Information] ZCOM9: ZComPort added to the Settings Form.
11/7/2024 10:53:05 [Information] ZCOM10: ZComPort added to the Settings Form.
11/7/2024 10:53:05 [Information] int: 0 zeroXaxis added to the Settings Form.
11/7/2024 10:53:05 [Information] int: 0 zeroYaxis added to the Settings Form.
11/7/2024 10:53:05 [Information] int: 0 zeroZaxis added to the Settings Form.
11/7/2024 10:53:05 [Information] Stepper Motor Controller MainWindow loaded
11/7/2024 10:53:05 [Information] Set MainWindow Media Brushes to White.
11/7/2024 10:53:16 [Information] Z Axis mouse controlled Keypad returned: 4.00
11/7/2024 10:53:17 [Information] Z Axis Run button clicked:
11/7/2024 10:53:17 [Information] Z Axis MotorMovementSeconds decimal: (4.00 / 4) / 2 = 0.50
11/7/2024 10:53:17 [Information] Z Axis myMovementTimer int: 1000 * 0.50 = 0
11/7/2024 10:53:27 [Information] Z Axis Run Event: Z,8.00,400.00,0,0.00,400.00,0,4.00,400.00,0
11/7/2024 10:53:27 [Information] Z Axis Current Time: 10:53:27 + 0 = 10:53:27
11/7/2024 10:53:27 [Information] Stepper Motor Controller Enable Z Axis controls after moving to location.
11/7/2024 10:53:27 [Information] Stepper Motor Controller Stopwatch Stopped.
11/7/2024 10:53:27 [Information] Stepper Motor Controller Timer Stopped.
11/7/2024 10:53:27 [Information] Stepper Motor Controller Stopwatch Reset.
11/7/2024 10:53:33 [Information] Z Axis Run button clicked:
11/7/2024 10:53:33 [Information] Z Axis MotorMovementSeconds decimal: (4.00 / 4) / 2 = 0.50
11/7/2024 10:53:33 [Information] Z Axis myMovementTimer int: 1000 * 0.50 = 0
11/7/2024 10:54:16 [Information] Z Axis Run Event: Z,8.00,400.00,0,0.00,400.00,0,4.00,400.00,0
11/7/2024 10:54:16 [Information] Z Axis Current Time: 10:54:16 + 0 = 10:54:16
11/7/2024 10:54:16 [Information] Stepper Motor Controller Enable Z Axis controls after moving to location.
11/7/2024 10:54:16 [Information] Stepper Motor Controller Stopwatch Stopped.
11/7/2024 10:54:16 [Information] Stepper Motor Controller Timer Stopped.
11/7/2024 10:54:16 [Information] Stepper Motor Controller Stopwatch Reset.
11/7/2024 10:54:26 [Information] X Axis mouse controlled Keypad returned: 4.00
11/7/2024 10:54:30 [Information] X Axis Run button clicked:
11/7/2024 10:54:30 [Information] X Axis MotorMovementSeconds decimal: (4.00 / 4) / 2 = 0.50
11/7/2024 10:54:30 [Information] X Axis myMovementTimer int: 1000 * 0.50 = 0
11/7/2024 10:54:43 [Information] X Axis error occurred: The port is closed.
11/7/2024 10:54:58 [Information] Updated X Zero.IsChecked status to 1 and Y,Z Zero.IsChecked status to 0.
11/7/2024 10:55:00 [Information] X Axis Run button clicked:
11/7/2024 10:55:00 [Information] X Axis error occurred: The port is closed.
11/7/2024 10:55:09 [Information] Z Axis mouse controlled Keypad returned: 8.00
11/7/2024 10:55:10 [Information] Z Axis Run button clicked:
11/7/2024 10:55:10 [Information] Z Axis MotorMovementSeconds decimal: (8.00 / 4) / 2 = 1.00
11/7/2024 10:55:10 [Information] Z Axis myMovementTimer int: 1000 * 1.00 = 1000
11/7/2024 10:55:38 [Information] Z Axis Run Event: Z,16.00,400.00,1,0.00,400.00,0,8.00,400.00,0
11/7/2024 10:55:38 [Information] Z Axis Current Time: 10:55:38 + 1000 = 10:55:39
11/7/2024 10:55:38 [Information] Stepper Motor Controller Disable Z Axis controls while moving to location.
11/7/2024 10:55:38 [Information] Time remaining: 00:00:00 targetEndTime = 10:55:39
11/7/2024 10:55:38 [Information] Stepper Motor Controller Disable Z Axis controls while moving to location.
11/7/2024 10:55:38 [Information] Time remaining: 00:00:00 targetEndTime = 10:55:39
11/7/2024 10:55:38 [Information] Stepper Motor Controller Disable Z Axis controls while moving to location.
11/7/2024 10:55:38 [Information] Time remaining: 00:00:00 targetEndTime = 10:55:39
11/7/2024 10:55:38 [Information] Stepper Motor Controller Disable Z Axis controls while moving to location.
11/7/2024 10:55:38 [Information] Time remaining: 00:00:00 targetEndTime = 10:55:39
11/7/2024 10:55:38 [Information] Stepper Motor Controller Disable Z Axis controls while moving to location.
11/7/2024 10:55:38 [Information] Time remaining: 00:00:00 targetEndTime = 10:55:39
11/7/2024 10:55:38 [Information] Stepper Motor Controller Disable Z Axis controls while moving to location.
11/7/2024 10:55:38 [Information] Time remaining: 00:00:00 targetEndTime = 10:55:39
11/7/2024 10:55:38 [Information] Stepper Motor Controller Disable Z Axis controls while moving to location.
11/7/2024 10:55:38 [Information] Time remaining: 00:00:00 targetEndTime = 10:55:39
11/7/2024 10:55:38 [Information] Stepper Motor Controller Disable Z Axis controls while moving to location.
11/7/2024 10:55:38 [Information] Time remaining: 00:00:00 targetEndTime = 10:55:39
11/7/2024 10:55:38 [Information] Stepper Motor Controller Disable Z Axis controls while moving to location.
11/7/2024 10:55:38 [Information] Time remaining: 00:00:00 targetEndTime = 10:55:39
11/7/2024 10:55:38 [Information] Stepper Motor Controller Disable Z Axis controls while moving to location.
11/7/2024 10:55:38 [Information] Time remaining: 00:00:00 targetEndTime = 10:55:39
11/7/2024 10:55:38 [Information] Stepper Motor Controller Disable Z Axis controls while moving to location.
11/7/2024 10:55:38 [Information] Time remaining: 00:00:00 targetEndTime = 10:55:39
11/7/2024 10:55:38 [Information] Stepper Motor Controller Disable Z Axis controls while moving to location.
11/7/2024 10:55:38 [Information] Time remaining: 00:00:00 targetEndTime = 10:55:39
11/7/2024 10:55:38 [Information] Stepper Motor Controller Disable Z Axis controls while moving to location.
11/7/2024 10:55:38 [Information] Time remaining: 00:00:00 targetEndTime = 10:55:39
11/7/2024 10:55:38 [Information] Stepper Motor Controller Disable Z Axis controls while moving to location.
11/7/2024 10:55:38 [Information] Time remaining: 00:00:00 targetEndTime = 10:55:39
11/7/2024 10:55:38 [Information] Stepper Motor Controller Disable Z Axis controls while moving to location.
11/7/2024 10:55:38 [Information] Time remaining: 00:00:00 targetEndTime = 10:55:39
11/7/2024 10:55:38 [Information] Stepper Motor Controller Disable Z Axis controls while moving to location.
11/7/2024 10:55:38 [Information] Time remaining: 00:00:00 targetEndTime = 10:55:39
11/7/2024 10:55:38 [Information] Stepper Motor Controller Disable Z Axis controls while moving to location.
11/7/2024 10:55:38 [Information] Time remaining: 00:00:00 targetEndTime = 10:55:39
11/7/2024 10:55:38 [Information] Stepper Motor Controller Disable Z Axis controls while moving to location.
11/7/2024 10:55:38 [Information] Time remaining: 00:00:00 targetEndTime = 10:55:39
11/7/2024 10:55:38 [Information] Stepper Motor Controller Disable Z Axis controls while moving to location.
11/7/2024 10:55:38 [Information] Time remaining: 00:00:00 targetEndTime = 10:55:39
11/7/2024 10:55:38 [Information] Stepper Motor Controller Disable Z Axis controls while moving to location.
11/7/2024 10:55:38 [Information] Time remaining: 00:00:00 targetEndTime = 10:55:39
11/7/2024 10:55:38 [Information] Stepper Motor Controller Disable Z Axis controls while moving to location.
11/7/2024 10:55:38 [Information] Time remaining: 00:00:00 targetEndTime = 10:55:39
11/7/2024 10:55:38 [Information] Stepper Motor Controller Disable Z Axis controls while moving to location.
11/7/2024 10:55:38 [Information] Time remaining: 00:00:00 targetEndTime = 10:55:39
11/7/2024 10:55:38 [Information] Stepper Motor Controller Disable Z Axis controls while moving to location.
11/7/2024 10:55:38 [Information] Time remaining: 00:00:00 targetEndTime = 10:55:39
11/7/2024 10:55:38 [Information] Stepper Motor Controller Disable Z Axis controls while moving to location.
11/7/2024 10:55:39 [Information] Time remaining: 00:00:00 targetEndTime = 10:55:39
11/7/2024 10:55:39 [Information] Stepper Motor Controller Disable Z Axis controls while moving to location.
11/7/2024 10:55:39 [Information] Time remaining: 00:00:00 targetEndTime = 10:55:39
11/7/2024 10:55:39 [Information] Stepper Motor Controller Disable Z Axis controls while moving to location.
11/7/2024 10:55:39 [Information] Time remaining: 00:00:00 targetEndTime = 10:55:39
11/7/2024 10:55:39 [Information] Stepper Motor Controller Disable Z Axis controls while moving to location.
11/7/2024 10:55:39 [Information] Time remaining: 00:00:00 targetEndTime = 10:55:39
11/7/2024 10:55:39 [Information] Stepper Motor Controller Disable Z Axis controls while moving to location.
11/7/2024 10:55:39 [Information] Time remaining: 00:00:00 targetEndTime = 10:55:39
11/7/2024 10:55:39 [Information] Stepper Motor Controller Disable Z Axis controls while moving to location.
11/7/2024 10:55:39 [Information] Time remaining: 00:00:00 targetEndTime = 10:55:39
11/7/2024 10:55:39 [Information] Stepper Motor Controller Disable Z Axis controls while moving to location.
11/7/2024 10:55:39 [Information] Time remaining: 00:00:00 targetEndTime = 10:55:39
11/7/2024 10:55:39 [Information] Stepper Motor Controller Disable Z Axis controls while moving to location.
11/7/2024 10:55:39 [Information] Time remaining: 00:00:00 targetEndTime = 10:55:39
11/7/2024 10:55:39 [Information] Stepper Motor Controller Disable Z Axis controls while moving to location.
11/7/2024 10:55:39 [Information] Time remaining: 00:00:00 targetEndTime = 10:55:39
11/7/2024 10:55:39 [Information] Stepper Motor Controller Disable Z Axis controls while moving to location.
11/7/2024 10:55:39 [Information] Time remaining: 00:00:00 targetEndTime = 10:55:39
11/7/2024 10:55:39 [Information] Stepper Motor Controller Disable Z Axis controls while moving to location.
11/7/2024 10:55:39 [Information] Time remaining: 00:00:00 targetEndTime = 10:55:39
11/7/2024 10:55:39 [Information] Stepper Motor Controller Disable Z Axis controls while moving to location.
11/7/2024 10:55:39 [Information] Time remaining: 00:00:00 targetEndTime = 10:55:39
11/7/2024 10:55:39 [Information] Stepper Motor Controller Disable Z Axis controls while moving to location.
11/7/2024 10:55:39 [Information] Time remaining: 00:00:00 targetEndTime = 10:55:39
11/7/2024 10:55:39 [Information] Stepper Motor Controller Disable Z Axis controls while moving to location.
11/7/2024 10:55:39 [Information] Time remaining: 00:00:00 targetEndTime = 10:55:39
11/7/2024 10:55:39 [Information] Stepper Motor Controller Disable Z Axis controls while moving to location.
11/7/2024 10:55:39 [Information] Time remaining: 00:00:00 targetEndTime = 10:55:39
11/7/2024 10:55:39 [Information] Stepper Motor Controller Disable Z Axis controls while moving to location.
11/7/2024 10:55:39 [Information] Time remaining: 00:00:00 targetEndTime = 10:55:39
11/7/2024 10:55:39 [Information] Stepper Motor Controller Disable Z Axis controls while moving to location.
11/7/2024 10:55:39 [Information] Time remaining: 00:00:00 targetEndTime = 10:55:39
11/7/2024 10:55:39 [Information] Stepper Motor Controller Disable Z Axis controls while moving to location.
11/7/2024 10:55:39 [Information] Time remaining: 00:00:00 targetEndTime = 10:55:39
11/7/2024 10:55:39 [Information] Stepper Motor Controller Disable Z Axis controls while moving to location.
11/7/2024 10:55:39 [Information] Time remaining: 00:00:00 targetEndTime = 10:55:39
11/7/2024 10:55:39 [Information] Stepper Motor Controller Disable Z Axis controls while moving to location.
11/7/2024 10:55:39 [Information] Time remaining: 00:00:00 targetEndTime = 10:55:39
11/7/2024 10:55:39 [Information] Stepper Motor Controller Disable Z Axis controls while moving to location.
11/7/2024 10:55:39 [Information] Time remaining: 00:00:00 targetEndTime = 10:55:39
11/7/2024 10:55:39 [Information] Stepper Motor Controller Disable Z Axis controls while moving to location.
11/7/2024 10:55:39 [Information] Time remaining: 00:00:00 targetEndTime = 10:55:39
11/7/2024 10:55:39 [Information] Stepper Motor Controller Disable Z Axis controls while moving to location.
11/7/2024 10:55:39 [Information] Time remaining: 00:00:00 targetEndTime = 10:55:39
11/7/2024 10:55:39 [Information] Stepper Motor Controller Disable Z Axis controls while moving to location.
11/7/2024 10:55:39 [Information] Time remaining: 00:00:00 targetEndTime = 10:55:39
11/7/2024 10:55:39 [Information] Stepper Motor Controller Disable Z Axis controls while moving to location.
11/7/2024 10:55:39 [Information] Time remaining: 00:00:00 targetEndTime = 10:55:39
11/7/2024 10:55:39 [Information] Stepper Motor Controller Disable Z Axis controls while moving to location.
11/7/2024 10:55:39 [Information] Time remaining: 00:00:00 targetEndTime = 10:55:39
11/7/2024 10:55:39 [Information] Stepper Motor Controller Disable Z Axis controls while moving to location.
11/7/2024 10:55:39 [Information] Time remaining: 00:00:00 targetEndTime = 10:55:39
11/7/2024 10:55:39 [Information] Stepper Motor Controller Disable Z Axis controls while moving to location.
11/7/2024 10:55:39 [Information] Time remaining: 00:00:00 targetEndTime = 10:55:39
11/7/2024 10:55:39 [Information] Stepper Motor Controller Disable Z Axis controls while moving to location.
11/7/2024 10:55:39 [Information] Time remaining: 00:00:00 targetEndTime = 10:55:39
11/7/2024 10:55:39 [Information] Stepper Motor Controller Disable Z Axis controls while moving to location.
11/7/2024 10:55:39 [Information] Time remaining: 00:00:00 targetEndTime = 10:55:39
11/7/2024 10:55:39 [Information] Stepper Motor Controller Disable Z Axis controls while moving to location.
11/7/2024 10:55:39 [Information] Time remaining: 00:00:00 targetEndTime = 10:55:39
11/7/2024 10:55:39 [Information] Stepper Motor Controller Disable Z Axis controls while moving to location.
11/7/2024 10:55:39 [Information] Time remaining: 00:00:00 targetEndTime = 10:55:39
11/7/2024 10:55:39 [Information] Stepper Motor Controller Disable Z Axis controls while moving to location.
11/7/2024 10:55:39 [Information] Time remaining: 00:00:00 targetEndTime = 10:55:39
11/7/2024 10:55:39 [Information] Stepper Motor Controller Disable Z Axis controls while moving to location.
11/7/2024 10:55:39 [Information] Time remaining: 00:00:00 targetEndTime = 10:55:39
11/7/2024 10:55:39 [Information] Stepper Motor Controller Disable Z Axis controls while moving to location.
11/7/2024 10:55:39 [Information] Time remaining: 00:00:00 targetEndTime = 10:55:39
11/7/2024 10:55:39 [Information] Stepper Motor Controller Disable Z Axis controls while moving to location.
11/7/2024 10:55:39 [Information] Time remaining: 00:00:00 targetEndTime = 10:55:39
11/7/2024 10:55:39 [Information] Stepper Motor Controller Enable Z Axis controls after moving to location.
11/7/2024 10:55:39 [Information] Stepper Motor Controller Stopwatch Stopped.
11/7/2024 10:55:39 [Information] Stepper Motor Controller Timer Stopped.
11/7/2024 10:55:39 [Information] Stepper Motor Controller Stopwatch Reset.
11/7/2024 10:55:44 [Information] Z Axis Run button clicked:
11/7/2024 10:55:44 [Information] Z Axis MotorMovementSeconds decimal: (8.00 / 4) / 2 = 1.00
11/7/2024 10:55:44 [Information] Z Axis myMovementTimer int: 1000 * 1.00 = 1000
11/7/2024 10:55:59 [Information] Z Axis Run Event: Z,16.00,400.00,1,0.00,400.00,0,8.00,400.00,0
11/7/2024 10:55:59 [Information] Z Axis Current Time: 10:55:59 + 1000 = 10:56:00
11/7/2024 10:55:59 [Information] Stepper Motor Controller Disable Z Axis controls while moving to location.
11/7/2024 10:55:59 [Information] Time remaining: 00:00:00 targetEndTime = 10:56:00
11/7/2024 10:55:59 [Information] Stepper Motor Controller Disable Z Axis controls while moving to location.
11/7/2024 10:55:59 [Information] Time remaining: 00:00:00 targetEndTime = 10:56:00
11/7/2024 10:55:59 [Information] Stepper Motor Controller Disable Z Axis controls while moving to location.
11/7/2024 10:55:59 [Information] Time remaining: 00:00:00 targetEndTime = 10:56:00
11/7/2024 10:55:59 [Information] Stepper Motor Controller Disable Z Axis controls while moving to location.
11/7/2024 10:55:59 [Information] Time remaining: 00:00:00 targetEndTime = 10:56:00
11/7/2024 10:55:59 [Information] Stepper Motor Controller Disable Z Axis controls while moving to location.
11/7/2024 10:55:59 [Information] Time remaining: 00:00:00 targetEndTime = 10:56:00
11/7/2024 10:55:59 [Information] Stepper Motor Controller Disable Z Axis controls while moving to location.
11/7/2024 10:55:59 [Information] Time remaining: 00:00:00 targetEndTime = 10:56:00
11/7/2024 10:55:59 [Information] Stepper Motor Controller Disable Z Axis controls while moving to location.
11/7/2024 10:55:59 [Information] Time remaining: 00:00:00 targetEndTime = 10:56:00
11/7/2024 10:55:59 [Information] Stepper Motor Controller Disable Z Axis controls while moving to location.
11/7/2024 10:55:59 [Information] Time remaining: 00:00:00 targetEndTime = 10:56:00
11/7/2024 10:55:59 [Information] Stepper Motor Controller Disable Z Axis controls while moving to location.
11/7/2024 10:55:59 [Information] Time remaining: 00:00:00 targetEndTime = 10:56:00
11/7/2024 10:55:59 [Information] Stepper Motor Controller Disable Z Axis controls while moving to location.
11/7/2024 10:55:59 [Information] Time remaining: 00:00:00 targetEndTime = 10:56:00
11/7/2024 10:55:59 [Information] Stepper Motor Controller Disable Z Axis controls while moving to location.
11/7/2024 10:55:59 [Information] Time remaining: 00:00:00 targetEndTime = 10:56:00
11/7/2024 10:55:59 [Information] Stepper Motor Controller Disable Z Axis controls while moving to location.
11/7/2024 10:55:59 [Information] Time remaining: 00:00:00 targetEndTime = 10:56:00
11/7/2024 10:55:59 [Information] Stepper Motor Controller Disable Z Axis controls while moving to location.
11/7/2024 10:55:59 [Information] Time remaining: 00:00:00 targetEndTime = 10:56:00
11/7/2024 10:55:59 [Information] Stepper Motor Controller Disable Z Axis controls while moving to location.
11/7/2024 10:55:59 [Information] Time remaining: 00:00:00 targetEndTime = 10:56:00
11/7/2024 10:55:59 [Information] Stepper Motor Controller Disable Z Axis controls while moving to location.
11/7/2024 10:55:59 [Information] Time remaining: 00:00:00 targetEndTime = 10:56:00
11/7/2024 10:55:59 [Information] Stepper Motor Controller Disable Z Axis controls while moving to location.
11/7/2024 10:55:59 [Information] Time remaining: 00:00:00 targetEndTime = 10:56:00
11/7/2024 10:55:59 [Information] Stepper Motor Controller Disable Z Axis controls while moving to location.
11/7/2024 10:55:59 [Information] Time remaining: 00:00:00 targetEndTime = 10:56:00
11/7/2024 10:55:59 [Information] Stepper Motor Controller Disable Z Axis controls while moving to location.
11/7/2024 10:55:59 [Information] Time remaining: 00:00:00 targetEndTime = 10:56:00
11/7/2024 10:55:59 [Information] Stepper Motor Controller Disable Z Axis controls while moving to location.
11/7/2024 10:55:59 [Information] Time remaining: 00:00:00 targetEndTime = 10:56:00
11/7/2024 10:55:59 [Information] Stepper Motor Controller Disable Z Axis controls while moving to location.
11/7/2024 10:55:59 [Information] Time remaining: 00:00:00 targetEndTime = 10:56:00
11/7/2024 10:55:59 [Information] Stepper Motor Controller Disable Z Axis controls while moving to location.
11/7/2024 10:55:59 [Information] Time remaining: 00:00:00 targetEndTime = 10:56:00
11/7/2024 10:55:59 [Information] Stepper Motor Controller Disable Z Axis controls while moving to location.
11/7/2024 10:55:59 [Information] Time remaining: 00:00:00 targetEndTime = 10:56:00
11/7/2024 10:55:59 [Information] Stepper Motor Controller Disable Z Axis controls while moving to location.
11/7/2024 10:55:59 [Information] Time remaining: 00:00:00 targetEndTime = 10:56:00
11/7/2024 10:55:59 [Information] Stepper Motor Controller Disable Z Axis controls while moving to location.
11/7/2024 10:55:59 [Information] Time remaining: 00:00:00 targetEndTime = 10:56:00
11/7/2024 10:55:59 [Information] Stepper Motor Controller Disable Z Axis controls while moving to location.
11/7/2024 10:55:59 [Information] Time remaining: 00:00:00 targetEndTime = 10:56:00
11/7/2024 10:55:59 [Information] Stepper Motor Controller Disable Z Axis controls while moving to location.
11/7/2024 10:55:59 [Information] Time remaining: 00:00:00 targetEndTime = 10:56:00
11/7/2024 10:55:59 [Information] Stepper Motor Controller Disable Z Axis controls while moving to location.
11/7/2024 10:55:59 [Information] Time remaining: 00:00:00 targetEndTime = 10:56:00
11/7/2024 10:55:59 [Information] Stepper Motor Controller Disable Z Axis controls while moving to location.
11/7/2024 10:55:59 [Information] Time remaining: 00:00:00 targetEndTime = 10:56:00
11/7/2024 10:55:59 [Information] Stepper Motor Controller Disable Z Axis controls while moving to location.
11/7/2024 10:55:59 [Information] Time remaining: 00:00:00 targetEndTime = 10:56:00
11/7/2024 10:55:59 [Information] Stepper Motor Controller Disable Z Axis controls while moving to location.
11/7/2024 10:55:59 [Information] Time remaining: 00:00:00 targetEndTime = 10:56:00
11/7/2024 10:55:59 [Information] Stepper Motor Controller Disable Z Axis controls while moving to location.
11/7/2024 10:55:59 [Information] Time remaining: 00:00:00 targetEndTime = 10:56:00
11/7/2024 10:55:59 [Information] Stepper Motor Controller Disable Z Axis controls while moving to location.
11/7/2024 10:55:59 [Information] Time remaining: 00:00:00 targetEndTime = 10:56:00
11/7/2024 10:55:59 [Information] Stepper Motor Controller Disable Z Axis controls while moving to location.
11/7/2024 10:55:59 [Information] Time remaining: 00:00:00 targetEndTime = 10:56:00
11/7/2024 10:55:59 [Information] Stepper Motor Controller Disable Z Axis controls while moving to location.
11/7/2024 10:55:59 [Information] Time remaining: 00:00:00 targetEndTime = 10:56:00
11/7/2024 10:55:59 [Information] Stepper Motor Controller Disable Z Axis controls while moving to location.
11/7/2024 10:55:59 [Information] Time remaining: 00:00:00 targetEndTime = 10:56:00
11/7/2024 10:55:59 [Information] Stepper Motor Controller Disable Z Axis controls while moving to location.
11/7/2024 10:55:59 [Information] Time remaining: 00:00:00 targetEndTime = 10:56:00
11/7/2024 10:55:59 [Information] Stepper Motor Controller Disable Z Axis controls while moving to location.
11/7/2024 10:55:59 [Information] Time remaining: 00:00:00 targetEndTime = 10:56:00
11/7/2024 10:55:59 [Information] Stepper Motor Controller Disable Z Axis controls while moving to location.
11/7/2024 10:55:59 [Information] Time remaining: 00:00:00 targetEndTime = 10:56:00
11/7/2024 10:55:59 [Information] Stepper Motor Controller Disable Z Axis controls while moving to location.
11/7/2024 10:55:59 [Information] Time remaining: 00:00:00 targetEndTime = 10:56:00
11/7/2024 10:55:59 [Information] Stepper Motor Controller Disable Z Axis controls while moving to location.
11/7/2024 10:55:59 [Information] Time remaining: 00:00:00 targetEndTime = 10:56:00
11/7/2024 10:55:59 [Information] Stepper Motor Controller Disable Z Axis controls while moving to location.
11/7/2024 10:55:59 [Information] Time remaining: 00:00:00 targetEndTime = 10:56:00
11/7/2024 10:55:59 [Information] Stepper Motor Controller Disable Z Axis controls while moving to location.
11/7/2024 10:55:59 [Information] Time remaining: 00:00:00 targetEndTime = 10:56:00
11/7/2024 10:55:59 [Information] Stepper Motor Controller Disable Z Axis controls while moving to location.
11/7/2024 10:55:59 [Information] Time remaining: 00:00:00 targetEndTime = 10:56:00
11/7/2024 10:55:59 [Information] Stepper Motor Controller Disable Z Axis controls while moving to location.
11/7/2024 10:55:59 [Information] Time remaining: 00:00:00 targetEndTime = 10:56:00
11/7/2024 10:55:59 [Information] Stepper Motor Controller Disable Z Axis controls while moving to location.
11/7/2024 10:55:59 [Information] Time remaining: 00:00:00 targetEndTime = 10:56:00
11/7/2024 10:55:59 [Information] Stepper Motor Controller Disable Z Axis controls while moving to location.
11/7/2024 10:55:59 [Information] Time remaining: 00:00:00 targetEndTime = 10:56:00
11/7/2024 10:55:59 [Information] Stepper Motor Controller Disable Z Axis controls while moving to location.
11/7/2024 10:55:59 [Information] Time remaining: 00:00:00 targetEndTime = 10:56:00
11/7/2024 10:55:59 [Information] Stepper Motor Controller Disable Z Axis controls while moving to location.
11/7/2024 10:55:59 [Information] Time remaining: 00:00:00 targetEndTime = 10:56:00
11/7/2024 10:55:59 [Information] Stepper Motor Controller Disable Z Axis controls while moving to location.
11/7/2024 10:55:59 [Information] Time remaining: 00:00:00 targetEndTime = 10:56:00
11/7/2024 10:55:59 [Information] Stepper Motor Controller Disable Z Axis controls while moving to location.
11/7/2024 10:55:59 [Information] Time remaining: 00:00:00 targetEndTime = 10:56:00
11/7/2024 10:56:00 [Information] Stepper Motor Controller Disable Z Axis controls while moving to location.
11/7/2024 10:56:00 [Information] Time remaining: 00:00:00 targetEndTime = 10:56:00
11/7/2024 10:56:00 [Information] Stepper Motor Controller Disable Z Axis controls while moving to location.
11/7/2024 10:56:00 [Information] Time remaining: 00:00:00 targetEndTime = 10:56:00
11/7/2024 10:56:00 [Information] Stepper Motor Controller Disable Z Axis controls while moving to location.
11/7/2024 10:56:00 [Information] Time remaining: 00:00:00 targetEndTime = 10:56:00
11/7/2024 10:56:00 [Information] Stepper Motor Controller Disable Z Axis controls while moving to location.
11/7/2024 10:56:00 [Information] Time remaining: 00:00:00 targetEndTime = 10:56:00
11/7/2024 10:56:00 [Information] Stepper Motor Controller Disable Z Axis controls while moving to location.
11/7/2024 10:56:00 [Information] Time remaining: 00:00:00 targetEndTime = 10:56:00
11/7/2024 10:56:00 [Information] Stepper Motor Controller Disable Z Axis controls while moving to location.
11/7/2024 10:56:00 [Information] Time remaining: 00:00:00 targetEndTime = 10:56:00
11/7/2024 10:56:00 [Information] Stepper Motor Controller Disable Z Axis controls while moving to location.
11/7/2024 10:56:00 [Information] Time remaining: 00:00:00 targetEndTime = 10:56:00
11/7/2024 10:56:00 [Information] Stepper Motor Controller Disable Z Axis controls while moving to location.
11/7/2024 10:56:00 [Information] Time remaining: 00:00:00 targetEndTime = 10:56:00
11/7/2024 10:56:00 [Information] Stepper Motor Controller Disable Z Axis controls while moving to location.
11/7/2024 10:56:00 [Information] Time remaining: 00:00:00 targetEndTime = 10:56:00
11/7/2024 10:56:00 [Information] Stepper Motor Controller Disable Z Axis controls while moving to location.
11/7/2024 10:56:00 [Information] Time remaining: 00:00:00 targetEndTime = 10:56:00
11/7/2024 10:56:00 [Information] Stepper Motor Controller Enable Z Axis controls after moving to location.
11/7/2024 10:56:00 [Information] Stepper Motor Controller Stopwatch Stopped.
11/7/2024 10:56:00 [Information] Stepper Motor Controller Timer Stopped.
11/7/2024 10:56:00 [Information] Stepper Motor Controller Stopwatch Reset.
11/7/2024 10:56:09 [Information] Z Axis mouse controlled Keypad returned: 4.00
11/7/2024 10:56:11 [Information] Z Axis Run button clicked:
11/7/2024 10:56:11 [Information] Z Axis MotorMovementSeconds decimal: (4.00 / 4) / 2 = 0.50
11/7/2024 10:56:11 [Information] Z Axis myMovementTimer int: 1000 * 0.50 = 0
11/7/2024 10:56:17 [Information] Z Axis Run Event: Z,8.00,400.00,1,0.00,400.00,0,4.00,400.00,0
11/7/2024 10:56:17 [Information] Z Axis Current Time: 10:56:17 + 0 = 10:56:17
11/7/2024 10:56:17 [Information] Stepper Motor Controller Enable Z Axis controls after moving to location.
11/7/2024 10:56:17 [Information] Stepper Motor Controller Stopwatch Stopped.
11/7/2024 10:56:17 [Information] Stepper Motor Controller Timer Stopped.
11/7/2024 10:56:17 [Information] Stepper Motor Controller Stopwatch Reset.
11/7/2024 10:56:28 [Information] Stepper Motor Controller MainWindow Closing.
11/7/2024 10:56:28 [Information] Stepper Motor Controller Serial Ports closed.
11/7/2024 10:56:28 [Information] Properties Settings Saved.
11/7/2024 10:56:28 [Information] Properties Settings Form Closed.
11/7/2024 10:56:28 [Information] Stepper Motor Controller Form Closed.
