11/13/2024 19:43:37 [Information] Stepper Motor Controller Application Started.
11/13/2024 19:43:37 [Information] Version: 3.0.9083.35502 (11/13/2024 19:43:37)
11/13/2024 19:43:37 [Information] SerialPort COM7 not connected.
11/13/2024 19:43:37 [Information] SerialPort COM8 not connected.
11/13/2024 19:43:37 [Information] SerialPort COM3 not connected.
11/13/2024 19:43:37 [Information] Stepper Motor Controller Application Started.
11/13/2024 19:43:37 [Information] Version: 3.0.9083.35502 (11/13/2024 19:43:37)
11/13/2024 19:43:37 [Information] Version: 3.1.0.35503 (11/13/2024 19:43:37)
11/13/2024 19:43:37 [Information] Version: 3.1.0.35503 (11/13/2024 19:43:37)
11/13/2024 19:43:37 [Information] Stepper Motor Controller Application Settings Window Opened.
11/13/2024 19:43:37 [Information] Stepper Motor Controller Application Settings form is rebuilt each and every time it is opened.
11/13/2024 19:43:37 [Information] int: 9600 BaudRate added to the Settings Form.
11/13/2024 19:43:37 [Information] bool: False ckbXaxisResetToZeroIsChecked added to the Settings Form.
11/13/2024 19:43:37 [Information] bool: False ckbYaxisResetToZeroIsChecked added to the Settings Form.
11/13/2024 19:43:37 [Information] bool: False ckbZaxisResetToZeroIsChecked added to the Settings Form.
11/13/2024 19:43:37 [Information] COM1: ComPort added to the Settings Form.
11/13/2024 19:43:37 [Information] COM2: ComPort added to the Settings Form.
11/13/2024 19:43:37 [Information] COM3: ComPort added to the Settings Form.
11/13/2024 19:43:37 [Information] COM4: ComPort added to the Settings Form.
11/13/2024 19:43:37 [Information] COM5: ComPort added to the Settings Form.
11/13/2024 19:43:37 [Information] COM6: ComPort added to the Settings Form.
11/13/2024 19:43:37 [Information] COM7: ComPort added to the Settings Form.
11/13/2024 19:43:37 [Information] COM8: ComPort added to the Settings Form.
11/13/2024 19:43:37 [Information] COM9: ComPort added to the Settings Form.
11/13/2024 19:43:37 [Information] COM10: ComPort added to the Settings Form.
11/13/2024 19:43:37 [Information] decimal: 4.00 Divider4_00 added to the Settings Form.
11/13/2024 19:43:37 [Information] decimal: 0.00 MathPart2Initlz added to the Settings Form.
11/13/2024 19:43:37 [Information] decimal: 1.00 MilisecondTimerInterval added to the Settings Form.
11/13/2024 19:43:37 [Information] decimal: 1000.00 MillisecondDelay added to the Settings Form.
11/13/2024 19:43:37 [Information] int: 1000 Milliseconds added to the Settings Form.
11/13/2024 19:43:37 [Information] int: 4 mmPerRevolution added to the Settings Form.
11/13/2024 19:43:37 [Information] int: 2000 ThreadSleep added to the Settings Form.
11/13/2024 19:43:37 [Information] decimal: 0.00 Value_0_00 added to the Settings Form.
11/13/2024 19:43:37 [Information] decimal: 50.00 XaxisAcceleration added to the Settings Form.
11/13/2024 19:43:37 [Information] bool: False XaxisChanged added to the Settings Form.
11/13/2024 19:43:37 [Information] decimal: 400.00 XaxisMotorSpeed added to the Settings Form.
11/13/2024 19:43:37 [Information] decimal: 0.00 XaxisStepperCurrent added to the Settings Form.
11/13/2024 19:43:37 [Information] decimal: 0.00 XaxisStepperMove added to the Settings Form.
11/13/2024 19:43:37 [Information] XCOM1: XComPort added to the Settings Form.
11/13/2024 19:43:37 [Information] XCOM2: XComPort added to the Settings Form.
11/13/2024 19:43:37 [Information] XCOM3: XComPort added to the Settings Form.
11/13/2024 19:43:37 [Information] XCOM4: XComPort added to the Settings Form.
11/13/2024 19:43:37 [Information] XCOM5: XComPort added to the Settings Form.
11/13/2024 19:43:37 [Information] XCOM6: XComPort added to the Settings Form.
11/13/2024 19:43:37 [Information] XCOM7: XComPort added to the Settings Form.
11/13/2024 19:43:37 [Information] XCOM8: XComPort added to the Settings Form.
11/13/2024 19:43:37 [Information] XCOM9: XComPort added to the Settings Form.
11/13/2024 19:43:37 [Information] XCOM10: XComPort added to the Settings Form.
11/13/2024 19:43:37 [Information] decimal: 50.00 YaxisAcceleration added to the Settings Form.
11/13/2024 19:43:37 [Information] bool: False YaxisChanged added to the Settings Form.
11/13/2024 19:43:37 [Information] decimal: 400.00 YaxisMotorSpeed added to the Settings Form.
11/13/2024 19:43:37 [Information] decimal: 0.00 YaxisStepperCurrent added to the Settings Form.
11/13/2024 19:43:37 [Information] decimal: 0.00 YaxisStepperMove added to the Settings Form.
11/13/2024 19:43:37 [Information] YCOM1: YComPort added to the Settings Form.
11/13/2024 19:43:37 [Information] YCOM2: YComPort added to the Settings Form.
11/13/2024 19:43:37 [Information] YCOM3: YComPort added to the Settings Form.
11/13/2024 19:43:37 [Information] YCOM4: YComPort added to the Settings Form.
11/13/2024 19:43:37 [Information] YCOM5: YComPort added to the Settings Form.
11/13/2024 19:43:37 [Information] YCOM6: YComPort added to the Settings Form.
11/13/2024 19:43:37 [Information] YCOM7: YComPort added to the Settings Form.
11/13/2024 19:43:37 [Information] YCOM8: YComPort added to the Settings Form.
11/13/2024 19:43:37 [Information] YCOM9: YComPort added to the Settings Form.
11/13/2024 19:43:37 [Information] YCOM10: YComPort added to the Settings Form.
11/13/2024 19:43:37 [Information] decimal: 50.00 ZaxisAcceleration added to the Settings Form.
11/13/2024 19:43:37 [Information] bool: False ZaxisChanged added to the Settings Form.
11/13/2024 19:43:37 [Information] decimal: 400.00 ZaxisMotorSpeed added to the Settings Form.
11/13/2024 19:43:37 [Information] decimal: 0.00 ZaxisStepperCurrent added to the Settings Form.
11/13/2024 19:43:37 [Information] decimal: 0.00 ZaxisStepperMove added to the Settings Form.
11/13/2024 19:43:37 [Information] ZCOM1: ZComPort added to the Settings Form.
11/13/2024 19:43:37 [Information] ZCOM2: ZComPort added to the Settings Form.
11/13/2024 19:43:37 [Information] ZCOM3: ZComPort added to the Settings Form.
11/13/2024 19:43:37 [Information] ZCOM4: ZComPort added to the Settings Form.
11/13/2024 19:43:37 [Information] ZCOM5: ZComPort added to the Settings Form.
11/13/2024 19:43:37 [Information] ZCOM6: ZComPort added to the Settings Form.
11/13/2024 19:43:37 [Information] ZCOM7: ZComPort added to the Settings Form.
11/13/2024 19:43:37 [Information] ZCOM8: ZComPort added to the Settings Form.
11/13/2024 19:43:37 [Information] ZCOM9: ZComPort added to the Settings Form.
11/13/2024 19:43:37 [Information] ZCOM10: ZComPort added to the Settings Form.
11/13/2024 19:43:37 [Information] int: 0 zeroXaxis added to the Settings Form.
11/13/2024 19:43:37 [Information] int: 0 zeroYaxis added to the Settings Form.
11/13/2024 19:43:37 [Information] int: 0 zeroZaxis added to the Settings Form.
11/13/2024 19:43:38 [Information] Stepper Motor Controller MainWindow loaded
11/13/2024 19:43:38 [Information] Set MainWindow Media Brushes to White.
11/13/2024 19:43:44 [Information] Z Axis mouse controlled Keypad returned: 4.00
11/13/2024 19:43:46 [Information] Z Axis Run button clicked:
11/13/2024 19:43:46 [Information] Z Axis MotorMovementSeconds decimal: (4.00 / 4) / 2 = 0.50
11/13/2024 19:43:46 [Information] Z Axis error occurred: The port is closed.
11/13/2024 19:43:51 [Information] Stepper Motor Controller Loading Application Settings form.
11/13/2024 19:43:55 [Information] Stepper Motor Controller Application Settings Saved after control lost focus.
11/13/2024 19:43:55 [Information] ZComPort: values for ZComPort Saved to the Settings.
11/13/2024 19:43:55 [Information] Stepper Motor Controller Application Settings Saved after control lost focus.
11/13/2024 19:43:55 [Information] ZComPort: values for ZComPort Saved to the Settings.
11/13/2024 19:43:55 [Information] Stepper Motor Controller Application Settings Saved after control lost focus.
11/13/2024 19:43:55 [Information] ZComPort: values for ZComPort Saved to the Settings.
11/13/2024 19:43:55 [Information] Stepper Motor Controller Application Settings Saved after control lost focus.
11/13/2024 19:43:55 [Information] ZComPort: values for ZComPort Saved to the Settings.
11/13/2024 19:43:55 [Information] Stepper Motor Controller Application Settings Saved after control lost focus.
11/13/2024 19:43:55 [Information] ZComPort: values for ZComPort Saved to the Settings.
11/13/2024 19:43:55 [Information] Stepper Motor Controller Application Settings Saved after control lost focus.
11/13/2024 19:43:55 [Information] ZComPort: values for ZComPort Saved to the Settings.
11/13/2024 19:43:55 [Information] Stepper Motor Controller Application Settings Saved after control lost focus.
11/13/2024 19:43:55 [Information] ZComPort: values for ZComPort Saved to the Settings.
11/13/2024 19:43:55 [Information] Stepper Motor Controller Application Settings Saved after control lost focus.
11/13/2024 19:43:55 [Information] ZComPort: values for ZComPort Saved to the Settings.
11/13/2024 19:43:55 [Information] Stepper Motor Controller Application Settings Saved after control lost focus.
11/13/2024 19:43:55 [Information] ZComPort: values for ZComPort Saved to the Settings.
11/13/2024 19:43:55 [Information] Stepper Motor Controller Application Settings Saved after control lost focus.
11/13/2024 19:43:55 [Information] ZComPort: values for ZComPort Saved to the Settings.
11/13/2024 19:43:56 [Information] Stepper Motor Controller Application Settings Saved after control lost focus.
11/13/2024 19:43:56 [Information] ZComPort: values for ZComPort Saved to the Settings.
11/13/2024 19:43:56 [Information] Stepper Motor Controller Application Settings Saved after control lost focus.
11/13/2024 19:43:56 [Information] ZComPort: values for ZComPort Saved to the Settings.
11/13/2024 19:43:58 [Information] Stepper Motor Controller Application Settings Saved after control lost focus.
11/13/2024 19:43:58 [Information] ZComPort: values for ZComPort Saved to the Settings.
11/13/2024 19:43:58 [Information] Stepper Motor Controller Application Settings Saved.
11/13/2024 19:44:01 [Information] Z Axis Run button clicked:
11/13/2024 19:44:01 [Information] Z Axis MotorMovementSeconds decimal: (4.00 / 4) / 2 = 0.50
11/13/2024 19:44:02 [Information] Z Axis Run Event: Z,0.00,400.00,0,0.00,400.00,0,4.00,400.00,0
11/13/2024 19:44:02 [Information] Z Axis Current Time: 07:44:02 + 0 = 07:44:02
11/13/2024 19:44:02 [Information] Stepper Motor Controller Enable Z Axis controls after moving to location.
11/13/2024 19:44:02 [Information] Stepper Motor Controller Stopwatch Stopped.
11/13/2024 19:44:02 [Information] Stepper Motor Controller Timer Stopped.
11/13/2024 19:44:02 [Information] Stepper Motor Controller Stopwatch Reset.
11/13/2024 19:44:08 [Information] Z Axis Run button clicked:
11/13/2024 19:44:08 [Information] Z Axis MotorMovementSeconds decimal: (4.00 / 4) / 2 = 0.50
11/13/2024 19:44:09 [Information] Z Axis Run Event: Z,0.00,400.00,0,0.00,400.00,0,4.00,400.00,0
11/13/2024 19:44:09 [Information] Z Axis Current Time: 07:44:09 + 0 = 07:44:09
11/13/2024 19:44:09 [Information] Stepper Motor Controller Enable Z Axis controls after moving to location.
11/13/2024 19:44:09 [Information] Stepper Motor Controller Stopwatch Stopped.
11/13/2024 19:44:09 [Information] Stepper Motor Controller Timer Stopped.
11/13/2024 19:44:09 [Information] Stepper Motor Controller Stopwatch Reset.
11/13/2024 19:44:15 [Information] Stepper Motor Controller MainWindow Closing.
11/13/2024 19:44:15 [Information] Stepper Motor Controller Serial Ports closed.
11/13/2024 19:44:15 [Information] Properties Settings Saved.
11/13/2024 19:44:15 [Information] Properties Settings Form Closed.
11/13/2024 19:44:15 [Information] Stepper Motor Controller Form Closed.
