11/5/2024 10:28:42 [Information] Stepper Motor Controller Application Started.
11/5/2024 10:28:42 [Information] Version: 3.0.9075.18856 (11/5/2024 10:28:42)
11/5/2024 10:28:42 [Information] X Axis SerialPort COM7 not connected.
11/5/2024 10:28:42 [Information] Y Axis SerialPort COM8 not connected.
11/5/2024 10:28:42 [Information] Version: 3.1.0.18857 (11/5/2024 10:28:42)
11/5/2024 10:28:42 [Information] Version: 3.1.0.18857 (11/5/2024 10:28:42)
11/5/2024 10:28:42 [Information] Stepper Motor Controller Application Settings Window Opened.
11/5/2024 10:28:42 [Information] Stepper Motor Controller Application Settings form is rebuilt each and every time it is opened.
11/5/2024 10:28:42 [Information] int: 9600 BaudRate added to the Settings Form.
11/5/2024 10:28:42 [Information] bool: False ckbXaxisResetToZeroIsChecked added to the Settings Form.
11/5/2024 10:28:42 [Information] bool: False ckbYaxisResetToZeroIsChecked added to the Settings Form.
11/5/2024 10:28:42 [Information] bool: False ckbZaxisResetToZeroIsChecked added to the Settings Form.
11/5/2024 10:28:42 [Information] COM1: ComPort added to the Settings Form.
11/5/2024 10:28:42 [Information] COM2: ComPort added to the Settings Form.
11/5/2024 10:28:42 [Information] COM3: ComPort added to the Settings Form.
11/5/2024 10:28:42 [Information] COM4: ComPort added to the Settings Form.
11/5/2024 10:28:42 [Information] COM5: ComPort added to the Settings Form.
11/5/2024 10:28:42 [Information] COM6: ComPort added to the Settings Form.
11/5/2024 10:28:42 [Information] COM7: ComPort added to the Settings Form.
11/5/2024 10:28:42 [Information] COM8: ComPort added to the Settings Form.
11/5/2024 10:28:42 [Information] COM9: ComPort added to the Settings Form.
11/5/2024 10:28:42 [Information] COM10: ComPort added to the Settings Form.
11/5/2024 10:28:42 [Information] decimal: 4.00 Divider4_00 added to the Settings Form.
11/5/2024 10:28:42 [Information] decimal: 0.00 MathPart2Initlz added to the Settings Form.
11/5/2024 10:28:42 [Information] decimal: 1.00 MilisecondTimerInterval added to the Settings Form.
11/5/2024 10:28:42 [Information] decimal: 1000.00 MillisecondDelay added to the Settings Form.
11/5/2024 10:28:42 [Information] int: 1000 Milliseconds added to the Settings Form.
11/5/2024 10:28:42 [Information] int: 4 mmPerRevolution added to the Settings Form.
11/5/2024 10:28:42 [Information] int: 2000 ThreadSleep added to the Settings Form.
11/5/2024 10:28:42 [Information] decimal: 0.00 Value_0_00 added to the Settings Form.
11/5/2024 10:28:42 [Information] decimal: 50.00 XaxisAcceleration added to the Settings Form.
11/5/2024 10:28:42 [Information] bool: False XaxisChanged added to the Settings Form.
11/5/2024 10:28:42 [Information] decimal: 400.00 XaxisMotorSpeed added to the Settings Form.
11/5/2024 10:28:42 [Information] decimal: 0.00 XaxisStepperCurrent added to the Settings Form.
11/5/2024 10:28:42 [Information] decimal: 0.00 XaxisStepperMove added to the Settings Form.
11/5/2024 10:28:42 [Information] XCOM1: XComPort added to the Settings Form.
11/5/2024 10:28:42 [Information] XCOM2: XComPort added to the Settings Form.
11/5/2024 10:28:42 [Information] XCOM3: XComPort added to the Settings Form.
11/5/2024 10:28:42 [Information] XCOM4: XComPort added to the Settings Form.
11/5/2024 10:28:42 [Information] XCOM5: XComPort added to the Settings Form.
11/5/2024 10:28:42 [Information] XCOM6: XComPort added to the Settings Form.
11/5/2024 10:28:42 [Information] XCOM7: XComPort added to the Settings Form.
11/5/2024 10:28:42 [Information] XCOM8: XComPort added to the Settings Form.
11/5/2024 10:28:42 [Information] XCOM9: XComPort added to the Settings Form.
11/5/2024 10:28:42 [Information] XCOM10: XComPort added to the Settings Form.
11/5/2024 10:28:42 [Information] decimal: 50.00 YaxisAcceleration added to the Settings Form.
11/5/2024 10:28:42 [Information] bool: False YaxisChanged added to the Settings Form.
11/5/2024 10:28:42 [Information] decimal: 400.00 YaxisMotorSpeed added to the Settings Form.
11/5/2024 10:28:42 [Information] decimal: 0.00 YaxisStepperCurrent added to the Settings Form.
11/5/2024 10:28:42 [Information] decimal: 0.00 YaxisStepperMove added to the Settings Form.
11/5/2024 10:28:42 [Information] YCOM1: YComPort added to the Settings Form.
11/5/2024 10:28:42 [Information] YCOM2: YComPort added to the Settings Form.
11/5/2024 10:28:42 [Information] YCOM3: YComPort added to the Settings Form.
11/5/2024 10:28:42 [Information] YCOM4: YComPort added to the Settings Form.
11/5/2024 10:28:42 [Information] YCOM5: YComPort added to the Settings Form.
11/5/2024 10:28:42 [Information] YCOM6: YComPort added to the Settings Form.
11/5/2024 10:28:42 [Information] YCOM7: YComPort added to the Settings Form.
11/5/2024 10:28:42 [Information] YCOM8: YComPort added to the Settings Form.
11/5/2024 10:28:42 [Information] YCOM9: YComPort added to the Settings Form.
11/5/2024 10:28:42 [Information] YCOM10: YComPort added to the Settings Form.
11/5/2024 10:28:42 [Information] decimal: 50.00 ZaxisAcceleration added to the Settings Form.
11/5/2024 10:28:42 [Information] bool: False ZaxisChanged added to the Settings Form.
11/5/2024 10:28:42 [Information] decimal: 400.00 ZaxisMotorSpeed added to the Settings Form.
11/5/2024 10:28:42 [Information] decimal: 0.00 ZaxisStepperCurrent added to the Settings Form.
11/5/2024 10:28:42 [Information] decimal: 0.00 ZaxisStepperMove added to the Settings Form.
11/5/2024 10:28:42 [Information] ZCOM1: ZComPort added to the Settings Form.
11/5/2024 10:28:42 [Information] ZCOM2: ZComPort added to the Settings Form.
11/5/2024 10:28:42 [Information] ZCOM3: ZComPort added to the Settings Form.
11/5/2024 10:28:42 [Information] ZCOM4: ZComPort added to the Settings Form.
11/5/2024 10:28:42 [Information] ZCOM5: ZComPort added to the Settings Form.
11/5/2024 10:28:42 [Information] ZCOM6: ZComPort added to the Settings Form.
11/5/2024 10:28:42 [Information] ZCOM7: ZComPort added to the Settings Form.
11/5/2024 10:28:42 [Information] ZCOM8: ZComPort added to the Settings Form.
11/5/2024 10:28:42 [Information] ZCOM9: ZComPort added to the Settings Form.
11/5/2024 10:28:42 [Information] ZCOM10: ZComPort added to the Settings Form.
11/5/2024 10:28:42 [Information] int: 0 zeroXaxis added to the Settings Form.
11/5/2024 10:28:42 [Information] int: 0 zeroYaxis added to the Settings Form.
11/5/2024 10:28:42 [Information] int: 0 zeroZaxis added to the Settings Form.
11/5/2024 10:28:43 [Information] Stepper Motor Controller MainWindow loaded
11/5/2024 10:28:43 [Information] Set MainWindow Media Brushes to White.
11/5/2024 10:28:53 [Information] Z Axis mouse controlled Keypad returned: 64.00
11/5/2024 10:28:54 [Information] ZAxisRun_Click button clicked:
11/5/2024 10:28:54 [Information] Z Axis MotorMovementSeconds decimal: (64.00 / 4) / 2 = 8.00
11/5/2024 10:28:54 [Information] Z Axis myMovementTimer int: 1000 * 8.00 = 8000
11/5/2024 10:28:55 [Information] Z Axis Run Event: Z,0.00,400.00,0,0.00,400.00,0,64.00,400.00,0
11/5/2024 10:28:55 [Information] Z Axis Current Time: 10:28:55 + 8000 = zTargetEndTime: 10:29:03
11/5/2024 10:28:55 [Information] Stepper Motor Controller Disable Z Axis controls while moving to location.
11/5/2024 10:28:55 [Information] Time remaining: 00:00:00 zTargetEndTime = 10:29:03
11/5/2024 10:28:55 [Information] Stepper Motor Controller Disable Z Axis controls while moving to location.
11/5/2024 10:28:55 [Information] Time remaining: 00:00:00 zTargetEndTime = 10:29:03
11/5/2024 10:28:55 [Information] Stepper Motor Controller Disable Z Axis controls while moving to location.
11/5/2024 10:28:55 [Information] Time remaining: 00:00:00 zTargetEndTime = 10:29:03
11/5/2024 10:28:55 [Information] Stepper Motor Controller Disable Z Axis controls while moving to location.
11/5/2024 10:28:55 [Information] Time remaining: 00:00:00 zTargetEndTime = 10:29:03
11/5/2024 10:28:55 [Information] Stepper Motor Controller Disable Z Axis controls while moving to location.
11/5/2024 10:28:55 [Information] Time remaining: 00:00:00 zTargetEndTime = 10:29:03
11/5/2024 10:28:55 [Information] Stepper Motor Controller Disable Z Axis controls while moving to location.
11/5/2024 10:28:55 [Information] Time remaining: 00:00:00 zTargetEndTime = 10:29:03
11/5/2024 10:28:55 [Information] Stepper Motor Controller Disable Z Axis controls while moving to location.
11/5/2024 10:28:55 [Information] Time remaining: 00:00:00 zTargetEndTime = 10:29:03
11/5/2024 10:28:55 [Information] Stepper Motor Controller Disable Z Axis controls while moving to location.
11/5/2024 10:28:55 [Information] Time remaining: 00:00:00 zTargetEndTime = 10:29:03
11/5/2024 10:28:55 [Information] Stepper Motor Controller Disable Z Axis controls while moving to location.
11/5/2024 10:28:55 [Information] Time remaining: 00:00:00 zTargetEndTime = 10:29:03
11/5/2024 10:28:55 [Information] Stepper Motor Controller Disable Z Axis controls while moving to location.
11/5/2024 10:28:55 [Information] Time remaining: 00:00:00 zTargetEndTime = 10:29:03
11/5/2024 10:28:55 [Information] Stepper Motor Controller Disable Z Axis controls while moving to location.
11/5/2024 10:28:55 [Information] Time remaining: 00:00:00 zTargetEndTime = 10:29:03
11/5/2024 10:28:55 [Information] Stepper Motor Controller Disable Z Axis controls while moving to location.
11/5/2024 10:28:55 [Information] Time remaining: 00:00:00 zTargetEndTime = 10:29:03
11/5/2024 10:28:55 [Information] Stepper Motor Controller Disable Z Axis controls while moving to location.
11/5/2024 10:28:55 [Information] Time remaining: 00:00:00 zTargetEndTime = 10:29:03
11/5/2024 10:28:55 [Information] Stepper Motor Controller Disable Z Axis controls while moving to location.
11/5/2024 10:28:55 [Information] Time remaining: 00:00:00 zTargetEndTime = 10:29:03
11/5/2024 10:28:55 [Information] Stepper Motor Controller Disable Z Axis controls while moving to location.
11/5/2024 10:28:55 [Information] Time remaining: 00:00:00 zTargetEndTime = 10:29:03
11/5/2024 10:28:55 [Information] Stepper Motor Controller Disable Z Axis controls while moving to location.
11/5/2024 10:28:55 [Information] Time remaining: 00:00:00 zTargetEndTime = 10:29:03
11/5/2024 10:28:55 [Information] Stepper Motor Controller Disable Z Axis controls while moving to location.
11/5/2024 10:28:55 [Information] Time remaining: 00:00:00 zTargetEndTime = 10:29:03
11/5/2024 10:28:55 [Information] Stepper Motor Controller Disable Z Axis controls while moving to location.
11/5/2024 10:28:55 [Information] Time remaining: 00:00:00 zTargetEndTime = 10:29:03
11/5/2024 10:28:55 [Information] Stepper Motor Controller Disable Z Axis controls while moving to location.
11/5/2024 10:28:55 [Information] Time remaining: 00:00:00 zTargetEndTime = 10:29:03
11/5/2024 10:28:55 [Information] Stepper Motor Controller Disable Z Axis controls while moving to location.
11/5/2024 10:28:55 [Information] Time remaining: 00:00:00 zTargetEndTime = 10:29:03
11/5/2024 10:28:55 [Information] Z Axis Data Received: Z Axis CW Motor Stopped
Z Axis CW Motor Current Position: 140

11/5/2024 10:28:55 [Information] Updated X,Y Zero.IsChecked status to 0 and Z Zero.IsChecked status to 1.
11/5/2024 10:28:55 [Information] ZAxisRun_Click button clicked:
11/5/2024 10:28:55 [Information] Z Axis Run Event to reset Axis to zero: Z,0.00,400.00,0,0.00,400.00,0,0.00,400.00,1
11/5/2024 10:28:55 [Information] Setting Z Axis Current Location Set to Zero on DRO
11/5/2024 10:28:56 [Information] Updated X,Y,Z Zero.IsChecked status to 0.
11/5/2024 10:28:56 [Information] Z Axis Current Location Set to Zero
11/5/2024 10:28:57 [Information] Z Axis CW Motor Current Position: 2.80
11/5/2024 10:29:04 [Information] Z Axis mouse controlled Keypad returned: 64.00
11/5/2024 10:29:06 [Information] ZAxisRun_Click button clicked:
11/5/2024 10:29:06 [Information] Z Axis MotorMovementSeconds decimal: (64.00 / 4) / 2 = 8.00
11/5/2024 10:29:06 [Information] Z Axis myMovementTimer int: 1000 * 8.00 = 8000
11/5/2024 10:29:07 [Information] Z Axis Run Event: Z,0.00,400.00,0,0.00,400.00,0,66.80,400.00,0
11/5/2024 10:29:07 [Information] Z Axis Current Time: 10:29:07 + 8000 = zTargetEndTime: 10:29:15
11/5/2024 10:29:07 [Information] Stepper Motor Controller Disable Z Axis controls while moving to location.
11/5/2024 10:29:07 [Information] Time remaining: 00:00:00 zTargetEndTime = 10:29:15
11/5/2024 10:29:07 [Information] Stepper Motor Controller Disable Z Axis controls while moving to location.
11/5/2024 10:29:07 [Information] Time remaining: 00:00:00 zTargetEndTime = 10:29:15
11/5/2024 10:29:07 [Information] Stepper Motor Controller Disable Z Axis controls while moving to location.
11/5/2024 10:29:07 [Information] Time remaining: 00:00:00 zTargetEndTime = 10:29:15
11/5/2024 10:29:07 [Information] Stepper Motor Controller Disable Z Axis controls while moving to location.
11/5/2024 10:29:07 [Information] Time remaining: 00:00:00 zTargetEndTime = 10:29:15
11/5/2024 10:29:07 [Information] Stepper Motor Controller Disable Z Axis controls while moving to location.
11/5/2024 10:29:07 [Information] Time remaining: 00:00:00 zTargetEndTime = 10:29:15
11/5/2024 10:29:07 [Information] Stepper Motor Controller Disable Z Axis controls while moving to location.
11/5/2024 10:29:07 [Information] Time remaining: 00:00:00 zTargetEndTime = 10:29:15
11/5/2024 10:29:07 [Information] Stepper Motor Controller Disable Z Axis controls while moving to location.
11/5/2024 10:29:07 [Information] Time remaining: 00:00:00 zTargetEndTime = 10:29:15
11/5/2024 10:29:07 [Information] Stepper Motor Controller Disable Z Axis controls while moving to location.
11/5/2024 10:29:07 [Information] Time remaining: 00:00:00 zTargetEndTime = 10:29:15
11/5/2024 10:29:07 [Information] Stepper Motor Controller Disable Z Axis controls while moving to location.
11/5/2024 10:29:07 [Information] Time remaining: 00:00:00 zTargetEndTime = 10:29:15
11/5/2024 10:29:07 [Information] Stepper Motor Controller Disable Z Axis controls while moving to location.
11/5/2024 10:29:07 [Information] Time remaining: 00:00:00 zTargetEndTime = 10:29:15
11/5/2024 10:29:07 [Information] Stepper Motor Controller Disable Z Axis controls while moving to location.
11/5/2024 10:29:07 [Information] Time remaining: 00:00:00 zTargetEndTime = 10:29:15
11/5/2024 10:29:07 [Information] Stepper Motor Controller Disable Z Axis controls while moving to location.
11/5/2024 10:29:07 [Information] Time remaining: 00:00:00 zTargetEndTime = 10:29:15
11/5/2024 10:29:07 [Information] Stepper Motor Controller Disable Z Axis controls while moving to location.
11/5/2024 10:29:07 [Information] Time remaining: 00:00:00 zTargetEndTime = 10:29:15
11/5/2024 10:29:07 [Information] Stepper Motor Controller Disable Z Axis controls while moving to location.
11/5/2024 10:29:07 [Information] Time remaining: 00:00:00 zTargetEndTime = 10:29:15
11/5/2024 10:29:07 [Information] Z Axis Data Received: Z Axis CW Motor Stopped
Z Axis CW Motor Current Position: 91

11/5/2024 10:29:07 [Information] Updated X,Y Zero.IsChecked status to 0 and Z Zero.IsChecked status to 1.
11/5/2024 10:29:07 [Information] ZAxisRun_Click button clicked:
11/5/2024 10:29:07 [Information] Z Axis Run Event to reset Axis to zero: Z,0.00,400.00,0,0.00,400.00,0,0.00,400.00,1
11/5/2024 10:29:07 [Information] Setting Z Axis Current Location Set to Zero on DRO
11/5/2024 10:29:08 [Information] Updated X,Y,Z Zero.IsChecked status to 0.
11/5/2024 10:29:08 [Information] Z Axis Current Location Set to Zero
11/5/2024 10:29:10 [Information] Z Axis CW Motor Current Position: 4.62
11/5/2024 10:29:20 [Information] Z Axis mouse controlled Keypad returned: 4.00
11/5/2024 10:29:22 [Information] ZAxisRun_Click button clicked:
11/5/2024 10:29:22 [Information] Z Axis MotorMovementSeconds decimal: (4.00 / 4) / 2 = 0.50
11/5/2024 10:29:22 [Information] Z Axis myMovementTimer int: 1000 * 0.50 = 0
11/5/2024 10:29:23 [Information] Z Axis Run Event: Z,0.00,400.00,0,0.00,400.00,0,8.62,400.00,0
11/5/2024 10:29:23 [Information] Z Axis Current Time: 10:29:23 + 0 = zTargetEndTime: 10:29:23
11/5/2024 10:29:23 [Information] Stepper Motor Controller Enable Z Axis controls after moving to location.
11/5/2024 10:29:23 [Information] Stepper Motor Controller Stopwatch Stopped.
11/5/2024 10:29:23 [Information] Stepper Motor Controller Timer Stopped.
11/5/2024 10:29:23 [Information] Stepper Motor Controller Stopwatch Reset.
11/5/2024 10:29:24 [Information] Z Axis Data Received: Z Axis CW Motor Stopped
Z Axis CW Motor Current Position: 71

11/5/2024 10:29:24 [Information] Updated X,Y Zero.IsChecked status to 0 and Z Zero.IsChecked status to 1.
11/5/2024 10:29:24 [Information] ZAxisRun_Click button clicked:
11/5/2024 10:29:24 [Information] Z Axis Run Event to reset Axis to zero: Z,0.00,400.00,0,0.00,400.00,0,0.00,400.00,1
11/5/2024 10:29:24 [Information] Setting Z Axis Current Location Set to Zero on DRO
11/5/2024 10:29:25 [Information] Updated X,Y,Z Zero.IsChecked status to 0.
11/5/2024 10:29:25 [Information] Z Axis Current Location Set to Zero
11/5/2024 10:29:26 [Information] Z Axis CW Motor Current Position: 6.04
11/5/2024 10:29:40 [Information] Z Axis mouse controlled Keypad returned: -6.04
11/5/2024 10:29:41 [Information] ZAxisRun_Click button clicked:
11/5/2024 10:29:41 [Information] Z Axis negative value: -6.04 converted to positive decimal: 6.04
11/5/2024 10:29:41 [Information] Z Axis MotorMovementSeconds decimal: (6.04 / 4) / 2 = 0.755
11/5/2024 10:29:41 [Information] Z Axis myMovementTimer int: 1000 * 0.755 = 1000
11/5/2024 10:29:42 [Information] Z Axis Run Event: Z,0.00,400.00,0,0.00,400.00,0,0.00,400.00,0
11/5/2024 10:29:42 [Information] Z Axis Current Time: 10:29:42 + 1000 = zTargetEndTime: 10:29:43
11/5/2024 10:29:42 [Information] Stepper Motor Controller Disable Z Axis controls while moving to location.
11/5/2024 10:29:42 [Information] Time remaining: 00:00:00 zTargetEndTime = 10:29:43
11/5/2024 10:29:42 [Information] Stepper Motor Controller Disable Z Axis controls while moving to location.
11/5/2024 10:29:42 [Information] Time remaining: 00:00:00 zTargetEndTime = 10:29:43
11/5/2024 10:29:42 [Information] Stepper Motor Controller Disable Z Axis controls while moving to location.
11/5/2024 10:29:42 [Information] Time remaining: 00:00:00 zTargetEndTime = 10:29:43
11/5/2024 10:29:42 [Information] Stepper Motor Controller Disable Z Axis controls while moving to location.
11/5/2024 10:29:42 [Information] Time remaining: 00:00:00 zTargetEndTime = 10:29:43
11/5/2024 10:29:43 [Information] Stepper Motor Controller Disable Z Axis controls while moving to location.
11/5/2024 10:29:43 [Information] Time remaining: 00:00:00 zTargetEndTime = 10:29:43
11/5/2024 10:29:43 [Information] Stepper Motor Controller Disable Z Axis controls while moving to location.
11/5/2024 10:29:43 [Information] Time remaining: 00:00:00 zTargetEndTime = 10:29:43
11/5/2024 10:29:43 [Information] Stepper Motor Controller Disable Z Axis controls while moving to location.
11/5/2024 10:29:43 [Information] Time remaining: 00:00:00 zTargetEndTime = 10:29:43
11/5/2024 10:29:43 [Information] Stepper Motor Controller Disable Z Axis controls while moving to location.
11/5/2024 10:29:43 [Information] Time remaining: 00:00:00 zTargetEndTime = 10:29:43
11/5/2024 10:29:43 [Information] Stepper Motor Controller Disable Z Axis controls while moving to location.
11/5/2024 10:29:43 [Information] Time remaining: 00:00:00 zTargetEndTime = 10:29:43
11/5/2024 10:29:43 [Information] Stepper Motor Controller Disable Z Axis controls while moving to location.
11/5/2024 10:29:43 [Information] Time remaining: 00:00:00 zTargetEndTime = 10:29:43
11/5/2024 10:29:43 [Information] Stepper Motor Controller Disable Z Axis controls while moving to location.
11/5/2024 10:29:43 [Information] Time remaining: 00:00:00 zTargetEndTime = 10:29:43
11/5/2024 10:29:43 [Information] Stepper Motor Controller Disable Z Axis controls while moving to location.
11/5/2024 10:29:43 [Information] Time remaining: 00:00:00 zTargetEndTime = 10:29:43
11/5/2024 10:29:43 [Information] Stepper Motor Controller Disable Z Axis controls while moving to location.
11/5/2024 10:29:43 [Information] Time remaining: 00:00:00 zTargetEndTime = 10:29:43
11/5/2024 10:29:43 [Information] Stepper Motor Controller Disable Z Axis controls while moving to location.
11/5/2024 10:29:43 [Information] Time remaining: 00:00:00 zTargetEndTime = 10:29:43
11/5/2024 10:29:43 [Information] Stepper Motor Controller Disable Z Axis controls while moving to location.
11/5/2024 10:29:43 [Information] Time remaining: 00:00:00 zTargetEndTime = 10:29:43
11/5/2024 10:29:43 [Information] Stepper Motor Controller Disable Z Axis controls while moving to location.
11/5/2024 10:29:43 [Information] Time remaining: 00:00:00 zTargetEndTime = 10:29:43
11/5/2024 10:29:43 [Information] Stepper Motor Controller Disable Z Axis controls while moving to location.
11/5/2024 10:29:43 [Information] Time remaining: 00:00:00 zTargetEndTime = 10:29:43
11/5/2024 10:29:43 [Information] Stepper Motor Controller Disable Z Axis controls while moving to location.
11/5/2024 10:29:43 [Information] Time remaining: 00:00:00 zTargetEndTime = 10:29:43
11/5/2024 10:29:43 [Information] Stepper Motor Controller Disable Z Axis controls while moving to location.
11/5/2024 10:29:43 [Information] Time remaining: 00:00:00 zTargetEndTime = 10:29:43
11/5/2024 10:29:43 [Information] Stepper Motor Controller Disable Z Axis controls while moving to location.
11/5/2024 10:29:43 [Information] Time remaining: 00:00:00 zTargetEndTime = 10:29:43
11/5/2024 10:29:43 [Information] Stepper Motor Controller Disable Z Axis controls while moving to location.
11/5/2024 10:29:43 [Information] Time remaining: 00:00:00 zTargetEndTime = 10:29:43
11/5/2024 10:29:43 [Information] Stepper Motor Controller Disable Z Axis controls while moving to location.
11/5/2024 10:29:43 [Information] Time remaining: 00:00:00 zTargetEndTime = 10:29:43
11/5/2024 10:29:43 [Information] Stepper Motor Controller Disable Z Axis controls while moving to location.
11/5/2024 10:29:43 [Information] Time remaining: 00:00:00 zTargetEndTime = 10:29:43
11/5/2024 10:29:43 [Information] Stepper Motor Controller Disable Z Axis controls while moving to location.
11/5/2024 10:29:43 [Information] Time remaining: 00:00:00 zTargetEndTime = 10:29:43
11/5/2024 10:29:43 [Information] Stepper Motor Controller Disable Z Axis controls while moving to location.
11/5/2024 10:29:43 [Information] Time remaining: 00:00:00 zTargetEndTime = 10:29:43
11/5/2024 10:29:43 [Information] Stepper Motor Controller Disable Z Axis controls while moving to location.
11/5/2024 10:29:43 [Information] Time remaining: 00:00:00 zTargetEndTime = 10:29:43
11/5/2024 10:29:43 [Information] Stepper Motor Controller Disable Z Axis controls while moving to location.
11/5/2024 10:29:43 [Information] Time remaining: 00:00:00 zTargetEndTime = 10:29:43
11/5/2024 10:29:43 [Information] Stepper Motor Controller Disable Z Axis controls while moving to location.
11/5/2024 10:29:43 [Information] Time remaining: 00:00:00 zTargetEndTime = 10:29:43
11/5/2024 10:29:43 [Information] Stepper Motor Controller Disable Z Axis controls while moving to location.
11/5/2024 10:29:43 [Information] Time remaining: 00:00:00 zTargetEndTime = 10:29:43
11/5/2024 10:29:43 [Information] Stepper Motor Controller Disable Z Axis controls while moving to location.
11/5/2024 10:29:43 [Information] Time remaining: 00:00:00 zTargetEndTime = 10:29:43
11/5/2024 10:29:43 [Information] Stepper Motor Controller Disable Z Axis controls while moving to location.
11/5/2024 10:29:43 [Information] Time remaining: 00:00:00 zTargetEndTime = 10:29:43
11/5/2024 10:29:43 [Information] Stepper Motor Controller Disable Z Axis controls while moving to location.
11/5/2024 10:29:43 [Information] Time remaining: 00:00:00 zTargetEndTime = 10:29:43
11/5/2024 10:29:43 [Information] Stepper Motor Controller Disable Z Axis controls while moving to location.
11/5/2024 10:29:43 [Information] Time remaining: 00:00:00 zTargetEndTime = 10:29:43
11/5/2024 10:29:43 [Information] Stepper Motor Controller Disable Z Axis controls while moving to location.
11/5/2024 10:29:43 [Information] Time remaining: 00:00:00 zTargetEndTime = 10:29:43
11/5/2024 10:29:43 [Information] Stepper Motor Controller Disable Z Axis controls while moving to location.
11/5/2024 10:29:43 [Information] Time remaining: 00:00:00 zTargetEndTime = 10:29:43
11/5/2024 10:29:43 [Information] Stepper Motor Controller Disable Z Axis controls while moving to location.
11/5/2024 10:29:43 [Information] Time remaining: 00:00:00 zTargetEndTime = 10:29:43
11/5/2024 10:29:43 [Information] Stepper Motor Controller Disable Z Axis controls while moving to location.
11/5/2024 10:29:43 [Information] Time remaining: 00:00:00 zTargetEndTime = 10:29:43
11/5/2024 10:29:43 [Information] Stepper Motor Controller Disable Z Axis controls while moving to location.
11/5/2024 10:29:43 [Information] Time remaining: 00:00:00 zTargetEndTime = 10:29:43
11/5/2024 10:29:43 [Information] Stepper Motor Controller Disable Z Axis controls while moving to location.
11/5/2024 10:29:43 [Information] Time remaining: 00:00:00 zTargetEndTime = 10:29:43
11/5/2024 10:29:43 [Information] Stepper Motor Controller Disable Z Axis controls while moving to location.
11/5/2024 10:29:43 [Information] Time remaining: 00:00:00 zTargetEndTime = 10:29:43
11/5/2024 10:29:43 [Information] Stepper Motor Controller Disable Z Axis controls while moving to location.
11/5/2024 10:29:43 [Information] Time remaining: 00:00:00 zTargetEndTime = 10:29:43
11/5/2024 10:29:43 [Information] Stepper Motor Controller Enable Z Axis controls after moving to location.
11/5/2024 10:29:43 [Information] Stepper Motor Controller Stopwatch Stopped.
11/5/2024 10:29:43 [Information] Stepper Motor Controller Timer Stopped.
11/5/2024 10:29:43 [Information] Stepper Motor Controller Stopwatch Reset.
11/5/2024 10:29:54 [Information] ZAxisRun_Click button clicked:
11/5/2024 10:29:54 [Information] Z Axis negative value: -6.04 converted to positive decimal: 6.04
11/5/2024 10:29:54 [Information] Z Axis MotorMovementSeconds decimal: (6.04 / 4) / 2 = 0.755
11/5/2024 10:29:54 [Information] Z Axis myMovementTimer int: 1000 * 0.755 = 1000
11/5/2024 10:29:55 [Information] Z Axis Run Event: Z,0.00,400.00,0,0.00,400.00,0,-6.04,400.00,0
11/5/2024 10:29:55 [Information] Z Axis Current Time: 10:29:55 + 1000 = zTargetEndTime: 10:29:56
11/5/2024 10:29:55 [Information] Stepper Motor Controller Disable Z Axis controls while moving to location.
11/5/2024 10:29:55 [Information] Time remaining: 00:00:00 zTargetEndTime = 10:29:56
11/5/2024 10:29:55 [Information] Stepper Motor Controller Disable Z Axis controls while moving to location.
11/5/2024 10:29:55 [Information] Time remaining: 00:00:00 zTargetEndTime = 10:29:56
11/5/2024 10:29:55 [Information] Stepper Motor Controller Disable Z Axis controls while moving to location.
11/5/2024 10:29:55 [Information] Time remaining: 00:00:00 zTargetEndTime = 10:29:56
11/5/2024 10:29:55 [Information] Stepper Motor Controller Disable Z Axis controls while moving to location.
11/5/2024 10:29:55 [Information] Time remaining: 00:00:00 zTargetEndTime = 10:29:56
11/5/2024 10:29:55 [Information] Stepper Motor Controller Disable Z Axis controls while moving to location.
11/5/2024 10:29:55 [Information] Time remaining: 00:00:00 zTargetEndTime = 10:29:56
11/5/2024 10:29:55 [Information] Stepper Motor Controller Disable Z Axis controls while moving to location.
11/5/2024 10:29:55 [Information] Time remaining: 00:00:00 zTargetEndTime = 10:29:56
11/5/2024 10:29:55 [Information] Stepper Motor Controller Disable Z Axis controls while moving to location.
11/5/2024 10:29:55 [Information] Time remaining: 00:00:00 zTargetEndTime = 10:29:56
11/5/2024 10:29:55 [Information] Stepper Motor Controller Disable Z Axis controls while moving to location.
11/5/2024 10:29:55 [Information] Time remaining: 00:00:00 zTargetEndTime = 10:29:56
11/5/2024 10:29:55 [Information] Stepper Motor Controller Disable Z Axis controls while moving to location.
11/5/2024 10:29:55 [Information] Time remaining: 00:00:00 zTargetEndTime = 10:29:56
11/5/2024 10:29:55 [Information] Stepper Motor Controller Disable Z Axis controls while moving to location.
11/5/2024 10:29:55 [Information] Time remaining: 00:00:00 zTargetEndTime = 10:29:56
11/5/2024 10:29:55 [Information] Stepper Motor Controller Disable Z Axis controls while moving to location.
11/5/2024 10:29:55 [Information] Time remaining: 00:00:00 zTargetEndTime = 10:29:56
11/5/2024 10:29:56 [Information] Stepper Motor Controller Disable Z Axis controls while moving to location.
11/5/2024 10:29:56 [Information] Time remaining: 00:00:00 zTargetEndTime = 10:29:56
11/5/2024 10:29:56 [Information] Stepper Motor Controller Disable Z Axis controls while moving to location.
11/5/2024 10:29:56 [Information] Time remaining: 00:00:00 zTargetEndTime = 10:29:56
11/5/2024 10:29:56 [Information] Stepper Motor Controller Disable Z Axis controls while moving to location.
11/5/2024 10:29:56 [Information] Time remaining: 00:00:00 zTargetEndTime = 10:29:56
11/5/2024 10:29:56 [Information] Stepper Motor Controller Disable Z Axis controls while moving to location.
11/5/2024 10:29:56 [Information] Time remaining: 00:00:00 zTargetEndTime = 10:29:56
11/5/2024 10:29:56 [Information] Stepper Motor Controller Disable Z Axis controls while moving to location.
11/5/2024 10:29:56 [Information] Time remaining: 00:00:00 zTargetEndTime = 10:29:56
11/5/2024 10:29:56 [Information] Stepper Motor Controller Disable Z Axis controls while moving to location.
11/5/2024 10:29:56 [Information] Time remaining: 00:00:00 zTargetEndTime = 10:29:56
11/5/2024 10:29:56 [Information] Stepper Motor Controller Disable Z Axis controls while moving to location.
11/5/2024 10:29:56 [Information] Time remaining: 00:00:00 zTargetEndTime = 10:29:56
11/5/2024 10:29:56 [Information] Stepper Motor Controller Disable Z Axis controls while moving to location.
11/5/2024 10:29:56 [Information] Time remaining: 00:00:00 zTargetEndTime = 10:29:56
11/5/2024 10:29:56 [Information] Stepper Motor Controller Disable Z Axis controls while moving to location.
11/5/2024 10:29:56 [Information] Time remaining: 00:00:00 zTargetEndTime = 10:29:56
11/5/2024 10:29:56 [Information] Stepper Motor Controller Disable Z Axis controls while moving to location.
11/5/2024 10:29:56 [Information] Time remaining: 00:00:00 zTargetEndTime = 10:29:56
11/5/2024 10:29:56 [Information] Stepper Motor Controller Disable Z Axis controls while moving to location.
11/5/2024 10:29:56 [Information] Time remaining: 00:00:00 zTargetEndTime = 10:29:56
11/5/2024 10:29:56 [Information] Stepper Motor Controller Disable Z Axis controls while moving to location.
11/5/2024 10:29:56 [Information] Time remaining: 00:00:00 zTargetEndTime = 10:29:56
11/5/2024 10:29:56 [Information] Stepper Motor Controller Disable Z Axis controls while moving to location.
11/5/2024 10:29:56 [Information] Time remaining: 00:00:00 zTargetEndTime = 10:29:56
11/5/2024 10:29:56 [Information] Stepper Motor Controller Disable Z Axis controls while moving to location.
11/5/2024 10:29:56 [Information] Time remaining: 00:00:00 zTargetEndTime = 10:29:56
11/5/2024 10:29:56 [Information] Stepper Motor Controller Disable Z Axis controls while moving to location.
11/5/2024 10:29:56 [Information] Time remaining: 00:00:00 zTargetEndTime = 10:29:56
11/5/2024 10:29:56 [Information] Stepper Motor Controller Disable Z Axis controls while moving to location.
11/5/2024 10:29:56 [Information] Time remaining: 00:00:00 zTargetEndTime = 10:29:56
11/5/2024 10:29:56 [Information] Stepper Motor Controller Disable Z Axis controls while moving to location.
11/5/2024 10:29:56 [Information] Time remaining: 00:00:00 zTargetEndTime = 10:29:56
11/5/2024 10:29:56 [Information] Stepper Motor Controller Disable Z Axis controls while moving to location.
11/5/2024 10:29:56 [Information] Time remaining: 00:00:00 zTargetEndTime = 10:29:56
11/5/2024 10:29:56 [Information] Stepper Motor Controller Disable Z Axis controls while moving to location.
11/5/2024 10:29:56 [Information] Time remaining: 00:00:00 zTargetEndTime = 10:29:56
11/5/2024 10:29:56 [Information] Stepper Motor Controller Disable Z Axis controls while moving to location.
11/5/2024 10:29:56 [Information] Time remaining: 00:00:00 zTargetEndTime = 10:29:56
11/5/2024 10:29:56 [Information] Stepper Motor Controller Disable Z Axis controls while moving to location.
11/5/2024 10:29:56 [Information] Time remaining: 00:00:00 zTargetEndTime = 10:29:56
11/5/2024 10:29:56 [Information] Stepper Motor Controller Disable Z Axis controls while moving to location.
11/5/2024 10:29:56 [Information] Time remaining: 00:00:00 zTargetEndTime = 10:29:56
11/5/2024 10:29:56 [Information] Stepper Motor Controller Disable Z Axis controls while moving to location.
11/5/2024 10:29:56 [Information] Time remaining: 00:00:00 zTargetEndTime = 10:29:56
11/5/2024 10:29:56 [Information] Stepper Motor Controller Disable Z Axis controls while moving to location.
11/5/2024 10:29:56 [Information] Time remaining: 00:00:00 zTargetEndTime = 10:29:56
11/5/2024 10:29:56 [Information] Stepper Motor Controller Disable Z Axis controls while moving to location.
11/5/2024 10:29:56 [Information] Time remaining: 00:00:00 zTargetEndTime = 10:29:56
11/5/2024 10:29:56 [Information] Stepper Motor Controller Disable Z Axis controls while moving to location.
11/5/2024 10:29:56 [Information] Time remaining: 00:00:00 zTargetEndTime = 10:29:56
11/5/2024 10:29:56 [Information] Stepper Motor Controller Disable Z Axis controls while moving to location.
11/5/2024 10:29:56 [Information] Time remaining: 00:00:00 zTargetEndTime = 10:29:56
11/5/2024 10:29:56 [Information] Stepper Motor Controller Disable Z Axis controls while moving to location.
11/5/2024 10:29:56 [Information] Time remaining: 00:00:00 zTargetEndTime = 10:29:56
11/5/2024 10:29:56 [Information] Stepper Motor Controller Disable Z Axis controls while moving to location.
11/5/2024 10:29:56 [Information] Time remaining: 00:00:00 zTargetEndTime = 10:29:56
11/5/2024 10:29:56 [Information] Stepper Motor Controller Disable Z Axis controls while moving to location.
11/5/2024 10:29:56 [Information] Time remaining: 00:00:00 zTargetEndTime = 10:29:56
11/5/2024 10:29:56 [Information] Stepper Motor Controller Disable Z Axis controls while moving to location.
11/5/2024 10:29:56 [Information] Time remaining: 00:00:00 zTargetEndTime = 10:29:56
11/5/2024 10:29:56 [Information] Stepper Motor Controller Disable Z Axis controls while moving to location.
11/5/2024 10:29:56 [Information] Time remaining: 00:00:00 zTargetEndTime = 10:29:56
11/5/2024 10:29:56 [Information] Stepper Motor Controller Disable Z Axis controls while moving to location.
11/5/2024 10:29:56 [Information] Time remaining: 00:00:00 zTargetEndTime = 10:29:56
11/5/2024 10:29:56 [Information] Stepper Motor Controller Disable Z Axis controls while moving to location.
11/5/2024 10:29:56 [Information] Time remaining: 00:00:00 zTargetEndTime = 10:29:56
11/5/2024 10:29:56 [Information] Stepper Motor Controller Disable Z Axis controls while moving to location.
11/5/2024 10:29:56 [Information] Time remaining: 00:00:00 zTargetEndTime = 10:29:56
11/5/2024 10:29:56 [Information] Stepper Motor Controller Disable Z Axis controls while moving to location.
11/5/2024 10:29:56 [Information] Time remaining: 00:00:00 zTargetEndTime = 10:29:56
11/5/2024 10:29:56 [Information] Stepper Motor Controller Disable Z Axis controls while moving to location.
11/5/2024 10:29:56 [Information] Time remaining: 00:00:00 zTargetEndTime = 10:29:56
11/5/2024 10:29:56 [Information] Stepper Motor Controller Disable Z Axis controls while moving to location.
11/5/2024 10:29:56 [Information] Time remaining: 00:00:00 zTargetEndTime = 10:29:56
11/5/2024 10:29:56 [Information] Stepper Motor Controller Disable Z Axis controls while moving to location.
11/5/2024 10:29:56 [Information] Time remaining: 00:00:00 zTargetEndTime = 10:29:56
11/5/2024 10:29:56 [Information] Stepper Motor Controller Disable Z Axis controls while moving to location.
11/5/2024 10:29:56 [Information] Time remaining: 00:00:00 zTargetEndTime = 10:29:56
11/5/2024 10:29:56 [Information] Stepper Motor Controller Disable Z Axis controls while moving to location.
11/5/2024 10:29:56 [Information] Time remaining: 00:00:00 zTargetEndTime = 10:29:56
11/5/2024 10:29:56 [Information] Stepper Motor Controller Disable Z Axis controls while moving to location.
11/5/2024 10:29:56 [Information] Time remaining: 00:00:00 zTargetEndTime = 10:29:56
11/5/2024 10:29:56 [Information] Stepper Motor Controller Disable Z Axis controls while moving to location.
11/5/2024 10:29:56 [Information] Time remaining: 00:00:00 zTargetEndTime = 10:29:56
11/5/2024 10:29:56 [Information] Stepper Motor Controller Enable Z Axis controls after moving to location.
11/5/2024 10:29:56 [Information] Stepper Motor Controller Stopwatch Stopped.
11/5/2024 10:29:56 [Information] Stepper Motor Controller Timer Stopped.
11/5/2024 10:29:56 [Information] Stepper Motor Controller Stopwatch Reset.
11/5/2024 10:29:58 [Information] ZAxisRun_Click button clicked:
11/5/2024 10:29:58 [Information] Z Axis negative value: -6.04 converted to positive decimal: 6.04
11/5/2024 10:29:58 [Information] Z Axis MotorMovementSeconds decimal: (6.04 / 4) / 2 = 0.755
11/5/2024 10:29:58 [Information] Z Axis myMovementTimer int: 1000 * 0.755 = 1000
11/5/2024 10:29:59 [Information] Z Axis Run Event: Z,0.00,400.00,0,0.00,400.00,0,-12.08,400.00,0
11/5/2024 10:29:59 [Information] Z Axis Current Time: 10:29:59 + 1000 = zTargetEndTime: 10:30:00
11/5/2024 10:30:00 [Information] Stepper Motor Controller Disable Z Axis controls while moving to location.
11/5/2024 10:30:00 [Information] Time remaining: 00:00:00 zTargetEndTime = 10:30:00
11/5/2024 10:30:00 [Information] Stepper Motor Controller Disable Z Axis controls while moving to location.
11/5/2024 10:30:00 [Information] Time remaining: 00:00:00 zTargetEndTime = 10:30:00
11/5/2024 10:30:00 [Information] Stepper Motor Controller Disable Z Axis controls while moving to location.
11/5/2024 10:30:00 [Information] Time remaining: 00:00:00 zTargetEndTime = 10:30:00
11/5/2024 10:30:00 [Information] Stepper Motor Controller Disable Z Axis controls while moving to location.
11/5/2024 10:30:00 [Information] Time remaining: 00:00:00 zTargetEndTime = 10:30:00
11/5/2024 10:30:00 [Information] Stepper Motor Controller Disable Z Axis controls while moving to location.
11/5/2024 10:30:00 [Information] Time remaining: 00:00:00 zTargetEndTime = 10:30:00
11/5/2024 10:30:00 [Information] Stepper Motor Controller Disable Z Axis controls while moving to location.
11/5/2024 10:30:00 [Information] Time remaining: 00:00:00 zTargetEndTime = 10:30:00
11/5/2024 10:30:00 [Information] Stepper Motor Controller Disable Z Axis controls while moving to location.
11/5/2024 10:30:00 [Information] Time remaining: 00:00:00 zTargetEndTime = 10:30:00
11/5/2024 10:30:00 [Information] Stepper Motor Controller Disable Z Axis controls while moving to location.
11/5/2024 10:30:00 [Information] Time remaining: 00:00:00 zTargetEndTime = 10:30:00
11/5/2024 10:30:00 [Information] Stepper Motor Controller Disable Z Axis controls while moving to location.
11/5/2024 10:30:00 [Information] Time remaining: 00:00:00 zTargetEndTime = 10:30:00
11/5/2024 10:30:00 [Information] Stepper Motor Controller Disable Z Axis controls while moving to location.
11/5/2024 10:30:00 [Information] Time remaining: 00:00:00 zTargetEndTime = 10:30:00
11/5/2024 10:30:00 [Information] Stepper Motor Controller Disable Z Axis controls while moving to location.
11/5/2024 10:30:00 [Information] Time remaining: 00:00:00 zTargetEndTime = 10:30:00
11/5/2024 10:30:00 [Information] Stepper Motor Controller Disable Z Axis controls while moving to location.
11/5/2024 10:30:00 [Information] Time remaining: 00:00:00 zTargetEndTime = 10:30:00
11/5/2024 10:30:00 [Information] Stepper Motor Controller Disable Z Axis controls while moving to location.
11/5/2024 10:30:00 [Information] Time remaining: 00:00:00 zTargetEndTime = 10:30:00
11/5/2024 10:30:00 [Information] Stepper Motor Controller Disable Z Axis controls while moving to location.
11/5/2024 10:30:00 [Information] Time remaining: 00:00:00 zTargetEndTime = 10:30:00
11/5/2024 10:30:00 [Information] Stepper Motor Controller Disable Z Axis controls while moving to location.
11/5/2024 10:30:00 [Information] Time remaining: 00:00:00 zTargetEndTime = 10:30:00
11/5/2024 10:30:00 [Information] Stepper Motor Controller Disable Z Axis controls while moving to location.
11/5/2024 10:30:00 [Information] Time remaining: 00:00:00 zTargetEndTime = 10:30:00
11/5/2024 10:30:00 [Information] Stepper Motor Controller Disable Z Axis controls while moving to location.
11/5/2024 10:30:00 [Information] Time remaining: 00:00:00 zTargetEndTime = 10:30:00
11/5/2024 10:30:00 [Information] Stepper Motor Controller Disable Z Axis controls while moving to location.
11/5/2024 10:30:00 [Information] Time remaining: 00:00:00 zTargetEndTime = 10:30:00
11/5/2024 10:30:00 [Information] Stepper Motor Controller Disable Z Axis controls while moving to location.
11/5/2024 10:30:00 [Information] Time remaining: 00:00:00 zTargetEndTime = 10:30:00
11/5/2024 10:30:00 [Information] Stepper Motor Controller Disable Z Axis controls while moving to location.
11/5/2024 10:30:00 [Information] Time remaining: 00:00:00 zTargetEndTime = 10:30:00
11/5/2024 10:30:00 [Information] Stepper Motor Controller Disable Z Axis controls while moving to location.
11/5/2024 10:30:00 [Information] Time remaining: 00:00:00 zTargetEndTime = 10:30:00
11/5/2024 10:30:00 [Information] Stepper Motor Controller Disable Z Axis controls while moving to location.
11/5/2024 10:30:00 [Information] Time remaining: 00:00:00 zTargetEndTime = 10:30:00
11/5/2024 10:30:00 [Information] Stepper Motor Controller Disable Z Axis controls while moving to location.
11/5/2024 10:30:00 [Information] Time remaining: 00:00:00 zTargetEndTime = 10:30:00
11/5/2024 10:30:00 [Information] Stepper Motor Controller Disable Z Axis controls while moving to location.
11/5/2024 10:30:00 [Information] Time remaining: 00:00:00 zTargetEndTime = 10:30:00
11/5/2024 10:30:00 [Information] Stepper Motor Controller Disable Z Axis controls while moving to location.
11/5/2024 10:30:00 [Information] Time remaining: 00:00:00 zTargetEndTime = 10:30:00
11/5/2024 10:30:00 [Information] Stepper Motor Controller Disable Z Axis controls while moving to location.
11/5/2024 10:30:00 [Information] Time remaining: 00:00:00 zTargetEndTime = 10:30:00
11/5/2024 10:30:00 [Information] Stepper Motor Controller Disable Z Axis controls while moving to location.
11/5/2024 10:30:00 [Information] Time remaining: 00:00:00 zTargetEndTime = 10:30:00
11/5/2024 10:30:00 [Information] Stepper Motor Controller Disable Z Axis controls while moving to location.
11/5/2024 10:30:00 [Information] Time remaining: 00:00:00 zTargetEndTime = 10:30:00
11/5/2024 10:30:00 [Information] Stepper Motor Controller Disable Z Axis controls while moving to location.
11/5/2024 10:30:00 [Information] Time remaining: 00:00:00 zTargetEndTime = 10:30:00
11/5/2024 10:30:00 [Information] Stepper Motor Controller Disable Z Axis controls while moving to location.
11/5/2024 10:30:00 [Information] Time remaining: 00:00:00 zTargetEndTime = 10:30:00
11/5/2024 10:30:00 [Information] Stepper Motor Controller Disable Z Axis controls while moving to location.
11/5/2024 10:30:00 [Information] Time remaining: 00:00:00 zTargetEndTime = 10:30:00
11/5/2024 10:30:00 [Information] Stepper Motor Controller Disable Z Axis controls while moving to location.
11/5/2024 10:30:00 [Information] Time remaining: 00:00:00 zTargetEndTime = 10:30:00
11/5/2024 10:30:00 [Information] Stepper Motor Controller Disable Z Axis controls while moving to location.
11/5/2024 10:30:00 [Information] Time remaining: 00:00:00 zTargetEndTime = 10:30:00
11/5/2024 10:30:00 [Information] Stepper Motor Controller Disable Z Axis controls while moving to location.
11/5/2024 10:30:00 [Information] Time remaining: 00:00:00 zTargetEndTime = 10:30:00
11/5/2024 10:30:00 [Information] Stepper Motor Controller Disable Z Axis controls while moving to location.
11/5/2024 10:30:00 [Information] Time remaining: 00:00:00 zTargetEndTime = 10:30:00
11/5/2024 10:30:00 [Information] Stepper Motor Controller Disable Z Axis controls while moving to location.
11/5/2024 10:30:00 [Information] Time remaining: 00:00:00 zTargetEndTime = 10:30:00
11/5/2024 10:30:00 [Information] Stepper Motor Controller Disable Z Axis controls while moving to location.
11/5/2024 10:30:00 [Information] Time remaining: 00:00:00 zTargetEndTime = 10:30:00
11/5/2024 10:30:00 [Information] Stepper Motor Controller Disable Z Axis controls while moving to location.
11/5/2024 10:30:00 [Information] Time remaining: 00:00:00 zTargetEndTime = 10:30:00
11/5/2024 10:30:00 [Information] Stepper Motor Controller Disable Z Axis controls while moving to location.
11/5/2024 10:30:00 [Information] Time remaining: 00:00:00 zTargetEndTime = 10:30:00
11/5/2024 10:30:00 [Information] Stepper Motor Controller Disable Z Axis controls while moving to location.
11/5/2024 10:30:00 [Information] Time remaining: 00:00:00 zTargetEndTime = 10:30:00
11/5/2024 10:30:00 [Information] Stepper Motor Controller Disable Z Axis controls while moving to location.
11/5/2024 10:30:00 [Information] Time remaining: 00:00:00 zTargetEndTime = 10:30:00
11/5/2024 10:30:00 [Information] Stepper Motor Controller Disable Z Axis controls while moving to location.
11/5/2024 10:30:00 [Information] Time remaining: 00:00:00 zTargetEndTime = 10:30:00
11/5/2024 10:30:00 [Information] Stepper Motor Controller Disable Z Axis controls while moving to location.
11/5/2024 10:30:00 [Information] Time remaining: 00:00:00 zTargetEndTime = 10:30:00
11/5/2024 10:30:00 [Information] Stepper Motor Controller Disable Z Axis controls while moving to location.
11/5/2024 10:30:00 [Information] Time remaining: 00:00:00 zTargetEndTime = 10:30:00
11/5/2024 10:30:00 [Information] Stepper Motor Controller Disable Z Axis controls while moving to location.
11/5/2024 10:30:00 [Information] Time remaining: 00:00:00 zTargetEndTime = 10:30:00
11/5/2024 10:30:00 [Information] Stepper Motor Controller Disable Z Axis controls while moving to location.
11/5/2024 10:30:00 [Information] Time remaining: 00:00:00 zTargetEndTime = 10:30:00
11/5/2024 10:30:00 [Information] Stepper Motor Controller Disable Z Axis controls while moving to location.
11/5/2024 10:30:00 [Information] Time remaining: 00:00:00 zTargetEndTime = 10:30:00
11/5/2024 10:30:00 [Information] Stepper Motor Controller Disable Z Axis controls while moving to location.
11/5/2024 10:30:00 [Information] Time remaining: 00:00:00 zTargetEndTime = 10:30:00
11/5/2024 10:30:00 [Information] Stepper Motor Controller Disable Z Axis controls while moving to location.
11/5/2024 10:30:00 [Information] Time remaining: 00:00:00 zTargetEndTime = 10:30:00
11/5/2024 10:30:00 [Information] Stepper Motor Controller Disable Z Axis controls while moving to location.
11/5/2024 10:30:00 [Information] Time remaining: 00:00:00 zTargetEndTime = 10:30:00
11/5/2024 10:30:00 [Information] Stepper Motor Controller Disable Z Axis controls while moving to location.
11/5/2024 10:30:00 [Information] Time remaining: 00:00:00 zTargetEndTime = 10:30:00
11/5/2024 10:30:00 [Information] Stepper Motor Controller Disable Z Axis controls while moving to location.
11/5/2024 10:30:00 [Information] Time remaining: 00:00:00 zTargetEndTime = 10:30:00
11/5/2024 10:30:01 [Information] Stepper Motor Controller Enable Z Axis controls after moving to location.
11/5/2024 10:30:01 [Information] Stepper Motor Controller Stopwatch Stopped.
11/5/2024 10:30:01 [Information] Stepper Motor Controller Timer Stopped.
11/5/2024 10:30:01 [Information] Stepper Motor Controller Stopwatch Reset.
11/5/2024 10:30:15 [Information] Z Axis mouse controlled Keypad returned: 12.08
11/5/2024 10:30:17 [Information] ZAxisRun_Click button clicked:
11/5/2024 10:30:17 [Information] Z Axis MotorMovementSeconds decimal: (12.08 / 4) / 2 = 1.51
11/5/2024 10:30:17 [Information] Z Axis myMovementTimer int: 1000 * 1.51 = 2000
11/5/2024 10:30:18 [Information] Z Axis Run Event: Z,0.00,400.00,0,0.00,400.00,0,0.00,400.00,0
11/5/2024 10:30:18 [Information] Z Axis Current Time: 10:30:18 + 2000 = zTargetEndTime: 10:30:20
11/5/2024 10:30:18 [Information] Stepper Motor Controller Disable Z Axis controls while moving to location.
11/5/2024 10:30:18 [Information] Time remaining: 00:00:00 zTargetEndTime = 10:30:20
11/5/2024 10:30:18 [Information] Stepper Motor Controller Disable Z Axis controls while moving to location.
11/5/2024 10:30:18 [Information] Time remaining: 00:00:00 zTargetEndTime = 10:30:20
11/5/2024 10:30:18 [Information] Stepper Motor Controller Disable Z Axis controls while moving to location.
11/5/2024 10:30:18 [Information] Time remaining: 00:00:00 zTargetEndTime = 10:30:20
11/5/2024 10:30:18 [Information] Stepper Motor Controller Disable Z Axis controls while moving to location.
11/5/2024 10:30:18 [Information] Time remaining: 00:00:00 zTargetEndTime = 10:30:20
11/5/2024 10:30:18 [Information] Stepper Motor Controller Disable Z Axis controls while moving to location.
11/5/2024 10:30:18 [Information] Time remaining: 00:00:00 zTargetEndTime = 10:30:20
11/5/2024 10:30:18 [Information] Stepper Motor Controller Disable Z Axis controls while moving to location.
11/5/2024 10:30:18 [Information] Time remaining: 00:00:00 zTargetEndTime = 10:30:20
11/5/2024 10:30:18 [Information] Stepper Motor Controller Disable Z Axis controls while moving to location.
11/5/2024 10:30:18 [Information] Time remaining: 00:00:00 zTargetEndTime = 10:30:20
11/5/2024 10:30:18 [Information] Stepper Motor Controller Disable Z Axis controls while moving to location.
11/5/2024 10:30:18 [Information] Time remaining: 00:00:00 zTargetEndTime = 10:30:20
11/5/2024 10:30:18 [Information] Stepper Motor Controller Disable Z Axis controls while moving to location.
11/5/2024 10:30:18 [Information] Time remaining: 00:00:00 zTargetEndTime = 10:30:20
11/5/2024 10:30:18 [Information] Stepper Motor Controller Disable Z Axis controls while moving to location.
11/5/2024 10:30:18 [Information] Time remaining: 00:00:00 zTargetEndTime = 10:30:20
11/5/2024 10:30:18 [Information] Stepper Motor Controller Disable Z Axis controls while moving to location.
11/5/2024 10:30:18 [Information] Time remaining: 00:00:00 zTargetEndTime = 10:30:20
11/5/2024 10:30:18 [Information] Stepper Motor Controller Disable Z Axis controls while moving to location.
11/5/2024 10:30:18 [Information] Time remaining: 00:00:00 zTargetEndTime = 10:30:20
11/5/2024 10:30:18 [Information] Stepper Motor Controller Disable Z Axis controls while moving to location.
11/5/2024 10:30:18 [Information] Time remaining: 00:00:00 zTargetEndTime = 10:30:20
11/5/2024 10:30:18 [Information] Stepper Motor Controller Disable Z Axis controls while moving to location.
11/5/2024 10:30:18 [Information] Time remaining: 00:00:00 zTargetEndTime = 10:30:20
11/5/2024 10:30:18 [Information] Stepper Motor Controller Disable Z Axis controls while moving to location.
11/5/2024 10:30:18 [Information] Time remaining: 00:00:00 zTargetEndTime = 10:30:20
11/5/2024 10:30:18 [Information] Stepper Motor Controller Disable Z Axis controls while moving to location.
11/5/2024 10:30:18 [Information] Time remaining: 00:00:00 zTargetEndTime = 10:30:20
11/5/2024 10:30:18 [Information] Stepper Motor Controller Disable Z Axis controls while moving to location.
11/5/2024 10:30:18 [Information] Time remaining: 00:00:00 zTargetEndTime = 10:30:20
11/5/2024 10:30:18 [Information] Stepper Motor Controller Disable Z Axis controls while moving to location.
11/5/2024 10:30:18 [Information] Time remaining: 00:00:00 zTargetEndTime = 10:30:20
11/5/2024 10:30:18 [Information] Stepper Motor Controller Disable Z Axis controls while moving to location.
11/5/2024 10:30:18 [Information] Time remaining: 00:00:00 zTargetEndTime = 10:30:20
11/5/2024 10:30:18 [Information] Stepper Motor Controller Disable Z Axis controls while moving to location.
11/5/2024 10:30:18 [Information] Time remaining: 00:00:00 zTargetEndTime = 10:30:20
11/5/2024 10:30:18 [Information] Stepper Motor Controller Disable Z Axis controls while moving to location.
11/5/2024 10:30:18 [Information] Time remaining: 00:00:00 zTargetEndTime = 10:30:20
11/5/2024 10:30:18 [Information] Stepper Motor Controller Disable Z Axis controls while moving to location.
11/5/2024 10:30:18 [Information] Time remaining: 00:00:00 zTargetEndTime = 10:30:20
11/5/2024 10:30:18 [Information] Stepper Motor Controller Disable Z Axis controls while moving to location.
11/5/2024 10:30:18 [Information] Time remaining: 00:00:00 zTargetEndTime = 10:30:20
11/5/2024 10:30:18 [Information] Stepper Motor Controller Disable Z Axis controls while moving to location.
11/5/2024 10:30:18 [Information] Time remaining: 00:00:00 zTargetEndTime = 10:30:20
11/5/2024 10:30:18 [Information] Stepper Motor Controller Disable Z Axis controls while moving to location.
11/5/2024 10:30:18 [Information] Time remaining: 00:00:00 zTargetEndTime = 10:30:20
11/5/2024 10:30:18 [Information] Stepper Motor Controller Disable Z Axis controls while moving to location.
11/5/2024 10:30:18 [Information] Time remaining: 00:00:00 zTargetEndTime = 10:30:20
11/5/2024 10:30:18 [Information] Stepper Motor Controller Disable Z Axis controls while moving to location.
11/5/2024 10:30:18 [Information] Time remaining: 00:00:00 zTargetEndTime = 10:30:20
11/5/2024 10:30:18 [Information] Stepper Motor Controller Disable Z Axis controls while moving to location.
11/5/2024 10:30:18 [Information] Time remaining: 00:00:00 zTargetEndTime = 10:30:20
11/5/2024 10:30:18 [Information] Stepper Motor Controller Disable Z Axis controls while moving to location.
11/5/2024 10:30:18 [Information] Time remaining: 00:00:00 zTargetEndTime = 10:30:20
11/5/2024 10:30:18 [Information] Stepper Motor Controller Disable Z Axis controls while moving to location.
11/5/2024 10:30:18 [Information] Time remaining: 00:00:00 zTargetEndTime = 10:30:20
11/5/2024 10:30:18 [Information] Stepper Motor Controller Disable Z Axis controls while moving to location.
11/5/2024 10:30:18 [Information] Time remaining: 00:00:00 zTargetEndTime = 10:30:20
11/5/2024 10:30:18 [Information] Stepper Motor Controller Disable Z Axis controls while moving to location.
11/5/2024 10:30:18 [Information] Time remaining: 00:00:00 zTargetEndTime = 10:30:20
11/5/2024 10:30:18 [Information] Stepper Motor Controller Disable Z Axis controls while moving to location.
11/5/2024 10:30:18 [Information] Time remaining: 00:00:00 zTargetEndTime = 10:30:20
11/5/2024 10:30:18 [Information] Stepper Motor Controller Disable Z Axis controls while moving to location.
11/5/2024 10:30:18 [Information] Time remaining: 00:00:00 zTargetEndTime = 10:30:20
11/5/2024 10:30:18 [Information] Stepper Motor Controller Disable Z Axis controls while moving to location.
11/5/2024 10:30:18 [Information] Time remaining: 00:00:00 zTargetEndTime = 10:30:20
11/5/2024 10:30:18 [Information] Stepper Motor Controller Disable Z Axis controls while moving to location.
11/5/2024 10:30:18 [Information] Time remaining: 00:00:00 zTargetEndTime = 10:30:20
11/5/2024 10:30:18 [Information] Stepper Motor Controller Disable Z Axis controls while moving to location.
11/5/2024 10:30:18 [Information] Time remaining: 00:00:00 zTargetEndTime = 10:30:20
11/5/2024 10:30:19 [Information] Stepper Motor Controller Disable Z Axis controls while moving to location.
11/5/2024 10:30:19 [Information] Time remaining: 00:00:00 zTargetEndTime = 10:30:20
11/5/2024 10:30:19 [Information] Stepper Motor Controller Disable Z Axis controls while moving to location.
11/5/2024 10:30:19 [Information] Time remaining: 00:00:00 zTargetEndTime = 10:30:20
11/5/2024 10:30:19 [Information] Stepper Motor Controller Disable Z Axis controls while moving to location.
11/5/2024 10:30:19 [Information] Time remaining: 00:00:00 zTargetEndTime = 10:30:20
11/5/2024 10:30:19 [Information] Stepper Motor Controller Disable Z Axis controls while moving to location.
11/5/2024 10:30:19 [Information] Time remaining: 00:00:00 zTargetEndTime = 10:30:20
11/5/2024 10:30:19 [Information] Stepper Motor Controller Disable Z Axis controls while moving to location.
11/5/2024 10:30:19 [Information] Time remaining: 00:00:00 zTargetEndTime = 10:30:20
11/5/2024 10:30:19 [Information] Stepper Motor Controller Disable Z Axis controls while moving to location.
11/5/2024 10:30:19 [Information] Time remaining: 00:00:00 zTargetEndTime = 10:30:20
11/5/2024 10:30:19 [Information] Stepper Motor Controller Disable Z Axis controls while moving to location.
11/5/2024 10:30:19 [Information] Time remaining: 00:00:00 zTargetEndTime = 10:30:20
11/5/2024 10:30:19 [Information] Stepper Motor Controller Disable Z Axis controls while moving to location.
11/5/2024 10:30:19 [Information] Time remaining: 00:00:00 zTargetEndTime = 10:30:20
11/5/2024 10:30:19 [Information] Stepper Motor Controller Disable Z Axis controls while moving to location.
11/5/2024 10:30:19 [Information] Time remaining: 00:00:00 zTargetEndTime = 10:30:20
11/5/2024 10:30:19 [Information] Stepper Motor Controller Disable Z Axis controls while moving to location.
11/5/2024 10:30:19 [Information] Time remaining: 00:00:00 zTargetEndTime = 10:30:20
11/5/2024 10:30:19 [Information] Stepper Motor Controller Disable Z Axis controls while moving to location.
11/5/2024 10:30:19 [Information] Time remaining: 00:00:00 zTargetEndTime = 10:30:20
11/5/2024 10:30:19 [Information] Stepper Motor Controller Disable Z Axis controls while moving to location.
11/5/2024 10:30:19 [Information] Time remaining: 00:00:00 zTargetEndTime = 10:30:20
11/5/2024 10:30:19 [Information] Stepper Motor Controller Disable Z Axis controls while moving to location.
11/5/2024 10:30:19 [Information] Time remaining: 00:00:00 zTargetEndTime = 10:30:20
11/5/2024 10:30:19 [Information] Stepper Motor Controller Disable Z Axis controls while moving to location.
11/5/2024 10:30:19 [Information] Time remaining: 00:00:00 zTargetEndTime = 10:30:20
11/5/2024 10:30:19 [Information] Stepper Motor Controller Disable Z Axis controls while moving to location.
11/5/2024 10:30:19 [Information] Time remaining: 00:00:00 zTargetEndTime = 10:30:20
11/5/2024 10:30:19 [Information] Stepper Motor Controller Disable Z Axis controls while moving to location.
11/5/2024 10:30:19 [Information] Time remaining: 00:00:00 zTargetEndTime = 10:30:20
11/5/2024 10:30:19 [Information] Stepper Motor Controller Disable Z Axis controls while moving to location.
11/5/2024 10:30:19 [Information] Time remaining: 00:00:00 zTargetEndTime = 10:30:20
11/5/2024 10:30:19 [Information] Stepper Motor Controller Disable Z Axis controls while moving to location.
11/5/2024 10:30:19 [Information] Time remaining: 00:00:00 zTargetEndTime = 10:30:20
11/5/2024 10:30:19 [Information] Stepper Motor Controller Disable Z Axis controls while moving to location.
11/5/2024 10:30:19 [Information] Time remaining: 00:00:00 zTargetEndTime = 10:30:20
11/5/2024 10:30:19 [Information] Stepper Motor Controller Disable Z Axis controls while moving to location.
11/5/2024 10:30:19 [Information] Time remaining: 00:00:00 zTargetEndTime = 10:30:20
11/5/2024 10:30:19 [Information] Stepper Motor Controller Disable Z Axis controls while moving to location.
11/5/2024 10:30:19 [Information] Time remaining: 00:00:01 zTargetEndTime = 10:30:20
11/5/2024 10:30:19 [Information] Stepper Motor Controller Disable Z Axis controls while moving to location.
11/5/2024 10:30:19 [Information] Time remaining: 00:00:01 zTargetEndTime = 10:30:20
11/5/2024 10:30:19 [Information] Stepper Motor Controller Disable Z Axis controls while moving to location.
11/5/2024 10:30:19 [Information] Time remaining: 00:00:01 zTargetEndTime = 10:30:20
11/5/2024 10:30:19 [Information] Stepper Motor Controller Disable Z Axis controls while moving to location.
11/5/2024 10:30:19 [Information] Time remaining: 00:00:01 zTargetEndTime = 10:30:20
11/5/2024 10:30:19 [Information] Stepper Motor Controller Disable Z Axis controls while moving to location.
11/5/2024 10:30:19 [Information] Time remaining: 00:00:01 zTargetEndTime = 10:30:20
11/5/2024 10:30:19 [Information] Stepper Motor Controller Disable Z Axis controls while moving to location.
11/5/2024 10:30:19 [Information] Time remaining: 00:00:01 zTargetEndTime = 10:30:20
11/5/2024 10:30:19 [Information] Stepper Motor Controller Disable Z Axis controls while moving to location.
11/5/2024 10:30:19 [Information] Time remaining: 00:00:01 zTargetEndTime = 10:30:20
11/5/2024 10:30:19 [Information] Stepper Motor Controller Disable Z Axis controls while moving to location.
11/5/2024 10:30:19 [Information] Time remaining: 00:00:01 zTargetEndTime = 10:30:20
11/5/2024 10:30:19 [Information] Stepper Motor Controller Disable Z Axis controls while moving to location.
11/5/2024 10:30:19 [Information] Time remaining: 00:00:01 zTargetEndTime = 10:30:20
11/5/2024 10:30:19 [Information] Stepper Motor Controller Disable Z Axis controls while moving to location.
11/5/2024 10:30:19 [Information] Time remaining: 00:00:01 zTargetEndTime = 10:30:20
11/5/2024 10:30:19 [Information] Stepper Motor Controller Disable Z Axis controls while moving to location.
11/5/2024 10:30:19 [Information] Time remaining: 00:00:01 zTargetEndTime = 10:30:20
11/5/2024 10:30:19 [Information] Stepper Motor Controller Disable Z Axis controls while moving to location.
11/5/2024 10:30:19 [Information] Time remaining: 00:00:01 zTargetEndTime = 10:30:20
11/5/2024 10:30:19 [Information] Stepper Motor Controller Disable Z Axis controls while moving to location.
11/5/2024 10:30:19 [Information] Time remaining: 00:00:01 zTargetEndTime = 10:30:20
11/5/2024 10:30:19 [Information] Stepper Motor Controller Disable Z Axis controls while moving to location.
11/5/2024 10:30:19 [Information] Time remaining: 00:00:01 zTargetEndTime = 10:30:20
11/5/2024 10:30:19 [Information] Stepper Motor Controller Disable Z Axis controls while moving to location.
11/5/2024 10:30:19 [Information] Time remaining: 00:00:01 zTargetEndTime = 10:30:20
11/5/2024 10:30:19 [Information] Stepper Motor Controller Disable Z Axis controls while moving to location.
11/5/2024 10:30:19 [Information] Time remaining: 00:00:01 zTargetEndTime = 10:30:20
11/5/2024 10:30:19 [Information] Stepper Motor Controller Disable Z Axis controls while moving to location.
11/5/2024 10:30:19 [Information] Time remaining: 00:00:01 zTargetEndTime = 10:30:20
11/5/2024 10:30:19 [Information] Stepper Motor Controller Disable Z Axis controls while moving to location.
11/5/2024 10:30:19 [Information] Time remaining: 00:00:01 zTargetEndTime = 10:30:20
11/5/2024 10:30:19 [Information] Stepper Motor Controller Disable Z Axis controls while moving to location.
11/5/2024 10:30:19 [Information] Time remaining: 00:00:01 zTargetEndTime = 10:30:20
11/5/2024 10:30:19 [Information] Stepper Motor Controller Disable Z Axis controls while moving to location.
11/5/2024 10:30:19 [Information] Time remaining: 00:00:01 zTargetEndTime = 10:30:20
11/5/2024 10:30:19 [Information] Stepper Motor Controller Disable Z Axis controls while moving to location.
11/5/2024 10:30:19 [Information] Time remaining: 00:00:01 zTargetEndTime = 10:30:20
11/5/2024 10:30:19 [Information] Stepper Motor Controller Disable Z Axis controls while moving to location.
11/5/2024 10:30:19 [Information] Time remaining: 00:00:01 zTargetEndTime = 10:30:20
11/5/2024 10:30:19 [Information] Stepper Motor Controller Disable Z Axis controls while moving to location.
11/5/2024 10:30:19 [Information] Time remaining: 00:00:01 zTargetEndTime = 10:30:20
11/5/2024 10:30:19 [Information] Stepper Motor Controller Disable Z Axis controls while moving to location.
11/5/2024 10:30:19 [Information] Time remaining: 00:00:01 zTargetEndTime = 10:30:20
11/5/2024 10:30:19 [Information] Stepper Motor Controller Disable Z Axis controls while moving to location.
11/5/2024 10:30:19 [Information] Time remaining: 00:00:01 zTargetEndTime = 10:30:20
11/5/2024 10:30:19 [Information] Stepper Motor Controller Disable Z Axis controls while moving to location.
11/5/2024 10:30:19 [Information] Time remaining: 00:00:01 zTargetEndTime = 10:30:20
11/5/2024 10:30:19 [Information] Stepper Motor Controller Disable Z Axis controls while moving to location.
11/5/2024 10:30:19 [Information] Time remaining: 00:00:01 zTargetEndTime = 10:30:20
11/5/2024 10:30:19 [Information] Stepper Motor Controller Disable Z Axis controls while moving to location.
11/5/2024 10:30:19 [Information] Time remaining: 00:00:01 zTargetEndTime = 10:30:20
11/5/2024 10:30:19 [Information] Stepper Motor Controller Disable Z Axis controls while moving to location.
11/5/2024 10:30:19 [Information] Time remaining: 00:00:01 zTargetEndTime = 10:30:20
11/5/2024 10:30:19 [Information] Stepper Motor Controller Disable Z Axis controls while moving to location.
11/5/2024 10:30:19 [Information] Time remaining: 00:00:01 zTargetEndTime = 10:30:20
11/5/2024 10:30:19 [Information] Stepper Motor Controller Disable Z Axis controls while moving to location.
11/5/2024 10:30:19 [Information] Time remaining: 00:00:01 zTargetEndTime = 10:30:20
11/5/2024 10:30:20 [Information] Stepper Motor Controller Disable Z Axis controls while moving to location.
11/5/2024 10:30:20 [Information] Time remaining: 00:00:01 zTargetEndTime = 10:30:20
11/5/2024 10:30:20 [Information] Stepper Motor Controller Disable Z Axis controls while moving to location.
11/5/2024 10:30:20 [Information] Time remaining: 00:00:01 zTargetEndTime = 10:30:20
11/5/2024 10:30:20 [Information] Stepper Motor Controller Disable Z Axis controls while moving to location.
11/5/2024 10:30:20 [Information] Time remaining: 00:00:01 zTargetEndTime = 10:30:20
11/5/2024 10:30:20 [Information] Stepper Motor Controller Disable Z Axis controls while moving to location.
11/5/2024 10:30:20 [Information] Time remaining: 00:00:01 zTargetEndTime = 10:30:20
11/5/2024 10:30:20 [Information] Stepper Motor Controller Disable Z Axis controls while moving to location.
11/5/2024 10:30:20 [Information] Time remaining: 00:00:01 zTargetEndTime = 10:30:20
11/5/2024 10:30:20 [Information] Stepper Motor Controller Disable Z Axis controls while moving to location.
11/5/2024 10:30:20 [Information] Time remaining: 00:00:01 zTargetEndTime = 10:30:20
11/5/2024 10:30:20 [Information] Stepper Motor Controller Disable Z Axis controls while moving to location.
11/5/2024 10:30:20 [Information] Time remaining: 00:00:01 zTargetEndTime = 10:30:20
11/5/2024 10:30:20 [Information] Stepper Motor Controller Disable Z Axis controls while moving to location.
11/5/2024 10:30:20 [Information] Time remaining: 00:00:01 zTargetEndTime = 10:30:20
11/5/2024 10:30:20 [Information] Stepper Motor Controller Disable Z Axis controls while moving to location.
11/5/2024 10:30:20 [Information] Time remaining: 00:00:01 zTargetEndTime = 10:30:20
11/5/2024 10:30:20 [Information] Stepper Motor Controller Disable Z Axis controls while moving to location.
11/5/2024 10:30:20 [Information] Time remaining: 00:00:01 zTargetEndTime = 10:30:20
11/5/2024 10:30:20 [Information] Stepper Motor Controller Disable Z Axis controls while moving to location.
11/5/2024 10:30:20 [Information] Time remaining: 00:00:01 zTargetEndTime = 10:30:20
11/5/2024 10:30:20 [Information] Stepper Motor Controller Disable Z Axis controls while moving to location.
11/5/2024 10:30:20 [Information] Time remaining: 00:00:01 zTargetEndTime = 10:30:20
11/5/2024 10:30:20 [Information] Stepper Motor Controller Disable Z Axis controls while moving to location.
11/5/2024 10:30:20 [Information] Time remaining: 00:00:01 zTargetEndTime = 10:30:20
11/5/2024 10:30:20 [Information] Stepper Motor Controller Disable Z Axis controls while moving to location.
11/5/2024 10:30:20 [Information] Time remaining: 00:00:01 zTargetEndTime = 10:30:20
11/5/2024 10:30:20 [Information] Stepper Motor Controller Disable Z Axis controls while moving to location.
11/5/2024 10:30:20 [Information] Time remaining: 00:00:01 zTargetEndTime = 10:30:20
11/5/2024 10:30:20 [Information] Stepper Motor Controller Enable Z Axis controls after moving to location.
11/5/2024 10:30:20 [Information] Stepper Motor Controller Stopwatch Stopped.
11/5/2024 10:30:20 [Information] Stepper Motor Controller Timer Stopped.
11/5/2024 10:30:20 [Information] Stepper Motor Controller Stopwatch Reset.
11/5/2024 10:30:52 [Information] ZAxisRun_Click button clicked:
11/5/2024 10:30:52 [Information] Z Axis MotorMovementSeconds decimal: (12.08 / 4) / 2 = 1.51
11/5/2024 10:30:52 [Information] Z Axis myMovementTimer int: 1000 * 1.51 = 2000
11/5/2024 10:30:53 [Information] Z Axis Run Event: Z,0.00,400.00,0,0.00,400.00,0,12.08,400.00,0
11/5/2024 10:30:53 [Information] Z Axis Current Time: 10:30:53 + 2000 = zTargetEndTime: 10:30:55
11/5/2024 10:30:53 [Information] Stepper Motor Controller Disable Z Axis controls while moving to location.
11/5/2024 10:30:53 [Information] Time remaining: 00:00:00 zTargetEndTime = 10:30:55
11/5/2024 10:30:53 [Information] Stepper Motor Controller Disable Z Axis controls while moving to location.
11/5/2024 10:30:53 [Information] Time remaining: 00:00:00 zTargetEndTime = 10:30:55
11/5/2024 10:30:53 [Information] Stepper Motor Controller Disable Z Axis controls while moving to location.
11/5/2024 10:30:53 [Information] Time remaining: 00:00:00 zTargetEndTime = 10:30:55
11/5/2024 10:30:53 [Information] Stepper Motor Controller Disable Z Axis controls while moving to location.
11/5/2024 10:30:53 [Information] Time remaining: 00:00:00 zTargetEndTime = 10:30:55
11/5/2024 10:30:53 [Information] Stepper Motor Controller Disable Z Axis controls while moving to location.
11/5/2024 10:30:53 [Information] Time remaining: 00:00:00 zTargetEndTime = 10:30:55
11/5/2024 10:30:53 [Information] Stepper Motor Controller Disable Z Axis controls while moving to location.
11/5/2024 10:30:53 [Information] Time remaining: 00:00:00 zTargetEndTime = 10:30:55
11/5/2024 10:30:53 [Information] Stepper Motor Controller Disable Z Axis controls while moving to location.
11/5/2024 10:30:53 [Information] Time remaining: 00:00:00 zTargetEndTime = 10:30:55
11/5/2024 10:30:53 [Information] Stepper Motor Controller Disable Z Axis controls while moving to location.
11/5/2024 10:30:53 [Information] Time remaining: 00:00:00 zTargetEndTime = 10:30:55
11/5/2024 10:30:53 [Information] Stepper Motor Controller Disable Z Axis controls while moving to location.
11/5/2024 10:30:53 [Information] Time remaining: 00:00:00 zTargetEndTime = 10:30:55
11/5/2024 10:30:53 [Information] Stepper Motor Controller Disable Z Axis controls while moving to location.
11/5/2024 10:30:53 [Information] Time remaining: 00:00:00 zTargetEndTime = 10:30:55
11/5/2024 10:30:53 [Information] Stepper Motor Controller Disable Z Axis controls while moving to location.
11/5/2024 10:30:53 [Information] Time remaining: 00:00:00 zTargetEndTime = 10:30:55
11/5/2024 10:30:53 [Information] Stepper Motor Controller Disable Z Axis controls while moving to location.
11/5/2024 10:30:53 [Information] Time remaining: 00:00:00 zTargetEndTime = 10:30:55
11/5/2024 10:30:53 [Information] Stepper Motor Controller Disable Z Axis controls while moving to location.
11/5/2024 10:30:53 [Information] Time remaining: 00:00:00 zTargetEndTime = 10:30:55
11/5/2024 10:30:53 [Information] Stepper Motor Controller Disable Z Axis controls while moving to location.
11/5/2024 10:30:53 [Information] Time remaining: 00:00:00 zTargetEndTime = 10:30:55
11/5/2024 10:30:53 [Information] Stepper Motor Controller Disable Z Axis controls while moving to location.
11/5/2024 10:30:53 [Information] Time remaining: 00:00:00 zTargetEndTime = 10:30:55
11/5/2024 10:30:53 [Information] Stepper Motor Controller Disable Z Axis controls while moving to location.
11/5/2024 10:30:53 [Information] Time remaining: 00:00:00 zTargetEndTime = 10:30:55
11/5/2024 10:30:53 [Information] Stepper Motor Controller Disable Z Axis controls while moving to location.
11/5/2024 10:30:53 [Information] Time remaining: 00:00:00 zTargetEndTime = 10:30:55
11/5/2024 10:30:53 [Information] Z Axis Data Received: Z Axis CW Motor Stopped
Z Axis CW Motor Current Position: 1314

11/5/2024 10:30:53 [Information] Updated X,Y Zero.IsChecked status to 0 and Z Zero.IsChecked status to 1.
11/5/2024 10:30:53 [Information] ZAxisRun_Click button clicked:
11/5/2024 10:30:53 [Information] Z Axis Run Event to reset Axis to zero: Z,0.00,400.00,0,0.00,400.00,0,0.00,400.00,1
11/5/2024 10:30:53 [Information] Setting Z Axis Current Location Set to Zero on DRO
11/5/2024 10:30:54 [Information] Updated X,Y,Z Zero.IsChecked status to 0.
11/5/2024 10:30:55 [Information] Z Axis Current Location Set to Zero
11/5/2024 10:31:08 [Information] Z Axis CW Motor Current Position: 32.32
11/5/2024 10:31:25 [Information] Z Axis mouse controlled Keypad returned: 64.00
11/5/2024 10:31:27 [Information] ZAxisRun_Click button clicked:
11/5/2024 10:31:27 [Information] Z Axis MotorMovementSeconds decimal: (64.00 / 4) / 2 = 8.00
11/5/2024 10:31:27 [Information] Z Axis myMovementTimer int: 1000 * 8.00 = 8000
11/5/2024 10:31:28 [Information] Z Axis Run Event: Z,0.00,400.00,0,0.00,400.00,0,96.32,400.00,0
11/5/2024 10:31:28 [Information] Z Axis Current Time: 10:31:28 + 8000 = zTargetEndTime: 10:31:36
11/5/2024 10:31:28 [Information] Stepper Motor Controller Disable Z Axis controls while moving to location.
11/5/2024 10:31:28 [Information] Time remaining: 00:00:00 zTargetEndTime = 10:31:36
11/5/2024 10:31:28 [Information] Stepper Motor Controller Disable Z Axis controls while moving to location.
11/5/2024 10:31:28 [Information] Time remaining: 00:00:00 zTargetEndTime = 10:31:36
11/5/2024 10:31:28 [Information] Stepper Motor Controller Disable Z Axis controls while moving to location.
11/5/2024 10:31:28 [Information] Time remaining: 00:00:00 zTargetEndTime = 10:31:36
11/5/2024 10:31:28 [Information] Stepper Motor Controller Disable Z Axis controls while moving to location.
11/5/2024 10:31:28 [Information] Time remaining: 00:00:00 zTargetEndTime = 10:31:36
11/5/2024 10:31:28 [Information] Stepper Motor Controller Disable Z Axis controls while moving to location.
11/5/2024 10:31:28 [Information] Time remaining: 00:00:00 zTargetEndTime = 10:31:36
11/5/2024 10:31:28 [Information] Stepper Motor Controller Disable Z Axis controls while moving to location.
11/5/2024 10:31:28 [Information] Time remaining: 00:00:00 zTargetEndTime = 10:31:36
11/5/2024 10:31:28 [Information] Stepper Motor Controller Disable Z Axis controls while moving to location.
11/5/2024 10:31:28 [Information] Time remaining: 00:00:00 zTargetEndTime = 10:31:36
11/5/2024 10:31:28 [Information] Stepper Motor Controller Disable Z Axis controls while moving to location.
11/5/2024 10:31:28 [Information] Time remaining: 00:00:00 zTargetEndTime = 10:31:36
11/5/2024 10:31:28 [Information] Stepper Motor Controller Disable Z Axis controls while moving to location.
11/5/2024 10:31:28 [Information] Time remaining: 00:00:00 zTargetEndTime = 10:31:36
11/5/2024 10:31:28 [Information] Stepper Motor Controller Disable Z Axis controls while moving to location.
11/5/2024 10:31:28 [Information] Time remaining: 00:00:00 zTargetEndTime = 10:31:36
11/5/2024 10:31:28 [Information] Stepper Motor Controller Disable Z Axis controls while moving to location.
11/5/2024 10:31:28 [Information] Time remaining: 00:00:00 zTargetEndTime = 10:31:36
11/5/2024 10:31:28 [Information] Stepper Motor Controller Disable Z Axis controls while moving to location.
11/5/2024 10:31:28 [Information] Time remaining: 00:00:00 zTargetEndTime = 10:31:36
11/5/2024 10:31:28 [Information] Stepper Motor Controller Disable Z Axis controls while moving to location.
11/5/2024 10:31:28 [Information] Time remaining: 00:00:00 zTargetEndTime = 10:31:36
11/5/2024 10:31:28 [Information] Stepper Motor Controller Disable Z Axis controls while moving to location.
11/5/2024 10:31:28 [Information] Time remaining: 00:00:00 zTargetEndTime = 10:31:36
11/5/2024 10:31:28 [Information] Stepper Motor Controller Disable Z Axis controls while moving to location.
11/5/2024 10:31:28 [Information] Time remaining: 00:00:00 zTargetEndTime = 10:31:36
11/5/2024 10:31:28 [Information] Stepper Motor Controller Disable Z Axis controls while moving to location.
11/5/2024 10:31:28 [Information] Time remaining: 00:00:00 zTargetEndTime = 10:31:36
11/5/2024 10:31:28 [Information] Stepper Motor Controller Disable Z Axis controls while moving to location.
11/5/2024 10:31:28 [Information] Time remaining: 00:00:00 zTargetEndTime = 10:31:36
11/5/2024 10:31:28 [Information] Stepper Motor Controller Disable Z Axis controls while moving to location.
11/5/2024 10:31:28 [Information] Time remaining: 00:00:00 zTargetEndTime = 10:31:36
11/5/2024 10:31:28 [Information] Stepper Motor Controller Disable Z Axis controls while moving to location.
11/5/2024 10:31:28 [Information] Time remaining: 00:00:00 zTargetEndTime = 10:31:36
11/5/2024 10:31:28 [Information] Stepper Motor Controller Disable Z Axis controls while moving to location.
11/5/2024 10:31:28 [Information] Time remaining: 00:00:00 zTargetEndTime = 10:31:36
11/5/2024 10:31:28 [Information] Stepper Motor Controller Disable Z Axis controls while moving to location.
11/5/2024 10:31:28 [Information] Time remaining: 00:00:00 zTargetEndTime = 10:31:36
11/5/2024 10:31:28 [Information] Z Axis Data Received: Z Axis CW Motor Stopped
Z Axis CW Motor Current Position: 93

11/5/2024 10:31:28 [Information] Updated X,Y Zero.IsChecked status to 0 and Z Zero.IsChecked status to 1.
11/5/2024 10:31:28 [Information] ZAxisRun_Click button clicked:
11/5/2024 10:31:28 [Information] Z Axis Run Event to reset Axis to zero: Z,0.00,400.00,0,0.00,400.00,0,0.00,400.00,1
11/5/2024 10:31:28 [Information] Setting Z Axis Current Location Set to Zero on DRO
11/5/2024 10:31:29 [Information] Updated X,Y,Z Zero.IsChecked status to 0.
11/5/2024 10:31:29 [Information] Z Axis Current Location Set to Zero
11/5/2024 10:31:40 [Information] Z Axis CW Motor Current Position: 34.18
11/5/2024 10:31:51 [Information] Updated X,Y Zero.IsChecked status to 0 and Z Zero.IsChecked status to 1.
11/5/2024 10:31:54 [Information] ZAxisRun_Click button clicked:
11/5/2024 10:31:54 [Information] Z Axis Run Event to reset Axis to zero: Z,0.00,400.00,0,0.00,400.00,0,0.00,400.00,1
11/5/2024 10:31:54 [Information] Setting Z Axis Current Location Set to Zero on DRO
11/5/2024 10:31:55 [Information] Updated X,Y,Z Zero.IsChecked status to 0.
11/5/2024 10:31:55 [Information] Z Axis Current Location Set to Zero
11/5/2024 10:32:17 [Information] Z Axis mouse controlled Keypad returned: 64.00
11/5/2024 10:32:21 [Information] ZAxisRun_Click button clicked:
11/5/2024 10:32:21 [Information] Z Axis MotorMovementSeconds decimal: (64.00 / 4) / 2 = 8.00
11/5/2024 10:32:21 [Information] Z Axis myMovementTimer int: 1000 * 8.00 = 8000
11/5/2024 10:32:22 [Information] Z Axis Run Event: Z,0.00,400.00,0,0.00,400.00,0,64.00,400.00,0
11/5/2024 10:32:22 [Information] Z Axis Current Time: 10:32:22 + 8000 = zTargetEndTime: 10:32:30
11/5/2024 10:32:22 [Information] Stepper Motor Controller Disable Z Axis controls while moving to location.
11/5/2024 10:32:22 [Information] Time remaining: 00:00:00 zTargetEndTime = 10:32:30
11/5/2024 10:32:22 [Information] Stepper Motor Controller Disable Z Axis controls while moving to location.
11/5/2024 10:32:22 [Information] Time remaining: 00:00:00 zTargetEndTime = 10:32:30
11/5/2024 10:32:22 [Information] Stepper Motor Controller Disable Z Axis controls while moving to location.
11/5/2024 10:32:22 [Information] Time remaining: 00:00:00 zTargetEndTime = 10:32:30
11/5/2024 10:32:22 [Information] Stepper Motor Controller Disable Z Axis controls while moving to location.
11/5/2024 10:32:22 [Information] Time remaining: 00:00:00 zTargetEndTime = 10:32:30
11/5/2024 10:32:22 [Information] Stepper Motor Controller Disable Z Axis controls while moving to location.
11/5/2024 10:32:22 [Information] Time remaining: 00:00:00 zTargetEndTime = 10:32:30
11/5/2024 10:32:22 [Information] Stepper Motor Controller Disable Z Axis controls while moving to location.
11/5/2024 10:32:22 [Information] Time remaining: 00:00:00 zTargetEndTime = 10:32:30
11/5/2024 10:32:22 [Information] Stepper Motor Controller Disable Z Axis controls while moving to location.
11/5/2024 10:32:22 [Information] Time remaining: 00:00:00 zTargetEndTime = 10:32:30
11/5/2024 10:32:22 [Information] Stepper Motor Controller Disable Z Axis controls while moving to location.
11/5/2024 10:32:22 [Information] Time remaining: 00:00:00 zTargetEndTime = 10:32:30
11/5/2024 10:32:22 [Information] Stepper Motor Controller Disable Z Axis controls while moving to location.
11/5/2024 10:32:22 [Information] Time remaining: 00:00:00 zTargetEndTime = 10:32:30
11/5/2024 10:32:22 [Information] Stepper Motor Controller Disable Z Axis controls while moving to location.
11/5/2024 10:32:22 [Information] Time remaining: 00:00:00 zTargetEndTime = 10:32:30
11/5/2024 10:32:22 [Information] Stepper Motor Controller Disable Z Axis controls while moving to location.
11/5/2024 10:32:22 [Information] Time remaining: 00:00:01 zTargetEndTime = 10:32:30
11/5/2024 10:32:22 [Information] Stepper Motor Controller Disable Z Axis controls while moving to location.
11/5/2024 10:32:22 [Information] Time remaining: 00:00:01 zTargetEndTime = 10:32:30
11/5/2024 10:32:22 [Information] Stepper Motor Controller Disable Z Axis controls while moving to location.
11/5/2024 10:32:22 [Information] Time remaining: 00:00:01 zTargetEndTime = 10:32:30
11/5/2024 10:32:23 [Information] Stepper Motor Controller Disable Z Axis controls while moving to location.
11/5/2024 10:32:23 [Information] Time remaining: 00:00:01 zTargetEndTime = 10:32:30
11/5/2024 10:32:23 [Information] Stepper Motor Controller Disable Z Axis controls while moving to location.
11/5/2024 10:32:23 [Information] Time remaining: 00:00:01 zTargetEndTime = 10:32:30
11/5/2024 10:32:23 [Information] Stepper Motor Controller Disable Z Axis controls while moving to location.
11/5/2024 10:32:23 [Information] Time remaining: 00:00:01 zTargetEndTime = 10:32:30
11/5/2024 10:32:23 [Information] Stepper Motor Controller Disable Z Axis controls while moving to location.
11/5/2024 10:32:23 [Information] Time remaining: 00:00:01 zTargetEndTime = 10:32:30
11/5/2024 10:32:23 [Information] Z Axis Data Received: Z Axis CW Motor Stopped
Z Axis CW Motor Current Position: 89

11/5/2024 10:32:23 [Information] Time remaining: 00:00:01 zTargetEndTime = 10:32:30
11/5/2024 10:32:23 [Information] Updated X,Y Zero.IsChecked status to 0 and Z Zero.IsChecked status to 1.
11/5/2024 10:32:23 [Information] ZAxisRun_Click button clicked:
11/5/2024 10:32:23 [Information] Z Axis Run Event to reset Axis to zero: Z,0.00,400.00,0,0.00,400.00,0,0.00,400.00,1
11/5/2024 10:32:23 [Information] Setting Z Axis Current Location Set to Zero on DRO
11/5/2024 10:32:24 [Information] Updated X,Y,Z Zero.IsChecked status to 0.
11/5/2024 10:32:24 [Information] Z Axis Current Location Set to Zero
11/5/2024 10:32:31 [Information] Z Axis CW Motor Current Position: 1.78
11/5/2024 10:32:41 [Information] Z Axis mouse controlled Keypad returned: 64.00
11/5/2024 10:32:43 [Information] ZAxisRun_Click button clicked:
11/5/2024 10:32:43 [Information] Z Axis MotorMovementSeconds decimal: (64.00 / 4) / 2 = 8.00
11/5/2024 10:32:43 [Information] Z Axis myMovementTimer int: 1000 * 8.00 = 8000
11/5/2024 10:32:44 [Information] Z Axis Run Event: Z,0.00,400.00,0,0.00,400.00,0,65.78,400.00,0
11/5/2024 10:32:44 [Information] Z Axis Current Time: 10:32:44 + 8000 = zTargetEndTime: 10:32:52
11/5/2024 10:32:44 [Information] Stepper Motor Controller Disable Z Axis controls while moving to location.
11/5/2024 10:32:44 [Information] Time remaining: 00:00:01 zTargetEndTime = 10:32:52
11/5/2024 10:32:44 [Information] Stepper Motor Controller Disable Z Axis controls while moving to location.
11/5/2024 10:32:44 [Information] Time remaining: 00:00:01 zTargetEndTime = 10:32:52
11/5/2024 10:32:44 [Information] Stepper Motor Controller Disable Z Axis controls while moving to location.
11/5/2024 10:32:44 [Information] Time remaining: 00:00:01 zTargetEndTime = 10:32:52
11/5/2024 10:32:44 [Information] Stepper Motor Controller Disable Z Axis controls while moving to location.
11/5/2024 10:32:44 [Information] Time remaining: 00:00:01 zTargetEndTime = 10:32:52
11/5/2024 10:32:44 [Information] Stepper Motor Controller Disable Z Axis controls while moving to location.
11/5/2024 10:32:44 [Information] Time remaining: 00:00:01 zTargetEndTime = 10:32:52
11/5/2024 10:32:44 [Information] Stepper Motor Controller Disable Z Axis controls while moving to location.
11/5/2024 10:32:44 [Information] Time remaining: 00:00:01 zTargetEndTime = 10:32:52
11/5/2024 10:32:44 [Information] Stepper Motor Controller Disable Z Axis controls while moving to location.
11/5/2024 10:32:44 [Information] Time remaining: 00:00:01 zTargetEndTime = 10:32:52
11/5/2024 10:32:44 [Information] Stepper Motor Controller Disable Z Axis controls while moving to location.
11/5/2024 10:32:44 [Information] Time remaining: 00:00:01 zTargetEndTime = 10:32:52
11/5/2024 10:32:44 [Information] Stepper Motor Controller Disable Z Axis controls while moving to location.
11/5/2024 10:32:44 [Information] Time remaining: 00:00:01 zTargetEndTime = 10:32:52
11/5/2024 10:32:44 [Information] Stepper Motor Controller Disable Z Axis controls while moving to location.
11/5/2024 10:32:44 [Information] Time remaining: 00:00:01 zTargetEndTime = 10:32:52
11/5/2024 10:32:44 [Information] Stepper Motor Controller Disable Z Axis controls while moving to location.
11/5/2024 10:32:44 [Information] Time remaining: 00:00:01 zTargetEndTime = 10:32:52
11/5/2024 10:32:44 [Information] Stepper Motor Controller Disable Z Axis controls while moving to location.
11/5/2024 10:32:44 [Information] Time remaining: 00:00:01 zTargetEndTime = 10:32:52
11/5/2024 10:32:44 [Information] Stepper Motor Controller Disable Z Axis controls while moving to location.
11/5/2024 10:32:44 [Information] Time remaining: 00:00:01 zTargetEndTime = 10:32:52
11/5/2024 10:32:44 [Information] Stepper Motor Controller Disable Z Axis controls while moving to location.
11/5/2024 10:32:44 [Information] Time remaining: 00:00:01 zTargetEndTime = 10:32:52
11/5/2024 10:32:44 [Information] Stepper Motor Controller Disable Z Axis controls while moving to location.
11/5/2024 10:32:44 [Information] Time remaining: 00:00:01 zTargetEndTime = 10:32:52
11/5/2024 10:32:44 [Information] Stepper Motor Controller Disable Z Axis controls while moving to location.
11/5/2024 10:32:44 [Information] Time remaining: 00:00:01 zTargetEndTime = 10:32:52
11/5/2024 10:32:44 [Information] Stepper Motor Controller Disable Z Axis controls while moving to location.
11/5/2024 10:32:44 [Information] Time remaining: 00:00:01 zTargetEndTime = 10:32:52
11/5/2024 10:32:44 [Information] Stepper Motor Controller Disable Z Axis controls while moving to location.
11/5/2024 10:32:44 [Information] Time remaining: 00:00:01 zTargetEndTime = 10:32:52
11/5/2024 10:32:44 [Information] Z Axis Data Received: Z Axis CW Motor Stopped
Z Axis CW Motor Current Position: 85

11/5/2024 10:32:44 [Information] Updated X,Y Zero.IsChecked status to 0 and Z Zero.IsChecked status to 1.
11/5/2024 10:32:44 [Information] ZAxisRun_Click button clicked:
11/5/2024 10:32:44 [Information] Z Axis Run Event to reset Axis to zero: Z,0.00,400.00,0,0.00,400.00,0,0.00,400.00,1
11/5/2024 10:32:44 [Information] Setting Z Axis Current Location Set to Zero on DRO
11/5/2024 10:32:45 [Information] Updated X,Y,Z Zero.IsChecked status to 0.
11/5/2024 10:32:45 [Information] Z Axis Current Location Set to Zero
11/5/2024 10:32:55 [Information] Z Axis CW Motor Current Position: 3.48
11/5/2024 10:33:11 [Information] Stepper Motor Controller MainWindow Closing.
11/5/2024 10:33:11 [Information] Stepper Motor Controller Serial Ports closed.
11/5/2024 10:33:11 [Information] Properties Settings Saved.
11/5/2024 10:33:11 [Information] Properties Settings Form Closed.
11/5/2024 10:33:11 [Information] Stepper Motor Controller Form Closed.
