11/5/2024 09:39:25 [Information] Stepper Motor Controller Application Started.
11/5/2024 09:39:25 [Information] Version: 3.0.9075.17378 (11/5/2024 09:39:25)
11/5/2024 09:39:25 [Information] X Axis SerialPort COM7 not connected.
11/5/2024 09:39:25 [Information] Y Axis SerialPort COM8 not connected.
11/5/2024 09:39:25 [Information] Version: 3.1.0.17379 (11/5/2024 09:39:25)
11/5/2024 09:39:25 [Information] Version: 3.1.0.17379 (11/5/2024 09:39:25)
11/5/2024 09:39:25 [Information] Stepper Motor Controller Application Settings Window Opened.
11/5/2024 09:39:25 [Information] Stepper Motor Controller Application Settings form is rebuilt each and every time it is opened.
11/5/2024 09:39:25 [Information] int: 9600 BaudRate added to the Settings Form.
11/5/2024 09:39:25 [Information] bool: False ckbXaxisResetToZeroIsChecked added to the Settings Form.
11/5/2024 09:39:25 [Information] bool: False ckbYaxisResetToZeroIsChecked added to the Settings Form.
11/5/2024 09:39:25 [Information] bool: False ckbZaxisResetToZeroIsChecked added to the Settings Form.
11/5/2024 09:39:25 [Information] COM1: ComPort added to the Settings Form.
11/5/2024 09:39:25 [Information] COM2: ComPort added to the Settings Form.
11/5/2024 09:39:25 [Information] COM3: ComPort added to the Settings Form.
11/5/2024 09:39:25 [Information] COM4: ComPort added to the Settings Form.
11/5/2024 09:39:25 [Information] COM5: ComPort added to the Settings Form.
11/5/2024 09:39:25 [Information] COM6: ComPort added to the Settings Form.
11/5/2024 09:39:25 [Information] COM7: ComPort added to the Settings Form.
11/5/2024 09:39:25 [Information] COM8: ComPort added to the Settings Form.
11/5/2024 09:39:25 [Information] COM9: ComPort added to the Settings Form.
11/5/2024 09:39:25 [Information] COM10: ComPort added to the Settings Form.
11/5/2024 09:39:25 [Information] decimal: 4.00 Divider4_00 added to the Settings Form.
11/5/2024 09:39:25 [Information] decimal: 0.00 MathPart2Initlz added to the Settings Form.
11/5/2024 09:39:25 [Information] decimal: 1.00 MilisecondTimerInterval added to the Settings Form.
11/5/2024 09:39:25 [Information] decimal: 1000.00 MillisecondDelay added to the Settings Form.
11/5/2024 09:39:25 [Information] int: 1000 Milliseconds added to the Settings Form.
11/5/2024 09:39:25 [Information] int: 4 mmPerRevolution added to the Settings Form.
11/5/2024 09:39:25 [Information] int: 2000 ThreadSleep added to the Settings Form.
11/5/2024 09:39:25 [Information] decimal: 0.00 Value_0_00 added to the Settings Form.
11/5/2024 09:39:25 [Information] decimal: 50.00 XaxisAcceleration added to the Settings Form.
11/5/2024 09:39:25 [Information] bool: False XaxisChanged added to the Settings Form.
11/5/2024 09:39:25 [Information] decimal: 400.00 XaxisMotorSpeed added to the Settings Form.
11/5/2024 09:39:25 [Information] decimal: 0.00 XaxisStepperCurrent added to the Settings Form.
11/5/2024 09:39:25 [Information] decimal: 0.00 XaxisStepperMove added to the Settings Form.
11/5/2024 09:39:25 [Information] XCOM1: XComPort added to the Settings Form.
11/5/2024 09:39:25 [Information] XCOM2: XComPort added to the Settings Form.
11/5/2024 09:39:25 [Information] XCOM3: XComPort added to the Settings Form.
11/5/2024 09:39:25 [Information] XCOM4: XComPort added to the Settings Form.
11/5/2024 09:39:25 [Information] XCOM5: XComPort added to the Settings Form.
11/5/2024 09:39:25 [Information] XCOM6: XComPort added to the Settings Form.
11/5/2024 09:39:25 [Information] XCOM7: XComPort added to the Settings Form.
11/5/2024 09:39:25 [Information] XCOM8: XComPort added to the Settings Form.
11/5/2024 09:39:25 [Information] XCOM9: XComPort added to the Settings Form.
11/5/2024 09:39:25 [Information] XCOM10: XComPort added to the Settings Form.
11/5/2024 09:39:25 [Information] decimal: 50.00 YaxisAcceleration added to the Settings Form.
11/5/2024 09:39:25 [Information] bool: False YaxisChanged added to the Settings Form.
11/5/2024 09:39:25 [Information] decimal: 400.00 YaxisMotorSpeed added to the Settings Form.
11/5/2024 09:39:25 [Information] decimal: 0.00 YaxisStepperCurrent added to the Settings Form.
11/5/2024 09:39:25 [Information] decimal: 0.00 YaxisStepperMove added to the Settings Form.
11/5/2024 09:39:25 [Information] YCOM1: YComPort added to the Settings Form.
11/5/2024 09:39:25 [Information] YCOM2: YComPort added to the Settings Form.
11/5/2024 09:39:25 [Information] YCOM3: YComPort added to the Settings Form.
11/5/2024 09:39:25 [Information] YCOM4: YComPort added to the Settings Form.
11/5/2024 09:39:25 [Information] YCOM5: YComPort added to the Settings Form.
11/5/2024 09:39:25 [Information] YCOM6: YComPort added to the Settings Form.
11/5/2024 09:39:25 [Information] YCOM7: YComPort added to the Settings Form.
11/5/2024 09:39:25 [Information] YCOM8: YComPort added to the Settings Form.
11/5/2024 09:39:25 [Information] YCOM9: YComPort added to the Settings Form.
11/5/2024 09:39:25 [Information] YCOM10: YComPort added to the Settings Form.
11/5/2024 09:39:25 [Information] decimal: 50.00 ZaxisAcceleration added to the Settings Form.
11/5/2024 09:39:25 [Information] bool: False ZaxisChanged added to the Settings Form.
11/5/2024 09:39:25 [Information] decimal: 400.00 ZaxisMotorSpeed added to the Settings Form.
11/5/2024 09:39:25 [Information] decimal: 0.00 ZaxisStepperCurrent added to the Settings Form.
11/5/2024 09:39:25 [Information] decimal: 0.00 ZaxisStepperMove added to the Settings Form.
11/5/2024 09:39:25 [Information] ZCOM1: ZComPort added to the Settings Form.
11/5/2024 09:39:25 [Information] ZCOM2: ZComPort added to the Settings Form.
11/5/2024 09:39:25 [Information] ZCOM3: ZComPort added to the Settings Form.
11/5/2024 09:39:25 [Information] ZCOM4: ZComPort added to the Settings Form.
11/5/2024 09:39:25 [Information] ZCOM5: ZComPort added to the Settings Form.
11/5/2024 09:39:25 [Information] ZCOM6: ZComPort added to the Settings Form.
11/5/2024 09:39:25 [Information] ZCOM7: ZComPort added to the Settings Form.
11/5/2024 09:39:25 [Information] ZCOM8: ZComPort added to the Settings Form.
11/5/2024 09:39:25 [Information] ZCOM9: ZComPort added to the Settings Form.
11/5/2024 09:39:25 [Information] ZCOM10: ZComPort added to the Settings Form.
11/5/2024 09:39:25 [Information] int: 0 zeroXaxis added to the Settings Form.
11/5/2024 09:39:25 [Information] int: 0 zeroYaxis added to the Settings Form.
11/5/2024 09:39:25 [Information] int: 0 zeroZaxis added to the Settings Form.
11/5/2024 09:39:26 [Information] Stepper Motor Controller MainWindow loaded
11/5/2024 09:39:26 [Information] Set MainWindow Media Brushes to White.
11/5/2024 09:39:36 [Information] Z Axis mouse controlled Keypad returned: 64.00
11/5/2024 09:39:38 [Information] ZAxisRun_Click button clicked:
11/5/2024 09:39:38 [Information] Z Axis MotorMovementSeconds decimal: (64.00 / 4) / 2 = 8.00
11/5/2024 09:39:38 [Information] Z Axis myMovementTimer int: 1000 * 8.00 = 8000
11/5/2024 09:39:39 [Information] Z Axis Run Event: Z,0.00,400.00,0,0.00,400.00,0,64.00,400.00,0
11/5/2024 09:39:39 [Information] Z Axis Current Time: 09:39:39 + 8000 = zTargetEndTime: 09:39:47
11/5/2024 09:39:39 [Information] Stepper Motor Controller Disable Z Axis controls while moving to location.
11/5/2024 09:39:39 [Information] Time remaining: 00:00:00 zTargetEndTime = 09:39:47
11/5/2024 09:39:39 [Information] Stepper Motor Controller Disable Z Axis controls while moving to location.
11/5/2024 09:39:39 [Information] Time remaining: 00:00:00 zTargetEndTime = 09:39:47
11/5/2024 09:39:39 [Information] Stepper Motor Controller Disable Z Axis controls while moving to location.
11/5/2024 09:39:39 [Information] Time remaining: 00:00:00 zTargetEndTime = 09:39:47
11/5/2024 09:39:39 [Information] Stepper Motor Controller Disable Z Axis controls while moving to location.
11/5/2024 09:39:39 [Information] Time remaining: 00:00:00 zTargetEndTime = 09:39:47
11/5/2024 09:39:39 [Information] Stepper Motor Controller Disable Z Axis controls while moving to location.
11/5/2024 09:39:39 [Information] Time remaining: 00:00:00 zTargetEndTime = 09:39:47
11/5/2024 09:39:39 [Information] Stepper Motor Controller Disable Z Axis controls while moving to location.
11/5/2024 09:39:39 [Information] Time remaining: 00:00:00 zTargetEndTime = 09:39:47
11/5/2024 09:39:39 [Information] Stepper Motor Controller Disable Z Axis controls while moving to location.
11/5/2024 09:39:39 [Information] Time remaining: 00:00:00 zTargetEndTime = 09:39:47
11/5/2024 09:39:39 [Information] Stepper Motor Controller Disable Z Axis controls while moving to location.
11/5/2024 09:39:39 [Information] Time remaining: 00:00:00 zTargetEndTime = 09:39:47
11/5/2024 09:39:39 [Information] Stepper Motor Controller Disable Z Axis controls while moving to location.
11/5/2024 09:39:39 [Information] Time remaining: 00:00:00 zTargetEndTime = 09:39:47
11/5/2024 09:39:40 [Information] Stepper Motor Controller Disable Z Axis controls while moving to location.
11/5/2024 09:39:40 [Information] Time remaining: 00:00:00 zTargetEndTime = 09:39:47
11/5/2024 09:39:40 [Information] Stepper Motor Controller Disable Z Axis controls while moving to location.
11/5/2024 09:39:40 [Information] Time remaining: 00:00:00 zTargetEndTime = 09:39:47
11/5/2024 09:39:40 [Information] Stepper Motor Controller Disable Z Axis controls while moving to location.
11/5/2024 09:39:40 [Information] Time remaining: 00:00:00 zTargetEndTime = 09:39:47
11/5/2024 09:39:40 [Information] Stepper Motor Controller Disable Z Axis controls while moving to location.
11/5/2024 09:39:40 [Information] Time remaining: 00:00:00 zTargetEndTime = 09:39:47
11/5/2024 09:39:40 [Information] Stepper Motor Controller Disable Z Axis controls while moving to location.
11/5/2024 09:39:40 [Information] Time remaining: 00:00:00 zTargetEndTime = 09:39:47
11/5/2024 09:39:40 [Information] Stepper Motor Controller Disable Z Axis controls while moving to location.
11/5/2024 09:39:40 [Information] Time remaining: 00:00:00 zTargetEndTime = 09:39:47
11/5/2024 09:39:40 [Information] Stepper Motor Controller Disable Z Axis controls while moving to location.
11/5/2024 09:39:40 [Information] Time remaining: 00:00:00 zTargetEndTime = 09:39:47
11/5/2024 09:39:40 [Information] Stepper Motor Controller Disable Z Axis controls while moving to location.
11/5/2024 09:39:40 [Information] Time remaining: 00:00:00 zTargetEndTime = 09:39:47
11/5/2024 09:39:40 [Information] Stepper Motor Controller Disable Z Axis controls while moving to location.
11/5/2024 09:39:40 [Information] Time remaining: 00:00:00 zTargetEndTime = 09:39:47
11/5/2024 09:39:40 [Information] Stepper Motor Controller Disable Z Axis controls while moving to location.
11/5/2024 09:39:40 [Information] Time remaining: 00:00:00 zTargetEndTime = 09:39:47
11/5/2024 09:39:40 [Information] Stepper Motor Controller Disable Z Axis controls while moving to location.
11/5/2024 09:39:40 [Information] Time remaining: 00:00:00 zTargetEndTime = 09:39:47
11/5/2024 09:39:40 [Information] Stepper Motor Controller Disable Z Axis controls while moving to location.
11/5/2024 09:39:40 [Information] Time remaining: 00:00:00 zTargetEndTime = 09:39:47
11/5/2024 09:39:40 [Information] Stepper Motor Controller Disable Z Axis controls while moving to location.
11/5/2024 09:39:40 [Information] Time remaining: 00:00:00 zTargetEndTime = 09:39:47
11/5/2024 09:39:40 [Information] Stepper Motor Controller Disable Z Axis controls while moving to location.
11/5/2024 09:39:40 [Information] Time remaining: 00:00:00 zTargetEndTime = 09:39:47
11/5/2024 09:39:40 [Information] Stepper Motor Controller Disable Z Axis controls while moving to location.
11/5/2024 09:39:40 [Information] Time remaining: 00:00:00 zTargetEndTime = 09:39:47
11/5/2024 09:39:40 [Information] Stepper Motor Controller Disable Z Axis controls while moving to location.
11/5/2024 09:39:40 [Information] Time remaining: 00:00:00 zTargetEndTime = 09:39:47
11/5/2024 09:39:40 [Information] Stepper Motor Controller Disable Z Axis controls while moving to location.
11/5/2024 09:39:40 [Information] Time remaining: 00:00:00 zTargetEndTime = 09:39:47
11/5/2024 09:39:40 [Information] Stepper Motor Controller Disable Z Axis controls while moving to location.
11/5/2024 09:39:40 [Information] Time remaining: 00:00:00 zTargetEndTime = 09:39:47
11/5/2024 09:39:40 [Information] Stepper Motor Controller Disable Z Axis controls while moving to location.
11/5/2024 09:39:40 [Information] Time remaining: 00:00:00 zTargetEndTime = 09:39:47
11/5/2024 09:39:40 [Information] Stepper Motor Controller Disable Z Axis controls while moving to location.
11/5/2024 09:39:40 [Information] Time remaining: 00:00:00 zTargetEndTime = 09:39:47
11/5/2024 09:39:40 [Information] Stepper Motor Controller Disable Z Axis controls while moving to location.
11/5/2024 09:39:40 [Information] Time remaining: 00:00:00 zTargetEndTime = 09:39:47
11/5/2024 09:39:40 [Information] Stepper Motor Controller Disable Z Axis controls while moving to location.
11/5/2024 09:39:40 [Information] Time remaining: 00:00:00 zTargetEndTime = 09:39:47
11/5/2024 09:39:40 [Information] Stepper Motor Controller Disable Z Axis controls while moving to location.
11/5/2024 09:39:40 [Information] Time remaining: 00:00:00 zTargetEndTime = 09:39:47
11/5/2024 09:39:40 [Information] Stepper Motor Controller Disable Z Axis controls while moving to location.
11/5/2024 09:39:40 [Information] Time remaining: 00:00:00 zTargetEndTime = 09:39:47
11/5/2024 09:39:40 [Information] Stepper Motor Controller Disable Z Axis controls while moving to location.
11/5/2024 09:39:40 [Information] Time remaining: 00:00:00 zTargetEndTime = 09:39:47
11/5/2024 09:39:40 [Information] Stepper Motor Controller Disable Z Axis controls while moving to location.
11/5/2024 09:39:40 [Information] Time remaining: 00:00:00 zTargetEndTime = 09:39:47
11/5/2024 09:39:40 [Information] Stepper Motor Controller Disable Z Axis controls while moving to location.
11/5/2024 09:39:40 [Information] Time remaining: 00:00:00 zTargetEndTime = 09:39:47
11/5/2024 09:39:40 [Information] Stepper Motor Controller Disable Z Axis controls while moving to location.
11/5/2024 09:39:40 [Information] Time remaining: 00:00:00 zTargetEndTime = 09:39:47
11/5/2024 09:39:40 [Information] Stepper Motor Controller Disable Z Axis controls while moving to location.
11/5/2024 09:39:40 [Information] Time remaining: 00:00:00 zTargetEndTime = 09:39:47
11/5/2024 09:39:40 [Information] Stepper Motor Controller Disable Z Axis controls while moving to location.
11/5/2024 09:39:40 [Information] Time remaining: 00:00:00 zTargetEndTime = 09:39:47
11/5/2024 09:39:40 [Information] Stepper Motor Controller Disable Z Axis controls while moving to location.
11/5/2024 09:39:40 [Information] Time remaining: 00:00:00 zTargetEndTime = 09:39:47
11/5/2024 09:39:40 [Information] Stepper Motor Controller Disable Z Axis controls while moving to location.
11/5/2024 09:39:40 [Information] Time remaining: 00:00:00 zTargetEndTime = 09:39:47
11/5/2024 09:39:40 [Information] Stepper Motor Controller Disable Z Axis controls while moving to location.
11/5/2024 09:39:40 [Information] Time remaining: 00:00:00 zTargetEndTime = 09:39:47
11/5/2024 09:39:40 [Information] Stepper Motor Controller Disable Z Axis controls while moving to location.
11/5/2024 09:39:40 [Information] Time remaining: 00:00:00 zTargetEndTime = 09:39:47
11/5/2024 09:39:40 [Information] Stepper Motor Controller Disable Z Axis controls while moving to location.
11/5/2024 09:39:40 [Information] Time remaining: 00:00:00 zTargetEndTime = 09:39:47
11/5/2024 09:39:40 [Information] Stepper Motor Controller Disable Z Axis controls while moving to location.
11/5/2024 09:39:40 [Information] Time remaining: 00:00:00 zTargetEndTime = 09:39:47
11/5/2024 09:39:40 [Information] Stepper Motor Controller Disable Z Axis controls while moving to location.
11/5/2024 09:39:40 [Information] Time remaining: 00:00:00 zTargetEndTime = 09:39:47
11/5/2024 09:39:40 [Information] Stepper Motor Controller Disable Z Axis controls while moving to location.
11/5/2024 09:39:40 [Information] Time remaining: 00:00:00 zTargetEndTime = 09:39:47
11/5/2024 09:39:40 [Information] Stepper Motor Controller Disable Z Axis controls while moving to location.
11/5/2024 09:39:40 [Information] Time remaining: 00:00:00 zTargetEndTime = 09:39:47
11/5/2024 09:39:40 [Information] Stepper Motor Controller Disable Z Axis controls while moving to location.
11/5/2024 09:39:40 [Information] Time remaining: 00:00:00 zTargetEndTime = 09:39:47
11/5/2024 09:39:40 [Information] Stepper Motor Controller Disable Z Axis controls while moving to location.
11/5/2024 09:39:40 [Information] Time remaining: 00:00:00 zTargetEndTime = 09:39:47
11/5/2024 09:39:40 [Information] Stepper Motor Controller Disable Z Axis controls while moving to location.
11/5/2024 09:39:40 [Information] Time remaining: 00:00:00 zTargetEndTime = 09:39:47
11/5/2024 09:39:40 [Information] Z Axis Data Received: Z Axis CW Motor Stopped
Z Axis CW Motor Current Position: 326
Z Axis CW Motor Stopped
Z Axis CW Motor Current Positio
11/5/2024 09:39:40 [Information] Updated X,Y Zero.IsChecked status to 0 and Z Zero.IsChecked status to 1.
11/5/2024 09:39:40 [Information] ZAxisRun_Click button clicked:
11/5/2024 09:39:40 [Information] Z Axis Run Event to reset Axis to zero: Z,0.00,400.00,0,0.00,400.00,0,0.00,400.00,1
11/5/2024 09:39:40 [Information] Setting Z Axis Current Location Set to Zero on DRO
11/5/2024 09:39:40 [Information] Z Axis Data Received: n: 326
Z Axis CW Motor Stopped
Z Axis CW Motor Current Position: 326

11/5/2024 09:39:40 [Information] ZAxisRun_Click button clicked:
11/5/2024 09:39:40 [Information] Z Axis Run Event to reset Axis to zero: Z,0.00,400.00,0,0.00,400.00,0,0.00,400.00,1
11/5/2024 09:39:40 [Information] Setting Z Axis Current Location Set to Zero on DRO
11/5/2024 09:39:41 [Information] Updated X,Y,Z Zero.IsChecked status to 0.
11/5/2024 09:39:41 [Information] Z Axis Current Location Set to Zero
11/5/2024 09:39:41 [Information] Z Axis Current Location Set to Zero
11/5/2024 09:39:42 [Information] Z Axis CW Motor Current Position: 6.52
11/5/2024 09:39:49 [Information] Z Axis mouse controlled Keypad returned: 64.00
11/5/2024 09:39:51 [Information] ZAxisRun_Click button clicked:
11/5/2024 09:39:51 [Information] Z Axis MotorMovementSeconds decimal: (64.00 / 4) / 2 = 8.00
11/5/2024 09:39:51 [Information] Z Axis myMovementTimer int: 1000 * 8.00 = 8000
11/5/2024 09:39:52 [Information] Z Axis Run Event: Z,0.00,400.00,0,0.00,400.00,0,70.52,400.00,0
11/5/2024 09:39:52 [Information] Z Axis Current Time: 09:39:52 + 8000 = zTargetEndTime: 09:40:00
11/5/2024 09:39:52 [Information] Stepper Motor Controller Disable Z Axis controls while moving to location.
11/5/2024 09:39:52 [Information] Time remaining: 00:00:01 zTargetEndTime = 09:40:00
11/5/2024 09:39:52 [Information] Stepper Motor Controller Disable Z Axis controls while moving to location.
11/5/2024 09:39:52 [Information] Time remaining: 00:00:01 zTargetEndTime = 09:40:00
11/5/2024 09:39:52 [Information] Stepper Motor Controller Disable Z Axis controls while moving to location.
11/5/2024 09:39:52 [Information] Time remaining: 00:00:01 zTargetEndTime = 09:40:00
11/5/2024 09:39:52 [Information] Stepper Motor Controller Disable Z Axis controls while moving to location.
11/5/2024 09:39:52 [Information] Time remaining: 00:00:01 zTargetEndTime = 09:40:00
11/5/2024 09:39:52 [Information] Stepper Motor Controller Disable Z Axis controls while moving to location.
11/5/2024 09:39:52 [Information] Time remaining: 00:00:01 zTargetEndTime = 09:40:00
11/5/2024 09:39:52 [Information] Stepper Motor Controller Disable Z Axis controls while moving to location.
11/5/2024 09:39:52 [Information] Time remaining: 00:00:01 zTargetEndTime = 09:40:00
11/5/2024 09:39:52 [Information] Stepper Motor Controller Disable Z Axis controls while moving to location.
11/5/2024 09:39:52 [Information] Time remaining: 00:00:01 zTargetEndTime = 09:40:00
11/5/2024 09:39:52 [Information] Stepper Motor Controller Disable Z Axis controls while moving to location.
11/5/2024 09:39:52 [Information] Time remaining: 00:00:01 zTargetEndTime = 09:40:00
11/5/2024 09:39:52 [Information] Stepper Motor Controller Disable Z Axis controls while moving to location.
11/5/2024 09:39:52 [Information] Time remaining: 00:00:01 zTargetEndTime = 09:40:00
11/5/2024 09:39:52 [Information] Stepper Motor Controller Disable Z Axis controls while moving to location.
11/5/2024 09:39:52 [Information] Time remaining: 00:00:01 zTargetEndTime = 09:40:00
11/5/2024 09:39:52 [Information] Stepper Motor Controller Disable Z Axis controls while moving to location.
11/5/2024 09:39:52 [Information] Time remaining: 00:00:01 zTargetEndTime = 09:40:00
11/5/2024 09:39:52 [Information] Stepper Motor Controller Disable Z Axis controls while moving to location.
11/5/2024 09:39:52 [Information] Time remaining: 00:00:01 zTargetEndTime = 09:40:00
11/5/2024 09:39:52 [Information] Stepper Motor Controller Disable Z Axis controls while moving to location.
11/5/2024 09:39:52 [Information] Time remaining: 00:00:01 zTargetEndTime = 09:40:00
11/5/2024 09:39:52 [Information] Stepper Motor Controller Disable Z Axis controls while moving to location.
11/5/2024 09:39:52 [Information] Time remaining: 00:00:01 zTargetEndTime = 09:40:00
11/5/2024 09:39:52 [Information] Stepper Motor Controller Disable Z Axis controls while moving to location.
11/5/2024 09:39:52 [Information] Time remaining: 00:00:01 zTargetEndTime = 09:40:00
11/5/2024 09:39:52 [Information] Stepper Motor Controller Disable Z Axis controls while moving to location.
11/5/2024 09:39:52 [Information] Time remaining: 00:00:01 zTargetEndTime = 09:40:00
11/5/2024 09:39:52 [Information] Stepper Motor Controller Disable Z Axis controls while moving to location.
11/5/2024 09:39:52 [Information] Time remaining: 00:00:01 zTargetEndTime = 09:40:00
11/5/2024 09:39:52 [Information] Stepper Motor Controller Disable Z Axis controls while moving to location.
11/5/2024 09:39:52 [Information] Time remaining: 00:00:01 zTargetEndTime = 09:40:00
11/5/2024 09:39:52 [Information] Stepper Motor Controller Disable Z Axis controls while moving to location.
11/5/2024 09:39:52 [Information] Time remaining: 00:00:01 zTargetEndTime = 09:40:00
11/5/2024 09:39:52 [Information] Stepper Motor Controller Disable Z Axis controls while moving to location.
11/5/2024 09:39:52 [Information] Time remaining: 00:00:01 zTargetEndTime = 09:40:00
11/5/2024 09:39:52 [Information] Stepper Motor Controller Disable Z Axis controls while moving to location.
11/5/2024 09:39:52 [Information] Time remaining: 00:00:01 zTargetEndTime = 09:40:00
11/5/2024 09:39:52 [Information] Stepper Motor Controller Disable Z Axis controls while moving to location.
11/5/2024 09:39:52 [Information] Time remaining: 00:00:01 zTargetEndTime = 09:40:00
11/5/2024 09:39:52 [Information] Stepper Motor Controller Disable Z Axis controls while moving to location.
11/5/2024 09:39:52 [Information] Time remaining: 00:00:01 zTargetEndTime = 09:40:00
11/5/2024 09:39:52 [Information] Stepper Motor Controller Disable Z Axis controls while moving to location.
11/5/2024 09:39:52 [Information] Time remaining: 00:00:01 zTargetEndTime = 09:40:00
11/5/2024 09:39:52 [Information] Stepper Motor Controller Disable Z Axis controls while moving to location.
11/5/2024 09:39:52 [Information] Time remaining: 00:00:01 zTargetEndTime = 09:40:00
11/5/2024 09:39:52 [Information] Stepper Motor Controller Disable Z Axis controls while moving to location.
11/5/2024 09:39:52 [Information] Time remaining: 00:00:01 zTargetEndTime = 09:40:00
11/5/2024 09:39:52 [Information] Stepper Motor Controller Disable Z Axis controls while moving to location.
11/5/2024 09:39:52 [Information] Time remaining: 00:00:01 zTargetEndTime = 09:40:00
11/5/2024 09:39:52 [Information] Stepper Motor Controller Disable Z Axis controls while moving to location.
11/5/2024 09:39:52 [Information] Time remaining: 00:00:01 zTargetEndTime = 09:40:00
11/5/2024 09:39:52 [Information] Stepper Motor Controller Disable Z Axis controls while moving to location.
11/5/2024 09:39:52 [Information] Time remaining: 00:00:01 zTargetEndTime = 09:40:00
11/5/2024 09:39:52 [Information] Stepper Motor Controller Disable Z Axis controls while moving to location.
11/5/2024 09:39:52 [Information] Time remaining: 00:00:01 zTargetEndTime = 09:40:00
11/5/2024 09:39:52 [Information] Stepper Motor Controller Disable Z Axis controls while moving to location.
11/5/2024 09:39:52 [Information] Time remaining: 00:00:01 zTargetEndTime = 09:40:00
11/5/2024 09:39:52 [Information] Stepper Motor Controller Disable Z Axis controls while moving to location.
11/5/2024 09:39:52 [Information] Time remaining: 00:00:01 zTargetEndTime = 09:40:00
11/5/2024 09:39:52 [Information] Stepper Motor Controller Disable Z Axis controls while moving to location.
11/5/2024 09:39:52 [Information] Time remaining: 00:00:01 zTargetEndTime = 09:40:00
11/5/2024 09:39:52 [Information] Stepper Motor Controller Disable Z Axis controls while moving to location.
11/5/2024 09:39:52 [Information] Time remaining: 00:00:01 zTargetEndTime = 09:40:00
11/5/2024 09:39:52 [Information] Stepper Motor Controller Disable Z Axis controls while moving to location.
11/5/2024 09:39:52 [Information] Time remaining: 00:00:01 zTargetEndTime = 09:40:00
11/5/2024 09:39:52 [Information] Stepper Motor Controller Disable Z Axis controls while moving to location.
11/5/2024 09:39:52 [Information] Time remaining: 00:00:01 zTargetEndTime = 09:40:00
11/5/2024 09:39:52 [Information] Stepper Motor Controller Disable Z Axis controls while moving to location.
11/5/2024 09:39:52 [Information] Time remaining: 00:00:01 zTargetEndTime = 09:40:00
11/5/2024 09:39:52 [Information] Stepper Motor Controller Disable Z Axis controls while moving to location.
11/5/2024 09:39:52 [Information] Time remaining: 00:00:01 zTargetEndTime = 09:40:00
11/5/2024 09:39:52 [Information] Stepper Motor Controller Disable Z Axis controls while moving to location.
11/5/2024 09:39:52 [Information] Time remaining: 00:00:01 zTargetEndTime = 09:40:00
11/5/2024 09:39:52 [Information] Stepper Motor Controller Disable Z Axis controls while moving to location.
11/5/2024 09:39:52 [Information] Time remaining: 00:00:01 zTargetEndTime = 09:40:00
11/5/2024 09:39:52 [Information] Stepper Motor Controller Disable Z Axis controls while moving to location.
11/5/2024 09:39:52 [Information] Time remaining: 00:00:01 zTargetEndTime = 09:40:00
11/5/2024 09:39:52 [Information] Stepper Motor Controller Disable Z Axis controls while moving to location.
11/5/2024 09:39:52 [Information] Time remaining: 00:00:01 zTargetEndTime = 09:40:00
11/5/2024 09:39:52 [Information] Stepper Motor Controller Disable Z Axis controls while moving to location.
11/5/2024 09:39:52 [Information] Time remaining: 00:00:01 zTargetEndTime = 09:40:00
11/5/2024 09:39:52 [Information] Stepper Motor Controller Disable Z Axis controls while moving to location.
11/5/2024 09:39:52 [Information] Time remaining: 00:00:01 zTargetEndTime = 09:40:00
11/5/2024 09:39:52 [Information] Stepper Motor Controller Disable Z Axis controls while moving to location.
11/5/2024 09:39:52 [Information] Time remaining: 00:00:01 zTargetEndTime = 09:40:00
11/5/2024 09:39:52 [Information] Stepper Motor Controller Disable Z Axis controls while moving to location.
11/5/2024 09:39:52 [Information] Time remaining: 00:00:01 zTargetEndTime = 09:40:00
11/5/2024 09:39:52 [Information] Stepper Motor Controller Disable Z Axis controls while moving to location.
11/5/2024 09:39:52 [Information] Time remaining: 00:00:01 zTargetEndTime = 09:40:00
11/5/2024 09:39:53 [Information] Stepper Motor Controller Disable Z Axis controls while moving to location.
11/5/2024 09:39:53 [Information] Time remaining: 00:00:01 zTargetEndTime = 09:40:00
11/5/2024 09:39:53 [Information] Stepper Motor Controller Disable Z Axis controls while moving to location.
11/5/2024 09:39:53 [Information] Time remaining: 00:00:01 zTargetEndTime = 09:40:00
11/5/2024 09:39:53 [Information] Stepper Motor Controller Disable Z Axis controls while moving to location.
11/5/2024 09:39:53 [Information] Time remaining: 00:00:01 zTargetEndTime = 09:40:00
11/5/2024 09:39:53 [Information] Stepper Motor Controller Disable Z Axis controls while moving to location.
11/5/2024 09:39:53 [Information] Time remaining: 00:00:01 zTargetEndTime = 09:40:00
11/5/2024 09:39:53 [Information] Stepper Motor Controller Disable Z Axis controls while moving to location.
11/5/2024 09:39:53 [Information] Time remaining: 00:00:01 zTargetEndTime = 09:40:00
11/5/2024 09:39:53 [Information] Stepper Motor Controller Disable Z Axis controls while moving to location.
11/5/2024 09:39:53 [Information] Time remaining: 00:00:01 zTargetEndTime = 09:40:00
11/5/2024 09:39:53 [Information] Stepper Motor Controller Disable Z Axis controls while moving to location.
11/5/2024 09:39:53 [Information] Time remaining: 00:00:01 zTargetEndTime = 09:40:00
11/5/2024 09:39:53 [Information] Stepper Motor Controller Disable Z Axis controls while moving to location.
11/5/2024 09:39:53 [Information] Time remaining: 00:00:01 zTargetEndTime = 09:40:00
11/5/2024 09:39:53 [Information] Stepper Motor Controller Disable Z Axis controls while moving to location.
11/5/2024 09:39:53 [Information] Time remaining: 00:00:02 zTargetEndTime = 09:40:00
11/5/2024 09:39:53 [Information] Stepper Motor Controller Disable Z Axis controls while moving to location.
11/5/2024 09:39:53 [Information] Time remaining: 00:00:02 zTargetEndTime = 09:40:00
11/5/2024 09:39:53 [Information] Stepper Motor Controller Disable Z Axis controls while moving to location.
11/5/2024 09:39:53 [Information] Time remaining: 00:00:02 zTargetEndTime = 09:40:00
11/5/2024 09:39:53 [Information] Stepper Motor Controller Disable Z Axis controls while moving to location.
11/5/2024 09:39:53 [Information] Time remaining: 00:00:02 zTargetEndTime = 09:40:00
11/5/2024 09:39:53 [Information] Stepper Motor Controller Disable Z Axis controls while moving to location.
11/5/2024 09:39:53 [Information] Time remaining: 00:00:02 zTargetEndTime = 09:40:00
11/5/2024 09:39:53 [Information] Stepper Motor Controller Disable Z Axis controls while moving to location.
11/5/2024 09:39:53 [Information] Time remaining: 00:00:02 zTargetEndTime = 09:40:00
11/5/2024 09:39:53 [Information] Stepper Motor Controller Disable Z Axis controls while moving to location.
11/5/2024 09:39:53 [Information] Time remaining: 00:00:02 zTargetEndTime = 09:40:00
11/5/2024 09:39:53 [Information] Stepper Motor Controller Disable Z Axis controls while moving to location.
11/5/2024 09:39:53 [Information] Time remaining: 00:00:02 zTargetEndTime = 09:40:00
11/5/2024 09:39:53 [Information] Stepper Motor Controller Disable Z Axis controls while moving to location.
11/5/2024 09:39:53 [Information] Time remaining: 00:00:02 zTargetEndTime = 09:40:00
11/5/2024 09:39:53 [Information] Stepper Motor Controller Disable Z Axis controls while moving to location.
11/5/2024 09:39:53 [Information] Time remaining: 00:00:02 zTargetEndTime = 09:40:00
11/5/2024 09:39:53 [Information] Stepper Motor Controller Disable Z Axis controls while moving to location.
11/5/2024 09:39:53 [Information] Time remaining: 00:00:02 zTargetEndTime = 09:40:00
11/5/2024 09:39:53 [Information] Stepper Motor Controller Disable Z Axis controls while moving to location.
11/5/2024 09:39:53 [Information] Time remaining: 00:00:02 zTargetEndTime = 09:40:00
11/5/2024 09:39:53 [Information] Stepper Motor Controller Disable Z Axis controls while moving to location.
11/5/2024 09:39:53 [Information] Time remaining: 00:00:02 zTargetEndTime = 09:40:00
11/5/2024 09:39:53 [Information] Stepper Motor Controller Disable Z Axis controls while moving to location.
11/5/2024 09:39:53 [Information] Time remaining: 00:00:02 zTargetEndTime = 09:40:00
11/5/2024 09:39:53 [Information] Stepper Motor Controller Disable Z Axis controls while moving to location.
11/5/2024 09:39:53 [Information] Time remaining: 00:00:02 zTargetEndTime = 09:40:00
11/5/2024 09:39:53 [Information] Stepper Motor Controller Disable Z Axis controls while moving to location.
11/5/2024 09:39:53 [Information] Time remaining: 00:00:02 zTargetEndTime = 09:40:00
11/5/2024 09:39:53 [Information] Stepper Motor Controller Disable Z Axis controls while moving to location.
11/5/2024 09:39:53 [Information] Time remaining: 00:00:02 zTargetEndTime = 09:40:00
11/5/2024 09:39:53 [Information] Stepper Motor Controller Disable Z Axis controls while moving to location.
11/5/2024 09:39:53 [Information] Time remaining: 00:00:02 zTargetEndTime = 09:40:00
11/5/2024 09:39:53 [Information] Stepper Motor Controller Disable Z Axis controls while moving to location.
11/5/2024 09:39:53 [Information] Time remaining: 00:00:02 zTargetEndTime = 09:40:00
11/5/2024 09:39:53 [Information] Stepper Motor Controller Disable Z Axis controls while moving to location.
11/5/2024 09:39:53 [Information] Time remaining: 00:00:02 zTargetEndTime = 09:40:00
11/5/2024 09:39:53 [Information] Stepper Motor Controller Disable Z Axis controls while moving to location.
11/5/2024 09:39:53 [Information] Time remaining: 00:00:02 zTargetEndTime = 09:40:00
11/5/2024 09:39:53 [Information] Stepper Motor Controller Disable Z Axis controls while moving to location.
11/5/2024 09:39:53 [Information] Time remaining: 00:00:02 zTargetEndTime = 09:40:00
11/5/2024 09:39:53 [Information] Stepper Motor Controller Disable Z Axis controls while moving to location.
11/5/2024 09:39:53 [Information] Time remaining: 00:00:02 zTargetEndTime = 09:40:00
11/5/2024 09:39:53 [Information] Stepper Motor Controller Disable Z Axis controls while moving to location.
11/5/2024 09:39:53 [Information] Time remaining: 00:00:02 zTargetEndTime = 09:40:00
11/5/2024 09:39:53 [Information] Stepper Motor Controller Disable Z Axis controls while moving to location.
11/5/2024 09:39:53 [Information] Time remaining: 00:00:02 zTargetEndTime = 09:40:00
11/5/2024 09:39:53 [Information] Stepper Motor Controller Disable Z Axis controls while moving to location.
11/5/2024 09:39:53 [Information] Time remaining: 00:00:02 zTargetEndTime = 09:40:00
11/5/2024 09:39:53 [Information] Stepper Motor Controller Disable Z Axis controls while moving to location.
11/5/2024 09:39:53 [Information] Time remaining: 00:00:02 zTargetEndTime = 09:40:00
11/5/2024 09:39:53 [Information] Stepper Motor Controller Disable Z Axis controls while moving to location.
11/5/2024 09:39:53 [Information] Time remaining: 00:00:02 zTargetEndTime = 09:40:00
11/5/2024 09:39:53 [Information] Stepper Motor Controller Disable Z Axis controls while moving to location.
11/5/2024 09:39:53 [Information] Time remaining: 00:00:02 zTargetEndTime = 09:40:00
11/5/2024 09:39:53 [Information] Stepper Motor Controller Disable Z Axis controls while moving to location.
11/5/2024 09:39:53 [Information] Time remaining: 00:00:02 zTargetEndTime = 09:40:00
11/5/2024 09:39:53 [Information] Stepper Motor Controller Disable Z Axis controls while moving to location.
11/5/2024 09:39:53 [Information] Time remaining: 00:00:02 zTargetEndTime = 09:40:00
11/5/2024 09:39:53 [Information] Z Axis Data Received: Z Axis CW Motor Stopped
Z Axis CW Motor Current Position: 524
Z Axis CW Motor Stopped
Z Axis CW Motor Current Positio
11/5/2024 09:39:53 [Information] Updated X,Y Zero.IsChecked status to 0 and Z Zero.IsChecked status to 1.
11/5/2024 09:39:53 [Information] ZAxisRun_Click button clicked:
11/5/2024 09:39:53 [Information] Z Axis Run Event to reset Axis to zero: Z,0.00,400.00,0,0.00,400.00,0,0.00,400.00,1
11/5/2024 09:39:53 [Information] Setting Z Axis Current Location Set to Zero on DRO
11/5/2024 09:39:53 [Information] Z Axis Data Received: n: 524
Z Axis CW Motor Stopped
Z Axis CW Motor Current Position: 524

11/5/2024 09:39:53 [Information] ZAxisRun_Click button clicked:
11/5/2024 09:39:53 [Information] Z Axis Run Event to reset Axis to zero: Z,0.00,400.00,0,0.00,400.00,0,0.00,400.00,1
11/5/2024 09:39:53 [Information] Setting Z Axis Current Location Set to Zero on DRO
11/5/2024 09:39:54 [Information] Updated X,Y,Z Zero.IsChecked status to 0.
11/5/2024 09:39:54 [Information] Z Axis Current Location Set to Zero
11/5/2024 09:39:54 [Information] Z Axis Current Location Set to Zero
11/5/2024 09:39:55 [Information] Z Axis CW Motor Current Position: 10.48
11/5/2024 09:40:02 [Information] Z Axis mouse controlled Keypad returned: 64.00
11/5/2024 09:40:03 [Information] ZAxisRun_Click button clicked:
11/5/2024 09:40:03 [Information] Z Axis MotorMovementSeconds decimal: (64.00 / 4) / 2 = 8.00
11/5/2024 09:40:03 [Information] Z Axis myMovementTimer int: 1000 * 8.00 = 8000
11/5/2024 09:40:04 [Information] Z Axis Run Event: Z,0.00,400.00,0,0.00,400.00,0,74.48,400.00,0
11/5/2024 09:40:04 [Information] Z Axis Current Time: 09:40:04 + 8000 = zTargetEndTime: 09:40:12
11/5/2024 09:40:04 [Information] Stepper Motor Controller Disable Z Axis controls while moving to location.
11/5/2024 09:40:04 [Information] Time remaining: 00:00:02 zTargetEndTime = 09:40:12
11/5/2024 09:40:04 [Information] Stepper Motor Controller Disable Z Axis controls while moving to location.
11/5/2024 09:40:04 [Information] Time remaining: 00:00:02 zTargetEndTime = 09:40:12
11/5/2024 09:40:04 [Information] Stepper Motor Controller Disable Z Axis controls while moving to location.
11/5/2024 09:40:04 [Information] Time remaining: 00:00:02 zTargetEndTime = 09:40:12
11/5/2024 09:40:04 [Information] Stepper Motor Controller Disable Z Axis controls while moving to location.
11/5/2024 09:40:04 [Information] Time remaining: 00:00:02 zTargetEndTime = 09:40:12
11/5/2024 09:40:04 [Information] Stepper Motor Controller Disable Z Axis controls while moving to location.
11/5/2024 09:40:04 [Information] Time remaining: 00:00:02 zTargetEndTime = 09:40:12
11/5/2024 09:40:04 [Information] Stepper Motor Controller Disable Z Axis controls while moving to location.
11/5/2024 09:40:04 [Information] Time remaining: 00:00:02 zTargetEndTime = 09:40:12
11/5/2024 09:40:04 [Information] Stepper Motor Controller Disable Z Axis controls while moving to location.
11/5/2024 09:40:04 [Information] Time remaining: 00:00:02 zTargetEndTime = 09:40:12
11/5/2024 09:40:04 [Information] Stepper Motor Controller Disable Z Axis controls while moving to location.
11/5/2024 09:40:04 [Information] Time remaining: 00:00:02 zTargetEndTime = 09:40:12
11/5/2024 09:40:05 [Information] Stepper Motor Controller Disable Z Axis controls while moving to location.
11/5/2024 09:40:05 [Information] Time remaining: 00:00:02 zTargetEndTime = 09:40:12
11/5/2024 09:40:05 [Information] Stepper Motor Controller Disable Z Axis controls while moving to location.
11/5/2024 09:40:05 [Information] Time remaining: 00:00:02 zTargetEndTime = 09:40:12
11/5/2024 09:40:05 [Information] Stepper Motor Controller Disable Z Axis controls while moving to location.
11/5/2024 09:40:05 [Information] Time remaining: 00:00:02 zTargetEndTime = 09:40:12
11/5/2024 09:40:05 [Information] Stepper Motor Controller Disable Z Axis controls while moving to location.
11/5/2024 09:40:05 [Information] Time remaining: 00:00:02 zTargetEndTime = 09:40:12
11/5/2024 09:40:05 [Information] Stepper Motor Controller Disable Z Axis controls while moving to location.
11/5/2024 09:40:05 [Information] Time remaining: 00:00:02 zTargetEndTime = 09:40:12
11/5/2024 09:40:05 [Information] Stepper Motor Controller Disable Z Axis controls while moving to location.
11/5/2024 09:40:05 [Information] Time remaining: 00:00:02 zTargetEndTime = 09:40:12
11/5/2024 09:40:05 [Information] Stepper Motor Controller Disable Z Axis controls while moving to location.
11/5/2024 09:40:05 [Information] Time remaining: 00:00:02 zTargetEndTime = 09:40:12
11/5/2024 09:40:05 [Information] Stepper Motor Controller Disable Z Axis controls while moving to location.
11/5/2024 09:40:05 [Information] Time remaining: 00:00:02 zTargetEndTime = 09:40:12
11/5/2024 09:40:05 [Information] Stepper Motor Controller Disable Z Axis controls while moving to location.
11/5/2024 09:40:05 [Information] Time remaining: 00:00:02 zTargetEndTime = 09:40:12
11/5/2024 09:40:05 [Information] Stepper Motor Controller Disable Z Axis controls while moving to location.
11/5/2024 09:40:05 [Information] Time remaining: 00:00:02 zTargetEndTime = 09:40:12
11/5/2024 09:40:05 [Information] Z Axis Data Received: Z Axis CW Motor Stopped
Z Axis CW Motor Current Position: 96
Z Axis CW Motor Stopped
Z Axis CW Motor Current Position
11/5/2024 09:40:05 [Information] Updated X,Y Zero.IsChecked status to 0 and Z Zero.IsChecked status to 1.
11/5/2024 09:40:05 [Information] ZAxisRun_Click button clicked:
11/5/2024 09:40:05 [Information] Z Axis Run Event to reset Axis to zero: Z,0.00,400.00,0,0.00,400.00,0,0.00,400.00,1
11/5/2024 09:40:05 [Information] Setting Z Axis Current Location Set to Zero on DRO
11/5/2024 09:40:05 [Information] Z Axis Data Received: : 96
Z Axis CW Motor Stopped
Z Axis CW Motor Current Position: 96

11/5/2024 09:40:05 [Information] ZAxisRun_Click button clicked:
11/5/2024 09:40:05 [Information] Z Axis Run Event to reset Axis to zero: Z,0.00,400.00,0,0.00,400.00,0,0.00,400.00,1
11/5/2024 09:40:05 [Information] Setting Z Axis Current Location Set to Zero on DRO
11/5/2024 09:40:06 [Information] Updated X,Y,Z Zero.IsChecked status to 0.
11/5/2024 09:40:06 [Information] Z Axis Current Location Set to Zero
11/5/2024 09:40:06 [Information] Z Axis Current Location Set to Zero
11/5/2024 09:40:07 [Information] Z Axis CW Motor Current Position: 1.92
11/5/2024 09:41:43 [Information] Z Axis mouse controlled Keypad returned: 64.00
11/5/2024 09:41:44 [Information] ZAxisRun_Click button clicked:
11/5/2024 09:41:44 [Information] Z Axis MotorMovementSeconds decimal: (64.00 / 4) / 2 = 8.00
11/5/2024 09:41:44 [Information] Z Axis myMovementTimer int: 1000 * 8.00 = 8000
11/5/2024 09:41:45 [Information] Z Axis Run Event: Z,0.00,400.00,0,0.00,400.00,0,65.92,400.00,0
11/5/2024 09:41:45 [Information] Z Axis Current Time: 09:41:45 + 8000 = zTargetEndTime: 09:41:53
11/5/2024 09:41:45 [Information] Stepper Motor Controller Disable Z Axis controls while moving to location.
11/5/2024 09:41:45 [Information] Time remaining: 00:00:02 zTargetEndTime = 09:41:53
11/5/2024 09:41:45 [Information] Stepper Motor Controller Disable Z Axis controls while moving to location.
11/5/2024 09:41:45 [Information] Time remaining: 00:00:02 zTargetEndTime = 09:41:53
11/5/2024 09:41:45 [Information] Stepper Motor Controller Disable Z Axis controls while moving to location.
11/5/2024 09:41:46 [Information] Time remaining: 00:00:02 zTargetEndTime = 09:41:53
11/5/2024 09:41:46 [Information] Stepper Motor Controller Disable Z Axis controls while moving to location.
11/5/2024 09:41:46 [Information] Time remaining: 00:00:02 zTargetEndTime = 09:41:53
11/5/2024 09:41:46 [Information] Stepper Motor Controller Disable Z Axis controls while moving to location.
11/5/2024 09:41:46 [Information] Time remaining: 00:00:03 zTargetEndTime = 09:41:53
11/5/2024 09:41:46 [Information] Stepper Motor Controller Disable Z Axis controls while moving to location.
11/5/2024 09:41:46 [Information] Time remaining: 00:00:03 zTargetEndTime = 09:41:53
11/5/2024 09:41:46 [Information] Stepper Motor Controller Disable Z Axis controls while moving to location.
11/5/2024 09:41:46 [Information] Time remaining: 00:00:03 zTargetEndTime = 09:41:53
11/5/2024 09:41:46 [Information] Stepper Motor Controller Disable Z Axis controls while moving to location.
11/5/2024 09:41:46 [Information] Time remaining: 00:00:03 zTargetEndTime = 09:41:53
11/5/2024 09:41:46 [Information] Stepper Motor Controller Disable Z Axis controls while moving to location.
11/5/2024 09:41:46 [Information] Time remaining: 00:00:03 zTargetEndTime = 09:41:53
11/5/2024 09:41:46 [Information] Stepper Motor Controller Disable Z Axis controls while moving to location.
11/5/2024 09:41:46 [Information] Time remaining: 00:00:03 zTargetEndTime = 09:41:53
11/5/2024 09:41:46 [Information] Stepper Motor Controller Disable Z Axis controls while moving to location.
11/5/2024 09:41:46 [Information] Time remaining: 00:00:03 zTargetEndTime = 09:41:53
11/5/2024 09:41:46 [Information] Stepper Motor Controller Disable Z Axis controls while moving to location.
11/5/2024 09:41:46 [Information] Time remaining: 00:00:03 zTargetEndTime = 09:41:53
11/5/2024 09:41:46 [Information] Stepper Motor Controller Disable Z Axis controls while moving to location.
11/5/2024 09:41:46 [Information] Time remaining: 00:00:03 zTargetEndTime = 09:41:53
11/5/2024 09:41:46 [Information] Stepper Motor Controller Disable Z Axis controls while moving to location.
11/5/2024 09:41:46 [Information] Time remaining: 00:00:03 zTargetEndTime = 09:41:53
11/5/2024 09:41:46 [Information] Stepper Motor Controller Disable Z Axis controls while moving to location.
11/5/2024 09:41:46 [Information] Time remaining: 00:00:03 zTargetEndTime = 09:41:53
11/5/2024 09:41:46 [Information] Stepper Motor Controller Disable Z Axis controls while moving to location.
11/5/2024 09:41:46 [Information] Time remaining: 00:00:03 zTargetEndTime = 09:41:53
11/5/2024 09:41:46 [Information] Stepper Motor Controller Disable Z Axis controls while moving to location.
11/5/2024 09:41:46 [Information] Time remaining: 00:00:03 zTargetEndTime = 09:41:53
11/5/2024 09:41:46 [Information] Stepper Motor Controller Disable Z Axis controls while moving to location.
11/5/2024 09:41:46 [Information] Time remaining: 00:00:03 zTargetEndTime = 09:41:53
11/5/2024 09:41:46 [Information] Stepper Motor Controller Disable Z Axis controls while moving to location.
11/5/2024 09:41:46 [Information] Time remaining: 00:00:03 zTargetEndTime = 09:41:53
11/5/2024 09:41:46 [Information] Stepper Motor Controller Disable Z Axis controls while moving to location.
11/5/2024 09:41:46 [Information] Time remaining: 00:00:03 zTargetEndTime = 09:41:53
11/5/2024 09:41:46 [Information] Stepper Motor Controller Disable Z Axis controls while moving to location.
11/5/2024 09:41:46 [Information] Time remaining: 00:00:03 zTargetEndTime = 09:41:53
11/5/2024 09:41:46 [Information] Stepper Motor Controller Disable Z Axis controls while moving to location.
11/5/2024 09:41:46 [Information] Time remaining: 00:00:03 zTargetEndTime = 09:41:53
11/5/2024 09:41:46 [Information] Stepper Motor Controller Disable Z Axis controls while moving to location.
11/5/2024 09:41:46 [Information] Time remaining: 00:00:03 zTargetEndTime = 09:41:53
11/5/2024 09:41:46 [Information] Stepper Motor Controller Disable Z Axis controls while moving to location.
11/5/2024 09:41:46 [Information] Time remaining: 00:00:03 zTargetEndTime = 09:41:53
11/5/2024 09:41:46 [Information] Stepper Motor Controller Disable Z Axis controls while moving to location.
11/5/2024 09:41:46 [Information] Time remaining: 00:00:03 zTargetEndTime = 09:41:53
11/5/2024 09:41:46 [Information] Stepper Motor Controller Disable Z Axis controls while moving to location.
11/5/2024 09:41:46 [Information] Time remaining: 00:00:03 zTargetEndTime = 09:41:53
11/5/2024 09:41:46 [Information] Stepper Motor Controller Disable Z Axis controls while moving to location.
11/5/2024 09:41:46 [Information] Time remaining: 00:00:03 zTargetEndTime = 09:41:53
11/5/2024 09:41:46 [Information] Stepper Motor Controller Disable Z Axis controls while moving to location.
11/5/2024 09:41:46 [Information] Time remaining: 00:00:03 zTargetEndTime = 09:41:53
11/5/2024 09:41:46 [Information] Stepper Motor Controller Disable Z Axis controls while moving to location.
11/5/2024 09:41:46 [Information] Time remaining: 00:00:03 zTargetEndTime = 09:41:53
11/5/2024 09:41:46 [Information] Stepper Motor Controller Disable Z Axis controls while moving to location.
11/5/2024 09:41:46 [Information] Time remaining: 00:00:03 zTargetEndTime = 09:41:53
11/5/2024 09:41:46 [Information] Stepper Motor Controller Disable Z Axis controls while moving to location.
11/5/2024 09:41:46 [Information] Time remaining: 00:00:03 zTargetEndTime = 09:41:53
11/5/2024 09:41:46 [Information] Stepper Motor Controller Disable Z Axis controls while moving to location.
11/5/2024 09:41:46 [Information] Time remaining: 00:00:03 zTargetEndTime = 09:41:53
11/5/2024 09:41:46 [Information] Stepper Motor Controller Disable Z Axis controls while moving to location.
11/5/2024 09:41:46 [Information] Time remaining: 00:00:03 zTargetEndTime = 09:41:53
11/5/2024 09:41:46 [Information] Stepper Motor Controller Disable Z Axis controls while moving to location.
11/5/2024 09:41:46 [Information] Time remaining: 00:00:03 zTargetEndTime = 09:41:53
11/5/2024 09:41:46 [Information] Stepper Motor Controller Disable Z Axis controls while moving to location.
11/5/2024 09:41:46 [Information] Time remaining: 00:00:03 zTargetEndTime = 09:41:53
11/5/2024 09:41:46 [Information] Stepper Motor Controller Disable Z Axis controls while moving to location.
11/5/2024 09:41:46 [Information] Time remaining: 00:00:03 zTargetEndTime = 09:41:53
11/5/2024 09:41:46 [Information] Stepper Motor Controller Disable Z Axis controls while moving to location.
11/5/2024 09:41:46 [Information] Time remaining: 00:00:03 zTargetEndTime = 09:41:53
11/5/2024 09:41:46 [Information] Stepper Motor Controller Disable Z Axis controls while moving to location.
11/5/2024 09:41:46 [Information] Time remaining: 00:00:03 zTargetEndTime = 09:41:53
11/5/2024 09:41:46 [Information] Stepper Motor Controller Disable Z Axis controls while moving to location.
11/5/2024 09:41:46 [Information] Time remaining: 00:00:03 zTargetEndTime = 09:41:53
11/5/2024 09:41:46 [Information] Stepper Motor Controller Disable Z Axis controls while moving to location.
11/5/2024 09:41:46 [Information] Time remaining: 00:00:03 zTargetEndTime = 09:41:53
11/5/2024 09:41:46 [Information] Stepper Motor Controller Disable Z Axis controls while moving to location.
11/5/2024 09:41:46 [Information] Time remaining: 00:00:03 zTargetEndTime = 09:41:53
11/5/2024 09:41:46 [Information] Stepper Motor Controller Disable Z Axis controls while moving to location.
11/5/2024 09:41:46 [Information] Time remaining: 00:00:03 zTargetEndTime = 09:41:53
11/5/2024 09:41:46 [Information] Stepper Motor Controller Disable Z Axis controls while moving to location.
11/5/2024 09:41:46 [Information] Time remaining: 00:00:03 zTargetEndTime = 09:41:53
11/5/2024 09:41:46 [Information] Stepper Motor Controller Disable Z Axis controls while moving to location.
11/5/2024 09:41:46 [Information] Time remaining: 00:00:03 zTargetEndTime = 09:41:53
11/5/2024 09:41:46 [Information] Stepper Motor Controller Disable Z Axis controls while moving to location.
11/5/2024 09:41:46 [Information] Time remaining: 00:00:03 zTargetEndTime = 09:41:53
11/5/2024 09:41:46 [Information] Stepper Motor Controller Disable Z Axis controls while moving to location.
11/5/2024 09:41:46 [Information] Time remaining: 00:00:03 zTargetEndTime = 09:41:53
11/5/2024 09:41:46 [Information] Stepper Motor Controller Disable Z Axis controls while moving to location.
11/5/2024 09:41:46 [Information] Time remaining: 00:00:03 zTargetEndTime = 09:41:53
11/5/2024 09:41:46 [Information] Stepper Motor Controller Disable Z Axis controls while moving to location.
11/5/2024 09:41:46 [Information] Time remaining: 00:00:03 zTargetEndTime = 09:41:53
11/5/2024 09:41:46 [Information] Stepper Motor Controller Disable Z Axis controls while moving to location.
11/5/2024 09:41:46 [Information] Time remaining: 00:00:03 zTargetEndTime = 09:41:53
11/5/2024 09:41:46 [Information] Stepper Motor Controller Disable Z Axis controls while moving to location.
11/5/2024 09:41:46 [Information] Time remaining: 00:00:03 zTargetEndTime = 09:41:53
11/5/2024 09:41:46 [Information] Stepper Motor Controller Disable Z Axis controls while moving to location.
11/5/2024 09:41:46 [Information] Time remaining: 00:00:03 zTargetEndTime = 09:41:53
11/5/2024 09:41:46 [Information] Stepper Motor Controller Disable Z Axis controls while moving to location.
11/5/2024 09:41:46 [Information] Time remaining: 00:00:03 zTargetEndTime = 09:41:53
11/5/2024 09:41:46 [Information] Z Axis Data Received: Z Axis CW Motor Stopped
Z Axis CW Motor Current Position: 282
Z Axis CW Motor Stopped
Z Axis CW Motor Current Positio
11/5/2024 09:41:46 [Information] Updated X,Y Zero.IsChecked status to 0 and Z Zero.IsChecked status to 1.
11/5/2024 09:41:46 [Information] ZAxisRun_Click button clicked:
11/5/2024 09:41:46 [Information] Z Axis Run Event to reset Axis to zero: Z,0.00,400.00,0,0.00,400.00,0,0.00,400.00,1
11/5/2024 09:41:46 [Information] Setting Z Axis Current Location Set to Zero on DRO
11/5/2024 09:41:46 [Information] Z Axis Data Received: n: 282
Z Axis CW Motor Stopped
Z Axis CW Motor Current Position: 282
Z Axis CW Motor Stopped
Z Axis CW Motor Current
11/5/2024 09:41:46 [Information] ZAxisRun_Click button clicked:
11/5/2024 09:41:46 [Information] Z Axis Run Event to reset Axis to zero: Z,0.00,400.00,0,0.00,400.00,0,0.00,400.00,1
11/5/2024 09:41:46 [Information] Setting Z Axis Current Location Set to Zero on DRO
11/5/2024 09:41:47 [Information] Z Axis Data Received:  Position: 282
Z Axis CW Motor Stopped
Z Axis CW Motor Current Position: 282

11/5/2024 09:41:47 [Information] ZAxisRun_Click button clicked:
11/5/2024 09:41:47 [Information] Z Axis Run Event to reset Axis to zero: Z,0.00,400.00,0,0.00,400.00,0,0.00,400.00,1
11/5/2024 09:41:47 [Information] Setting Z Axis Current Location Set to Zero on DRO
11/5/2024 09:41:47 [Information] Updated X,Y,Z Zero.IsChecked status to 0.
11/5/2024 09:41:47 [Information] Z Axis Current Location Set to Zero
11/5/2024 09:41:47 [Information] Z Axis Current Location Set to Zero
11/5/2024 09:41:48 [Information] Z Axis Current Location Set to Zero
11/5/2024 09:46:39 [Information] Z Axis CW Motor Current Position: 5.64
11/5/2024 09:47:03 [Information] Z Axis mouse controlled Keypad returned: 64.00
11/5/2024 09:47:05 [Information] ZAxisRun_Click button clicked:
11/5/2024 09:47:05 [Information] Z Axis MotorMovementSeconds decimal: (64.00 / 4) / 2 = 8.00
11/5/2024 09:47:05 [Information] Z Axis myMovementTimer int: 1000 * 8.00 = 8000
11/5/2024 09:47:06 [Information] Z Axis Run Event: Z,0.00,400.00,0,0.00,400.00,0,69.64,400.00,0
11/5/2024 09:47:06 [Information] Z Axis Current Time: 09:47:06 + 8000 = zTargetEndTime: 09:47:14
11/5/2024 09:47:06 [Information] Stepper Motor Controller Disable Z Axis controls while moving to location.
11/5/2024 09:47:06 [Information] Time remaining: 00:00:03 zTargetEndTime = 09:47:14
11/5/2024 09:47:06 [Information] Stepper Motor Controller Disable Z Axis controls while moving to location.
11/5/2024 09:47:06 [Information] Time remaining: 00:00:03 zTargetEndTime = 09:47:14
11/5/2024 09:47:06 [Information] Stepper Motor Controller Disable Z Axis controls while moving to location.
11/5/2024 09:47:06 [Information] Time remaining: 00:00:03 zTargetEndTime = 09:47:14
11/5/2024 09:47:06 [Information] Stepper Motor Controller Disable Z Axis controls while moving to location.
11/5/2024 09:47:06 [Information] Time remaining: 00:00:03 zTargetEndTime = 09:47:14
11/5/2024 09:47:06 [Information] Stepper Motor Controller Disable Z Axis controls while moving to location.
11/5/2024 09:47:06 [Information] Time remaining: 00:00:03 zTargetEndTime = 09:47:14
11/5/2024 09:47:06 [Information] Stepper Motor Controller Disable Z Axis controls while moving to location.
11/5/2024 09:47:06 [Information] Time remaining: 00:00:03 zTargetEndTime = 09:47:14
11/5/2024 09:47:06 [Information] Stepper Motor Controller Disable Z Axis controls while moving to location.
11/5/2024 09:47:06 [Information] Time remaining: 00:00:03 zTargetEndTime = 09:47:14
11/5/2024 09:47:06 [Information] Stepper Motor Controller Disable Z Axis controls while moving to location.
11/5/2024 09:47:06 [Information] Time remaining: 00:00:03 zTargetEndTime = 09:47:14
11/5/2024 09:47:06 [Information] Stepper Motor Controller Disable Z Axis controls while moving to location.
11/5/2024 09:47:06 [Information] Time remaining: 00:00:03 zTargetEndTime = 09:47:14
11/5/2024 09:47:06 [Information] Stepper Motor Controller Disable Z Axis controls while moving to location.
11/5/2024 09:47:06 [Information] Time remaining: 00:00:03 zTargetEndTime = 09:47:14
11/5/2024 09:47:06 [Information] Stepper Motor Controller Disable Z Axis controls while moving to location.
11/5/2024 09:47:06 [Information] Time remaining: 00:00:03 zTargetEndTime = 09:47:14
11/5/2024 09:47:06 [Information] Stepper Motor Controller Disable Z Axis controls while moving to location.
11/5/2024 09:47:06 [Information] Time remaining: 00:00:04 zTargetEndTime = 09:47:14
11/5/2024 09:47:06 [Information] Stepper Motor Controller Disable Z Axis controls while moving to location.
11/5/2024 09:47:06 [Information] Time remaining: 00:00:04 zTargetEndTime = 09:47:14
11/5/2024 09:47:06 [Information] Stepper Motor Controller Disable Z Axis controls while moving to location.
11/5/2024 09:47:06 [Information] Time remaining: 00:00:04 zTargetEndTime = 09:47:14
11/5/2024 09:47:06 [Information] Stepper Motor Controller Disable Z Axis controls while moving to location.
11/5/2024 09:47:06 [Information] Time remaining: 00:00:04 zTargetEndTime = 09:47:14
11/5/2024 09:47:06 [Information] Stepper Motor Controller Disable Z Axis controls while moving to location.
11/5/2024 09:47:06 [Information] Time remaining: 00:00:04 zTargetEndTime = 09:47:14
11/5/2024 09:47:06 [Information] Stepper Motor Controller Disable Z Axis controls while moving to location.
11/5/2024 09:47:06 [Information] Time remaining: 00:00:04 zTargetEndTime = 09:47:14
11/5/2024 09:47:06 [Information] Stepper Motor Controller Disable Z Axis controls while moving to location.
11/5/2024 09:47:06 [Information] Time remaining: 00:00:04 zTargetEndTime = 09:47:14
11/5/2024 09:47:06 [Information] Stepper Motor Controller Disable Z Axis controls while moving to location.
11/5/2024 09:47:06 [Information] Time remaining: 00:00:04 zTargetEndTime = 09:47:14
11/5/2024 09:47:06 [Information] Stepper Motor Controller Disable Z Axis controls while moving to location.
11/5/2024 09:47:06 [Information] Time remaining: 00:00:04 zTargetEndTime = 09:47:14
11/5/2024 09:47:06 [Information] Stepper Motor Controller Disable Z Axis controls while moving to location.
11/5/2024 09:47:06 [Information] Time remaining: 00:00:04 zTargetEndTime = 09:47:14
11/5/2024 09:47:06 [Information] Stepper Motor Controller Disable Z Axis controls while moving to location.
11/5/2024 09:47:06 [Information] Time remaining: 00:00:04 zTargetEndTime = 09:47:14
11/5/2024 09:47:06 [Information] Stepper Motor Controller Disable Z Axis controls while moving to location.
11/5/2024 09:47:06 [Information] Time remaining: 00:00:04 zTargetEndTime = 09:47:14
11/5/2024 09:47:06 [Information] Stepper Motor Controller Disable Z Axis controls while moving to location.
11/5/2024 09:47:06 [Information] Time remaining: 00:00:04 zTargetEndTime = 09:47:14
11/5/2024 09:47:06 [Information] Stepper Motor Controller Disable Z Axis controls while moving to location.
11/5/2024 09:47:06 [Information] Time remaining: 00:00:04 zTargetEndTime = 09:47:14
11/5/2024 09:47:06 [Information] Stepper Motor Controller Disable Z Axis controls while moving to location.
11/5/2024 09:47:06 [Information] Time remaining: 00:00:04 zTargetEndTime = 09:47:14
11/5/2024 09:47:06 [Information] Stepper Motor Controller Disable Z Axis controls while moving to location.
11/5/2024 09:47:06 [Information] Time remaining: 00:00:04 zTargetEndTime = 09:47:14
11/5/2024 09:47:06 [Information] Stepper Motor Controller Disable Z Axis controls while moving to location.
11/5/2024 09:47:06 [Information] Time remaining: 00:00:04 zTargetEndTime = 09:47:14
11/5/2024 09:47:06 [Information] Stepper Motor Controller Disable Z Axis controls while moving to location.
11/5/2024 09:47:06 [Information] Time remaining: 00:00:04 zTargetEndTime = 09:47:14
11/5/2024 09:47:06 [Information] Stepper Motor Controller Disable Z Axis controls while moving to location.
11/5/2024 09:47:06 [Information] Time remaining: 00:00:04 zTargetEndTime = 09:47:14
11/5/2024 09:47:06 [Information] Z Axis Data Received: Z Axis CW Motor Stopped
Z Axis CW Motor Current Position: 137
Z Axis CW Motor Stopped
Z Axis CW Motor Current Positio
11/5/2024 09:47:06 [Information] Updated X,Y Zero.IsChecked status to 0 and Z Zero.IsChecked status to 1.
11/5/2024 09:47:06 [Information] ZAxisRun_Click button clicked:
11/5/2024 09:47:06 [Information] Z Axis Run Event to reset Axis to zero: Z,0.00,400.00,0,0.00,400.00,0,0.00,400.00,1
11/5/2024 09:47:06 [Information] Setting Z Axis Current Location Set to Zero on DRO
11/5/2024 09:47:07 [Information] Z Axis Data Received: n: 137
Z Axis CW Motor Stopped
Z Axis CW Motor Current Position: 137
Z Axis CW Motor Stopped
Z Axis CW Motor Current
11/5/2024 09:47:07 [Information] ZAxisRun_Click button clicked:
11/5/2024 09:47:07 [Information] Z Axis Run Event to reset Axis to zero: Z,0.00,400.00,0,0.00,400.00,0,0.00,400.00,1
11/5/2024 09:47:07 [Information] Setting Z Axis Current Location Set to Zero on DRO
11/5/2024 09:47:07 [Information] Z Axis Data Received:  Position: 137

11/5/2024 09:47:07 [Information] Updated X,Y,Z Zero.IsChecked status to 0.
11/5/2024 09:47:07 [Information] Z Axis Current Location Set to Zero
11/5/2024 09:47:08 [Information] Z Axis Current Location Set to Zero
