11/17/2024 11:08:22 [Information] Stepper Motor Controller Application Started.
11/17/2024 11:08:22 [Information] Version: 3.0.9087.20047 (11/17/2024 11:08:22)
11/17/2024 11:08:22 [Information] SerialPort COM7 not connected.
11/17/2024 11:08:22 [Information] SerialPort COM8 not connected.
11/17/2024 11:08:22 [Information] Stepper Motor Controller Application Started.
11/17/2024 11:08:22 [Information] Version: 3.0.9087.20047 (11/17/2024 11:08:22)
11/17/2024 11:08:22 [Information] Version: 3.1.0.20048 (11/17/2024 11:08:22)
11/17/2024 11:08:22 [Information] Version: 3.1.0.20048 (11/17/2024 11:08:22)
11/17/2024 11:08:22 [Information] Stepper Motor Controller Application Settings Window Opened.
11/17/2024 11:08:22 [Information] Stepper Motor Controller Application Settings form is rebuilt each and every time it is opened.
11/17/2024 11:08:22 [Information] int: 9600 BaudRate added to the Settings Form.
11/17/2024 11:08:22 [Information] bool: False ckbXaxisResetToZeroIsChecked added to the Settings Form.
11/17/2024 11:08:22 [Information] bool: False ckbYaxisResetToZeroIsChecked added to the Settings Form.
11/17/2024 11:08:22 [Information] bool: False ckbZaxisResetToZeroIsChecked added to the Settings Form.
11/17/2024 11:08:22 [Information] COM1: ComPort added to the Settings Form.
11/17/2024 11:08:22 [Information] COM2: ComPort added to the Settings Form.
11/17/2024 11:08:22 [Information] COM3: ComPort added to the Settings Form.
11/17/2024 11:08:22 [Information] COM4: ComPort added to the Settings Form.
11/17/2024 11:08:22 [Information] COM5: ComPort added to the Settings Form.
11/17/2024 11:08:22 [Information] COM6: ComPort added to the Settings Form.
11/17/2024 11:08:22 [Information] COM7: ComPort added to the Settings Form.
11/17/2024 11:08:22 [Information] COM8: ComPort added to the Settings Form.
11/17/2024 11:08:22 [Information] COM9: ComPort added to the Settings Form.
11/17/2024 11:08:22 [Information] COM10: ComPort added to the Settings Form.
11/17/2024 11:08:22 [Information] decimal: 4.00 Divider4_00 added to the Settings Form.
11/17/2024 11:08:22 [Information] decimal: 0.00 MathPart2Initlz added to the Settings Form.
11/17/2024 11:08:22 [Information] decimal: 1.00 MilisecondTimerInterval added to the Settings Form.
11/17/2024 11:08:22 [Information] decimal: 1000.00 MillisecondDelay added to the Settings Form.
11/17/2024 11:08:22 [Information] int: 1000 Milliseconds added to the Settings Form.
11/17/2024 11:08:22 [Information] int: 4 mmPerRevolution added to the Settings Form.
11/17/2024 11:08:22 [Information] int: 2000 ThreadSleep added to the Settings Form.
11/17/2024 11:08:22 [Information] decimal: 0.00 Value_0_00 added to the Settings Form.
11/17/2024 11:08:22 [Information] decimal: 50.00 XaxisAcceleration added to the Settings Form.
11/17/2024 11:08:22 [Information] bool: False XaxisChanged added to the Settings Form.
11/17/2024 11:08:22 [Information] decimal: 400.00 XaxisMotorSpeed added to the Settings Form.
11/17/2024 11:08:22 [Information] decimal: 0.00 XaxisStepperCurrent added to the Settings Form.
11/17/2024 11:08:22 [Information] decimal: 0.00 XaxisStepperMove added to the Settings Form.
11/17/2024 11:08:22 [Information] XCOM1: XComPort added to the Settings Form.
11/17/2024 11:08:22 [Information] XCOM2: XComPort added to the Settings Form.
11/17/2024 11:08:22 [Information] XCOM3: XComPort added to the Settings Form.
11/17/2024 11:08:22 [Information] XCOM4: XComPort added to the Settings Form.
11/17/2024 11:08:22 [Information] XCOM5: XComPort added to the Settings Form.
11/17/2024 11:08:22 [Information] XCOM6: XComPort added to the Settings Form.
11/17/2024 11:08:22 [Information] XCOM7: XComPort added to the Settings Form.
11/17/2024 11:08:22 [Information] XCOM8: XComPort added to the Settings Form.
11/17/2024 11:08:22 [Information] XCOM9: XComPort added to the Settings Form.
11/17/2024 11:08:22 [Information] XCOM10: XComPort added to the Settings Form.
11/17/2024 11:08:22 [Information] decimal: 50.00 YaxisAcceleration added to the Settings Form.
11/17/2024 11:08:22 [Information] bool: False YaxisChanged added to the Settings Form.
11/17/2024 11:08:22 [Information] decimal: 400.00 YaxisMotorSpeed added to the Settings Form.
11/17/2024 11:08:22 [Information] decimal: 0.00 YaxisStepperCurrent added to the Settings Form.
11/17/2024 11:08:22 [Information] decimal: 0.00 YaxisStepperMove added to the Settings Form.
11/17/2024 11:08:22 [Information] YCOM1: YComPort added to the Settings Form.
11/17/2024 11:08:23 [Information] YCOM2: YComPort added to the Settings Form.
11/17/2024 11:08:23 [Information] YCOM3: YComPort added to the Settings Form.
11/17/2024 11:08:23 [Information] YCOM4: YComPort added to the Settings Form.
11/17/2024 11:08:23 [Information] YCOM5: YComPort added to the Settings Form.
11/17/2024 11:08:23 [Information] YCOM6: YComPort added to the Settings Form.
11/17/2024 11:08:23 [Information] YCOM7: YComPort added to the Settings Form.
11/17/2024 11:08:23 [Information] YCOM8: YComPort added to the Settings Form.
11/17/2024 11:08:23 [Information] YCOM9: YComPort added to the Settings Form.
11/17/2024 11:08:23 [Information] YCOM10: YComPort added to the Settings Form.
11/17/2024 11:08:23 [Information] decimal: 50.00 ZaxisAcceleration added to the Settings Form.
11/17/2024 11:08:23 [Information] bool: False ZaxisChanged added to the Settings Form.
11/17/2024 11:08:23 [Information] decimal: 400.00 ZaxisMotorSpeed added to the Settings Form.
11/17/2024 11:08:23 [Information] decimal: 0.00 ZaxisStepperCurrent added to the Settings Form.
11/17/2024 11:08:23 [Information] decimal: 0.00 ZaxisStepperMove added to the Settings Form.
11/17/2024 11:08:23 [Information] ZCOM1: ZComPort added to the Settings Form.
11/17/2024 11:08:23 [Information] ZCOM2: ZComPort added to the Settings Form.
11/17/2024 11:08:23 [Information] ZCOM3: ZComPort added to the Settings Form.
11/17/2024 11:08:23 [Information] ZCOM4: ZComPort added to the Settings Form.
11/17/2024 11:08:23 [Information] ZCOM5: ZComPort added to the Settings Form.
11/17/2024 11:08:23 [Information] ZCOM6: ZComPort added to the Settings Form.
11/17/2024 11:08:23 [Information] ZCOM7: ZComPort added to the Settings Form.
11/17/2024 11:08:23 [Information] ZCOM8: ZComPort added to the Settings Form.
11/17/2024 11:08:23 [Information] ZCOM9: ZComPort added to the Settings Form.
11/17/2024 11:08:23 [Information] ZCOM10: ZComPort added to the Settings Form.
11/17/2024 11:08:23 [Information] int: 0 zeroXaxis added to the Settings Form.
11/17/2024 11:08:23 [Information] int: 0 zeroYaxis added to the Settings Form.
11/17/2024 11:08:23 [Information] int: 0 zeroZaxis added to the Settings Form.
11/17/2024 11:08:23 [Information] Stepper Motor Controller MainWindow loaded
11/17/2024 11:08:23 [Information] Set MainWindow Media Brushes to White.
11/17/2024 11:08:30 [Information] Z Axis mouse controlled Keypad returned: 31.00
11/17/2024 11:08:31 [Information] Z Axis Run button clicked:
11/17/2024 11:08:31 [Information] Z Axis MotorMovementSeconds decimal: (31.00 / 4) / 2 = 3.875
11/17/2024 11:08:32 [Information] Z Axis Run Event: Z,0.00,400.00,0,0.00,400.00,0,31.00,400.00,0
11/17/2024 11:08:32 [Information] Z Axis Current Time: 11:08:32 + 4000 = 11:08:36
11/17/2024 11:08:33 [Information] Stepper Motor Controller Disable Z Axis controls while moving to location.
11/17/2024 11:08:33 [Information] Time remaining: 00:00:00 targetEndTime = 11:08:36
11/17/2024 11:08:33 [Information] Stepper Motor Controller Disable Z Axis controls while moving to location.
11/17/2024 11:08:33 [Information] Time remaining: 00:00:00 targetEndTime = 11:08:36
11/17/2024 11:08:33 [Information] Z Axis Data Received: ????????????????????????????????????????????????????????????????eri
11/17/2024 11:08:33 [Information] Z Axis Data Received: alData: Z,0.00,400.00,0,0.00,400.00,0,31.00,400.00,0

11/17/2024 11:08:33 [Information] Stepper Motor Controller Disable Z Axis controls while moving to location.
11/17/2024 11:08:33 [Information] Time remaining: 00:00:00 targetEndTime = 11:08:36
11/17/2024 11:08:33 [Information] Stepper Motor Controller Disable Z Axis controls while moving to location.
11/17/2024 11:08:33 [Information] Time remaining: 00:00:00 targetEndTime = 11:08:36
11/17/2024 11:08:33 [Information] Stepper Motor Controller Disable Z Axis controls while moving to location.
11/17/2024 11:08:33 [Information] Time remaining: 00:00:00 targetEndTime = 11:08:36
11/17/2024 11:08:33 [Information] Stepper Motor Controller Disable Z Axis controls while moving to location.
11/17/2024 11:08:33 [Information] Time remaining: 00:00:00 targetEndTime = 11:08:36
11/17/2024 11:08:33 [Information] Stepper Motor Controller Disable Z Axis controls while moving to location.
11/17/2024 11:08:33 [Information] Time remaining: 00:00:00 targetEndTime = 11:08:36
11/17/2024 11:08:33 [Information] Stepper Motor Controller Disable Z Axis controls while moving to location.
11/17/2024 11:08:33 [Information] Time remaining: 00:00:00 targetEndTime = 11:08:36
11/17/2024 11:08:33 [Information] Stepper Motor Controller Disable Z Axis controls while moving to location.
11/17/2024 11:08:33 [Information] Time remaining: 00:00:00 targetEndTime = 11:08:36
11/17/2024 11:08:33 [Information] Stepper Motor Controller Disable Z Axis controls while moving to location.
11/17/2024 11:08:33 [Information] Time remaining: 00:00:00 targetEndTime = 11:08:36
11/17/2024 11:08:33 [Information] Stepper Motor Controller Disable Z Axis controls while moving to location.
11/17/2024 11:08:33 [Information] Time remaining: 00:00:00 targetEndTime = 11:08:36
11/17/2024 11:08:33 [Information] Stepper Motor Controller Disable Z Axis controls while moving to location.
11/17/2024 11:08:33 [Information] Time remaining: 00:00:00 targetEndTime = 11:08:36
11/17/2024 11:08:33 [Information] Stepper Motor Controller Disable Z Axis controls while moving to location.
11/17/2024 11:08:33 [Information] Time remaining: 00:00:00 targetEndTime = 11:08:36
11/17/2024 11:08:33 [Information] Stepper Motor Controller Disable Z Axis controls while moving to location.
11/17/2024 11:08:33 [Information] Time remaining: 00:00:00 targetEndTime = 11:08:36
11/17/2024 11:08:33 [Information] Stepper Motor Controller Disable Z Axis controls while moving to location.
11/17/2024 11:08:33 [Information] Time remaining: 00:00:00 targetEndTime = 11:08:36
11/17/2024 11:08:33 [Information] Stepper Motor Controller Disable Z Axis controls while moving to location.
11/17/2024 11:08:33 [Information] Time remaining: 00:00:00 targetEndTime = 11:08:36
11/17/2024 11:08:33 [Information] Stepper Motor Controller Disable Z Axis controls while moving to location.
11/17/2024 11:08:33 [Information] Time remaining: 00:00:00 targetEndTime = 11:08:36
11/17/2024 11:08:33 [Information] Stepper Motor Controller Disable Z Axis controls while moving to location.
11/17/2024 11:08:33 [Information] Time remaining: 00:00:00 targetEndTime = 11:08:36
11/17/2024 11:08:33 [Information] Stepper Motor Controller Disable Z Axis controls while moving to location.
11/17/2024 11:08:33 [Information] Time remaining: 00:00:00 targetEndTime = 11:08:36
11/17/2024 11:08:33 [Information] Stepper Motor Controller Disable Z Axis controls while moving to location.
11/17/2024 11:08:33 [Information] Time remaining: 00:00:00 targetEndTime = 11:08:36
11/17/2024 11:08:33 [Information] Stepper Motor Controller Disable Z Axis controls while moving to location.
11/17/2024 11:08:33 [Information] Time remaining: 00:00:00 targetEndTime = 11:08:36
11/17/2024 11:08:33 [Information] Stepper Motor Controller Disable Z Axis controls while moving to location.
11/17/2024 11:08:33 [Information] Time remaining: 00:00:00 targetEndTime = 11:08:36
11/17/2024 11:08:33 [Information] Stepper Motor Controller Disable Z Axis controls while moving to location.
11/17/2024 11:08:33 [Information] Time remaining: 00:00:00 targetEndTime = 11:08:36
11/17/2024 11:08:33 [Information] Stepper Motor Controller Disable Z Axis controls while moving to location.
11/17/2024 11:08:33 [Information] Time remaining: 00:00:00 targetEndTime = 11:08:36
11/17/2024 11:08:33 [Information] Stepper Motor Controller Disable Z Axis controls while moving to location.
11/17/2024 11:08:33 [Information] Time remaining: 00:00:00 targetEndTime = 11:08:36
11/17/2024 11:08:33 [Information] Stepper Motor Controller Disable Z Axis controls while moving to location.
11/17/2024 11:08:33 [Information] Time remaining: 00:00:00 targetEndTime = 11:08:36
11/17/2024 11:08:33 [Information] Stepper Motor Controller Disable Z Axis controls while moving to location.
11/17/2024 11:08:33 [Information] Time remaining: 00:00:00 targetEndTime = 11:08:36
11/17/2024 11:08:33 [Information] Stepper Motor Controller Disable Z Axis controls while moving to location.
11/17/2024 11:08:33 [Information] Time remaining: 00:00:00 targetEndTime = 11:08:36
11/17/2024 11:08:33 [Information] Stepper Motor Controller Disable Z Axis controls while moving to location.
11/17/2024 11:08:33 [Information] Time remaining: 00:00:00 targetEndTime = 11:08:36
11/17/2024 11:08:33 [Information] Stepper Motor Controller Disable Z Axis controls while moving to location.
11/17/2024 11:08:33 [Information] Time remaining: 00:00:00 targetEndTime = 11:08:36
11/17/2024 11:08:33 [Information] Stepper Motor Controller Disable Z Axis controls while moving to location.
11/17/2024 11:08:33 [Information] Time remaining: 00:00:00 targetEndTime = 11:08:36
11/17/2024 11:08:33 [Information] Stepper Motor Controller Disable Z Axis controls while moving to location.
11/17/2024 11:08:33 [Information] Time remaining: 00:00:00 targetEndTime = 11:08:36
11/17/2024 11:08:33 [Information] Stepper Motor Controller Disable Z Axis controls while moving to location.
11/17/2024 11:08:33 [Information] Time remaining: 00:00:00 targetEndTime = 11:08:36
11/17/2024 11:08:33 [Information] Stepper Motor Controller Disable Z Axis controls while moving to location.
11/17/2024 11:08:33 [Information] Time remaining: 00:00:00 targetEndTime = 11:08:36
11/17/2024 11:08:33 [Information] Stepper Motor Controller Disable Z Axis controls while moving to location.
11/17/2024 11:08:33 [Information] Time remaining: 00:00:00 targetEndTime = 11:08:36
11/17/2024 11:08:33 [Information] Stepper Motor Controller Disable Z Axis controls while moving to location.
11/17/2024 11:08:33 [Information] Time remaining: 00:00:00 targetEndTime = 11:08:36
11/17/2024 11:08:33 [Information] Stepper Motor Controller Disable Z Axis controls while moving to location.
11/17/2024 11:08:33 [Information] Time remaining: 00:00:00 targetEndTime = 11:08:36
11/17/2024 11:08:33 [Information] Z Axis Data Received: Z
11/17/2024 11:08:33 [Information] Z Axis Data Received:  
11/17/2024 11:08:33 [Information] Z Axis Data Received: A
11/17/2024 11:08:33 [Information] Z Axis Data Received: x
11/17/2024 11:08:33 [Information] Z Axis Data Received: i
11/17/2024 11:08:33 [Information] Z Axis Data Received: s
11/17/2024 11:08:33 [Information] Z Axis Data Received:  
11/17/2024 11:08:33 [Information] Stepper Motor Controller Disable Z Axis controls while moving to location.
11/17/2024 11:08:33 [Information] Z Axis Data Received: C
11/17/2024 11:08:33 [Information] Time remaining: 00:00:00 targetEndTime = 11:08:36
11/17/2024 11:08:33 [Information] Z Axis Data Received: C
11/17/2024 11:08:33 [Information] Z Axis Data Received: W
11/17/2024 11:08:33 [Information] Z Axis Data Received:  
11/17/2024 11:08:33 [Information] Z Axis Data Received: S
11/17/2024 11:08:33 [Information] Z Axis Data Received: T
11/17/2024 11:08:33 [Information] Z Axis Data Received: O
11/17/2024 11:08:33 [Information] Z Axis Data Received: P
11/17/2024 11:08:33 [Information] Z Axis Data Received: P
11/17/2024 11:08:33 [Information] Z Axis Data Received: E
11/17/2024 11:08:33 [Information] Z Axis Data Received: D
11/17/2024 11:08:33 [Information] Z Axis Data Received: 
11/17/2024 11:08:33 [Information] Z Axis Data Received: 

11/17/2024 11:08:33 [Information] Z Axis Data Received: Z
11/17/2024 11:08:33 [Information] Z Axis Data Received:  
11/17/2024 11:08:33 [Information] Z Axis Data Received: A
11/17/2024 11:08:33 [Information] Z Axis Data Received: x
11/17/2024 11:08:33 [Information] Z Axis Data Received: i
11/17/2024 11:08:33 [Information] Z Axis Data Received: s
11/17/2024 11:08:33 [Information] Z Axis Data Received:  
11/17/2024 11:08:33 [Information] Z Axis Data Received: C
11/17/2024 11:08:33 [Information] Z Axis Data Received: C
11/17/2024 11:08:33 [Information] Z Axis Data Received: W
11/17/2024 11:08:33 [Information] Z Axis Data Received:  
11/17/2024 11:08:33 [Information] Z Axis Data Received: M
11/17/2024 11:08:33 [Information] Z Axis Data Received: o
11/17/2024 11:08:33 [Information] Z Axis Data Received: t
11/17/2024 11:08:33 [Information] Z Axis Data Received: o
11/17/2024 11:08:33 [Information] Z Axis Data Received: r
11/17/2024 11:08:33 [Information] Stepper Motor Controller Disable Z Axis controls while moving to location.
11/17/2024 11:08:33 [Information] Time remaining: 00:00:01 targetEndTime = 11:08:36
11/17/2024 11:08:33 [Information] Z Axis Data Received:  
11/17/2024 11:08:33 [Information] Z Axis Data Received: C
11/17/2024 11:08:33 [Information] Z Axis Data Received: u
11/17/2024 11:08:34 [Information] Z Axis Data Received: rrent Position:  308
Z Axis CCW STOPPED
Z Axis CCW Motor Current Pos
11/17/2024 11:08:34 [Information] Limit Switch Pressed
11/17/2024 11:08:34 [Information] Stepper Motor Controller Timer Stopped.
11/17/2024 11:08:34 [Information] Stepper Motor Controller Stopwatch Reset.
11/17/2024 11:08:35 [Information] Z Axis Data Received: ition:  308
Z Axis CCW STOPPED
Z Axis CCW Motor Current Position:  308
Z Axis CCW STOPPED
Z Axis CCW Motor Current Position:  309
Z Axis CCW STOPPED
Z Axis CCW Motor Current Position: 
11/17/2024 11:08:35 [Information] Limit Switch Pressed
11/17/2024 11:08:35 [Information] Stepper Motor Controller Timer Stopped.
11/17/2024 11:08:35 [Information] Stepper Motor Controller Stopwatch Reset.
11/17/2024 11:08:35 [Information] Z Axis CCW Motor Current Position: 37.16
11/17/2024 11:08:36 [Information] Z Axis Data Received:  309
Z Axis reached target position
Current Position: 389

11/17/2024 11:08:39 [Information] Updated X,Y Zero.IsChecked status to 0 and Z Zero.IsChecked status to 1.
11/17/2024 11:08:41 [Information] Z Axis Run button clicked:
11/17/2024 11:08:41 [Information] Z Axis Run Event to reset Axis to zero: Z,0.00,400.00,0,0.00,400.00,0,0.00,400.00,1
11/17/2024 11:08:41 [Information] Setting Z Axis Current Location Set to Zero on DRO
11/17/2024 11:08:42 [Information] Updated X,Y,Z Zero.IsChecked status to 0.
11/17/2024 11:08:42 [Information] Z Axis Current Location Set to Zero
11/17/2024 11:08:42 [Information] Z Axis Data Received: s
11/17/2024 11:08:42 [Information] Z Axis Data Received: e
11/17/2024 11:08:42 [Information] Z Axis Data Received: r
11/17/2024 11:08:42 [Information] Z Axis Data Received: i
11/17/2024 11:08:42 [Information] Z Axis Data Received: a
11/17/2024 11:08:42 [Information] Z Axis Data Received: l
11/17/2024 11:08:42 [Information] Z Axis Data Received: D
11/17/2024 11:08:42 [Information] Z Axis Data Received: a
11/17/2024 11:08:42 [Information] Z Axis Data Received: t
11/17/2024 11:08:42 [Information] Z Axis Data Received: a
11/17/2024 11:08:42 [Information] Z Axis Data Received: :
11/17/2024 11:08:42 [Information] Z Axis Data Received:  
11/17/2024 11:08:42 [Information] Z Axis Data Received: Z
11/17/2024 11:08:42 [Information] Z Axis Data Received: ,
11/17/2024 11:08:42 [Information] Z Axis Data Received: 0
11/17/2024 11:08:42 [Information] Z Axis Data Received: .
11/17/2024 11:08:42 [Information] Z Axis Data Received: 0
11/17/2024 11:08:42 [Information] Z Axis Data Received: 0
11/17/2024 11:08:42 [Information] Z Axis Data Received: ,
11/17/2024 11:08:42 [Information] Z Axis Data Received: 4
11/17/2024 11:08:42 [Information] Z Axis Data Received: 0
11/17/2024 11:08:42 [Information] Z Axis Data Received: 0
11/17/2024 11:08:42 [Information] Z Axis Data Received: .
11/17/2024 11:08:42 [Information] Z Axis Data Received: 0
11/17/2024 11:08:42 [Information] Z Axis Data Received: 0
11/17/2024 11:08:42 [Information] Z Axis Data Received: ,
11/17/2024 11:08:42 [Information] Z Axis Data Received: 0
11/17/2024 11:08:42 [Information] Z Axis Data Received: ,
11/17/2024 11:08:42 [Information] Z Axis Data Received: 0
11/17/2024 11:08:42 [Information] Z Axis Data Received: .
11/17/2024 11:08:42 [Information] Z Axis Data Received: 0
11/17/2024 11:08:42 [Information] Z Axis Data Received: 0
11/17/2024 11:08:42 [Information] Z Axis Data Received: ,
11/17/2024 11:08:42 [Information] Z Axis Data Received: 4
11/17/2024 11:08:42 [Information] Z Axis Data Received: 0
11/17/2024 11:08:42 [Information] Z Axis Data Received: 0
11/17/2024 11:08:42 [Information] Z Axis Data Received: .
11/17/2024 11:08:42 [Information] Z Axis Data Received: 0
11/17/2024 11:08:42 [Information] Z Axis Data Received: 0
11/17/2024 11:08:42 [Information] Z Axis Data Received: ,
11/17/2024 11:08:42 [Information] Z Axis Data Received: 0
11/17/2024 11:08:42 [Information] Z Axis Data Received: ,
11/17/2024 11:08:42 [Information] Z Axis Data Received: 0
11/17/2024 11:08:42 [Information] Z Axis Data Received: .
11/17/2024 11:08:42 [Information] Z Axis Data Received: 0
11/17/2024 11:08:42 [Information] Z Axis Data Received: 0
11/17/2024 11:08:42 [Information] Z Axis Data Received: ,
11/17/2024 11:08:42 [Information] Z Axis Data Received: 4
11/17/2024 11:08:42 [Information] Z Axis Data Received: 0
11/17/2024 11:08:42 [Information] Z Axis Data Received: 0
11/17/2024 11:08:42 [Information] Z Axis Data Received: .
11/17/2024 11:08:42 [Information] Z Axis Data Received: 0
11/17/2024 11:08:42 [Information] Z Axis Data Received: 0
11/17/2024 11:08:42 [Information] Z Axis Data Received: ,
11/17/2024 11:08:42 [Information] Z Axis Data Received: 1
11/17/2024 11:08:42 [Information] Z Axis Data Received: 
11/17/2024 11:08:42 [Information] Z Axis Data Received: 

11/17/2024 11:08:42 [Information] Z Axis Data Received: E
11/17/2024 11:08:42 [Information] Z Axis Data Received: S
11/17/2024 11:08:42 [Information] Z Axis Data Received: P
11/17/2024 11:08:42 [Information] Z Axis Data Received:  
11/17/2024 11:08:42 [Information] Z Axis Data Received: 3
11/17/2024 11:08:42 [Information] Z Axis Data Received: 2
11/17/2024 11:08:42 [Information] Z Axis Data Received:  
11/17/2024 11:08:42 [Information] Z Axis Data Received: B
11/17/2024 11:08:42 [Information] Z Axis Data Received: o
11/17/2024 11:08:42 [Information] Z Axis Data Received: a
11/17/2024 11:08:42 [Information] Z Axis Data Received: r
11/17/2024 11:08:42 [Information] Z Axis Data Received: d
11/17/2024 11:08:42 [Information] Z Axis Data Received:  
11/17/2024 11:08:42 [Information] Z Axis Data Received: R
11/17/2024 11:08:42 [Information] Z Axis Data Received: e
11/17/2024 11:08:42 [Information] Z Axis Data Received: s
11/17/2024 11:08:42 [Information] Z Axis Data Received: e
11/17/2024 11:08:42 [Information] Z Axis Data Received: t
11/17/2024 11:08:42 [Information] Z Axis Data Received: .
11/17/2024 11:08:42 [Information] Z Axis Data Received: 
11/17/2024 11:08:42 [Information] Z Axis Data Received: 

11/17/2024 11:08:45 [Information] Z Axis Data Received: ?
11/17/2024 11:08:49 [Information] Z Axis Data Received: V
11/17/2024 11:08:49 [Information] Z Axis Data Received: M
11/17/2024 11:08:49 [Information] Z Axis Data Received: D
11/17/2024 11:08:49 [Information] Z Axis Data Received: P
11/17/2024 11:08:49 [Information] Z Axis Data Received: V
11/17/2024 11:08:49 [Information] Z Axis Data Received: _
11/17/2024 11:08:49 [Information] Z Axis Data Received: 1
11/17/2024 11:08:49 [Information] Z Axis Data Received: |
11/17/2024 11:08:49 [Information] Z Axis Data Received: 1
11/17/2024 11:08:49 [Information] Z Axis Data Received: _
11/17/2024 11:08:49 [Information] Z Axis Data Received: V
11/17/2024 11:08:49 [Information] Z Axis Data Received: M
11/17/2024 11:08:49 [Information] Z Axis Data Received: D
11/17/2024 11:08:49 [Information] Z Axis Data Received: P
11/17/2024 11:08:49 [Information] Z Axis Data Received: V
11/17/2024 11:08:49 [Information] Z Axis Data Received: 

11/17/2024 11:08:49 [Information] Z Axis Data Received: V
11/17/2024 11:08:49 [Information] Z Axis Data Received: M
11/17/2024 11:08:49 [Information] Z Axis Data Received: D
11/17/2024 11:08:49 [Information] Z Axis Data Received: P
11/17/2024 11:08:49 [Information] Z Axis Data Received: R
11/17/2024 11:08:49 [Information] Z Axis Data Received: _
11/17/2024 11:08:49 [Information] Z Axis mouse controlled Keypad returned: 32.00
11/17/2024 11:08:51 [Information] Z Axis Run button clicked:
11/17/2024 11:08:51 [Information] Z Axis MotorMovementSeconds decimal: (32.00 / 4) / 2 = 4.00
11/17/2024 11:08:52 [Information] Z Axis Run Event: Z,0.00,400.00,0,0.00,400.00,0,32.00,400.00,0
11/17/2024 11:08:52 [Information] Z Axis Current Time: 11:08:52 + 4000 = 11:08:56
11/17/2024 11:08:52 [Information] Z Axis Data Received: s
11/17/2024 11:08:52 [Information] Z Axis Data Received: eri
11/17/2024 11:08:52 [Information] Time remaining: 00:00:00 targetEndTime = 11:08:56
11/17/2024 11:08:52 [Information] Z Axis Data Received: alData: Z,0.00,400.00,0,0.00,400.00,0,32.00,400.00,0

11/17/2024 11:08:52 [Information] Stepper Motor Controller Disable Z Axis controls while moving to location.
11/17/2024 11:08:52 [Information] Time remaining: 00:00:00 targetEndTime = 11:08:56
11/17/2024 11:08:53 [Information] Stepper Motor Controller Disable Z Axis controls while moving to location.
11/17/2024 11:08:53 [Information] Time remaining: 00:00:00 targetEndTime = 11:08:56
11/17/2024 11:08:53 [Information] Stepper Motor Controller Disable Z Axis controls while moving to location.
11/17/2024 11:08:53 [Information] Time remaining: 00:00:00 targetEndTime = 11:08:56
11/17/2024 11:08:53 [Information] Stepper Motor Controller Disable Z Axis controls while moving to location.
11/17/2024 11:08:53 [Information] Time remaining: 00:00:00 targetEndTime = 11:08:56
11/17/2024 11:08:53 [Information] Stepper Motor Controller Disable Z Axis controls while moving to location.
11/17/2024 11:08:53 [Information] Time remaining: 00:00:00 targetEndTime = 11:08:56
11/17/2024 11:08:53 [Information] Stepper Motor Controller Disable Z Axis controls while moving to location.
11/17/2024 11:08:53 [Information] Time remaining: 00:00:00 targetEndTime = 11:08:56
11/17/2024 11:08:53 [Information] Stepper Motor Controller Disable Z Axis controls while moving to location.
11/17/2024 11:08:53 [Information] Time remaining: 00:00:00 targetEndTime = 11:08:56
11/17/2024 11:08:53 [Information] Stepper Motor Controller Disable Z Axis controls while moving to location.
11/17/2024 11:08:53 [Information] Time remaining: 00:00:00 targetEndTime = 11:08:56
11/17/2024 11:08:53 [Information] Stepper Motor Controller Disable Z Axis controls while moving to location.
11/17/2024 11:08:53 [Information] Time remaining: 00:00:00 targetEndTime = 11:08:56
11/17/2024 11:08:53 [Information] Stepper Motor Controller Disable Z Axis controls while moving to location.
11/17/2024 11:08:53 [Information] Time remaining: 00:00:00 targetEndTime = 11:08:56
11/17/2024 11:08:53 [Information] Stepper Motor Controller Disable Z Axis controls while moving to location.
11/17/2024 11:08:53 [Information] Time remaining: 00:00:00 targetEndTime = 11:08:56
11/17/2024 11:08:53 [Information] Stepper Motor Controller Disable Z Axis controls while moving to location.
11/17/2024 11:08:53 [Information] Time remaining: 00:00:00 targetEndTime = 11:08:56
11/17/2024 11:08:53 [Information] Stepper Motor Controller Disable Z Axis controls while moving to location.
11/17/2024 11:08:53 [Information] Time remaining: 00:00:00 targetEndTime = 11:08:56
11/17/2024 11:08:53 [Information] Stepper Motor Controller Disable Z Axis controls while moving to location.
11/17/2024 11:08:53 [Information] Time remaining: 00:00:00 targetEndTime = 11:08:56
11/17/2024 11:08:53 [Information] Stepper Motor Controller Disable Z Axis controls while moving to location.
11/17/2024 11:08:53 [Information] Time remaining: 00:00:00 targetEndTime = 11:08:56
11/17/2024 11:08:53 [Information] Stepper Motor Controller Disable Z Axis controls while moving to location.
11/17/2024 11:08:53 [Information] Time remaining: 00:00:00 targetEndTime = 11:08:56
11/17/2024 11:08:53 [Information] Stepper Motor Controller Disable Z Axis controls while moving to location.
11/17/2024 11:08:53 [Information] Time remaining: 00:00:00 targetEndTime = 11:08:56
11/17/2024 11:08:53 [Information] Stepper Motor Controller Disable Z Axis controls while moving to location.
11/17/2024 11:08:53 [Information] Time remaining: 00:00:00 targetEndTime = 11:08:56
11/17/2024 11:08:53 [Information] Stepper Motor Controller Disable Z Axis controls while moving to location.
11/17/2024 11:08:53 [Information] Time remaining: 00:00:00 targetEndTime = 11:08:56
11/17/2024 11:08:53 [Information] Stepper Motor Controller Disable Z Axis controls while moving to location.
11/17/2024 11:08:53 [Information] Time remaining: 00:00:00 targetEndTime = 11:08:56
11/17/2024 11:08:53 [Information] Stepper Motor Controller Disable Z Axis controls while moving to location.
11/17/2024 11:08:53 [Information] Time remaining: 00:00:00 targetEndTime = 11:08:56
11/17/2024 11:08:53 [Information] Stepper Motor Controller Disable Z Axis controls while moving to location.
11/17/2024 11:08:53 [Information] Time remaining: 00:00:00 targetEndTime = 11:08:56
11/17/2024 11:08:53 [Information] Stepper Motor Controller Disable Z Axis controls while moving to location.
11/17/2024 11:08:53 [Information] Time remaining: 00:00:00 targetEndTime = 11:08:56
11/17/2024 11:08:53 [Information] Stepper Motor Controller Disable Z Axis controls while moving to location.
11/17/2024 11:08:53 [Information] Time remaining: 00:00:00 targetEndTime = 11:08:56
11/17/2024 11:08:53 [Information] Stepper Motor Controller Disable Z Axis controls while moving to location.
11/17/2024 11:08:53 [Information] Time remaining: 00:00:00 targetEndTime = 11:08:56
11/17/2024 11:08:53 [Information] Stepper Motor Controller Disable Z Axis controls while moving to location.
11/17/2024 11:08:53 [Information] Time remaining: 00:00:00 targetEndTime = 11:08:56
11/17/2024 11:08:53 [Information] Stepper Motor Controller Disable Z Axis controls while moving to location.
11/17/2024 11:08:53 [Information] Time remaining: 00:00:00 targetEndTime = 11:08:56
11/17/2024 11:08:53 [Information] Stepper Motor Controller Disable Z Axis controls while moving to location.
11/17/2024 11:08:53 [Information] Time remaining: 00:00:00 targetEndTime = 11:08:56
11/17/2024 11:08:53 [Information] Stepper Motor Controller Disable Z Axis controls while moving to location.
11/17/2024 11:08:53 [Information] Time remaining: 00:00:00 targetEndTime = 11:08:56
11/17/2024 11:08:53 [Information] Stepper Motor Controller Disable Z Axis controls while moving to location.
11/17/2024 11:08:53 [Information] Time remaining: 00:00:00 targetEndTime = 11:08:56
11/17/2024 11:08:53 [Information] Stepper Motor Controller Disable Z Axis controls while moving to location.
11/17/2024 11:08:53 [Information] Time remaining: 00:00:00 targetEndTime = 11:08:56
11/17/2024 11:08:53 [Information] Stepper Motor Controller Disable Z Axis controls while moving to location.
11/17/2024 11:08:53 [Information] Time remaining: 00:00:00 targetEndTime = 11:08:56
11/17/2024 11:08:53 [Information] Stepper Motor Controller Disable Z Axis controls while moving to location.
11/17/2024 11:08:53 [Information] Time remaining: 00:00:00 targetEndTime = 11:08:56
11/17/2024 11:08:53 [Information] Stepper Motor Controller Disable Z Axis controls while moving to location.
11/17/2024 11:08:53 [Information] Time remaining: 00:00:00 targetEndTime = 11:08:56
11/17/2024 11:08:53 [Information] Stepper Motor Controller Disable Z Axis controls while moving to location.
11/17/2024 11:08:53 [Information] Time remaining: 00:00:00 targetEndTime = 11:08:56
11/17/2024 11:08:53 [Information] Stepper Motor Controller Disable Z Axis controls while moving to location.
11/17/2024 11:08:53 [Information] Time remaining: 00:00:00 targetEndTime = 11:08:56
11/17/2024 11:08:53 [Information] Stepper Motor Controller Disable Z Axis controls while moving to location.
11/17/2024 11:08:53 [Information] Time remaining: 00:00:00 targetEndTime = 11:08:56
11/17/2024 11:08:53 [Information] Stepper Motor Controller Disable Z Axis controls while moving to location.
11/17/2024 11:08:53 [Information] Time remaining: 00:00:00 targetEndTime = 11:08:56
11/17/2024 11:08:53 [Information] Stepper Motor Controller Disable Z Axis controls while moving to location.
11/17/2024 11:08:53 [Information] Time remaining: 00:00:00 targetEndTime = 11:08:56
11/17/2024 11:08:53 [Information] Stepper Motor Controller Disable Z Axis controls while moving to location.
11/17/2024 11:08:53 [Information] Time remaining: 00:00:00 targetEndTime = 11:08:56
11/17/2024 11:08:53 [Information] Z Axis Data Received: Z
11/17/2024 11:08:53 [Information] Z Axis Data Received:  
11/17/2024 11:08:53 [Information] Z Axis Data Received: A
11/17/2024 11:08:53 [Information] Z Axis Data Received: x
11/17/2024 11:08:53 [Information] Z Axis Data Received: i
11/17/2024 11:08:53 [Information] Z Axis Data Received: s
11/17/2024 11:08:53 [Information] Z Axis Data Received:  
11/17/2024 11:08:53 [Information] Z Axis Data Received: C
11/17/2024 11:08:53 [Information] Z Axis Data Received: C
11/17/2024 11:08:53 [Information] Z Axis Data Received: W
11/17/2024 11:08:53 [Information] Z Axis Data Received:  
11/17/2024 11:08:53 [Information] Z Axis Data Received: S
11/17/2024 11:08:53 [Information] Stepper Motor Controller Disable Z Axis controls while moving to location.
11/17/2024 11:08:53 [Information] Time remaining: 00:00:00 targetEndTime = 11:08:56
11/17/2024 11:08:53 [Information] Z Axis Data Received: T
11/17/2024 11:08:53 [Information] Z Axis Data Received: O
11/17/2024 11:08:53 [Information] Z Axis Data Received: P
11/17/2024 11:08:53 [Information] Z Axis Data Received: P
11/17/2024 11:08:53 [Information] Z Axis Data Received: E
11/17/2024 11:08:53 [Information] Z Axis Data Received: D
11/17/2024 11:08:53 [Information] Z Axis Data Received: 
11/17/2024 11:08:53 [Information] Z Axis Data Received: 

11/17/2024 11:08:53 [Information] Z Axis Data Received: Z
11/17/2024 11:08:53 [Information] Z Axis Data Received:  
11/17/2024 11:08:53 [Information] Z Axis Data Received: A
11/17/2024 11:08:53 [Information] Z Axis Data Received: x
11/17/2024 11:08:53 [Information] Z Axis Data Received: i
11/17/2024 11:08:53 [Information] Z Axis Data Received: s
11/17/2024 11:08:53 [Information] Stepper Motor Controller Disable Z Axis controls while moving to location.
11/17/2024 11:08:53 [Information] Time remaining: 00:00:00 targetEndTime = 11:08:56
11/17/2024 11:08:53 [Information] Z Axis Data Received:  
11/17/2024 11:08:53 [Information] Z Axis Data Received: C
11/17/2024 11:08:53 [Information] Z Axis Data Received: C
11/17/2024 11:08:53 [Information] Z Axis Data Received: W
11/17/2024 11:08:53 [Information] Z Axis Data Received:  
11/17/2024 11:08:53 [Information] Z Axis Data Received: M
11/17/2024 11:08:53 [Information] Z Axis Data Received: o
11/17/2024 11:08:53 [Information] Z Axis Data Received: t
11/17/2024 11:08:53 [Information] Z Axis Data Received: o
11/17/2024 11:08:53 [Information] Z Axis Data Received: r
11/17/2024 11:08:53 [Information] Z Axis Data Received:  
11/17/2024 11:08:53 [Information] Z Axis Data Received: C
11/17/2024 11:08:53 [Information] Z Axis Data Received: u
11/17/2024 11:08:53 [Information] Z Axis Data Received: r
11/17/2024 11:08:53 [Information] Z Axis Data Received: r
11/17/2024 11:08:53 [Information] Stepper Motor Controller Disable Z Axis controls while moving to location.
11/17/2024 11:08:53 [Information] Z Axis Data Received: e
11/17/2024 11:08:53 [Information] Time remaining: 00:00:00 targetEndTime = 11:08:56
11/17/2024 11:08:53 [Information] Z Axis Data Received: n
11/17/2024 11:08:53 [Information] Z Axis Data Received: t
11/17/2024 11:08:53 [Information] Z Axis Data Received:  
11/17/2024 11:08:53 [Information] Z Axis Data Received: P
11/17/2024 11:08:53 [Information] Z Axis Data Received: o
11/17/2024 11:08:53 [Information] Z Axis Data Received: s
11/17/2024 11:08:53 [Information] Z Axis Data Received: i
11/17/2024 11:08:53 [Information] Z Axis Data Received: t
11/17/2024 11:08:53 [Information] Z Axis Data Received: i
11/17/2024 11:08:53 [Information] Z Axis Data Received: o
11/17/2024 11:08:53 [Information] Z Axis Data Received: n
11/17/2024 11:08:53 [Information] Z Axis Data Received: :
11/17/2024 11:08:53 [Information] Z Axis Data Received:  
11/17/2024 11:08:53 [Information] Z Axis Data Received:  
11/17/2024 11:08:53 [Information] Stepper Motor Controller Disable Z Axis controls while moving to location.
11/17/2024 11:08:53 [Information] Z Axis Data Received: 2
11/17/2024 11:08:53 [Information] Time remaining: 00:00:00 targetEndTime = 11:08:56
11/17/2024 11:08:53 [Information] Z Axis Data Received: 3
11/17/2024 11:08:53 [Information] Z Axis Data Received: 9
11/17/2024 11:08:53 [Information] Z Axis Data Received: 
11/17/2024 11:08:53 [Information] Z Axis Data Received: 

11/17/2024 11:08:53 [Information] Z Axis Data Received: Z
11/17/2024 11:08:53 [Information] Z Axis Data Received:  
11/17/2024 11:08:53 [Information] Z Axis Data Received: A
11/17/2024 11:08:53 [Information] Z Axis Data Received: x
11/17/2024 11:08:53 [Information] Z Axis Data Received: i
11/17/2024 11:08:53 [Information] Z Axis Data Received: s
11/17/2024 11:08:53 [Information] Z Axis Data Received:  
11/17/2024 11:08:53 [Information] Z Axis Data Received: C
11/17/2024 11:08:53 [Information] Z Axis Data Received: C
11/17/2024 11:08:53 [Information] Z Axis Data Received: W
11/17/2024 11:08:53 [Information] Z Axis Data Received:  
11/17/2024 11:08:53 [Information] Z Axis Data Received: S
11/17/2024 11:08:53 [Information] Stepper Motor Controller Disable Z Axis controls while moving to location.
11/17/2024 11:08:53 [Information] Time remaining: 00:00:00 targetEndTime = 11:08:56
11/17/2024 11:08:53 [Information] Z Axis Data Received: T
11/17/2024 11:08:53 [Information] Z Axis Data Received: O
11/17/2024 11:08:53 [Information] Z Axis Data Received: P
11/17/2024 11:08:53 [Information] Z Axis Data Received: P
11/17/2024 11:08:53 [Information] Z Axis Data Received: E
11/17/2024 11:08:53 [Information] Z Axis Data Received: D
11/17/2024 11:08:53 [Information] Z Axis Data Received: 
11/17/2024 11:08:53 [Information] Z Axis Data Received: 

11/17/2024 11:08:53 [Information] Z Axis Data Received: Z
11/17/2024 11:08:53 [Information] Z Axis Data Received:  
11/17/2024 11:08:53 [Information] Z Axis Data Received: A
11/17/2024 11:08:53 [Information] Z Axis Data Received: x
11/17/2024 11:08:53 [Information] Z Axis Data Received: i
11/17/2024 11:08:53 [Information] Z Axis Data Received: s
11/17/2024 11:08:53 [Information] Z Axis Data Received:  
11/17/2024 11:08:53 [Information] Stepper Motor Controller Disable Z Axis controls while moving to location.
11/17/2024 11:08:53 [Information] Z Axis Data Received: C
11/17/2024 11:08:53 [Information] Time remaining: 00:00:00 targetEndTime = 11:08:56
11/17/2024 11:08:53 [Information] Z Axis Data Received: C
11/17/2024 11:08:53 [Information] Z Axis Data Received: W
11/17/2024 11:08:53 [Information] Z Axis Data Received:  
11/17/2024 11:08:53 [Information] Z Axis Data Received: M
11/17/2024 11:08:53 [Information] Z Axis Data Received: o
11/17/2024 11:08:53 [Information] Z Axis Data Received: t
11/17/2024 11:08:53 [Information] Z Axis Data Received: o
11/17/2024 11:08:53 [Information] Z Axis Data Received: r
11/17/2024 11:08:53 [Information] Z Axis Data Received:  
11/17/2024 11:08:53 [Information] Z Axis Data Received: C
11/17/2024 11:08:53 [Information] Z Axis Data Received: u
11/17/2024 11:08:53 [Information] Z Axis Data Received: r
11/17/2024 11:08:53 [Information] Z Axis Data Received: r
11/17/2024 11:08:53 [Information] Z Axis Data Received: e
11/17/2024 11:08:53 [Information] Z Axis Data Received: n
11/17/2024 11:08:53 [Information] Stepper Motor Controller Disable Z Axis controls while moving to location.
11/17/2024 11:08:53 [Information] Time remaining: 00:00:00 targetEndTime = 11:08:56
11/17/2024 11:08:53 [Information] Z Axis Data Received:  Position:  239
Z Axis CCW STOPPED
Z Axis CCW Motor Current Position:  239
Z A
11/17/2024 11:08:53 [Information] Limit Switch Pressed
11/17/2024 11:08:53 [Information] Stepper Motor Controller Timer Stopped.
11/17/2024 11:08:53 [Information] Stepper Motor Controller Stopwatch Reset.
11/17/2024 11:08:54 [Information] Z Axis CCW Motor Current Position: 36.78
11/17/2024 11:08:54 [Information] Z Axis Data Received: xis CCW STOPPED
Z Axis CCW Motor Current Position:  240
Z Axis CCW STOPPED
Z Axis CCW Motor Current Position:  240
Z Axis reached target position
Current Position: 320

11/17/2024 11:08:54 [Information] Limit Switch Pressed
11/17/2024 11:08:54 [Information] Stepper Motor Controller Timer Stopped.
11/17/2024 11:08:54 [Information] Stepper Motor Controller Stopwatch Reset.
11/17/2024 11:08:54 [Information] Z Axis CCW Motor Current Position: 41.58
11/17/2024 11:08:57 [Information] Stepper Motor Controller MainWindow Closing.
11/17/2024 11:08:57 [Information] Stepper Motor Controller Serial Ports closed.
11/17/2024 11:08:57 [Information] Properties Settings Saved.
11/17/2024 11:08:57 [Information] Properties Settings Form Closed.
11/17/2024 11:08:57 [Information] Stepper Motor Controller Form Closed.
