11/2/2024 13:12:18 [Information] Stepper Motor Controller Application Started.
11/2/2024 13:12:18 [Information] Version: 3.0.9072.23765 (11/2/2024 13:12:18)
11/2/2024 13:12:18 [Information] X Axis SerialPort COM7 not connected.
11/2/2024 13:12:18 [Information] Y Axis SerialPort COM8 not connected.
11/2/2024 13:12:18 [Information] Version: 3.1.0.23766 (11/2/2024 13:12:18)
11/2/2024 13:12:18 [Information] Version: 3.1.0.23766 (11/2/2024 13:12:18)
11/2/2024 13:12:18 [Information] Stepper Motor Controller Application Settings Window Opened.
11/2/2024 13:12:18 [Information] Stepper Motor Controller Application Settings form is rebuilt each and every time it is opened.
11/2/2024 13:12:18 [Information] int: 9600 BaudRate added to the Settings Form.
11/2/2024 13:12:18 [Information] bool: False ckbXaxisResetToZeroIsChecked added to the Settings Form.
11/2/2024 13:12:18 [Information] bool: False ckbYaxisResetToZeroIsChecked added to the Settings Form.
11/2/2024 13:12:18 [Information] bool: False ckbZaxisResetToZeroIsChecked added to the Settings Form.
11/2/2024 13:12:18 [Information] COM1: ComPort added to the Settings Form.
11/2/2024 13:12:18 [Information] COM2: ComPort added to the Settings Form.
11/2/2024 13:12:18 [Information] COM3: ComPort added to the Settings Form.
11/2/2024 13:12:18 [Information] COM4: ComPort added to the Settings Form.
11/2/2024 13:12:18 [Information] COM5: ComPort added to the Settings Form.
11/2/2024 13:12:18 [Information] COM6: ComPort added to the Settings Form.
11/2/2024 13:12:18 [Information] COM7: ComPort added to the Settings Form.
11/2/2024 13:12:18 [Information] COM8: ComPort added to the Settings Form.
11/2/2024 13:12:18 [Information] COM9: ComPort added to the Settings Form.
11/2/2024 13:12:18 [Information] COM10: ComPort added to the Settings Form.
11/2/2024 13:12:18 [Information] decimal: 4.00 Divider4_00 added to the Settings Form.
11/2/2024 13:12:18 [Information] decimal: 0.00 MathPart2Initlz added to the Settings Form.
11/2/2024 13:12:18 [Information] decimal: 1.00 MilisecondTimerInterval added to the Settings Form.
11/2/2024 13:12:18 [Information] decimal: 1000.00 MillisecondDelay added to the Settings Form.
11/2/2024 13:12:18 [Information] int: 1000 Milliseconds added to the Settings Form.
11/2/2024 13:12:18 [Information] int: 4 mmPerRevolution added to the Settings Form.
11/2/2024 13:12:18 [Information] int: 2000 ThreadSleep added to the Settings Form.
11/2/2024 13:12:18 [Information] decimal: 0.00 Value_0_00 added to the Settings Form.
11/2/2024 13:12:18 [Information] decimal: 50.00 XaxisAcceleration added to the Settings Form.
11/2/2024 13:12:18 [Information] bool: False XaxisChanged added to the Settings Form.
11/2/2024 13:12:18 [Information] decimal: 400.00 XaxisMotorSpeed added to the Settings Form.
11/2/2024 13:12:18 [Information] decimal: 0.00 XaxisStepperCurrent added to the Settings Form.
11/2/2024 13:12:18 [Information] decimal: 0.00 XaxisStepperMove added to the Settings Form.
11/2/2024 13:12:18 [Information] XCOM1: XComPort added to the Settings Form.
11/2/2024 13:12:18 [Information] XCOM2: XComPort added to the Settings Form.
11/2/2024 13:12:18 [Information] XCOM3: XComPort added to the Settings Form.
11/2/2024 13:12:18 [Information] XCOM4: XComPort added to the Settings Form.
11/2/2024 13:12:18 [Information] XCOM5: XComPort added to the Settings Form.
11/2/2024 13:12:18 [Information] XCOM6: XComPort added to the Settings Form.
11/2/2024 13:12:18 [Information] XCOM7: XComPort added to the Settings Form.
11/2/2024 13:12:18 [Information] XCOM8: XComPort added to the Settings Form.
11/2/2024 13:12:18 [Information] XCOM9: XComPort added to the Settings Form.
11/2/2024 13:12:18 [Information] XCOM10: XComPort added to the Settings Form.
11/2/2024 13:12:18 [Information] decimal: 50.00 YaxisAcceleration added to the Settings Form.
11/2/2024 13:12:18 [Information] bool: False YaxisChanged added to the Settings Form.
11/2/2024 13:12:18 [Information] decimal: 400.00 YaxisMotorSpeed added to the Settings Form.
11/2/2024 13:12:18 [Information] decimal: 0.00 YaxisStepperCurrent added to the Settings Form.
11/2/2024 13:12:18 [Information] decimal: 0.00 YaxisStepperMove added to the Settings Form.
11/2/2024 13:12:18 [Information] YCOM1: YComPort added to the Settings Form.
11/2/2024 13:12:18 [Information] YCOM2: YComPort added to the Settings Form.
11/2/2024 13:12:18 [Information] YCOM3: YComPort added to the Settings Form.
11/2/2024 13:12:18 [Information] YCOM4: YComPort added to the Settings Form.
11/2/2024 13:12:18 [Information] YCOM5: YComPort added to the Settings Form.
11/2/2024 13:12:18 [Information] YCOM6: YComPort added to the Settings Form.
11/2/2024 13:12:18 [Information] YCOM7: YComPort added to the Settings Form.
11/2/2024 13:12:18 [Information] YCOM8: YComPort added to the Settings Form.
11/2/2024 13:12:18 [Information] YCOM9: YComPort added to the Settings Form.
11/2/2024 13:12:18 [Information] YCOM10: YComPort added to the Settings Form.
11/2/2024 13:12:18 [Information] decimal: 50.00 ZaxisAcceleration added to the Settings Form.
11/2/2024 13:12:18 [Information] bool: False ZaxisChanged added to the Settings Form.
11/2/2024 13:12:18 [Information] decimal: 400.00 ZaxisMotorSpeed added to the Settings Form.
11/2/2024 13:12:18 [Information] decimal: 0.00 ZaxisStepperCurrent added to the Settings Form.
11/2/2024 13:12:18 [Information] decimal: 0.00 ZaxisStepperMove added to the Settings Form.
11/2/2024 13:12:18 [Information] ZCOM1: ZComPort added to the Settings Form.
11/2/2024 13:12:18 [Information] ZCOM2: ZComPort added to the Settings Form.
11/2/2024 13:12:18 [Information] ZCOM3: ZComPort added to the Settings Form.
11/2/2024 13:12:18 [Information] ZCOM4: ZComPort added to the Settings Form.
11/2/2024 13:12:18 [Information] ZCOM5: ZComPort added to the Settings Form.
11/2/2024 13:12:18 [Information] ZCOM6: ZComPort added to the Settings Form.
11/2/2024 13:12:18 [Information] ZCOM7: ZComPort added to the Settings Form.
11/2/2024 13:12:18 [Information] ZCOM8: ZComPort added to the Settings Form.
11/2/2024 13:12:18 [Information] ZCOM9: ZComPort added to the Settings Form.
11/2/2024 13:12:18 [Information] ZCOM10: ZComPort added to the Settings Form.
11/2/2024 13:12:18 [Information] int: 0 zeroXaxis added to the Settings Form.
11/2/2024 13:12:18 [Information] int: 0 zeroYaxis added to the Settings Form.
11/2/2024 13:12:18 [Information] int: 0 zeroZaxis added to the Settings Form.
11/2/2024 13:12:19 [Information] Stepper Motor Controller MainWindow loaded
11/2/2024 13:12:19 [Information] Set MainWindow Media Brushes to White.
11/2/2024 13:12:26 [Information] Z Axis mouse controlled Keypad returned: 16.00
11/2/2024 13:12:28 [Information] ZAxisRun_Click button clicked:
11/2/2024 13:12:28 [Information] Z Axis MotorMovementSeconds decimal: (16.00 / 4) / 2 = 2.00
11/2/2024 13:12:28 [Information] Z Axis myMovementTimer int: 1000 * 2.00 = 2000
11/2/2024 13:12:29 [Information] Z Axis Run Event: Z,0.00,400.00,0,0.00,400.00,0,16.00,400.00,0
11/2/2024 13:12:29 [Information] Z Axis Current Time: 01:12:29 + 2000 = targetEndTime: 01:12:31
11/2/2024 13:12:29 [Information] Stepper Motor Controller Disable Z Axis controls while moving to location.
11/2/2024 13:12:29 [Information] Time remaining: 00:00:00 targetEndTime = 01:12:31
11/2/2024 13:12:29 [Information] Stepper Motor Controller Disable Z Axis controls while moving to location.
11/2/2024 13:12:29 [Information] Time remaining: 00:00:00 targetEndTime = 01:12:31
11/2/2024 13:12:29 [Information] Stepper Motor Controller Disable Z Axis controls while moving to location.
11/2/2024 13:12:29 [Information] Time remaining: 00:00:00 targetEndTime = 01:12:31
11/2/2024 13:12:29 [Information] Stepper Motor Controller Disable Z Axis controls while moving to location.
11/2/2024 13:12:29 [Information] Time remaining: 00:00:00 targetEndTime = 01:12:31
11/2/2024 13:12:29 [Information] Stepper Motor Controller Disable Z Axis controls while moving to location.
11/2/2024 13:12:29 [Information] Time remaining: 00:00:00 targetEndTime = 01:12:31
11/2/2024 13:12:29 [Information] Stepper Motor Controller Disable Z Axis controls while moving to location.
11/2/2024 13:12:29 [Information] Time remaining: 00:00:00 targetEndTime = 01:12:31
11/2/2024 13:12:29 [Information] Stepper Motor Controller Disable Z Axis controls while moving to location.
11/2/2024 13:12:29 [Information] Time remaining: 00:00:00 targetEndTime = 01:12:31
11/2/2024 13:12:29 [Information] Stepper Motor Controller Disable Z Axis controls while moving to location.
11/2/2024 13:12:29 [Information] Time remaining: 00:00:00 targetEndTime = 01:12:31
11/2/2024 13:12:29 [Information] Stepper Motor Controller Disable Z Axis controls while moving to location.
11/2/2024 13:12:29 [Information] Time remaining: 00:00:00 targetEndTime = 01:12:31
11/2/2024 13:12:29 [Information] Stepper Motor Controller Disable Z Axis controls while moving to location.
11/2/2024 13:12:29 [Information] Time remaining: 00:00:00 targetEndTime = 01:12:31
11/2/2024 13:12:29 [Information] Stepper Motor Controller Disable Z Axis controls while moving to location.
11/2/2024 13:12:29 [Information] Time remaining: 00:00:00 targetEndTime = 01:12:31
11/2/2024 13:12:29 [Information] Stepper Motor Controller Disable Z Axis controls while moving to location.
11/2/2024 13:12:29 [Information] Time remaining: 00:00:00 targetEndTime = 01:12:31
11/2/2024 13:12:29 [Information] Stepper Motor Controller Disable Z Axis controls while moving to location.
11/2/2024 13:12:29 [Information] Time remaining: 00:00:00 targetEndTime = 01:12:31
11/2/2024 13:12:29 [Information] Stepper Motor Controller Disable Z Axis controls while moving to location.
11/2/2024 13:12:29 [Information] Time remaining: 00:00:00 targetEndTime = 01:12:31
11/2/2024 13:12:29 [Information] Stepper Motor Controller Disable Z Axis controls while moving to location.
11/2/2024 13:12:29 [Information] Time remaining: 00:00:00 targetEndTime = 01:12:31
11/2/2024 13:12:29 [Information] Stepper Motor Controller Disable Z Axis controls while moving to location.
11/2/2024 13:12:29 [Information] Time remaining: 00:00:00 targetEndTime = 01:12:31
11/2/2024 13:12:29 [Information] Stepper Motor Controller Disable Z Axis controls while moving to location.
11/2/2024 13:12:29 [Information] Time remaining: 00:00:00 targetEndTime = 01:12:31
11/2/2024 13:12:29 [Information] Stepper Motor Controller Disable Z Axis controls while moving to location.
11/2/2024 13:12:29 [Information] Time remaining: 00:00:00 targetEndTime = 01:12:31
11/2/2024 13:12:29 [Information] Stepper Motor Controller Disable Z Axis controls while moving to location.
11/2/2024 13:12:29 [Information] Time remaining: 00:00:00 targetEndTime = 01:12:31
11/2/2024 13:12:29 [Information] Stepper Motor Controller Disable Z Axis controls while moving to location.
11/2/2024 13:12:29 [Information] Time remaining: 00:00:00 targetEndTime = 01:12:31
11/2/2024 13:12:29 [Information] Stepper Motor Controller Disable Z Axis controls while moving to location.
11/2/2024 13:12:29 [Information] Time remaining: 00:00:00 targetEndTime = 01:12:31
11/2/2024 13:12:29 [Information] Stepper Motor Controller Disable Z Axis controls while moving to location.
11/2/2024 13:12:29 [Information] Time remaining: 00:00:00 targetEndTime = 01:12:31
11/2/2024 13:12:29 [Information] Stepper Motor Controller Disable Z Axis controls while moving to location.
11/2/2024 13:12:29 [Information] Time remaining: 00:00:00 targetEndTime = 01:12:31
11/2/2024 13:12:29 [Information] Stepper Motor Controller Disable Z Axis controls while moving to location.
11/2/2024 13:12:29 [Information] Time remaining: 00:00:00 targetEndTime = 01:12:31
11/2/2024 13:12:29 [Information] Stepper Motor Controller Disable Z Axis controls while moving to location.
11/2/2024 13:12:29 [Information] Time remaining: 00:00:00 targetEndTime = 01:12:31
11/2/2024 13:12:29 [Information] Stepper Motor Controller Disable Z Axis controls while moving to location.
11/2/2024 13:12:29 [Information] Time remaining: 00:00:00 targetEndTime = 01:12:31
11/2/2024 13:12:29 [Information] Stepper Motor Controller Disable Z Axis controls while moving to location.
11/2/2024 13:12:29 [Information] Time remaining: 00:00:00 targetEndTime = 01:12:31
11/2/2024 13:12:29 [Information] Stepper Motor Controller Disable Z Axis controls while moving to location.
11/2/2024 13:12:29 [Information] Time remaining: 00:00:00 targetEndTime = 01:12:31
11/2/2024 13:12:29 [Information] Stepper Motor Controller Disable Z Axis controls while moving to location.
11/2/2024 13:12:29 [Information] Time remaining: 00:00:00 targetEndTime = 01:12:31
11/2/2024 13:12:29 [Information] Stepper Motor Controller Disable Z Axis controls while moving to location.
11/2/2024 13:12:29 [Information] Time remaining: 00:00:00 targetEndTime = 01:12:31
11/2/2024 13:12:29 [Information] Stepper Motor Controller Disable Z Axis controls while moving to location.
11/2/2024 13:12:29 [Information] Time remaining: 00:00:00 targetEndTime = 01:12:31
11/2/2024 13:12:29 [Information] Stepper Motor Controller Disable Z Axis controls while moving to location.
11/2/2024 13:12:29 [Information] Time remaining: 00:00:00 targetEndTime = 01:12:31
11/2/2024 13:12:29 [Information] Stepper Motor Controller Disable Z Axis controls while moving to location.
11/2/2024 13:12:29 [Information] Time remaining: 00:00:00 targetEndTime = 01:12:31
11/2/2024 13:12:29 [Information] Stepper Motor Controller Disable Z Axis controls while moving to location.
11/2/2024 13:12:29 [Information] Time remaining: 00:00:00 targetEndTime = 01:12:31
11/2/2024 13:12:29 [Information] Stepper Motor Controller Disable Z Axis controls while moving to location.
11/2/2024 13:12:29 [Information] Time remaining: 00:00:00 targetEndTime = 01:12:31
11/2/2024 13:12:29 [Information] Stepper Motor Controller Disable Z Axis controls while moving to location.
11/2/2024 13:12:29 [Information] Time remaining: 00:00:00 targetEndTime = 01:12:31
11/2/2024 13:12:29 [Information] Stepper Motor Controller Disable Z Axis controls while moving to location.
11/2/2024 13:12:29 [Information] Time remaining: 00:00:00 targetEndTime = 01:12:31
11/2/2024 13:12:30 [Information] Stepper Motor Controller Disable Z Axis controls while moving to location.
11/2/2024 13:12:30 [Information] Time remaining: 00:00:00 targetEndTime = 01:12:31
11/2/2024 13:12:30 [Information] Stepper Motor Controller Disable Z Axis controls while moving to location.
11/2/2024 13:12:30 [Information] Time remaining: 00:00:00 targetEndTime = 01:12:31
11/2/2024 13:12:30 [Information] Stepper Motor Controller Disable Z Axis controls while moving to location.
11/2/2024 13:12:30 [Information] Time remaining: 00:00:00 targetEndTime = 01:12:31
11/2/2024 13:12:30 [Information] Stepper Motor Controller Disable Z Axis controls while moving to location.
11/2/2024 13:12:30 [Information] Time remaining: 00:00:00 targetEndTime = 01:12:31
11/2/2024 13:12:30 [Information] Stepper Motor Controller Disable Z Axis controls while moving to location.
11/2/2024 13:12:30 [Information] Time remaining: 00:00:00 targetEndTime = 01:12:31
11/2/2024 13:12:30 [Information] Stepper Motor Controller Disable Z Axis controls while moving to location.
11/2/2024 13:12:30 [Information] Time remaining: 00:00:00 targetEndTime = 01:12:31
11/2/2024 13:12:30 [Information] Stepper Motor Controller Disable Z Axis controls while moving to location.
11/2/2024 13:12:30 [Information] Time remaining: 00:00:00 targetEndTime = 01:12:31
11/2/2024 13:12:30 [Information] Stepper Motor Controller Disable Z Axis controls while moving to location.
11/2/2024 13:12:30 [Information] Time remaining: 00:00:00 targetEndTime = 01:12:31
11/2/2024 13:12:30 [Information] Stepper Motor Controller Disable Z Axis controls while moving to location.
11/2/2024 13:12:30 [Information] Time remaining: 00:00:00 targetEndTime = 01:12:31
11/2/2024 13:12:30 [Information] Stepper Motor Controller Disable Z Axis controls while moving to location.
11/2/2024 13:12:30 [Information] Time remaining: 00:00:00 targetEndTime = 01:12:31
11/2/2024 13:12:30 [Information] Stepper Motor Controller Disable Z Axis controls while moving to location.
11/2/2024 13:12:30 [Information] Time remaining: 00:00:00 targetEndTime = 01:12:31
11/2/2024 13:12:30 [Information] Stepper Motor Controller Disable Z Axis controls while moving to location.
11/2/2024 13:12:30 [Information] Time remaining: 00:00:00 targetEndTime = 01:12:31
11/2/2024 13:12:30 [Information] Stepper Motor Controller Disable Z Axis controls while moving to location.
11/2/2024 13:12:30 [Information] Time remaining: 00:00:00 targetEndTime = 01:12:31
11/2/2024 13:12:30 [Information] Stepper Motor Controller Disable Z Axis controls while moving to location.
11/2/2024 13:12:30 [Information] Time remaining: 00:00:00 targetEndTime = 01:12:31
11/2/2024 13:12:30 [Information] Stepper Motor Controller Disable Z Axis controls while moving to location.
11/2/2024 13:12:30 [Information] Time remaining: 00:00:00 targetEndTime = 01:12:31
11/2/2024 13:12:30 [Information] Stepper Motor Controller Disable Z Axis controls while moving to location.
11/2/2024 13:12:30 [Information] Time remaining: 00:00:00 targetEndTime = 01:12:31
11/2/2024 13:12:30 [Information] Stepper Motor Controller Disable Z Axis controls while moving to location.
11/2/2024 13:12:30 [Information] Time remaining: 00:00:00 targetEndTime = 01:12:31
11/2/2024 13:12:30 [Information] Stepper Motor Controller Disable Z Axis controls while moving to location.
11/2/2024 13:12:30 [Information] Time remaining: 00:00:00 targetEndTime = 01:12:31
11/2/2024 13:12:30 [Information] Stepper Motor Controller Disable Z Axis controls while moving to location.
11/2/2024 13:12:30 [Information] Time remaining: 00:00:01 targetEndTime = 01:12:31
11/2/2024 13:12:30 [Information] Stepper Motor Controller Disable Z Axis controls while moving to location.
11/2/2024 13:12:30 [Information] Time remaining: 00:00:01 targetEndTime = 01:12:31
11/2/2024 13:12:30 [Information] Stepper Motor Controller Disable Z Axis controls while moving to location.
11/2/2024 13:12:30 [Information] Time remaining: 00:00:01 targetEndTime = 01:12:31
11/2/2024 13:12:30 [Information] Stepper Motor Controller Disable Z Axis controls while moving to location.
11/2/2024 13:12:30 [Information] Time remaining: 00:00:01 targetEndTime = 01:12:31
11/2/2024 13:12:30 [Information] Stepper Motor Controller Disable Z Axis controls while moving to location.
11/2/2024 13:12:30 [Information] Time remaining: 00:00:01 targetEndTime = 01:12:31
11/2/2024 13:12:30 [Information] Stepper Motor Controller Disable Z Axis controls while moving to location.
11/2/2024 13:12:30 [Information] Time remaining: 00:00:01 targetEndTime = 01:12:31
11/2/2024 13:12:30 [Information] Stepper Motor Controller Disable Z Axis controls while moving to location.
11/2/2024 13:12:30 [Information] Time remaining: 00:00:01 targetEndTime = 01:12:31
11/2/2024 13:12:30 [Information] Stepper Motor Controller Disable Z Axis controls while moving to location.
11/2/2024 13:12:30 [Information] Time remaining: 00:00:01 targetEndTime = 01:12:31
11/2/2024 13:12:30 [Information] Stepper Motor Controller Disable Z Axis controls while moving to location.
11/2/2024 13:12:30 [Information] Time remaining: 00:00:01 targetEndTime = 01:12:31
11/2/2024 13:12:30 [Information] Stepper Motor Controller Disable Z Axis controls while moving to location.
11/2/2024 13:12:30 [Information] Time remaining: 00:00:01 targetEndTime = 01:12:31
11/2/2024 13:12:30 [Information] Stepper Motor Controller Disable Z Axis controls while moving to location.
11/2/2024 13:12:30 [Information] Time remaining: 00:00:01 targetEndTime = 01:12:31
11/2/2024 13:12:30 [Information] Stepper Motor Controller Disable Z Axis controls while moving to location.
11/2/2024 13:12:30 [Information] Time remaining: 00:00:01 targetEndTime = 01:12:31
11/2/2024 13:12:30 [Information] Stepper Motor Controller Disable Z Axis controls while moving to location.
11/2/2024 13:12:30 [Information] Time remaining: 00:00:01 targetEndTime = 01:12:31
11/2/2024 13:12:30 [Information] Stepper Motor Controller Disable Z Axis controls while moving to location.
11/2/2024 13:12:30 [Information] Time remaining: 00:00:01 targetEndTime = 01:12:31
11/2/2024 13:12:30 [Information] Stepper Motor Controller Disable Z Axis controls while moving to location.
11/2/2024 13:12:30 [Information] Time remaining: 00:00:01 targetEndTime = 01:12:31
11/2/2024 13:12:30 [Information] Stepper Motor Controller Disable Z Axis controls while moving to location.
11/2/2024 13:12:30 [Information] Time remaining: 00:00:01 targetEndTime = 01:12:31
11/2/2024 13:12:30 [Information] Stepper Motor Controller Disable Z Axis controls while moving to location.
11/2/2024 13:12:30 [Information] Time remaining: 00:00:01 targetEndTime = 01:12:31
11/2/2024 13:12:30 [Information] Stepper Motor Controller Disable Z Axis controls while moving to location.
11/2/2024 13:12:30 [Information] Time remaining: 00:00:01 targetEndTime = 01:12:31
11/2/2024 13:12:30 [Information] Stepper Motor Controller Disable Z Axis controls while moving to location.
11/2/2024 13:12:30 [Information] Time remaining: 00:00:01 targetEndTime = 01:12:31
11/2/2024 13:12:30 [Information] Stepper Motor Controller Disable Z Axis controls while moving to location.
11/2/2024 13:12:30 [Information] Time remaining: 00:00:01 targetEndTime = 01:12:31
11/2/2024 13:12:30 [Information] Stepper Motor Controller Disable Z Axis controls while moving to location.
11/2/2024 13:12:30 [Information] Time remaining: 00:00:01 targetEndTime = 01:12:31
11/2/2024 13:12:30 [Information] Stepper Motor Controller Disable Z Axis controls while moving to location.
11/2/2024 13:12:30 [Information] Time remaining: 00:00:01 targetEndTime = 01:12:31
11/2/2024 13:12:30 [Information] Stepper Motor Controller Disable Z Axis controls while moving to location.
11/2/2024 13:12:30 [Information] Time remaining: 00:00:01 targetEndTime = 01:12:31
11/2/2024 13:12:30 [Information] Stepper Motor Controller Disable Z Axis controls while moving to location.
11/2/2024 13:12:30 [Information] Time remaining: 00:00:01 targetEndTime = 01:12:31
11/2/2024 13:12:30 [Information] Stepper Motor Controller Disable Z Axis controls while moving to location.
11/2/2024 13:12:30 [Information] Time remaining: 00:00:01 targetEndTime = 01:12:31
11/2/2024 13:12:30 [Information] Stepper Motor Controller Disable Z Axis controls while moving to location.
11/2/2024 13:12:30 [Information] Time remaining: 00:00:01 targetEndTime = 01:12:31
11/2/2024 13:12:30 [Information] Stepper Motor Controller Disable Z Axis controls while moving to location.
11/2/2024 13:12:30 [Information] Time remaining: 00:00:01 targetEndTime = 01:12:31
11/2/2024 13:12:30 [Information] Stepper Motor Controller Disable Z Axis controls while moving to location.
11/2/2024 13:12:30 [Information] Time remaining: 00:00:01 targetEndTime = 01:12:31
11/2/2024 13:12:30 [Information] Stepper Motor Controller Disable Z Axis controls while moving to location.
11/2/2024 13:12:30 [Information] Time remaining: 00:00:01 targetEndTime = 01:12:31
11/2/2024 13:12:30 [Information] Stepper Motor Controller Disable Z Axis controls while moving to location.
11/2/2024 13:12:30 [Information] Time remaining: 00:00:01 targetEndTime = 01:12:31
11/2/2024 13:12:30 [Information] Stepper Motor Controller Disable Z Axis controls while moving to location.
11/2/2024 13:12:30 [Information] Time remaining: 00:00:01 targetEndTime = 01:12:31
11/2/2024 13:12:30 [Information] Stepper Motor Controller Disable Z Axis controls while moving to location.
11/2/2024 13:12:30 [Information] Time remaining: 00:00:01 targetEndTime = 01:12:31
11/2/2024 13:12:30 [Information] Stepper Motor Controller Disable Z Axis controls while moving to location.
11/2/2024 13:12:30 [Information] Time remaining: 00:00:01 targetEndTime = 01:12:31
11/2/2024 13:12:30 [Information] Stepper Motor Controller Disable Z Axis controls while moving to location.
11/2/2024 13:12:30 [Information] Time remaining: 00:00:01 targetEndTime = 01:12:31
11/2/2024 13:12:30 [Information] Stepper Motor Controller Disable Z Axis controls while moving to location.
11/2/2024 13:12:30 [Information] Time remaining: 00:00:01 targetEndTime = 01:12:31
11/2/2024 13:12:30 [Information] Stepper Motor Controller Disable Z Axis controls while moving to location.
11/2/2024 13:12:30 [Information] Time remaining: 00:00:01 targetEndTime = 01:12:31
11/2/2024 13:12:30 [Information] Stepper Motor Controller Disable Z Axis controls while moving to location.
11/2/2024 13:12:30 [Information] Time remaining: 00:00:01 targetEndTime = 01:12:31
11/2/2024 13:12:30 [Information] Stepper Motor Controller Disable Z Axis controls while moving to location.
11/2/2024 13:12:30 [Information] Time remaining: 00:00:01 targetEndTime = 01:12:31
11/2/2024 13:12:30 [Information] Stepper Motor Controller Disable Z Axis controls while moving to location.
11/2/2024 13:12:30 [Information] Time remaining: 00:00:01 targetEndTime = 01:12:31
11/2/2024 13:12:30 [Information] Stepper Motor Controller Disable Z Axis controls while moving to location.
11/2/2024 13:12:30 [Information] Time remaining: 00:00:01 targetEndTime = 01:12:31
11/2/2024 13:12:30 [Information] Stepper Motor Controller Disable Z Axis controls while moving to location.
11/2/2024 13:12:30 [Information] Time remaining: 00:00:01 targetEndTime = 01:12:31
11/2/2024 13:12:30 [Information] Stepper Motor Controller Disable Z Axis controls while moving to location.
11/2/2024 13:12:30 [Information] Time remaining: 00:00:01 targetEndTime = 01:12:31
11/2/2024 13:12:30 [Information] Stepper Motor Controller Disable Z Axis controls while moving to location.
11/2/2024 13:12:30 [Information] Time remaining: 00:00:01 targetEndTime = 01:12:31
11/2/2024 13:12:31 [Information] Stepper Motor Controller Disable Z Axis controls while moving to location.
11/2/2024 13:12:31 [Information] Time remaining: 00:00:01 targetEndTime = 01:12:31
11/2/2024 13:12:31 [Information] Stepper Motor Controller Disable Z Axis controls while moving to location.
11/2/2024 13:12:31 [Information] Time remaining: 00:00:01 targetEndTime = 01:12:31
11/2/2024 13:12:31 [Information] Stepper Motor Controller Disable Z Axis controls while moving to location.
11/2/2024 13:12:31 [Information] Time remaining: 00:00:01 targetEndTime = 01:12:31
11/2/2024 13:12:31 [Information] Stepper Motor Controller Disable Z Axis controls while moving to location.
11/2/2024 13:12:31 [Information] Time remaining: 00:00:01 targetEndTime = 01:12:31
11/2/2024 13:12:31 [Information] Stepper Motor Controller Disable Z Axis controls while moving to location.
11/2/2024 13:12:31 [Information] Time remaining: 00:00:01 targetEndTime = 01:12:31
11/2/2024 13:12:31 [Information] Stepper Motor Controller Disable Z Axis controls while moving to location.
11/2/2024 13:12:31 [Information] Time remaining: 00:00:01 targetEndTime = 01:12:31
11/2/2024 13:12:31 [Information] Stepper Motor Controller Disable Z Axis controls while moving to location.
11/2/2024 13:12:31 [Information] Time remaining: 00:00:01 targetEndTime = 01:12:31
11/2/2024 13:12:31 [Information] Stepper Motor Controller Disable Z Axis controls while moving to location.
11/2/2024 13:12:31 [Information] Time remaining: 00:00:01 targetEndTime = 01:12:31
11/2/2024 13:12:31 [Information] Stepper Motor Controller Disable Z Axis controls while moving to location.
11/2/2024 13:12:31 [Information] Time remaining: 00:00:01 targetEndTime = 01:12:31
11/2/2024 13:12:31 [Information] Stepper Motor Controller Disable Z Axis controls while moving to location.
11/2/2024 13:12:31 [Information] Time remaining: 00:00:01 targetEndTime = 01:12:31
11/2/2024 13:12:31 [Information] Stepper Motor Controller Disable Z Axis controls while moving to location.
11/2/2024 13:12:31 [Information] Time remaining: 00:00:01 targetEndTime = 01:12:31
11/2/2024 13:12:31 [Information] Stepper Motor Controller Disable Z Axis controls while moving to location.
11/2/2024 13:12:31 [Information] Time remaining: 00:00:01 targetEndTime = 01:12:31
11/2/2024 13:12:31 [Information] Stepper Motor Controller Disable Z Axis controls while moving to location.
11/2/2024 13:12:31 [Information] Time remaining: 00:00:01 targetEndTime = 01:12:31
11/2/2024 13:12:31 [Information] Stepper Motor Controller Disable Z Axis controls while moving to location.
11/2/2024 13:12:31 [Information] Time remaining: 00:00:01 targetEndTime = 01:12:31
11/2/2024 13:12:31 [Information] Stepper Motor Controller Disable Z Axis controls while moving to location.
11/2/2024 13:12:31 [Information] Time remaining: 00:00:01 targetEndTime = 01:12:31
11/2/2024 13:12:31 [Information] Stepper Motor Controller Disable Z Axis controls while moving to location.
11/2/2024 13:12:31 [Information] Time remaining: 00:00:01 targetEndTime = 01:12:31
11/2/2024 13:12:31 [Information] Stepper Motor Controller Disable Z Axis controls while moving to location.
11/2/2024 13:12:31 [Information] Time remaining: 00:00:01 targetEndTime = 01:12:31
11/2/2024 13:12:31 [Information] Stepper Motor Controller Enable Z Axis controls after moving to location.
11/2/2024 13:12:31 [Information] Stepper Motor Controller Stopwatch Stopped.
11/2/2024 13:12:31 [Information] Stepper Motor Controller Timer Stopped.
11/2/2024 13:12:31 [Information] Stepper Motor Controller Stopwatch Reset.
11/2/2024 13:13:13 [Information] Stepper Motor Controller MainWindow Closing.
11/2/2024 13:13:13 [Information] Stepper Motor Controller Serial Ports closed.
11/2/2024 13:13:13 [Information] Properties Settings Saved.
11/2/2024 13:13:13 [Information] Properties Settings Form Closed.
11/2/2024 13:13:13 [Information] Stepper Motor Controller Form Closed.
