11/5/2024 10:06:57 [Information] Stepper Motor Controller Application Started.
11/5/2024 10:06:57 [Information] Version: 3.0.9075.18204 (11/5/2024 10:06:57)
11/5/2024 10:06:57 [Information] X Axis SerialPort COM7 not connected.
11/5/2024 10:06:57 [Information] Y Axis SerialPort COM8 not connected.
11/5/2024 10:06:57 [Information] Version: 3.1.0.18205 (11/5/2024 10:06:57)
11/5/2024 10:06:57 [Information] Version: 3.1.0.18205 (11/5/2024 10:06:57)
11/5/2024 10:06:57 [Information] Stepper Motor Controller Application Settings Window Opened.
11/5/2024 10:06:57 [Information] Stepper Motor Controller Application Settings form is rebuilt each and every time it is opened.
11/5/2024 10:06:57 [Information] int: 9600 BaudRate added to the Settings Form.
11/5/2024 10:06:57 [Information] bool: False ckbXaxisResetToZeroIsChecked added to the Settings Form.
11/5/2024 10:06:57 [Information] bool: False ckbYaxisResetToZeroIsChecked added to the Settings Form.
11/5/2024 10:06:57 [Information] bool: False ckbZaxisResetToZeroIsChecked added to the Settings Form.
11/5/2024 10:06:57 [Information] COM1: ComPort added to the Settings Form.
11/5/2024 10:06:57 [Information] COM2: ComPort added to the Settings Form.
11/5/2024 10:06:57 [Information] COM3: ComPort added to the Settings Form.
11/5/2024 10:06:57 [Information] COM4: ComPort added to the Settings Form.
11/5/2024 10:06:57 [Information] COM5: ComPort added to the Settings Form.
11/5/2024 10:06:57 [Information] COM6: ComPort added to the Settings Form.
11/5/2024 10:06:57 [Information] COM7: ComPort added to the Settings Form.
11/5/2024 10:06:57 [Information] COM8: ComPort added to the Settings Form.
11/5/2024 10:06:57 [Information] COM9: ComPort added to the Settings Form.
11/5/2024 10:06:57 [Information] COM10: ComPort added to the Settings Form.
11/5/2024 10:06:57 [Information] decimal: 4.00 Divider4_00 added to the Settings Form.
11/5/2024 10:06:57 [Information] decimal: 0.00 MathPart2Initlz added to the Settings Form.
11/5/2024 10:06:57 [Information] decimal: 1.00 MilisecondTimerInterval added to the Settings Form.
11/5/2024 10:06:57 [Information] decimal: 1000.00 MillisecondDelay added to the Settings Form.
11/5/2024 10:06:57 [Information] int: 1000 Milliseconds added to the Settings Form.
11/5/2024 10:06:57 [Information] int: 4 mmPerRevolution added to the Settings Form.
11/5/2024 10:06:57 [Information] int: 2000 ThreadSleep added to the Settings Form.
11/5/2024 10:06:57 [Information] decimal: 0.00 Value_0_00 added to the Settings Form.
11/5/2024 10:06:57 [Information] decimal: 50.00 XaxisAcceleration added to the Settings Form.
11/5/2024 10:06:57 [Information] bool: False XaxisChanged added to the Settings Form.
11/5/2024 10:06:57 [Information] decimal: 400.00 XaxisMotorSpeed added to the Settings Form.
11/5/2024 10:06:57 [Information] decimal: 0.00 XaxisStepperCurrent added to the Settings Form.
11/5/2024 10:06:57 [Information] decimal: 0.00 XaxisStepperMove added to the Settings Form.
11/5/2024 10:06:57 [Information] XCOM1: XComPort added to the Settings Form.
11/5/2024 10:06:57 [Information] XCOM2: XComPort added to the Settings Form.
11/5/2024 10:06:57 [Information] XCOM3: XComPort added to the Settings Form.
11/5/2024 10:06:57 [Information] XCOM4: XComPort added to the Settings Form.
11/5/2024 10:06:57 [Information] XCOM5: XComPort added to the Settings Form.
11/5/2024 10:06:57 [Information] XCOM6: XComPort added to the Settings Form.
11/5/2024 10:06:57 [Information] XCOM7: XComPort added to the Settings Form.
11/5/2024 10:06:57 [Information] XCOM8: XComPort added to the Settings Form.
11/5/2024 10:06:57 [Information] XCOM9: XComPort added to the Settings Form.
11/5/2024 10:06:57 [Information] XCOM10: XComPort added to the Settings Form.
11/5/2024 10:06:57 [Information] decimal: 50.00 YaxisAcceleration added to the Settings Form.
11/5/2024 10:06:57 [Information] bool: False YaxisChanged added to the Settings Form.
11/5/2024 10:06:57 [Information] decimal: 400.00 YaxisMotorSpeed added to the Settings Form.
11/5/2024 10:06:57 [Information] decimal: 0.00 YaxisStepperCurrent added to the Settings Form.
11/5/2024 10:06:57 [Information] decimal: 0.00 YaxisStepperMove added to the Settings Form.
11/5/2024 10:06:57 [Information] YCOM1: YComPort added to the Settings Form.
11/5/2024 10:06:57 [Information] YCOM2: YComPort added to the Settings Form.
11/5/2024 10:06:57 [Information] YCOM3: YComPort added to the Settings Form.
11/5/2024 10:06:57 [Information] YCOM4: YComPort added to the Settings Form.
11/5/2024 10:06:57 [Information] YCOM5: YComPort added to the Settings Form.
11/5/2024 10:06:57 [Information] YCOM6: YComPort added to the Settings Form.
11/5/2024 10:06:57 [Information] YCOM7: YComPort added to the Settings Form.
11/5/2024 10:06:57 [Information] YCOM8: YComPort added to the Settings Form.
11/5/2024 10:06:57 [Information] YCOM9: YComPort added to the Settings Form.
11/5/2024 10:06:57 [Information] YCOM10: YComPort added to the Settings Form.
11/5/2024 10:06:57 [Information] decimal: 50.00 ZaxisAcceleration added to the Settings Form.
11/5/2024 10:06:57 [Information] bool: False ZaxisChanged added to the Settings Form.
11/5/2024 10:06:57 [Information] decimal: 400.00 ZaxisMotorSpeed added to the Settings Form.
11/5/2024 10:06:57 [Information] decimal: 0.00 ZaxisStepperCurrent added to the Settings Form.
11/5/2024 10:06:57 [Information] decimal: 0.00 ZaxisStepperMove added to the Settings Form.
11/5/2024 10:06:57 [Information] ZCOM1: ZComPort added to the Settings Form.
11/5/2024 10:06:57 [Information] ZCOM2: ZComPort added to the Settings Form.
11/5/2024 10:06:57 [Information] ZCOM3: ZComPort added to the Settings Form.
11/5/2024 10:06:57 [Information] ZCOM4: ZComPort added to the Settings Form.
11/5/2024 10:06:57 [Information] ZCOM5: ZComPort added to the Settings Form.
11/5/2024 10:06:57 [Information] ZCOM6: ZComPort added to the Settings Form.
11/5/2024 10:06:57 [Information] ZCOM7: ZComPort added to the Settings Form.
11/5/2024 10:06:57 [Information] ZCOM8: ZComPort added to the Settings Form.
11/5/2024 10:06:57 [Information] ZCOM9: ZComPort added to the Settings Form.
11/5/2024 10:06:57 [Information] ZCOM10: ZComPort added to the Settings Form.
11/5/2024 10:06:57 [Information] int: 0 zeroXaxis added to the Settings Form.
11/5/2024 10:06:57 [Information] int: 0 zeroYaxis added to the Settings Form.
11/5/2024 10:06:57 [Information] int: 0 zeroZaxis added to the Settings Form.
11/5/2024 10:06:57 [Information] Stepper Motor Controller MainWindow loaded
11/5/2024 10:06:57 [Information] Set MainWindow Media Brushes to White.
11/5/2024 10:07:04 [Information] Z Axis mouse controlled Keypad returned: 16.00
11/5/2024 10:07:06 [Information] ZAxisRun_Click button clicked:
11/5/2024 10:07:06 [Information] Z Axis MotorMovementSeconds decimal: (16.00 / 4) / 2 = 2.00
11/5/2024 10:07:06 [Information] Z Axis myMovementTimer int: 1000 * 2.00 = 2000
11/5/2024 10:07:07 [Information] Z Axis Run Event: Z,0.00,400.00,0,0.00,400.00,0,16.00,400.00,0
11/5/2024 10:07:07 [Information] Z Axis Current Time: 10:07:07 + 2000 = zTargetEndTime: 10:07:09
11/5/2024 10:07:07 [Information] Stepper Motor Controller Disable Z Axis controls while moving to location.
11/5/2024 10:07:07 [Information] Time remaining: 00:00:00 zTargetEndTime = 10:07:09
11/5/2024 10:07:07 [Information] Stepper Motor Controller Disable Z Axis controls while moving to location.
11/5/2024 10:07:07 [Information] Time remaining: 00:00:00 zTargetEndTime = 10:07:09
11/5/2024 10:07:07 [Information] Stepper Motor Controller Disable Z Axis controls while moving to location.
11/5/2024 10:07:07 [Information] Time remaining: 00:00:00 zTargetEndTime = 10:07:09
11/5/2024 10:07:07 [Information] Stepper Motor Controller Disable Z Axis controls while moving to location.
11/5/2024 10:07:07 [Information] Time remaining: 00:00:00 zTargetEndTime = 10:07:09
11/5/2024 10:07:07 [Information] Stepper Motor Controller Disable Z Axis controls while moving to location.
11/5/2024 10:07:07 [Information] Time remaining: 00:00:00 zTargetEndTime = 10:07:09
11/5/2024 10:07:07 [Information] Stepper Motor Controller Disable Z Axis controls while moving to location.
11/5/2024 10:07:07 [Information] Time remaining: 00:00:00 zTargetEndTime = 10:07:09
11/5/2024 10:07:07 [Information] Stepper Motor Controller Disable Z Axis controls while moving to location.
11/5/2024 10:07:07 [Information] Time remaining: 00:00:00 zTargetEndTime = 10:07:09
11/5/2024 10:07:07 [Information] Stepper Motor Controller Disable Z Axis controls while moving to location.
11/5/2024 10:07:07 [Information] Time remaining: 00:00:00 zTargetEndTime = 10:07:09
11/5/2024 10:07:07 [Information] Stepper Motor Controller Disable Z Axis controls while moving to location.
11/5/2024 10:07:07 [Information] Time remaining: 00:00:00 zTargetEndTime = 10:07:09
11/5/2024 10:07:07 [Information] Stepper Motor Controller Disable Z Axis controls while moving to location.
11/5/2024 10:07:07 [Information] Time remaining: 00:00:00 zTargetEndTime = 10:07:09
11/5/2024 10:07:07 [Information] Stepper Motor Controller Disable Z Axis controls while moving to location.
11/5/2024 10:07:07 [Information] Time remaining: 00:00:00 zTargetEndTime = 10:07:09
11/5/2024 10:07:07 [Information] Stepper Motor Controller Disable Z Axis controls while moving to location.
11/5/2024 10:07:07 [Information] Time remaining: 00:00:00 zTargetEndTime = 10:07:09
11/5/2024 10:07:07 [Information] Stepper Motor Controller Disable Z Axis controls while moving to location.
11/5/2024 10:07:07 [Information] Time remaining: 00:00:00 zTargetEndTime = 10:07:09
11/5/2024 10:07:07 [Information] Stepper Motor Controller Disable Z Axis controls while moving to location.
11/5/2024 10:07:07 [Information] Time remaining: 00:00:00 zTargetEndTime = 10:07:09
11/5/2024 10:07:07 [Information] Stepper Motor Controller Disable Z Axis controls while moving to location.
11/5/2024 10:07:07 [Information] Time remaining: 00:00:00 zTargetEndTime = 10:07:09
11/5/2024 10:07:07 [Information] Stepper Motor Controller Disable Z Axis controls while moving to location.
11/5/2024 10:07:07 [Information] Time remaining: 00:00:00 zTargetEndTime = 10:07:09
11/5/2024 10:07:07 [Information] Stepper Motor Controller Disable Z Axis controls while moving to location.
11/5/2024 10:07:07 [Information] Time remaining: 00:00:00 zTargetEndTime = 10:07:09
11/5/2024 10:07:07 [Information] Stepper Motor Controller Disable Z Axis controls while moving to location.
11/5/2024 10:07:07 [Information] Time remaining: 00:00:00 zTargetEndTime = 10:07:09
11/5/2024 10:07:07 [Information] Stepper Motor Controller Disable Z Axis controls while moving to location.
11/5/2024 10:07:07 [Information] Time remaining: 00:00:00 zTargetEndTime = 10:07:09
11/5/2024 10:07:07 [Information] Stepper Motor Controller Disable Z Axis controls while moving to location.
11/5/2024 10:07:07 [Information] Time remaining: 00:00:00 zTargetEndTime = 10:07:09
11/5/2024 10:07:07 [Information] Stepper Motor Controller Disable Z Axis controls while moving to location.
11/5/2024 10:07:07 [Information] Time remaining: 00:00:00 zTargetEndTime = 10:07:09
11/5/2024 10:07:07 [Information] Stepper Motor Controller Disable Z Axis controls while moving to location.
11/5/2024 10:07:07 [Information] Time remaining: 00:00:00 zTargetEndTime = 10:07:09
11/5/2024 10:07:07 [Information] Stepper Motor Controller Disable Z Axis controls while moving to location.
11/5/2024 10:07:07 [Information] Time remaining: 00:00:00 zTargetEndTime = 10:07:09
11/5/2024 10:07:07 [Information] Stepper Motor Controller Disable Z Axis controls while moving to location.
11/5/2024 10:07:07 [Information] Time remaining: 00:00:00 zTargetEndTime = 10:07:09
11/5/2024 10:07:07 [Information] Stepper Motor Controller Disable Z Axis controls while moving to location.
11/5/2024 10:07:07 [Information] Time remaining: 00:00:00 zTargetEndTime = 10:07:09
11/5/2024 10:07:07 [Information] Stepper Motor Controller Disable Z Axis controls while moving to location.
11/5/2024 10:07:07 [Information] Time remaining: 00:00:00 zTargetEndTime = 10:07:09
11/5/2024 10:07:07 [Information] Stepper Motor Controller Disable Z Axis controls while moving to location.
11/5/2024 10:07:07 [Information] Time remaining: 00:00:00 zTargetEndTime = 10:07:09
11/5/2024 10:07:07 [Information] Z Axis Data Received: Z Axis CW Motor Stopped
Z Axis CW Motor Current Position: 178

11/5/2024 10:07:07 [Information] Updated X,Y Zero.IsChecked status to 0 and Z Zero.IsChecked status to 1.
11/5/2024 10:07:07 [Information] ZAxisRun_Click button clicked:
11/5/2024 10:07:07 [Information] Z Axis Run Event to reset Axis to zero: Z,0.00,400.00,0,0.00,400.00,0,0.00,400.00,1
11/5/2024 10:07:07 [Information] Setting Z Axis Current Location Set to Zero on DRO
11/5/2024 10:07:08 [Information] Updated X,Y,Z Zero.IsChecked status to 0.
11/5/2024 10:07:08 [Information] Z Axis Current Location Set to Zero
11/5/2024 10:07:09 [Information] Z Axis CW Motor Current Position: 3.56
11/5/2024 10:07:16 [Information] Z Axis mouse controlled Keypad returned: 16.00
11/5/2024 10:07:17 [Information] ZAxisRun_Click button clicked:
11/5/2024 10:07:17 [Information] Z Axis MotorMovementSeconds decimal: (16.00 / 4) / 2 = 2.00
11/5/2024 10:07:17 [Information] Z Axis myMovementTimer int: 1000 * 2.00 = 2000
11/5/2024 10:07:18 [Information] Z Axis Run Event: Z,0.00,400.00,0,0.00,400.00,0,19.56,400.00,0
11/5/2024 10:07:18 [Information] Z Axis Current Time: 10:07:18 + 2000 = zTargetEndTime: 10:07:20
11/5/2024 10:07:18 [Information] Stepper Motor Controller Disable Z Axis controls while moving to location.
11/5/2024 10:07:18 [Information] Time remaining: 00:00:00 zTargetEndTime = 10:07:20
11/5/2024 10:07:18 [Information] Stepper Motor Controller Disable Z Axis controls while moving to location.
11/5/2024 10:07:18 [Information] Time remaining: 00:00:00 zTargetEndTime = 10:07:20
11/5/2024 10:07:18 [Information] Stepper Motor Controller Disable Z Axis controls while moving to location.
11/5/2024 10:07:18 [Information] Time remaining: 00:00:00 zTargetEndTime = 10:07:20
11/5/2024 10:07:18 [Information] Stepper Motor Controller Disable Z Axis controls while moving to location.
11/5/2024 10:07:18 [Information] Time remaining: 00:00:00 zTargetEndTime = 10:07:20
11/5/2024 10:07:18 [Information] Stepper Motor Controller Disable Z Axis controls while moving to location.
11/5/2024 10:07:18 [Information] Time remaining: 00:00:00 zTargetEndTime = 10:07:20
11/5/2024 10:07:18 [Information] Stepper Motor Controller Disable Z Axis controls while moving to location.
11/5/2024 10:07:18 [Information] Time remaining: 00:00:00 zTargetEndTime = 10:07:20
11/5/2024 10:07:18 [Information] Stepper Motor Controller Disable Z Axis controls while moving to location.
11/5/2024 10:07:18 [Information] Time remaining: 00:00:00 zTargetEndTime = 10:07:20
11/5/2024 10:07:18 [Information] Stepper Motor Controller Disable Z Axis controls while moving to location.
11/5/2024 10:07:18 [Information] Time remaining: 00:00:00 zTargetEndTime = 10:07:20
11/5/2024 10:07:18 [Information] Stepper Motor Controller Disable Z Axis controls while moving to location.
11/5/2024 10:07:18 [Information] Time remaining: 00:00:00 zTargetEndTime = 10:07:20
11/5/2024 10:07:18 [Information] Stepper Motor Controller Disable Z Axis controls while moving to location.
11/5/2024 10:07:18 [Information] Time remaining: 00:00:00 zTargetEndTime = 10:07:20
11/5/2024 10:07:18 [Information] Stepper Motor Controller Disable Z Axis controls while moving to location.
11/5/2024 10:07:18 [Information] Time remaining: 00:00:00 zTargetEndTime = 10:07:20
11/5/2024 10:07:18 [Information] Stepper Motor Controller Disable Z Axis controls while moving to location.
11/5/2024 10:07:18 [Information] Time remaining: 00:00:00 zTargetEndTime = 10:07:20
11/5/2024 10:07:18 [Information] Stepper Motor Controller Disable Z Axis controls while moving to location.
11/5/2024 10:07:18 [Information] Time remaining: 00:00:00 zTargetEndTime = 10:07:20
11/5/2024 10:07:18 [Information] Stepper Motor Controller Disable Z Axis controls while moving to location.
11/5/2024 10:07:18 [Information] Time remaining: 00:00:00 zTargetEndTime = 10:07:20
11/5/2024 10:07:18 [Information] Stepper Motor Controller Disable Z Axis controls while moving to location.
11/5/2024 10:07:18 [Information] Time remaining: 00:00:00 zTargetEndTime = 10:07:20
11/5/2024 10:07:18 [Information] Stepper Motor Controller Disable Z Axis controls while moving to location.
11/5/2024 10:07:18 [Information] Time remaining: 00:00:00 zTargetEndTime = 10:07:20
11/5/2024 10:07:18 [Information] Stepper Motor Controller Disable Z Axis controls while moving to location.
11/5/2024 10:07:18 [Information] Time remaining: 00:00:00 zTargetEndTime = 10:07:20
11/5/2024 10:07:18 [Information] Stepper Motor Controller Disable Z Axis controls while moving to location.
11/5/2024 10:07:18 [Information] Time remaining: 00:00:00 zTargetEndTime = 10:07:20
11/5/2024 10:07:18 [Information] Stepper Motor Controller Disable Z Axis controls while moving to location.
11/5/2024 10:07:18 [Information] Time remaining: 00:00:00 zTargetEndTime = 10:07:20
11/5/2024 10:07:18 [Information] Stepper Motor Controller Disable Z Axis controls while moving to location.
11/5/2024 10:07:18 [Information] Time remaining: 00:00:00 zTargetEndTime = 10:07:20
11/5/2024 10:07:18 [Information] Stepper Motor Controller Disable Z Axis controls while moving to location.
11/5/2024 10:07:18 [Information] Time remaining: 00:00:00 zTargetEndTime = 10:07:20
11/5/2024 10:07:18 [Information] Stepper Motor Controller Disable Z Axis controls while moving to location.
11/5/2024 10:07:18 [Information] Time remaining: 00:00:00 zTargetEndTime = 10:07:20
11/5/2024 10:07:18 [Information] Stepper Motor Controller Disable Z Axis controls while moving to location.
11/5/2024 10:07:19 [Information] Time remaining: 00:00:00 zTargetEndTime = 10:07:20
11/5/2024 10:07:19 [Information] Stepper Motor Controller Disable Z Axis controls while moving to location.
11/5/2024 10:07:19 [Information] Time remaining: 00:00:01 zTargetEndTime = 10:07:20
11/5/2024 10:07:19 [Information] Stepper Motor Controller Disable Z Axis controls while moving to location.
11/5/2024 10:07:19 [Information] Time remaining: 00:00:01 zTargetEndTime = 10:07:20
11/5/2024 10:07:19 [Information] Stepper Motor Controller Disable Z Axis controls while moving to location.
11/5/2024 10:07:19 [Information] Time remaining: 00:00:01 zTargetEndTime = 10:07:20
11/5/2024 10:07:19 [Information] Stepper Motor Controller Disable Z Axis controls while moving to location.
11/5/2024 10:07:19 [Information] Time remaining: 00:00:01 zTargetEndTime = 10:07:20
11/5/2024 10:07:19 [Information] Stepper Motor Controller Disable Z Axis controls while moving to location.
11/5/2024 10:07:19 [Information] Time remaining: 00:00:01 zTargetEndTime = 10:07:20
11/5/2024 10:07:19 [Information] Stepper Motor Controller Disable Z Axis controls while moving to location.
11/5/2024 10:07:19 [Information] Time remaining: 00:00:01 zTargetEndTime = 10:07:20
11/5/2024 10:07:19 [Information] Stepper Motor Controller Disable Z Axis controls while moving to location.
11/5/2024 10:07:19 [Information] Time remaining: 00:00:01 zTargetEndTime = 10:07:20
11/5/2024 10:07:19 [Information] Stepper Motor Controller Disable Z Axis controls while moving to location.
11/5/2024 10:07:19 [Information] Time remaining: 00:00:01 zTargetEndTime = 10:07:20
11/5/2024 10:07:19 [Information] Stepper Motor Controller Disable Z Axis controls while moving to location.
11/5/2024 10:07:19 [Information] Time remaining: 00:00:01 zTargetEndTime = 10:07:20
11/5/2024 10:07:19 [Information] Stepper Motor Controller Disable Z Axis controls while moving to location.
11/5/2024 10:07:19 [Information] Time remaining: 00:00:01 zTargetEndTime = 10:07:20
11/5/2024 10:07:19 [Information] Stepper Motor Controller Disable Z Axis controls while moving to location.
11/5/2024 10:07:19 [Information] Time remaining: 00:00:01 zTargetEndTime = 10:07:20
11/5/2024 10:07:19 [Information] Stepper Motor Controller Disable Z Axis controls while moving to location.
11/5/2024 10:07:19 [Information] Time remaining: 00:00:01 zTargetEndTime = 10:07:20
11/5/2024 10:07:19 [Information] Stepper Motor Controller Disable Z Axis controls while moving to location.
11/5/2024 10:07:19 [Information] Time remaining: 00:00:01 zTargetEndTime = 10:07:20
11/5/2024 10:07:19 [Information] Stepper Motor Controller Disable Z Axis controls while moving to location.
11/5/2024 10:07:19 [Information] Time remaining: 00:00:01 zTargetEndTime = 10:07:20
11/5/2024 10:07:19 [Information] Stepper Motor Controller Disable Z Axis controls while moving to location.
11/5/2024 10:07:19 [Information] Time remaining: 00:00:01 zTargetEndTime = 10:07:20
11/5/2024 10:07:19 [Information] Stepper Motor Controller Disable Z Axis controls while moving to location.
11/5/2024 10:07:19 [Information] Time remaining: 00:00:01 zTargetEndTime = 10:07:20
11/5/2024 10:07:19 [Information] Stepper Motor Controller Disable Z Axis controls while moving to location.
11/5/2024 10:07:19 [Information] Time remaining: 00:00:01 zTargetEndTime = 10:07:20
11/5/2024 10:07:19 [Information] Stepper Motor Controller Disable Z Axis controls while moving to location.
11/5/2024 10:07:19 [Information] Time remaining: 00:00:01 zTargetEndTime = 10:07:20
11/5/2024 10:07:19 [Information] Stepper Motor Controller Disable Z Axis controls while moving to location.
11/5/2024 10:07:19 [Information] Time remaining: 00:00:01 zTargetEndTime = 10:07:20
11/5/2024 10:07:19 [Information] Stepper Motor Controller Disable Z Axis controls while moving to location.
11/5/2024 10:07:19 [Information] Time remaining: 00:00:01 zTargetEndTime = 10:07:20
11/5/2024 10:07:19 [Information] Stepper Motor Controller Disable Z Axis controls while moving to location.
11/5/2024 10:07:19 [Information] Time remaining: 00:00:01 zTargetEndTime = 10:07:20
11/5/2024 10:07:19 [Information] Z Axis Data Received: Z Axis CW Motor Stopped
Z Axis CW Motor Current Position: 264

11/5/2024 10:07:19 [Information] Updated X,Y Zero.IsChecked status to 0 and Z Zero.IsChecked status to 1.
11/5/2024 10:07:19 [Information] ZAxisRun_Click button clicked:
11/5/2024 10:07:19 [Information] Z Axis Run Event to reset Axis to zero: Z,0.00,400.00,0,0.00,400.00,0,0.00,400.00,1
11/5/2024 10:07:19 [Information] Setting Z Axis Current Location Set to Zero on DRO
11/5/2024 10:07:20 [Information] Updated X,Y,Z Zero.IsChecked status to 0.
11/5/2024 10:07:20 [Information] Z Axis Current Location Set to Zero
11/5/2024 10:07:21 [Information] Z Axis CW Motor Current Position: 5.28
11/5/2024 10:07:32 [Information] Z Axis mouse controlled Keypad returned: 64.00
11/5/2024 10:07:33 [Information] ZAxisRun_Click button clicked:
11/5/2024 10:07:33 [Information] Z Axis MotorMovementSeconds decimal: (64.00 / 4) / 2 = 8.00
11/5/2024 10:07:33 [Information] Z Axis myMovementTimer int: 1000 * 8.00 = 8000
11/5/2024 10:07:34 [Information] Z Axis Run Event: Z,0.00,400.00,0,0.00,400.00,0,69.28,400.00,0
11/5/2024 10:07:34 [Information] Z Axis Current Time: 10:07:34 + 8000 = zTargetEndTime: 10:07:42
11/5/2024 10:07:34 [Information] Stepper Motor Controller Disable Z Axis controls while moving to location.
11/5/2024 10:07:35 [Information] Time remaining: 00:00:01 zTargetEndTime = 10:07:42
11/5/2024 10:07:35 [Information] Stepper Motor Controller Disable Z Axis controls while moving to location.
11/5/2024 10:07:35 [Information] Time remaining: 00:00:01 zTargetEndTime = 10:07:42
11/5/2024 10:07:35 [Information] Stepper Motor Controller Disable Z Axis controls while moving to location.
11/5/2024 10:07:35 [Information] Time remaining: 00:00:01 zTargetEndTime = 10:07:42
11/5/2024 10:07:35 [Information] Stepper Motor Controller Disable Z Axis controls while moving to location.
11/5/2024 10:07:35 [Information] Time remaining: 00:00:01 zTargetEndTime = 10:07:42
11/5/2024 10:07:35 [Information] Stepper Motor Controller Disable Z Axis controls while moving to location.
11/5/2024 10:07:35 [Information] Time remaining: 00:00:01 zTargetEndTime = 10:07:42
11/5/2024 10:07:35 [Information] Stepper Motor Controller Disable Z Axis controls while moving to location.
11/5/2024 10:07:35 [Information] Time remaining: 00:00:01 zTargetEndTime = 10:07:42
11/5/2024 10:07:35 [Information] Stepper Motor Controller Disable Z Axis controls while moving to location.
11/5/2024 10:07:35 [Information] Time remaining: 00:00:01 zTargetEndTime = 10:07:42
11/5/2024 10:07:35 [Information] Stepper Motor Controller Disable Z Axis controls while moving to location.
11/5/2024 10:07:35 [Information] Time remaining: 00:00:01 zTargetEndTime = 10:07:42
11/5/2024 10:07:35 [Information] Stepper Motor Controller Disable Z Axis controls while moving to location.
11/5/2024 10:07:35 [Information] Time remaining: 00:00:01 zTargetEndTime = 10:07:42
11/5/2024 10:07:35 [Information] Stepper Motor Controller Disable Z Axis controls while moving to location.
11/5/2024 10:07:35 [Information] Time remaining: 00:00:01 zTargetEndTime = 10:07:42
11/5/2024 10:07:35 [Information] Stepper Motor Controller Disable Z Axis controls while moving to location.
11/5/2024 10:07:35 [Information] Time remaining: 00:00:01 zTargetEndTime = 10:07:42
11/5/2024 10:07:35 [Information] Stepper Motor Controller Disable Z Axis controls while moving to location.
11/5/2024 10:07:35 [Information] Time remaining: 00:00:01 zTargetEndTime = 10:07:42
11/5/2024 10:07:35 [Information] Stepper Motor Controller Disable Z Axis controls while moving to location.
11/5/2024 10:07:35 [Information] Time remaining: 00:00:01 zTargetEndTime = 10:07:42
11/5/2024 10:07:35 [Information] Stepper Motor Controller Disable Z Axis controls while moving to location.
11/5/2024 10:07:35 [Information] Time remaining: 00:00:01 zTargetEndTime = 10:07:42
11/5/2024 10:07:35 [Information] Stepper Motor Controller Disable Z Axis controls while moving to location.
11/5/2024 10:07:35 [Information] Time remaining: 00:00:01 zTargetEndTime = 10:07:42
11/5/2024 10:07:35 [Information] Stepper Motor Controller Disable Z Axis controls while moving to location.
11/5/2024 10:07:35 [Information] Time remaining: 00:00:01 zTargetEndTime = 10:07:42
11/5/2024 10:07:35 [Information] Stepper Motor Controller Disable Z Axis controls while moving to location.
11/5/2024 10:07:35 [Information] Time remaining: 00:00:01 zTargetEndTime = 10:07:42
11/5/2024 10:07:35 [Information] Stepper Motor Controller Disable Z Axis controls while moving to location.
11/5/2024 10:07:35 [Information] Time remaining: 00:00:01 zTargetEndTime = 10:07:42
11/5/2024 10:07:35 [Information] Stepper Motor Controller Disable Z Axis controls while moving to location.
11/5/2024 10:07:35 [Information] Time remaining: 00:00:01 zTargetEndTime = 10:07:42
11/5/2024 10:07:35 [Information] Stepper Motor Controller Disable Z Axis controls while moving to location.
11/5/2024 10:07:35 [Information] Time remaining: 00:00:01 zTargetEndTime = 10:07:42
11/5/2024 10:07:35 [Information] Stepper Motor Controller Disable Z Axis controls while moving to location.
11/5/2024 10:07:35 [Information] Time remaining: 00:00:01 zTargetEndTime = 10:07:42
11/5/2024 10:07:35 [Information] Stepper Motor Controller Disable Z Axis controls while moving to location.
11/5/2024 10:07:35 [Information] Time remaining: 00:00:01 zTargetEndTime = 10:07:42
11/5/2024 10:07:35 [Information] Stepper Motor Controller Disable Z Axis controls while moving to location.
11/5/2024 10:07:35 [Information] Time remaining: 00:00:01 zTargetEndTime = 10:07:42
11/5/2024 10:07:35 [Information] Stepper Motor Controller Disable Z Axis controls while moving to location.
11/5/2024 10:07:35 [Information] Time remaining: 00:00:01 zTargetEndTime = 10:07:42
11/5/2024 10:07:35 [Information] Stepper Motor Controller Disable Z Axis controls while moving to location.
11/5/2024 10:07:35 [Information] Time remaining: 00:00:01 zTargetEndTime = 10:07:42
11/5/2024 10:07:35 [Information] Stepper Motor Controller Disable Z Axis controls while moving to location.
11/5/2024 10:07:35 [Information] Time remaining: 00:00:01 zTargetEndTime = 10:07:42
11/5/2024 10:07:35 [Information] Stepper Motor Controller Disable Z Axis controls while moving to location.
11/5/2024 10:07:35 [Information] Time remaining: 00:00:01 zTargetEndTime = 10:07:42
11/5/2024 10:07:35 [Information] Stepper Motor Controller Disable Z Axis controls while moving to location.
11/5/2024 10:07:35 [Information] Time remaining: 00:00:01 zTargetEndTime = 10:07:42
11/5/2024 10:07:35 [Information] Stepper Motor Controller Disable Z Axis controls while moving to location.
11/5/2024 10:07:35 [Information] Time remaining: 00:00:01 zTargetEndTime = 10:07:42
11/5/2024 10:07:35 [Information] Stepper Motor Controller Disable Z Axis controls while moving to location.
11/5/2024 10:07:35 [Information] Time remaining: 00:00:01 zTargetEndTime = 10:07:42
11/5/2024 10:07:35 [Information] Stepper Motor Controller Disable Z Axis controls while moving to location.
11/5/2024 10:07:35 [Information] Time remaining: 00:00:01 zTargetEndTime = 10:07:42
11/5/2024 10:07:35 [Information] Stepper Motor Controller Disable Z Axis controls while moving to location.
11/5/2024 10:07:35 [Information] Time remaining: 00:00:01 zTargetEndTime = 10:07:42
11/5/2024 10:07:35 [Information] Stepper Motor Controller Disable Z Axis controls while moving to location.
11/5/2024 10:07:35 [Information] Time remaining: 00:00:01 zTargetEndTime = 10:07:42
11/5/2024 10:07:35 [Information] Stepper Motor Controller Disable Z Axis controls while moving to location.
11/5/2024 10:07:35 [Information] Time remaining: 00:00:01 zTargetEndTime = 10:07:42
11/5/2024 10:07:35 [Information] Stepper Motor Controller Disable Z Axis controls while moving to location.
11/5/2024 10:07:35 [Information] Time remaining: 00:00:01 zTargetEndTime = 10:07:42
11/5/2024 10:07:35 [Information] Stepper Motor Controller Disable Z Axis controls while moving to location.
11/5/2024 10:07:35 [Information] Time remaining: 00:00:02 zTargetEndTime = 10:07:42
11/5/2024 10:07:35 [Information] Stepper Motor Controller Disable Z Axis controls while moving to location.
11/5/2024 10:07:35 [Information] Time remaining: 00:00:02 zTargetEndTime = 10:07:42
11/5/2024 10:07:35 [Information] Stepper Motor Controller Disable Z Axis controls while moving to location.
11/5/2024 10:07:35 [Information] Time remaining: 00:00:02 zTargetEndTime = 10:07:42
11/5/2024 10:07:35 [Information] Stepper Motor Controller Disable Z Axis controls while moving to location.
11/5/2024 10:07:35 [Information] Time remaining: 00:00:02 zTargetEndTime = 10:07:42
11/5/2024 10:07:35 [Information] Stepper Motor Controller Disable Z Axis controls while moving to location.
11/5/2024 10:07:35 [Information] Time remaining: 00:00:02 zTargetEndTime = 10:07:42
11/5/2024 10:07:35 [Information] Stepper Motor Controller Disable Z Axis controls while moving to location.
11/5/2024 10:07:35 [Information] Time remaining: 00:00:02 zTargetEndTime = 10:07:42
11/5/2024 10:07:35 [Information] Stepper Motor Controller Disable Z Axis controls while moving to location.
11/5/2024 10:07:35 [Information] Time remaining: 00:00:02 zTargetEndTime = 10:07:42
11/5/2024 10:07:35 [Information] Stepper Motor Controller Disable Z Axis controls while moving to location.
11/5/2024 10:07:35 [Information] Time remaining: 00:00:02 zTargetEndTime = 10:07:42
11/5/2024 10:07:35 [Information] Stepper Motor Controller Disable Z Axis controls while moving to location.
11/5/2024 10:07:35 [Information] Time remaining: 00:00:02 zTargetEndTime = 10:07:42
11/5/2024 10:07:35 [Information] Stepper Motor Controller Disable Z Axis controls while moving to location.
11/5/2024 10:07:35 [Information] Time remaining: 00:00:02 zTargetEndTime = 10:07:42
11/5/2024 10:07:35 [Information] Stepper Motor Controller Disable Z Axis controls while moving to location.
11/5/2024 10:07:35 [Information] Time remaining: 00:00:02 zTargetEndTime = 10:07:42
11/5/2024 10:07:35 [Information] Stepper Motor Controller Disable Z Axis controls while moving to location.
11/5/2024 10:07:35 [Information] Time remaining: 00:00:02 zTargetEndTime = 10:07:42
11/5/2024 10:07:35 [Information] Stepper Motor Controller Disable Z Axis controls while moving to location.
11/5/2024 10:07:35 [Information] Time remaining: 00:00:02 zTargetEndTime = 10:07:42
11/5/2024 10:07:35 [Information] Stepper Motor Controller Disable Z Axis controls while moving to location.
11/5/2024 10:07:35 [Information] Time remaining: 00:00:02 zTargetEndTime = 10:07:42
11/5/2024 10:07:35 [Information] Stepper Motor Controller Disable Z Axis controls while moving to location.
11/5/2024 10:07:35 [Information] Time remaining: 00:00:02 zTargetEndTime = 10:07:42
11/5/2024 10:07:35 [Information] Stepper Motor Controller Disable Z Axis controls while moving to location.
11/5/2024 10:07:35 [Information] Time remaining: 00:00:02 zTargetEndTime = 10:07:42
11/5/2024 10:07:35 [Information] Stepper Motor Controller Disable Z Axis controls while moving to location.
11/5/2024 10:07:35 [Information] Time remaining: 00:00:02 zTargetEndTime = 10:07:42
11/5/2024 10:07:35 [Information] Stepper Motor Controller Disable Z Axis controls while moving to location.
11/5/2024 10:07:35 [Information] Time remaining: 00:00:02 zTargetEndTime = 10:07:42
11/5/2024 10:07:35 [Information] Stepper Motor Controller Disable Z Axis controls while moving to location.
11/5/2024 10:07:35 [Information] Time remaining: 00:00:02 zTargetEndTime = 10:07:42
11/5/2024 10:07:35 [Information] Stepper Motor Controller Disable Z Axis controls while moving to location.
11/5/2024 10:07:35 [Information] Time remaining: 00:00:02 zTargetEndTime = 10:07:42
11/5/2024 10:07:35 [Information] Z Axis Data Received: Z Axis CW Motor Stopped
Z Axis CW Motor Current Position: 349

11/5/2024 10:07:35 [Information] Updated X,Y Zero.IsChecked status to 0 and Z Zero.IsChecked status to 1.
11/5/2024 10:07:35 [Information] ZAxisRun_Click button clicked:
11/5/2024 10:07:35 [Information] Z Axis Run Event to reset Axis to zero: Z,0.00,400.00,0,0.00,400.00,0,0.00,400.00,1
11/5/2024 10:07:35 [Information] Setting Z Axis Current Location Set to Zero on DRO
11/5/2024 10:07:36 [Information] Updated X,Y,Z Zero.IsChecked status to 0.
11/5/2024 10:07:37 [Information] Z Axis Current Location Set to Zero
11/5/2024 10:07:38 [Information] Z Axis CW Motor Current Position: 6.98
11/5/2024 10:07:48 [Information] Z Axis mouse controlled Keypad returned: 64.00
11/5/2024 10:07:49 [Information] ZAxisRun_Click button clicked:
11/5/2024 10:07:49 [Information] Z Axis MotorMovementSeconds decimal: (64.00 / 4) / 2 = 8.00
11/5/2024 10:07:49 [Information] Z Axis myMovementTimer int: 1000 * 8.00 = 8000
11/5/2024 10:07:50 [Information] Z Axis Run Event: Z,0.00,400.00,0,0.00,400.00,0,70.98,400.00,0
11/5/2024 10:07:50 [Information] Z Axis Current Time: 10:07:50 + 8000 = zTargetEndTime: 10:07:58
11/5/2024 10:07:50 [Information] Stepper Motor Controller Disable Z Axis controls while moving to location.
11/5/2024 10:07:50 [Information] Time remaining: 00:00:02 zTargetEndTime = 10:07:58
11/5/2024 10:07:50 [Information] Stepper Motor Controller Disable Z Axis controls while moving to location.
11/5/2024 10:07:50 [Information] Time remaining: 00:00:02 zTargetEndTime = 10:07:58
11/5/2024 10:07:50 [Information] Stepper Motor Controller Disable Z Axis controls while moving to location.
11/5/2024 10:07:50 [Information] Time remaining: 00:00:02 zTargetEndTime = 10:07:58
11/5/2024 10:07:50 [Information] Stepper Motor Controller Disable Z Axis controls while moving to location.
11/5/2024 10:07:50 [Information] Time remaining: 00:00:02 zTargetEndTime = 10:07:58
11/5/2024 10:07:50 [Information] Stepper Motor Controller Disable Z Axis controls while moving to location.
11/5/2024 10:07:50 [Information] Time remaining: 00:00:02 zTargetEndTime = 10:07:58
11/5/2024 10:07:50 [Information] Stepper Motor Controller Disable Z Axis controls while moving to location.
11/5/2024 10:07:50 [Information] Time remaining: 00:00:02 zTargetEndTime = 10:07:58
11/5/2024 10:07:50 [Information] Stepper Motor Controller Disable Z Axis controls while moving to location.
11/5/2024 10:07:50 [Information] Time remaining: 00:00:02 zTargetEndTime = 10:07:58
11/5/2024 10:07:50 [Information] Stepper Motor Controller Disable Z Axis controls while moving to location.
11/5/2024 10:07:50 [Information] Time remaining: 00:00:02 zTargetEndTime = 10:07:58
11/5/2024 10:07:50 [Information] Stepper Motor Controller Disable Z Axis controls while moving to location.
11/5/2024 10:07:50 [Information] Time remaining: 00:00:02 zTargetEndTime = 10:07:58
11/5/2024 10:07:50 [Information] Stepper Motor Controller Disable Z Axis controls while moving to location.
11/5/2024 10:07:50 [Information] Time remaining: 00:00:02 zTargetEndTime = 10:07:58
11/5/2024 10:07:50 [Information] Stepper Motor Controller Disable Z Axis controls while moving to location.
11/5/2024 10:07:50 [Information] Time remaining: 00:00:02 zTargetEndTime = 10:07:58
11/5/2024 10:07:50 [Information] Stepper Motor Controller Disable Z Axis controls while moving to location.
11/5/2024 10:07:50 [Information] Time remaining: 00:00:02 zTargetEndTime = 10:07:58
11/5/2024 10:07:50 [Information] Stepper Motor Controller Disable Z Axis controls while moving to location.
11/5/2024 10:07:50 [Information] Time remaining: 00:00:02 zTargetEndTime = 10:07:58
11/5/2024 10:07:50 [Information] Stepper Motor Controller Disable Z Axis controls while moving to location.
11/5/2024 10:07:50 [Information] Time remaining: 00:00:02 zTargetEndTime = 10:07:58
11/5/2024 10:07:50 [Information] Z Axis Data Received: Z Axis CW Motor Stopped
Z Axis CW Motor Current Position: 104

11/5/2024 10:07:50 [Information] Updated X,Y Zero.IsChecked status to 0 and Z Zero.IsChecked status to 1.
11/5/2024 10:07:50 [Information] ZAxisRun_Click button clicked:
11/5/2024 10:07:50 [Information] Z Axis Run Event to reset Axis to zero: Z,0.00,400.00,0,0.00,400.00,0,0.00,400.00,1
11/5/2024 10:07:50 [Information] Setting Z Axis Current Location Set to Zero on DRO
11/5/2024 10:07:51 [Information] Updated X,Y,Z Zero.IsChecked status to 0.
11/5/2024 10:07:51 [Information] Z Axis Current Location Set to Zero
11/5/2024 10:07:52 [Information] Z Axis CW Motor Current Position: 2.08
11/5/2024 10:07:56 [Information] Stepper Motor Controller MainWindow Closing.
11/5/2024 10:07:56 [Information] Stepper Motor Controller Serial Ports closed.
11/5/2024 10:07:56 [Information] Properties Settings Saved.
11/5/2024 10:07:56 [Information] Properties Settings Form Closed.
11/5/2024 10:07:56 [Information] Stepper Motor Controller Form Closed.
