11/23/2024 15:23:00 [Information] Stepper Motor Controller Application Started. (Line: 718)
11/23/2024 15:23:00 [Information] Version: 3.0.9093.27667 (11/23/2024 15:23:00) (Line: 722)
11/23/2024 15:23:00 [Information] Initializing Serial Ports. (Line: 553)
11/23/2024 15:23:00 [Error] I/O error occurred while opening the port COM7. (Line: 614)
11/23/2024 15:23:10 [Error] I/O error occurred while opening the port COM8. (Line: 614)
11/23/2024 15:23:10 [Information] SerialPort COM10 opened successfully. (Line: 599)
11/23/2024 15:23:10 [Information] SerialPort COM10 read 1 bytes. (Line: 604)
11/23/2024 15:23:10 [Information] Stepper Motor Controller Application Started. (Line: 364)
11/23/2024 15:23:10 [Information] Version: 3.0.9093.27667 (11/23/2024 15:23:10) (Line: 368)
11/23/2024 15:23:11 [Information] Version: 3.1.0.27668 (11/23/2024 15:23:11) (Line: 443)
11/23/2024 15:23:11 [Information] Element AssemblyVersion not found in the provided XML document. (Line: 545)
11/23/2024 15:23:11 [Information] Element FileVersion not found in the provided XML document. (Line: 545)
11/23/2024 15:23:11 [Information] Version: 3.1.0.27668 (11/23/2024 15:23:11) (Line: 451)
11/23/2024 15:23:11 [Information] Stepper Motor Controller Application Settings Window Opened. (Line: 39)
11/23/2024 15:23:11 [Information] Stepper Motor Controller Application Settings form is rebuilt each and every time it is opened. (Line: 47)
11/23/2024 15:23:11 [Information] int: 9600 BaudRate added to the Settings Form. (Line: 151)
11/23/2024 15:23:11 [Information] bool: False ckbXaxisResetToZeroIsChecked added to the Settings Form. (Line: 218)
11/23/2024 15:23:11 [Information] bool: False ckbYaxisResetToZeroIsChecked added to the Settings Form. (Line: 218)
11/23/2024 15:23:11 [Information] bool: False ckbZaxisResetToZeroIsChecked added to the Settings Form. (Line: 218)
11/23/2024 15:23:11 [Information] COM1: ComPort added to the Settings Form. (Line: 484)
11/23/2024 15:23:11 [Information] COM2: ComPort added to the Settings Form. (Line: 484)
11/23/2024 15:23:11 [Information] COM3: ComPort added to the Settings Form. (Line: 484)
11/23/2024 15:23:11 [Information] COM4: ComPort added to the Settings Form. (Line: 484)
11/23/2024 15:23:11 [Information] COM5: ComPort added to the Settings Form. (Line: 484)
11/23/2024 15:23:11 [Information] COM6: ComPort added to the Settings Form. (Line: 484)
11/23/2024 15:23:11 [Information] COM7: ComPort added to the Settings Form. (Line: 484)
11/23/2024 15:23:11 [Information] COM8: ComPort added to the Settings Form. (Line: 484)
11/23/2024 15:23:11 [Information] COM9: ComPort added to the Settings Form. (Line: 484)
11/23/2024 15:23:11 [Information] COM10: ComPort added to the Settings Form. (Line: 484)
11/23/2024 15:23:11 [Information] decimal: 4.00 Divider4_00 added to the Settings Form. (Line: 271)
11/23/2024 15:23:11 [Information] decimal: 0.00 MathPart2Initlz added to the Settings Form. (Line: 271)
11/23/2024 15:23:11 [Information] decimal: 1.00 MilisecondTimerInterval added to the Settings Form. (Line: 271)
11/23/2024 15:23:11 [Information] decimal: 1000.00 MillisecondDelay added to the Settings Form. (Line: 271)
11/23/2024 15:23:11 [Information] int: 1000 Milliseconds added to the Settings Form. (Line: 151)
11/23/2024 15:23:11 [Information] int: 4 mmPerRevolution added to the Settings Form. (Line: 151)
11/23/2024 15:23:11 [Information] int: 2000 ThreadSleep added to the Settings Form. (Line: 151)
11/23/2024 15:23:11 [Information] decimal: 0.00 Value_0_00 added to the Settings Form. (Line: 271)
11/23/2024 15:23:11 [Information] decimal: 50.00 XaxisAcceleration added to the Settings Form. (Line: 271)
11/23/2024 15:23:11 [Information] bool: False XaxisChanged added to the Settings Form. (Line: 218)
11/23/2024 15:23:11 [Information] decimal: 400.00 XaxisMotorSpeed added to the Settings Form. (Line: 271)
11/23/2024 15:23:11 [Information] decimal: 0.00 XaxisStepperCurrent added to the Settings Form. (Line: 271)
11/23/2024 15:23:11 [Information] decimal: 0.00 XaxisStepperMove added to the Settings Form. (Line: 271)
11/23/2024 15:23:11 [Information] XCOM1: XComPort added to the Settings Form. (Line: 346)
11/23/2024 15:23:11 [Information] XCOM2: XComPort added to the Settings Form. (Line: 346)
11/23/2024 15:23:11 [Information] XCOM3: XComPort added to the Settings Form. (Line: 346)
11/23/2024 15:23:11 [Information] XCOM4: XComPort added to the Settings Form. (Line: 346)
11/23/2024 15:23:11 [Information] XCOM5: XComPort added to the Settings Form. (Line: 346)
11/23/2024 15:23:11 [Information] XCOM6: XComPort added to the Settings Form. (Line: 346)
11/23/2024 15:23:11 [Information] XCOM7: XComPort added to the Settings Form. (Line: 346)
11/23/2024 15:23:11 [Information] XCOM8: XComPort added to the Settings Form. (Line: 346)
11/23/2024 15:23:11 [Information] XCOM9: XComPort added to the Settings Form. (Line: 346)
11/23/2024 15:23:11 [Information] XCOM10: XComPort added to the Settings Form. (Line: 346)
11/23/2024 15:23:11 [Information] decimal: 50.00 YaxisAcceleration added to the Settings Form. (Line: 271)
11/23/2024 15:23:11 [Information] bool: False YaxisChanged added to the Settings Form. (Line: 218)
11/23/2024 15:23:11 [Information] decimal: 400.00 YaxisMotorSpeed added to the Settings Form. (Line: 271)
11/23/2024 15:23:11 [Information] decimal: 0.00 YaxisStepperCurrent added to the Settings Form. (Line: 271)
11/23/2024 15:23:11 [Information] decimal: 0.00 YaxisStepperMove added to the Settings Form. (Line: 271)
11/23/2024 15:23:11 [Information] YCOM1: YComPort added to the Settings Form. (Line: 392)
11/23/2024 15:23:11 [Information] YCOM2: YComPort added to the Settings Form. (Line: 392)
11/23/2024 15:23:11 [Information] YCOM3: YComPort added to the Settings Form. (Line: 392)
11/23/2024 15:23:11 [Information] YCOM4: YComPort added to the Settings Form. (Line: 392)
11/23/2024 15:23:11 [Information] YCOM5: YComPort added to the Settings Form. (Line: 392)
11/23/2024 15:23:11 [Information] YCOM6: YComPort added to the Settings Form. (Line: 392)
11/23/2024 15:23:11 [Information] YCOM7: YComPort added to the Settings Form. (Line: 392)
11/23/2024 15:23:11 [Information] YCOM8: YComPort added to the Settings Form. (Line: 392)
11/23/2024 15:23:11 [Information] YCOM9: YComPort added to the Settings Form. (Line: 392)
11/23/2024 15:23:11 [Information] YCOM10: YComPort added to the Settings Form. (Line: 392)
11/23/2024 15:23:11 [Information] decimal: 50.00 ZaxisAcceleration added to the Settings Form. (Line: 271)
11/23/2024 15:23:11 [Information] bool: False ZaxisChanged added to the Settings Form. (Line: 218)
11/23/2024 15:23:11 [Information] decimal: 400.00 ZaxisMotorSpeed added to the Settings Form. (Line: 271)
11/23/2024 15:23:11 [Information] decimal: 0.00 ZaxisStepperCurrent added to the Settings Form. (Line: 271)
11/23/2024 15:23:11 [Information] decimal: 0.00 ZaxisStepperMove added to the Settings Form. (Line: 271)
11/23/2024 15:23:11 [Information] ZCOM1: ZComPort added to the Settings Form. (Line: 438)
11/23/2024 15:23:11 [Information] ZCOM2: ZComPort added to the Settings Form. (Line: 438)
11/23/2024 15:23:11 [Information] ZCOM3: ZComPort added to the Settings Form. (Line: 438)
11/23/2024 15:23:11 [Information] ZCOM4: ZComPort added to the Settings Form. (Line: 438)
11/23/2024 15:23:11 [Information] ZCOM5: ZComPort added to the Settings Form. (Line: 438)
11/23/2024 15:23:11 [Information] ZCOM6: ZComPort added to the Settings Form. (Line: 438)
11/23/2024 15:23:11 [Information] ZCOM7: ZComPort added to the Settings Form. (Line: 438)
11/23/2024 15:23:11 [Information] ZCOM8: ZComPort added to the Settings Form. (Line: 438)
11/23/2024 15:23:11 [Information] ZCOM9: ZComPort added to the Settings Form. (Line: 438)
11/23/2024 15:23:11 [Information] ZCOM10: ZComPort added to the Settings Form. (Line: 438)
11/23/2024 15:23:11 [Information] int: 0 zeroXaxis added to the Settings Form. (Line: 151)
11/23/2024 15:23:11 [Information] int: 0 zeroYaxis added to the Settings Form. (Line: 151)
11/23/2024 15:23:11 [Information] int: 0 zeroZaxis added to the Settings Form. (Line: 151)
11/23/2024 15:23:11 [Information] Stepper Motor Controller MainWindow loaded (Line: 1686)
11/23/2024 15:23:11 [Information] Set MainWindow Media Brushes to White. (Line: 1696)
11/23/2024 15:23:22 [Information] txtZaxisStepperMove Axis mouse controlled Keypad returned: 32.00 (Line: 1519)
11/23/2024 15:23:24 [Information] Z Axis Run button clicked: (Line: 1038)
11/23/2024 15:23:24 [Information] Z Axis MotorMovementSeconds: 4.5714285714285714285714285714 (Line: 1288)
11/23/2024 15:23:24 [Information] Z Axis Run Event: Z,0.00,400.00,0,0.00,400.00,0,32.00,400.00,0 (Line: 1200)
11/23/2024 15:23:29 [Information] Stepper Motor Countdown: Completed (Line: 751)
11/23/2024 15:23:50 [Information] Stepper Motor Controller MainWindow Closing. (Line: 1707)
11/23/2024 15:23:50 [Information] Properties Settings Saved. (Line: 1716)
11/23/2024 15:23:50 [Information] Properties Settings Form Closed. (Line: 1722)
11/23/2024 15:23:50 [Information] Stepper Motor Controller Form Closed. (Line: 1725)
