12/2/2024 18:31:27 [Information] Logger updated to Microsoft.Extensions.Logging.Logger`1[Stepper.MainWindow] (Line: 226)
12/2/2024 18:31:27 [Information] Stepper Motor Controller Application Started. (Line: 957)
12/2/2024 18:31:27 [Information] Version: 3.0.9102.33336 (12/2/2024 18:31:27) (Line: 961)
12/2/2024 18:31:27 [Information] Initializing Serial Ports. (Line: 786)
12/2/2024 18:31:27 [Error] I/O error occurred while opening the port COM7. (Line: 849)
12/2/2024 18:31:29 [Error] I/O error occurred while opening the port COM8. (Line: 849)
12/2/2024 18:31:30 [Information] SerialPort COM10 opened successfully. (Line: 832)
12/2/2024 18:31:30 [Information] CountdownTimer updated to System.Windows.Threading.DispatcherTimer (Line: 62)
12/2/2024 18:31:30 [Information] Stepper Motor Controller Application Started. (Line: 557)
12/2/2024 18:31:30 [Information] Version: 3.0.9102.33336 (12/2/2024 18:31:30) (Line: 561)
12/2/2024 18:31:30 [Information] Stepper Motor Controller Application Settings Window Opened. (Line: 39)
12/2/2024 18:31:30 [Information] Stepper Motor Controller Application Settings form is rebuilt each and every time it is opened. (Line: 47)
12/2/2024 18:31:30 [Information] int: 0 AxisAbsolutePosition added to the Settings Form. (Line: 151)
12/2/2024 18:31:30 [Information] int: 9600 BaudRate added to the Settings Form. (Line: 151)
12/2/2024 18:31:30 [Information] decimal: 1.00 BuildVersion added to the Settings Form. (Line: 271)
12/2/2024 18:31:30 [Information] bool: False ckbXaxisResetToZeroIsChecked added to the Settings Form. (Line: 218)
12/2/2024 18:31:30 [Information] bool: False ckbYaxisResetToZeroIsChecked added to the Settings Form. (Line: 218)
12/2/2024 18:31:30 [Information] bool: False ckbZaxisResetToZeroIsChecked added to the Settings Form. (Line: 218)
12/2/2024 18:31:30 [Information] COM1: ComPort added to the Settings Form. (Line: 484)
12/2/2024 18:31:30 [Information] COM2: ComPort added to the Settings Form. (Line: 484)
12/2/2024 18:31:30 [Information] COM3: ComPort added to the Settings Form. (Line: 484)
12/2/2024 18:31:30 [Information] COM4: ComPort added to the Settings Form. (Line: 484)
12/2/2024 18:31:30 [Information] COM5: ComPort added to the Settings Form. (Line: 484)
12/2/2024 18:31:30 [Information] COM6: ComPort added to the Settings Form. (Line: 484)
12/2/2024 18:31:30 [Information] COM7: ComPort added to the Settings Form. (Line: 484)
12/2/2024 18:31:30 [Information] COM8: ComPort added to the Settings Form. (Line: 484)
12/2/2024 18:31:30 [Information] COM9: ComPort added to the Settings Form. (Line: 484)
12/2/2024 18:31:30 [Information] COM10: ComPort added to the Settings Form. (Line: 484)
12/2/2024 18:31:30 [Information] decimal: 4.00 Divider4_00 added to the Settings Form. (Line: 271)
12/2/2024 18:31:30 [Information] decimal: 0.00 MathPart2Initlz added to the Settings Form. (Line: 271)
12/2/2024 18:31:30 [Information] decimal: 1.00 MilisecondTimerInterval added to the Settings Form. (Line: 271)
12/2/2024 18:31:30 [Information] decimal: 1000.00 MillisecondDelay added to the Settings Form. (Line: 271)
12/2/2024 18:31:30 [Information] int: 1000 Milliseconds added to the Settings Form. (Line: 151)
12/2/2024 18:31:30 [Information] int: 4 mmPerRevolution added to the Settings Form. (Line: 151)
12/2/2024 18:31:30 [Information] int: 200 stepsPerRevolution added to the Settings Form. (Line: 151)
12/2/2024 18:31:30 [Information] int: 2000 ThreadSleep added to the Settings Form. (Line: 151)
12/2/2024 18:31:30 [Information] decimal: 0.00 Value_0_00 added to the Settings Form. (Line: 271)
12/2/2024 18:31:30 [Information] decimal: 50.00 XaxisAcceleration added to the Settings Form. (Line: 271)
12/2/2024 18:31:30 [Information] bool: False XaxisChanged added to the Settings Form. (Line: 218)
12/2/2024 18:31:30 [Information] decimal: 400.00 XaxisMotorSpeed added to the Settings Form. (Line: 271)
12/2/2024 18:31:30 [Information] decimal: 0.00 XaxisStepperCurrent added to the Settings Form. (Line: 271)
12/2/2024 18:31:30 [Information] decimal: 0.00 XaxisStepperMove added to the Settings Form. (Line: 271)
12/2/2024 18:31:30 [Information] XCOM1: XComPort added to the Settings Form. (Line: 346)
12/2/2024 18:31:30 [Information] XCOM2: XComPort added to the Settings Form. (Line: 346)
12/2/2024 18:31:30 [Information] XCOM3: XComPort added to the Settings Form. (Line: 346)
12/2/2024 18:31:30 [Information] XCOM4: XComPort added to the Settings Form. (Line: 346)
12/2/2024 18:31:30 [Information] XCOM5: XComPort added to the Settings Form. (Line: 346)
12/2/2024 18:31:30 [Information] XCOM6: XComPort added to the Settings Form. (Line: 346)
12/2/2024 18:31:30 [Information] XCOM7: XComPort added to the Settings Form. (Line: 346)
12/2/2024 18:31:30 [Information] XCOM8: XComPort added to the Settings Form. (Line: 346)
12/2/2024 18:31:30 [Information] XCOM9: XComPort added to the Settings Form. (Line: 346)
12/2/2024 18:31:30 [Information] XCOM10: XComPort added to the Settings Form. (Line: 346)
12/2/2024 18:31:30 [Information] decimal: 50.00 YaxisAcceleration added to the Settings Form. (Line: 271)
12/2/2024 18:31:30 [Information] bool: False YaxisChanged added to the Settings Form. (Line: 218)
12/2/2024 18:31:30 [Information] decimal: 400.00 YaxisMotorSpeed added to the Settings Form. (Line: 271)
12/2/2024 18:31:30 [Information] decimal: 0.00 YaxisStepperCurrent added to the Settings Form. (Line: 271)
12/2/2024 18:31:30 [Information] decimal: 0.00 YaxisStepperMove added to the Settings Form. (Line: 271)
12/2/2024 18:31:30 [Information] YCOM1: YComPort added to the Settings Form. (Line: 392)
12/2/2024 18:31:30 [Information] YCOM2: YComPort added to the Settings Form. (Line: 392)
12/2/2024 18:31:30 [Information] YCOM3: YComPort added to the Settings Form. (Line: 392)
12/2/2024 18:31:30 [Information] YCOM4: YComPort added to the Settings Form. (Line: 392)
12/2/2024 18:31:30 [Information] YCOM5: YComPort added to the Settings Form. (Line: 392)
12/2/2024 18:31:30 [Information] YCOM6: YComPort added to the Settings Form. (Line: 392)
12/2/2024 18:31:30 [Information] YCOM7: YComPort added to the Settings Form. (Line: 392)
12/2/2024 18:31:30 [Information] YCOM8: YComPort added to the Settings Form. (Line: 392)
12/2/2024 18:31:30 [Information] YCOM9: YComPort added to the Settings Form. (Line: 392)
12/2/2024 18:31:30 [Information] YCOM10: YComPort added to the Settings Form. (Line: 392)
12/2/2024 18:31:30 [Information] decimal: 50.00 ZaxisAcceleration added to the Settings Form. (Line: 271)
12/2/2024 18:31:30 [Information] bool: False ZaxisChanged added to the Settings Form. (Line: 218)
12/2/2024 18:31:30 [Information] decimal: 400.00 ZaxisMotorSpeed added to the Settings Form. (Line: 271)
12/2/2024 18:31:30 [Information] decimal: 0.00 ZaxisStepperCurrent added to the Settings Form. (Line: 271)
12/2/2024 18:31:30 [Information] decimal: 0.00 ZaxisStepperMove added to the Settings Form. (Line: 271)
12/2/2024 18:31:30 [Information] ZCOM1: ZComPort added to the Settings Form. (Line: 438)
12/2/2024 18:31:30 [Information] ZCOM2: ZComPort added to the Settings Form. (Line: 438)
12/2/2024 18:31:30 [Information] ZCOM3: ZComPort added to the Settings Form. (Line: 438)
12/2/2024 18:31:30 [Information] ZCOM4: ZComPort added to the Settings Form. (Line: 438)
12/2/2024 18:31:30 [Information] ZCOM5: ZComPort added to the Settings Form. (Line: 438)
12/2/2024 18:31:30 [Information] ZCOM6: ZComPort added to the Settings Form. (Line: 438)
12/2/2024 18:31:30 [Information] ZCOM7: ZComPort added to the Settings Form. (Line: 438)
12/2/2024 18:31:30 [Information] ZCOM8: ZComPort added to the Settings Form. (Line: 438)
12/2/2024 18:31:30 [Information] ZCOM9: ZComPort added to the Settings Form. (Line: 438)
12/2/2024 18:31:30 [Information] ZCOM10: ZComPort added to the Settings Form. (Line: 438)
12/2/2024 18:31:30 [Information] int: 0 zeroXaxis added to the Settings Form. (Line: 151)
12/2/2024 18:31:30 [Information] int: 0 zeroYaxis added to the Settings Form. (Line: 151)
12/2/2024 18:31:30 [Information] int: 0 zeroZaxis added to the Settings Form. (Line: 151)
12/2/2024 18:31:30 [Information] NewSettingsWindow updated to Stepper.StepperAppSettings (Line: 49)
12/2/2024 18:31:30 [Information] Stepper Motor Controller MainWindow loaded (Line: 2041)
12/2/2024 18:31:30 [Information] Set MainWindow Media Brushes to White. (Line: 2051)
12/2/2024 18:31:37 [Information] txtZaxisStepperMove Axis mouse controlled Keypad returned: 32.00 (Line: 1879)
12/2/2024 18:31:43 [Information] Z Axis Run button clicked: (Line: 1358)
12/2/2024 18:31:43 [Information] Z Axis MotorMovementSeconds for <= 400.00 RPM: 4.80 (Line: 1599)
12/2/2024 18:31:43 [Information] TargetEndTime updated to 12/2/2024 18:31:48 (Line: 88)
12/2/2024 18:31:43 [Information] Z Axis Run Event: Z,0.00,400.00,0,0.00,400.00,0,32.00,400.00,0 (Line: 1524)
12/2/2024 18:31:48 [Information] Stepper Motor Countdown: Completed (Line: 998)
12/2/2024 18:31:50 [Information] ZAxisTargetReached updated to True (Line: 463)
12/2/2024 18:31:50 [Information] Z Axis Target Reached changed. (Line: 708)
12/2/2024 18:31:50 [Information] ZAxisAbsolutePosition updated to 32 (Line: 499)
12/2/2024 18:31:50 [Information] Z Axis Absolute Position changed. (Line: 752)
12/2/2024 18:31:50 [Information] Z Axis Position: 32. (Line: 734)
12/2/2024 18:31:50 [Information] Axis Z reached target position Current Position: (Line: 1200)
12/2/2024 18:31:54 [Information] ZAxisTargetReached updated to False (Line: 463)
12/2/2024 18:31:54 [Information] Z Axis Run button clicked: (Line: 1358)
12/2/2024 18:31:54 [Information] Z Axis MotorMovementSeconds for <= 400.00 RPM: 4.80 (Line: 1599)
12/2/2024 18:31:54 [Information] TargetEndTime updated to 12/2/2024 18:31:59 (Line: 88)
12/2/2024 18:31:54 [Information] Z Axis Run Event: Z,0.00,400.00,0,0.00,400.00,0,32.00,400.00,0 (Line: 1524)
12/2/2024 18:31:57 [Information] LimitSwitchPressed updated to True (Line: 75)
12/2/2024 18:31:57 [Information] ZAxisTargetReached updated to True (Line: 463)
12/2/2024 18:31:57 [Information] Z Axis Target Reached changed. (Line: 708)
12/2/2024 18:31:57 [Information] Z Axis LimitSwitchPressed. (Line: 711)
12/2/2024 18:31:57 [Information] Z Axis Absolute Position: 32. (Line: 714)
12/2/2024 18:31:57 [Information] ZAxisAbsolutePosition updated to 36.6 (Line: 499)
12/2/2024 18:31:57 [Information] Z Axis Absolute Position changed. (Line: 752)
12/2/2024 18:31:57 [Information] Z Axis New Position: 4.6. (Line: 716)
12/2/2024 18:31:57 [Information] Z Axis Position: 36.6. (Line: 718)
12/2/2024 18:31:57 [Information] LimitSwitchPressed updated to False (Line: 75)
12/2/2024 18:31:57 [Information] CW Limit Switch Activated! (Line: 1177)
12/2/2024 18:31:59 [Information] Stepper Motor Countdown: Completed (Line: 998)
12/2/2024 18:32:01 [Information] ZAxisTargetReached updated to False (Line: 463)
12/2/2024 18:32:01 [Information] Z Axis Run button clicked: (Line: 1358)
12/2/2024 18:32:01 [Information] Z Axis MotorMovementSeconds for <= 400.00 RPM: 4.80 (Line: 1599)
12/2/2024 18:32:01 [Information] TargetEndTime updated to 12/2/2024 18:32:06 (Line: 88)
12/2/2024 18:32:01 [Information] Z Axis Run Event: Z,0.00,400.00,0,0.00,400.00,0,32.00,400.00,0 (Line: 1524)
12/2/2024 18:32:03 [Information] LimitSwitchPressed updated to True (Line: 75)
12/2/2024 18:32:03 [Information] ZAxisTargetReached updated to True (Line: 463)
12/2/2024 18:32:03 [Information] Z Axis Target Reached changed. (Line: 708)
12/2/2024 18:32:03 [Information] Z Axis LimitSwitchPressed. (Line: 711)
12/2/2024 18:32:03 [Information] Z Axis Absolute Position: 36.6. (Line: 714)
12/2/2024 18:32:03 [Information] ZAxisAbsolutePosition updated to 39.579998 (Line: 499)
12/2/2024 18:32:03 [Information] Z Axis Absolute Position changed. (Line: 752)
12/2/2024 18:32:03 [Information] Z Axis New Position: 2.98. (Line: 716)
12/2/2024 18:32:03 [Information] Z Axis Position: 39.579998. (Line: 718)
12/2/2024 18:32:03 [Information] LimitSwitchPressed updated to False (Line: 75)
12/2/2024 18:32:03 [Information] CW Limit Switch Activated! (Line: 1177)
12/2/2024 18:32:06 [Information] Stepper Motor Countdown: Completed (Line: 998)
12/2/2024 18:32:14 [Information] ZAxisTargetReached updated to False (Line: 463)
12/2/2024 18:32:14 [Information] Z Axis Run button clicked: (Line: 1358)
12/2/2024 18:32:14 [Information] Z Axis MotorMovementSeconds for <= 400.00 RPM: 4.80 (Line: 1599)
12/2/2024 18:32:14 [Information] TargetEndTime updated to 12/2/2024 18:32:19 (Line: 88)
12/2/2024 18:32:14 [Information] Z Axis Run Event: Z,0.00,400.00,0,0.00,400.00,0,32.00,400.00,0 (Line: 1524)
12/2/2024 18:32:17 [Information] LimitSwitchPressed updated to True (Line: 75)
12/2/2024 18:32:17 [Information] ZAxisTargetReached updated to True (Line: 463)
12/2/2024 18:32:17 [Information] Z Axis Target Reached changed. (Line: 708)
12/2/2024 18:32:17 [Information] Z Axis LimitSwitchPressed. (Line: 711)
12/2/2024 18:32:17 [Information] Z Axis Absolute Position: 39.579998. (Line: 714)
12/2/2024 18:32:17 [Information] ZAxisAbsolutePosition updated to 34.62 (Line: 499)
12/2/2024 18:32:17 [Information] Z Axis Absolute Position changed. (Line: 752)
12/2/2024 18:32:17 [Information] Z Axis New Position: -4.96. (Line: 716)
12/2/2024 18:32:17 [Information] Z Axis Position: 34.62. (Line: 718)
12/2/2024 18:32:17 [Information] LimitSwitchPressed updated to False (Line: 75)
12/2/2024 18:32:17 [Information] CCW Limit Switch Activated! (Line: 1185)
12/2/2024 18:32:19 [Information] Stepper Motor Countdown: Completed (Line: 998)
12/2/2024 18:32:20 [Information] ZAxisTargetReached updated to False (Line: 463)
12/2/2024 18:32:20 [Information] Z Axis Run button clicked: (Line: 1358)
12/2/2024 18:32:20 [Information] Z Axis MotorMovementSeconds for <= 400.00 RPM: 4.80 (Line: 1599)
12/2/2024 18:32:20 [Information] TargetEndTime updated to 12/2/2024 18:32:25 (Line: 88)
12/2/2024 18:32:20 [Information] Z Axis Run Event: Z,0.00,400.00,0,0.00,400.00,0,32.00,400.00,0 (Line: 1524)
12/2/2024 18:32:23 [Information] LimitSwitchPressed updated to True (Line: 75)
12/2/2024 18:32:23 [Information] ZAxisTargetReached updated to True (Line: 463)
12/2/2024 18:32:23 [Information] Z Axis Target Reached changed. (Line: 708)
12/2/2024 18:32:23 [Information] Z Axis LimitSwitchPressed. (Line: 711)
12/2/2024 18:32:23 [Information] Z Axis Absolute Position: 34.62. (Line: 714)
12/2/2024 18:32:23 [Information] ZAxisAbsolutePosition updated to 31.06 (Line: 499)
12/2/2024 18:32:23 [Information] Z Axis Absolute Position changed. (Line: 752)
12/2/2024 18:32:23 [Information] Z Axis New Position: -3.56. (Line: 716)
12/2/2024 18:32:23 [Information] Z Axis Position: 31.06. (Line: 718)
12/2/2024 18:32:23 [Information] LimitSwitchPressed updated to False (Line: 75)
12/2/2024 18:32:23 [Information] CCW Limit Switch Activated! (Line: 1185)
12/2/2024 18:32:25 [Information] Stepper Motor Countdown: Completed (Line: 998)
12/2/2024 18:32:27 [Information] ZAxisTargetReached updated to False (Line: 463)
12/2/2024 18:32:27 [Information] Z Axis Run button clicked: (Line: 1358)
12/2/2024 18:32:27 [Information] Z Axis MotorMovementSeconds for <= 400.00 RPM: 4.80 (Line: 1599)
12/2/2024 18:32:27 [Information] TargetEndTime updated to 12/2/2024 18:32:32 (Line: 88)
12/2/2024 18:32:27 [Information] Z Axis Run Event: Z,0.00,400.00,0,0.00,400.00,0,32.00,400.00,0 (Line: 1524)
12/2/2024 18:32:30 [Information] LimitSwitchPressed updated to True (Line: 75)
12/2/2024 18:32:30 [Information] ZAxisTargetReached updated to True (Line: 463)
12/2/2024 18:32:30 [Information] Z Axis Target Reached changed. (Line: 708)
12/2/2024 18:32:30 [Information] Z Axis LimitSwitchPressed. (Line: 711)
12/2/2024 18:32:30 [Information] Z Axis Absolute Position: 31.06. (Line: 714)
12/2/2024 18:32:30 [Information] ZAxisAbsolutePosition updated to 26.199999 (Line: 499)
12/2/2024 18:32:30 [Information] Z Axis Absolute Position changed. (Line: 752)
12/2/2024 18:32:30 [Information] Z Axis New Position: -4.86. (Line: 716)
12/2/2024 18:32:30 [Information] Z Axis Position: 26.199999. (Line: 718)
12/2/2024 18:32:30 [Information] LimitSwitchPressed updated to False (Line: 75)
12/2/2024 18:32:30 [Information] CCW Limit Switch Activated! (Line: 1185)
12/2/2024 18:32:32 [Information] Stepper Motor Countdown: Completed (Line: 998)
12/2/2024 18:32:35 [Information] Stepper Motor Controller MainWindow Closing. (Line: 2062)
12/2/2024 18:32:35 [Information] Properties Settings Saved. (Line: 2071)
12/2/2024 18:32:35 [Information] Properties Settings Form Closed. (Line: 2077)
12/2/2024 18:32:35 [Information] Stepper Motor Controller Form Closed. (Line: 2080)
