11/24/2024 16:56:32 [Information] Logger updated to Microsoft.Extensions.Logging.Logger`1[Stepper.MainWindow] (Line: 224)
11/24/2024 16:56:32 [Information] Stepper Motor Controller Application Started. (Line: 894)
11/24/2024 16:56:32 [Information] Version: 3.0.9094.30491 (11/24/2024 16:56:32) (Line: 898)
11/24/2024 16:56:32 [Information] Initializing Serial Ports. (Line: 723)
11/24/2024 16:56:32 [Error] I/O error occurred while opening the port COM7. (Line: 786)
11/24/2024 16:56:32 [Error] I/O error occurred while opening the port COM8. (Line: 786)
11/24/2024 16:56:32 [Information] SerialPort COM10 opened successfully. (Line: 769)
11/24/2024 16:56:32 [Information] CountdownTimer updated to System.Windows.Threading.DispatcherTimer (Line: 60)
11/24/2024 16:56:32 [Information] Stepper Motor Controller Application Started. (Line: 525)
11/24/2024 16:56:32 [Information] Version: 3.0.9094.30491 (11/24/2024 16:56:32) (Line: 529)
11/24/2024 16:56:32 [Information] Stepper Motor Controller Application Settings Window Opened. (Line: 39)
11/24/2024 16:56:32 [Information] Stepper Motor Controller Application Settings form is rebuilt each and every time it is opened. (Line: 47)
11/24/2024 16:56:32 [Information] int: 9600 BaudRate added to the Settings Form. (Line: 151)
11/24/2024 16:56:32 [Information] decimal: 1.00 BuildVersion added to the Settings Form. (Line: 271)
11/24/2024 16:56:32 [Information] bool: False ckbXaxisResetToZeroIsChecked added to the Settings Form. (Line: 218)
11/24/2024 16:56:32 [Information] bool: False ckbYaxisResetToZeroIsChecked added to the Settings Form. (Line: 218)
11/24/2024 16:56:32 [Information] bool: False ckbZaxisResetToZeroIsChecked added to the Settings Form. (Line: 218)
11/24/2024 16:56:32 [Information] COM1: ComPort added to the Settings Form. (Line: 484)
11/24/2024 16:56:32 [Information] COM2: ComPort added to the Settings Form. (Line: 484)
11/24/2024 16:56:32 [Information] COM3: ComPort added to the Settings Form. (Line: 484)
11/24/2024 16:56:32 [Information] COM4: ComPort added to the Settings Form. (Line: 484)
11/24/2024 16:56:32 [Information] COM5: ComPort added to the Settings Form. (Line: 484)
11/24/2024 16:56:32 [Information] COM6: ComPort added to the Settings Form. (Line: 484)
11/24/2024 16:56:32 [Information] COM7: ComPort added to the Settings Form. (Line: 484)
11/24/2024 16:56:32 [Information] COM8: ComPort added to the Settings Form. (Line: 484)
11/24/2024 16:56:32 [Information] COM9: ComPort added to the Settings Form. (Line: 484)
11/24/2024 16:56:32 [Information] COM10: ComPort added to the Settings Form. (Line: 484)
11/24/2024 16:56:32 [Information] decimal: 4.00 Divider4_00 added to the Settings Form. (Line: 271)
11/24/2024 16:56:32 [Information] decimal: 0.00 MathPart2Initlz added to the Settings Form. (Line: 271)
11/24/2024 16:56:32 [Information] decimal: 1.00 MilisecondTimerInterval added to the Settings Form. (Line: 271)
11/24/2024 16:56:32 [Information] decimal: 1000.00 MillisecondDelay added to the Settings Form. (Line: 271)
11/24/2024 16:56:32 [Information] int: 1000 Milliseconds added to the Settings Form. (Line: 151)
11/24/2024 16:56:32 [Information] int: 4 mmPerRevolution added to the Settings Form. (Line: 151)
11/24/2024 16:56:32 [Information] int: 2000 ThreadSleep added to the Settings Form. (Line: 151)
11/24/2024 16:56:32 [Information] decimal: 0.00 Value_0_00 added to the Settings Form. (Line: 271)
11/24/2024 16:56:32 [Information] decimal: 50.00 XaxisAcceleration added to the Settings Form. (Line: 271)
11/24/2024 16:56:32 [Information] bool: False XaxisChanged added to the Settings Form. (Line: 218)
11/24/2024 16:56:32 [Information] decimal: 400.00 XaxisMotorSpeed added to the Settings Form. (Line: 271)
11/24/2024 16:56:32 [Information] decimal: 0.00 XaxisStepperCurrent added to the Settings Form. (Line: 271)
11/24/2024 16:56:32 [Information] decimal: 0.00 XaxisStepperMove added to the Settings Form. (Line: 271)
11/24/2024 16:56:32 [Information] XCOM1: XComPort added to the Settings Form. (Line: 346)
11/24/2024 16:56:32 [Information] XCOM2: XComPort added to the Settings Form. (Line: 346)
11/24/2024 16:56:32 [Information] XCOM3: XComPort added to the Settings Form. (Line: 346)
11/24/2024 16:56:32 [Information] XCOM4: XComPort added to the Settings Form. (Line: 346)
11/24/2024 16:56:32 [Information] XCOM5: XComPort added to the Settings Form. (Line: 346)
11/24/2024 16:56:32 [Information] XCOM6: XComPort added to the Settings Form. (Line: 346)
11/24/2024 16:56:32 [Information] XCOM7: XComPort added to the Settings Form. (Line: 346)
11/24/2024 16:56:32 [Information] XCOM8: XComPort added to the Settings Form. (Line: 346)
11/24/2024 16:56:32 [Information] XCOM9: XComPort added to the Settings Form. (Line: 346)
11/24/2024 16:56:32 [Information] XCOM10: XComPort added to the Settings Form. (Line: 346)
11/24/2024 16:56:32 [Information] decimal: 50.00 YaxisAcceleration added to the Settings Form. (Line: 271)
11/24/2024 16:56:32 [Information] bool: False YaxisChanged added to the Settings Form. (Line: 218)
11/24/2024 16:56:32 [Information] decimal: 400.00 YaxisMotorSpeed added to the Settings Form. (Line: 271)
11/24/2024 16:56:32 [Information] decimal: 0.00 YaxisStepperCurrent added to the Settings Form. (Line: 271)
11/24/2024 16:56:32 [Information] decimal: 0.00 YaxisStepperMove added to the Settings Form. (Line: 271)
11/24/2024 16:56:32 [Information] YCOM1: YComPort added to the Settings Form. (Line: 392)
11/24/2024 16:56:32 [Information] YCOM2: YComPort added to the Settings Form. (Line: 392)
11/24/2024 16:56:32 [Information] YCOM3: YComPort added to the Settings Form. (Line: 392)
11/24/2024 16:56:32 [Information] YCOM4: YComPort added to the Settings Form. (Line: 392)
11/24/2024 16:56:32 [Information] YCOM5: YComPort added to the Settings Form. (Line: 392)
11/24/2024 16:56:32 [Information] YCOM6: YComPort added to the Settings Form. (Line: 392)
11/24/2024 16:56:32 [Information] YCOM7: YComPort added to the Settings Form. (Line: 392)
11/24/2024 16:56:32 [Information] YCOM8: YComPort added to the Settings Form. (Line: 392)
11/24/2024 16:56:32 [Information] YCOM9: YComPort added to the Settings Form. (Line: 392)
11/24/2024 16:56:32 [Information] YCOM10: YComPort added to the Settings Form. (Line: 392)
11/24/2024 16:56:32 [Information] decimal: 50.00 ZaxisAcceleration added to the Settings Form. (Line: 271)
11/24/2024 16:56:32 [Information] bool: False ZaxisChanged added to the Settings Form. (Line: 218)
11/24/2024 16:56:32 [Information] decimal: 400.00 ZaxisMotorSpeed added to the Settings Form. (Line: 271)
11/24/2024 16:56:32 [Information] decimal: 0.00 ZaxisStepperCurrent added to the Settings Form. (Line: 271)
11/24/2024 16:56:32 [Information] decimal: 0.00 ZaxisStepperMove added to the Settings Form. (Line: 271)
11/24/2024 16:56:32 [Information] ZCOM1: ZComPort added to the Settings Form. (Line: 438)
11/24/2024 16:56:32 [Information] ZCOM2: ZComPort added to the Settings Form. (Line: 438)
11/24/2024 16:56:32 [Information] ZCOM3: ZComPort added to the Settings Form. (Line: 438)
11/24/2024 16:56:32 [Information] ZCOM4: ZComPort added to the Settings Form. (Line: 438)
11/24/2024 16:56:32 [Information] ZCOM5: ZComPort added to the Settings Form. (Line: 438)
11/24/2024 16:56:32 [Information] ZCOM6: ZComPort added to the Settings Form. (Line: 438)
11/24/2024 16:56:32 [Information] ZCOM7: ZComPort added to the Settings Form. (Line: 438)
11/24/2024 16:56:32 [Information] ZCOM8: ZComPort added to the Settings Form. (Line: 438)
11/24/2024 16:56:32 [Information] ZCOM9: ZComPort added to the Settings Form. (Line: 438)
11/24/2024 16:56:32 [Information] ZCOM10: ZComPort added to the Settings Form. (Line: 438)
11/24/2024 16:56:32 [Information] int: 0 zeroXaxis added to the Settings Form. (Line: 151)
11/24/2024 16:56:32 [Information] int: 0 zeroYaxis added to the Settings Form. (Line: 151)
11/24/2024 16:56:32 [Information] int: 0 zeroZaxis added to the Settings Form. (Line: 151)
11/24/2024 16:56:32 [Information] NewSettingsWindow updated to Stepper.StepperAppSettings (Line: 47)
11/24/2024 16:56:33 [Information] Stepper Motor Controller MainWindow loaded (Line: 1842)
11/24/2024 16:56:33 [Information] Set MainWindow Media Brushes to White. (Line: 1852)
11/24/2024 16:56:40 [Information] Z Axis stepper move updated to 24.00 (Line: 1640)
11/24/2024 16:56:40 [Information] txtZaxisStepperMove Axis mouse controlled Keypad returned: 24.00 (Line: 1680)
11/24/2024 16:56:41 [Information] Z Axis Run button clicked: (Line: 1194)
11/24/2024 16:56:41 [Information] Z Axis MotorMovementSeconds: 4.3636363636363636363636363636 (Line: 1444)
11/24/2024 16:56:41 [Information] TargetEndTime updated to 11/24/2024 16:56:45 (Line: 86)
11/24/2024 16:56:41 [Information] Z Axis Run Event: Z,0.00,400.00,0,0.00,400.00,0,24.00,400.00,0 (Line: 1356)
11/24/2024 16:56:45 [Information] Stepper Motor Countdown: Completed (Line: 927)
11/24/2024 16:56:45 [Information] ZAxisTargetReached updated to True (Line: 474)
11/24/2024 16:56:45 [Information] Z Axis Target Reached changed. (Line: 673)
11/24/2024 16:56:45 [Information] CompletedZAxisCurrentPosition updated to 24 (Line: 370)
11/24/2024 16:56:48 [Information] ZaxisStepperMoveTemp updated to 24.00 (Line: 211)
11/24/2024 16:56:52 [Information] Z Axis stepper move updated to 32.00 (Line: 1640)
11/24/2024 16:56:52 [Information] txtZaxisStepperMove Axis mouse controlled Keypad returned: 32.00 (Line: 1680)
11/24/2024 16:56:53 [Information] ZAxisTargetReached updated to False (Line: 474)
11/24/2024 16:56:53 [Information] Z Axis Target Reached changed. (Line: 673)
11/24/2024 16:56:53 [Information] Z Axis Run button clicked: (Line: 1194)
11/24/2024 16:56:53 [Information] Z Axis MotorMovementSeconds: 5.8181818181818181818181818182 (Line: 1444)
11/24/2024 16:56:53 [Information] TargetEndTime updated to 11/24/2024 16:56:59 (Line: 86)
11/24/2024 16:56:53 [Information] Z Axis Run Event: Z,0.00,400.00,0,0.00,400.00,0,32.00,400.00,0 (Line: 1356)
11/24/2024 16:56:59 [Information] Stepper Motor Countdown: Completed (Line: 927)
11/24/2024 16:56:59 [Information] ZAxisTargetReached updated to True (Line: 474)
11/24/2024 16:56:59 [Information] Z Axis Target Reached changed. (Line: 673)
11/24/2024 16:56:59 [Information] CompletedZAxisCurrentPosition updated to 56 (Line: 370)
11/24/2024 16:57:03 [Information] ZaxisStepperMoveTemp updated to 32.00 (Line: 211)
11/24/2024 16:57:12 [Information] Z Axis stepper move updated to 40.00 (Line: 1640)
11/24/2024 16:57:12 [Information] txtZaxisStepperMove Axis mouse controlled Keypad returned: 40.00 (Line: 1680)
11/24/2024 16:57:13 [Information] ZAxisTargetReached updated to False (Line: 474)
11/24/2024 16:57:13 [Information] Z Axis Target Reached changed. (Line: 673)
11/24/2024 16:57:13 [Information] Z Axis Run button clicked: (Line: 1194)
11/24/2024 16:57:13 [Information] Z Axis MotorMovementSeconds: 7.2727272727272727272727272727 (Line: 1444)
11/24/2024 16:57:13 [Information] TargetEndTime updated to 11/24/2024 16:57:20 (Line: 86)
11/24/2024 16:57:13 [Information] Z Axis Run Event: Z,0.00,400.00,0,0.00,400.00,0,40.00,400.00,0 (Line: 1356)
11/24/2024 16:57:20 [Information] Stepper Motor Countdown: Completed (Line: 927)
11/24/2024 16:57:20 [Information] ZAxisTargetReached updated to True (Line: 474)
11/24/2024 16:57:20 [Information] Z Axis Target Reached changed. (Line: 673)
11/24/2024 16:57:20 [Information] CompletedZAxisCurrentPosition updated to 96 (Line: 370)
11/24/2024 16:57:22 [Information] ZaxisStepperMoveTemp updated to 40.00 (Line: 211)
11/24/2024 16:57:29 [Information] Z Axis stepper move updated to 48.00 (Line: 1640)
11/24/2024 16:57:29 [Information] txtZaxisStepperMove Axis mouse controlled Keypad returned: 48.00 (Line: 1680)
11/24/2024 16:57:31 [Information] ZAxisTargetReached updated to False (Line: 474)
11/24/2024 16:57:31 [Information] Z Axis Target Reached changed. (Line: 673)
11/24/2024 16:57:31 [Information] Z Axis Run button clicked: (Line: 1194)
11/24/2024 16:57:31 [Information] Z Axis MotorMovementSeconds: 8.727272727272727272727272727 (Line: 1444)
11/24/2024 16:57:31 [Information] TargetEndTime updated to 11/24/2024 16:57:40 (Line: 86)
11/24/2024 16:57:31 [Information] Z Axis Run Event: Z,0.00,400.00,0,0.00,400.00,0,48.00,400.00,0 (Line: 1356)
11/24/2024 16:57:40 [Information] Stepper Motor Countdown: Completed (Line: 927)
11/24/2024 16:57:40 [Information] ZAxisTargetReached updated to True (Line: 474)
11/24/2024 16:57:40 [Information] Z Axis Target Reached changed. (Line: 673)
11/24/2024 16:57:40 [Information] CompletedZAxisCurrentPosition updated to 144 (Line: 370)
11/24/2024 16:57:42 [Information] ZaxisStepperMoveTemp updated to 48.00 (Line: 211)
11/24/2024 16:57:50 [Information] Z Axis stepper move updated to 56.00 (Line: 1640)
11/24/2024 16:57:50 [Information] txtZaxisStepperMove Axis mouse controlled Keypad returned: 56.00 (Line: 1680)
11/24/2024 16:57:51 [Information] ZAxisTargetReached updated to False (Line: 474)
11/24/2024 16:57:51 [Information] Z Axis Target Reached changed. (Line: 673)
11/24/2024 16:57:51 [Information] Z Axis Run button clicked: (Line: 1194)
11/24/2024 16:57:51 [Information] Z Axis MotorMovementSeconds: 10.181818181818181818181818182 (Line: 1444)
11/24/2024 16:57:51 [Information] TargetEndTime updated to 11/24/2024 16:58:01 (Line: 86)
11/24/2024 16:57:51 [Information] Z Axis Run Event: Z,0.00,400.00,0,0.00,400.00,0,56.00,400.00,0 (Line: 1356)
11/24/2024 16:58:01 [Information] Stepper Motor Countdown: Completed (Line: 927)
11/24/2024 16:58:01 [Information] ZAxisTargetReached updated to True (Line: 474)
11/24/2024 16:58:01 [Information] Z Axis Target Reached changed. (Line: 673)
11/24/2024 16:58:01 [Information] CompletedZAxisCurrentPosition updated to 200 (Line: 370)
11/24/2024 16:58:04 [Information] ZaxisStepperMoveTemp updated to 56.00 (Line: 211)
11/24/2024 16:58:12 [Information] Z Axis stepper move updated to 64.00 (Line: 1640)
11/24/2024 16:58:12 [Information] txtZaxisStepperMove Axis mouse controlled Keypad returned: 64.00 (Line: 1680)
11/24/2024 16:58:14 [Information] ZAxisTargetReached updated to False (Line: 474)
11/24/2024 16:58:14 [Information] Z Axis Target Reached changed. (Line: 673)
11/24/2024 16:58:14 [Information] Z Axis Run button clicked: (Line: 1194)
11/24/2024 16:58:14 [Information] Z Axis MotorMovementSeconds: 11.636363636363636363636363636 (Line: 1444)
11/24/2024 16:58:14 [Information] TargetEndTime updated to 11/24/2024 16:58:26 (Line: 86)
11/24/2024 16:58:14 [Information] Z Axis Run Event: Z,0.00,400.00,0,0.00,400.00,0,64.00,400.00,0 (Line: 1356)
11/24/2024 16:58:26 [Information] Stepper Motor Countdown: Completed (Line: 927)
11/24/2024 16:58:26 [Information] ZAxisTargetReached updated to True (Line: 474)
11/24/2024 16:58:26 [Information] Z Axis Target Reached changed. (Line: 673)
11/24/2024 16:58:26 [Information] CompletedZAxisCurrentPosition updated to 264 (Line: 370)
11/24/2024 16:58:30 [Information] ZaxisStepperMoveTemp updated to 64.00 (Line: 211)
11/24/2024 16:58:34 [Information] Z Axis stepper move updated to 8.00 (Line: 1640)
11/24/2024 16:58:34 [Information] txtZaxisStepperMove Axis mouse controlled Keypad returned: 8.00 (Line: 1680)
11/24/2024 16:58:35 [Information] ZAxisTargetReached updated to False (Line: 474)
11/24/2024 16:58:35 [Information] Z Axis Target Reached changed. (Line: 673)
11/24/2024 16:58:35 [Information] Z Axis Run button clicked: (Line: 1194)
11/24/2024 16:58:35 [Information] Z Axis MotorMovementSeconds: 1.4545454545454545454545454545 (Line: 1444)
11/24/2024 16:58:35 [Information] TargetEndTime updated to 11/24/2024 16:58:36 (Line: 86)
11/24/2024 16:58:35 [Information] Z Axis Run Event: Z,0.00,400.00,0,0.00,400.00,0,8.00,400.00,0 (Line: 1356)
11/24/2024 16:58:36 [Information] Stepper Motor Countdown: Completed (Line: 927)
11/24/2024 16:58:36 [Information] ZAxisTargetReached updated to True (Line: 474)
11/24/2024 16:58:36 [Information] Z Axis Target Reached changed. (Line: 673)
11/24/2024 16:58:36 [Information] CompletedZAxisCurrentPosition updated to 272 (Line: 370)
11/24/2024 16:58:40 [Information] ZaxisStepperMoveTemp updated to 8.00 (Line: 211)
11/24/2024 16:58:44 [Information] Z Axis stepper move updated to 4.00 (Line: 1640)
11/24/2024 16:58:44 [Information] txtZaxisStepperMove Axis mouse controlled Keypad returned: 4.00 (Line: 1680)
11/24/2024 16:58:45 [Information] ZAxisTargetReached updated to False (Line: 474)
11/24/2024 16:58:45 [Information] Z Axis Target Reached changed. (Line: 673)
11/24/2024 16:58:45 [Information] Z Axis Run button clicked: (Line: 1194)
11/24/2024 16:58:45 [Information] Z Axis MotorMovementSeconds: 0.7272727272727272727272727273 (Line: 1444)
11/24/2024 16:58:45 [Information] TargetEndTime updated to 11/24/2024 16:58:46 (Line: 86)
11/24/2024 16:58:45 [Information] Z Axis Run Event: Z,0.00,400.00,0,0.00,400.00,0,4.00,400.00,0 (Line: 1356)
11/24/2024 16:58:46 [Information] Stepper Motor Countdown: Completed (Line: 927)
11/24/2024 16:58:46 [Information] ZAxisTargetReached updated to True (Line: 474)
11/24/2024 16:58:46 [Information] Z Axis Target Reached changed. (Line: 673)
11/24/2024 16:58:46 [Information] CompletedZAxisCurrentPosition updated to 276 (Line: 370)
11/24/2024 16:58:53 [Information] ZAxisTargetReached updated to False (Line: 474)
11/24/2024 16:58:53 [Information] Z Axis Target Reached changed. (Line: 673)
11/24/2024 16:58:53 [Information] Z Axis Run button clicked: (Line: 1194)
11/24/2024 16:58:53 [Information] Z Axis MotorMovementSeconds: 0.7272727272727272727272727273 (Line: 1444)
11/24/2024 16:58:53 [Information] TargetEndTime updated to 11/24/2024 16:58:54 (Line: 86)
11/24/2024 16:58:53 [Information] Z Axis Run Event: Z,0.00,400.00,0,0.00,400.00,0,4.00,400.00,0 (Line: 1356)
11/24/2024 16:58:54 [Information] Stepper Motor Countdown: Completed (Line: 927)
11/24/2024 16:58:54 [Information] ZAxisTargetReached updated to True (Line: 474)
11/24/2024 16:58:54 [Information] Z Axis Target Reached changed. (Line: 673)
11/24/2024 16:58:54 [Information] CompletedZAxisCurrentPosition updated to 280 (Line: 370)
11/24/2024 16:58:57 [Information] Stepper Motor Controller MainWindow Closing. (Line: 1863)
11/24/2024 16:58:57 [Information] Properties Settings Saved. (Line: 1872)
11/24/2024 16:58:57 [Information] Properties Settings Form Closed. (Line: 1878)
11/24/2024 16:58:57 [Information] Stepper Motor Controller Form Closed. (Line: 1881)
