11/13/2024 15:54:30 [Information] Stepper Motor Controller Application Started.
11/13/2024 15:54:30 [Information] Version: 3.0.9079.22026 (11/13/2024 15:54:30)
11/13/2024 15:54:30 [Information] SerialPort COM7 not connected.
11/13/2024 15:54:30 [Information] SerialPort COM8 not connected.
11/13/2024 15:54:30 [Information] Stepper Motor Controller Application Started.
11/13/2024 15:54:30 [Information] Version: 3.0.9079.22026 (11/13/2024 15:54:30)
11/13/2024 15:54:30 [Information] Stepper Motor Controller Application Settings Window Opened.
11/13/2024 15:54:30 [Information] Stepper Motor Controller Application Settings form is rebuilt each and every time it is opened.
11/13/2024 15:54:30 [Information] int: 9600 BaudRate added to the Settings Form.
11/13/2024 15:54:30 [Information] decimal: 1.00 BuildVersion added to the Settings Form.
11/13/2024 15:54:30 [Information] bool: False ckbXaxisResetToZeroIsChecked added to the Settings Form.
11/13/2024 15:54:31 [Information] bool: False ckbYaxisResetToZeroIsChecked added to the Settings Form.
11/13/2024 15:54:31 [Information] bool: False ckbZaxisResetToZeroIsChecked added to the Settings Form.
11/13/2024 15:54:31 [Information] COM1: ComPort added to the Settings Form.
11/13/2024 15:54:31 [Information] COM2: ComPort added to the Settings Form.
11/13/2024 15:54:31 [Information] COM3: ComPort added to the Settings Form.
11/13/2024 15:54:31 [Information] COM4: ComPort added to the Settings Form.
11/13/2024 15:54:31 [Information] COM5: ComPort added to the Settings Form.
11/13/2024 15:54:31 [Information] COM6: ComPort added to the Settings Form.
11/13/2024 15:54:31 [Information] COM7: ComPort added to the Settings Form.
11/13/2024 15:54:31 [Information] COM8: ComPort added to the Settings Form.
11/13/2024 15:54:31 [Information] COM9: ComPort added to the Settings Form.
11/13/2024 15:54:31 [Information] COM10: ComPort added to the Settings Form.
11/13/2024 15:54:31 [Information] decimal: 4.00 Divider4_00 added to the Settings Form.
11/13/2024 15:54:31 [Information] decimal: 0.00 MathPart2Initlz added to the Settings Form.
11/13/2024 15:54:31 [Information] decimal: 1.00 MilisecondTimerInterval added to the Settings Form.
11/13/2024 15:54:31 [Information] decimal: 1000.00 MillisecondDelay added to the Settings Form.
11/13/2024 15:54:31 [Information] int: 1000 Milliseconds added to the Settings Form.
11/13/2024 15:54:31 [Information] int: 4 mmPerRevolution added to the Settings Form.
11/13/2024 15:54:31 [Information] int: 2000 ThreadSleep added to the Settings Form.
11/13/2024 15:54:31 [Information] decimal: 0.00 Value_0_00 added to the Settings Form.
11/13/2024 15:54:31 [Information] decimal: 50.00 XaxisAcceleration added to the Settings Form.
11/13/2024 15:54:31 [Information] bool: False XaxisChanged added to the Settings Form.
11/13/2024 15:54:31 [Information] decimal: 400.00 XaxisMotorSpeed added to the Settings Form.
11/13/2024 15:54:31 [Information] decimal: 0.00 XaxisStepperCurrent added to the Settings Form.
11/13/2024 15:54:31 [Information] decimal: 0.00 XaxisStepperMove added to the Settings Form.
11/13/2024 15:54:31 [Information] XCOM1: XComPort added to the Settings Form.
11/13/2024 15:54:31 [Information] XCOM2: XComPort added to the Settings Form.
11/13/2024 15:54:31 [Information] XCOM3: XComPort added to the Settings Form.
11/13/2024 15:54:31 [Information] XCOM4: XComPort added to the Settings Form.
11/13/2024 15:54:31 [Information] XCOM5: XComPort added to the Settings Form.
11/13/2024 15:54:31 [Information] XCOM6: XComPort added to the Settings Form.
11/13/2024 15:54:31 [Information] XCOM7: XComPort added to the Settings Form.
11/13/2024 15:54:31 [Information] XCOM8: XComPort added to the Settings Form.
11/13/2024 15:54:31 [Information] XCOM9: XComPort added to the Settings Form.
11/13/2024 15:54:31 [Information] XCOM10: XComPort added to the Settings Form.
11/13/2024 15:54:31 [Information] decimal: 50.00 YaxisAcceleration added to the Settings Form.
11/13/2024 15:54:31 [Information] bool: False YaxisChanged added to the Settings Form.
11/13/2024 15:54:31 [Information] decimal: 400.00 YaxisMotorSpeed added to the Settings Form.
11/13/2024 15:54:31 [Information] decimal: 0.00 YaxisStepperCurrent added to the Settings Form.
11/13/2024 15:54:31 [Information] decimal: 0.00 YaxisStepperMove added to the Settings Form.
11/13/2024 15:54:31 [Information] YCOM1: YComPort added to the Settings Form.
11/13/2024 15:54:31 [Information] YCOM2: YComPort added to the Settings Form.
11/13/2024 15:54:31 [Information] YCOM3: YComPort added to the Settings Form.
11/13/2024 15:54:31 [Information] YCOM4: YComPort added to the Settings Form.
11/13/2024 15:54:31 [Information] YCOM5: YComPort added to the Settings Form.
11/13/2024 15:54:31 [Information] YCOM6: YComPort added to the Settings Form.
11/13/2024 15:54:31 [Information] YCOM7: YComPort added to the Settings Form.
11/13/2024 15:54:31 [Information] YCOM8: YComPort added to the Settings Form.
11/13/2024 15:54:31 [Information] YCOM9: YComPort added to the Settings Form.
11/13/2024 15:54:31 [Information] YCOM10: YComPort added to the Settings Form.
11/13/2024 15:54:31 [Information] decimal: 50.00 ZaxisAcceleration added to the Settings Form.
11/13/2024 15:54:31 [Information] bool: False ZaxisChanged added to the Settings Form.
11/13/2024 15:54:31 [Information] decimal: 400.00 ZaxisMotorSpeed added to the Settings Form.
11/13/2024 15:54:31 [Information] decimal: 40.00 ZaxisStepperCurrent added to the Settings Form.
11/13/2024 15:54:31 [Information] decimal: 0.00 ZaxisStepperMove added to the Settings Form.
11/13/2024 15:54:31 [Information] ZCOM1: ZComPort added to the Settings Form.
11/13/2024 15:54:31 [Information] ZCOM2: ZComPort added to the Settings Form.
11/13/2024 15:54:31 [Information] ZCOM3: ZComPort added to the Settings Form.
11/13/2024 15:54:31 [Information] ZCOM4: ZComPort added to the Settings Form.
11/13/2024 15:54:31 [Information] ZCOM5: ZComPort added to the Settings Form.
11/13/2024 15:54:31 [Information] ZCOM6: ZComPort added to the Settings Form.
11/13/2024 15:54:31 [Information] ZCOM7: ZComPort added to the Settings Form.
11/13/2024 15:54:31 [Information] ZCOM8: ZComPort added to the Settings Form.
11/13/2024 15:54:31 [Information] ZCOM9: ZComPort added to the Settings Form.
11/13/2024 15:54:31 [Information] ZCOM10: ZComPort added to the Settings Form.
11/13/2024 15:54:31 [Information] int: 0 zeroXaxis added to the Settings Form.
11/13/2024 15:54:31 [Information] int: 0 zeroYaxis added to the Settings Form.
11/13/2024 15:54:31 [Information] int: 0 zeroZaxis added to the Settings Form.
11/13/2024 15:54:31 [Information] Stepper Motor Controller MainWindow loaded
11/13/2024 15:54:31 [Information] Set MainWindow Media Brushes to White.
11/13/2024 15:54:40 [Information] Z Axis mouse controlled Keypad returned: 4.00
11/13/2024 15:54:41 [Information] Z Axis Run button clicked:
11/13/2024 15:54:41 [Information] Z Axis MotorMovementSeconds decimal: (4.00 / 4) / 2 = 0.50
11/13/2024 15:54:42 [Information] Z Axis Run Event: Z,0.00,400.00,0,0.00,400.00,0,4.00,400.00,0
11/13/2024 15:54:42 [Information] Z Axis Current Time: 03:54:42 + 0 = 03:54:42
11/13/2024 15:54:43 [Information] Stepper Motor Controller Enable Z Axis controls after moving to location.
11/13/2024 15:54:43 [Information] Stepper Motor Controller Stopwatch Stopped.
11/13/2024 15:54:43 [Information] Stepper Motor Controller Timer Stopped.
11/13/2024 15:54:43 [Information] Stepper Motor Controller Stopwatch Reset.
11/13/2024 15:54:51 [Information] Z Axis mouse controlled Keypad returned: -4.00
11/13/2024 15:54:52 [Information] Z Axis Run button clicked:
11/13/2024 15:54:52 [Information] Z Axis MotorMovementSeconds decimal: (-4.00 / 4) / 2 = -0.50
11/13/2024 15:54:53 [Information] Z Axis Run Event: Z,0.00,400.00,0,0.00,400.00,0,-4.00,400.00,0
11/13/2024 15:54:53 [Information] Z Axis Current Time: 03:54:53 + 0 = 03:54:53
11/13/2024 15:54:53 [Information] Stepper Motor Controller Enable Z Axis controls after moving to location.
11/13/2024 15:54:53 [Information] Stepper Motor Controller Stopwatch Stopped.
11/13/2024 15:54:53 [Information] Stepper Motor Controller Timer Stopped.
11/13/2024 15:54:53 [Information] Stepper Motor Controller Stopwatch Reset.
11/13/2024 15:54:58 [Information] Z Axis Run button clicked:
11/13/2024 15:54:58 [Information] Z Axis MotorMovementSeconds decimal: (-4.00 / 4) / 2 = -0.50
11/13/2024 15:54:59 [Information] Z Axis Run Event: Z,0.00,400.00,0,0.00,400.00,0,-4.00,400.00,0
11/13/2024 15:54:59 [Information] Z Axis Current Time: 03:54:59 + 0 = 03:54:59
11/13/2024 15:54:59 [Information] Stepper Motor Controller Enable Z Axis controls after moving to location.
11/13/2024 15:54:59 [Information] Stepper Motor Controller Stopwatch Stopped.
11/13/2024 15:54:59 [Information] Stepper Motor Controller Timer Stopped.
11/13/2024 15:54:59 [Information] Stepper Motor Controller Stopwatch Reset.
11/13/2024 15:55:08 [Information] Z Axis mouse controlled Keypad returned: -8.00
11/13/2024 15:55:09 [Information] Z Axis Run button clicked:
11/13/2024 15:55:09 [Information] Z Axis MotorMovementSeconds decimal: (-8.00 / 4) / 2 = -1.00
11/13/2024 15:55:10 [Information] Z Axis Run Event: Z,0.00,400.00,0,0.00,400.00,0,-8.00,400.00,0
11/13/2024 15:55:10 [Information] Z Axis Current Time: 03:55:10 + -1000 = 03:55:09
11/13/2024 15:55:10 [Information] Stepper Motor Controller Enable Z Axis controls after moving to location.
11/13/2024 15:55:10 [Information] Stepper Motor Controller Stopwatch Stopped.
11/13/2024 15:55:10 [Information] Stepper Motor Controller Timer Stopped.
11/13/2024 15:55:10 [Information] Stepper Motor Controller Stopwatch Reset.
11/13/2024 15:55:21 [Information] Z Axis mouse controlled Keypad returned: -16.00
11/13/2024 15:55:22 [Information] Z Axis Run button clicked:
11/13/2024 15:55:22 [Information] Z Axis MotorMovementSeconds decimal: (-16.00 / 4) / 2 = -2.00
11/13/2024 15:55:23 [Information] Z Axis Run Event: Z,0.00,400.00,0,0.00,400.00,0,-16.00,400.00,0
11/13/2024 15:55:23 [Information] Z Axis Current Time: 03:55:23 + -2000 = 03:55:21
11/13/2024 15:55:23 [Information] Stepper Motor Controller Enable Z Axis controls after moving to location.
11/13/2024 15:55:23 [Information] Stepper Motor Controller Stopwatch Stopped.
11/13/2024 15:55:23 [Information] Stepper Motor Controller Timer Stopped.
11/13/2024 15:55:23 [Information] Stepper Motor Controller Stopwatch Reset.
11/13/2024 15:55:31 [Information] Z Axis mouse controlled Keypad returned: -8.00
11/13/2024 15:55:33 [Information] Z Axis Run button clicked:
11/13/2024 15:55:33 [Information] Z Axis MotorMovementSeconds decimal: (-8.00 / 4) / 2 = -1.00
11/13/2024 15:55:34 [Information] Z Axis Run Event: Z,0.00,400.00,0,0.00,400.00,0,-8.00,400.00,0
11/13/2024 15:55:34 [Information] Z Axis Current Time: 03:55:34 + -1000 = 03:55:33
11/13/2024 15:55:34 [Information] Stepper Motor Controller Enable Z Axis controls after moving to location.
11/13/2024 15:55:34 [Information] Stepper Motor Controller Stopwatch Stopped.
11/13/2024 15:55:34 [Information] Stepper Motor Controller Timer Stopped.
11/13/2024 15:55:34 [Information] Stepper Motor Controller Stopwatch Reset.
11/13/2024 15:57:15 [Information] Z Axis Run button clicked:
11/13/2024 15:57:15 [Information] Z Axis MotorMovementSeconds decimal: (-8.00 / 4) / 2 = -1.00
11/13/2024 15:57:16 [Information] Z Axis Run Event: Z,0.00,400.00,0,0.00,400.00,0,-8.00,400.00,0
11/13/2024 15:57:16 [Information] Z Axis Current Time: 03:57:16 + -1000 = 03:57:15
11/13/2024 15:57:16 [Information] Stepper Motor Controller Enable Z Axis controls after moving to location.
11/13/2024 15:57:16 [Information] Stepper Motor Controller Stopwatch Stopped.
11/13/2024 15:57:16 [Information] Stepper Motor Controller Timer Stopped.
11/13/2024 15:57:16 [Information] Stepper Motor Controller Stopwatch Reset.
11/13/2024 15:57:24 [Information] Z Axis mouse controlled Keypad returned: -4.00
11/13/2024 15:57:24 [Information] Z Axis Run button clicked:
11/13/2024 15:57:24 [Information] Z Axis MotorMovementSeconds decimal: (-4.00 / 4) / 2 = -0.50
11/13/2024 15:57:25 [Information] Z Axis Run Event: Z,0.00,400.00,0,0.00,400.00,0,-4.00,400.00,0
11/13/2024 15:57:25 [Information] Z Axis Current Time: 03:57:25 + 0 = 03:57:25
11/13/2024 15:57:25 [Information] Stepper Motor Controller Enable Z Axis controls after moving to location.
11/13/2024 15:57:25 [Information] Stepper Motor Controller Stopwatch Stopped.
11/13/2024 15:57:25 [Information] Stepper Motor Controller Timer Stopped.
11/13/2024 15:57:25 [Information] Stepper Motor Controller Stopwatch Reset.
11/13/2024 15:57:29 [Information] Updated X,Y Zero.IsChecked status to 0 and Z Zero.IsChecked status to 1.
11/13/2024 15:57:30 [Information] Z Axis Run button clicked:
11/13/2024 15:57:30 [Information] Z Axis Run Event to reset Axis to zero: Z,0.00,400.00,0,0.00,400.00,0,0.00,400.00,1
11/13/2024 15:57:30 [Information] Setting Z Axis Current Location Set to Zero on DRO
11/13/2024 15:57:31 [Information] Updated X,Y,Z Zero.IsChecked status to 0.
11/13/2024 15:57:31 [Information] Z Axis Current Location Set to Zero
11/13/2024 15:57:31 [Information] Z Axis Data Received: ?
11/13/2024 15:57:36 [Information] Z Axis Data Received: V
11/13/2024 15:57:36 [Information] Z Axis Data Received: MD
11/13/2024 15:57:36 [Information] Z Axis Data Received: P
11/13/2024 15:57:36 [Information] Z Axis Data Received: V
11/13/2024 15:57:36 [Information] Z Axis Data Received: _
11/13/2024 15:57:36 [Information] Z Axis Data Received: 1
11/13/2024 15:57:36 [Information] Z Axis Data Received: |1
11/13/2024 15:57:36 [Information] Z Axis Data Received: _
11/13/2024 15:57:36 [Information] Z Axis Data Received: V
11/13/2024 15:57:36 [Information] Z Axis Data Received: M
11/13/2024 15:57:36 [Information] Z Axis Data Received: D
11/13/2024 15:57:36 [Information] Z Axis Data Received: P
11/13/2024 15:57:36 [Information] Z Axis Data Received: V
11/13/2024 15:57:36 [Information] Z Axis Data Received: 

11/13/2024 15:57:36 [Information] Z Axis Data Received: V
11/13/2024 15:57:36 [Information] Z Axis Data Received: M
11/13/2024 15:57:36 [Information] Z Axis Data Received: D
11/13/2024 15:57:36 [Information] Z Axis Data Received: P
11/13/2024 15:57:36 [Information] Z Axis Data Received: R
11/13/2024 15:57:36 [Information] Z Axis Data Received: _
11/13/2024 15:57:39 [Information] Z Axis mouse controlled Keypad returned: 4.00
11/13/2024 15:57:40 [Information] Z Axis Run button clicked:
11/13/2024 15:57:40 [Information] Z Axis MotorMovementSeconds decimal: (4.00 / 4) / 2 = 0.50
11/13/2024 15:57:41 [Information] Z Axis Run Event: Z,0.00,400.00,0,0.00,400.00,0,4.00,400.00,0
11/13/2024 15:57:41 [Information] Z Axis Current Time: 03:57:41 + 0 = 03:57:41
11/13/2024 15:57:41 [Information] Stepper Motor Controller Enable Z Axis controls after moving to location.
11/13/2024 15:57:41 [Information] Stepper Motor Controller Stopwatch Stopped.
11/13/2024 15:57:41 [Information] Stepper Motor Controller Timer Stopped.
11/13/2024 15:57:41 [Information] Stepper Motor Controller Stopwatch Reset.
11/13/2024 15:57:45 [Information] Updated X,Y Zero.IsChecked status to 0 and Z Zero.IsChecked status to 1.
11/13/2024 15:57:46 [Information] Z Axis Run button clicked:
11/13/2024 15:57:46 [Information] Z Axis Run Event to reset Axis to zero: Z,0.00,400.00,0,0.00,400.00,0,0.00,400.00,1
11/13/2024 15:57:46 [Information] Setting Z Axis Current Location Set to Zero on DRO
11/13/2024 15:57:47 [Information] Updated X,Y,Z Zero.IsChecked status to 0.
11/13/2024 15:57:47 [Information] Z Axis Current Location Set to Zero
11/13/2024 15:57:47 [Information] Z Axis Data Received: ?
11/13/2024 15:57:52 [Information] Z Axis Data Received: V
11/13/2024 15:57:52 [Information] Z Axis Data Received: MD
11/13/2024 15:57:52 [Information] Z Axis Data Received: PV
11/13/2024 15:57:52 [Information] Z Axis Data Received: _
11/13/2024 15:57:52 [Information] Z Axis Data Received: 1
11/13/2024 15:57:52 [Information] Z Axis Data Received: |
11/13/2024 15:57:52 [Information] Z Axis Data Received: 1
11/13/2024 15:57:52 [Information] Z Axis Data Received: _
11/13/2024 15:57:52 [Information] Z Axis Data Received: V
11/13/2024 15:57:52 [Information] Z Axis Data Received: M
11/13/2024 15:57:52 [Information] Z Axis Data Received: D
11/13/2024 15:57:52 [Information] Z Axis Data Received: P
11/13/2024 15:57:52 [Information] Z Axis Data Received: V
11/13/2024 15:57:52 [Information] Z Axis Data Received: 

11/13/2024 15:57:52 [Information] Z Axis Data Received: V
11/13/2024 15:57:52 [Information] Z Axis Data Received: M
11/13/2024 15:57:52 [Information] Z Axis Data Received: D
11/13/2024 15:57:52 [Information] Z Axis Data Received: P
11/13/2024 15:57:52 [Information] Z Axis Data Received: R
11/13/2024 15:57:52 [Information] Z Axis Data Received: _
11/13/2024 15:57:53 [Information] Z Axis mouse controlled Keypad returned: -4.00
11/13/2024 15:57:54 [Information] Z Axis Run button clicked:
11/13/2024 15:57:54 [Information] Z Axis MotorMovementSeconds decimal: (-4.00 / 4) / 2 = -0.50
11/13/2024 15:57:55 [Information] Z Axis Run Event: Z,0.00,400.00,0,0.00,400.00,0,-4.00,400.00,0
11/13/2024 15:57:55 [Information] Z Axis Current Time: 03:57:55 + 0 = 03:57:55
11/13/2024 15:57:55 [Information] Stepper Motor Controller Enable Z Axis controls after moving to location.
11/13/2024 15:57:55 [Information] Stepper Motor Controller Stopwatch Stopped.
11/13/2024 15:57:55 [Information] Stepper Motor Controller Timer Stopped.
11/13/2024 15:57:55 [Information] Stepper Motor Controller Stopwatch Reset.
11/13/2024 15:58:06 [Information] Stepper Motor Controller MainWindow Closing.
11/13/2024 15:58:06 [Information] Stepper Motor Controller Serial Ports closed.
11/13/2024 15:58:06 [Information] Properties Settings Saved.
11/13/2024 15:58:06 [Information] Properties Settings Form Closed.
11/13/2024 15:58:06 [Information] Stepper Motor Controller Form Closed.
