11/9/2024 11:06:18 [Information] Stepper Motor Controller Application Started.
11/9/2024 11:06:18 [Information] Version: 3.0.9079.19984 (11/9/2024 11:06:18)
11/9/2024 11:06:18 [Information] SerialPort COM7 not connected.
11/9/2024 11:06:18 [Information] SerialPort COM8 not connected.
11/9/2024 11:06:18 [Information] Stepper Motor Controller Application Started.
11/9/2024 11:06:18 [Information] Version: 3.0.9079.19984 (11/9/2024 11:06:18)
11/9/2024 11:06:18 [Information] Stepper Motor Controller Application Settings Window Opened.
11/9/2024 11:06:18 [Information] Stepper Motor Controller Application Settings form is rebuilt each and every time it is opened.
11/9/2024 11:06:18 [Information] int: 9600 BaudRate added to the Settings Form.
11/9/2024 11:06:18 [Information] decimal: 1.00 BuildVersion added to the Settings Form.
11/9/2024 11:06:18 [Information] bool: False ckbXaxisResetToZeroIsChecked added to the Settings Form.
11/9/2024 11:06:18 [Information] bool: False ckbYaxisResetToZeroIsChecked added to the Settings Form.
11/9/2024 11:06:18 [Information] bool: False ckbZaxisResetToZeroIsChecked added to the Settings Form.
11/9/2024 11:06:18 [Information] COM1: ComPort added to the Settings Form.
11/9/2024 11:06:18 [Information] COM2: ComPort added to the Settings Form.
11/9/2024 11:06:18 [Information] COM3: ComPort added to the Settings Form.
11/9/2024 11:06:18 [Information] COM4: ComPort added to the Settings Form.
11/9/2024 11:06:18 [Information] COM5: ComPort added to the Settings Form.
11/9/2024 11:06:18 [Information] COM6: ComPort added to the Settings Form.
11/9/2024 11:06:18 [Information] COM7: ComPort added to the Settings Form.
11/9/2024 11:06:18 [Information] COM8: ComPort added to the Settings Form.
11/9/2024 11:06:18 [Information] COM9: ComPort added to the Settings Form.
11/9/2024 11:06:18 [Information] COM10: ComPort added to the Settings Form.
11/9/2024 11:06:18 [Information] decimal: 4.00 Divider4_00 added to the Settings Form.
11/9/2024 11:06:18 [Information] decimal: 0.00 MathPart2Initlz added to the Settings Form.
11/9/2024 11:06:18 [Information] decimal: 1.00 MilisecondTimerInterval added to the Settings Form.
11/9/2024 11:06:18 [Information] decimal: 1000.00 MillisecondDelay added to the Settings Form.
11/9/2024 11:06:18 [Information] int: 1000 Milliseconds added to the Settings Form.
11/9/2024 11:06:18 [Information] int: 4 mmPerRevolution added to the Settings Form.
11/9/2024 11:06:18 [Information] int: 2000 ThreadSleep added to the Settings Form.
11/9/2024 11:06:18 [Information] decimal: 0.00 Value_0_00 added to the Settings Form.
11/9/2024 11:06:18 [Information] decimal: 50.00 XaxisAcceleration added to the Settings Form.
11/9/2024 11:06:18 [Information] bool: False XaxisChanged added to the Settings Form.
11/9/2024 11:06:18 [Information] decimal: 400.00 XaxisMotorSpeed added to the Settings Form.
11/9/2024 11:06:18 [Information] decimal: 0.00 XaxisStepperCurrent added to the Settings Form.
11/9/2024 11:06:18 [Information] decimal: 0.00 XaxisStepperMove added to the Settings Form.
11/9/2024 11:06:18 [Information] XCOM1: XComPort added to the Settings Form.
11/9/2024 11:06:18 [Information] XCOM2: XComPort added to the Settings Form.
11/9/2024 11:06:18 [Information] XCOM3: XComPort added to the Settings Form.
11/9/2024 11:06:18 [Information] XCOM4: XComPort added to the Settings Form.
11/9/2024 11:06:18 [Information] XCOM5: XComPort added to the Settings Form.
11/9/2024 11:06:18 [Information] XCOM6: XComPort added to the Settings Form.
11/9/2024 11:06:18 [Information] XCOM7: XComPort added to the Settings Form.
11/9/2024 11:06:18 [Information] XCOM8: XComPort added to the Settings Form.
11/9/2024 11:06:18 [Information] XCOM9: XComPort added to the Settings Form.
11/9/2024 11:06:18 [Information] XCOM10: XComPort added to the Settings Form.
11/9/2024 11:06:18 [Information] decimal: 50.00 YaxisAcceleration added to the Settings Form.
11/9/2024 11:06:18 [Information] bool: False YaxisChanged added to the Settings Form.
11/9/2024 11:06:18 [Information] decimal: 400.00 YaxisMotorSpeed added to the Settings Form.
11/9/2024 11:06:18 [Information] decimal: 0.00 YaxisStepperCurrent added to the Settings Form.
11/9/2024 11:06:18 [Information] decimal: 0.00 YaxisStepperMove added to the Settings Form.
11/9/2024 11:06:18 [Information] YCOM1: YComPort added to the Settings Form.
11/9/2024 11:06:18 [Information] YCOM2: YComPort added to the Settings Form.
11/9/2024 11:06:18 [Information] YCOM3: YComPort added to the Settings Form.
11/9/2024 11:06:18 [Information] YCOM4: YComPort added to the Settings Form.
11/9/2024 11:06:18 [Information] YCOM5: YComPort added to the Settings Form.
11/9/2024 11:06:18 [Information] YCOM6: YComPort added to the Settings Form.
11/9/2024 11:06:18 [Information] YCOM7: YComPort added to the Settings Form.
11/9/2024 11:06:18 [Information] YCOM8: YComPort added to the Settings Form.
11/9/2024 11:06:18 [Information] YCOM9: YComPort added to the Settings Form.
11/9/2024 11:06:18 [Information] YCOM10: YComPort added to the Settings Form.
11/9/2024 11:06:18 [Information] decimal: 50.00 ZaxisAcceleration added to the Settings Form.
11/9/2024 11:06:18 [Information] bool: False ZaxisChanged added to the Settings Form.
11/9/2024 11:06:18 [Information] decimal: 400.00 ZaxisMotorSpeed added to the Settings Form.
11/9/2024 11:06:18 [Information] decimal: 0.00 ZaxisStepperCurrent added to the Settings Form.
11/9/2024 11:06:18 [Information] decimal: 0.00 ZaxisStepperMove added to the Settings Form.
11/9/2024 11:06:18 [Information] ZCOM1: ZComPort added to the Settings Form.
11/9/2024 11:06:18 [Information] ZCOM2: ZComPort added to the Settings Form.
11/9/2024 11:06:18 [Information] ZCOM3: ZComPort added to the Settings Form.
11/9/2024 11:06:18 [Information] ZCOM4: ZComPort added to the Settings Form.
11/9/2024 11:06:18 [Information] ZCOM5: ZComPort added to the Settings Form.
11/9/2024 11:06:18 [Information] ZCOM6: ZComPort added to the Settings Form.
11/9/2024 11:06:18 [Information] ZCOM7: ZComPort added to the Settings Form.
11/9/2024 11:06:18 [Information] ZCOM8: ZComPort added to the Settings Form.
11/9/2024 11:06:18 [Information] ZCOM9: ZComPort added to the Settings Form.
11/9/2024 11:06:18 [Information] ZCOM10: ZComPort added to the Settings Form.
11/9/2024 11:06:18 [Information] int: 0 zeroXaxis added to the Settings Form.
11/9/2024 11:06:18 [Information] int: 0 zeroYaxis added to the Settings Form.
11/9/2024 11:06:18 [Information] int: 0 zeroZaxis added to the Settings Form.
11/9/2024 11:06:19 [Information] Stepper Motor Controller MainWindow loaded
11/9/2024 11:06:19 [Information] Set MainWindow Media Brushes to White.
11/9/2024 11:06:25 [Information] Z Axis mouse controlled Keypad returned: 4.00
11/9/2024 11:06:28 [Information] Z Axis Run button clicked:
11/9/2024 11:06:28 [Information] Z Axis MotorMovementSeconds decimal: (4.00 / 4) / 2 = 0.50
11/9/2024 11:06:29 [Information] Z Axis Run Event: Z,0.00,400.00,0,0.00,400.00,0,4.00,400.00,0
11/9/2024 11:06:29 [Information] Z Axis Current Time: 11:06:29 + 0 = 11:06:29
11/9/2024 11:06:29 [Information] Stepper Motor Controller Enable Z Axis controls after moving to location.
11/9/2024 11:06:29 [Information] Stepper Motor Controller Stopwatch Stopped.
11/9/2024 11:06:29 [Information] Stepper Motor Controller Timer Stopped.
11/9/2024 11:06:29 [Information] Stepper Motor Controller Stopwatch Reset.
11/9/2024 11:06:30 [Information] Z Axis Run button clicked:
11/9/2024 11:06:30 [Information] Z Axis MotorMovementSeconds decimal: (4.00 / 4) / 2 = 0.50
11/9/2024 11:06:31 [Information] Z Axis Run Event: Z,0.00,400.00,0,0.00,400.00,0,4.00,400.00,0
11/9/2024 11:06:31 [Information] Z Axis Current Time: 11:06:31 + 0 = 11:06:31
11/9/2024 11:06:31 [Information] Stepper Motor Controller Enable Z Axis controls after moving to location.
11/9/2024 11:06:31 [Information] Stepper Motor Controller Stopwatch Stopped.
11/9/2024 11:06:31 [Information] Stepper Motor Controller Timer Stopped.
11/9/2024 11:06:31 [Information] Stepper Motor Controller Stopwatch Reset.
11/9/2024 11:06:32 [Information] Z Axis Run button clicked:
11/9/2024 11:06:32 [Information] Z Axis MotorMovementSeconds decimal: (4.00 / 4) / 2 = 0.50
11/9/2024 11:06:33 [Information] Z Axis Run Event: Z,0.00,400.00,0,0.00,400.00,0,4.00,400.00,0
11/9/2024 11:06:33 [Information] Z Axis Current Time: 11:06:33 + 0 = 11:06:33
11/9/2024 11:06:34 [Information] Stepper Motor Controller Enable Z Axis controls after moving to location.
11/9/2024 11:06:34 [Information] Stepper Motor Controller Stopwatch Stopped.
11/9/2024 11:06:34 [Information] Stepper Motor Controller Timer Stopped.
11/9/2024 11:06:34 [Information] Stepper Motor Controller Stopwatch Reset.
11/9/2024 11:06:35 [Information] Z Axis Run button clicked:
11/9/2024 11:06:35 [Information] Z Axis MotorMovementSeconds decimal: (4.00 / 4) / 2 = 0.50
11/9/2024 11:06:36 [Information] Z Axis Run Event: Z,0.00,400.00,0,0.00,400.00,0,4.00,400.00,0
11/9/2024 11:06:36 [Information] Z Axis Current Time: 11:06:36 + 0 = 11:06:36
11/9/2024 11:06:36 [Information] Stepper Motor Controller Enable Z Axis controls after moving to location.
11/9/2024 11:06:36 [Information] Stepper Motor Controller Stopwatch Stopped.
11/9/2024 11:06:36 [Information] Stepper Motor Controller Timer Stopped.
11/9/2024 11:06:36 [Information] Stepper Motor Controller Stopwatch Reset.
11/9/2024 11:06:54 [Information] Z Axis Run button clicked:
11/9/2024 11:06:54 [Information] Z Axis MotorMovementSeconds decimal: (4.00 / 4) / 2 = 0.50
11/9/2024 11:06:55 [Information] Z Axis Run Event: Z,0.00,400.00,0,0.00,400.00,0,4.00,400.00,0
11/9/2024 11:06:55 [Information] Z Axis Current Time: 11:06:55 + 0 = 11:06:55
11/9/2024 11:06:55 [Information] Stepper Motor Controller Enable Z Axis controls after moving to location.
11/9/2024 11:06:55 [Information] Stepper Motor Controller Stopwatch Stopped.
11/9/2024 11:06:55 [Information] Stepper Motor Controller Timer Stopped.
11/9/2024 11:06:55 [Information] Stepper Motor Controller Stopwatch Reset.
11/9/2024 11:06:57 [Information] Z Axis Run button clicked:
11/9/2024 11:06:57 [Information] Z Axis MotorMovementSeconds decimal: (4.00 / 4) / 2 = 0.50
11/9/2024 11:06:58 [Information] Z Axis Run Event: Z,0.00,400.00,0,0.00,400.00,0,4.00,400.00,0
11/9/2024 11:06:58 [Information] Z Axis Current Time: 11:06:58 + 0 = 11:06:58
11/9/2024 11:06:58 [Information] Stepper Motor Controller Enable Z Axis controls after moving to location.
11/9/2024 11:06:58 [Information] Stepper Motor Controller Stopwatch Stopped.
11/9/2024 11:06:58 [Information] Stepper Motor Controller Timer Stopped.
11/9/2024 11:06:58 [Information] Stepper Motor Controller Stopwatch Reset.
11/9/2024 11:07:08 [Information] Z Axis mouse controlled Keypad returned: 16.00
11/9/2024 11:07:11 [Information] Z Axis Run button clicked:
11/9/2024 11:07:11 [Information] Z Axis MotorMovementSeconds decimal: (16.00 / 4) / 2 = 2.00
11/9/2024 11:07:12 [Information] Z Axis Run Event: Z,0.00,400.00,0,0.00,400.00,0,16.00,400.00,0
11/9/2024 11:07:12 [Information] Z Axis Current Time: 11:07:12 + 2000 = 11:07:14
11/9/2024 11:07:12 [Information] Stepper Motor Controller Disable Z Axis controls while moving to location.
11/9/2024 11:07:12 [Information] Time remaining: 00:00:00 targetEndTime = 11:07:14
11/9/2024 11:07:12 [Information] Stepper Motor Controller Disable Z Axis controls while moving to location.
11/9/2024 11:07:12 [Information] Time remaining: 00:00:00 targetEndTime = 11:07:14
11/9/2024 11:07:12 [Information] Stepper Motor Controller Disable Z Axis controls while moving to location.
11/9/2024 11:07:12 [Information] Time remaining: 00:00:00 targetEndTime = 11:07:14
11/9/2024 11:07:12 [Information] Stepper Motor Controller Disable Z Axis controls while moving to location.
11/9/2024 11:07:12 [Information] Time remaining: 00:00:00 targetEndTime = 11:07:14
11/9/2024 11:07:12 [Information] Stepper Motor Controller Disable Z Axis controls while moving to location.
11/9/2024 11:07:12 [Information] Time remaining: 00:00:00 targetEndTime = 11:07:14
11/9/2024 11:07:12 [Information] Stepper Motor Controller Disable Z Axis controls while moving to location.
11/9/2024 11:07:12 [Information] Time remaining: 00:00:00 targetEndTime = 11:07:14
11/9/2024 11:07:12 [Information] Stepper Motor Controller Disable Z Axis controls while moving to location.
11/9/2024 11:07:12 [Information] Time remaining: 00:00:00 targetEndTime = 11:07:14
11/9/2024 11:07:12 [Information] Stepper Motor Controller Disable Z Axis controls while moving to location.
11/9/2024 11:07:12 [Information] Time remaining: 00:00:00 targetEndTime = 11:07:14
11/9/2024 11:07:12 [Information] Stepper Motor Controller Disable Z Axis controls while moving to location.
11/9/2024 11:07:12 [Information] Time remaining: 00:00:00 targetEndTime = 11:07:14
11/9/2024 11:07:12 [Information] Stepper Motor Controller Disable Z Axis controls while moving to location.
11/9/2024 11:07:12 [Information] Time remaining: 00:00:00 targetEndTime = 11:07:14
11/9/2024 11:07:12 [Information] Stepper Motor Controller Disable Z Axis controls while moving to location.
11/9/2024 11:07:12 [Information] Time remaining: 00:00:00 targetEndTime = 11:07:14
11/9/2024 11:07:12 [Information] Stepper Motor Controller Disable Z Axis controls while moving to location.
11/9/2024 11:07:12 [Information] Time remaining: 00:00:00 targetEndTime = 11:07:14
11/9/2024 11:07:12 [Information] Stepper Motor Controller Disable Z Axis controls while moving to location.
11/9/2024 11:07:12 [Information] Time remaining: 00:00:00 targetEndTime = 11:07:14
11/9/2024 11:07:12 [Information] Stepper Motor Controller Disable Z Axis controls while moving to location.
11/9/2024 11:07:12 [Information] Time remaining: 00:00:00 targetEndTime = 11:07:14
11/9/2024 11:07:12 [Information] Stepper Motor Controller Disable Z Axis controls while moving to location.
11/9/2024 11:07:12 [Information] Time remaining: 00:00:00 targetEndTime = 11:07:14
11/9/2024 11:07:12 [Information] Stepper Motor Controller Disable Z Axis controls while moving to location.
11/9/2024 11:07:12 [Information] Time remaining: 00:00:00 targetEndTime = 11:07:14
11/9/2024 11:07:12 [Information] Stepper Motor Controller Disable Z Axis controls while moving to location.
11/9/2024 11:07:12 [Information] Time remaining: 00:00:00 targetEndTime = 11:07:14
11/9/2024 11:07:12 [Information] Stepper Motor Controller Disable Z Axis controls while moving to location.
11/9/2024 11:07:12 [Information] Time remaining: 00:00:00 targetEndTime = 11:07:14
11/9/2024 11:07:12 [Information] Stepper Motor Controller Disable Z Axis controls while moving to location.
11/9/2024 11:07:12 [Information] Time remaining: 00:00:00 targetEndTime = 11:07:14
11/9/2024 11:07:12 [Information] Stepper Motor Controller Disable Z Axis controls while moving to location.
11/9/2024 11:07:12 [Information] Time remaining: 00:00:00 targetEndTime = 11:07:14
11/9/2024 11:07:12 [Information] Stepper Motor Controller Disable Z Axis controls while moving to location.
11/9/2024 11:07:12 [Information] Time remaining: 00:00:00 targetEndTime = 11:07:14
11/9/2024 11:07:12 [Information] Stepper Motor Controller Disable Z Axis controls while moving to location.
11/9/2024 11:07:12 [Information] Time remaining: 00:00:00 targetEndTime = 11:07:14
11/9/2024 11:07:12 [Information] Stepper Motor Controller Disable Z Axis controls while moving to location.
11/9/2024 11:07:13 [Information] Time remaining: 00:00:00 targetEndTime = 11:07:14
11/9/2024 11:07:13 [Information] Stepper Motor Controller Disable Z Axis controls while moving to location.
11/9/2024 11:07:13 [Information] Time remaining: 00:00:00 targetEndTime = 11:07:14
11/9/2024 11:07:13 [Information] Stepper Motor Controller Disable Z Axis controls while moving to location.
11/9/2024 11:07:13 [Information] Time remaining: 00:00:00 targetEndTime = 11:07:14
11/9/2024 11:07:13 [Information] Stepper Motor Controller Disable Z Axis controls while moving to location.
11/9/2024 11:07:13 [Information] Time remaining: 00:00:00 targetEndTime = 11:07:14
11/9/2024 11:07:13 [Information] Stepper Motor Controller Disable Z Axis controls while moving to location.
11/9/2024 11:07:13 [Information] Time remaining: 00:00:00 targetEndTime = 11:07:14
11/9/2024 11:07:13 [Information] Stepper Motor Controller Disable Z Axis controls while moving to location.
11/9/2024 11:07:13 [Information] Time remaining: 00:00:00 targetEndTime = 11:07:14
11/9/2024 11:07:13 [Information] Stepper Motor Controller Disable Z Axis controls while moving to location.
11/9/2024 11:07:13 [Information] Time remaining: 00:00:00 targetEndTime = 11:07:14
11/9/2024 11:07:13 [Information] Stepper Motor Controller Disable Z Axis controls while moving to location.
11/9/2024 11:07:13 [Information] Time remaining: 00:00:00 targetEndTime = 11:07:14
11/9/2024 11:07:13 [Information] Z Axis Data Received: Z Axis CW Motor Stopped
Z Axis CW Motor Current Position: 146
11/9/2024 11:07:13 [Information] Updated X,Y Zero.IsChecked status to 0 and Z Zero.IsChecked status to 1.
11/9/2024 11:07:15 [Information] Updated X,Y,Z Zero.IsChecked status to 0.
11/9/2024 11:07:15 [Information] Z Axis Motor Current Position: 38.92
11/9/2024 11:07:24 [Information] Z Axis mouse controlled Keypad returned: 4.00
11/9/2024 11:07:26 [Information] Z Axis Run button clicked:
11/9/2024 11:07:26 [Information] Z Axis MotorMovementSeconds decimal: (4.00 / 4) / 2 = 0.50
11/9/2024 11:07:27 [Information] Z Axis Run Event: Z,0.00,400.00,0,0.00,400.00,0,4.00,400.00,0
11/9/2024 11:07:27 [Information] Z Axis Current Time: 11:07:27 + 0 = 11:07:27
11/9/2024 11:07:27 [Information] Stepper Motor Controller Enable Z Axis controls after moving to location.
11/9/2024 11:07:27 [Information] Stepper Motor Controller Stopwatch Stopped.
11/9/2024 11:07:27 [Information] Stepper Motor Controller Timer Stopped.
11/9/2024 11:07:27 [Information] Stepper Motor Controller Stopwatch Reset.
11/9/2024 11:07:40 [Information] Z Axis mouse controlled Keypad returned: 16.00
11/9/2024 11:07:41 [Information] Z Axis Run button clicked:
11/9/2024 11:07:41 [Information] Z Axis MotorMovementSeconds decimal: (16.00 / 4) / 2 = 2.00
11/9/2024 11:07:42 [Information] Z Axis Run Event: Z,0.00,400.00,0,0.00,400.00,0,16.00,400.00,0
11/9/2024 11:07:42 [Information] Z Axis Current Time: 11:07:42 + 2000 = 11:07:44
11/9/2024 11:07:42 [Information] Stepper Motor Controller Disable Z Axis controls while moving to location.
11/9/2024 11:07:42 [Information] Time remaining: 00:00:00 targetEndTime = 11:07:44
11/9/2024 11:07:42 [Information] Stepper Motor Controller Disable Z Axis controls while moving to location.
11/9/2024 11:07:42 [Information] Time remaining: 00:00:00 targetEndTime = 11:07:44
11/9/2024 11:07:42 [Information] Stepper Motor Controller Disable Z Axis controls while moving to location.
11/9/2024 11:07:42 [Information] Time remaining: 00:00:00 targetEndTime = 11:07:44
11/9/2024 11:07:43 [Information] Stepper Motor Controller Disable Z Axis controls while moving to location.
11/9/2024 11:07:43 [Information] Time remaining: 00:00:00 targetEndTime = 11:07:44
11/9/2024 11:07:43 [Information] Stepper Motor Controller Disable Z Axis controls while moving to location.
11/9/2024 11:07:43 [Information] Time remaining: 00:00:00 targetEndTime = 11:07:44
11/9/2024 11:07:43 [Information] Stepper Motor Controller Disable Z Axis controls while moving to location.
11/9/2024 11:07:43 [Information] Time remaining: 00:00:00 targetEndTime = 11:07:44
11/9/2024 11:07:43 [Information] Stepper Motor Controller Disable Z Axis controls while moving to location.
11/9/2024 11:07:43 [Information] Time remaining: 00:00:00 targetEndTime = 11:07:44
11/9/2024 11:07:43 [Information] Stepper Motor Controller Disable Z Axis controls while moving to location.
11/9/2024 11:07:43 [Information] Time remaining: 00:00:00 targetEndTime = 11:07:44
11/9/2024 11:07:43 [Information] Stepper Motor Controller Disable Z Axis controls while moving to location.
11/9/2024 11:07:43 [Information] Time remaining: 00:00:00 targetEndTime = 11:07:44
11/9/2024 11:07:43 [Information] Stepper Motor Controller Disable Z Axis controls while moving to location.
11/9/2024 11:07:43 [Information] Time remaining: 00:00:00 targetEndTime = 11:07:44
11/9/2024 11:07:43 [Information] Stepper Motor Controller Disable Z Axis controls while moving to location.
11/9/2024 11:07:43 [Information] Time remaining: 00:00:00 targetEndTime = 11:07:44
11/9/2024 11:07:43 [Information] Stepper Motor Controller Disable Z Axis controls while moving to location.
11/9/2024 11:07:43 [Information] Time remaining: 00:00:00 targetEndTime = 11:07:44
11/9/2024 11:07:43 [Information] Stepper Motor Controller Disable Z Axis controls while moving to location.
11/9/2024 11:07:43 [Information] Time remaining: 00:00:00 targetEndTime = 11:07:44
11/9/2024 11:07:43 [Information] Stepper Motor Controller Disable Z Axis controls while moving to location.
11/9/2024 11:07:43 [Information] Time remaining: 00:00:00 targetEndTime = 11:07:44
11/9/2024 11:07:43 [Information] Stepper Motor Controller Disable Z Axis controls while moving to location.
11/9/2024 11:07:43 [Information] Time remaining: 00:00:00 targetEndTime = 11:07:44
11/9/2024 11:07:43 [Information] Stepper Motor Controller Disable Z Axis controls while moving to location.
11/9/2024 11:07:43 [Information] Time remaining: 00:00:00 targetEndTime = 11:07:44
11/9/2024 11:07:43 [Information] Stepper Motor Controller Disable Z Axis controls while moving to location.
11/9/2024 11:07:43 [Information] Time remaining: 00:00:00 targetEndTime = 11:07:44
11/9/2024 11:07:43 [Information] Stepper Motor Controller Disable Z Axis controls while moving to location.
11/9/2024 11:07:43 [Information] Time remaining: 00:00:00 targetEndTime = 11:07:44
11/9/2024 11:07:43 [Information] Stepper Motor Controller Disable Z Axis controls while moving to location.
11/9/2024 11:07:43 [Information] Time remaining: 00:00:00 targetEndTime = 11:07:44
11/9/2024 11:07:43 [Information] Stepper Motor Controller Disable Z Axis controls while moving to location.
11/9/2024 11:07:43 [Information] Time remaining: 00:00:00 targetEndTime = 11:07:44
11/9/2024 11:07:43 [Information] Stepper Motor Controller Disable Z Axis controls while moving to location.
11/9/2024 11:07:43 [Information] Time remaining: 00:00:00 targetEndTime = 11:07:44
11/9/2024 11:07:43 [Information] Stepper Motor Controller Disable Z Axis controls while moving to location.
11/9/2024 11:07:43 [Information] Time remaining: 00:00:00 targetEndTime = 11:07:44
11/9/2024 11:07:43 [Information] Stepper Motor Controller Disable Z Axis controls while moving to location.
11/9/2024 11:07:43 [Information] Time remaining: 00:00:00 targetEndTime = 11:07:44
11/9/2024 11:07:43 [Information] Stepper Motor Controller Disable Z Axis controls while moving to location.
11/9/2024 11:07:43 [Information] Time remaining: 00:00:00 targetEndTime = 11:07:44
11/9/2024 11:07:43 [Information] Stepper Motor Controller Disable Z Axis controls while moving to location.
11/9/2024 11:07:43 [Information] Time remaining: 00:00:00 targetEndTime = 11:07:44
11/9/2024 11:07:43 [Information] Stepper Motor Controller Disable Z Axis controls while moving to location.
11/9/2024 11:07:43 [Information] Time remaining: 00:00:00 targetEndTime = 11:07:44
11/9/2024 11:07:43 [Information] Stepper Motor Controller Disable Z Axis controls while moving to location.
11/9/2024 11:07:43 [Information] Time remaining: 00:00:00 targetEndTime = 11:07:44
11/9/2024 11:07:43 [Information] Stepper Motor Controller Disable Z Axis controls while moving to location.
11/9/2024 11:07:43 [Information] Time remaining: 00:00:00 targetEndTime = 11:07:44
11/9/2024 11:07:43 [Information] Stepper Motor Controller Disable Z Axis controls while moving to location.
11/9/2024 11:07:43 [Information] Time remaining: 00:00:00 targetEndTime = 11:07:44
11/9/2024 11:07:43 [Information] Stepper Motor Controller Disable Z Axis controls while moving to location.
11/9/2024 11:07:43 [Information] Time remaining: 00:00:00 targetEndTime = 11:07:44
11/9/2024 11:07:43 [Information] Stepper Motor Controller Disable Z Axis controls while moving to location.
11/9/2024 11:07:43 [Information] Time remaining: 00:00:00 targetEndTime = 11:07:44
11/9/2024 11:07:43 [Information] Stepper Motor Controller Disable Z Axis controls while moving to location.
11/9/2024 11:07:43 [Information] Time remaining: 00:00:00 targetEndTime = 11:07:44
11/9/2024 11:07:43 [Information] Z Axis Data Received: Z Axis CCW Motor Stopped
Z Axis CCW Motor Current Position: 225
11/9/2024 11:07:43 [Information] Stepper Motor Controller Disable Z Axis controls while moving to location.
11/9/2024 11:07:43 [Information] Time remaining: 00:00:00 targetEndTime = 11:07:44
11/9/2024 11:07:43 [Information] Updated X,Y Zero.IsChecked status to 0 and Z Zero.IsChecked status to 1.
11/9/2024 11:07:45 [Information] Updated X,Y,Z Zero.IsChecked status to 0.
11/9/2024 11:07:45 [Information] Z Axis Motor Current Position: 98.34
11/9/2024 11:08:00 [Information] Stepper Motor Controller MainWindow Closing.
11/9/2024 11:08:00 [Information] Stepper Motor Controller Serial Ports closed.
11/9/2024 11:08:00 [Information] Properties Settings Saved.
11/9/2024 11:08:00 [Information] Properties Settings Form Closed.
11/9/2024 11:08:00 [Information] Stepper Motor Controller Form Closed.
