11/15/2024 15:20:40 [Information] Stepper Motor Controller Application Started.
11/15/2024 15:20:40 [Information] Version: 3.0.9085.27496 (11/15/2024 15:20:40)
11/15/2024 15:20:40 [Information] SerialPort COM7 not connected.
11/15/2024 15:20:40 [Information] SerialPort COM8 not connected.
11/15/2024 15:20:40 [Information] Stepper Motor Controller Application Started.
11/15/2024 15:20:40 [Information] Version: 3.0.9085.27496 (11/15/2024 15:20:40)
11/15/2024 15:20:40 [Information] Stepper Motor Controller Application Settings Window Opened.
11/15/2024 15:20:40 [Information] Stepper Motor Controller Application Settings form is rebuilt each and every time it is opened.
11/15/2024 15:20:40 [Information] int: 9600 BaudRate added to the Settings Form.
11/15/2024 15:20:40 [Information] decimal: 1.00 BuildVersion added to the Settings Form.
11/15/2024 15:20:40 [Information] Z Axis Data Received: ?
11/15/2024 15:20:40 [Information] bool: False ckbXaxisResetToZeroIsChecked added to the Settings Form.
11/15/2024 15:20:40 [Information] bool: False ckbYaxisResetToZeroIsChecked added to the Settings Form.
11/15/2024 15:20:40 [Information] bool: False ckbZaxisResetToZeroIsChecked added to the Settings Form.
11/15/2024 15:20:40 [Information] COM1: ComPort added to the Settings Form.
11/15/2024 15:20:40 [Information] COM2: ComPort added to the Settings Form.
11/15/2024 15:20:40 [Information] COM3: ComPort added to the Settings Form.
11/15/2024 15:20:40 [Information] COM4: ComPort added to the Settings Form.
11/15/2024 15:20:40 [Information] COM5: ComPort added to the Settings Form.
11/15/2024 15:20:40 [Information] COM6: ComPort added to the Settings Form.
11/15/2024 15:20:40 [Information] COM7: ComPort added to the Settings Form.
11/15/2024 15:20:40 [Information] COM8: ComPort added to the Settings Form.
11/15/2024 15:20:40 [Information] COM9: ComPort added to the Settings Form.
11/15/2024 15:20:40 [Information] COM10: ComPort added to the Settings Form.
11/15/2024 15:20:40 [Information] decimal: 4.00 Divider4_00 added to the Settings Form.
11/15/2024 15:20:40 [Information] decimal: 0.00 MathPart2Initlz added to the Settings Form.
11/15/2024 15:20:40 [Information] decimal: 1.00 MilisecondTimerInterval added to the Settings Form.
11/15/2024 15:20:40 [Information] decimal: 1000.00 MillisecondDelay added to the Settings Form.
11/15/2024 15:20:40 [Information] int: 1000 Milliseconds added to the Settings Form.
11/15/2024 15:20:40 [Information] int: 4 mmPerRevolution added to the Settings Form.
11/15/2024 15:20:40 [Information] int: 2000 ThreadSleep added to the Settings Form.
11/15/2024 15:20:40 [Information] decimal: 0.00 Value_0_00 added to the Settings Form.
11/15/2024 15:20:40 [Information] decimal: 50.00 XaxisAcceleration added to the Settings Form.
11/15/2024 15:20:40 [Information] bool: False XaxisChanged added to the Settings Form.
11/15/2024 15:20:40 [Information] decimal: 400.00 XaxisMotorSpeed added to the Settings Form.
11/15/2024 15:20:40 [Information] decimal: 0.00 XaxisStepperCurrent added to the Settings Form.
11/15/2024 15:20:40 [Information] decimal: 0.00 XaxisStepperMove added to the Settings Form.
11/15/2024 15:20:40 [Information] XCOM1: XComPort added to the Settings Form.
11/15/2024 15:20:40 [Information] XCOM2: XComPort added to the Settings Form.
11/15/2024 15:20:40 [Information] XCOM3: XComPort added to the Settings Form.
11/15/2024 15:20:40 [Information] XCOM4: XComPort added to the Settings Form.
11/15/2024 15:20:40 [Information] XCOM5: XComPort added to the Settings Form.
11/15/2024 15:20:40 [Information] XCOM6: XComPort added to the Settings Form.
11/15/2024 15:20:40 [Information] XCOM7: XComPort added to the Settings Form.
11/15/2024 15:20:40 [Information] XCOM8: XComPort added to the Settings Form.
11/15/2024 15:20:40 [Information] XCOM9: XComPort added to the Settings Form.
11/15/2024 15:20:40 [Information] XCOM10: XComPort added to the Settings Form.
11/15/2024 15:20:40 [Information] decimal: 50.00 YaxisAcceleration added to the Settings Form.
11/15/2024 15:20:40 [Information] bool: False YaxisChanged added to the Settings Form.
11/15/2024 15:20:40 [Information] decimal: 400.00 YaxisMotorSpeed added to the Settings Form.
11/15/2024 15:20:40 [Information] decimal: 0.00 YaxisStepperCurrent added to the Settings Form.
11/15/2024 15:20:40 [Information] decimal: 0.00 YaxisStepperMove added to the Settings Form.
11/15/2024 15:20:40 [Information] YCOM1: YComPort added to the Settings Form.
11/15/2024 15:20:40 [Information] YCOM2: YComPort added to the Settings Form.
11/15/2024 15:20:40 [Information] YCOM3: YComPort added to the Settings Form.
11/15/2024 15:20:40 [Information] YCOM4: YComPort added to the Settings Form.
11/15/2024 15:20:40 [Information] YCOM5: YComPort added to the Settings Form.
11/15/2024 15:20:40 [Information] YCOM6: YComPort added to the Settings Form.
11/15/2024 15:20:40 [Information] YCOM7: YComPort added to the Settings Form.
11/15/2024 15:20:40 [Information] YCOM8: YComPort added to the Settings Form.
11/15/2024 15:20:40 [Information] YCOM9: YComPort added to the Settings Form.
11/15/2024 15:20:40 [Information] YCOM10: YComPort added to the Settings Form.
11/15/2024 15:20:40 [Information] decimal: 50.00 ZaxisAcceleration added to the Settings Form.
11/15/2024 15:20:40 [Information] bool: False ZaxisChanged added to the Settings Form.
11/15/2024 15:20:40 [Information] decimal: 400.00 ZaxisMotorSpeed added to the Settings Form.
11/15/2024 15:20:40 [Information] decimal: 0.00 ZaxisStepperCurrent added to the Settings Form.
11/15/2024 15:20:40 [Information] decimal: 0.00 ZaxisStepperMove added to the Settings Form.
11/15/2024 15:20:40 [Information] ZCOM1: ZComPort added to the Settings Form.
11/15/2024 15:20:40 [Information] ZCOM2: ZComPort added to the Settings Form.
11/15/2024 15:20:40 [Information] ZCOM3: ZComPort added to the Settings Form.
11/15/2024 15:20:40 [Information] ZCOM4: ZComPort added to the Settings Form.
11/15/2024 15:20:40 [Information] ZCOM5: ZComPort added to the Settings Form.
11/15/2024 15:20:40 [Information] ZCOM6: ZComPort added to the Settings Form.
11/15/2024 15:20:40 [Information] ZCOM7: ZComPort added to the Settings Form.
11/15/2024 15:20:40 [Information] ZCOM8: ZComPort added to the Settings Form.
11/15/2024 15:20:40 [Information] ZCOM9: ZComPort added to the Settings Form.
11/15/2024 15:20:40 [Information] ZCOM10: ZComPort added to the Settings Form.
11/15/2024 15:20:40 [Information] int: 0 zeroXaxis added to the Settings Form.
11/15/2024 15:20:40 [Information] int: 0 zeroYaxis added to the Settings Form.
11/15/2024 15:20:40 [Information] int: 0 zeroZaxis added to the Settings Form.
11/15/2024 15:20:41 [Information] Stepper Motor Controller MainWindow loaded
11/15/2024 15:20:41 [Information] Set MainWindow Media Brushes to White.
11/15/2024 15:20:44 [Information] Z Axis Data Received: V
11/15/2024 15:20:44 [Information] Z Axis Data Received: M
11/15/2024 15:20:44 [Information] Z Axis Data Received: D
11/15/2024 15:20:44 [Information] Z Axis Data Received: P
11/15/2024 15:20:44 [Information] Z Axis Data Received: V
11/15/2024 15:20:44 [Information] Z Axis Data Received: _
11/15/2024 15:20:44 [Information] Z Axis Data Received: 1
11/15/2024 15:20:44 [Information] Z Axis Data Received: |
11/15/2024 15:20:44 [Information] Z Axis Data Received: 1
11/15/2024 15:20:44 [Information] Z Axis Data Received: _
11/15/2024 15:20:44 [Information] Z Axis Data Received: V
11/15/2024 15:20:44 [Information] Z Axis Data Received: M
11/15/2024 15:20:44 [Information] Z Axis Data Received: D
11/15/2024 15:20:44 [Information] Z Axis Data Received: P
11/15/2024 15:20:44 [Information] Z Axis Data Received: V
11/15/2024 15:20:44 [Information] Z Axis Data Received: 

11/15/2024 15:20:44 [Information] Z Axis Data Received: V
11/15/2024 15:20:44 [Information] Z Axis Data Received: M
11/15/2024 15:20:44 [Information] Z Axis Data Received: D
11/15/2024 15:20:44 [Information] Z Axis Data Received: P
11/15/2024 15:20:44 [Information] Z Axis Data Received: R
11/15/2024 15:20:44 [Information] Z Axis Data Received: _
11/15/2024 15:20:47 [Information] Z Axis mouse controlled Keypad returned: 8.00
11/15/2024 15:20:48 [Information] Z Axis Run button clicked:
11/15/2024 15:20:48 [Information] Z Axis MotorMovementSeconds decimal: (8.00 / 4) / 2 = 1.00
11/15/2024 15:20:49 [Information] Z Axis Run Event: Z,0.00,400.00,0,0.00,400.00,0,8.00,400.00,0
11/15/2024 15:20:49 [Information] Z Axis Current Time: 03:20:49 + 1000 = 03:20:50
11/15/2024 15:20:50 [Information] Stepper Motor Controller Disable Z Axis controls while moving to location.
11/15/2024 15:20:50 [Information] Time remaining: 00:00:00 targetEndTime = 03:20:50
11/15/2024 15:20:50 [Information] Z Axis Data Received: s
11/15/2024 15:20:50 [Information] Z Axis Data Received: e
11/15/2024 15:20:50 [Information] Z Axis Data Received: r
11/15/2024 15:20:50 [Information] Z Axis Data Received: i
11/15/2024 15:20:50 [Information] Z Axis Data Received: a
11/15/2024 15:20:50 [Information] Z Axis Data Received: l
11/15/2024 15:20:50 [Information] Z Axis Data Received: D
11/15/2024 15:20:50 [Information] Z Axis Data Received: a
11/15/2024 15:20:50 [Information] Z Axis Data Received: t
11/15/2024 15:20:50 [Information] Z Axis Data Received: a
11/15/2024 15:20:50 [Information] Z Axis Data Received: :
11/15/2024 15:20:50 [Information] Stepper Motor Controller Disable Z Axis controls while moving to location.
11/15/2024 15:20:50 [Information] Time remaining: 00:00:00 targetEndTime = 03:20:50
11/15/2024 15:20:50 [Information] Z Axis Data Received:  
11/15/2024 15:20:50 [Information] Z Axis Data Received: Z
11/15/2024 15:20:50 [Information] Z Axis Data Received: ,
11/15/2024 15:20:50 [Information] Z Axis Data Received: 0
11/15/2024 15:20:50 [Information] Z Axis Data Received: .
11/15/2024 15:20:50 [Information] Z Axis Data Received: 0
11/15/2024 15:20:50 [Information] Z Axis Data Received: 0
11/15/2024 15:20:50 [Information] Z Axis Data Received: ,
11/15/2024 15:20:50 [Information] Z Axis Data Received: 4
11/15/2024 15:20:50 [Information] Z Axis Data Received: 0
11/15/2024 15:20:50 [Information] Z Axis Data Received: 0
11/15/2024 15:20:50 [Information] Z Axis Data Received: .
11/15/2024 15:20:50 [Information] Z Axis Data Received: 0
11/15/2024 15:20:50 [Information] Z Axis Data Received: 0
11/15/2024 15:20:50 [Information] Z Axis Data Received: ,
11/15/2024 15:20:50 [Information] Z Axis Data Received: 0
11/15/2024 15:20:50 [Information] Z Axis Data Received: ,
11/15/2024 15:20:50 [Information] Z Axis Data Received: 0
11/15/2024 15:20:50 [Information] Z Axis Data Received: .
11/15/2024 15:20:50 [Information] Z Axis Data Received: 0
11/15/2024 15:20:50 [Information] Z Axis Data Received: 0
11/15/2024 15:20:50 [Information] Z Axis Data Received: ,
11/15/2024 15:20:50 [Information] Stepper Motor Controller Disable Z Axis controls while moving to location.
11/15/2024 15:20:50 [Information] Time remaining: 00:00:00 targetEndTime = 03:20:50
11/15/2024 15:20:50 [Information] Z Axis Data Received: 4
11/15/2024 15:20:50 [Information] Z Axis Data Received: 0
11/15/2024 15:20:50 [Information] Z Axis Data Received: 0
11/15/2024 15:20:50 [Information] Z Axis Data Received: .
11/15/2024 15:20:50 [Information] Z Axis Data Received: 0
11/15/2024 15:20:50 [Information] Z Axis Data Received: 0
11/15/2024 15:20:50 [Information] Z Axis Data Received: ,
11/15/2024 15:20:50 [Information] Z Axis Data Received: 0
11/15/2024 15:20:50 [Information] Z Axis Data Received: ,
11/15/2024 15:20:50 [Information] Z Axis Data Received: 8
11/15/2024 15:20:50 [Information] Z Axis Data Received: .
11/15/2024 15:20:50 [Information] Z Axis Data Received: 0
11/15/2024 15:20:50 [Information] Z Axis Data Received: 0
11/15/2024 15:20:50 [Information] Z Axis Data Received: ,
11/15/2024 15:20:50 [Information] Z Axis Data Received: 4
11/15/2024 15:20:50 [Information] Stepper Motor Controller Disable Z Axis controls while moving to location.
11/15/2024 15:20:50 [Information] Time remaining: 00:00:00 targetEndTime = 03:20:50
11/15/2024 15:20:50 [Information] Z Axis Data Received: 0
11/15/2024 15:20:50 [Information] Z Axis Data Received: 0
11/15/2024 15:20:50 [Information] Z Axis Data Received: .
11/15/2024 15:20:50 [Information] Z Axis Data Received: 0
11/15/2024 15:20:50 [Information] Z Axis Data Received: 0
11/15/2024 15:20:50 [Information] Z Axis Data Received: ,
11/15/2024 15:20:50 [Information] Z Axis Data Received: 0
11/15/2024 15:20:50 [Information] Z Axis Data Received: 
11/15/2024 15:20:50 [Information] Z Axis Data Received: 

11/15/2024 15:20:50 [Information] Stepper Motor Controller Disable Z Axis controls while moving to location.
11/15/2024 15:20:50 [Information] Time remaining: 00:00:00 targetEndTime = 03:20:50
11/15/2024 15:20:50 [Information] Stepper Motor Controller Disable Z Axis controls while moving to location.
11/15/2024 15:20:50 [Information] Time remaining: 00:00:00 targetEndTime = 03:20:50
11/15/2024 15:20:50 [Information] Stepper Motor Controller Disable Z Axis controls while moving to location.
11/15/2024 15:20:50 [Information] Time remaining: 00:00:00 targetEndTime = 03:20:50
11/15/2024 15:20:50 [Information] Stepper Motor Controller Disable Z Axis controls while moving to location.
11/15/2024 15:20:50 [Information] Time remaining: 00:00:00 targetEndTime = 03:20:50
11/15/2024 15:20:50 [Information] Stepper Motor Controller Disable Z Axis controls while moving to location.
11/15/2024 15:20:50 [Information] Time remaining: 00:00:00 targetEndTime = 03:20:50
11/15/2024 15:20:50 [Information] Stepper Motor Controller Disable Z Axis controls while moving to location.
11/15/2024 15:20:50 [Information] Time remaining: 00:00:00 targetEndTime = 03:20:50
11/15/2024 15:20:50 [Information] Stepper Motor Controller Disable Z Axis controls while moving to location.
11/15/2024 15:20:50 [Information] Time remaining: 00:00:00 targetEndTime = 03:20:50
11/15/2024 15:20:50 [Information] Stepper Motor Controller Disable Z Axis controls while moving to location.
11/15/2024 15:20:50 [Information] Time remaining: 00:00:00 targetEndTime = 03:20:50
11/15/2024 15:20:50 [Information] Stepper Motor Controller Disable Z Axis controls while moving to location.
11/15/2024 15:20:50 [Information] Time remaining: 00:00:00 targetEndTime = 03:20:50
11/15/2024 15:20:50 [Information] Stepper Motor Controller Disable Z Axis controls while moving to location.
11/15/2024 15:20:50 [Information] Time remaining: 00:00:00 targetEndTime = 03:20:50
11/15/2024 15:20:50 [Information] Stepper Motor Controller Disable Z Axis controls while moving to location.
11/15/2024 15:20:50 [Information] Time remaining: 00:00:00 targetEndTime = 03:20:50
11/15/2024 15:20:50 [Information] Stepper Motor Controller Disable Z Axis controls while moving to location.
11/15/2024 15:20:50 [Information] Time remaining: 00:00:00 targetEndTime = 03:20:50
11/15/2024 15:20:50 [Information] Stepper Motor Controller Disable Z Axis controls while moving to location.
11/15/2024 15:20:50 [Information] Time remaining: 00:00:00 targetEndTime = 03:20:50
11/15/2024 15:20:50 [Information] Stepper Motor Controller Disable Z Axis controls while moving to location.
11/15/2024 15:20:50 [Information] Time remaining: 00:00:00 targetEndTime = 03:20:50
11/15/2024 15:20:50 [Information] Stepper Motor Controller Disable Z Axis controls while moving to location.
11/15/2024 15:20:50 [Information] Time remaining: 00:00:00 targetEndTime = 03:20:50
11/15/2024 15:20:50 [Information] Stepper Motor Controller Disable Z Axis controls while moving to location.
11/15/2024 15:20:50 [Information] Time remaining: 00:00:00 targetEndTime = 03:20:50
11/15/2024 15:20:50 [Information] Stepper Motor Controller Disable Z Axis controls while moving to location.
11/15/2024 15:20:50 [Information] Time remaining: 00:00:00 targetEndTime = 03:20:50
11/15/2024 15:20:50 [Information] Stepper Motor Controller Disable Z Axis controls while moving to location.
11/15/2024 15:20:50 [Information] Time remaining: 00:00:00 targetEndTime = 03:20:50
11/15/2024 15:20:50 [Information] Stepper Motor Controller Disable Z Axis controls while moving to location.
11/15/2024 15:20:50 [Information] Time remaining: 00:00:00 targetEndTime = 03:20:50
11/15/2024 15:20:50 [Information] Stepper Motor Controller Disable Z Axis controls while moving to location.
11/15/2024 15:20:50 [Information] Time remaining: 00:00:00 targetEndTime = 03:20:50
11/15/2024 15:20:50 [Information] Stepper Motor Controller Disable Z Axis controls while moving to location.
11/15/2024 15:20:50 [Information] Time remaining: 00:00:00 targetEndTime = 03:20:50
11/15/2024 15:20:50 [Information] Stepper Motor Controller Disable Z Axis controls while moving to location.
11/15/2024 15:20:50 [Information] Time remaining: 00:00:00 targetEndTime = 03:20:50
11/15/2024 15:20:50 [Information] Stepper Motor Controller Disable Z Axis controls while moving to location.
11/15/2024 15:20:50 [Information] Time remaining: 00:00:00 targetEndTime = 03:20:50
11/15/2024 15:20:50 [Information] Stepper Motor Controller Disable Z Axis controls while moving to location.
11/15/2024 15:20:50 [Information] Time remaining: 00:00:00 targetEndTime = 03:20:50
11/15/2024 15:20:50 [Information] Stepper Motor Controller Disable Z Axis controls while moving to location.
11/15/2024 15:20:50 [Information] Time remaining: 00:00:00 targetEndTime = 03:20:50
11/15/2024 15:20:50 [Information] Stepper Motor Controller Disable Z Axis controls while moving to location.
11/15/2024 15:20:50 [Information] Time remaining: 00:00:00 targetEndTime = 03:20:50
11/15/2024 15:20:50 [Information] Stepper Motor Controller Disable Z Axis controls while moving to location.
11/15/2024 15:20:50 [Information] Time remaining: 00:00:00 targetEndTime = 03:20:50
11/15/2024 15:20:50 [Information] Stepper Motor Controller Disable Z Axis controls while moving to location.
11/15/2024 15:20:50 [Information] Time remaining: 00:00:00 targetEndTime = 03:20:50
11/15/2024 15:20:50 [Information] Stepper Motor Controller Disable Z Axis controls while moving to location.
11/15/2024 15:20:50 [Information] Time remaining: 00:00:00 targetEndTime = 03:20:50
11/15/2024 15:20:50 [Information] Stepper Motor Controller Disable Z Axis controls while moving to location.
11/15/2024 15:20:50 [Information] Time remaining: 00:00:00 targetEndTime = 03:20:50
11/15/2024 15:20:50 [Information] Stepper Motor Controller Disable Z Axis controls while moving to location.
11/15/2024 15:20:50 [Information] Time remaining: 00:00:00 targetEndTime = 03:20:50
11/15/2024 15:20:50 [Information] Stepper Motor Controller Disable Z Axis controls while moving to location.
11/15/2024 15:20:50 [Information] Time remaining: 00:00:00 targetEndTime = 03:20:50
11/15/2024 15:20:50 [Information] Stepper Motor Controller Disable Z Axis controls while moving to location.
11/15/2024 15:20:50 [Information] Time remaining: 00:00:00 targetEndTime = 03:20:50
11/15/2024 15:20:50 [Information] Stepper Motor Controller Disable Z Axis controls while moving to location.
11/15/2024 15:20:50 [Information] Time remaining: 00:00:00 targetEndTime = 03:20:50
11/15/2024 15:20:50 [Information] Stepper Motor Controller Disable Z Axis controls while moving to location.
11/15/2024 15:20:50 [Information] Time remaining: 00:00:00 targetEndTime = 03:20:50
11/15/2024 15:20:50 [Information] Stepper Motor Controller Disable Z Axis controls while moving to location.
11/15/2024 15:20:50 [Information] Time remaining: 00:00:00 targetEndTime = 03:20:50
11/15/2024 15:20:50 [Information] Stepper Motor Controller Disable Z Axis controls while moving to location.
11/15/2024 15:20:50 [Information] Time remaining: 00:00:00 targetEndTime = 03:20:50
11/15/2024 15:20:50 [Information] Stepper Motor Controller Disable Z Axis controls while moving to location.
11/15/2024 15:20:50 [Information] Time remaining: 00:00:00 targetEndTime = 03:20:50
11/15/2024 15:20:50 [Information] Stepper Motor Controller Disable Z Axis controls while moving to location.
11/15/2024 15:20:50 [Information] Time remaining: 00:00:00 targetEndTime = 03:20:50
11/15/2024 15:20:50 [Information] Stepper Motor Controller Disable Z Axis controls while moving to location.
11/15/2024 15:20:50 [Information] Time remaining: 00:00:00 targetEndTime = 03:20:50
11/15/2024 15:20:50 [Information] Stepper Motor Controller Disable Z Axis controls while moving to location.
11/15/2024 15:20:50 [Information] Time remaining: 00:00:00 targetEndTime = 03:20:50
11/15/2024 15:20:50 [Information] Stepper Motor Controller Disable Z Axis controls while moving to location.
11/15/2024 15:20:50 [Information] Time remaining: 00:00:00 targetEndTime = 03:20:50
11/15/2024 15:20:50 [Information] Stepper Motor Controller Disable Z Axis controls while moving to location.
11/15/2024 15:20:50 [Information] Time remaining: 00:00:00 targetEndTime = 03:20:50
11/15/2024 15:20:50 [Information] Stepper Motor Controller Disable Z Axis controls while moving to location.
11/15/2024 15:20:50 [Information] Time remaining: 00:00:00 targetEndTime = 03:20:50
11/15/2024 15:20:50 [Information] Stepper Motor Controller Disable Z Axis controls while moving to location.
11/15/2024 15:20:50 [Information] Time remaining: 00:00:00 targetEndTime = 03:20:50
11/15/2024 15:20:50 [Information] Stepper Motor Controller Disable Z Axis controls while moving to location.
11/15/2024 15:20:50 [Information] Time remaining: 00:00:00 targetEndTime = 03:20:50
11/15/2024 15:20:50 [Information] Stepper Motor Controller Disable Z Axis controls while moving to location.
11/15/2024 15:20:50 [Information] Time remaining: 00:00:00 targetEndTime = 03:20:50
11/15/2024 15:20:50 [Information] Stepper Motor Controller Disable Z Axis controls while moving to location.
11/15/2024 15:20:50 [Information] Time remaining: 00:00:00 targetEndTime = 03:20:50
11/15/2024 15:20:50 [Information] Stepper Motor Controller Disable Z Axis controls while moving to location.
11/15/2024 15:20:50 [Information] Time remaining: 00:00:00 targetEndTime = 03:20:50
11/15/2024 15:20:50 [Information] Stepper Motor Controller Disable Z Axis controls while moving to location.
11/15/2024 15:20:50 [Information] Time remaining: 00:00:00 targetEndTime = 03:20:50
11/15/2024 15:20:50 [Information] Stepper Motor Controller Disable Z Axis controls while moving to location.
11/15/2024 15:20:50 [Information] Time remaining: 00:00:00 targetEndTime = 03:20:50
11/15/2024 15:20:50 [Information] Stepper Motor Controller Disable Z Axis controls while moving to location.
11/15/2024 15:20:50 [Information] Time remaining: 00:00:00 targetEndTime = 03:20:50
11/15/2024 15:20:50 [Information] Stepper Motor Controller Disable Z Axis controls while moving to location.
11/15/2024 15:20:50 [Information] Time remaining: 00:00:00 targetEndTime = 03:20:50
11/15/2024 15:20:50 [Information] Stepper Motor Controller Disable Z Axis controls while moving to location.
11/15/2024 15:20:50 [Information] Time remaining: 00:00:00 targetEndTime = 03:20:50
11/15/2024 15:20:50 [Information] Stepper Motor Controller Disable Z Axis controls while moving to location.
11/15/2024 15:20:50 [Information] Time remaining: 00:00:00 targetEndTime = 03:20:50
11/15/2024 15:20:51 [Information] Stepper Motor Controller Enable Z Axis controls after moving to location.
11/15/2024 15:20:51 [Information] Stepper Motor Controller Stopwatch Stopped.
11/15/2024 15:20:51 [Information] Stepper Motor Controller Timer Stopped.
11/15/2024 15:20:51 [Information] Stepper Motor Controller Stopwatch Reset.
11/15/2024 15:20:51 [Information] Z Axis Data Received: Z
11/15/2024 15:20:51 [Information] Z Axis Data Received:  
11/15/2024 15:20:51 [Information] Z Axis Data Received: A
11/15/2024 15:20:51 [Information] Z Axis Data Received: x
11/15/2024 15:20:51 [Information] Z Axis Data Received: i
11/15/2024 15:20:51 [Information] Z Axis Data Received: s
11/15/2024 15:20:51 [Information] Z Axis Data Received:  
11/15/2024 15:20:51 [Information] Z Axis Data Received: r
11/15/2024 15:20:51 [Information] Z Axis Data Received: e
11/15/2024 15:20:51 [Information] Z Axis Data Received: a
11/15/2024 15:20:51 [Information] Z Axis Data Received: c
11/15/2024 15:20:51 [Information] Z Axis Data Received: h
11/15/2024 15:20:51 [Information] Z Axis Data Received: e
11/15/2024 15:20:51 [Information] Z Axis Data Received: d
11/15/2024 15:20:51 [Information] Z Axis Data Received:  
11/15/2024 15:20:51 [Information] Z Axis Data Received: t
11/15/2024 15:20:51 [Information] Z Axis Data Received: a
11/15/2024 15:20:51 [Information] Z Axis Data Received: r
11/15/2024 15:20:51 [Information] Z Axis Data Received: g
11/15/2024 15:20:51 [Information] Z Axis Data Received: e
11/15/2024 15:20:51 [Information] Z Axis Data Received: t
11/15/2024 15:20:51 [Information] Z Axis Data Received:  
11/15/2024 15:20:51 [Information] Z Axis Data Received: p
11/15/2024 15:20:51 [Information] Z Axis Data Received: o
11/15/2024 15:20:51 [Information] Z Axis Data Received: s
11/15/2024 15:20:51 [Information] Z Axis Data Received: i
11/15/2024 15:20:51 [Information] Z Axis Data Received: t
11/15/2024 15:20:51 [Information] Z Axis Data Received: i
11/15/2024 15:20:51 [Information] Z Axis Data Received: o
11/15/2024 15:20:51 [Information] Z Axis Data Received: n
11/15/2024 15:20:51 [Information] Z Axis Data Received: 
11/15/2024 15:20:51 [Information] Z Axis Data Received: 

11/15/2024 15:20:51 [Information] Z Axis Data Received: Z
11/15/2024 15:20:51 [Information] Z Axis Data Received:  
11/15/2024 15:20:51 [Information] Z Axis Data Received: A
11/15/2024 15:20:51 [Information] Z Axis Data Received: x
11/15/2024 15:20:51 [Information] Z Axis Data Received: i
11/15/2024 15:20:51 [Information] Z Axis Data Received: s
11/15/2024 15:20:51 [Information] Z Axis Data Received:  
11/15/2024 15:20:51 [Information] Z Axis Data Received: C
11/15/2024 15:20:51 [Information] Z Axis Data Received: u
11/15/2024 15:20:51 [Information] Z Axis Data Received: r
11/15/2024 15:20:51 [Information] Z Axis Data Received: r
11/15/2024 15:20:51 [Information] Z Axis Data Received: e
11/15/2024 15:20:51 [Information] Z Axis Data Received: n
11/15/2024 15:20:51 [Information] Z Axis Data Received: t
11/15/2024 15:20:51 [Information] Z Axis Data Received:  
11/15/2024 15:20:51 [Information] Z Axis Data Received: P
11/15/2024 15:20:51 [Information] Z Axis Data Received: o
11/15/2024 15:20:51 [Information] Z Axis Data Received: s
11/15/2024 15:20:51 [Information] Z Axis Data Received: i
11/15/2024 15:20:51 [Information] Z Axis Data Received: t
11/15/2024 15:20:51 [Information] Z Axis Data Received: i
11/15/2024 15:20:51 [Information] Z Axis Data Received: o
11/15/2024 15:20:51 [Information] Z Axis Data Received: n
11/15/2024 15:20:51 [Information] Z Axis Data Received: :
11/15/2024 15:20:51 [Information] Z Axis Data Received:  
11/15/2024 15:20:51 [Information] Z Axis Data Received: 4
11/15/2024 15:20:51 [Information] Z Axis Data Received: 0
11/15/2024 15:20:51 [Information] Z Axis Data Received: 0
11/15/2024 15:20:51 [Information] Z Axis Data Received: .
11/15/2024 15:20:51 [Information] Z Axis Data Received: 0
11/15/2024 15:20:51 [Information] Z Axis Data Received: 0
11/15/2024 15:20:51 [Information] Z Axis Data Received: 
11/15/2024 15:20:51 [Information] Z Axis Data Received: 

11/15/2024 15:20:51 [Information] Z Axis Data Received: Z
11/15/2024 15:20:51 [Information] Z Axis Data Received:  
11/15/2024 15:20:51 [Information] Z Axis Data Received: A
11/15/2024 15:20:51 [Information] Z Axis Data Received: x
11/15/2024 15:20:51 [Information] Z Axis Data Received: i
11/15/2024 15:20:51 [Information] Z Axis Data Received: s
11/15/2024 15:20:51 [Information] Z Axis Data Received:  
11/15/2024 15:20:51 [Information] Z Axis Data Received: C
11/15/2024 15:20:51 [Information] Z Axis Data Received: u
11/15/2024 15:20:51 [Information] Z Axis Data Received: r
11/15/2024 15:20:51 [Information] Z Axis Data Received: r
11/15/2024 15:20:51 [Information] Z Axis Data Received: e
11/15/2024 15:20:51 [Information] Z Axis Data Received: n
11/15/2024 15:20:51 [Information] Z Axis Data Received: t
11/15/2024 15:20:51 [Information] Z Axis Data Received:  
11/15/2024 15:20:51 [Information] Z Axis Data Received: P
11/15/2024 15:20:51 [Information] Z Axis Data Received: o
11/15/2024 15:20:51 [Information] Z Axis Data Received: s
11/15/2024 15:20:51 [Information] Z Axis Data Received: i
11/15/2024 15:20:51 [Information] Z Axis Data Received: t
11/15/2024 15:20:51 [Information] Z Axis Data Received: i
11/15/2024 15:20:51 [Information] Z Axis Data Received: o
11/15/2024 15:20:51 [Information] Z Axis Data Received: n
11/15/2024 15:20:51 [Information] Z Axis Data Received: :
11/15/2024 15:20:51 [Information] Z Axis Data Received:  
11/15/2024 15:20:51 [Information] Z Axis Data Received: 4
11/15/2024 15:20:51 [Information] Z Axis Data Received: 0
11/15/2024 15:20:51 [Information] Z Axis Data Received: 0
11/15/2024 15:20:51 [Information] Z Axis Data Received: .
11/15/2024 15:20:51 [Information] Z Axis Data Received: 0
11/15/2024 15:20:51 [Information] Z Axis Data Received: 0
11/15/2024 15:20:51 [Information] Z Axis Data Received: 
11/15/2024 15:20:51 [Information] Z Axis Data Received: 

11/15/2024 15:20:57 [Information] Z Axis mouse controlled Keypad returned: -8.00
11/15/2024 15:20:58 [Information] Z Axis Run button clicked:
11/15/2024 15:20:58 [Information] Z Axis MotorMovementSeconds decimal: (-8.00 / 4) / 2 = -1.00
11/15/2024 15:20:59 [Information] Z Axis Run Event: Z,0.00,400.00,0,0.00,400.00,0,-8.00,400.00,0
11/15/2024 15:20:59 [Information] Z Axis Current Time: 03:20:59 + -1000 = 03:20:58
11/15/2024 15:20:59 [Information] Z Axis Data Received: s
11/15/2024 15:20:59 [Information] Z Axis Data Received: e
11/15/2024 15:20:59 [Information] Z Axis Data Received: r
11/15/2024 15:20:59 [Information] Z Axis Data Received: i
11/15/2024 15:20:59 [Information] Z Axis Data Received: a
11/15/2024 15:20:59 [Information] Z Axis Data Received: l
11/15/2024 15:20:59 [Information] Z Axis Data Received: D
11/15/2024 15:20:59 [Information] Z Axis Data Received: a
11/15/2024 15:20:59 [Information] Stepper Motor Controller Enable Z Axis controls after moving to location.
11/15/2024 15:20:59 [Information] Stepper Motor Controller Stopwatch Stopped.
11/15/2024 15:20:59 [Information] Stepper Motor Controller Timer Stopped.
11/15/2024 15:20:59 [Information] Stepper Motor Controller Stopwatch Reset.
11/15/2024 15:20:59 [Information] Z Axis Data Received: t
11/15/2024 15:20:59 [Information] Z Axis Data Received: a
11/15/2024 15:20:59 [Information] Z Axis Data Received: :
11/15/2024 15:20:59 [Information] Z Axis Data Received:  
11/15/2024 15:20:59 [Information] Z Axis Data Received: Z
11/15/2024 15:20:59 [Information] Z Axis Data Received: ,
11/15/2024 15:20:59 [Information] Z Axis Data Received: 0
11/15/2024 15:20:59 [Information] Z Axis Data Received: .
11/15/2024 15:20:59 [Information] Z Axis Data Received: 0
11/15/2024 15:20:59 [Information] Z Axis Data Received: 0
11/15/2024 15:20:59 [Information] Z Axis Data Received: ,
11/15/2024 15:20:59 [Information] Z Axis Data Received: 4
11/15/2024 15:20:59 [Information] Z Axis Data Received: 0
11/15/2024 15:20:59 [Information] Z Axis Data Received: 0
11/15/2024 15:20:59 [Information] Z Axis Data Received: .
11/15/2024 15:20:59 [Information] Z Axis Data Received: 0
11/15/2024 15:20:59 [Information] Z Axis Data Received: 0
11/15/2024 15:20:59 [Information] Z Axis Data Received: ,
11/15/2024 15:20:59 [Information] Z Axis Data Received: 0
11/15/2024 15:20:59 [Information] Z Axis Data Received: ,
11/15/2024 15:20:59 [Information] Z Axis Data Received: 0
11/15/2024 15:20:59 [Information] Z Axis Data Received: .
11/15/2024 15:20:59 [Information] Z Axis Data Received: 0
11/15/2024 15:20:59 [Information] Z Axis Data Received: 0
11/15/2024 15:20:59 [Information] Z Axis Data Received: ,
11/15/2024 15:20:59 [Information] Z Axis Data Received: 4
11/15/2024 15:20:59 [Information] Z Axis Data Received: 0
11/15/2024 15:20:59 [Information] Z Axis Data Received: 0
11/15/2024 15:20:59 [Information] Z Axis Data Received: .
11/15/2024 15:20:59 [Information] Z Axis Data Received: 0
11/15/2024 15:20:59 [Information] Z Axis Data Received: 0
11/15/2024 15:20:59 [Information] Z Axis Data Received: ,
11/15/2024 15:20:59 [Information] Z Axis Data Received: 0
11/15/2024 15:20:59 [Information] Z Axis Data Received: ,
11/15/2024 15:20:59 [Information] Z Axis Data Received: -
11/15/2024 15:20:59 [Information] Z Axis Data Received: 8
11/15/2024 15:20:59 [Information] Z Axis Data Received: .
11/15/2024 15:20:59 [Information] Z Axis Data Received: 0
11/15/2024 15:20:59 [Information] Z Axis Data Received: 0
11/15/2024 15:20:59 [Information] Z Axis Data Received: ,
11/15/2024 15:20:59 [Information] Z Axis Data Received: 4
11/15/2024 15:20:59 [Information] Z Axis Data Received: 0
11/15/2024 15:20:59 [Information] Z Axis Data Received: 0
11/15/2024 15:20:59 [Information] Z Axis Data Received: .
11/15/2024 15:20:59 [Information] Z Axis Data Received: 0
11/15/2024 15:20:59 [Information] Z Axis Data Received: 0
11/15/2024 15:20:59 [Information] Z Axis Data Received: ,
11/15/2024 15:20:59 [Information] Z Axis Data Received: 0
11/15/2024 15:20:59 [Information] Z Axis Data Received: 
11/15/2024 15:20:59 [Information] Z Axis Data Received: 

11/15/2024 15:21:00 [Information] Z Axis Data Received: Z
11/15/2024 15:21:00 [Information] Z Axis Data Received:  
11/15/2024 15:21:00 [Information] Z Axis Data Received: A
11/15/2024 15:21:00 [Information] Z Axis Data Received: x
11/15/2024 15:21:00 [Information] Z Axis Data Received: i
11/15/2024 15:21:00 [Information] Z Axis Data Received: s
11/15/2024 15:21:00 [Information] Z Axis Data Received:  
11/15/2024 15:21:00 [Information] Z Axis Data Received: r
11/15/2024 15:21:00 [Information] Z Axis Data Received: e
11/15/2024 15:21:00 [Information] Z Axis Data Received: a
11/15/2024 15:21:00 [Information] Z Axis Data Received: c
11/15/2024 15:21:00 [Information] Z Axis Data Received: h
11/15/2024 15:21:00 [Information] Z Axis Data Received: e
11/15/2024 15:21:00 [Information] Z Axis Data Received: d
11/15/2024 15:21:00 [Information] Z Axis Data Received:  
11/15/2024 15:21:00 [Information] Z Axis Data Received: t
11/15/2024 15:21:00 [Information] Z Axis Data Received: a
11/15/2024 15:21:00 [Information] Z Axis Data Received: r
11/15/2024 15:21:00 [Information] Z Axis Data Received: g
11/15/2024 15:21:00 [Information] Z Axis Data Received: e
11/15/2024 15:21:00 [Information] Z Axis Data Received: t
11/15/2024 15:21:00 [Information] Z Axis Data Received:  
11/15/2024 15:21:00 [Information] Z Axis Data Received: p
11/15/2024 15:21:00 [Information] Z Axis Data Received: o
11/15/2024 15:21:00 [Information] Z Axis Data Received: s
11/15/2024 15:21:00 [Information] Z Axis Data Received: i
11/15/2024 15:21:00 [Information] Z Axis Data Received: t
11/15/2024 15:21:00 [Information] Z Axis Data Received: i
11/15/2024 15:21:00 [Information] Z Axis Data Received: o
11/15/2024 15:21:00 [Information] Z Axis Data Received: n
11/15/2024 15:21:00 [Information] Z Axis Data Received: 
11/15/2024 15:21:00 [Information] Z Axis Data Received: 

11/15/2024 15:21:00 [Information] Z Axis Data Received: Z
11/15/2024 15:21:00 [Information] Z Axis Data Received:  
11/15/2024 15:21:00 [Information] Z Axis Data Received: A
11/15/2024 15:21:00 [Information] Z Axis Data Received: x
11/15/2024 15:21:00 [Information] Z Axis Data Received: i
11/15/2024 15:21:00 [Information] Z Axis Data Received: s
11/15/2024 15:21:00 [Information] Z Axis Data Received:  
11/15/2024 15:21:00 [Information] Z Axis Data Received: C
11/15/2024 15:21:00 [Information] Z Axis Data Received: u
11/15/2024 15:21:00 [Information] Z Axis Data Received: r
11/15/2024 15:21:00 [Information] Z Axis Data Received: r
11/15/2024 15:21:00 [Information] Z Axis Data Received: e
11/15/2024 15:21:00 [Information] Z Axis Data Received: n
11/15/2024 15:21:00 [Information] Z Axis Data Received: t
11/15/2024 15:21:00 [Information] Z Axis Data Received:  
11/15/2024 15:21:00 [Information] Z Axis Data Received: P
11/15/2024 15:21:00 [Information] Z Axis Data Received: o
11/15/2024 15:21:00 [Information] Z Axis Data Received: s
11/15/2024 15:21:00 [Information] Z Axis Data Received: i
11/15/2024 15:21:00 [Information] Z Axis Data Received: t
11/15/2024 15:21:00 [Information] Z Axis Data Received: i
11/15/2024 15:21:00 [Information] Z Axis Data Received: o
11/15/2024 15:21:00 [Information] Z Axis Data Received: n
11/15/2024 15:21:00 [Information] Z Axis Data Received: :
11/15/2024 15:21:00 [Information] Z Axis Data Received:  
11/15/2024 15:21:00 [Information] Z Axis Data Received: -
11/15/2024 15:21:00 [Information] Z Axis Data Received: 4
11/15/2024 15:21:00 [Information] Z Axis Data Received: 0
11/15/2024 15:21:00 [Information] Z Axis Data Received: 0
11/15/2024 15:21:00 [Information] Z Axis Data Received: .
11/15/2024 15:21:00 [Information] Z Axis Data Received: 0
11/15/2024 15:21:00 [Information] Z Axis Data Received: 0
11/15/2024 15:21:00 [Information] Z Axis Data Received: 
11/15/2024 15:21:00 [Information] Z Axis Data Received: 

11/15/2024 15:21:00 [Information] Z Axis Data Received: Z
11/15/2024 15:21:00 [Information] Z Axis Data Received:  
11/15/2024 15:21:00 [Information] Z Axis Data Received: A
11/15/2024 15:21:00 [Information] Z Axis Data Received: x
11/15/2024 15:21:00 [Information] Z Axis Data Received: i
11/15/2024 15:21:00 [Information] Z Axis Data Received: s
11/15/2024 15:21:00 [Information] Z Axis Data Received:  
11/15/2024 15:21:00 [Information] Z Axis Data Received: C
11/15/2024 15:21:00 [Information] Z Axis Data Received: u
11/15/2024 15:21:00 [Information] Z Axis Data Received: r
11/15/2024 15:21:00 [Information] Z Axis Data Received: r
11/15/2024 15:21:00 [Information] Z Axis Data Received: e
11/15/2024 15:21:00 [Information] Z Axis Data Received: n
11/15/2024 15:21:00 [Information] Z Axis Data Received: t
11/15/2024 15:21:00 [Information] Z Axis Data Received:  
11/15/2024 15:21:00 [Information] Z Axis Data Received: P
11/15/2024 15:21:00 [Information] Z Axis Data Received: o
11/15/2024 15:21:00 [Information] Z Axis Data Received: s
11/15/2024 15:21:00 [Information] Z Axis Data Received: i
11/15/2024 15:21:00 [Information] Z Axis Data Received: t
11/15/2024 15:21:00 [Information] Z Axis Data Received: i
11/15/2024 15:21:00 [Information] Z Axis Data Received: o
11/15/2024 15:21:00 [Information] Z Axis Data Received: n
11/15/2024 15:21:00 [Information] Z Axis Data Received: :
11/15/2024 15:21:00 [Information] Z Axis Data Received:  
11/15/2024 15:21:00 [Information] Z Axis Data Received: -
11/15/2024 15:21:00 [Information] Z Axis Data Received: 4
11/15/2024 15:21:00 [Information] Z Axis Data Received: 0
11/15/2024 15:21:00 [Information] Z Axis Data Received: 0
11/15/2024 15:21:00 [Information] Z Axis Data Received: .
11/15/2024 15:21:00 [Information] Z Axis Data Received: 0
11/15/2024 15:21:00 [Information] Z Axis Data Received: 0
11/15/2024 15:21:00 [Information] Z Axis Data Received: 
11/15/2024 15:21:00 [Information] Z Axis Data Received: 

11/15/2024 15:21:04 [Information] Updated X,Y Zero.IsChecked status to 0 and Z Zero.IsChecked status to 1.
11/15/2024 15:21:05 [Information] Z Axis Run button clicked:
11/15/2024 15:21:05 [Information] Z Axis Run Event to reset Axis to zero: Z,0.00,400.00,0,0.00,400.00,0,0.00,400.00,1
11/15/2024 15:21:05 [Information] Setting Z Axis Current Location Set to Zero on DRO
11/15/2024 15:21:06 [Information] Updated X,Y,Z Zero.IsChecked status to 0.
11/15/2024 15:21:06 [Information] Z Axis Data Received: s
11/15/2024 15:21:06 [Information] Z Axis Data Received: e
11/15/2024 15:21:06 [Information] Z Axis Data Received: r
11/15/2024 15:21:06 [Information] Z Axis Data Received: i
11/15/2024 15:21:06 [Information] Z Axis Data Received: a
11/15/2024 15:21:06 [Information] Z Axis Data Received: l
11/15/2024 15:21:06 [Information] Z Axis Data Received: D
11/15/2024 15:21:06 [Information] Z Axis Data Received: a
11/15/2024 15:21:06 [Information] Z Axis Data Received: t
11/15/2024 15:21:06 [Information] Z Axis Data Received: a
11/15/2024 15:21:06 [Information] Z Axis Current Location Set to Zero
11/15/2024 15:21:06 [Information] Z Axis Data Received: :
11/15/2024 15:21:06 [Information] Z Axis Data Received:  
11/15/2024 15:21:06 [Information] Z Axis Data Received: Z
11/15/2024 15:21:06 [Information] Z Axis Data Received: ,
11/15/2024 15:21:06 [Information] Z Axis Data Received: 0
11/15/2024 15:21:06 [Information] Z Axis Data Received: .
11/15/2024 15:21:06 [Information] Z Axis Data Received: 0
11/15/2024 15:21:06 [Information] Z Axis Data Received: 0
11/15/2024 15:21:06 [Information] Z Axis Data Received: ,
11/15/2024 15:21:06 [Information] Z Axis Data Received: 4
11/15/2024 15:21:06 [Information] Z Axis Data Received: 0
11/15/2024 15:21:06 [Information] Z Axis Data Received: 0
11/15/2024 15:21:06 [Information] Z Axis Data Received: .
11/15/2024 15:21:06 [Information] Z Axis Data Received: 0
11/15/2024 15:21:06 [Information] Z Axis Data Received: 0
11/15/2024 15:21:06 [Information] Z Axis Data Received: ,
11/15/2024 15:21:06 [Information] Z Axis Data Received: 0
11/15/2024 15:21:06 [Information] Z Axis Data Received: ,
11/15/2024 15:21:06 [Information] Z Axis Data Received: 0
11/15/2024 15:21:06 [Information] Z Axis Data Received: .
11/15/2024 15:21:06 [Information] Z Axis Data Received: 0
11/15/2024 15:21:06 [Information] Z Axis Data Received: 0
11/15/2024 15:21:06 [Information] Z Axis Data Received: ,
11/15/2024 15:21:06 [Information] Z Axis Data Received: 4
11/15/2024 15:21:06 [Information] Z Axis Data Received: 0
11/15/2024 15:21:06 [Information] Z Axis Data Received: 0
11/15/2024 15:21:06 [Information] Z Axis Data Received: .
11/15/2024 15:21:06 [Information] Z Axis Data Received: 0
11/15/2024 15:21:06 [Information] Z Axis Data Received: 0
11/15/2024 15:21:06 [Information] Z Axis Data Received: ,
11/15/2024 15:21:06 [Information] Z Axis Data Received: 0
11/15/2024 15:21:06 [Information] Z Axis Data Received: ,
11/15/2024 15:21:06 [Information] Z Axis Data Received: 0
11/15/2024 15:21:06 [Information] Z Axis Data Received: .
11/15/2024 15:21:06 [Information] Z Axis Data Received: 0
11/15/2024 15:21:06 [Information] Z Axis Data Received: 0
11/15/2024 15:21:06 [Information] Z Axis Data Received: ,
11/15/2024 15:21:06 [Information] Z Axis Data Received: 4
11/15/2024 15:21:06 [Information] Z Axis Data Received: 0
11/15/2024 15:21:06 [Information] Z Axis Data Received: 0
11/15/2024 15:21:06 [Information] Z Axis Data Received: .
11/15/2024 15:21:06 [Information] Z Axis Data Received: 0
11/15/2024 15:21:06 [Information] Z Axis Data Received: 0
11/15/2024 15:21:06 [Information] Z Axis Data Received: ,
11/15/2024 15:21:06 [Information] Z Axis Data Received: 1
11/15/2024 15:21:06 [Information] Z Axis Data Received: 
11/15/2024 15:21:06 [Information] Z Axis Data Received: 

11/15/2024 15:21:06 [Information] Z Axis Data Received: E
11/15/2024 15:21:06 [Information] Z Axis Data Received: S
11/15/2024 15:21:06 [Information] Z Axis Data Received: P
11/15/2024 15:21:06 [Information] Z Axis Data Received:  
11/15/2024 15:21:06 [Information] Z Axis Data Received: 3
11/15/2024 15:21:06 [Information] Z Axis Data Received: 2
11/15/2024 15:21:06 [Information] Z Axis Data Received:  
11/15/2024 15:21:06 [Information] Z Axis Data Received: B
11/15/2024 15:21:06 [Information] Z Axis Data Received: o
11/15/2024 15:21:06 [Information] Z Axis Data Received: a
11/15/2024 15:21:06 [Information] Z Axis Data Received: r
11/15/2024 15:21:06 [Information] Z Axis Data Received: d
11/15/2024 15:21:06 [Information] Z Axis Data Received:  
11/15/2024 15:21:06 [Information] Z Axis Data Received: R
11/15/2024 15:21:06 [Information] Z Axis Data Received: e
11/15/2024 15:21:06 [Information] Z Axis Data Received: s
11/15/2024 15:21:06 [Information] Z Axis Data Received: e
11/15/2024 15:21:06 [Information] Z Axis Data Received: t
11/15/2024 15:21:06 [Information] Z Axis Data Received: .
11/15/2024 15:21:06 [Information] Z Axis Data Received: 
11/15/2024 15:21:06 [Information] Z Axis Data Received: 

11/15/2024 15:21:09 [Information] Z Axis Data Received: ?
11/15/2024 15:21:10 [Information] Stepper Motor Controller MainWindow Closing.
11/15/2024 15:21:10 [Information] Stepper Motor Controller Serial Ports closed.
11/15/2024 15:21:10 [Information] Properties Settings Saved.
11/15/2024 15:21:10 [Information] Properties Settings Form Closed.
11/15/2024 15:21:10 [Information] Stepper Motor Controller Form Closed.
