11/15/2024 08:50:39 [Information] Stepper Motor Controller Application Started.
11/15/2024 08:50:39 [Information] Version: 3.0.9084.18914 (11/15/2024 08:50:39)
11/15/2024 08:50:39 [Information] SerialPort COM7 not connected.
11/15/2024 08:50:39 [Information] SerialPort COM8 not connected.
11/15/2024 08:50:39 [Information] Stepper Motor Controller Application Started.
11/15/2024 08:50:39 [Information] Version: 3.0.9084.18914 (11/15/2024 08:50:39)
11/15/2024 08:50:39 [Information] Stepper Motor Controller Application Settings Window Opened.
11/15/2024 08:50:39 [Information] Stepper Motor Controller Application Settings form is rebuilt each and every time it is opened.
11/15/2024 08:50:39 [Information] int: 9600 BaudRate added to the Settings Form.
11/15/2024 08:50:39 [Information] decimal: 1.00 BuildVersion added to the Settings Form.
11/15/2024 08:50:39 [Information] bool: False ckbXaxisResetToZeroIsChecked added to the Settings Form.
11/15/2024 08:50:39 [Information] Z Axis Data Received: ?
11/15/2024 08:50:40 [Information] bool: False ckbYaxisResetToZeroIsChecked added to the Settings Form.
11/15/2024 08:50:40 [Information] bool: False ckbZaxisResetToZeroIsChecked added to the Settings Form.
11/15/2024 08:50:40 [Information] COM1: ComPort added to the Settings Form.
11/15/2024 08:50:40 [Information] COM2: ComPort added to the Settings Form.
11/15/2024 08:50:40 [Information] COM3: ComPort added to the Settings Form.
11/15/2024 08:50:40 [Information] COM4: ComPort added to the Settings Form.
11/15/2024 08:50:40 [Information] COM5: ComPort added to the Settings Form.
11/15/2024 08:50:40 [Information] COM6: ComPort added to the Settings Form.
11/15/2024 08:50:40 [Information] COM7: ComPort added to the Settings Form.
11/15/2024 08:50:40 [Information] COM8: ComPort added to the Settings Form.
11/15/2024 08:50:40 [Information] COM9: ComPort added to the Settings Form.
11/15/2024 08:50:40 [Information] COM10: ComPort added to the Settings Form.
11/15/2024 08:50:40 [Information] decimal: 4.00 Divider4_00 added to the Settings Form.
11/15/2024 08:50:40 [Information] decimal: 0.00 MathPart2Initlz added to the Settings Form.
11/15/2024 08:50:40 [Information] decimal: 1.00 MilisecondTimerInterval added to the Settings Form.
11/15/2024 08:50:40 [Information] decimal: 1000.00 MillisecondDelay added to the Settings Form.
11/15/2024 08:50:40 [Information] int: 1000 Milliseconds added to the Settings Form.
11/15/2024 08:50:40 [Information] int: 4 mmPerRevolution added to the Settings Form.
11/15/2024 08:50:40 [Information] int: 2000 ThreadSleep added to the Settings Form.
11/15/2024 08:50:40 [Information] decimal: 0.00 Value_0_00 added to the Settings Form.
11/15/2024 08:50:40 [Information] decimal: 50.00 XaxisAcceleration added to the Settings Form.
11/15/2024 08:50:40 [Information] bool: False XaxisChanged added to the Settings Form.
11/15/2024 08:50:40 [Information] decimal: 400.00 XaxisMotorSpeed added to the Settings Form.
11/15/2024 08:50:40 [Information] decimal: 0.00 XaxisStepperCurrent added to the Settings Form.
11/15/2024 08:50:40 [Information] decimal: 0.00 XaxisStepperMove added to the Settings Form.
11/15/2024 08:50:40 [Information] XCOM1: XComPort added to the Settings Form.
11/15/2024 08:50:40 [Information] XCOM2: XComPort added to the Settings Form.
11/15/2024 08:50:40 [Information] XCOM3: XComPort added to the Settings Form.
11/15/2024 08:50:40 [Information] XCOM4: XComPort added to the Settings Form.
11/15/2024 08:50:40 [Information] XCOM5: XComPort added to the Settings Form.
11/15/2024 08:50:40 [Information] XCOM6: XComPort added to the Settings Form.
11/15/2024 08:50:40 [Information] XCOM7: XComPort added to the Settings Form.
11/15/2024 08:50:40 [Information] XCOM8: XComPort added to the Settings Form.
11/15/2024 08:50:40 [Information] XCOM9: XComPort added to the Settings Form.
11/15/2024 08:50:40 [Information] XCOM10: XComPort added to the Settings Form.
11/15/2024 08:50:40 [Information] decimal: 50.00 YaxisAcceleration added to the Settings Form.
11/15/2024 08:50:40 [Information] bool: False YaxisChanged added to the Settings Form.
11/15/2024 08:50:40 [Information] decimal: 400.00 YaxisMotorSpeed added to the Settings Form.
11/15/2024 08:50:40 [Information] decimal: 0.00 YaxisStepperCurrent added to the Settings Form.
11/15/2024 08:50:40 [Information] decimal: 0.00 YaxisStepperMove added to the Settings Form.
11/15/2024 08:50:40 [Information] YCOM1: YComPort added to the Settings Form.
11/15/2024 08:50:40 [Information] YCOM2: YComPort added to the Settings Form.
11/15/2024 08:50:40 [Information] YCOM3: YComPort added to the Settings Form.
11/15/2024 08:50:40 [Information] YCOM4: YComPort added to the Settings Form.
11/15/2024 08:50:40 [Information] YCOM5: YComPort added to the Settings Form.
11/15/2024 08:50:40 [Information] YCOM6: YComPort added to the Settings Form.
11/15/2024 08:50:40 [Information] YCOM7: YComPort added to the Settings Form.
11/15/2024 08:50:40 [Information] YCOM8: YComPort added to the Settings Form.
11/15/2024 08:50:40 [Information] YCOM9: YComPort added to the Settings Form.
11/15/2024 08:50:40 [Information] YCOM10: YComPort added to the Settings Form.
11/15/2024 08:50:40 [Information] decimal: 50.00 ZaxisAcceleration added to the Settings Form.
11/15/2024 08:50:40 [Information] bool: False ZaxisChanged added to the Settings Form.
11/15/2024 08:50:40 [Information] decimal: 400.00 ZaxisMotorSpeed added to the Settings Form.
11/15/2024 08:50:40 [Information] decimal: 48.00 ZaxisStepperCurrent added to the Settings Form.
11/15/2024 08:50:40 [Information] decimal: 0.00 ZaxisStepperMove added to the Settings Form.
11/15/2024 08:50:40 [Information] ZCOM1: ZComPort added to the Settings Form.
11/15/2024 08:50:40 [Information] ZCOM2: ZComPort added to the Settings Form.
11/15/2024 08:50:40 [Information] ZCOM3: ZComPort added to the Settings Form.
11/15/2024 08:50:40 [Information] ZCOM4: ZComPort added to the Settings Form.
11/15/2024 08:50:40 [Information] ZCOM5: ZComPort added to the Settings Form.
11/15/2024 08:50:40 [Information] ZCOM6: ZComPort added to the Settings Form.
11/15/2024 08:50:40 [Information] ZCOM7: ZComPort added to the Settings Form.
11/15/2024 08:50:40 [Information] ZCOM8: ZComPort added to the Settings Form.
11/15/2024 08:50:40 [Information] ZCOM9: ZComPort added to the Settings Form.
11/15/2024 08:50:40 [Information] ZCOM10: ZComPort added to the Settings Form.
11/15/2024 08:50:40 [Information] int: 0 zeroXaxis added to the Settings Form.
11/15/2024 08:50:40 [Information] int: 0 zeroYaxis added to the Settings Form.
11/15/2024 08:50:40 [Information] int: 0 zeroZaxis added to the Settings Form.
11/15/2024 08:50:40 [Information] Stepper Motor Controller MainWindow loaded
11/15/2024 08:50:40 [Information] Set MainWindow Media Brushes to White.
11/15/2024 08:50:44 [Information] Z Axis Data Received: V
11/15/2024 08:50:44 [Information] Z Axis Data Received: M
11/15/2024 08:50:44 [Information] Z Axis Data Received: D
11/15/2024 08:50:44 [Information] Z Axis Data Received: P
11/15/2024 08:50:44 [Information] Z Axis Data Received: V
11/15/2024 08:50:44 [Information] Z Axis Data Received: _
11/15/2024 08:50:44 [Information] Z Axis Data Received: 1
11/15/2024 08:50:44 [Information] Z Axis Data Received: |
11/15/2024 08:50:44 [Information] Z Axis Data Received: 1
11/15/2024 08:50:44 [Information] Z Axis Data Received: _
11/15/2024 08:50:44 [Information] Z Axis Data Received: V
11/15/2024 08:50:44 [Information] Z Axis Data Received: M
11/15/2024 08:50:44 [Information] Z Axis Data Received: D
11/15/2024 08:50:44 [Information] Z Axis Data Received: P
11/15/2024 08:50:44 [Information] Z Axis Data Received: V
11/15/2024 08:50:44 [Information] Z Axis Data Received: 

11/15/2024 08:50:44 [Information] Z Axis Data Received: V
11/15/2024 08:50:44 [Information] Z Axis Data Received: M
11/15/2024 08:50:44 [Information] Z Axis Data Received: D
11/15/2024 08:50:44 [Information] Z Axis Data Received: P
11/15/2024 08:50:44 [Information] Z Axis Data Received: R
11/15/2024 08:50:44 [Information] Z Axis Data Received: _
11/15/2024 08:50:47 [Information] Z Axis mouse controlled Keypad returned: 8.00
11/15/2024 08:50:48 [Information] Z Axis Run button clicked:
11/15/2024 08:50:48 [Information] Z Axis MotorMovementSeconds decimal: (8.00 / 4) / 2 = 1.00
11/15/2024 08:50:49 [Information] Z Axis Run Event: Z,0.00,400.00,0,0.00,400.00,0,8.00,400.00,0
11/15/2024 08:50:49 [Information] Z Axis Current Time: 08:50:49 + 1000 = 08:50:50
11/15/2024 08:50:49 [Information] Stepper Motor Controller Disable Z Axis controls while moving to location.
11/15/2024 08:50:49 [Information] Time remaining: 00:00:00 targetEndTime = 08:50:50
11/15/2024 08:50:49 [Information] Z Axis Data Received: s
11/15/2024 08:50:49 [Information] Z Axis Data Received: e
11/15/2024 08:50:49 [Information] Z Axis Data Received: r
11/15/2024 08:50:49 [Information] Z Axis Data Received: i
11/15/2024 08:50:49 [Information] Z Axis Data Received: a
11/15/2024 08:50:49 [Information] Z Axis Data Received: l
11/15/2024 08:50:49 [Information] Z Axis Data Received: D
11/15/2024 08:50:49 [Information] Z Axis Data Received: a
11/15/2024 08:50:49 [Information] Z Axis Data Received: t
11/15/2024 08:50:49 [Information] Z Axis Data Received: a
11/15/2024 08:50:49 [Information] Z Axis Data Received: :
11/15/2024 08:50:49 [Information] Z Axis Data Received:  
11/15/2024 08:50:49 [Information] Z Axis Data Received: Z
11/15/2024 08:50:49 [Information] Z Axis Data Received: ,
11/15/2024 08:50:49 [Information] Z Axis Data Received: 0
11/15/2024 08:50:49 [Information] Z Axis Data Received: .
11/15/2024 08:50:49 [Information] Z Axis Data Received: 0
11/15/2024 08:50:49 [Information] Z Axis Data Received: 0
11/15/2024 08:50:49 [Information] Z Axis Data Received: ,
11/15/2024 08:50:49 [Information] Z Axis Data Received: 4
11/15/2024 08:50:49 [Information] Z Axis Data Received: 0
11/15/2024 08:50:49 [Information] Z Axis Data Received: 0
11/15/2024 08:50:49 [Information] Z Axis Data Received: .
11/15/2024 08:50:49 [Information] Z Axis Data Received: 0
11/15/2024 08:50:49 [Information] Z Axis Data Received: 0
11/15/2024 08:50:49 [Information] Z Axis Data Received: ,
11/15/2024 08:50:49 [Information] Z Axis Data Received: 0
11/15/2024 08:50:49 [Information] Z Axis Data Received: ,
11/15/2024 08:50:49 [Information] Z Axis Data Received: 0
11/15/2024 08:50:49 [Information] Stepper Motor Controller Disable Z Axis controls while moving to location.
11/15/2024 08:50:49 [Information] Z Axis Data Received: .
11/15/2024 08:50:49 [Information] Time remaining: 00:00:00 targetEndTime = 08:50:50
11/15/2024 08:50:49 [Information] Z Axis Data Received: 0
11/15/2024 08:50:49 [Information] Z Axis Data Received: 0
11/15/2024 08:50:49 [Information] Z Axis Data Received: ,
11/15/2024 08:50:49 [Information] Z Axis Data Received: 4
11/15/2024 08:50:49 [Information] Z Axis Data Received: 0
11/15/2024 08:50:49 [Information] Z Axis Data Received: 0
11/15/2024 08:50:49 [Information] Z Axis Data Received: .
11/15/2024 08:50:49 [Information] Z Axis Data Received: 0
11/15/2024 08:50:49 [Information] Z Axis Data Received: 0
11/15/2024 08:50:49 [Information] Z Axis Data Received: ,
11/15/2024 08:50:49 [Information] Z Axis Data Received: 0
11/15/2024 08:50:49 [Information] Z Axis Data Received: ,
11/15/2024 08:50:49 [Information] Z Axis Data Received: 8
11/15/2024 08:50:49 [Information] Stepper Motor Controller Disable Z Axis controls while moving to location.
11/15/2024 08:50:49 [Information] Time remaining: 00:00:00 targetEndTime = 08:50:50
11/15/2024 08:50:49 [Information] Z Axis Data Received: .
11/15/2024 08:50:49 [Information] Z Axis Data Received: 0
11/15/2024 08:50:49 [Information] Z Axis Data Received: 0
11/15/2024 08:50:49 [Information] Z Axis Data Received: ,
11/15/2024 08:50:49 [Information] Z Axis Data Received: 4
11/15/2024 08:50:49 [Information] Z Axis Data Received: 0
11/15/2024 08:50:49 [Information] Z Axis Data Received: 0
11/15/2024 08:50:49 [Information] Z Axis Data Received: .
11/15/2024 08:50:49 [Information] Z Axis Data Received: 0
11/15/2024 08:50:49 [Information] Z Axis Data Received: 0
11/15/2024 08:50:49 [Information] Z Axis Data Received: ,
11/15/2024 08:50:49 [Information] Z Axis Data Received: 0
11/15/2024 08:50:49 [Information] Z Axis Data Received: 
11/15/2024 08:50:49 [Information] Z Axis Data Received: 

11/15/2024 08:50:49 [Information] Stepper Motor Controller Disable Z Axis controls while moving to location.
11/15/2024 08:50:49 [Information] Time remaining: 00:00:00 targetEndTime = 08:50:50
11/15/2024 08:50:49 [Information] Stepper Motor Controller Disable Z Axis controls while moving to location.
11/15/2024 08:50:49 [Information] Time remaining: 00:00:00 targetEndTime = 08:50:50
11/15/2024 08:50:49 [Information] Stepper Motor Controller Disable Z Axis controls while moving to location.
11/15/2024 08:50:49 [Information] Time remaining: 00:00:00 targetEndTime = 08:50:50
11/15/2024 08:50:49 [Information] Stepper Motor Controller Disable Z Axis controls while moving to location.
11/15/2024 08:50:49 [Information] Time remaining: 00:00:00 targetEndTime = 08:50:50
11/15/2024 08:50:49 [Information] Stepper Motor Controller Disable Z Axis controls while moving to location.
11/15/2024 08:50:49 [Information] Time remaining: 00:00:00 targetEndTime = 08:50:50
11/15/2024 08:50:49 [Information] Stepper Motor Controller Disable Z Axis controls while moving to location.
11/15/2024 08:50:49 [Information] Time remaining: 00:00:00 targetEndTime = 08:50:50
11/15/2024 08:50:49 [Information] Stepper Motor Controller Disable Z Axis controls while moving to location.
11/15/2024 08:50:49 [Information] Time remaining: 00:00:00 targetEndTime = 08:50:50
11/15/2024 08:50:49 [Information] Stepper Motor Controller Disable Z Axis controls while moving to location.
11/15/2024 08:50:49 [Information] Time remaining: 00:00:00 targetEndTime = 08:50:50
11/15/2024 08:50:49 [Information] Stepper Motor Controller Disable Z Axis controls while moving to location.
11/15/2024 08:50:49 [Information] Time remaining: 00:00:00 targetEndTime = 08:50:50
11/15/2024 08:50:49 [Information] Stepper Motor Controller Disable Z Axis controls while moving to location.
11/15/2024 08:50:49 [Information] Time remaining: 00:00:00 targetEndTime = 08:50:50
11/15/2024 08:50:49 [Information] Stepper Motor Controller Disable Z Axis controls while moving to location.
11/15/2024 08:50:49 [Information] Time remaining: 00:00:00 targetEndTime = 08:50:50
11/15/2024 08:50:49 [Information] Stepper Motor Controller Disable Z Axis controls while moving to location.
11/15/2024 08:50:49 [Information] Time remaining: 00:00:00 targetEndTime = 08:50:50
11/15/2024 08:50:49 [Information] Stepper Motor Controller Disable Z Axis controls while moving to location.
11/15/2024 08:50:49 [Information] Time remaining: 00:00:00 targetEndTime = 08:50:50
11/15/2024 08:50:49 [Information] Stepper Motor Controller Disable Z Axis controls while moving to location.
11/15/2024 08:50:49 [Information] Time remaining: 00:00:00 targetEndTime = 08:50:50
11/15/2024 08:50:49 [Information] Stepper Motor Controller Disable Z Axis controls while moving to location.
11/15/2024 08:50:49 [Information] Time remaining: 00:00:00 targetEndTime = 08:50:50
11/15/2024 08:50:49 [Information] Stepper Motor Controller Disable Z Axis controls while moving to location.
11/15/2024 08:50:49 [Information] Time remaining: 00:00:00 targetEndTime = 08:50:50
11/15/2024 08:50:49 [Information] Stepper Motor Controller Disable Z Axis controls while moving to location.
11/15/2024 08:50:49 [Information] Time remaining: 00:00:00 targetEndTime = 08:50:50
11/15/2024 08:50:49 [Information] Stepper Motor Controller Disable Z Axis controls while moving to location.
11/15/2024 08:50:49 [Information] Time remaining: 00:00:00 targetEndTime = 08:50:50
11/15/2024 08:50:49 [Information] Stepper Motor Controller Disable Z Axis controls while moving to location.
11/15/2024 08:50:49 [Information] Time remaining: 00:00:00 targetEndTime = 08:50:50
11/15/2024 08:50:49 [Information] Stepper Motor Controller Disable Z Axis controls while moving to location.
11/15/2024 08:50:49 [Information] Time remaining: 00:00:00 targetEndTime = 08:50:50
11/15/2024 08:50:49 [Information] Stepper Motor Controller Disable Z Axis controls while moving to location.
11/15/2024 08:50:49 [Information] Time remaining: 00:00:00 targetEndTime = 08:50:50
11/15/2024 08:50:49 [Information] Stepper Motor Controller Disable Z Axis controls while moving to location.
11/15/2024 08:50:49 [Information] Time remaining: 00:00:00 targetEndTime = 08:50:50
11/15/2024 08:50:49 [Information] Stepper Motor Controller Disable Z Axis controls while moving to location.
11/15/2024 08:50:49 [Information] Time remaining: 00:00:00 targetEndTime = 08:50:50
11/15/2024 08:50:49 [Information] Stepper Motor Controller Disable Z Axis controls while moving to location.
11/15/2024 08:50:49 [Information] Time remaining: 00:00:00 targetEndTime = 08:50:50
11/15/2024 08:50:49 [Information] Stepper Motor Controller Disable Z Axis controls while moving to location.
11/15/2024 08:50:49 [Information] Time remaining: 00:00:00 targetEndTime = 08:50:50
11/15/2024 08:50:49 [Information] Stepper Motor Controller Disable Z Axis controls while moving to location.
11/15/2024 08:50:49 [Information] Time remaining: 00:00:00 targetEndTime = 08:50:50
11/15/2024 08:50:49 [Information] Stepper Motor Controller Disable Z Axis controls while moving to location.
11/15/2024 08:50:49 [Information] Time remaining: 00:00:00 targetEndTime = 08:50:50
11/15/2024 08:50:49 [Information] Stepper Motor Controller Disable Z Axis controls while moving to location.
11/15/2024 08:50:49 [Information] Time remaining: 00:00:00 targetEndTime = 08:50:50
11/15/2024 08:50:49 [Information] Stepper Motor Controller Disable Z Axis controls while moving to location.
11/15/2024 08:50:49 [Information] Time remaining: 00:00:00 targetEndTime = 08:50:50
11/15/2024 08:50:49 [Information] Stepper Motor Controller Disable Z Axis controls while moving to location.
11/15/2024 08:50:49 [Information] Time remaining: 00:00:00 targetEndTime = 08:50:50
11/15/2024 08:50:49 [Information] Stepper Motor Controller Disable Z Axis controls while moving to location.
11/15/2024 08:50:49 [Information] Time remaining: 00:00:00 targetEndTime = 08:50:50
11/15/2024 08:50:49 [Information] Stepper Motor Controller Disable Z Axis controls while moving to location.
11/15/2024 08:50:49 [Information] Time remaining: 00:00:00 targetEndTime = 08:50:50
11/15/2024 08:50:49 [Information] Stepper Motor Controller Disable Z Axis controls while moving to location.
11/15/2024 08:50:49 [Information] Time remaining: 00:00:00 targetEndTime = 08:50:50
11/15/2024 08:50:50 [Information] Stepper Motor Controller Disable Z Axis controls while moving to location.
11/15/2024 08:50:50 [Information] Time remaining: 00:00:00 targetEndTime = 08:50:50
11/15/2024 08:50:50 [Information] Stepper Motor Controller Disable Z Axis controls while moving to location.
11/15/2024 08:50:50 [Information] Time remaining: 00:00:00 targetEndTime = 08:50:50
11/15/2024 08:50:50 [Information] Stepper Motor Controller Disable Z Axis controls while moving to location.
11/15/2024 08:50:50 [Information] Time remaining: 00:00:00 targetEndTime = 08:50:50
11/15/2024 08:50:50 [Information] Stepper Motor Controller Disable Z Axis controls while moving to location.
11/15/2024 08:50:50 [Information] Time remaining: 00:00:00 targetEndTime = 08:50:50
11/15/2024 08:50:50 [Information] Stepper Motor Controller Disable Z Axis controls while moving to location.
11/15/2024 08:50:50 [Information] Time remaining: 00:00:00 targetEndTime = 08:50:50
11/15/2024 08:50:50 [Information] Stepper Motor Controller Disable Z Axis controls while moving to location.
11/15/2024 08:50:50 [Information] Time remaining: 00:00:00 targetEndTime = 08:50:50
11/15/2024 08:50:50 [Information] Stepper Motor Controller Disable Z Axis controls while moving to location.
11/15/2024 08:50:50 [Information] Time remaining: 00:00:00 targetEndTime = 08:50:50
11/15/2024 08:50:50 [Information] Stepper Motor Controller Disable Z Axis controls while moving to location.
11/15/2024 08:50:50 [Information] Time remaining: 00:00:00 targetEndTime = 08:50:50
11/15/2024 08:50:50 [Information] Stepper Motor Controller Disable Z Axis controls while moving to location.
11/15/2024 08:50:50 [Information] Time remaining: 00:00:00 targetEndTime = 08:50:50
11/15/2024 08:50:50 [Information] Stepper Motor Controller Disable Z Axis controls while moving to location.
11/15/2024 08:50:50 [Information] Time remaining: 00:00:00 targetEndTime = 08:50:50
11/15/2024 08:50:50 [Information] Stepper Motor Controller Disable Z Axis controls while moving to location.
11/15/2024 08:50:50 [Information] Time remaining: 00:00:00 targetEndTime = 08:50:50
11/15/2024 08:50:50 [Information] Stepper Motor Controller Disable Z Axis controls while moving to location.
11/15/2024 08:50:50 [Information] Time remaining: 00:00:00 targetEndTime = 08:50:50
11/15/2024 08:50:50 [Information] Stepper Motor Controller Disable Z Axis controls while moving to location.
11/15/2024 08:50:50 [Information] Time remaining: 00:00:00 targetEndTime = 08:50:50
11/15/2024 08:50:50 [Information] Stepper Motor Controller Disable Z Axis controls while moving to location.
11/15/2024 08:50:50 [Information] Time remaining: 00:00:00 targetEndTime = 08:50:50
11/15/2024 08:50:50 [Information] Stepper Motor Controller Disable Z Axis controls while moving to location.
11/15/2024 08:50:50 [Information] Time remaining: 00:00:00 targetEndTime = 08:50:50
11/15/2024 08:50:50 [Information] Stepper Motor Controller Disable Z Axis controls while moving to location.
11/15/2024 08:50:50 [Information] Time remaining: 00:00:00 targetEndTime = 08:50:50
11/15/2024 08:50:50 [Information] Stepper Motor Controller Disable Z Axis controls while moving to location.
11/15/2024 08:50:50 [Information] Time remaining: 00:00:00 targetEndTime = 08:50:50
11/15/2024 08:50:50 [Information] Stepper Motor Controller Disable Z Axis controls while moving to location.
11/15/2024 08:50:50 [Information] Time remaining: 00:00:00 targetEndTime = 08:50:50
11/15/2024 08:50:50 [Information] Stepper Motor Controller Disable Z Axis controls while moving to location.
11/15/2024 08:50:50 [Information] Time remaining: 00:00:00 targetEndTime = 08:50:50
11/15/2024 08:50:50 [Information] Stepper Motor Controller Disable Z Axis controls while moving to location.
11/15/2024 08:50:50 [Information] Time remaining: 00:00:00 targetEndTime = 08:50:50
11/15/2024 08:50:50 [Information] Stepper Motor Controller Disable Z Axis controls while moving to location.
11/15/2024 08:50:50 [Information] Time remaining: 00:00:00 targetEndTime = 08:50:50
11/15/2024 08:50:50 [Information] Stepper Motor Controller Disable Z Axis controls while moving to location.
11/15/2024 08:50:50 [Information] Time remaining: 00:00:00 targetEndTime = 08:50:50
11/15/2024 08:50:50 [Information] Stepper Motor Controller Disable Z Axis controls while moving to location.
11/15/2024 08:50:50 [Information] Time remaining: 00:00:00 targetEndTime = 08:50:50
11/15/2024 08:50:50 [Information] Stepper Motor Controller Disable Z Axis controls while moving to location.
11/15/2024 08:50:50 [Information] Time remaining: 00:00:00 targetEndTime = 08:50:50
11/15/2024 08:50:50 [Information] Stepper Motor Controller Enable Z Axis controls after moving to location.
11/15/2024 08:50:50 [Information] Stepper Motor Controller Stopwatch Stopped.
11/15/2024 08:50:50 [Information] Stepper Motor Controller Timer Stopped.
11/15/2024 08:50:50 [Information] Stepper Motor Controller Stopwatch Reset.
11/15/2024 08:50:53 [Information] Z Axis Run button clicked:
11/15/2024 08:50:53 [Information] Z Axis MotorMovementSeconds decimal: (8.00 / 4) / 2 = 1.00
11/15/2024 08:50:54 [Information] Z Axis Run Event: Z,0.00,400.00,0,0.00,400.00,0,8.00,400.00,0
11/15/2024 08:50:54 [Information] Z Axis Current Time: 08:50:54 + 1000 = 08:50:55
11/15/2024 08:50:54 [Information] Stepper Motor Controller Disable Z Axis controls while moving to location.
11/15/2024 08:50:54 [Information] Time remaining: 00:00:00 targetEndTime = 08:50:55
11/15/2024 08:50:54 [Information] Stepper Motor Controller Disable Z Axis controls while moving to location.
11/15/2024 08:50:54 [Information] Time remaining: 00:00:00 targetEndTime = 08:50:55
11/15/2024 08:50:54 [Information] Z Axis Data Received: s
11/15/2024 08:50:54 [Information] Z Axis Data Received: e
11/15/2024 08:50:54 [Information] Z Axis Data Received: r
11/15/2024 08:50:54 [Information] Z Axis Data Received: i
11/15/2024 08:50:54 [Information] Z Axis Data Received: a
11/15/2024 08:50:54 [Information] Z Axis Data Received: l
11/15/2024 08:50:54 [Information] Z Axis Data Received: D
11/15/2024 08:50:54 [Information] Stepper Motor Controller Disable Z Axis controls while moving to location.
11/15/2024 08:50:54 [Information] Z Axis Data Received: a
11/15/2024 08:50:54 [Information] Z Axis Data Received: t
11/15/2024 08:50:54 [Information] Z Axis Data Received: a
11/15/2024 08:50:54 [Information] Z Axis Data Received: :
11/15/2024 08:50:54 [Information] Z Axis Data Received:  
11/15/2024 08:50:54 [Information] Z Axis Data Received: Z
11/15/2024 08:50:54 [Information] Z Axis Data Received: ,
11/15/2024 08:50:54 [Information] Z Axis Data Received: 0
11/15/2024 08:50:54 [Information] Z Axis Data Received: .
11/15/2024 08:50:54 [Information] Z Axis Data Received: 0
11/15/2024 08:50:54 [Information] Z Axis Data Received: 0
11/15/2024 08:50:54 [Information] Z Axis Data Received: ,
11/15/2024 08:50:54 [Information] Z Axis Data Received: 4
11/15/2024 08:50:54 [Information] Z Axis Data Received: 0
11/15/2024 08:50:54 [Information] Stepper Motor Controller Disable Z Axis controls while moving to location.
11/15/2024 08:50:54 [Information] Time remaining: 00:00:00 targetEndTime = 08:50:55
11/15/2024 08:50:54 [Information] Z Axis Data Received: .
11/15/2024 08:50:54 [Information] Z Axis Data Received: 0
11/15/2024 08:50:54 [Information] Z Axis Data Received: 0
11/15/2024 08:50:54 [Information] Z Axis Data Received: ,
11/15/2024 08:50:54 [Information] Z Axis Data Received: 0
11/15/2024 08:50:54 [Information] Z Axis Data Received: ,
11/15/2024 08:50:54 [Information] Z Axis Data Received: 0
11/15/2024 08:50:54 [Information] Z Axis Data Received: .
11/15/2024 08:50:54 [Information] Z Axis Data Received: 0
11/15/2024 08:50:54 [Information] Z Axis Data Received: 0
11/15/2024 08:50:54 [Information] Z Axis Data Received: ,
11/15/2024 08:50:54 [Information] Z Axis Data Received: 4
11/15/2024 08:50:54 [Information] Z Axis Data Received: 0
11/15/2024 08:50:54 [Information] Z Axis Data Received: 0
11/15/2024 08:50:54 [Information] Stepper Motor Controller Disable Z Axis controls while moving to location.
11/15/2024 08:50:54 [Information] Z Axis Data Received: .
11/15/2024 08:50:54 [Information] Time remaining: 00:00:00 targetEndTime = 08:50:55
11/15/2024 08:50:54 [Information] Z Axis Data Received: 0
11/15/2024 08:50:54 [Information] Z Axis Data Received: 0
11/15/2024 08:50:54 [Information] Z Axis Data Received: ,
11/15/2024 08:50:54 [Information] Z Axis Data Received: 0
11/15/2024 08:50:54 [Information] Z Axis Data Received: ,
11/15/2024 08:50:54 [Information] Z Axis Data Received: 8
11/15/2024 08:50:54 [Information] Z Axis Data Received: .
11/15/2024 08:50:54 [Information] Z Axis Data Received: 0
11/15/2024 08:50:54 [Information] Z Axis Data Received: 0
11/15/2024 08:50:54 [Information] Z Axis Data Received: ,
11/15/2024 08:50:54 [Information] Z Axis Data Received: 4
11/15/2024 08:50:54 [Information] Z Axis Data Received: 0
11/15/2024 08:50:54 [Information] Z Axis Data Received: 0
11/15/2024 08:50:54 [Information] Z Axis Data Received: .
11/15/2024 08:50:54 [Information] Stepper Motor Controller Disable Z Axis controls while moving to location.
11/15/2024 08:50:54 [Information] Time remaining: 00:00:00 targetEndTime = 08:50:55
11/15/2024 08:50:54 [Information] Z Axis Data Received: 0
11/15/2024 08:50:54 [Information] Z Axis Data Received: 0
11/15/2024 08:50:54 [Information] Z Axis Data Received: ,
11/15/2024 08:50:54 [Information] Z Axis Data Received: 0
11/15/2024 08:50:54 [Information] Z Axis Data Received: 
11/15/2024 08:50:54 [Information] Z Axis Data Received: 

11/15/2024 08:50:54 [Information] Stepper Motor Controller Disable Z Axis controls while moving to location.
11/15/2024 08:50:54 [Information] Time remaining: 00:00:00 targetEndTime = 08:50:55
11/15/2024 08:50:54 [Information] Stepper Motor Controller Disable Z Axis controls while moving to location.
11/15/2024 08:50:54 [Information] Time remaining: 00:00:00 targetEndTime = 08:50:55
11/15/2024 08:50:54 [Information] Stepper Motor Controller Disable Z Axis controls while moving to location.
11/15/2024 08:50:54 [Information] Time remaining: 00:00:00 targetEndTime = 08:50:55
11/15/2024 08:50:54 [Information] Stepper Motor Controller Disable Z Axis controls while moving to location.
11/15/2024 08:50:54 [Information] Time remaining: 00:00:00 targetEndTime = 08:50:55
11/15/2024 08:50:54 [Information] Stepper Motor Controller Disable Z Axis controls while moving to location.
11/15/2024 08:50:54 [Information] Time remaining: 00:00:00 targetEndTime = 08:50:55
11/15/2024 08:50:54 [Information] Stepper Motor Controller Disable Z Axis controls while moving to location.
11/15/2024 08:50:54 [Information] Time remaining: 00:00:00 targetEndTime = 08:50:55
11/15/2024 08:50:54 [Information] Stepper Motor Controller Disable Z Axis controls while moving to location.
11/15/2024 08:50:54 [Information] Time remaining: 00:00:00 targetEndTime = 08:50:55
11/15/2024 08:50:54 [Information] Stepper Motor Controller Disable Z Axis controls while moving to location.
11/15/2024 08:50:54 [Information] Time remaining: 00:00:00 targetEndTime = 08:50:55
11/15/2024 08:50:54 [Information] Stepper Motor Controller Disable Z Axis controls while moving to location.
11/15/2024 08:50:54 [Information] Time remaining: 00:00:00 targetEndTime = 08:50:55
11/15/2024 08:50:54 [Information] Stepper Motor Controller Disable Z Axis controls while moving to location.
11/15/2024 08:50:54 [Information] Time remaining: 00:00:00 targetEndTime = 08:50:55
11/15/2024 08:50:54 [Information] Stepper Motor Controller Disable Z Axis controls while moving to location.
11/15/2024 08:50:54 [Information] Time remaining: 00:00:00 targetEndTime = 08:50:55
11/15/2024 08:50:54 [Information] Stepper Motor Controller Disable Z Axis controls while moving to location.
11/15/2024 08:50:54 [Information] Time remaining: 00:00:00 targetEndTime = 08:50:55
11/15/2024 08:50:54 [Information] Stepper Motor Controller Disable Z Axis controls while moving to location.
11/15/2024 08:50:54 [Information] Time remaining: 00:00:00 targetEndTime = 08:50:55
11/15/2024 08:50:54 [Information] Stepper Motor Controller Disable Z Axis controls while moving to location.
11/15/2024 08:50:54 [Information] Time remaining: 00:00:00 targetEndTime = 08:50:55
11/15/2024 08:50:54 [Information] Stepper Motor Controller Disable Z Axis controls while moving to location.
11/15/2024 08:50:54 [Information] Time remaining: 00:00:00 targetEndTime = 08:50:55
11/15/2024 08:50:54 [Information] Stepper Motor Controller Disable Z Axis controls while moving to location.
11/15/2024 08:50:54 [Information] Time remaining: 00:00:00 targetEndTime = 08:50:55
11/15/2024 08:50:54 [Information] Stepper Motor Controller Disable Z Axis controls while moving to location.
11/15/2024 08:50:54 [Information] Time remaining: 00:00:00 targetEndTime = 08:50:55
11/15/2024 08:50:54 [Information] Stepper Motor Controller Disable Z Axis controls while moving to location.
11/15/2024 08:50:54 [Information] Time remaining: 00:00:00 targetEndTime = 08:50:55
11/15/2024 08:50:54 [Information] Stepper Motor Controller Disable Z Axis controls while moving to location.
11/15/2024 08:50:54 [Information] Time remaining: 00:00:00 targetEndTime = 08:50:55
11/15/2024 08:50:54 [Information] Stepper Motor Controller Disable Z Axis controls while moving to location.
11/15/2024 08:50:54 [Information] Time remaining: 00:00:00 targetEndTime = 08:50:55
11/15/2024 08:50:54 [Information] Stepper Motor Controller Disable Z Axis controls while moving to location.
11/15/2024 08:50:54 [Information] Time remaining: 00:00:00 targetEndTime = 08:50:55
11/15/2024 08:50:54 [Information] Stepper Motor Controller Disable Z Axis controls while moving to location.
11/15/2024 08:50:54 [Information] Time remaining: 00:00:00 targetEndTime = 08:50:55
11/15/2024 08:50:54 [Information] Stepper Motor Controller Disable Z Axis controls while moving to location.
11/15/2024 08:50:54 [Information] Time remaining: 00:00:00 targetEndTime = 08:50:55
11/15/2024 08:50:54 [Information] Stepper Motor Controller Disable Z Axis controls while moving to location.
11/15/2024 08:50:54 [Information] Time remaining: 00:00:00 targetEndTime = 08:50:55
11/15/2024 08:50:54 [Information] Stepper Motor Controller Disable Z Axis controls while moving to location.
11/15/2024 08:50:54 [Information] Time remaining: 00:00:00 targetEndTime = 08:50:55
11/15/2024 08:50:54 [Information] Stepper Motor Controller Disable Z Axis controls while moving to location.
11/15/2024 08:50:54 [Information] Time remaining: 00:00:00 targetEndTime = 08:50:55
11/15/2024 08:50:54 [Information] Stepper Motor Controller Disable Z Axis controls while moving to location.
11/15/2024 08:50:54 [Information] Time remaining: 00:00:00 targetEndTime = 08:50:55
11/15/2024 08:50:54 [Information] Stepper Motor Controller Disable Z Axis controls while moving to location.
11/15/2024 08:50:54 [Information] Time remaining: 00:00:00 targetEndTime = 08:50:55
11/15/2024 08:50:54 [Information] Stepper Motor Controller Disable Z Axis controls while moving to location.
11/15/2024 08:50:54 [Information] Time remaining: 00:00:00 targetEndTime = 08:50:55
11/15/2024 08:50:54 [Information] Stepper Motor Controller Disable Z Axis controls while moving to location.
11/15/2024 08:50:54 [Information] Time remaining: 00:00:00 targetEndTime = 08:50:55
11/15/2024 08:50:54 [Information] Stepper Motor Controller Disable Z Axis controls while moving to location.
11/15/2024 08:50:54 [Information] Time remaining: 00:00:00 targetEndTime = 08:50:55
11/15/2024 08:50:54 [Information] Stepper Motor Controller Disable Z Axis controls while moving to location.
11/15/2024 08:50:54 [Information] Time remaining: 00:00:00 targetEndTime = 08:50:55
11/15/2024 08:50:54 [Information] Stepper Motor Controller Disable Z Axis controls while moving to location.
11/15/2024 08:50:54 [Information] Time remaining: 00:00:00 targetEndTime = 08:50:55
11/15/2024 08:50:54 [Information] Stepper Motor Controller Disable Z Axis controls while moving to location.
11/15/2024 08:50:54 [Information] Time remaining: 00:00:00 targetEndTime = 08:50:55
11/15/2024 08:50:54 [Information] Stepper Motor Controller Disable Z Axis controls while moving to location.
11/15/2024 08:50:54 [Information] Time remaining: 00:00:00 targetEndTime = 08:50:55
11/15/2024 08:50:54 [Information] Stepper Motor Controller Disable Z Axis controls while moving to location.
11/15/2024 08:50:54 [Information] Time remaining: 00:00:00 targetEndTime = 08:50:55
11/15/2024 08:50:54 [Information] Stepper Motor Controller Disable Z Axis controls while moving to location.
11/15/2024 08:50:54 [Information] Time remaining: 00:00:00 targetEndTime = 08:50:55
11/15/2024 08:50:54 [Information] Stepper Motor Controller Disable Z Axis controls while moving to location.
11/15/2024 08:50:54 [Information] Time remaining: 00:00:00 targetEndTime = 08:50:55
11/15/2024 08:50:54 [Information] Stepper Motor Controller Disable Z Axis controls while moving to location.
11/15/2024 08:50:54 [Information] Time remaining: 00:00:00 targetEndTime = 08:50:55
11/15/2024 08:50:54 [Information] Stepper Motor Controller Disable Z Axis controls while moving to location.
11/15/2024 08:50:54 [Information] Time remaining: 00:00:00 targetEndTime = 08:50:55
11/15/2024 08:50:54 [Information] Stepper Motor Controller Disable Z Axis controls while moving to location.
11/15/2024 08:50:54 [Information] Time remaining: 00:00:00 targetEndTime = 08:50:55
11/15/2024 08:50:54 [Information] Stepper Motor Controller Disable Z Axis controls while moving to location.
11/15/2024 08:50:54 [Information] Time remaining: 00:00:00 targetEndTime = 08:50:55
11/15/2024 08:50:54 [Information] Stepper Motor Controller Disable Z Axis controls while moving to location.
11/15/2024 08:50:54 [Information] Time remaining: 00:00:00 targetEndTime = 08:50:55
11/15/2024 08:50:54 [Information] Stepper Motor Controller Disable Z Axis controls while moving to location.
11/15/2024 08:50:54 [Information] Time remaining: 00:00:00 targetEndTime = 08:50:55
11/15/2024 08:50:54 [Information] Stepper Motor Controller Disable Z Axis controls while moving to location.
11/15/2024 08:50:54 [Information] Time remaining: 00:00:00 targetEndTime = 08:50:55
11/15/2024 08:50:54 [Information] Stepper Motor Controller Disable Z Axis controls while moving to location.
11/15/2024 08:50:54 [Information] Time remaining: 00:00:00 targetEndTime = 08:50:55
11/15/2024 08:50:54 [Information] Stepper Motor Controller Disable Z Axis controls while moving to location.
11/15/2024 08:50:54 [Information] Time remaining: 00:00:00 targetEndTime = 08:50:55
11/15/2024 08:50:54 [Information] Stepper Motor Controller Disable Z Axis controls while moving to location.
11/15/2024 08:50:54 [Information] Time remaining: 00:00:00 targetEndTime = 08:50:55
11/15/2024 08:50:54 [Information] Stepper Motor Controller Disable Z Axis controls while moving to location.
11/15/2024 08:50:54 [Information] Time remaining: 00:00:00 targetEndTime = 08:50:55
11/15/2024 08:50:54 [Information] Stepper Motor Controller Disable Z Axis controls while moving to location.
11/15/2024 08:50:54 [Information] Time remaining: 00:00:00 targetEndTime = 08:50:55
11/15/2024 08:50:54 [Information] Stepper Motor Controller Disable Z Axis controls while moving to location.
11/15/2024 08:50:54 [Information] Time remaining: 00:00:00 targetEndTime = 08:50:55
11/15/2024 08:50:54 [Information] Stepper Motor Controller Disable Z Axis controls while moving to location.
11/15/2024 08:50:54 [Information] Time remaining: 00:00:00 targetEndTime = 08:50:55
11/15/2024 08:50:54 [Information] Stepper Motor Controller Disable Z Axis controls while moving to location.
11/15/2024 08:50:54 [Information] Time remaining: 00:00:00 targetEndTime = 08:50:55
11/15/2024 08:50:54 [Information] Stepper Motor Controller Disable Z Axis controls while moving to location.
11/15/2024 08:50:54 [Information] Time remaining: 00:00:00 targetEndTime = 08:50:55
11/15/2024 08:50:55 [Information] Stepper Motor Controller Disable Z Axis controls while moving to location.
11/15/2024 08:50:55 [Information] Time remaining: 00:00:00 targetEndTime = 08:50:55
11/15/2024 08:50:55 [Information] Stepper Motor Controller Disable Z Axis controls while moving to location.
11/15/2024 08:50:55 [Information] Time remaining: 00:00:00 targetEndTime = 08:50:55
11/15/2024 08:50:55 [Information] Stepper Motor Controller Disable Z Axis controls while moving to location.
11/15/2024 08:50:55 [Information] Time remaining: 00:00:00 targetEndTime = 08:50:55
11/15/2024 08:50:55 [Information] Stepper Motor Controller Enable Z Axis controls after moving to location.
11/15/2024 08:50:55 [Information] Stepper Motor Controller Stopwatch Stopped.
11/15/2024 08:50:55 [Information] Stepper Motor Controller Timer Stopped.
11/15/2024 08:50:55 [Information] Stepper Motor Controller Stopwatch Reset.
11/15/2024 08:51:03 [Information] Z Axis mouse controlled Keypad returned: -8.00
11/15/2024 08:51:04 [Information] Z Axis Run button clicked:
11/15/2024 08:51:04 [Information] Z Axis MotorMovementSeconds decimal: (-8.00 / 4) / 2 = -1.00
11/15/2024 08:51:05 [Information] Z Axis Run Event: Z,0.00,400.00,0,0.00,400.00,0,-8.00,400.00,0
11/15/2024 08:51:05 [Information] Z Axis Current Time: 08:51:05 + -1000 = 08:51:04
11/15/2024 08:51:06 [Information] Z Axis Data Received: s
11/15/2024 08:51:06 [Information] Z Axis Data Received: e
11/15/2024 08:51:06 [Information] Z Axis Data Received: r
11/15/2024 08:51:06 [Information] Z Axis Data Received: i
11/15/2024 08:51:06 [Information] Z Axis Data Received: a
11/15/2024 08:51:06 [Information] Z Axis Data Received: l
11/15/2024 08:51:06 [Information] Z Axis Data Received: D
11/15/2024 08:51:06 [Information] Z Axis Data Received: a
11/15/2024 08:51:06 [Information] Z Axis Data Received: t
11/15/2024 08:51:06 [Information] Z Axis Data Received: a
11/15/2024 08:51:06 [Information] Z Axis Data Received: :
11/15/2024 08:51:06 [Information] Z Axis Data Received:  
11/15/2024 08:51:06 [Information] Z Axis Data Received: Z
11/15/2024 08:51:06 [Information] Z Axis Data Received: ,
11/15/2024 08:51:06 [Information] Z Axis Data Received: 0
11/15/2024 08:51:06 [Information] Z Axis Data Received: .
11/15/2024 08:51:06 [Information] Z Axis Data Received: 0
11/15/2024 08:51:06 [Information] Z Axis Data Received: 0
11/15/2024 08:51:06 [Information] Z Axis Data Received: ,
11/15/2024 08:51:06 [Information] Z Axis Data Received: 4
11/15/2024 08:51:06 [Information] Z Axis Data Received: 0
11/15/2024 08:51:06 [Information] Z Axis Data Received: 0
11/15/2024 08:51:06 [Information] Z Axis Data Received: .
11/15/2024 08:51:06 [Information] Stepper Motor Controller Enable Z Axis controls after moving to location.
11/15/2024 08:51:06 [Information] Stepper Motor Controller Stopwatch Stopped.
11/15/2024 08:51:06 [Information] Z Axis Data Received: 0
11/15/2024 08:51:06 [Information] Stepper Motor Controller Stopwatch Reset.
11/15/2024 08:51:06 [Information] Z Axis Data Received: 0
11/15/2024 08:51:06 [Information] Z Axis Data Received: ,
11/15/2024 08:51:06 [Information] Z Axis Data Received: 0
11/15/2024 08:51:06 [Information] Z Axis Data Received: ,
11/15/2024 08:51:06 [Information] Z Axis Data Received: 0
11/15/2024 08:51:06 [Information] Z Axis Data Received: .
11/15/2024 08:51:06 [Information] Z Axis Data Received: 0
11/15/2024 08:51:06 [Information] Z Axis Data Received: 0
11/15/2024 08:51:06 [Information] Z Axis Data Received: ,
11/15/2024 08:51:06 [Information] Z Axis Data Received: 4
11/15/2024 08:51:06 [Information] Z Axis Data Received: 0
11/15/2024 08:51:06 [Information] Z Axis Data Received: 0
11/15/2024 08:51:06 [Information] Z Axis Data Received: .
11/15/2024 08:51:06 [Information] Z Axis Data Received: 0
11/15/2024 08:51:06 [Information] Z Axis Data Received: 0
11/15/2024 08:51:06 [Information] Z Axis Data Received: ,
11/15/2024 08:51:06 [Information] Z Axis Data Received: 0
11/15/2024 08:51:06 [Information] Z Axis Data Received: ,
11/15/2024 08:51:06 [Information] Z Axis Data Received: -
11/15/2024 08:51:06 [Information] Z Axis Data Received: 8
11/15/2024 08:51:06 [Information] Z Axis Data Received: .
11/15/2024 08:51:06 [Information] Z Axis Data Received: 0
11/15/2024 08:51:06 [Information] Z Axis Data Received: 0
11/15/2024 08:51:06 [Information] Z Axis Data Received: ,
11/15/2024 08:51:06 [Information] Z Axis Data Received: 4
11/15/2024 08:51:06 [Information] Z Axis Data Received: 0
11/15/2024 08:51:06 [Information] Z Axis Data Received: 0
11/15/2024 08:51:06 [Information] Z Axis Data Received: .
11/15/2024 08:51:06 [Information] Z Axis Data Received: 0
11/15/2024 08:51:06 [Information] Z Axis Data Received: 0
11/15/2024 08:51:06 [Information] Z Axis Data Received: ,
11/15/2024 08:51:06 [Information] Z Axis Data Received: 0
11/15/2024 08:51:06 [Information] Z Axis Data Received: 
11/15/2024 08:51:06 [Information] Z Axis Data Received: 

11/15/2024 08:51:07 [Information] Z Axis Run button clicked:
11/15/2024 08:51:07 [Information] Z Axis MotorMovementSeconds decimal: (-8.00 / 4) / 2 = -1.00
11/15/2024 08:51:08 [Information] Z Axis Run Event: Z,0.00,400.00,0,0.00,400.00,0,-8.00,400.00,0
11/15/2024 08:51:08 [Information] Z Axis Current Time: 08:51:08 + -1000 = 08:51:07
11/15/2024 08:51:08 [Information] Z Axis Data Received: s
11/15/2024 08:51:08 [Information] Z Axis Data Received: e
11/15/2024 08:51:08 [Information] Z Axis Data Received: r
11/15/2024 08:51:08 [Information] Z Axis Data Received: i
11/15/2024 08:51:08 [Information] Z Axis Data Received: a
11/15/2024 08:51:08 [Information] Z Axis Data Received: l
11/15/2024 08:51:08 [Information] Z Axis Data Received: D
11/15/2024 08:51:08 [Information] Z Axis Data Received: a
11/15/2024 08:51:08 [Information] Z Axis Data Received: t
11/15/2024 08:51:08 [Information] Z Axis Data Received: a
11/15/2024 08:51:08 [Information] Z Axis Data Received: :
11/15/2024 08:51:08 [Information] Z Axis Data Received:  
11/15/2024 08:51:08 [Information] Z Axis Data Received: Z
11/15/2024 08:51:08 [Information] Z Axis Data Received: ,
11/15/2024 08:51:08 [Information] Z Axis Data Received: 0
11/15/2024 08:51:08 [Information] Z Axis Data Received: .
11/15/2024 08:51:08 [Information] Z Axis Data Received: 0
11/15/2024 08:51:08 [Information] Z Axis Data Received: 0
11/15/2024 08:51:08 [Information] Z Axis Data Received: ,
11/15/2024 08:51:08 [Information] Z Axis Data Received: 4
11/15/2024 08:51:08 [Information] Z Axis Data Received: 0
11/15/2024 08:51:08 [Information] Z Axis Data Received: 0
11/15/2024 08:51:08 [Information] Stepper Motor Controller Enable Z Axis controls after moving to location.
11/15/2024 08:51:08 [Information] Stepper Motor Controller Stopwatch Stopped.
11/15/2024 08:51:08 [Information] Stepper Motor Controller Timer Stopped.
11/15/2024 08:51:08 [Information] Z Axis Data Received: .
11/15/2024 08:51:08 [Information] Stepper Motor Controller Stopwatch Reset.
11/15/2024 08:51:08 [Information] Z Axis Data Received: 0
11/15/2024 08:51:08 [Information] Z Axis Data Received: 0
11/15/2024 08:51:08 [Information] Z Axis Data Received: ,
11/15/2024 08:51:08 [Information] Z Axis Data Received: 0
11/15/2024 08:51:08 [Information] Z Axis Data Received: ,
11/15/2024 08:51:08 [Information] Z Axis Data Received: 0
11/15/2024 08:51:08 [Information] Z Axis Data Received: .
11/15/2024 08:51:08 [Information] Z Axis Data Received: 0
11/15/2024 08:51:08 [Information] Z Axis Data Received: 0
11/15/2024 08:51:08 [Information] Z Axis Data Received: ,
11/15/2024 08:51:08 [Information] Z Axis Data Received: 4
11/15/2024 08:51:08 [Information] Z Axis Data Received: 0
11/15/2024 08:51:08 [Information] Z Axis Data Received: 0
11/15/2024 08:51:08 [Information] Z Axis Data Received: .
11/15/2024 08:51:08 [Information] Z Axis Data Received: 0
11/15/2024 08:51:08 [Information] Z Axis Data Received: 0
11/15/2024 08:51:08 [Information] Z Axis Data Received: ,
11/15/2024 08:51:08 [Information] Z Axis Data Received: 0
11/15/2024 08:51:08 [Information] Z Axis Data Received: ,
11/15/2024 08:51:08 [Information] Z Axis Data Received: -
11/15/2024 08:51:08 [Information] Z Axis Data Received: 8
11/15/2024 08:51:08 [Information] Z Axis Data Received: .
11/15/2024 08:51:08 [Information] Z Axis Data Received: 0
11/15/2024 08:51:08 [Information] Z Axis Data Received: 0
11/15/2024 08:51:08 [Information] Z Axis Data Received: ,
11/15/2024 08:51:08 [Information] Z Axis Data Received: 4
11/15/2024 08:51:08 [Information] Z Axis Data Received: 0
11/15/2024 08:51:08 [Information] Z Axis Data Received: 0
11/15/2024 08:51:08 [Information] Z Axis Data Received: .
11/15/2024 08:51:08 [Information] Z Axis Data Received: 0
11/15/2024 08:51:08 [Information] Z Axis Data Received: 0
11/15/2024 08:51:08 [Information] Z Axis Data Received: ,
11/15/2024 08:51:08 [Information] Z Axis Data Received: 0
11/15/2024 08:51:08 [Information] Z Axis Data Received: 
11/15/2024 08:51:08 [Information] Z Axis Data Received: 

11/15/2024 08:51:10 [Information] Z Axis Run button clicked:
11/15/2024 08:51:10 [Information] Z Axis MotorMovementSeconds decimal: (-8.00 / 4) / 2 = -1.00
11/15/2024 08:51:11 [Information] Z Axis Run Event: Z,0.00,400.00,0,0.00,400.00,0,-8.00,400.00,0
11/15/2024 08:51:11 [Information] Z Axis Current Time: 08:51:11 + -1000 = 08:51:10
11/15/2024 08:51:11 [Information] Z Axis Data Received: s
11/15/2024 08:51:11 [Information] Z Axis Data Received: e
11/15/2024 08:51:11 [Information] Z Axis Data Received: r
11/15/2024 08:51:11 [Information] Z Axis Data Received: i
11/15/2024 08:51:11 [Information] Z Axis Data Received: a
11/15/2024 08:51:11 [Information] Z Axis Data Received: l
11/15/2024 08:51:11 [Information] Z Axis Data Received: D
11/15/2024 08:51:11 [Information] Z Axis Data Received: a
11/15/2024 08:51:11 [Information] Z Axis Data Received: t
11/15/2024 08:51:11 [Information] Stepper Motor Controller Enable Z Axis controls after moving to location.
11/15/2024 08:51:11 [Information] Stepper Motor Controller Stopwatch Stopped.
11/15/2024 08:51:11 [Information] Stepper Motor Controller Timer Stopped.
11/15/2024 08:51:11 [Information] Stepper Motor Controller Stopwatch Reset.
11/15/2024 08:51:11 [Information] Z Axis Data Received: a
11/15/2024 08:51:11 [Information] Z Axis Data Received: :
11/15/2024 08:51:11 [Information] Z Axis Data Received:  
11/15/2024 08:51:11 [Information] Z Axis Data Received: Z
11/15/2024 08:51:11 [Information] Z Axis Data Received: ,
11/15/2024 08:51:11 [Information] Z Axis Data Received: 0
11/15/2024 08:51:11 [Information] Z Axis Data Received: .
11/15/2024 08:51:11 [Information] Z Axis Data Received: 0
11/15/2024 08:51:11 [Information] Z Axis Data Received: 0
11/15/2024 08:51:11 [Information] Z Axis Data Received: ,
11/15/2024 08:51:11 [Information] Z Axis Data Received: 4
11/15/2024 08:51:11 [Information] Z Axis Data Received: 0
11/15/2024 08:51:11 [Information] Z Axis Data Received: 0
11/15/2024 08:51:11 [Information] Z Axis Data Received: .
11/15/2024 08:51:11 [Information] Z Axis Data Received: 0
11/15/2024 08:51:11 [Information] Z Axis Data Received: 0
11/15/2024 08:51:11 [Information] Z Axis Data Received: ,
11/15/2024 08:51:11 [Information] Z Axis Data Received: 0
11/15/2024 08:51:11 [Information] Z Axis Data Received: ,
11/15/2024 08:51:11 [Information] Z Axis Data Received: 0
11/15/2024 08:51:11 [Information] Z Axis Data Received: .
11/15/2024 08:51:11 [Information] Z Axis Data Received: 0
11/15/2024 08:51:11 [Information] Z Axis Data Received: 0
11/15/2024 08:51:11 [Information] Z Axis Data Received: ,
11/15/2024 08:51:11 [Information] Z Axis Data Received: 4
11/15/2024 08:51:11 [Information] Z Axis Data Received: 0
11/15/2024 08:51:11 [Information] Z Axis Data Received: 0
11/15/2024 08:51:11 [Information] Z Axis Data Received: .
11/15/2024 08:51:11 [Information] Z Axis Data Received: 0
11/15/2024 08:51:11 [Information] Z Axis Data Received: 0
11/15/2024 08:51:11 [Information] Z Axis Data Received: ,
11/15/2024 08:51:11 [Information] Z Axis Data Received: 0
11/15/2024 08:51:11 [Information] Z Axis Data Received: ,
11/15/2024 08:51:11 [Information] Z Axis Data Received: -
11/15/2024 08:51:11 [Information] Z Axis Data Received: 8
11/15/2024 08:51:11 [Information] Z Axis Data Received: .
11/15/2024 08:51:11 [Information] Z Axis Data Received: 0
11/15/2024 08:51:11 [Information] Z Axis Data Received: 0
11/15/2024 08:51:11 [Information] Z Axis Data Received: ,
11/15/2024 08:51:11 [Information] Z Axis Data Received: 4
11/15/2024 08:51:11 [Information] Z Axis Data Received: 0
11/15/2024 08:51:11 [Information] Z Axis Data Received: 0
11/15/2024 08:51:11 [Information] Z Axis Data Received: .
11/15/2024 08:51:11 [Information] Z Axis Data Received: 0
11/15/2024 08:51:11 [Information] Z Axis Data Received: 0
11/15/2024 08:51:11 [Information] Z Axis Data Received: ,
11/15/2024 08:51:11 [Information] Z Axis Data Received: 0
11/15/2024 08:51:11 [Information] Z Axis Data Received: 
11/15/2024 08:51:11 [Information] Z Axis Data Received: 

11/15/2024 08:51:12 [Information] Z Axis Run button clicked:
11/15/2024 08:51:12 [Information] Z Axis MotorMovementSeconds decimal: (-8.00 / 4) / 2 = -1.00
11/15/2024 08:51:13 [Information] Z Axis Run Event: Z,0.00,400.00,0,0.00,400.00,0,-8.00,400.00,0
11/15/2024 08:51:13 [Information] Z Axis Current Time: 08:51:13 + -1000 = 08:51:12
11/15/2024 08:51:13 [Information] Z Axis Data Received: s
11/15/2024 08:51:13 [Information] Z Axis Data Received: e
11/15/2024 08:51:13 [Information] Z Axis Data Received: r
11/15/2024 08:51:13 [Information] Stepper Motor Controller Enable Z Axis controls after moving to location.
11/15/2024 08:51:13 [Information] Stepper Motor Controller Stopwatch Stopped.
11/15/2024 08:51:13 [Information] Stepper Motor Controller Timer Stopped.
11/15/2024 08:51:13 [Information] Stepper Motor Controller Stopwatch Reset.
11/15/2024 08:51:13 [Information] Z Axis Data Received: i
11/15/2024 08:51:13 [Information] Z Axis Data Received: a
11/15/2024 08:51:13 [Information] Z Axis Data Received: l
11/15/2024 08:51:13 [Information] Z Axis Data Received: D
11/15/2024 08:51:13 [Information] Z Axis Data Received: a
11/15/2024 08:51:13 [Information] Z Axis Data Received: t
11/15/2024 08:51:13 [Information] Z Axis Data Received: a
11/15/2024 08:51:13 [Information] Z Axis Data Received: :
11/15/2024 08:51:13 [Information] Z Axis Data Received:  
11/15/2024 08:51:13 [Information] Z Axis Data Received: Z
11/15/2024 08:51:13 [Information] Z Axis Data Received: ,
11/15/2024 08:51:13 [Information] Z Axis Data Received: 0
11/15/2024 08:51:13 [Information] Z Axis Data Received: .
11/15/2024 08:51:13 [Information] Z Axis Data Received: 0
11/15/2024 08:51:13 [Information] Z Axis Data Received: 0
11/15/2024 08:51:13 [Information] Z Axis Data Received: ,
11/15/2024 08:51:13 [Information] Z Axis Data Received: 4
11/15/2024 08:51:13 [Information] Z Axis Data Received: 0
11/15/2024 08:51:13 [Information] Z Axis Data Received: 0
11/15/2024 08:51:13 [Information] Z Axis Data Received: .
11/15/2024 08:51:13 [Information] Z Axis Data Received: 0
11/15/2024 08:51:13 [Information] Z Axis Data Received: 0
11/15/2024 08:51:13 [Information] Z Axis Data Received: ,
11/15/2024 08:51:13 [Information] Z Axis Data Received: 0
11/15/2024 08:51:13 [Information] Z Axis Data Received: ,
11/15/2024 08:51:13 [Information] Z Axis Data Received: 0
11/15/2024 08:51:13 [Information] Z Axis Data Received: .
11/15/2024 08:51:13 [Information] Z Axis Data Received: 0
11/15/2024 08:51:13 [Information] Z Axis Data Received: 0
11/15/2024 08:51:13 [Information] Z Axis Data Received: ,
11/15/2024 08:51:13 [Information] Z Axis Data Received: 4
11/15/2024 08:51:13 [Information] Z Axis Data Received: 0
11/15/2024 08:51:13 [Information] Z Axis Data Received: 0
11/15/2024 08:51:13 [Information] Z Axis Data Received: .
11/15/2024 08:51:13 [Information] Z Axis Data Received: 0
11/15/2024 08:51:13 [Information] Z Axis Data Received: 0
11/15/2024 08:51:13 [Information] Z Axis Data Received: ,
11/15/2024 08:51:13 [Information] Z Axis Data Received: 0
11/15/2024 08:51:13 [Information] Z Axis Data Received: ,
11/15/2024 08:51:13 [Information] Z Axis Data Received: -
11/15/2024 08:51:13 [Information] Z Axis Data Received: 8
11/15/2024 08:51:13 [Information] Z Axis Data Received: .
11/15/2024 08:51:13 [Information] Z Axis Data Received: 0
11/15/2024 08:51:13 [Information] Z Axis Data Received: 0
11/15/2024 08:51:13 [Information] Z Axis Data Received: ,
11/15/2024 08:51:13 [Information] Z Axis Data Received: 4
11/15/2024 08:51:13 [Information] Z Axis Data Received: 0
11/15/2024 08:51:13 [Information] Z Axis Data Received: 0
11/15/2024 08:51:13 [Information] Z Axis Data Received: .
11/15/2024 08:51:13 [Information] Z Axis Data Received: 0
11/15/2024 08:51:13 [Information] Z Axis Data Received: 0
11/15/2024 08:51:14 [Information] Z Axis Data Received: ,
11/15/2024 08:51:14 [Information] Z Axis Data Received: 0
11/15/2024 08:51:14 [Information] Z Axis Data Received: 
11/15/2024 08:51:14 [Information] Z Axis Data Received: 

11/15/2024 08:51:15 [Information] Z Axis Run button clicked:
11/15/2024 08:51:15 [Information] Z Axis MotorMovementSeconds decimal: (-8.00 / 4) / 2 = -1.00
11/15/2024 08:51:16 [Information] Z Axis Run Event: Z,0.00,400.00,0,0.00,400.00,0,-8.00,400.00,0
11/15/2024 08:51:16 [Information] Z Axis Current Time: 08:51:16 + -1000 = 08:51:15
11/15/2024 08:51:16 [Information] Z Axis Data Received: s
11/15/2024 08:51:16 [Information] Z Axis Data Received: e
11/15/2024 08:51:16 [Information] Stepper Motor Controller Enable Z Axis controls after moving to location.
11/15/2024 08:51:16 [Information] Stepper Motor Controller Stopwatch Stopped.
11/15/2024 08:51:16 [Information] Z Axis Data Received: r
11/15/2024 08:51:16 [Information] Stepper Motor Controller Stopwatch Reset.
11/15/2024 08:51:16 [Information] Z Axis Data Received: i
11/15/2024 08:51:16 [Information] Z Axis Data Received: a
11/15/2024 08:51:16 [Information] Z Axis Data Received: l
11/15/2024 08:51:16 [Information] Z Axis Data Received: D
11/15/2024 08:51:16 [Information] Z Axis Data Received: a
11/15/2024 08:51:16 [Information] Z Axis Data Received: t
11/15/2024 08:51:16 [Information] Z Axis Data Received: a
11/15/2024 08:51:16 [Information] Z Axis Data Received: :
11/15/2024 08:51:16 [Information] Z Axis Data Received:  
11/15/2024 08:51:16 [Information] Z Axis Data Received: Z
11/15/2024 08:51:16 [Information] Z Axis Data Received: ,
11/15/2024 08:51:16 [Information] Z Axis Data Received: 0
11/15/2024 08:51:16 [Information] Z Axis Data Received: .
11/15/2024 08:51:16 [Information] Z Axis Data Received: 0
11/15/2024 08:51:16 [Information] Z Axis Data Received: 0
11/15/2024 08:51:16 [Information] Z Axis Data Received: ,
11/15/2024 08:51:16 [Information] Z Axis Data Received: 4
11/15/2024 08:51:16 [Information] Z Axis Data Received: 0
11/15/2024 08:51:16 [Information] Z Axis Data Received: 0
11/15/2024 08:51:16 [Information] Z Axis Data Received: .
11/15/2024 08:51:16 [Information] Z Axis Data Received: 0
11/15/2024 08:51:16 [Information] Z Axis Data Received: 0
11/15/2024 08:51:16 [Information] Z Axis Data Received: ,
11/15/2024 08:51:16 [Information] Z Axis Data Received: 0
11/15/2024 08:51:16 [Information] Z Axis Data Received: ,
11/15/2024 08:51:16 [Information] Z Axis Data Received: 0
11/15/2024 08:51:16 [Information] Z Axis Data Received: .
11/15/2024 08:51:16 [Information] Z Axis Data Received: 0
11/15/2024 08:51:16 [Information] Z Axis Data Received: 0
11/15/2024 08:51:16 [Information] Z Axis Data Received: ,
11/15/2024 08:51:16 [Information] Z Axis Data Received: 4
11/15/2024 08:51:16 [Information] Z Axis Data Received: 0
11/15/2024 08:51:16 [Information] Z Axis Data Received: 0
11/15/2024 08:51:16 [Information] Z Axis Data Received: .
11/15/2024 08:51:16 [Information] Z Axis Data Received: 0
11/15/2024 08:51:16 [Information] Z Axis Data Received: 0
11/15/2024 08:51:16 [Information] Z Axis Data Received: ,
11/15/2024 08:51:16 [Information] Z Axis Data Received: 0
11/15/2024 08:51:16 [Information] Z Axis Data Received: ,
11/15/2024 08:51:16 [Information] Z Axis Data Received: -
11/15/2024 08:51:16 [Information] Z Axis Data Received: 8
11/15/2024 08:51:16 [Information] Z Axis Data Received: .
11/15/2024 08:51:16 [Information] Z Axis Data Received: 0
11/15/2024 08:51:16 [Information] Z Axis Data Received: 0
11/15/2024 08:51:16 [Information] Z Axis Data Received: ,
11/15/2024 08:51:16 [Information] Z Axis Data Received: 4
11/15/2024 08:51:16 [Information] Z Axis Data Received: 0
11/15/2024 08:51:16 [Information] Z Axis Data Received: 0
11/15/2024 08:51:16 [Information] Z Axis Data Received: .
11/15/2024 08:51:16 [Information] Z Axis Data Received: 0
11/15/2024 08:51:16 [Information] Z Axis Data Received: 0
11/15/2024 08:51:16 [Information] Z Axis Data Received: ,
11/15/2024 08:51:16 [Information] Z Axis Data Received: 0
11/15/2024 08:51:16 [Information] Z Axis Data Received: 
11/15/2024 08:51:16 [Information] Z Axis Data Received: 

11/15/2024 08:51:17 [Information] Z Axis Run button clicked:
11/15/2024 08:51:17 [Information] Z Axis MotorMovementSeconds decimal: (-8.00 / 4) / 2 = -1.00
11/15/2024 08:51:18 [Information] Z Axis Run Event: Z,0.00,400.00,0,0.00,400.00,0,-8.00,400.00,0
11/15/2024 08:51:18 [Information] Z Axis Current Time: 08:51:18 + -1000 = 08:51:17
11/15/2024 08:51:18 [Information] Z Axis Data Received: s
11/15/2024 08:51:18 [Information] Z Axis Data Received: e
11/15/2024 08:51:18 [Information] Z Axis Data Received: r
11/15/2024 08:51:18 [Information] Z Axis Data Received: i
11/15/2024 08:51:18 [Information] Stepper Motor Controller Enable Z Axis controls after moving to location.
11/15/2024 08:51:18 [Information] Z Axis Data Received: a
11/15/2024 08:51:18 [Information] Stepper Motor Controller Timer Stopped.
11/15/2024 08:51:18 [Information] Stepper Motor Controller Stopwatch Reset.
11/15/2024 08:51:18 [Information] Z Axis Data Received: l
11/15/2024 08:51:18 [Information] Z Axis Data Received: D
11/15/2024 08:51:18 [Information] Z Axis Data Received: a
11/15/2024 08:51:18 [Information] Z Axis Data Received: t
11/15/2024 08:51:18 [Information] Z Axis Data Received: a
11/15/2024 08:51:18 [Information] Z Axis Data Received: :
11/15/2024 08:51:18 [Information] Z Axis Data Received:  
11/15/2024 08:51:18 [Information] Z Axis Data Received: Z
11/15/2024 08:51:18 [Information] Z Axis Data Received: ,
11/15/2024 08:51:18 [Information] Z Axis Data Received: 0
11/15/2024 08:51:18 [Information] Z Axis Data Received: .
11/15/2024 08:51:18 [Information] Z Axis Data Received: 0
11/15/2024 08:51:18 [Information] Z Axis Data Received: 0
11/15/2024 08:51:18 [Information] Z Axis Data Received: ,
11/15/2024 08:51:18 [Information] Z Axis Data Received: 4
11/15/2024 08:51:18 [Information] Z Axis Data Received: 0
11/15/2024 08:51:18 [Information] Z Axis Data Received: 0
11/15/2024 08:51:18 [Information] Z Axis Data Received: .
11/15/2024 08:51:18 [Information] Z Axis Data Received: 0
11/15/2024 08:51:18 [Information] Z Axis Data Received: 0
11/15/2024 08:51:18 [Information] Z Axis Data Received: ,
11/15/2024 08:51:18 [Information] Z Axis Data Received: 0
11/15/2024 08:51:18 [Information] Z Axis Data Received: ,
11/15/2024 08:51:18 [Information] Z Axis Data Received: 0
11/15/2024 08:51:18 [Information] Z Axis Data Received: .
11/15/2024 08:51:18 [Information] Z Axis Data Received: 0
11/15/2024 08:51:18 [Information] Z Axis Data Received: 0
11/15/2024 08:51:18 [Information] Z Axis Data Received: ,
11/15/2024 08:51:18 [Information] Z Axis Data Received: 4
11/15/2024 08:51:18 [Information] Z Axis Data Received: 0
11/15/2024 08:51:18 [Information] Z Axis Data Received: 0
11/15/2024 08:51:18 [Information] Z Axis Data Received: .
11/15/2024 08:51:18 [Information] Z Axis Data Received: 0
11/15/2024 08:51:18 [Information] Z Axis Data Received: 0
11/15/2024 08:51:18 [Information] Z Axis Data Received: ,
11/15/2024 08:51:18 [Information] Z Axis Data Received: 0
11/15/2024 08:51:18 [Information] Z Axis Data Received: ,
11/15/2024 08:51:18 [Information] Z Axis Data Received: -
11/15/2024 08:51:18 [Information] Z Axis Data Received: 8
11/15/2024 08:51:18 [Information] Z Axis Data Received: .
11/15/2024 08:51:18 [Information] Z Axis Data Received: 0
11/15/2024 08:51:18 [Information] Z Axis Data Received: 0
11/15/2024 08:51:18 [Information] Z Axis Data Received: ,
11/15/2024 08:51:18 [Information] Z Axis Data Received: 4
11/15/2024 08:51:18 [Information] Z Axis Data Received: 0
11/15/2024 08:51:18 [Information] Z Axis Data Received: 0
11/15/2024 08:51:18 [Information] Z Axis Data Received: .
11/15/2024 08:51:18 [Information] Z Axis Data Received: 0
11/15/2024 08:51:18 [Information] Z Axis Data Received: 0
11/15/2024 08:51:18 [Information] Z Axis Data Received: ,
11/15/2024 08:51:18 [Information] Z Axis Data Received: 0
11/15/2024 08:51:18 [Information] Z Axis Data Received: 
11/15/2024 08:51:18 [Information] Z Axis Data Received: 

11/15/2024 08:51:19 [Information] Z Axis Run button clicked:
11/15/2024 08:51:19 [Information] Z Axis MotorMovementSeconds decimal: (-8.00 / 4) / 2 = -1.00
11/15/2024 08:51:20 [Information] Z Axis Run Event: Z,0.00,400.00,0,0.00,400.00,0,-8.00,400.00,0
11/15/2024 08:51:20 [Information] Z Axis Current Time: 08:51:20 + -1000 = 08:51:19
11/15/2024 08:51:20 [Information] Z Axis Data Received: s
11/15/2024 08:51:20 [Information] Z Axis Data Received: e
11/15/2024 08:51:20 [Information] Z Axis Data Received: r
11/15/2024 08:51:20 [Information] Z Axis Data Received: i
11/15/2024 08:51:20 [Information] Z Axis Data Received: a
11/15/2024 08:51:20 [Information] Z Axis Data Received: l
11/15/2024 08:51:20 [Information] Z Axis Data Received: D
11/15/2024 08:51:20 [Information] Z Axis Data Received: a
11/15/2024 08:51:20 [Information] Stepper Motor Controller Enable Z Axis controls after moving to location.
11/15/2024 08:51:20 [Information] Stepper Motor Controller Stopwatch Stopped.
11/15/2024 08:51:20 [Information] Z Axis Data Received: t
11/15/2024 08:51:20 [Information] Stepper Motor Controller Stopwatch Reset.
11/15/2024 08:51:20 [Information] Z Axis Data Received: a
11/15/2024 08:51:20 [Information] Z Axis Data Received: :
11/15/2024 08:51:20 [Information] Z Axis Data Received:  
11/15/2024 08:51:20 [Information] Z Axis Data Received: Z
11/15/2024 08:51:20 [Information] Z Axis Data Received: ,
11/15/2024 08:51:20 [Information] Z Axis Data Received: 0
11/15/2024 08:51:20 [Information] Z Axis Data Received: .
11/15/2024 08:51:20 [Information] Z Axis Data Received: 0
11/15/2024 08:51:20 [Information] Z Axis Data Received: 0
11/15/2024 08:51:20 [Information] Z Axis Data Received: ,
11/15/2024 08:51:20 [Information] Z Axis Data Received: 4
11/15/2024 08:51:20 [Information] Z Axis Data Received: 0
11/15/2024 08:51:20 [Information] Z Axis Data Received: 0
11/15/2024 08:51:20 [Information] Z Axis Data Received: .
11/15/2024 08:51:20 [Information] Z Axis Data Received: 0
11/15/2024 08:51:20 [Information] Z Axis Data Received: 0
11/15/2024 08:51:20 [Information] Z Axis Data Received: ,
11/15/2024 08:51:20 [Information] Z Axis Data Received: 0
11/15/2024 08:51:20 [Information] Z Axis Data Received: ,
11/15/2024 08:51:20 [Information] Z Axis Data Received: 0
11/15/2024 08:51:20 [Information] Z Axis Data Received: .
11/15/2024 08:51:20 [Information] Z Axis Data Received: 0
11/15/2024 08:51:20 [Information] Z Axis Data Received: 0
11/15/2024 08:51:20 [Information] Z Axis Data Received: ,
11/15/2024 08:51:20 [Information] Z Axis Data Received: 4
11/15/2024 08:51:20 [Information] Z Axis Data Received: 0
11/15/2024 08:51:20 [Information] Z Axis Data Received: 0
11/15/2024 08:51:20 [Information] Z Axis Data Received: .
11/15/2024 08:51:20 [Information] Z Axis Data Received: 0
11/15/2024 08:51:20 [Information] Z Axis Data Received: 0
11/15/2024 08:51:20 [Information] Z Axis Data Received: ,
11/15/2024 08:51:20 [Information] Z Axis Data Received: 0
11/15/2024 08:51:20 [Information] Z Axis Data Received: ,
11/15/2024 08:51:20 [Information] Z Axis Data Received: -
11/15/2024 08:51:20 [Information] Z Axis Data Received: 8
11/15/2024 08:51:20 [Information] Z Axis Data Received: .
11/15/2024 08:51:20 [Information] Z Axis Data Received: 0
11/15/2024 08:51:20 [Information] Z Axis Data Received: 0
11/15/2024 08:51:20 [Information] Z Axis Data Received: ,
11/15/2024 08:51:20 [Information] Z Axis Data Received: 4
11/15/2024 08:51:20 [Information] Z Axis Data Received: 0
11/15/2024 08:51:20 [Information] Z Axis Data Received: 0
11/15/2024 08:51:20 [Information] Z Axis Data Received: .
11/15/2024 08:51:20 [Information] Z Axis Data Received: 0
11/15/2024 08:51:20 [Information] Z Axis Data Received: 0
11/15/2024 08:51:20 [Information] Z Axis Data Received: ,
11/15/2024 08:51:20 [Information] Z Axis Data Received: 0
11/15/2024 08:51:20 [Information] Z Axis Data Received: 
11/15/2024 08:51:20 [Information] Z Axis Data Received: 

11/15/2024 08:51:22 [Information] Z Axis Run button clicked:
11/15/2024 08:51:22 [Information] Z Axis MotorMovementSeconds decimal: (-8.00 / 4) / 2 = -1.00
11/15/2024 08:51:23 [Information] Z Axis Run Event: Z,0.00,400.00,0,0.00,400.00,0,-8.00,400.00,0
11/15/2024 08:51:23 [Information] Z Axis Current Time: 08:51:23 + -1000 = 08:51:22
11/15/2024 08:51:23 [Information] Z Axis Data Received: s
11/15/2024 08:51:23 [Information] Z Axis Data Received: e
11/15/2024 08:51:23 [Information] Z Axis Data Received: r
11/15/2024 08:51:23 [Information] Z Axis Data Received: i
11/15/2024 08:51:23 [Information] Z Axis Data Received: a
11/15/2024 08:51:23 [Information] Z Axis Data Received: l
11/15/2024 08:51:23 [Information] Z Axis Data Received: D
11/15/2024 08:51:23 [Information] Z Axis Data Received: a
11/15/2024 08:51:23 [Information] Z Axis Data Received: t
11/15/2024 08:51:23 [Information] Z Axis Data Received: a
11/15/2024 08:51:23 [Information] Z Axis Data Received: :
11/15/2024 08:51:23 [Information] Stepper Motor Controller Enable Z Axis controls after moving to location.
11/15/2024 08:51:23 [Information] Stepper Motor Controller Stopwatch Stopped.
11/15/2024 08:51:23 [Information] Stepper Motor Controller Timer Stopped.
11/15/2024 08:51:23 [Information] Stepper Motor Controller Stopwatch Reset.
11/15/2024 08:51:23 [Information] Z Axis Data Received:  
11/15/2024 08:51:23 [Information] Z Axis Data Received: Z
11/15/2024 08:51:23 [Information] Z Axis Data Received: ,
11/15/2024 08:51:23 [Information] Z Axis Data Received: 0
11/15/2024 08:51:23 [Information] Z Axis Data Received: .
11/15/2024 08:51:23 [Information] Z Axis Data Received: 0
11/15/2024 08:51:23 [Information] Z Axis Data Received: 0
11/15/2024 08:51:23 [Information] Z Axis Data Received: ,
11/15/2024 08:51:23 [Information] Z Axis Data Received: 4
11/15/2024 08:51:23 [Information] Z Axis Data Received: 0
11/15/2024 08:51:23 [Information] Z Axis Data Received: 0
11/15/2024 08:51:23 [Information] Z Axis Data Received: .
11/15/2024 08:51:23 [Information] Z Axis Data Received: 0
11/15/2024 08:51:23 [Information] Z Axis Data Received: 0
11/15/2024 08:51:23 [Information] Z Axis Data Received: ,
11/15/2024 08:51:23 [Information] Z Axis Data Received: 0
11/15/2024 08:51:23 [Information] Z Axis Data Received: ,
11/15/2024 08:51:23 [Information] Z Axis Data Received: 0
11/15/2024 08:51:23 [Information] Z Axis Data Received: .
11/15/2024 08:51:23 [Information] Z Axis Data Received: 0
11/15/2024 08:51:23 [Information] Z Axis Data Received: 0
11/15/2024 08:51:23 [Information] Z Axis Data Received: ,
11/15/2024 08:51:23 [Information] Z Axis Data Received: 4
11/15/2024 08:51:23 [Information] Z Axis Data Received: 0
11/15/2024 08:51:23 [Information] Z Axis Data Received: 0
11/15/2024 08:51:23 [Information] Z Axis Data Received: .
11/15/2024 08:51:23 [Information] Z Axis Data Received: 0
11/15/2024 08:51:23 [Information] Z Axis Data Received: 0
11/15/2024 08:51:23 [Information] Z Axis Data Received: ,
11/15/2024 08:51:23 [Information] Z Axis Data Received: 0
11/15/2024 08:51:23 [Information] Z Axis Data Received: ,
11/15/2024 08:51:23 [Information] Z Axis Data Received: -
11/15/2024 08:51:23 [Information] Z Axis Data Received: 8
11/15/2024 08:51:23 [Information] Z Axis Data Received: .
11/15/2024 08:51:23 [Information] Z Axis Data Received: 0
11/15/2024 08:51:23 [Information] Z Axis Data Received: 0
11/15/2024 08:51:23 [Information] Z Axis Data Received: ,
11/15/2024 08:51:23 [Information] Z Axis Data Received: 4
11/15/2024 08:51:23 [Information] Z Axis Data Received: 0
11/15/2024 08:51:23 [Information] Z Axis Data Received: 0
11/15/2024 08:51:23 [Information] Z Axis Data Received: .
11/15/2024 08:51:23 [Information] Z Axis Data Received: 0
11/15/2024 08:51:23 [Information] Z Axis Data Received: 0
11/15/2024 08:51:23 [Information] Z Axis Data Received: ,
11/15/2024 08:51:23 [Information] Z Axis Data Received: 0
11/15/2024 08:51:23 [Information] Z Axis Data Received: 
11/15/2024 08:51:23 [Information] Z Axis Data Received: 

11/15/2024 08:51:26 [Information] Updated X,Y Zero.IsChecked status to 0 and Z Zero.IsChecked status to 1.
11/15/2024 08:51:28 [Information] Z Axis Run button clicked:
11/15/2024 08:51:28 [Information] Z Axis Run Event to reset Axis to zero: Z,0.00,400.00,0,0.00,400.00,0,0.00,400.00,1
11/15/2024 08:51:28 [Information] Setting Z Axis Current Location Set to Zero on DRO
11/15/2024 08:51:29 [Information] Updated X,Y,Z Zero.IsChecked status to 0.
11/15/2024 08:51:29 [Information] Z Axis Data Received: s
11/15/2024 08:51:29 [Information] Z Axis Data Received: e
11/15/2024 08:51:29 [Information] Z Axis Data Received: r
11/15/2024 08:51:29 [Information] Z Axis Data Received: i
11/15/2024 08:51:29 [Information] Z Axis Data Received: a
11/15/2024 08:51:29 [Information] Z Axis Data Received: l
11/15/2024 08:51:29 [Information] Z Axis Data Received: D
11/15/2024 08:51:29 [Information] Z Axis Data Received: a
11/15/2024 08:51:29 [Information] Z Axis Current Location Set to Zero
11/15/2024 08:51:29 [Information] Z Axis Data Received: t
11/15/2024 08:51:29 [Information] Z Axis Data Received: a
11/15/2024 08:51:29 [Information] Z Axis Data Received: :
11/15/2024 08:51:29 [Information] Z Axis Data Received:  
11/15/2024 08:51:29 [Information] Z Axis Data Received: Z
11/15/2024 08:51:29 [Information] Z Axis Data Received: ,
11/15/2024 08:51:29 [Information] Z Axis Data Received: 0
11/15/2024 08:51:29 [Information] Z Axis Data Received: .
11/15/2024 08:51:29 [Information] Z Axis Data Received: 0
11/15/2024 08:51:29 [Information] Z Axis Data Received: 0
11/15/2024 08:51:29 [Information] Z Axis Data Received: ,
11/15/2024 08:51:29 [Information] Z Axis Data Received: 4
11/15/2024 08:51:29 [Information] Z Axis Data Received: 0
11/15/2024 08:51:29 [Information] Z Axis Data Received: 0
11/15/2024 08:51:29 [Information] Z Axis Data Received: .
11/15/2024 08:51:29 [Information] Z Axis Data Received: 0
11/15/2024 08:51:29 [Information] Z Axis Data Received: 0
11/15/2024 08:51:29 [Information] Z Axis Data Received: ,
11/15/2024 08:51:29 [Information] Z Axis Data Received: 0
11/15/2024 08:51:29 [Information] Z Axis Data Received: ,
11/15/2024 08:51:29 [Information] Z Axis Data Received: 0
11/15/2024 08:51:29 [Information] Z Axis Data Received: .
11/15/2024 08:51:29 [Information] Z Axis Data Received: 0
11/15/2024 08:51:29 [Information] Z Axis Data Received: 0
11/15/2024 08:51:29 [Information] Z Axis Data Received: ,
11/15/2024 08:51:29 [Information] Z Axis Data Received: 4
11/15/2024 08:51:29 [Information] Z Axis Data Received: 0
11/15/2024 08:51:29 [Information] Z Axis Data Received: 0
11/15/2024 08:51:29 [Information] Z Axis Data Received: .
11/15/2024 08:51:29 [Information] Z Axis Data Received: 0
11/15/2024 08:51:29 [Information] Z Axis Data Received: 0
11/15/2024 08:51:29 [Information] Z Axis Data Received: ,
11/15/2024 08:51:29 [Information] Z Axis Data Received: 0
11/15/2024 08:51:29 [Information] Z Axis Data Received: ,
11/15/2024 08:51:29 [Information] Z Axis Data Received: 0
11/15/2024 08:51:29 [Information] Z Axis Data Received: .
11/15/2024 08:51:29 [Information] Z Axis Data Received: 0
11/15/2024 08:51:29 [Information] Z Axis Data Received: 0
11/15/2024 08:51:29 [Information] Z Axis Data Received: ,
11/15/2024 08:51:29 [Information] Z Axis Data Received: 4
11/15/2024 08:51:29 [Information] Z Axis Data Received: 0
11/15/2024 08:51:29 [Information] Z Axis Data Received: 0
11/15/2024 08:51:29 [Information] Z Axis Data Received: .
11/15/2024 08:51:29 [Information] Z Axis Data Received: 0
11/15/2024 08:51:29 [Information] Z Axis Data Received: 0
11/15/2024 08:51:29 [Information] Z Axis Data Received: ,
11/15/2024 08:51:29 [Information] Z Axis Data Received: 1
11/15/2024 08:51:29 [Information] Z Axis Data Received: 
11/15/2024 08:51:29 [Information] Z Axis Data Received: 

11/15/2024 08:51:29 [Information] Z Axis Data Received: E
11/15/2024 08:51:29 [Information] Z Axis Data Received: S
11/15/2024 08:51:29 [Information] Z Axis Data Received: P
11/15/2024 08:51:29 [Information] Z Axis Data Received:  
11/15/2024 08:51:29 [Information] Z Axis Data Received: 3
11/15/2024 08:51:29 [Information] Z Axis Data Received: 2
11/15/2024 08:51:29 [Information] Z Axis Data Received:  
11/15/2024 08:51:29 [Information] Z Axis Data Received: B
11/15/2024 08:51:29 [Information] Z Axis Data Received: o
11/15/2024 08:51:29 [Information] Z Axis Data Received: a
11/15/2024 08:51:29 [Information] Z Axis Data Received: r
11/15/2024 08:51:29 [Information] Z Axis Data Received: d
11/15/2024 08:51:29 [Information] Z Axis Data Received:  
11/15/2024 08:51:29 [Information] Z Axis Data Received: R
11/15/2024 08:51:29 [Information] Z Axis Data Received: e
11/15/2024 08:51:29 [Information] Z Axis Data Received: s
11/15/2024 08:51:29 [Information] Z Axis Data Received: e
11/15/2024 08:51:29 [Information] Z Axis Data Received: t
11/15/2024 08:51:29 [Information] Z Axis Data Received: .
11/15/2024 08:51:29 [Information] Z Axis Data Received: 
11/15/2024 08:51:29 [Information] Z Axis Data Received: 

11/15/2024 08:51:32 [Information] Z Axis Data Received: 
11/15/2024 08:51:32 [Information] Z Axis Data Received: 
11/15/2024 08:51:36 [Information] Z Axis Data Received: V
11/15/2024 08:51:36 [Information] Z Axis Data Received: MD
11/15/2024 08:51:36 [Information] Z Axis Data Received: P
11/15/2024 08:51:36 [Information] Z Axis Data Received: V_
11/15/2024 08:51:36 [Information] Z Axis Data Received: 1
11/15/2024 08:51:36 [Information] Z Axis Data Received: |1
11/15/2024 08:51:36 [Information] Z Axis Data Received: _
11/15/2024 08:51:36 [Information] Z Axis Data Received: VM
11/15/2024 08:51:36 [Information] Z Axis Data Received: D
11/15/2024 08:51:36 [Information] Z Axis Data Received: P
11/15/2024 08:51:36 [Information] Z Axis Data Received: V

11/15/2024 08:51:36 [Information] Z Axis Data Received: V
11/15/2024 08:51:36 [Information] Z Axis Data Received: M
11/15/2024 08:51:36 [Information] Z Axis Data Received: D
11/15/2024 08:51:36 [Information] Z Axis Data Received: P
11/15/2024 08:51:36 [Information] Z Axis Data Received: R
11/15/2024 08:51:36 [Information] Z Axis Data Received: _
11/15/2024 08:51:37 [Information] Z Axis mouse controlled Keypad returned: 8.00
11/15/2024 08:52:19 [Information] Z Axis Run button clicked:
11/15/2024 08:52:19 [Information] Z Axis MotorMovementSeconds decimal: (8.00 / 4) / 2 = 1.00
11/15/2024 08:52:20 [Information] Z Axis Run Event: Z,0.00,400.00,0,0.00,400.00,0,8.00,400.00,0
11/15/2024 08:52:20 [Information] Z Axis Current Time: 08:52:20 + 1000 = 08:52:21
11/15/2024 08:52:20 [Information] Stepper Motor Controller Disable Z Axis controls while moving to location.
11/15/2024 08:52:20 [Information] Time remaining: 00:00:00 targetEndTime = 08:52:21
11/15/2024 08:52:20 [Information] Stepper Motor Controller Disable Z Axis controls while moving to location.
11/15/2024 08:52:20 [Information] Time remaining: 00:00:00 targetEndTime = 08:52:21
11/15/2024 08:52:20 [Information] Z Axis Data Received: s
11/15/2024 08:52:20 [Information] Z Axis Data Received: e
11/15/2024 08:52:20 [Information] Stepper Motor Controller Disable Z Axis controls while moving to location.
11/15/2024 08:52:20 [Information] Z Axis Data Received: r
11/15/2024 08:52:20 [Information] Time remaining: 00:00:00 targetEndTime = 08:52:21
11/15/2024 08:52:20 [Information] Z Axis Data Received: i
11/15/2024 08:52:20 [Information] Z Axis Data Received: a
11/15/2024 08:52:20 [Information] Z Axis Data Received: l
11/15/2024 08:52:20 [Information] Z Axis Data Received: D
11/15/2024 08:52:20 [Information] Z Axis Data Received: a
11/15/2024 08:52:20 [Information] Z Axis Data Received: t
11/15/2024 08:52:20 [Information] Z Axis Data Received: a
11/15/2024 08:52:20 [Information] Z Axis Data Received: :
11/15/2024 08:52:20 [Information] Z Axis Data Received:  
11/15/2024 08:52:20 [Information] Z Axis Data Received: Z
11/15/2024 08:52:20 [Information] Z Axis Data Received: ,
11/15/2024 08:52:20 [Information] Z Axis Data Received: 0
11/15/2024 08:52:20 [Information] Z Axis Data Received: .
11/15/2024 08:52:20 [Information] Z Axis Data Received: 0
11/15/2024 08:52:20 [Information] Stepper Motor Controller Disable Z Axis controls while moving to location.
11/15/2024 08:52:20 [Information] Time remaining: 00:00:00 targetEndTime = 08:52:21
11/15/2024 08:52:20 [Information] Z Axis Data Received: 0
11/15/2024 08:52:20 [Information] Z Axis Data Received: ,
11/15/2024 08:52:20 [Information] Z Axis Data Received: 4
11/15/2024 08:52:20 [Information] Z Axis Data Received: 0
11/15/2024 08:52:20 [Information] Z Axis Data Received: 0
11/15/2024 08:52:20 [Information] Z Axis Data Received: .
11/15/2024 08:52:20 [Information] Z Axis Data Received: 0
11/15/2024 08:52:20 [Information] Z Axis Data Received: 0
11/15/2024 08:52:20 [Information] Z Axis Data Received: ,
11/15/2024 08:52:20 [Information] Z Axis Data Received: 0
11/15/2024 08:52:20 [Information] Z Axis Data Received: ,
11/15/2024 08:52:20 [Information] Z Axis Data Received: 0
11/15/2024 08:52:20 [Information] Z Axis Data Received: .
11/15/2024 08:52:20 [Information] Z Axis Data Received: 0
11/15/2024 08:52:20 [Information] Z Axis Data Received: 0
11/15/2024 08:52:20 [Information] Stepper Motor Controller Disable Z Axis controls while moving to location.
11/15/2024 08:52:20 [Information] Z Axis Data Received: ,
11/15/2024 08:52:20 [Information] Time remaining: 00:00:00 targetEndTime = 08:52:21
11/15/2024 08:52:20 [Information] Z Axis Data Received: 4
11/15/2024 08:52:20 [Information] Z Axis Data Received: 0
11/15/2024 08:52:20 [Information] Z Axis Data Received: 0
11/15/2024 08:52:20 [Information] Z Axis Data Received: .
11/15/2024 08:52:20 [Information] Z Axis Data Received: 0
11/15/2024 08:52:20 [Information] Z Axis Data Received: 0
11/15/2024 08:52:20 [Information] Z Axis Data Received: ,
11/15/2024 08:52:20 [Information] Z Axis Data Received: 0
11/15/2024 08:52:20 [Information] Z Axis Data Received: ,
11/15/2024 08:52:20 [Information] Z Axis Data Received: 8
11/15/2024 08:52:20 [Information] Z Axis Data Received: .
11/15/2024 08:52:20 [Information] Z Axis Data Received: 0
11/15/2024 08:52:20 [Information] Stepper Motor Controller Disable Z Axis controls while moving to location.
11/15/2024 08:52:20 [Information] Time remaining: 00:00:00 targetEndTime = 08:52:21
11/15/2024 08:52:20 [Information] Z Axis Data Received: ,
11/15/2024 08:52:20 [Information] Z Axis Data Received: 4
11/15/2024 08:52:20 [Information] Z Axis Data Received: 0
11/15/2024 08:52:20 [Information] Z Axis Data Received: 0
11/15/2024 08:52:20 [Information] Z Axis Data Received: .
11/15/2024 08:52:20 [Information] Z Axis Data Received: 0
11/15/2024 08:52:20 [Information] Z Axis Data Received: 0
11/15/2024 08:52:20 [Information] Z Axis Data Received: ,
11/15/2024 08:52:20 [Information] Z Axis Data Received: 0
11/15/2024 08:52:20 [Information] Z Axis Data Received: 
11/15/2024 08:52:20 [Information] Z Axis Data Received: 

11/15/2024 08:52:20 [Information] Stepper Motor Controller Disable Z Axis controls while moving to location.
11/15/2024 08:52:20 [Information] Time remaining: 00:00:00 targetEndTime = 08:52:21
11/15/2024 08:52:20 [Information] Stepper Motor Controller Disable Z Axis controls while moving to location.
11/15/2024 08:52:20 [Information] Time remaining: 00:00:00 targetEndTime = 08:52:21
11/15/2024 08:52:20 [Information] Stepper Motor Controller Disable Z Axis controls while moving to location.
11/15/2024 08:52:20 [Information] Time remaining: 00:00:00 targetEndTime = 08:52:21
11/15/2024 08:52:20 [Information] Stepper Motor Controller Disable Z Axis controls while moving to location.
11/15/2024 08:52:20 [Information] Time remaining: 00:00:00 targetEndTime = 08:52:21
11/15/2024 08:52:20 [Information] Stepper Motor Controller Disable Z Axis controls while moving to location.
11/15/2024 08:52:20 [Information] Time remaining: 00:00:00 targetEndTime = 08:52:21
11/15/2024 08:52:20 [Information] Stepper Motor Controller Disable Z Axis controls while moving to location.
11/15/2024 08:52:20 [Information] Time remaining: 00:00:00 targetEndTime = 08:52:21
11/15/2024 08:52:20 [Information] Stepper Motor Controller Disable Z Axis controls while moving to location.
11/15/2024 08:52:20 [Information] Time remaining: 00:00:00 targetEndTime = 08:52:21
11/15/2024 08:52:20 [Information] Stepper Motor Controller Disable Z Axis controls while moving to location.
11/15/2024 08:52:20 [Information] Time remaining: 00:00:00 targetEndTime = 08:52:21
11/15/2024 08:52:20 [Information] Stepper Motor Controller Disable Z Axis controls while moving to location.
11/15/2024 08:52:20 [Information] Time remaining: 00:00:00 targetEndTime = 08:52:21
11/15/2024 08:52:20 [Information] Stepper Motor Controller Disable Z Axis controls while moving to location.
11/15/2024 08:52:20 [Information] Time remaining: 00:00:00 targetEndTime = 08:52:21
11/15/2024 08:52:20 [Information] Stepper Motor Controller Disable Z Axis controls while moving to location.
11/15/2024 08:52:20 [Information] Time remaining: 00:00:00 targetEndTime = 08:52:21
11/15/2024 08:52:20 [Information] Stepper Motor Controller Disable Z Axis controls while moving to location.
11/15/2024 08:52:20 [Information] Time remaining: 00:00:00 targetEndTime = 08:52:21
11/15/2024 08:52:20 [Information] Stepper Motor Controller Disable Z Axis controls while moving to location.
11/15/2024 08:52:20 [Information] Time remaining: 00:00:00 targetEndTime = 08:52:21
11/15/2024 08:52:20 [Information] Stepper Motor Controller Disable Z Axis controls while moving to location.
11/15/2024 08:52:20 [Information] Time remaining: 00:00:00 targetEndTime = 08:52:21
11/15/2024 08:52:20 [Information] Stepper Motor Controller Disable Z Axis controls while moving to location.
11/15/2024 08:52:20 [Information] Time remaining: 00:00:00 targetEndTime = 08:52:21
11/15/2024 08:52:20 [Information] Stepper Motor Controller Disable Z Axis controls while moving to location.
11/15/2024 08:52:20 [Information] Time remaining: 00:00:00 targetEndTime = 08:52:21
11/15/2024 08:52:20 [Information] Stepper Motor Controller Disable Z Axis controls while moving to location.
11/15/2024 08:52:20 [Information] Time remaining: 00:00:00 targetEndTime = 08:52:21
11/15/2024 08:52:20 [Information] Stepper Motor Controller Disable Z Axis controls while moving to location.
11/15/2024 08:52:20 [Information] Time remaining: 00:00:00 targetEndTime = 08:52:21
11/15/2024 08:52:20 [Information] Stepper Motor Controller Disable Z Axis controls while moving to location.
11/15/2024 08:52:20 [Information] Time remaining: 00:00:00 targetEndTime = 08:52:21
11/15/2024 08:52:20 [Information] Stepper Motor Controller Disable Z Axis controls while moving to location.
11/15/2024 08:52:20 [Information] Time remaining: 00:00:00 targetEndTime = 08:52:21
11/15/2024 08:52:20 [Information] Stepper Motor Controller Disable Z Axis controls while moving to location.
11/15/2024 08:52:20 [Information] Time remaining: 00:00:00 targetEndTime = 08:52:21
11/15/2024 08:52:20 [Information] Stepper Motor Controller Disable Z Axis controls while moving to location.
11/15/2024 08:52:20 [Information] Time remaining: 00:00:00 targetEndTime = 08:52:21
11/15/2024 08:52:20 [Information] Stepper Motor Controller Disable Z Axis controls while moving to location.
11/15/2024 08:52:20 [Information] Time remaining: 00:00:00 targetEndTime = 08:52:21
11/15/2024 08:52:20 [Information] Stepper Motor Controller Disable Z Axis controls while moving to location.
11/15/2024 08:52:20 [Information] Time remaining: 00:00:00 targetEndTime = 08:52:21
11/15/2024 08:52:20 [Information] Stepper Motor Controller Disable Z Axis controls while moving to location.
11/15/2024 08:52:20 [Information] Time remaining: 00:00:00 targetEndTime = 08:52:21
11/15/2024 08:52:20 [Information] Stepper Motor Controller Disable Z Axis controls while moving to location.
11/15/2024 08:52:20 [Information] Time remaining: 00:00:00 targetEndTime = 08:52:21
11/15/2024 08:52:20 [Information] Stepper Motor Controller Disable Z Axis controls while moving to location.
11/15/2024 08:52:20 [Information] Time remaining: 00:00:00 targetEndTime = 08:52:21
11/15/2024 08:52:20 [Information] Stepper Motor Controller Disable Z Axis controls while moving to location.
11/15/2024 08:52:20 [Information] Time remaining: 00:00:00 targetEndTime = 08:52:21
11/15/2024 08:52:20 [Information] Stepper Motor Controller Disable Z Axis controls while moving to location.
11/15/2024 08:52:20 [Information] Time remaining: 00:00:00 targetEndTime = 08:52:21
11/15/2024 08:52:20 [Information] Stepper Motor Controller Disable Z Axis controls while moving to location.
11/15/2024 08:52:20 [Information] Time remaining: 00:00:00 targetEndTime = 08:52:21
11/15/2024 08:52:20 [Information] Stepper Motor Controller Disable Z Axis controls while moving to location.
11/15/2024 08:52:20 [Information] Time remaining: 00:00:00 targetEndTime = 08:52:21
11/15/2024 08:52:20 [Information] Stepper Motor Controller Disable Z Axis controls while moving to location.
11/15/2024 08:52:20 [Information] Time remaining: 00:00:00 targetEndTime = 08:52:21
11/15/2024 08:52:20 [Information] Stepper Motor Controller Disable Z Axis controls while moving to location.
11/15/2024 08:52:20 [Information] Time remaining: 00:00:00 targetEndTime = 08:52:21
11/15/2024 08:52:20 [Information] Stepper Motor Controller Disable Z Axis controls while moving to location.
11/15/2024 08:52:20 [Information] Time remaining: 00:00:00 targetEndTime = 08:52:21
11/15/2024 08:52:21 [Information] Stepper Motor Controller Disable Z Axis controls while moving to location.
11/15/2024 08:52:21 [Information] Time remaining: 00:00:00 targetEndTime = 08:52:21
11/15/2024 08:52:21 [Information] Stepper Motor Controller Disable Z Axis controls while moving to location.
11/15/2024 08:52:21 [Information] Time remaining: 00:00:00 targetEndTime = 08:52:21
11/15/2024 08:52:21 [Information] Stepper Motor Controller Disable Z Axis controls while moving to location.
11/15/2024 08:52:21 [Information] Time remaining: 00:00:00 targetEndTime = 08:52:21
11/15/2024 08:52:21 [Information] Stepper Motor Controller Disable Z Axis controls while moving to location.
11/15/2024 08:52:21 [Information] Time remaining: 00:00:00 targetEndTime = 08:52:21
11/15/2024 08:52:21 [Information] Stepper Motor Controller Disable Z Axis controls while moving to location.
11/15/2024 08:52:21 [Information] Time remaining: 00:00:00 targetEndTime = 08:52:21
11/15/2024 08:52:21 [Information] Stepper Motor Controller Disable Z Axis controls while moving to location.
11/15/2024 08:52:21 [Information] Time remaining: 00:00:00 targetEndTime = 08:52:21
11/15/2024 08:52:21 [Information] Stepper Motor Controller Disable Z Axis controls while moving to location.
11/15/2024 08:52:21 [Information] Time remaining: 00:00:00 targetEndTime = 08:52:21
11/15/2024 08:52:21 [Information] Stepper Motor Controller Disable Z Axis controls while moving to location.
11/15/2024 08:52:21 [Information] Time remaining: 00:00:00 targetEndTime = 08:52:21
11/15/2024 08:52:21 [Information] Stepper Motor Controller Disable Z Axis controls while moving to location.
11/15/2024 08:52:21 [Information] Time remaining: 00:00:00 targetEndTime = 08:52:21
11/15/2024 08:52:21 [Information] Stepper Motor Controller Disable Z Axis controls while moving to location.
11/15/2024 08:52:21 [Information] Time remaining: 00:00:00 targetEndTime = 08:52:21
11/15/2024 08:52:21 [Information] Stepper Motor Controller Disable Z Axis controls while moving to location.
11/15/2024 08:52:21 [Information] Time remaining: 00:00:00 targetEndTime = 08:52:21
11/15/2024 08:52:21 [Information] Stepper Motor Controller Disable Z Axis controls while moving to location.
11/15/2024 08:52:21 [Information] Time remaining: 00:00:00 targetEndTime = 08:52:21
11/15/2024 08:52:21 [Information] Stepper Motor Controller Disable Z Axis controls while moving to location.
11/15/2024 08:52:21 [Information] Time remaining: 00:00:00 targetEndTime = 08:52:21
11/15/2024 08:52:21 [Information] Stepper Motor Controller Disable Z Axis controls while moving to location.
11/15/2024 08:52:21 [Information] Time remaining: 00:00:00 targetEndTime = 08:52:21
11/15/2024 08:52:21 [Information] Stepper Motor Controller Disable Z Axis controls while moving to location.
11/15/2024 08:52:21 [Information] Time remaining: 00:00:00 targetEndTime = 08:52:21
11/15/2024 08:52:21 [Information] Stepper Motor Controller Disable Z Axis controls while moving to location.
11/15/2024 08:52:21 [Information] Time remaining: 00:00:00 targetEndTime = 08:52:21
11/15/2024 08:52:21 [Information] Stepper Motor Controller Disable Z Axis controls while moving to location.
11/15/2024 08:52:21 [Information] Time remaining: 00:00:00 targetEndTime = 08:52:21
11/15/2024 08:52:21 [Information] Stepper Motor Controller Disable Z Axis controls while moving to location.
11/15/2024 08:52:21 [Information] Time remaining: 00:00:00 targetEndTime = 08:52:21
11/15/2024 08:52:21 [Information] Stepper Motor Controller Disable Z Axis controls while moving to location.
11/15/2024 08:52:21 [Information] Time remaining: 00:00:00 targetEndTime = 08:52:21
11/15/2024 08:52:21 [Information] Stepper Motor Controller Disable Z Axis controls while moving to location.
11/15/2024 08:52:21 [Information] Time remaining: 00:00:00 targetEndTime = 08:52:21
11/15/2024 08:52:21 [Information] Stepper Motor Controller Disable Z Axis controls while moving to location.
11/15/2024 08:52:21 [Information] Time remaining: 00:00:00 targetEndTime = 08:52:21
11/15/2024 08:52:21 [Information] Stepper Motor Controller Disable Z Axis controls while moving to location.
11/15/2024 08:52:21 [Information] Time remaining: 00:00:00 targetEndTime = 08:52:21
11/15/2024 08:52:21 [Information] Stepper Motor Controller Enable Z Axis controls after moving to location.
11/15/2024 08:52:21 [Information] Stepper Motor Controller Stopwatch Stopped.
11/15/2024 08:52:21 [Information] Stepper Motor Controller Timer Stopped.
11/15/2024 08:52:21 [Information] Stepper Motor Controller Stopwatch Reset.
11/15/2024 08:52:28 [Information] Stepper Motor Controller MainWindow Closing.
11/15/2024 08:52:28 [Information] Stepper Motor Controller Serial Ports closed.
11/15/2024 08:52:28 [Information] Properties Settings Saved.
11/15/2024 08:52:28 [Information] Properties Settings Form Closed.
11/15/2024 08:52:28 [Information] Stepper Motor Controller Form Closed.
