12/3/2024 17:36:10 [Information] Logger updated to Microsoft.Extensions.Logging.Logger`1[Stepper.MainWindow] (Line: 239)
12/3/2024 17:36:10 [Information] Stepper Motor Controller Application Started. (Line: 895)
12/3/2024 17:36:10 [Information] Version: 3.0.9103.31673 (12/3/2024 17:36:10) (Line: 899)
12/3/2024 17:36:10 [Information] Initializing Serial Ports. (Line: 724)
12/3/2024 17:36:10 [Error] I/O error occurred while opening the port COM7. (Line: 787)
12/3/2024 17:36:12 [Error] I/O error occurred while opening the port COM8. (Line: 787)
12/3/2024 17:36:13 [Information] SerialPort COM10 opened successfully. (Line: 770)
12/3/2024 17:36:13 [Information] CountdownTimer updated to System.Windows.Threading.DispatcherTimer (Line: 62)
12/3/2024 17:36:13 [Information] Stepper Motor Controller Application Started. (Line: 477)
12/3/2024 17:36:13 [Information] Version: 3.0.9103.31673 (12/3/2024 17:36:13) (Line: 481)
12/3/2024 17:36:13 [Information] Stepper Motor Controller Application Settings Window Opened. (Line: 39)
12/3/2024 17:36:13 [Information] Stepper Motor Controller Application Settings form is rebuilt each and every time it is opened. (Line: 47)
12/3/2024 17:36:13 [Information] int: 0 AxisAbsolutePosition added to the Settings Form. (Line: 151)
12/3/2024 17:36:13 [Information] int: 9600 BaudRate added to the Settings Form. (Line: 151)
12/3/2024 17:36:13 [Information] decimal: 1.00 BuildVersion added to the Settings Form. (Line: 271)
12/3/2024 17:36:13 [Information] bool: False ckbXaxisResetToZeroIsChecked added to the Settings Form. (Line: 218)
12/3/2024 17:36:13 [Information] bool: False ckbYaxisResetToZeroIsChecked added to the Settings Form. (Line: 218)
12/3/2024 17:36:13 [Information] bool: False ckbZaxisResetToZeroIsChecked added to the Settings Form. (Line: 218)
12/3/2024 17:36:13 [Information] COM1: ComPort added to the Settings Form. (Line: 484)
12/3/2024 17:36:13 [Information] COM2: ComPort added to the Settings Form. (Line: 484)
12/3/2024 17:36:13 [Information] COM3: ComPort added to the Settings Form. (Line: 484)
12/3/2024 17:36:13 [Information] COM4: ComPort added to the Settings Form. (Line: 484)
12/3/2024 17:36:13 [Information] COM5: ComPort added to the Settings Form. (Line: 484)
12/3/2024 17:36:13 [Information] COM6: ComPort added to the Settings Form. (Line: 484)
12/3/2024 17:36:13 [Information] COM7: ComPort added to the Settings Form. (Line: 484)
12/3/2024 17:36:13 [Information] COM8: ComPort added to the Settings Form. (Line: 484)
12/3/2024 17:36:13 [Information] COM9: ComPort added to the Settings Form. (Line: 484)
12/3/2024 17:36:13 [Information] COM10: ComPort added to the Settings Form. (Line: 484)
12/3/2024 17:36:13 [Information] decimal: 4.00 Divider4_00 added to the Settings Form. (Line: 271)
12/3/2024 17:36:13 [Information] decimal: 0.00 MathPart2Initlz added to the Settings Form. (Line: 271)
12/3/2024 17:36:13 [Information] decimal: 1.00 MilisecondTimerInterval added to the Settings Form. (Line: 271)
12/3/2024 17:36:13 [Information] decimal: 1000.00 MillisecondDelay added to the Settings Form. (Line: 271)
12/3/2024 17:36:13 [Information] int: 1000 Milliseconds added to the Settings Form. (Line: 151)
12/3/2024 17:36:13 [Information] int: 4 mmPerRevolution added to the Settings Form. (Line: 151)
12/3/2024 17:36:13 [Information] int: 200 stepsPerRevolution added to the Settings Form. (Line: 151)
12/3/2024 17:36:13 [Information] int: 2000 ThreadSleep added to the Settings Form. (Line: 151)
12/3/2024 17:36:13 [Information] decimal: 0.00 Value_0_00 added to the Settings Form. (Line: 271)
12/3/2024 17:36:13 [Information] decimal: 50.00 XaxisAcceleration added to the Settings Form. (Line: 271)
12/3/2024 17:36:13 [Information] bool: False XaxisChanged added to the Settings Form. (Line: 218)
12/3/2024 17:36:13 [Information] decimal: 400.00 XaxisMotorSpeed added to the Settings Form. (Line: 271)
12/3/2024 17:36:13 [Information] decimal: 0.00 XaxisStepperCurrent added to the Settings Form. (Line: 271)
12/3/2024 17:36:13 [Information] decimal: 0.00 XaxisStepperMove added to the Settings Form. (Line: 271)
12/3/2024 17:36:13 [Information] XCOM1: XComPort added to the Settings Form. (Line: 346)
12/3/2024 17:36:13 [Information] XCOM2: XComPort added to the Settings Form. (Line: 346)
12/3/2024 17:36:13 [Information] XCOM3: XComPort added to the Settings Form. (Line: 346)
12/3/2024 17:36:13 [Information] XCOM4: XComPort added to the Settings Form. (Line: 346)
12/3/2024 17:36:13 [Information] XCOM5: XComPort added to the Settings Form. (Line: 346)
12/3/2024 17:36:13 [Information] XCOM6: XComPort added to the Settings Form. (Line: 346)
12/3/2024 17:36:13 [Information] XCOM7: XComPort added to the Settings Form. (Line: 346)
12/3/2024 17:36:13 [Information] XCOM8: XComPort added to the Settings Form. (Line: 346)
12/3/2024 17:36:13 [Information] XCOM9: XComPort added to the Settings Form. (Line: 346)
12/3/2024 17:36:13 [Information] XCOM10: XComPort added to the Settings Form. (Line: 346)
12/3/2024 17:36:13 [Information] decimal: 50.00 YaxisAcceleration added to the Settings Form. (Line: 271)
12/3/2024 17:36:13 [Information] bool: False YaxisChanged added to the Settings Form. (Line: 218)
12/3/2024 17:36:13 [Information] decimal: 400.00 YaxisMotorSpeed added to the Settings Form. (Line: 271)
12/3/2024 17:36:13 [Information] decimal: 0.00 YaxisStepperCurrent added to the Settings Form. (Line: 271)
12/3/2024 17:36:13 [Information] decimal: 0.00 YaxisStepperMove added to the Settings Form. (Line: 271)
12/3/2024 17:36:13 [Information] YCOM1: YComPort added to the Settings Form. (Line: 392)
12/3/2024 17:36:13 [Information] YCOM2: YComPort added to the Settings Form. (Line: 392)
12/3/2024 17:36:13 [Information] YCOM3: YComPort added to the Settings Form. (Line: 392)
12/3/2024 17:36:13 [Information] YCOM4: YComPort added to the Settings Form. (Line: 392)
12/3/2024 17:36:13 [Information] YCOM5: YComPort added to the Settings Form. (Line: 392)
12/3/2024 17:36:13 [Information] YCOM6: YComPort added to the Settings Form. (Line: 392)
12/3/2024 17:36:13 [Information] YCOM7: YComPort added to the Settings Form. (Line: 392)
12/3/2024 17:36:13 [Information] YCOM8: YComPort added to the Settings Form. (Line: 392)
12/3/2024 17:36:13 [Information] YCOM9: YComPort added to the Settings Form. (Line: 392)
12/3/2024 17:36:13 [Information] YCOM10: YComPort added to the Settings Form. (Line: 392)
12/3/2024 17:36:13 [Information] decimal: 50.00 ZaxisAcceleration added to the Settings Form. (Line: 271)
12/3/2024 17:36:13 [Information] bool: False ZaxisChanged added to the Settings Form. (Line: 218)
12/3/2024 17:36:13 [Information] decimal: 400.00 ZaxisMotorSpeed added to the Settings Form. (Line: 271)
12/3/2024 17:36:13 [Information] decimal: 0.00 ZaxisStepperCurrent added to the Settings Form. (Line: 271)
12/3/2024 17:36:13 [Information] decimal: 0.00 ZaxisStepperMove added to the Settings Form. (Line: 271)
12/3/2024 17:36:13 [Information] ZCOM1: ZComPort added to the Settings Form. (Line: 438)
12/3/2024 17:36:13 [Information] ZCOM2: ZComPort added to the Settings Form. (Line: 438)
12/3/2024 17:36:13 [Information] ZCOM3: ZComPort added to the Settings Form. (Line: 438)
12/3/2024 17:36:13 [Information] ZCOM4: ZComPort added to the Settings Form. (Line: 438)
12/3/2024 17:36:13 [Information] ZCOM5: ZComPort added to the Settings Form. (Line: 438)
12/3/2024 17:36:13 [Information] ZCOM6: ZComPort added to the Settings Form. (Line: 438)
12/3/2024 17:36:13 [Information] ZCOM7: ZComPort added to the Settings Form. (Line: 438)
12/3/2024 17:36:13 [Information] ZCOM8: ZComPort added to the Settings Form. (Line: 438)
12/3/2024 17:36:13 [Information] ZCOM9: ZComPort added to the Settings Form. (Line: 438)
12/3/2024 17:36:13 [Information] ZCOM10: ZComPort added to the Settings Form. (Line: 438)
12/3/2024 17:36:13 [Information] int: 0 zeroXaxis added to the Settings Form. (Line: 151)
12/3/2024 17:36:13 [Information] int: 0 zeroYaxis added to the Settings Form. (Line: 151)
12/3/2024 17:36:13 [Information] int: 0 zeroZaxis added to the Settings Form. (Line: 151)
12/3/2024 17:36:13 [Information] NewSettingsWindow updated to Stepper.StepperAppSettings (Line: 49)
12/3/2024 17:36:14 [Information] Stepper Motor Controller MainWindow loaded (Line: 2003)
12/3/2024 17:36:14 [Information] Set MainWindow Media Brushes to White. (Line: 2013)
12/3/2024 17:36:39 [Information] txtZaxisStepperMove Axis mouse controlled Keypad returned: 32.00 (Line: 1841)
12/3/2024 17:36:42 [Information] Z Axis Run button clicked: (Line: 1297)
12/3/2024 17:36:42 [Information] Z Axis MotorMovementSeconds for <= 400.00 RPM: 4.80 (Line: 1556)
12/3/2024 17:36:42 [Information] TargetEndTime updated to 12/3/2024 17:36:47 (Line: 101)
12/3/2024 17:36:42 [Information] Z Axis Run Event: Z,0.00,400.00,0,0.00,400.00,0,32.00,400.00,0 (Line: 1481)
12/3/2024 17:36:44 [Information] LimitSwitchCCWPressed updated to True (Line: 88)
12/3/2024 17:36:44 [Information] ZAxisTargetReached updated to True (Line: 412)
12/3/2024 17:36:44 [Information] Z Axis Target Reached changed. (Line: 628)
12/3/2024 17:36:44 [Information] Z Axis LimitSwitchPressed. (Line: 649)
12/3/2024 17:36:44 [Information] Z Axis Absolute Position: 0. (Line: 652)
12/3/2024 17:36:44 [Information] ZAxisAbsolutePosition updated to 3.38 (Line: 306)
12/3/2024 17:36:44 [Information] Z Axis Absolute Position changed. (Line: 690)
12/3/2024 17:36:44 [Information] Z Axis New Position: 3.38. (Line: 654)
12/3/2024 17:36:44 [Information] Z Axis Position: 3.38. (Line: 656)
12/3/2024 17:36:44 [Information] LimitSwitchCCWPressed updated to False (Line: 88)
12/3/2024 17:36:44 [Information] CCW Limit Switch Activated! (Line: 1123)
12/3/2024 17:36:47 [Information] Stepper Motor Countdown: Completed (Line: 936)
12/3/2024 17:36:48 [Information] ZAxisTargetReached updated to False (Line: 412)
12/3/2024 17:36:48 [Information] Z Axis Run button clicked: (Line: 1297)
12/3/2024 17:36:48 [Information] Z Axis MotorMovementSeconds for <= 400.00 RPM: 4.80 (Line: 1556)
12/3/2024 17:36:48 [Information] TargetEndTime updated to 12/3/2024 17:36:53 (Line: 101)
12/3/2024 17:36:48 [Information] Z Axis Run Event: Z,0.00,400.00,0,0.00,400.00,0,32.00,400.00,0 (Line: 1481)
12/3/2024 17:36:52 [Information] LimitSwitchCCWPressed updated to True (Line: 88)
12/3/2024 17:36:52 [Information] ZAxisTargetReached updated to True (Line: 412)
12/3/2024 17:36:52 [Information] Z Axis Target Reached changed. (Line: 628)
12/3/2024 17:36:52 [Information] Z Axis LimitSwitchPressed. (Line: 649)
12/3/2024 17:36:52 [Information] Z Axis Absolute Position: 3.38. (Line: 652)
12/3/2024 17:36:52 [Information] ZAxisAbsolutePosition updated to 6.82 (Line: 306)
12/3/2024 17:36:52 [Information] Z Axis Absolute Position changed. (Line: 690)
12/3/2024 17:36:52 [Information] Z Axis New Position: 3.44. (Line: 654)
12/3/2024 17:36:52 [Information] Z Axis Position: 6.82. (Line: 656)
12/3/2024 17:36:52 [Information] LimitSwitchCCWPressed updated to False (Line: 88)
12/3/2024 17:36:52 [Information] CCW Limit Switch Activated! (Line: 1123)
12/3/2024 17:36:53 [Information] Stepper Motor Countdown: Completed (Line: 936)
12/3/2024 17:36:54 [Information] ZAxisTargetReached updated to False (Line: 412)
12/3/2024 17:36:54 [Information] Z Axis Run button clicked: (Line: 1297)
12/3/2024 17:36:54 [Information] Z Axis MotorMovementSeconds for <= 400.00 RPM: 4.80 (Line: 1556)
12/3/2024 17:36:54 [Information] TargetEndTime updated to 12/3/2024 17:36:59 (Line: 101)
12/3/2024 17:36:54 [Information] Z Axis Run Event: Z,0.00,400.00,0,0.00,400.00,0,32.00,400.00,0 (Line: 1481)
12/3/2024 17:36:59 [Information] LimitSwitchCCWPressed updated to True (Line: 88)
12/3/2024 17:36:59 [Information] ZAxisTargetReached updated to True (Line: 412)
12/3/2024 17:36:59 [Information] Z Axis Target Reached changed. (Line: 628)
12/3/2024 17:36:59 [Information] Z Axis LimitSwitchPressed. (Line: 649)
12/3/2024 17:36:59 [Information] Z Axis Absolute Position: 6.82. (Line: 652)
12/3/2024 17:36:59 [Information] ZAxisAbsolutePosition updated to 17.380001 (Line: 306)
12/3/2024 17:36:59 [Information] Z Axis Absolute Position changed. (Line: 690)
12/3/2024 17:36:59 [Information] Z Axis New Position: 10.56. (Line: 654)
12/3/2024 17:36:59 [Information] Z Axis Position: 17.380001. (Line: 656)
12/3/2024 17:36:59 [Information] LimitSwitchCCWPressed updated to False (Line: 88)
12/3/2024 17:36:59 [Information] CCW Limit Switch Activated! (Line: 1123)
12/3/2024 17:36:59 [Information] Stepper Motor Countdown: Completed (Line: 936)
12/3/2024 17:37:01 [Information] ZAxisTargetReached updated to False (Line: 412)
12/3/2024 17:37:01 [Information] Z Axis Run button clicked: (Line: 1297)
12/3/2024 17:37:01 [Information] Z Axis MotorMovementSeconds for <= 400.00 RPM: 4.80 (Line: 1556)
12/3/2024 17:37:01 [Information] TargetEndTime updated to 12/3/2024 17:37:06 (Line: 101)
12/3/2024 17:37:01 [Information] Z Axis Run Event: Z,0.00,400.00,0,0.00,400.00,0,32.00,400.00,0 (Line: 1481)
12/3/2024 17:37:05 [Information] LimitSwitchCCWPressed updated to True (Line: 88)
12/3/2024 17:37:05 [Information] ZAxisTargetReached updated to True (Line: 412)
12/3/2024 17:37:05 [Information] Z Axis Target Reached changed. (Line: 628)
12/3/2024 17:37:05 [Information] Z Axis LimitSwitchPressed. (Line: 649)
12/3/2024 17:37:05 [Information] Z Axis Absolute Position: 17.380001. (Line: 652)
12/3/2024 17:37:05 [Information] ZAxisAbsolutePosition updated to 23.760002 (Line: 306)
12/3/2024 17:37:05 [Information] Z Axis Absolute Position changed. (Line: 690)
12/3/2024 17:37:05 [Information] Z Axis New Position: 6.38. (Line: 654)
12/3/2024 17:37:05 [Information] Z Axis Position: 23.760002. (Line: 656)
12/3/2024 17:37:05 [Information] LimitSwitchCCWPressed updated to False (Line: 88)
12/3/2024 17:37:05 [Information] CCW Limit Switch Activated! (Line: 1123)
12/3/2024 17:37:06 [Information] Stepper Motor Countdown: Completed (Line: 936)
12/3/2024 17:37:11 [Information] ZAxisTargetReached updated to False (Line: 412)
12/3/2024 17:37:11 [Information] Z Axis Run button clicked: (Line: 1297)
12/3/2024 17:37:11 [Information] Z Axis MotorMovementSeconds for <= 400.00 RPM: 4.80 (Line: 1556)
12/3/2024 17:37:11 [Information] TargetEndTime updated to 12/3/2024 17:37:16 (Line: 101)
12/3/2024 17:37:11 [Information] Z Axis Run Event: Z,0.00,400.00,0,0.00,400.00,0,32.00,400.00,0 (Line: 1481)
12/3/2024 17:37:15 [Information] LimitSwitchCWPressed updated to True (Line: 75)
12/3/2024 17:37:15 [Information] ZAxisTargetReached updated to True (Line: 412)
12/3/2024 17:37:15 [Information] Z Axis Target Reached changed. (Line: 628)
12/3/2024 17:37:15 [Information] Z Axis LimitSwitchPressed. (Line: 634)
12/3/2024 17:37:15 [Information] Z Axis Absolute Position: 23.760002. (Line: 637)
12/3/2024 17:37:15 [Information] ZAxisAbsolutePosition updated to 17.560001 (Line: 306)
12/3/2024 17:37:15 [Information] Z Axis Absolute Position changed. (Line: 690)
12/3/2024 17:37:15 [Information] Z Axis New Position: -6.2. (Line: 639)
12/3/2024 17:37:15 [Information] Z Axis Position: 17.560001. (Line: 641)
12/3/2024 17:37:15 [Information] LimitSwitchCWPressed updated to False (Line: 75)
12/3/2024 17:37:15 [Information] CW Limit Switch Activated! (Line: 1115)
12/3/2024 17:37:17 [Information] Stepper Motor Countdown: Completed (Line: 936)
12/3/2024 17:37:18 [Information] ZAxisTargetReached updated to False (Line: 412)
12/3/2024 17:37:18 [Information] Z Axis Run button clicked: (Line: 1297)
12/3/2024 17:37:18 [Information] Z Axis MotorMovementSeconds for <= 400.00 RPM: 4.80 (Line: 1556)
12/3/2024 17:37:18 [Information] TargetEndTime updated to 12/3/2024 17:37:23 (Line: 101)
12/3/2024 17:37:18 [Information] Z Axis Run Event: Z,0.00,400.00,0,0.00,400.00,0,32.00,400.00,0 (Line: 1481)
12/3/2024 17:37:21 [Information] LimitSwitchCWPressed updated to True (Line: 75)
12/3/2024 17:37:21 [Information] ZAxisTargetReached updated to True (Line: 412)
12/3/2024 17:37:21 [Information] Z Axis Target Reached changed. (Line: 628)
12/3/2024 17:37:21 [Information] Z Axis LimitSwitchPressed. (Line: 634)
12/3/2024 17:37:21 [Information] Z Axis Absolute Position: 17.560001. (Line: 637)
12/3/2024 17:37:21 [Information] ZAxisAbsolutePosition updated to 15.100001 (Line: 306)
12/3/2024 17:37:21 [Information] Z Axis Absolute Position changed. (Line: 690)
12/3/2024 17:37:21 [Information] Z Axis New Position: -2.46. (Line: 639)
12/3/2024 17:37:21 [Information] Z Axis Position: 15.100001. (Line: 641)
12/3/2024 17:37:21 [Information] LimitSwitchCWPressed updated to False (Line: 75)
12/3/2024 17:37:21 [Information] CW Limit Switch Activated! (Line: 1115)
12/3/2024 17:37:23 [Information] Stepper Motor Countdown: Completed (Line: 936)
12/3/2024 17:37:24 [Information] ZAxisTargetReached updated to False (Line: 412)
12/3/2024 17:37:24 [Information] Z Axis Run button clicked: (Line: 1297)
12/3/2024 17:37:24 [Information] Z Axis MotorMovementSeconds for <= 400.00 RPM: 4.80 (Line: 1556)
12/3/2024 17:37:24 [Information] TargetEndTime updated to 12/3/2024 17:37:29 (Line: 101)
12/3/2024 17:37:24 [Information] Z Axis Run Event: Z,0.00,400.00,0,0.00,400.00,0,32.00,400.00,0 (Line: 1481)
12/3/2024 17:37:28 [Information] LimitSwitchCWPressed updated to True (Line: 75)
12/3/2024 17:37:28 [Information] ZAxisTargetReached updated to True (Line: 412)
12/3/2024 17:37:28 [Information] Z Axis Target Reached changed. (Line: 628)
12/3/2024 17:37:28 [Information] Z Axis LimitSwitchPressed. (Line: 634)
12/3/2024 17:37:28 [Information] Z Axis Absolute Position: 15.100001. (Line: 637)
12/3/2024 17:37:28 [Information] ZAxisAbsolutePosition updated to 7.3800015 (Line: 306)
12/3/2024 17:37:28 [Information] Z Axis Absolute Position changed. (Line: 690)
12/3/2024 17:37:28 [Information] Z Axis New Position: -7.72. (Line: 639)
12/3/2024 17:37:28 [Information] Z Axis Position: 7.3800015. (Line: 641)
12/3/2024 17:37:28 [Information] LimitSwitchCWPressed updated to False (Line: 75)
12/3/2024 17:37:28 [Information] CW Limit Switch Activated! (Line: 1115)
12/3/2024 17:37:29 [Information] Stepper Motor Countdown: Completed (Line: 936)
12/3/2024 17:37:31 [Information] ZAxisTargetReached updated to False (Line: 412)
12/3/2024 17:37:31 [Information] Z Axis Run button clicked: (Line: 1297)
12/3/2024 17:37:31 [Information] Z Axis MotorMovementSeconds for <= 400.00 RPM: 4.80 (Line: 1556)
12/3/2024 17:37:31 [Information] TargetEndTime updated to 12/3/2024 17:37:36 (Line: 101)
12/3/2024 17:37:31 [Information] Z Axis Run Event: Z,0.00,400.00,0,0.00,400.00,0,32.00,400.00,0 (Line: 1481)
12/3/2024 17:37:34 [Information] LimitSwitchCWPressed updated to True (Line: 75)
12/3/2024 17:37:34 [Information] ZAxisTargetReached updated to True (Line: 412)
12/3/2024 17:37:34 [Information] Z Axis Target Reached changed. (Line: 628)
12/3/2024 17:37:34 [Information] Z Axis LimitSwitchPressed. (Line: 634)
12/3/2024 17:37:34 [Information] Z Axis Absolute Position: 7.3800015. (Line: 637)
12/3/2024 17:37:34 [Information] ZAxisAbsolutePosition updated to -1.3999982 (Line: 306)
12/3/2024 17:37:34 [Information] Z Axis Absolute Position changed. (Line: 690)
12/3/2024 17:37:34 [Information] Z Axis New Position: -8.78. (Line: 639)
12/3/2024 17:37:34 [Information] Z Axis Position: -1.3999982. (Line: 641)
12/3/2024 17:37:34 [Information] LimitSwitchCWPressed updated to False (Line: 75)
12/3/2024 17:37:34 [Information] CW Limit Switch Activated! (Line: 1115)
12/3/2024 17:37:36 [Information] Stepper Motor Countdown: Completed (Line: 936)
12/3/2024 17:37:45 [Information] ZAxisTargetReached updated to False (Line: 412)
12/3/2024 17:37:45 [Information] Z Axis Run button clicked: (Line: 1297)
12/3/2024 17:37:45 [Information] Z Axis MotorMovementSeconds for <= 400.00 RPM: 4.80 (Line: 1556)
12/3/2024 17:37:45 [Information] TargetEndTime updated to 12/3/2024 17:37:50 (Line: 101)
12/3/2024 17:37:45 [Information] Z Axis Run Event: Z,0.00,400.00,0,0.00,400.00,0,32.00,400.00,0 (Line: 1481)
12/3/2024 17:37:49 [Information] LimitSwitchCWPressed updated to True (Line: 75)
12/3/2024 17:37:49 [Information] ZAxisTargetReached updated to True (Line: 412)
12/3/2024 17:37:49 [Information] Z Axis Target Reached changed. (Line: 628)
12/3/2024 17:37:49 [Information] Z Axis LimitSwitchPressed. (Line: 634)
12/3/2024 17:37:49 [Information] Z Axis Absolute Position: -1.3999982. (Line: 637)
12/3/2024 17:37:49 [Information] ZAxisAbsolutePosition updated to -5.599998 (Line: 306)
12/3/2024 17:37:49 [Information] Z Axis Absolute Position changed. (Line: 690)
12/3/2024 17:37:49 [Information] Z Axis New Position: -4.2. (Line: 639)
12/3/2024 17:37:49 [Information] Z Axis Position: -5.599998. (Line: 641)
12/3/2024 17:37:49 [Information] LimitSwitchCWPressed updated to False (Line: 75)
12/3/2024 17:37:49 [Information] CW Limit Switch Activated! (Line: 1115)
12/3/2024 17:37:50 [Information] Stepper Motor Countdown: Completed (Line: 936)
12/3/2024 17:37:52 [Information] ZAxisTargetReached updated to False (Line: 412)
12/3/2024 17:37:52 [Information] Z Axis Run button clicked: (Line: 1297)
12/3/2024 17:37:52 [Information] Z Axis MotorMovementSeconds for <= 400.00 RPM: 4.80 (Line: 1556)
12/3/2024 17:37:52 [Information] TargetEndTime updated to 12/3/2024 17:37:57 (Line: 101)
12/3/2024 17:37:52 [Information] Z Axis Run Event: Z,0.00,400.00,0,0.00,400.00,0,32.00,400.00,0 (Line: 1481)
12/3/2024 17:37:56 [Information] LimitSwitchCWPressed updated to True (Line: 75)
12/3/2024 17:37:56 [Information] ZAxisTargetReached updated to True (Line: 412)
12/3/2024 17:37:56 [Information] Z Axis Target Reached changed. (Line: 628)
12/3/2024 17:37:56 [Information] Z Axis LimitSwitchPressed. (Line: 634)
12/3/2024 17:37:56 [Information] Z Axis Absolute Position: -5.599998. (Line: 637)
12/3/2024 17:37:56 [Information] ZAxisAbsolutePosition updated to -9.519999 (Line: 306)
12/3/2024 17:37:56 [Information] Z Axis Absolute Position changed. (Line: 690)
12/3/2024 17:37:56 [Information] Z Axis New Position: -3.92. (Line: 639)
12/3/2024 17:37:56 [Information] Z Axis Position: -9.519999. (Line: 641)
12/3/2024 17:37:56 [Information] LimitSwitchCWPressed updated to False (Line: 75)
12/3/2024 17:37:56 [Information] CW Limit Switch Activated! (Line: 1115)
12/3/2024 17:37:58 [Information] Stepper Motor Countdown: Completed (Line: 936)
12/3/2024 17:37:59 [Information] ZAxisTargetReached updated to False (Line: 412)
12/3/2024 17:37:59 [Information] Z Axis Run button clicked: (Line: 1297)
12/3/2024 17:37:59 [Information] Z Axis MotorMovementSeconds for <= 400.00 RPM: 4.80 (Line: 1556)
12/3/2024 17:37:59 [Information] TargetEndTime updated to 12/3/2024 17:38:04 (Line: 101)
12/3/2024 17:37:59 [Information] Z Axis Run Event: Z,0.00,400.00,0,0.00,400.00,0,32.00,400.00,0 (Line: 1481)
12/3/2024 17:38:04 [Information] Stepper Motor Countdown: Completed (Line: 936)
12/3/2024 17:38:06 [Information] ZAxisTargetReached updated to True (Line: 412)
12/3/2024 17:38:06 [Information] Z Axis Target Reached changed. (Line: 628)
12/3/2024 17:38:06 [Information] ZAxisAbsolutePosition updated to 22.480001 (Line: 306)
12/3/2024 17:38:06 [Information] Z Axis Absolute Position changed. (Line: 690)
12/3/2024 17:38:06 [Information] Z Axis Position: 22.480001. (Line: 672)
12/3/2024 17:38:06 [Information] Axis Z reached target position Current Position: (Line: 1139)
12/3/2024 17:38:09 [Information] Setting Z Axis Current Location Set to Zero on DRO (Line: 1687)
12/3/2024 17:38:10 [Information] ZAxisAbsolutePosition updated to 0 (Line: 306)
12/3/2024 17:38:10 [Information] Z Axis Absolute Position changed. (Line: 690)
12/3/2024 17:38:10 [Information] Z Axis Current Location Set to Zero (Line: 1726)
12/3/2024 17:38:30 [Information] Stepper Motor Controller MainWindow Closing. (Line: 2024)
12/3/2024 17:38:30 [Information] Properties Settings Saved. (Line: 2033)
12/3/2024 17:38:30 [Information] Properties Settings Form Closed. (Line: 2039)
12/3/2024 17:38:30 [Information] Stepper Motor Controller Form Closed. (Line: 2042)
