11/24/2024 17:10:02 [Information] Logger updated to Microsoft.Extensions.Logging.Logger`1[Stepper.MainWindow] (Line: 224)
11/24/2024 17:10:02 [Information] Stepper Motor Controller Application Started. (Line: 894)
11/24/2024 17:10:02 [Information] Version: 3.0.9094.30897 (11/24/2024 17:10:02) (Line: 898)
11/24/2024 17:10:02 [Information] Initializing Serial Ports. (Line: 723)
11/24/2024 17:10:03 [Error] I/O error occurred while opening the port COM7. (Line: 786)
11/24/2024 17:10:05 [Error] I/O error occurred while opening the port COM8. (Line: 786)
11/24/2024 17:10:06 [Information] SerialPort COM10 opened successfully. (Line: 769)
11/24/2024 17:10:06 [Information] SerialPort COM10 read 1 bytes. (Line: 774)
11/24/2024 17:10:06 [Information] CountdownTimer updated to System.Windows.Threading.DispatcherTimer (Line: 60)
11/24/2024 17:10:06 [Information] Stepper Motor Controller Application Started. (Line: 525)
11/24/2024 17:10:06 [Information] Version: 3.0.9094.30897 (11/24/2024 17:10:06) (Line: 529)
11/24/2024 17:10:06 [Information] Version: 3.1.0.30898 (11/24/2024 17:10:06) (Line: 604)
11/24/2024 17:10:06 [Information] Element AssemblyVersion not found in the provided XML document. (Line: 715)
11/24/2024 17:10:06 [Information] Element FileVersion not found in the provided XML document. (Line: 715)
11/24/2024 17:10:06 [Information] Version: 3.1.0.30898 (11/24/2024 17:10:06) (Line: 612)
11/24/2024 17:10:06 [Information] Stepper Motor Controller Application Settings Window Opened. (Line: 39)
11/24/2024 17:10:06 [Information] Stepper Motor Controller Application Settings form is rebuilt each and every time it is opened. (Line: 47)
11/24/2024 17:10:06 [Information] int: 9600 BaudRate added to the Settings Form. (Line: 151)
11/24/2024 17:10:06 [Information] bool: False ckbXaxisResetToZeroIsChecked added to the Settings Form. (Line: 218)
11/24/2024 17:10:06 [Information] bool: False ckbYaxisResetToZeroIsChecked added to the Settings Form. (Line: 218)
11/24/2024 17:10:06 [Information] bool: False ckbZaxisResetToZeroIsChecked added to the Settings Form. (Line: 218)
11/24/2024 17:10:06 [Information] COM1: ComPort added to the Settings Form. (Line: 484)
11/24/2024 17:10:06 [Information] COM2: ComPort added to the Settings Form. (Line: 484)
11/24/2024 17:10:06 [Information] COM3: ComPort added to the Settings Form. (Line: 484)
11/24/2024 17:10:06 [Information] COM4: ComPort added to the Settings Form. (Line: 484)
11/24/2024 17:10:06 [Information] COM5: ComPort added to the Settings Form. (Line: 484)
11/24/2024 17:10:06 [Information] COM6: ComPort added to the Settings Form. (Line: 484)
11/24/2024 17:10:06 [Information] COM7: ComPort added to the Settings Form. (Line: 484)
11/24/2024 17:10:06 [Information] COM8: ComPort added to the Settings Form. (Line: 484)
11/24/2024 17:10:06 [Information] COM9: ComPort added to the Settings Form. (Line: 484)
11/24/2024 17:10:06 [Information] COM10: ComPort added to the Settings Form. (Line: 484)
11/24/2024 17:10:06 [Information] decimal: 4.00 Divider4_00 added to the Settings Form. (Line: 271)
11/24/2024 17:10:06 [Information] decimal: 0.00 MathPart2Initlz added to the Settings Form. (Line: 271)
11/24/2024 17:10:06 [Information] decimal: 1.00 MilisecondTimerInterval added to the Settings Form. (Line: 271)
11/24/2024 17:10:06 [Information] decimal: 1000.00 MillisecondDelay added to the Settings Form. (Line: 271)
11/24/2024 17:10:06 [Information] int: 1000 Milliseconds added to the Settings Form. (Line: 151)
11/24/2024 17:10:06 [Information] int: 4 mmPerRevolution added to the Settings Form. (Line: 151)
11/24/2024 17:10:06 [Information] int: 2000 ThreadSleep added to the Settings Form. (Line: 151)
11/24/2024 17:10:06 [Information] decimal: 0.00 Value_0_00 added to the Settings Form. (Line: 271)
11/24/2024 17:10:06 [Information] decimal: 50.00 XaxisAcceleration added to the Settings Form. (Line: 271)
11/24/2024 17:10:06 [Information] bool: False XaxisChanged added to the Settings Form. (Line: 218)
11/24/2024 17:10:06 [Information] decimal: 400.00 XaxisMotorSpeed added to the Settings Form. (Line: 271)
11/24/2024 17:10:06 [Information] decimal: 0.00 XaxisStepperCurrent added to the Settings Form. (Line: 271)
11/24/2024 17:10:06 [Information] decimal: 0.00 XaxisStepperMove added to the Settings Form. (Line: 271)
11/24/2024 17:10:06 [Information] XCOM1: XComPort added to the Settings Form. (Line: 346)
11/24/2024 17:10:06 [Information] XCOM2: XComPort added to the Settings Form. (Line: 346)
11/24/2024 17:10:06 [Information] XCOM3: XComPort added to the Settings Form. (Line: 346)
11/24/2024 17:10:06 [Information] XCOM4: XComPort added to the Settings Form. (Line: 346)
11/24/2024 17:10:06 [Information] XCOM5: XComPort added to the Settings Form. (Line: 346)
11/24/2024 17:10:06 [Information] XCOM6: XComPort added to the Settings Form. (Line: 346)
11/24/2024 17:10:06 [Information] XCOM7: XComPort added to the Settings Form. (Line: 346)
11/24/2024 17:10:06 [Information] XCOM8: XComPort added to the Settings Form. (Line: 346)
11/24/2024 17:10:06 [Information] XCOM9: XComPort added to the Settings Form. (Line: 346)
11/24/2024 17:10:06 [Information] XCOM10: XComPort added to the Settings Form. (Line: 346)
11/24/2024 17:10:06 [Information] decimal: 50.00 YaxisAcceleration added to the Settings Form. (Line: 271)
11/24/2024 17:10:06 [Information] bool: False YaxisChanged added to the Settings Form. (Line: 218)
11/24/2024 17:10:06 [Information] decimal: 400.00 YaxisMotorSpeed added to the Settings Form. (Line: 271)
11/24/2024 17:10:06 [Information] decimal: 0.00 YaxisStepperCurrent added to the Settings Form. (Line: 271)
11/24/2024 17:10:06 [Information] decimal: 0.00 YaxisStepperMove added to the Settings Form. (Line: 271)
11/24/2024 17:10:06 [Information] YCOM1: YComPort added to the Settings Form. (Line: 392)
11/24/2024 17:10:06 [Information] YCOM2: YComPort added to the Settings Form. (Line: 392)
11/24/2024 17:10:06 [Information] YCOM3: YComPort added to the Settings Form. (Line: 392)
11/24/2024 17:10:06 [Information] YCOM4: YComPort added to the Settings Form. (Line: 392)
11/24/2024 17:10:06 [Information] YCOM5: YComPort added to the Settings Form. (Line: 392)
11/24/2024 17:10:06 [Information] YCOM6: YComPort added to the Settings Form. (Line: 392)
11/24/2024 17:10:06 [Information] YCOM7: YComPort added to the Settings Form. (Line: 392)
11/24/2024 17:10:06 [Information] YCOM8: YComPort added to the Settings Form. (Line: 392)
11/24/2024 17:10:06 [Information] YCOM9: YComPort added to the Settings Form. (Line: 392)
11/24/2024 17:10:06 [Information] YCOM10: YComPort added to the Settings Form. (Line: 392)
11/24/2024 17:10:06 [Information] decimal: 50.00 ZaxisAcceleration added to the Settings Form. (Line: 271)
11/24/2024 17:10:06 [Information] bool: False ZaxisChanged added to the Settings Form. (Line: 218)
11/24/2024 17:10:06 [Information] decimal: 400.00 ZaxisMotorSpeed added to the Settings Form. (Line: 271)
11/24/2024 17:10:06 [Information] decimal: 0.00 ZaxisStepperCurrent added to the Settings Form. (Line: 271)
11/24/2024 17:10:06 [Information] decimal: 0.00 ZaxisStepperMove added to the Settings Form. (Line: 271)
11/24/2024 17:10:06 [Information] ZCOM1: ZComPort added to the Settings Form. (Line: 438)
11/24/2024 17:10:06 [Information] ZCOM2: ZComPort added to the Settings Form. (Line: 438)
11/24/2024 17:10:06 [Information] ZCOM3: ZComPort added to the Settings Form. (Line: 438)
11/24/2024 17:10:06 [Information] ZCOM4: ZComPort added to the Settings Form. (Line: 438)
11/24/2024 17:10:06 [Information] ZCOM5: ZComPort added to the Settings Form. (Line: 438)
11/24/2024 17:10:06 [Information] ZCOM6: ZComPort added to the Settings Form. (Line: 438)
11/24/2024 17:10:06 [Information] ZCOM7: ZComPort added to the Settings Form. (Line: 438)
11/24/2024 17:10:06 [Information] ZCOM8: ZComPort added to the Settings Form. (Line: 438)
11/24/2024 17:10:06 [Information] ZCOM9: ZComPort added to the Settings Form. (Line: 438)
11/24/2024 17:10:06 [Information] ZCOM10: ZComPort added to the Settings Form. (Line: 438)
11/24/2024 17:10:06 [Information] int: 0 zeroXaxis added to the Settings Form. (Line: 151)
11/24/2024 17:10:06 [Information] int: 0 zeroYaxis added to the Settings Form. (Line: 151)
11/24/2024 17:10:06 [Information] int: 0 zeroZaxis added to the Settings Form. (Line: 151)
11/24/2024 17:10:06 [Information] NewSettingsWindow updated to Stepper.StepperAppSettings (Line: 47)
11/24/2024 17:10:06 [Information] Stepper Motor Controller MainWindow loaded (Line: 1842)
11/24/2024 17:10:06 [Information] Set MainWindow Media Brushes to White. (Line: 1852)
11/24/2024 17:10:12 [Information] Z Axis stepper move updated to 4.00 (Line: 1640)
11/24/2024 17:10:12 [Information] txtZaxisStepperMove Axis mouse controlled Keypad returned: 4.00 (Line: 1680)
11/24/2024 17:10:13 [Information] Z Axis Run button clicked: (Line: 1194)
11/24/2024 17:10:13 [Information] Z Axis MotorMovementSeconds: 0.6153846153846153846153846154 (Line: 1444)
11/24/2024 17:10:13 [Information] TargetEndTime updated to 11/24/2024 17:10:14 (Line: 86)
11/24/2024 17:10:13 [Information] Z Axis Run Event: Z,0.00,400.00,0,0.00,400.00,0,4.00,400.00,0 (Line: 1356)
11/24/2024 17:10:15 [Information] Stepper Motor Countdown: Completed (Line: 927)
11/24/2024 17:10:15 [Information] ZAxisTargetReached updated to True (Line: 474)
11/24/2024 17:10:15 [Information] Z Axis Target Reached changed. (Line: 673)
11/24/2024 17:10:15 [Information] CompletedZAxisCurrentPosition updated to 4 (Line: 370)
11/24/2024 17:10:18 [Information] Stepper Motor Controller MainWindow Closing. (Line: 1863)
11/24/2024 17:10:18 [Information] Properties Settings Saved. (Line: 1872)
11/24/2024 17:10:18 [Information] Properties Settings Form Closed. (Line: 1878)
11/24/2024 17:10:18 [Information] Stepper Motor Controller Form Closed. (Line: 1881)
