11/26/2024 07:50:27 [Information] Logger updated to Microsoft.Extensions.Logging.Logger`1[Stepper.MainWindow] (Line: 225)
11/26/2024 07:50:27 [Information] Stepper Motor Controller Application Started. (Line: 914)
11/26/2024 07:50:27 [Information] Version: 3.0.9096.14100 (11/26/2024 07:50:27) (Line: 918)
11/26/2024 07:50:27 [Information] Initializing Serial Ports. (Line: 743)
11/26/2024 07:50:27 [Error] I/O error occurred while opening the port COM7. (Line: 806)
11/26/2024 07:50:29 [Error] I/O error occurred while opening the port COM8. (Line: 806)
11/26/2024 07:50:29 [Information] SerialPort COM10 opened successfully. (Line: 789)
11/26/2024 07:50:29 [Information] CountdownTimer updated to System.Windows.Threading.DispatcherTimer (Line: 61)
11/26/2024 07:50:29 [Information] Stepper Motor Controller Application Started. (Line: 545)
11/26/2024 07:50:29 [Information] Version: 3.0.9096.14100 (11/26/2024 07:50:29) (Line: 549)
11/26/2024 07:50:30 [Information] Version: 3.1.0.14101 (11/26/2024 07:50:30) (Line: 624)
11/26/2024 07:50:30 [Information] Element AssemblyVersion not found in the provided XML document. (Line: 735)
11/26/2024 07:50:30 [Information] Element FileVersion not found in the provided XML document. (Line: 735)
11/26/2024 07:50:30 [Information] Version: 3.1.0.14101 (11/26/2024 07:50:30) (Line: 632)
11/26/2024 07:50:30 [Information] Stepper Motor Controller Application Settings Window Opened. (Line: 39)
11/26/2024 07:50:30 [Information] Stepper Motor Controller Application Settings form is rebuilt each and every time it is opened. (Line: 47)
11/26/2024 07:50:30 [Information] int: 9600 BaudRate added to the Settings Form. (Line: 151)
11/26/2024 07:50:30 [Information] bool: False ckbXaxisResetToZeroIsChecked added to the Settings Form. (Line: 218)
11/26/2024 07:50:30 [Information] bool: False ckbYaxisResetToZeroIsChecked added to the Settings Form. (Line: 218)
11/26/2024 07:50:30 [Information] bool: False ckbZaxisResetToZeroIsChecked added to the Settings Form. (Line: 218)
11/26/2024 07:50:30 [Information] COM1: ComPort added to the Settings Form. (Line: 484)
11/26/2024 07:50:30 [Information] COM2: ComPort added to the Settings Form. (Line: 484)
11/26/2024 07:50:30 [Information] COM3: ComPort added to the Settings Form. (Line: 484)
11/26/2024 07:50:30 [Information] COM4: ComPort added to the Settings Form. (Line: 484)
11/26/2024 07:50:30 [Information] COM5: ComPort added to the Settings Form. (Line: 484)
11/26/2024 07:50:30 [Information] COM6: ComPort added to the Settings Form. (Line: 484)
11/26/2024 07:50:30 [Information] COM7: ComPort added to the Settings Form. (Line: 484)
11/26/2024 07:50:30 [Information] COM8: ComPort added to the Settings Form. (Line: 484)
11/26/2024 07:50:30 [Information] COM9: ComPort added to the Settings Form. (Line: 484)
11/26/2024 07:50:30 [Information] COM10: ComPort added to the Settings Form. (Line: 484)
11/26/2024 07:50:30 [Information] decimal: 4.00 Divider4_00 added to the Settings Form. (Line: 271)
11/26/2024 07:50:30 [Information] decimal: 0.00 MathPart2Initlz added to the Settings Form. (Line: 271)
11/26/2024 07:50:30 [Information] decimal: 1.00 MilisecondTimerInterval added to the Settings Form. (Line: 271)
11/26/2024 07:50:30 [Information] decimal: 1000.00 MillisecondDelay added to the Settings Form. (Line: 271)
11/26/2024 07:50:30 [Information] int: 1000 Milliseconds added to the Settings Form. (Line: 151)
11/26/2024 07:50:30 [Information] int: 4 mmPerRevolution added to the Settings Form. (Line: 151)
11/26/2024 07:50:30 [Information] int: 2000 ThreadSleep added to the Settings Form. (Line: 151)
11/26/2024 07:50:30 [Information] decimal: 0.00 Value_0_00 added to the Settings Form. (Line: 271)
11/26/2024 07:50:30 [Information] decimal: 50.00 XaxisAcceleration added to the Settings Form. (Line: 271)
11/26/2024 07:50:30 [Information] bool: False XaxisChanged added to the Settings Form. (Line: 218)
11/26/2024 07:50:30 [Information] decimal: 400.00 XaxisMotorSpeed added to the Settings Form. (Line: 271)
11/26/2024 07:50:30 [Information] decimal: 0.00 XaxisStepperCurrent added to the Settings Form. (Line: 271)
11/26/2024 07:50:30 [Information] decimal: 0.00 XaxisStepperMove added to the Settings Form. (Line: 271)
11/26/2024 07:50:30 [Information] XCOM1: XComPort added to the Settings Form. (Line: 346)
11/26/2024 07:50:30 [Information] XCOM2: XComPort added to the Settings Form. (Line: 346)
11/26/2024 07:50:30 [Information] XCOM3: XComPort added to the Settings Form. (Line: 346)
11/26/2024 07:50:30 [Information] XCOM4: XComPort added to the Settings Form. (Line: 346)
11/26/2024 07:50:30 [Information] XCOM5: XComPort added to the Settings Form. (Line: 346)
11/26/2024 07:50:30 [Information] XCOM6: XComPort added to the Settings Form. (Line: 346)
11/26/2024 07:50:30 [Information] XCOM7: XComPort added to the Settings Form. (Line: 346)
11/26/2024 07:50:30 [Information] XCOM8: XComPort added to the Settings Form. (Line: 346)
11/26/2024 07:50:30 [Information] XCOM9: XComPort added to the Settings Form. (Line: 346)
11/26/2024 07:50:30 [Information] XCOM10: XComPort added to the Settings Form. (Line: 346)
11/26/2024 07:50:30 [Information] decimal: 50.00 YaxisAcceleration added to the Settings Form. (Line: 271)
11/26/2024 07:50:30 [Information] bool: False YaxisChanged added to the Settings Form. (Line: 218)
11/26/2024 07:50:30 [Information] decimal: 400.00 YaxisMotorSpeed added to the Settings Form. (Line: 271)
11/26/2024 07:50:30 [Information] decimal: 0.00 YaxisStepperCurrent added to the Settings Form. (Line: 271)
11/26/2024 07:50:30 [Information] decimal: 0.00 YaxisStepperMove added to the Settings Form. (Line: 271)
11/26/2024 07:50:30 [Information] YCOM1: YComPort added to the Settings Form. (Line: 392)
11/26/2024 07:50:30 [Information] YCOM2: YComPort added to the Settings Form. (Line: 392)
11/26/2024 07:50:30 [Information] YCOM3: YComPort added to the Settings Form. (Line: 392)
11/26/2024 07:50:30 [Information] YCOM4: YComPort added to the Settings Form. (Line: 392)
11/26/2024 07:50:30 [Information] YCOM5: YComPort added to the Settings Form. (Line: 392)
11/26/2024 07:50:30 [Information] YCOM6: YComPort added to the Settings Form. (Line: 392)
11/26/2024 07:50:30 [Information] YCOM7: YComPort added to the Settings Form. (Line: 392)
11/26/2024 07:50:30 [Information] YCOM8: YComPort added to the Settings Form. (Line: 392)
11/26/2024 07:50:30 [Information] YCOM9: YComPort added to the Settings Form. (Line: 392)
11/26/2024 07:50:30 [Information] YCOM10: YComPort added to the Settings Form. (Line: 392)
11/26/2024 07:50:30 [Information] decimal: 50.00 ZaxisAcceleration added to the Settings Form. (Line: 271)
11/26/2024 07:50:30 [Information] bool: False ZaxisChanged added to the Settings Form. (Line: 218)
11/26/2024 07:50:30 [Information] decimal: 400.00 ZaxisMotorSpeed added to the Settings Form. (Line: 271)
11/26/2024 07:50:30 [Information] decimal: 0.00 ZaxisStepperCurrent added to the Settings Form. (Line: 271)
11/26/2024 07:50:30 [Information] decimal: 0.00 ZaxisStepperMove added to the Settings Form. (Line: 271)
11/26/2024 07:50:30 [Information] ZCOM1: ZComPort added to the Settings Form. (Line: 438)
11/26/2024 07:50:30 [Information] ZCOM2: ZComPort added to the Settings Form. (Line: 438)
11/26/2024 07:50:30 [Information] ZCOM3: ZComPort added to the Settings Form. (Line: 438)
11/26/2024 07:50:30 [Information] ZCOM4: ZComPort added to the Settings Form. (Line: 438)
11/26/2024 07:50:30 [Information] ZCOM5: ZComPort added to the Settings Form. (Line: 438)
11/26/2024 07:50:30 [Information] ZCOM6: ZComPort added to the Settings Form. (Line: 438)
11/26/2024 07:50:30 [Information] ZCOM7: ZComPort added to the Settings Form. (Line: 438)
11/26/2024 07:50:30 [Information] ZCOM8: ZComPort added to the Settings Form. (Line: 438)
11/26/2024 07:50:30 [Information] ZCOM9: ZComPort added to the Settings Form. (Line: 438)
11/26/2024 07:50:30 [Information] ZCOM10: ZComPort added to the Settings Form. (Line: 438)
11/26/2024 07:50:30 [Information] int: 0 zeroXaxis added to the Settings Form. (Line: 151)
11/26/2024 07:50:30 [Information] int: 0 zeroYaxis added to the Settings Form. (Line: 151)
11/26/2024 07:50:30 [Information] int: 0 zeroZaxis added to the Settings Form. (Line: 151)
11/26/2024 07:50:30 [Information] NewSettingsWindow updated to Stepper.StepperAppSettings (Line: 48)
11/26/2024 07:50:30 [Information] Stepper Motor Controller MainWindow loaded (Line: 1893)
11/26/2024 07:50:30 [Information] Set MainWindow Media Brushes to White. (Line: 1903)
11/26/2024 07:50:41 [Information] Z Axis stepper move updated to 16.00 (Line: 1691)
11/26/2024 07:50:41 [Information] txtZaxisStepperMove Axis mouse controlled Keypad returned: 16.00 (Line: 1731)
11/26/2024 07:50:43 [Information] Z Axis Run button clicked: (Line: 1214)
11/26/2024 07:50:43 [Information] Z Axis MotorMovementSeconds for <= 400.00 RPM: 2.40 (Line: 1451)
11/26/2024 07:50:43 [Information] TargetEndTime updated to 11/26/2024 07:50:45 (Line: 87)
11/26/2024 07:51:03 [Information] Z Axis Run Event: Z,0.00,400.00,0,0.00,400.00,0,16.00,400.00,0 (Line: 1377)
11/26/2024 07:51:03 [Information] Stepper Motor Countdown: Completed (Line: 947)
11/26/2024 07:51:03 [Information] ZAxisTargetReached updated to True (Line: 462)
11/26/2024 07:51:10 [Information] Z Axis Target Reached changed. (Line: 693)
11/26/2024 07:51:10 [Information] CompletedZAxisCurrentPosition updated to 16 (Line: 358)
11/26/2024 07:51:16 [Information] Stepper Motor Controller MainWindow Closing. (Line: 1914)
11/26/2024 07:51:16 [Information] Properties Settings Saved. (Line: 1923)
11/26/2024 07:51:16 [Information] Properties Settings Form Closed. (Line: 1929)
11/26/2024 07:51:16 [Information] Stepper Motor Controller Form Closed. (Line: 1932)
