11/22/2024 08:15:50 [Information] Stepper Motor Controller Application Started. (Line: 872)
11/22/2024 08:15:50 [Information] Version: 3.0.9092.14870 (11/22/2024 08:15:50) (Line: 876)
11/22/2024 08:15:50 [Information] Initializing Serial Ports. (Line: 707)
11/22/2024 08:15:50 [Error] I/O error occurred while opening the port COM7. (Line: 768)
11/22/2024 08:15:52 [Error] I/O error occurred while opening the port COM8. (Line: 768)
11/22/2024 08:15:53 [Information] SerialPort COM10 opened successfully. (Line: 753)
11/22/2024 08:15:53 [Information] SerialPort COM10 read 1 bytes. (Line: 758)
11/22/2024 08:15:53 [Information] Initializing Timers. (Line: 883)
11/22/2024 08:15:53 [Information] Stepper Motor Controller Application Started. (Line: 521)
11/22/2024 08:15:53 [Information] Version: 3.0.9092.14870 (11/22/2024 08:15:53) (Line: 525)
11/22/2024 08:15:53 [Information] Version: 3.1.0.14871 (11/22/2024 08:15:53) (Line: 588)
11/22/2024 08:15:53 [Information] Element AssemblyVersion not found in the provided XML document. (Line: 699)
11/22/2024 08:15:53 [Information] Element FileVersion not found in the provided XML document. (Line: 699)
11/22/2024 08:15:53 [Information] Version: 3.1.0.14871 (11/22/2024 08:15:53) (Line: 596)
11/22/2024 08:15:53 [Information] Stepper Motor Controller Application Settings Window Opened. (Line: 39)
11/22/2024 08:15:53 [Information] Stepper Motor Controller Application Settings form is rebuilt each and every time it is opened. (Line: 47)
11/22/2024 08:15:53 [Information] int: 9600 BaudRate added to the Settings Form. (Line: 151)
11/22/2024 08:15:53 [Information] bool: False ckbXaxisResetToZeroIsChecked added to the Settings Form. (Line: 218)
11/22/2024 08:15:53 [Information] bool: False ckbYaxisResetToZeroIsChecked added to the Settings Form. (Line: 218)
11/22/2024 08:15:53 [Information] bool: False ckbZaxisResetToZeroIsChecked added to the Settings Form. (Line: 218)
11/22/2024 08:15:53 [Information] COM1: ComPort added to the Settings Form. (Line: 484)
11/22/2024 08:15:53 [Information] COM2: ComPort added to the Settings Form. (Line: 484)
11/22/2024 08:15:53 [Information] COM3: ComPort added to the Settings Form. (Line: 484)
11/22/2024 08:15:53 [Information] COM4: ComPort added to the Settings Form. (Line: 484)
11/22/2024 08:15:53 [Information] COM5: ComPort added to the Settings Form. (Line: 484)
11/22/2024 08:15:53 [Information] COM6: ComPort added to the Settings Form. (Line: 484)
11/22/2024 08:15:53 [Information] COM7: ComPort added to the Settings Form. (Line: 484)
11/22/2024 08:15:53 [Information] COM8: ComPort added to the Settings Form. (Line: 484)
11/22/2024 08:15:53 [Information] COM9: ComPort added to the Settings Form. (Line: 484)
11/22/2024 08:15:53 [Information] COM10: ComPort added to the Settings Form. (Line: 484)
11/22/2024 08:15:53 [Information] decimal: 4.00 Divider4_00 added to the Settings Form. (Line: 271)
11/22/2024 08:15:53 [Information] decimal: 0.00 MathPart2Initlz added to the Settings Form. (Line: 271)
11/22/2024 08:15:53 [Information] decimal: 1.00 MilisecondTimerInterval added to the Settings Form. (Line: 271)
11/22/2024 08:15:53 [Information] decimal: 1000.00 MillisecondDelay added to the Settings Form. (Line: 271)
11/22/2024 08:15:53 [Information] int: 1000 Milliseconds added to the Settings Form. (Line: 151)
11/22/2024 08:15:53 [Information] int: 4 mmPerRevolution added to the Settings Form. (Line: 151)
11/22/2024 08:15:53 [Information] int: 2000 ThreadSleep added to the Settings Form. (Line: 151)
11/22/2024 08:15:53 [Information] decimal: 0.00 Value_0_00 added to the Settings Form. (Line: 271)
11/22/2024 08:15:53 [Information] decimal: 50.00 XaxisAcceleration added to the Settings Form. (Line: 271)
11/22/2024 08:15:53 [Information] bool: False XaxisChanged added to the Settings Form. (Line: 218)
11/22/2024 08:15:53 [Information] decimal: 400.00 XaxisMotorSpeed added to the Settings Form. (Line: 271)
11/22/2024 08:15:53 [Information] decimal: 0.00 XaxisStepperCurrent added to the Settings Form. (Line: 271)
11/22/2024 08:15:53 [Information] decimal: 0.00 XaxisStepperMove added to the Settings Form. (Line: 271)
11/22/2024 08:15:53 [Information] XCOM1: XComPort added to the Settings Form. (Line: 346)
11/22/2024 08:15:53 [Information] XCOM2: XComPort added to the Settings Form. (Line: 346)
11/22/2024 08:15:53 [Information] XCOM3: XComPort added to the Settings Form. (Line: 346)
11/22/2024 08:15:53 [Information] XCOM4: XComPort added to the Settings Form. (Line: 346)
11/22/2024 08:15:53 [Information] XCOM5: XComPort added to the Settings Form. (Line: 346)
11/22/2024 08:15:53 [Information] XCOM6: XComPort added to the Settings Form. (Line: 346)
11/22/2024 08:15:53 [Information] XCOM7: XComPort added to the Settings Form. (Line: 346)
11/22/2024 08:15:53 [Information] XCOM8: XComPort added to the Settings Form. (Line: 346)
11/22/2024 08:15:53 [Information] XCOM9: XComPort added to the Settings Form. (Line: 346)
11/22/2024 08:15:53 [Information] XCOM10: XComPort added to the Settings Form. (Line: 346)
11/22/2024 08:15:53 [Information] decimal: 50.00 YaxisAcceleration added to the Settings Form. (Line: 271)
11/22/2024 08:15:53 [Information] bool: False YaxisChanged added to the Settings Form. (Line: 218)
11/22/2024 08:15:53 [Information] decimal: 400.00 YaxisMotorSpeed added to the Settings Form. (Line: 271)
11/22/2024 08:15:53 [Information] decimal: 0.00 YaxisStepperCurrent added to the Settings Form. (Line: 271)
11/22/2024 08:15:53 [Information] decimal: 0.00 YaxisStepperMove added to the Settings Form. (Line: 271)
11/22/2024 08:15:53 [Information] YCOM1: YComPort added to the Settings Form. (Line: 392)
11/22/2024 08:15:53 [Information] YCOM2: YComPort added to the Settings Form. (Line: 392)
11/22/2024 08:15:53 [Information] YCOM3: YComPort added to the Settings Form. (Line: 392)
11/22/2024 08:15:53 [Information] YCOM4: YComPort added to the Settings Form. (Line: 392)
11/22/2024 08:15:53 [Information] YCOM5: YComPort added to the Settings Form. (Line: 392)
11/22/2024 08:15:53 [Information] YCOM6: YComPort added to the Settings Form. (Line: 392)
11/22/2024 08:15:53 [Information] YCOM7: YComPort added to the Settings Form. (Line: 392)
11/22/2024 08:15:53 [Information] YCOM8: YComPort added to the Settings Form. (Line: 392)
11/22/2024 08:15:53 [Information] YCOM9: YComPort added to the Settings Form. (Line: 392)
11/22/2024 08:15:53 [Information] YCOM10: YComPort added to the Settings Form. (Line: 392)
11/22/2024 08:15:53 [Information] decimal: 50.00 ZaxisAcceleration added to the Settings Form. (Line: 271)
11/22/2024 08:15:53 [Information] bool: False ZaxisChanged added to the Settings Form. (Line: 218)
11/22/2024 08:15:53 [Information] decimal: 400.00 ZaxisMotorSpeed added to the Settings Form. (Line: 271)
11/22/2024 08:15:53 [Information] decimal: 0.00 ZaxisStepperCurrent added to the Settings Form. (Line: 271)
11/22/2024 08:15:53 [Information] decimal: 0.00 ZaxisStepperMove added to the Settings Form. (Line: 271)
11/22/2024 08:15:53 [Information] ZCOM1: ZComPort added to the Settings Form. (Line: 438)
11/22/2024 08:15:53 [Information] ZCOM2: ZComPort added to the Settings Form. (Line: 438)
11/22/2024 08:15:53 [Information] ZCOM3: ZComPort added to the Settings Form. (Line: 438)
11/22/2024 08:15:53 [Information] ZCOM4: ZComPort added to the Settings Form. (Line: 438)
11/22/2024 08:15:53 [Information] ZCOM5: ZComPort added to the Settings Form. (Line: 438)
11/22/2024 08:15:53 [Information] ZCOM6: ZComPort added to the Settings Form. (Line: 438)
11/22/2024 08:15:53 [Information] ZCOM7: ZComPort added to the Settings Form. (Line: 438)
11/22/2024 08:15:53 [Information] ZCOM8: ZComPort added to the Settings Form. (Line: 438)
11/22/2024 08:15:53 [Information] ZCOM9: ZComPort added to the Settings Form. (Line: 438)
11/22/2024 08:15:53 [Information] ZCOM10: ZComPort added to the Settings Form. (Line: 438)
11/22/2024 08:15:53 [Information] int: 0 zeroXaxis added to the Settings Form. (Line: 151)
11/22/2024 08:15:53 [Information] int: 0 zeroYaxis added to the Settings Form. (Line: 151)
11/22/2024 08:15:53 [Information] int: 0 zeroZaxis added to the Settings Form. (Line: 151)
11/22/2024 08:15:54 [Information] Stepper Motor Controller MainWindow loaded (Line: 2474)
11/22/2024 08:15:54 [Information] Set MainWindow Media Brushes to White. (Line: 2484)
11/22/2024 08:16:01 [Information] txtZaxisStepperMove Axis mouse controlled Keypad returned: 16.50 (Line: 2307)
11/22/2024 08:16:02 [Information] Z Axis Run button clicked: (Line: 1392)
11/22/2024 08:16:02 [Information] Z Axis Target Reached: false (Line: 1395)
11/22/2024 08:16:02 [Information] RunAxisAsync(Z, 16.50, 400.00, False, COM10, False, False, System.Threading.CancellationTokenSource (Line: 1397)
11/22/2024 08:16:02 [Information] Z Axis Run button clicked: (Line: 1470)
11/22/2024 08:16:03 [Information] Z Axis Run Event: Z,0.00,400.00,0,0.00,400.00,0,16.50,400.00,0 (Line: 1660)
11/22/2024 08:16:03 [Information] Z Axis MotorMovementSeconds: 2.0625 (Line: 1927)
11/22/2024 08:16:03 [Information] Z Axis Timer Started. Target End Time: 08:16:05 (Line: 2153)
11/22/2024 08:16:03 [Information] Z Axis Stopwatch Started. (Line: 2178)
11/22/2024 08:16:03 [Information] Z Axis Motor Current Position: 16.5 (Line: 1758)
11/22/2024 08:16:03 [Information] Z Axis Current Time: 08:16:03 + 2000 = 08:16:05 (Line: 1690)
11/22/2024 08:16:03 [Information]  Zindata Contains: Z Axis Data Received:  s (Line: 1268)
11/22/2024 08:16:03 [Information] Z Axis Target Reached changed. (Line: 668)
11/22/2024 08:16:03 [Information]  Zindata Contains: Z Axis Data Received: erialData: Z,0.00,400.00,0,0.00,400.00,0,16.50,400.00,0
 (Line: 1268)
11/22/2024 08:16:05 [Information]  Zindata Contains: Z Axis Data Received:   (Line: 1268)
11/22/2024 08:16:05 [Information]  Zindata Contains: Z Axis Data Received: Z (Line: 1268)
11/22/2024 08:16:05 [Information]  Zindata Contains: Z Axis Data Received:   (Line: 1268)
11/22/2024 08:16:05 [Information]  Zindata Contains: Z Axis Data Received: A (Line: 1268)
11/22/2024 08:16:05 [Information]  Zindata Contains: Z Axis Data Received: x (Line: 1268)
11/22/2024 08:16:05 [Information]  Zindata Contains: Z Axis Data Received: i (Line: 1268)
11/22/2024 08:16:05 [Information]  Zindata Contains: Z Axis Data Received: s (Line: 1268)
11/22/2024 08:16:05 [Information]  Zindata Contains: Z Axis Data Received:   (Line: 1268)
11/22/2024 08:16:05 [Information]  Zindata Contains: Z Axis Data Received: r (Line: 1268)
11/22/2024 08:16:05 [Information]  Zindata Contains: Z Axis Data Received: e (Line: 1268)
11/22/2024 08:16:05 [Information]  Zindata Contains: Z Axis Data Received: a (Line: 1268)
11/22/2024 08:16:05 [Information]  Zindata Contains: Z Axis Data Received: c (Line: 1268)
11/22/2024 08:16:05 [Information]  Zindata Contains: Z Axis Data Received: h (Line: 1268)
11/22/2024 08:16:05 [Information]  Zindata Contains: Z Axis Data Received: e (Line: 1268)
11/22/2024 08:16:05 [Information]  Zindata Contains: Z Axis Data Received: d (Line: 1268)
11/22/2024 08:16:05 [Information]  Zindata Contains: Z Axis Data Received:   (Line: 1268)
11/22/2024 08:16:05 [Information]  Zindata Contains: Z Axis Data Received: t (Line: 1268)
11/22/2024 08:16:05 [Information]  Zindata Contains: Z Axis Data Received: a (Line: 1268)
11/22/2024 08:16:05 [Information]  Zindata Contains: Z Axis Data Received: r (Line: 1268)
11/22/2024 08:16:05 [Information]  Zindata Contains: Z Axis Data Received: g (Line: 1268)
11/22/2024 08:16:05 [Information]  Zindata Contains: Z Axis Data Received: e (Line: 1268)
11/22/2024 08:16:05 [Information]  Zindata Contains: Z Axis Data Received: t (Line: 1268)
11/22/2024 08:16:05 [Information]  Zindata Contains: Z Axis Data Received:   (Line: 1268)
11/22/2024 08:16:05 [Information]  Zindata Contains: Z Axis Data Received: p (Line: 1268)
11/22/2024 08:16:05 [Information]  Zindata Contains: Z Axis Data Received: o (Line: 1268)
11/22/2024 08:16:05 [Information]  Zindata Contains: Z Axis Data Received: s (Line: 1268)
11/22/2024 08:16:05 [Information]  Zindata Contains: Z Axis Data Received: i (Line: 1268)
11/22/2024 08:16:05 [Information]  Zindata Contains: Z Axis Data Received: t (Line: 1268)
11/22/2024 08:16:05 [Information]  Zindata Contains: Z Axis Data Received: i (Line: 1268)
11/22/2024 08:16:05 [Information]  Zindata Contains: Z Axis Data Received: o (Line: 1268)
11/22/2024 08:16:05 [Information]  Zindata Contains: Z Axis Data Received: n (Line: 1268)
11/22/2024 08:16:05 [Information]  Zindata Contains: Z Axis Data Received:  (Line: 1268)
11/22/2024 08:16:05 [Information]  Zindata Contains: Z Axis Data Received: 
 (Line: 1268)
11/22/2024 08:16:05 [Information]  Zindata Contains: Z Axis Data Received:   (Line: 1268)
11/22/2024 08:16:05 [Information]  Zindata Contains: Z Axis Data Received: C (Line: 1268)
11/22/2024 08:16:05 [Information]  Zindata Contains: Z Axis Data Received: u (Line: 1268)
11/22/2024 08:16:05 [Information]  Zindata Contains: Z Axis Data Received: r (Line: 1268)
11/22/2024 08:16:05 [Information]  Zindata Contains: Z Axis Data Received: r (Line: 1268)
11/22/2024 08:16:05 [Information]  Zindata Contains: Z Axis Data Received: e (Line: 1268)
11/22/2024 08:16:05 [Information]  Zindata Contains: Z Axis Data Received: n (Line: 1268)
11/22/2024 08:16:05 [Information]  Zindata Contains: Z Axis Data Received: t (Line: 1268)
11/22/2024 08:16:05 [Information]  Zindata Contains: Z Axis Data Received:   (Line: 1268)
11/22/2024 08:16:05 [Information]  Zindata Contains: Z Axis Data Received: P (Line: 1268)
11/22/2024 08:16:05 [Information]  Zindata Contains: Z Axis Data Received: o (Line: 1268)
11/22/2024 08:16:05 [Information]  Zindata Contains: Z Axis Data Received: s (Line: 1268)
11/22/2024 08:16:05 [Information]  Zindata Contains: Z Axis Data Received: i (Line: 1268)
11/22/2024 08:16:05 [Information]  Zindata Contains: Z Axis Data Received: t (Line: 1268)
11/22/2024 08:16:05 [Information]  Zindata Contains: Z Axis Data Received: i (Line: 1268)
11/22/2024 08:16:05 [Information]  Zindata Contains: Z Axis Data Received: o (Line: 1268)
11/22/2024 08:16:05 [Information]  Zindata Contains: Z Axis Data Received: n (Line: 1268)
11/22/2024 08:16:05 [Information]  Zindata Contains: Z Axis Data Received: : (Line: 1268)
11/22/2024 08:16:05 [Information]  Zindata Contains: Z Axis Data Received:   (Line: 1268)
11/22/2024 08:16:05 [Information]  Zindata Contains: Z Axis Data Received: 8 (Line: 1268)
11/22/2024 08:16:05 [Information]  Zindata Contains: Z Axis Data Received: 2 (Line: 1268)
11/22/2024 08:16:05 [Information]  Zindata Contains: Z Axis Data Received: 5 (Line: 1268)
11/22/2024 08:16:05 [Information]  Zindata Contains: Z Axis Data Received:  (Line: 1268)
11/22/2024 08:16:05 [Information]  Zindata Contains: Z Axis Data Received: 
 (Line: 1268)
11/22/2024 08:16:16 [Information] txtZaxisStepperMove Axis mouse controlled Keypad returned: -16.50 (Line: 2307)
11/22/2024 08:16:17 [Information] Z Axis Run button clicked: (Line: 1392)
11/22/2024 08:16:17 [Information] Z Axis Target Reached: false (Line: 1395)
11/22/2024 08:16:17 [Information] RunAxisAsync(Z, -16.50, 400.00, False, COM10, False, False, System.Threading.CancellationTokenSource (Line: 1397)
11/22/2024 08:16:17 [Information] Z Axis Run button clicked: (Line: 1470)
11/22/2024 08:16:18 [Information] Z Axis Run Event: Z,0.00,400.00,0,0.00,400.00,0,-16.50,400.00,0 (Line: 1660)
11/22/2024 08:16:18 [Information] Z Axis MotorMovementSeconds: -2.0625 (Line: 1927)
11/22/2024 08:16:18 [Information] Z Axis Timer Started. Target End Time: 08:16:16 (Line: 2153)
11/22/2024 08:16:18 [Information] Z Axis Stopwatch Started. (Line: 2178)
11/22/2024 08:16:18 [Information] Z Axis Target Reached changed. (Line: 668)
11/22/2024 08:16:18 [Information] Z Axis Motor Current Position: 0 (Line: 1758)
11/22/2024 08:16:18 [Information] Z Axis Current Time: 08:16:18 + -2000 = 08:16:16 (Line: 1690)
11/22/2024 08:16:18 [Information]  Zindata Contains: Z Axis Data Received: ????????????????????????????????????????????????????????????????s (Line: 1268)
11/22/2024 08:16:18 [Information] Z Axis Target Reached changed. (Line: 668)
11/22/2024 08:16:18 [Information]  Zindata Contains: Z Axis Data Received: eri (Line: 1268)
11/22/2024 08:16:18 [Information]  Zindata Contains: Z Axis Data Received: a (Line: 1268)
11/22/2024 08:16:18 [Information]  Zindata Contains: Z Axis Data Received: l (Line: 1268)
11/22/2024 08:16:18 [Information]  Zindata Contains: Z Axis Data Received: Da (Line: 1268)
11/22/2024 08:16:19 [Information]  Zindata Contains: Z Axis Data Received: ta (Line: 1268)
11/22/2024 08:16:19 [Information]  Zindata Contains: Z Axis Data Received: :  (Line: 1268)
11/22/2024 08:16:19 [Information]  Zindata Contains: Z Axis Data Received: Z (Line: 1268)
11/22/2024 08:16:19 [Information]  Zindata Contains: Z Axis Data Received: , (Line: 1268)
11/22/2024 08:16:19 [Information]  Zindata Contains: Z Axis Data Received: 0 (Line: 1268)
11/22/2024 08:16:19 [Information]  Zindata Contains: Z Axis Data Received: . (Line: 1268)
11/22/2024 08:16:19 [Information]  Zindata Contains: Z Axis Data Received: 0 (Line: 1268)
11/22/2024 08:16:19 [Information]  Zindata Contains: Z Axis Data Received: 0 (Line: 1268)
11/22/2024 08:16:19 [Information]  Zindata Contains: Z Axis Data Received: , (Line: 1268)
11/22/2024 08:16:19 [Information]  Zindata Contains: Z Axis Data Received: 4 (Line: 1268)
11/22/2024 08:16:19 [Information]  Zindata Contains: Z Axis Data Received: 0 (Line: 1268)
11/22/2024 08:16:19 [Information]  Zindata Contains: Z Axis Data Received: 0 (Line: 1268)
11/22/2024 08:16:19 [Information]  Zindata Contains: Z Axis Data Received: . (Line: 1268)
11/22/2024 08:16:19 [Information]  Zindata Contains: Z Axis Data Received: 0 (Line: 1268)
11/22/2024 08:16:19 [Information]  Zindata Contains: Z Axis Data Received: 0 (Line: 1268)
11/22/2024 08:16:19 [Information]  Zindata Contains: Z Axis Data Received: , (Line: 1268)
11/22/2024 08:16:19 [Information]  Zindata Contains: Z Axis Data Received: 0 (Line: 1268)
11/22/2024 08:16:19 [Information]  Zindata Contains: Z Axis Data Received: , (Line: 1268)
11/22/2024 08:16:19 [Information]  Zindata Contains: Z Axis Data Received: 0 (Line: 1268)
11/22/2024 08:16:19 [Information]  Zindata Contains: Z Axis Data Received: . (Line: 1268)
11/22/2024 08:16:19 [Information]  Zindata Contains: Z Axis Data Received: 0 (Line: 1268)
11/22/2024 08:16:19 [Information]  Zindata Contains: Z Axis Data Received: 0 (Line: 1268)
11/22/2024 08:16:19 [Information]  Zindata Contains: Z Axis Data Received: , (Line: 1268)
11/22/2024 08:16:19 [Information]  Zindata Contains: Z Axis Data Received: 4 (Line: 1268)
11/22/2024 08:16:19 [Information]  Zindata Contains: Z Axis Data Received: 0 (Line: 1268)
11/22/2024 08:16:19 [Information]  Zindata Contains: Z Axis Data Received: 0 (Line: 1268)
11/22/2024 08:16:19 [Information]  Zindata Contains: Z Axis Data Received: . (Line: 1268)
11/22/2024 08:16:19 [Information]  Zindata Contains: Z Axis Data Received: 0 (Line: 1268)
11/22/2024 08:16:19 [Information]  Zindata Contains: Z Axis Data Received: 0 (Line: 1268)
11/22/2024 08:16:19 [Information]  Zindata Contains: Z Axis Data Received: , (Line: 1268)
11/22/2024 08:16:19 [Information]  Zindata Contains: Z Axis Data Received: 0 (Line: 1268)
11/22/2024 08:16:19 [Information]  Zindata Contains: Z Axis Data Received: , (Line: 1268)
11/22/2024 08:16:19 [Information]  Zindata Contains: Z Axis Data Received: - (Line: 1268)
11/22/2024 08:16:19 [Information]  Zindata Contains: Z Axis Data Received: 1 (Line: 1268)
11/22/2024 08:16:19 [Information]  Zindata Contains: Z Axis Data Received: 6 (Line: 1268)
11/22/2024 08:16:19 [Information]  Zindata Contains: Z Axis Data Received: . (Line: 1268)
11/22/2024 08:16:19 [Information]  Zindata Contains: Z Axis Data Received: 5 (Line: 1268)
11/22/2024 08:16:19 [Information]  Zindata Contains: Z Axis Data Received: 0 (Line: 1268)
11/22/2024 08:16:19 [Information]  Zindata Contains: Z Axis Data Received: , (Line: 1268)
11/22/2024 08:16:19 [Information]  Zindata Contains: Z Axis Data Received: 4 (Line: 1268)
11/22/2024 08:16:19 [Information]  Zindata Contains: Z Axis Data Received: 0 (Line: 1268)
11/22/2024 08:16:19 [Information]  Zindata Contains: Z Axis Data Received: 0 (Line: 1268)
11/22/2024 08:16:19 [Information]  Zindata Contains: Z Axis Data Received: . (Line: 1268)
11/22/2024 08:16:19 [Information]  Zindata Contains: Z Axis Data Received: 0 (Line: 1268)
11/22/2024 08:16:19 [Information]  Zindata Contains: Z Axis Data Received: 0 (Line: 1268)
11/22/2024 08:16:19 [Information]  Zindata Contains: Z Axis Data Received: , (Line: 1268)
11/22/2024 08:16:19 [Information]  Zindata Contains: Z Axis Data Received: 0 (Line: 1268)
11/22/2024 08:16:19 [Information]  Zindata Contains: Z Axis Data Received:  (Line: 1268)
11/22/2024 08:16:19 [Information]  Zindata Contains: Z Axis Data Received: 
 (Line: 1268)
11/22/2024 08:16:21 [Information]  Zindata Contains: Z Axis Data Received:   (Line: 1268)
11/22/2024 08:16:21 [Information]  Zindata Contains: Z Axis Data Received: Z (Line: 1268)
11/22/2024 08:16:21 [Information]  Zindata Contains: Z Axis Data Received:   (Line: 1268)
11/22/2024 08:16:21 [Information]  Zindata Contains: Z Axis Data Received: A (Line: 1268)
11/22/2024 08:16:21 [Information]  Zindata Contains: Z Axis Data Received: x (Line: 1268)
11/22/2024 08:16:21 [Information]  Zindata Contains: Z Axis Data Received: i (Line: 1268)
11/22/2024 08:16:21 [Information]  Zindata Contains: Z Axis Data Received: s (Line: 1268)
11/22/2024 08:16:21 [Information]  Zindata Contains: Z Axis Data Received:   (Line: 1268)
11/22/2024 08:16:21 [Information]  Zindata Contains: Z Axis Data Received: r (Line: 1268)
11/22/2024 08:16:21 [Information]  Zindata Contains: Z Axis Data Received: e (Line: 1268)
11/22/2024 08:16:21 [Information]  Zindata Contains: Z Axis Data Received: a (Line: 1268)
11/22/2024 08:16:21 [Information]  Zindata Contains: Z Axis Data Received: c (Line: 1268)
11/22/2024 08:16:21 [Information]  Zindata Contains: Z Axis Data Received: h (Line: 1268)
11/22/2024 08:16:21 [Information]  Zindata Contains: Z Axis Data Received: e (Line: 1268)
11/22/2024 08:16:21 [Information]  Zindata Contains: Z Axis Data Received: d (Line: 1268)
11/22/2024 08:16:21 [Information]  Zindata Contains: Z Axis Data Received:   (Line: 1268)
11/22/2024 08:16:21 [Information]  Zindata Contains: Z Axis Data Received: t (Line: 1268)
11/22/2024 08:16:21 [Information]  Zindata Contains: Z Axis Data Received: a (Line: 1268)
11/22/2024 08:16:21 [Information]  Zindata Contains: Z Axis Data Received: r (Line: 1268)
11/22/2024 08:16:21 [Information]  Zindata Contains: Z Axis Data Received: g (Line: 1268)
11/22/2024 08:16:21 [Information]  Zindata Contains: Z Axis Data Received: e (Line: 1268)
11/22/2024 08:16:21 [Information]  Zindata Contains: Z Axis Data Received: t (Line: 1268)
11/22/2024 08:16:21 [Information]  Zindata Contains: Z Axis Data Received:   (Line: 1268)
11/22/2024 08:16:21 [Information]  Zindata Contains: Z Axis Data Received: p (Line: 1268)
11/22/2024 08:16:21 [Information]  Zindata Contains: Z Axis Data Received: o (Line: 1268)
11/22/2024 08:16:21 [Information]  Zindata Contains: Z Axis Data Received: s (Line: 1268)
11/22/2024 08:16:21 [Information]  Zindata Contains: Z Axis Data Received: i (Line: 1268)
11/22/2024 08:16:21 [Information]  Zindata Contains: Z Axis Data Received: t (Line: 1268)
11/22/2024 08:16:21 [Information]  Zindata Contains: Z Axis Data Received: i (Line: 1268)
11/22/2024 08:16:21 [Information]  Zindata Contains: Z Axis Data Received: o (Line: 1268)
11/22/2024 08:16:21 [Information]  Zindata Contains: Z Axis Data Received: n (Line: 1268)
11/22/2024 08:16:21 [Information]  Zindata Contains: Z Axis Data Received:  (Line: 1268)
11/22/2024 08:16:21 [Information]  Zindata Contains: Z Axis Data Received: 
 (Line: 1268)
11/22/2024 08:16:21 [Information]  Zindata Contains: Z Axis Data Received:   (Line: 1268)
11/22/2024 08:16:21 [Information]  Zindata Contains: Z Axis Data Received: C (Line: 1268)
11/22/2024 08:16:21 [Information]  Zindata Contains: Z Axis Data Received: u (Line: 1268)
11/22/2024 08:16:21 [Information]  Zindata Contains: Z Axis Data Received: r (Line: 1268)
11/22/2024 08:16:21 [Information]  Zindata Contains: Z Axis Data Received: r (Line: 1268)
11/22/2024 08:16:21 [Information]  Zindata Contains: Z Axis Data Received: e (Line: 1268)
11/22/2024 08:16:21 [Information]  Zindata Contains: Z Axis Data Received: n (Line: 1268)
11/22/2024 08:16:21 [Information]  Zindata Contains: Z Axis Data Received: t (Line: 1268)
11/22/2024 08:16:21 [Information]  Zindata Contains: Z Axis Data Received:   (Line: 1268)
11/22/2024 08:16:21 [Information]  Zindata Contains: Z Axis Data Received: P (Line: 1268)
11/22/2024 08:16:21 [Information]  Zindata Contains: Z Axis Data Received: o (Line: 1268)
11/22/2024 08:16:21 [Information]  Zindata Contains: Z Axis Data Received: s (Line: 1268)
11/22/2024 08:16:21 [Information]  Zindata Contains: Z Axis Data Received: i (Line: 1268)
11/22/2024 08:16:21 [Information]  Zindata Contains: Z Axis Data Received: t (Line: 1268)
11/22/2024 08:16:21 [Information]  Zindata Contains: Z Axis Data Received: i (Line: 1268)
11/22/2024 08:16:21 [Information]  Zindata Contains: Z Axis Data Received: o (Line: 1268)
11/22/2024 08:16:21 [Information]  Zindata Contains: Z Axis Data Received: n (Line: 1268)
11/22/2024 08:16:21 [Information]  Zindata Contains: Z Axis Data Received: : (Line: 1268)
11/22/2024 08:16:21 [Information]  Zindata Contains: Z Axis Data Received:   (Line: 1268)
11/22/2024 08:16:21 [Information]  Zindata Contains: Z Axis Data Received: - (Line: 1268)
11/22/2024 08:16:21 [Information]  Zindata Contains: Z Axis Data Received: 8 (Line: 1268)
11/22/2024 08:16:21 [Information]  Zindata Contains: Z Axis Data Received: 2 (Line: 1268)
11/22/2024 08:16:21 [Information]  Zindata Contains: Z Axis Data Received: 5 (Line: 1268)
11/22/2024 08:16:21 [Information]  Zindata Contains: Z Axis Data Received:  (Line: 1268)
11/22/2024 08:16:21 [Information]  Zindata Contains: Z Axis Data Received: 
 (Line: 1268)
11/22/2024 08:16:28 [Information] Z Axis Run button clicked: (Line: 1392)
11/22/2024 08:16:28 [Information] Z Axis Target Reached: false (Line: 1395)
11/22/2024 08:16:28 [Information] RunAxisAsync(Z, -16.50, 400.00, False, COM10, False, False, System.Threading.CancellationTokenSource (Line: 1397)
11/22/2024 08:16:28 [Information] Z Axis Run button clicked: (Line: 1470)
11/22/2024 08:16:29 [Information] Z Axis Run Event: Z,0.00,400.00,0,0.00,400.00,0,-16.50,400.00,0 (Line: 1660)
11/22/2024 08:16:29 [Information] Z Axis MotorMovementSeconds: -2.0625 (Line: 1927)
11/22/2024 08:16:29 [Information] Z Axis Timer Started. Target End Time: 08:16:27 (Line: 2153)
11/22/2024 08:16:29 [Information] Z Axis Stopwatch Started. (Line: 2178)
11/22/2024 08:16:29 [Information] Z Axis Target Reached changed. (Line: 668)
11/22/2024 08:16:29 [Information] Z Axis Motor Current Position: -16.5 (Line: 1758)
11/22/2024 08:16:29 [Information] Z Axis Current Time: 08:16:29 + -2000 = 08:16:27 (Line: 1690)
11/22/2024 08:16:29 [Information]  Zindata Contains: Z Axis Data Received:   (Line: 1268)
11/22/2024 08:16:29 [Information] Z Axis Target Reached changed. (Line: 668)
11/22/2024 08:16:29 [Information]  Zindata Contains: Z Axis Data Received: s (Line: 1268)
11/22/2024 08:16:29 [Information]  Zindata Contains: Z Axis Data Received: e (Line: 1268)
11/22/2024 08:16:29 [Information]  Zindata Contains: Z Axis Data Received: r (Line: 1268)
11/22/2024 08:16:29 [Information]  Zindata Contains: Z Axis Data Received: i (Line: 1268)
11/22/2024 08:16:29 [Information]  Zindata Contains: Z Axis Data Received: a (Line: 1268)
11/22/2024 08:16:29 [Information]  Zindata Contains: Z Axis Data Received: l (Line: 1268)
11/22/2024 08:16:29 [Information]  Zindata Contains: Z Axis Data Received: D (Line: 1268)
11/22/2024 08:16:29 [Information]  Zindata Contains: Z Axis Data Received: a (Line: 1268)
11/22/2024 08:16:29 [Information]  Zindata Contains: Z Axis Data Received: t (Line: 1268)
11/22/2024 08:16:29 [Information]  Zindata Contains: Z Axis Data Received: a (Line: 1268)
11/22/2024 08:16:29 [Information]  Zindata Contains: Z Axis Data Received: : (Line: 1268)
11/22/2024 08:16:29 [Information]  Zindata Contains: Z Axis Data Received:   (Line: 1268)
11/22/2024 08:16:29 [Information]  Zindata Contains: Z Axis Data Received: Z (Line: 1268)
11/22/2024 08:16:29 [Information]  Zindata Contains: Z Axis Data Received: , (Line: 1268)
11/22/2024 08:16:29 [Information]  Zindata Contains: Z Axis Data Received: 0 (Line: 1268)
11/22/2024 08:16:29 [Information]  Zindata Contains: Z Axis Data Received: . (Line: 1268)
11/22/2024 08:16:29 [Information]  Zindata Contains: Z Axis Data Received: 0 (Line: 1268)
11/22/2024 08:16:29 [Information]  Zindata Contains: Z Axis Data Received: 0 (Line: 1268)
11/22/2024 08:16:29 [Information]  Zindata Contains: Z Axis Data Received: , (Line: 1268)
11/22/2024 08:16:29 [Information]  Zindata Contains: Z Axis Data Received: 4 (Line: 1268)
11/22/2024 08:16:29 [Information]  Zindata Contains: Z Axis Data Received: 0 (Line: 1268)
11/22/2024 08:16:29 [Information]  Zindata Contains: Z Axis Data Received: 0 (Line: 1268)
11/22/2024 08:16:29 [Information]  Zindata Contains: Z Axis Data Received: . (Line: 1268)
11/22/2024 08:16:29 [Information]  Zindata Contains: Z Axis Data Received: 0 (Line: 1268)
11/22/2024 08:16:29 [Information]  Zindata Contains: Z Axis Data Received: 0 (Line: 1268)
11/22/2024 08:16:29 [Information]  Zindata Contains: Z Axis Data Received: , (Line: 1268)
11/22/2024 08:16:29 [Information]  Zindata Contains: Z Axis Data Received: 0 (Line: 1268)
11/22/2024 08:16:29 [Information]  Zindata Contains: Z Axis Data Received: , (Line: 1268)
11/22/2024 08:16:29 [Information]  Zindata Contains: Z Axis Data Received: 0 (Line: 1268)
11/22/2024 08:16:29 [Information]  Zindata Contains: Z Axis Data Received: . (Line: 1268)
11/22/2024 08:16:29 [Information]  Zindata Contains: Z Axis Data Received: 0 (Line: 1268)
11/22/2024 08:16:29 [Information]  Zindata Contains: Z Axis Data Received: 0 (Line: 1268)
11/22/2024 08:16:29 [Information]  Zindata Contains: Z Axis Data Received: , (Line: 1268)
11/22/2024 08:16:29 [Information]  Zindata Contains: Z Axis Data Received: 4 (Line: 1268)
11/22/2024 08:16:29 [Information]  Zindata Contains: Z Axis Data Received: 0 (Line: 1268)
11/22/2024 08:16:29 [Information]  Zindata Contains: Z Axis Data Received: 0 (Line: 1268)
11/22/2024 08:16:29 [Information]  Zindata Contains: Z Axis Data Received: . (Line: 1268)
11/22/2024 08:16:29 [Information]  Zindata Contains: Z Axis Data Received: 0 (Line: 1268)
11/22/2024 08:16:29 [Information]  Zindata Contains: Z Axis Data Received: 0 (Line: 1268)
11/22/2024 08:16:29 [Information]  Zindata Contains: Z Axis Data Received: , (Line: 1268)
11/22/2024 08:16:29 [Information]  Zindata Contains: Z Axis Data Received: 0 (Line: 1268)
11/22/2024 08:16:29 [Information]  Zindata Contains: Z Axis Data Received: , (Line: 1268)
11/22/2024 08:16:29 [Information]  Zindata Contains: Z Axis Data Received: - (Line: 1268)
11/22/2024 08:16:29 [Information]  Zindata Contains: Z Axis Data Received: 1 (Line: 1268)
11/22/2024 08:16:29 [Information]  Zindata Contains: Z Axis Data Received: 6 (Line: 1268)
11/22/2024 08:16:29 [Information]  Zindata Contains: Z Axis Data Received: . (Line: 1268)
11/22/2024 08:16:29 [Information]  Zindata Contains: Z Axis Data Received: 5 (Line: 1268)
11/22/2024 08:16:29 [Information]  Zindata Contains: Z Axis Data Received: 0 (Line: 1268)
11/22/2024 08:16:29 [Information]  Zindata Contains: Z Axis Data Received: , (Line: 1268)
11/22/2024 08:16:29 [Information]  Zindata Contains: Z Axis Data Received: 4 (Line: 1268)
11/22/2024 08:16:29 [Information]  Zindata Contains: Z Axis Data Received: 0 (Line: 1268)
11/22/2024 08:16:29 [Information]  Zindata Contains: Z Axis Data Received: 0 (Line: 1268)
11/22/2024 08:16:29 [Information]  Zindata Contains: Z Axis Data Received: . (Line: 1268)
11/22/2024 08:16:29 [Information]  Zindata Contains: Z Axis Data Received: 0 (Line: 1268)
11/22/2024 08:16:29 [Information]  Zindata Contains: Z Axis Data Received: 0 (Line: 1268)
11/22/2024 08:16:29 [Information]  Zindata Contains: Z Axis Data Received: , (Line: 1268)
11/22/2024 08:16:29 [Information]  Zindata Contains: Z Axis Data Received: 0 (Line: 1268)
11/22/2024 08:16:29 [Information]  Zindata Contains: Z Axis Data Received:  (Line: 1268)
11/22/2024 08:16:29 [Information]  Zindata Contains: Z Axis Data Received: 
 (Line: 1268)
11/22/2024 08:16:31 [Information]  Zindata Contains: Z Axis Data Received:   (Line: 1268)
11/22/2024 08:16:31 [Information]  Zindata Contains: Z Axis Data Received: Z (Line: 1268)
11/22/2024 08:16:31 [Information]  Zindata Contains: Z Axis Data Received:   (Line: 1268)
11/22/2024 08:16:31 [Information]  Zindata Contains: Z Axis Data Received: A (Line: 1268)
11/22/2024 08:16:31 [Information]  Zindata Contains: Z Axis Data Received: x (Line: 1268)
11/22/2024 08:16:31 [Information]  Zindata Contains: Z Axis Data Received: i (Line: 1268)
11/22/2024 08:16:31 [Information]  Zindata Contains: Z Axis Data Received: s (Line: 1268)
11/22/2024 08:16:31 [Information]  Zindata Contains: Z Axis Data Received:   (Line: 1268)
11/22/2024 08:16:31 [Information]  Zindata Contains: Z Axis Data Received: r (Line: 1268)
11/22/2024 08:16:31 [Information]  Zindata Contains: Z Axis Data Received: e (Line: 1268)
11/22/2024 08:16:31 [Information]  Zindata Contains: Z Axis Data Received: a (Line: 1268)
11/22/2024 08:16:31 [Information]  Zindata Contains: Z Axis Data Received: c (Line: 1268)
11/22/2024 08:16:31 [Information]  Zindata Contains: Z Axis Data Received: h (Line: 1268)
11/22/2024 08:16:31 [Information]  Zindata Contains: Z Axis Data Received: e (Line: 1268)
11/22/2024 08:16:31 [Information]  Zindata Contains: Z Axis Data Received: d (Line: 1268)
11/22/2024 08:16:31 [Information]  Zindata Contains: Z Axis Data Received:   (Line: 1268)
11/22/2024 08:16:31 [Information]  Zindata Contains: Z Axis Data Received: t (Line: 1268)
11/22/2024 08:16:31 [Information]  Zindata Contains: Z Axis Data Received: a (Line: 1268)
11/22/2024 08:16:31 [Information]  Zindata Contains: Z Axis Data Received: r (Line: 1268)
11/22/2024 08:16:31 [Information]  Zindata Contains: Z Axis Data Received: g (Line: 1268)
11/22/2024 08:16:31 [Information]  Zindata Contains: Z Axis Data Received: e (Line: 1268)
11/22/2024 08:16:31 [Information]  Zindata Contains: Z Axis Data Received: t (Line: 1268)
11/22/2024 08:16:31 [Information]  Zindata Contains: Z Axis Data Received:   (Line: 1268)
11/22/2024 08:16:31 [Information]  Zindata Contains: Z Axis Data Received: p (Line: 1268)
11/22/2024 08:16:31 [Information]  Zindata Contains: Z Axis Data Received: o (Line: 1268)
11/22/2024 08:16:31 [Information]  Zindata Contains: Z Axis Data Received: s (Line: 1268)
11/22/2024 08:16:31 [Information]  Zindata Contains: Z Axis Data Received: i (Line: 1268)
11/22/2024 08:16:31 [Information]  Zindata Contains: Z Axis Data Received: t (Line: 1268)
11/22/2024 08:16:31 [Information]  Zindata Contains: Z Axis Data Received: i (Line: 1268)
11/22/2024 08:16:31 [Information]  Zindata Contains: Z Axis Data Received: o (Line: 1268)
11/22/2024 08:16:31 [Information]  Zindata Contains: Z Axis Data Received: n (Line: 1268)
11/22/2024 08:16:31 [Information]  Zindata Contains: Z Axis Data Received:  (Line: 1268)
11/22/2024 08:16:31 [Information]  Zindata Contains: Z Axis Data Received: 
 (Line: 1268)
11/22/2024 08:16:31 [Information]  Zindata Contains: Z Axis Data Received:   (Line: 1268)
11/22/2024 08:16:31 [Information]  Zindata Contains: Z Axis Data Received: C (Line: 1268)
11/22/2024 08:16:31 [Information]  Zindata Contains: Z Axis Data Received: u (Line: 1268)
11/22/2024 08:16:31 [Information]  Zindata Contains: Z Axis Data Received: r (Line: 1268)
11/22/2024 08:16:31 [Information]  Zindata Contains: Z Axis Data Received: r (Line: 1268)
11/22/2024 08:16:31 [Information]  Zindata Contains: Z Axis Data Received: e (Line: 1268)
11/22/2024 08:16:31 [Information]  Zindata Contains: Z Axis Data Received: n (Line: 1268)
11/22/2024 08:16:31 [Information]  Zindata Contains: Z Axis Data Received: t (Line: 1268)
11/22/2024 08:16:31 [Information]  Zindata Contains: Z Axis Data Received:   (Line: 1268)
11/22/2024 08:16:31 [Information]  Zindata Contains: Z Axis Data Received: P (Line: 1268)
11/22/2024 08:16:31 [Information]  Zindata Contains: Z Axis Data Received: o (Line: 1268)
11/22/2024 08:16:31 [Information]  Zindata Contains: Z Axis Data Received: s (Line: 1268)
11/22/2024 08:16:31 [Information]  Zindata Contains: Z Axis Data Received: i (Line: 1268)
11/22/2024 08:16:31 [Information]  Zindata Contains: Z Axis Data Received: t (Line: 1268)
11/22/2024 08:16:31 [Information]  Zindata Contains: Z Axis Data Received: i (Line: 1268)
11/22/2024 08:16:31 [Information]  Zindata Contains: Z Axis Data Received: o (Line: 1268)
11/22/2024 08:16:31 [Information]  Zindata Contains: Z Axis Data Received: n (Line: 1268)
11/22/2024 08:16:31 [Information]  Zindata Contains: Z Axis Data Received: : (Line: 1268)
11/22/2024 08:16:31 [Information]  Zindata Contains: Z Axis Data Received:   (Line: 1268)
11/22/2024 08:16:31 [Information]  Zindata Contains: Z Axis Data Received: - (Line: 1268)
11/22/2024 08:16:31 [Information]  Zindata Contains: Z Axis Data Received: 8 (Line: 1268)
11/22/2024 08:16:31 [Information]  Zindata Contains: Z Axis Data Received: 2 (Line: 1268)
11/22/2024 08:16:32 [Information]  Zindata Contains: Z Axis Data Received: 5 (Line: 1268)
11/22/2024 08:16:32 [Information]  Zindata Contains: Z Axis Data Received:  (Line: 1268)
11/22/2024 08:16:32 [Information]  Zindata Contains: Z Axis Data Received: 
 (Line: 1268)
11/22/2024 08:16:32 [Information] Stepper Motor Controller MainWindow Closing. (Line: 2495)
11/22/2024 08:16:32 [Information] SerialPort for X Axis closed. (Line: 2539)
11/22/2024 08:16:32 [Information] Properties Settings Saved. (Line: 2504)
11/22/2024 08:16:32 [Information] Properties Settings Form Closed. (Line: 2510)
11/22/2024 08:16:32 [Information] Stepper Motor Controller Form Closed. (Line: 2513)
