11/26/2024 08:22:38 [Information] Logger updated to Microsoft.Extensions.Logging.Logger`1[Stepper.MainWindow] (Line: 225)
11/26/2024 08:22:38 [Information] Stepper Motor Controller Application Started. (Line: 921)
11/26/2024 08:22:38 [Information] Version: 3.0.9096.15075 (11/26/2024 08:22:38) (Line: 925)
11/26/2024 08:22:38 [Information] Initializing Serial Ports. (Line: 750)
11/26/2024 08:22:38 [Error] I/O error occurred while opening the port COM7. (Line: 813)
11/26/2024 08:22:41 [Error] I/O error occurred while opening the port COM8. (Line: 813)
11/26/2024 08:22:41 [Information] SerialPort COM10 opened successfully. (Line: 796)
11/26/2024 08:22:41 [Information] SerialPort COM10 read 1 bytes. (Line: 801)
11/26/2024 08:22:41 [Information] CountdownTimer updated to System.Windows.Threading.DispatcherTimer (Line: 61)
11/26/2024 08:22:41 [Information] Stepper Motor Controller Application Started. (Line: 545)
11/26/2024 08:22:41 [Information] Version: 3.0.9096.15075 (11/26/2024 08:22:41) (Line: 549)
11/26/2024 08:22:42 [Information] Version: 3.1.0.15076 (11/26/2024 08:22:42) (Line: 625)
11/26/2024 08:22:42 [Information] Element AssemblyVersion not found in the provided XML document. (Line: 742)
11/26/2024 08:22:42 [Information] Element FileVersion not found in the provided XML document. (Line: 742)
11/26/2024 08:22:42 [Information] Version: 3.1.0.15076 (11/26/2024 08:22:42) (Line: 633)
11/26/2024 08:22:42 [Information] Stepper Motor Controller Application Settings Window Opened. (Line: 39)
11/26/2024 08:22:42 [Information] Stepper Motor Controller Application Settings form is rebuilt each and every time it is opened. (Line: 47)
11/26/2024 08:22:42 [Information] int: 9600 BaudRate added to the Settings Form. (Line: 151)
11/26/2024 08:22:42 [Information] bool: False ckbXaxisResetToZeroIsChecked added to the Settings Form. (Line: 218)
11/26/2024 08:22:42 [Information] bool: False ckbYaxisResetToZeroIsChecked added to the Settings Form. (Line: 218)
11/26/2024 08:22:42 [Information] bool: False ckbZaxisResetToZeroIsChecked added to the Settings Form. (Line: 218)
11/26/2024 08:22:42 [Information] COM1: ComPort added to the Settings Form. (Line: 484)
11/26/2024 08:22:42 [Information] COM2: ComPort added to the Settings Form. (Line: 484)
11/26/2024 08:22:42 [Information] COM3: ComPort added to the Settings Form. (Line: 484)
11/26/2024 08:22:42 [Information] COM4: ComPort added to the Settings Form. (Line: 484)
11/26/2024 08:22:42 [Information] COM5: ComPort added to the Settings Form. (Line: 484)
11/26/2024 08:22:42 [Information] COM6: ComPort added to the Settings Form. (Line: 484)
11/26/2024 08:22:42 [Information] COM7: ComPort added to the Settings Form. (Line: 484)
11/26/2024 08:22:42 [Information] COM8: ComPort added to the Settings Form. (Line: 484)
11/26/2024 08:22:42 [Information] COM9: ComPort added to the Settings Form. (Line: 484)
11/26/2024 08:22:42 [Information] COM10: ComPort added to the Settings Form. (Line: 484)
11/26/2024 08:22:42 [Information] decimal: 4.00 Divider4_00 added to the Settings Form. (Line: 271)
11/26/2024 08:22:42 [Information] decimal: 0.00 MathPart2Initlz added to the Settings Form. (Line: 271)
11/26/2024 08:22:42 [Information] decimal: 1.00 MilisecondTimerInterval added to the Settings Form. (Line: 271)
11/26/2024 08:22:42 [Information] decimal: 1000.00 MillisecondDelay added to the Settings Form. (Line: 271)
11/26/2024 08:22:42 [Information] int: 1000 Milliseconds added to the Settings Form. (Line: 151)
11/26/2024 08:22:42 [Information] int: 4 mmPerRevolution added to the Settings Form. (Line: 151)
11/26/2024 08:22:42 [Information] int: 2000 ThreadSleep added to the Settings Form. (Line: 151)
11/26/2024 08:22:42 [Information] decimal: 0.00 Value_0_00 added to the Settings Form. (Line: 271)
11/26/2024 08:22:42 [Information] decimal: 50.00 XaxisAcceleration added to the Settings Form. (Line: 271)
11/26/2024 08:22:42 [Information] bool: False XaxisChanged added to the Settings Form. (Line: 218)
11/26/2024 08:22:42 [Information] decimal: 400.00 XaxisMotorSpeed added to the Settings Form. (Line: 271)
11/26/2024 08:22:42 [Information] decimal: 0.00 XaxisStepperCurrent added to the Settings Form. (Line: 271)
11/26/2024 08:22:42 [Information] decimal: 0.00 XaxisStepperMove added to the Settings Form. (Line: 271)
11/26/2024 08:22:42 [Information] XCOM1: XComPort added to the Settings Form. (Line: 346)
11/26/2024 08:22:42 [Information] XCOM2: XComPort added to the Settings Form. (Line: 346)
11/26/2024 08:22:42 [Information] XCOM3: XComPort added to the Settings Form. (Line: 346)
11/26/2024 08:22:42 [Information] XCOM4: XComPort added to the Settings Form. (Line: 346)
11/26/2024 08:22:42 [Information] XCOM5: XComPort added to the Settings Form. (Line: 346)
11/26/2024 08:22:42 [Information] XCOM6: XComPort added to the Settings Form. (Line: 346)
11/26/2024 08:22:42 [Information] XCOM7: XComPort added to the Settings Form. (Line: 346)
11/26/2024 08:22:42 [Information] XCOM8: XComPort added to the Settings Form. (Line: 346)
11/26/2024 08:22:42 [Information] XCOM9: XComPort added to the Settings Form. (Line: 346)
11/26/2024 08:22:42 [Information] XCOM10: XComPort added to the Settings Form. (Line: 346)
11/26/2024 08:22:42 [Information] decimal: 50.00 YaxisAcceleration added to the Settings Form. (Line: 271)
11/26/2024 08:22:42 [Information] bool: False YaxisChanged added to the Settings Form. (Line: 218)
11/26/2024 08:22:42 [Information] decimal: 400.00 YaxisMotorSpeed added to the Settings Form. (Line: 271)
11/26/2024 08:22:42 [Information] decimal: 0.00 YaxisStepperCurrent added to the Settings Form. (Line: 271)
11/26/2024 08:22:42 [Information] decimal: 0.00 YaxisStepperMove added to the Settings Form. (Line: 271)
11/26/2024 08:22:42 [Information] YCOM1: YComPort added to the Settings Form. (Line: 392)
11/26/2024 08:22:42 [Information] YCOM2: YComPort added to the Settings Form. (Line: 392)
11/26/2024 08:22:42 [Information] YCOM3: YComPort added to the Settings Form. (Line: 392)
11/26/2024 08:22:42 [Information] YCOM4: YComPort added to the Settings Form. (Line: 392)
11/26/2024 08:22:42 [Information] YCOM5: YComPort added to the Settings Form. (Line: 392)
11/26/2024 08:22:42 [Information] YCOM6: YComPort added to the Settings Form. (Line: 392)
11/26/2024 08:22:42 [Information] YCOM7: YComPort added to the Settings Form. (Line: 392)
11/26/2024 08:22:42 [Information] YCOM8: YComPort added to the Settings Form. (Line: 392)
11/26/2024 08:22:42 [Information] YCOM9: YComPort added to the Settings Form. (Line: 392)
11/26/2024 08:22:42 [Information] YCOM10: YComPort added to the Settings Form. (Line: 392)
11/26/2024 08:22:42 [Information] decimal: 50.00 ZaxisAcceleration added to the Settings Form. (Line: 271)
11/26/2024 08:22:42 [Information] bool: False ZaxisChanged added to the Settings Form. (Line: 218)
11/26/2024 08:22:42 [Information] decimal: 400.00 ZaxisMotorSpeed added to the Settings Form. (Line: 271)
11/26/2024 08:22:42 [Information] decimal: 0.00 ZaxisStepperCurrent added to the Settings Form. (Line: 271)
11/26/2024 08:22:42 [Information] decimal: 0.00 ZaxisStepperMove added to the Settings Form. (Line: 271)
11/26/2024 08:22:42 [Information] ZCOM1: ZComPort added to the Settings Form. (Line: 438)
11/26/2024 08:22:42 [Information] ZCOM2: ZComPort added to the Settings Form. (Line: 438)
11/26/2024 08:22:42 [Information] ZCOM3: ZComPort added to the Settings Form. (Line: 438)
11/26/2024 08:22:42 [Information] ZCOM4: ZComPort added to the Settings Form. (Line: 438)
11/26/2024 08:22:42 [Information] ZCOM5: ZComPort added to the Settings Form. (Line: 438)
11/26/2024 08:22:42 [Information] ZCOM6: ZComPort added to the Settings Form. (Line: 438)
11/26/2024 08:22:42 [Information] ZCOM7: ZComPort added to the Settings Form. (Line: 438)
11/26/2024 08:22:42 [Information] ZCOM8: ZComPort added to the Settings Form. (Line: 438)
11/26/2024 08:22:42 [Information] ZCOM9: ZComPort added to the Settings Form. (Line: 438)
11/26/2024 08:22:42 [Information] ZCOM10: ZComPort added to the Settings Form. (Line: 438)
11/26/2024 08:22:42 [Information] int: 0 zeroXaxis added to the Settings Form. (Line: 151)
11/26/2024 08:22:42 [Information] int: 0 zeroYaxis added to the Settings Form. (Line: 151)
11/26/2024 08:22:42 [Information] int: 0 zeroZaxis added to the Settings Form. (Line: 151)
11/26/2024 08:22:42 [Information] NewSettingsWindow updated to Stepper.StepperAppSettings (Line: 48)
11/26/2024 08:22:42 [Information] Stepper Motor Controller MainWindow loaded (Line: 1900)
11/26/2024 08:22:42 [Information] Set MainWindow Media Brushes to White. (Line: 1910)
11/26/2024 08:22:48 [Information] Z Axis stepper move updated to 16.00 (Line: 1698)
11/26/2024 08:22:48 [Information] txtZaxisStepperMove Axis mouse controlled Keypad returned: 16.00 (Line: 1738)
11/26/2024 08:22:49 [Information] Z Axis Run button clicked: (Line: 1221)
11/26/2024 08:22:49 [Information] Z Axis MotorMovementSeconds for <= 400.00 RPM: 2.40 (Line: 1458)
11/26/2024 08:22:49 [Information] TargetEndTime updated to 11/26/2024 08:22:51 (Line: 87)
11/26/2024 08:22:49 [Information] Z Axis Run Event: Z,0.00,400.00,0,0.00,400.00,0,16.00,400.00,0 (Line: 1384)
11/26/2024 08:22:51 [Information] Stepper Motor Countdown: Completed (Line: 954)
11/26/2024 08:22:51 [Information] ZAxisTargetReached updated to True (Line: 462)
11/26/2024 08:22:51 [Information] Z Axis Target Reached changed. (Line: 694)
11/26/2024 08:22:51 [Information] CompletedZAxisCurrentPosition updated to 16 (Line: 358)
11/26/2024 08:22:57 [Information] Setting Z Axis Current Location Set to Zero on DRO (Line: 1589)
11/26/2024 08:22:58 [Information] Z Axis stepper move updated to 0.00 (Line: 1698)
11/26/2024 08:22:58 [Information] Z Axis Current Location Set to Zero (Line: 1623)
11/26/2024 08:23:04 [Information] Z Axis stepper move updated to 16.00 (Line: 1698)
11/26/2024 08:23:04 [Information] txtZaxisStepperMove Axis mouse controlled Keypad returned: 16.00 (Line: 1738)
11/26/2024 08:23:05 [Information] ZAxisTargetReached updated to False (Line: 462)
11/26/2024 08:23:05 [Information] Z Axis Target Reached changed. (Line: 694)
11/26/2024 08:23:05 [Information] Z Axis Run button clicked: (Line: 1221)
11/26/2024 08:23:05 [Information] Z Axis MotorMovementSeconds for <= 400.00 RPM: 2.40 (Line: 1458)
11/26/2024 08:23:05 [Information] TargetEndTime updated to 11/26/2024 08:23:07 (Line: 87)
11/26/2024 08:23:05 [Information] CompletedZAxisCurrentPosition updated to 0 (Line: 358)
11/26/2024 08:23:05 [Information] Z Axis Run Event: Z,0.00,400.00,0,0.00,400.00,0,16.00,400.00,0 (Line: 1384)
11/26/2024 08:23:07 [Information] Stepper Motor Countdown: Completed (Line: 954)
11/26/2024 08:23:07 [Information] ZAxisTargetReached updated to True (Line: 462)
11/26/2024 08:23:07 [Information] Z Axis Target Reached changed. (Line: 694)
11/26/2024 08:23:07 [Information] CompletedZAxisCurrentPosition updated to 16 (Line: 358)
11/26/2024 08:23:14 [Information] ZAxisTargetReached updated to False (Line: 462)
11/26/2024 08:23:14 [Information] Z Axis Target Reached changed. (Line: 694)
11/26/2024 08:23:14 [Information] Z Axis Run button clicked: (Line: 1221)
11/26/2024 08:23:14 [Information] Z Axis MotorMovementSeconds for <= 400.00 RPM: 2.40 (Line: 1458)
11/26/2024 08:23:14 [Information] TargetEndTime updated to 11/26/2024 08:23:16 (Line: 87)
11/26/2024 08:23:14 [Information] ZAxisAbsolutePosition updated to 16 (Line: 498)
11/26/2024 08:23:14 [Information] Z Axis Absolute Position changed. (Line: 716)
11/26/2024 08:23:14 [Information] Z Axis Run Event: Z,0.00,400.00,0,0.00,400.00,0,16.00,400.00,0 (Line: 1384)
11/26/2024 08:23:16 [Information] Stepper Motor Countdown: Completed (Line: 954)
11/26/2024 08:23:16 [Information] ZAxisTargetReached updated to True (Line: 462)
11/26/2024 08:23:16 [Information] Z Axis Target Reached changed. (Line: 694)
11/26/2024 08:23:16 [Information] CompletedZAxisCurrentPosition updated to 32 (Line: 358)
11/26/2024 08:23:18 [Information] Stepper Motor Countdown: Completed (Line: 1105)
11/26/2024 08:23:18 [Information] ZAxisAbsolutePosition updated to 23.1 (Line: 498)
11/26/2024 08:23:18 [Information] Z Axis Absolute Position changed. (Line: 716)
11/26/2024 08:23:18 [Information] LimitSwitchUpdateCompleted updated to True (Line: 530)
11/26/2024 08:23:18 [Information] Z Axis Motor Current Position: 7.1
11/26/2024 08:23:18 [Information] CW Limit Switch Activated! (Line: 1118)
11/26/2024 08:23:28 [Information] ZAxisTargetReached updated to False (Line: 462)
11/26/2024 08:23:28 [Information] Z Axis Target Reached changed. (Line: 694)
11/26/2024 08:23:28 [Information] Z Axis Run button clicked: (Line: 1221)
11/26/2024 08:23:28 [Information] Z Axis MotorMovementSeconds for <= 400.00 RPM: 2.40 (Line: 1458)
11/26/2024 08:23:28 [Information] TargetEndTime updated to 11/26/2024 08:23:30 (Line: 87)
11/26/2024 08:23:28 [Information] CompletedZAxisCurrentPosition updated to 23.1 (Line: 358)
11/26/2024 08:23:28 [Information] ZAxisAbsolutePosition updated to 46.2 (Line: 498)
11/26/2024 08:23:28 [Information] Z Axis Absolute Position changed. (Line: 716)
11/26/2024 08:23:28 [Information] Z Axis Run Event: Z,0.00,400.00,0,0.00,400.00,0,16.00,400.00,0 (Line: 1384)
11/26/2024 08:23:31 [Information] Stepper Motor Countdown: Completed (Line: 954)
11/26/2024 08:23:31 [Information] ZAxisTargetReached updated to True (Line: 462)
11/26/2024 08:23:31 [Information] Z Axis Target Reached changed. (Line: 694)
11/26/2024 08:23:31 [Information] CompletedZAxisCurrentPosition updated to 39.1 (Line: 358)
11/26/2024 08:23:34 [Information] Stepper Motor Countdown: Completed (Line: 1105)
11/26/2024 08:23:34 [Information] ZAxisAbsolutePosition updated to 52.38 (Line: 498)
11/26/2024 08:23:34 [Information] Z Axis Absolute Position changed. (Line: 716)
11/26/2024 08:23:34 [Information] LimitSwitchUpdateCompleted updated to True (Line: 530)
11/26/2024 08:23:34 [Information] Z Axis Motor Current Position: 6.18
11/26/2024 08:23:34 [Information] CW Limit Switch Activated! (Line: 1118)
11/26/2024 08:23:36 [Information] ZAxisTargetReached updated to False (Line: 462)
11/26/2024 08:23:36 [Information] Z Axis Target Reached changed. (Line: 694)
11/26/2024 08:23:36 [Information] Z Axis Run button clicked: (Line: 1221)
11/26/2024 08:23:36 [Information] Z Axis MotorMovementSeconds for <= 400.00 RPM: 2.40 (Line: 1458)
11/26/2024 08:23:36 [Information] TargetEndTime updated to 11/26/2024 08:23:38 (Line: 87)
11/26/2024 08:23:36 [Information] CompletedZAxisCurrentPosition updated to 52.38 (Line: 358)
11/26/2024 08:23:36 [Information] ZAxisAbsolutePosition updated to 104.76 (Line: 498)
11/26/2024 08:23:36 [Information] Z Axis Absolute Position changed. (Line: 716)
11/26/2024 08:23:36 [Information] Z Axis Run Event: Z,0.00,400.00,0,0.00,400.00,0,16.00,400.00,0 (Line: 1384)
11/26/2024 08:23:38 [Information] Stepper Motor Countdown: Completed (Line: 954)
11/26/2024 08:23:38 [Information] ZAxisTargetReached updated to True (Line: 462)
11/26/2024 08:23:38 [Information] Z Axis Target Reached changed. (Line: 694)
11/26/2024 08:23:38 [Information] CompletedZAxisCurrentPosition updated to 68.380005 (Line: 358)
11/26/2024 08:23:42 [Information] ZAxisTargetReached updated to False (Line: 462)
11/26/2024 08:23:42 [Information] Z Axis Target Reached changed. (Line: 694)
11/26/2024 08:23:42 [Information] Z Axis Run button clicked: (Line: 1221)
11/26/2024 08:23:42 [Information] Z Axis MotorMovementSeconds for <= 400.00 RPM: 2.40 (Line: 1458)
11/26/2024 08:23:42 [Information] TargetEndTime updated to 11/26/2024 08:23:44 (Line: 87)
11/26/2024 08:23:42 [Information] CompletedZAxisCurrentPosition updated to 68.38 (Line: 358)
11/26/2024 08:23:42 [Information] ZAxisAbsolutePosition updated to 173.14 (Line: 498)
11/26/2024 08:23:42 [Information] Z Axis Absolute Position changed. (Line: 716)
11/26/2024 08:23:42 [Information] Z Axis Run Event: Z,0.00,400.00,0,0.00,400.00,0,16.00,400.00,0 (Line: 1384)
11/26/2024 08:23:44 [Information] Stepper Motor Countdown: Completed (Line: 954)
11/26/2024 08:23:44 [Information] ZAxisTargetReached updated to True (Line: 462)
11/26/2024 08:23:44 [Information] Z Axis Target Reached changed. (Line: 694)
11/26/2024 08:23:44 [Information] CompletedZAxisCurrentPosition updated to 84.38 (Line: 358)
11/26/2024 08:23:47 [Information] ZAxisTargetReached updated to False (Line: 462)
11/26/2024 08:23:47 [Information] Z Axis Target Reached changed. (Line: 694)
11/26/2024 08:23:47 [Information] Z Axis Run button clicked: (Line: 1221)
11/26/2024 08:23:47 [Information] Z Axis MotorMovementSeconds for <= 400.00 RPM: 2.40 (Line: 1458)
11/26/2024 08:23:47 [Information] TargetEndTime updated to 11/26/2024 08:23:49 (Line: 87)
11/26/2024 08:23:47 [Information] ZAxisAbsolutePosition updated to 257.52 (Line: 498)
11/26/2024 08:23:47 [Information] Z Axis Absolute Position changed. (Line: 716)
11/26/2024 08:23:47 [Information] Z Axis Run Event: Z,0.00,400.00,0,0.00,400.00,0,16.00,400.00,0 (Line: 1384)
11/26/2024 08:23:49 [Information] Stepper Motor Countdown: Completed (Line: 1105)
11/26/2024 08:23:49 [Information] ZAxisAbsolutePosition updated to 261.97998 (Line: 498)
11/26/2024 08:23:49 [Information] Z Axis Absolute Position changed. (Line: 716)
11/26/2024 08:23:49 [Information] LimitSwitchUpdateCompleted updated to True (Line: 530)
11/26/2024 08:23:49 [Information] Z Axis Motor Current Position: 4.46
11/26/2024 08:23:49 [Information] CW Limit Switch Activated! (Line: 1118)
11/26/2024 08:23:52 [Information] Stepper Motor Controller MainWindow Closing. (Line: 1921)
11/26/2024 08:23:52 [Information] Properties Settings Saved. (Line: 1930)
11/26/2024 08:23:52 [Information] Properties Settings Form Closed. (Line: 1936)
11/26/2024 08:23:52 [Information] Stepper Motor Controller Form Closed. (Line: 1939)
