11/26/2024 08:01:24 [Information] Logger updated to Microsoft.Extensions.Logging.Logger`1[Stepper.MainWindow] (Line: 225)
11/26/2024 08:01:24 [Information] Stepper Motor Controller Application Started. (Line: 921)
11/26/2024 08:01:24 [Information] Version: 3.0.9096.14435 (11/26/2024 08:01:24) (Line: 925)
11/26/2024 08:01:24 [Information] Initializing Serial Ports. (Line: 750)
11/26/2024 08:01:24 [Error] I/O error occurred while opening the port COM7. (Line: 813)
11/26/2024 08:01:26 [Error] I/O error occurred while opening the port COM8. (Line: 813)
11/26/2024 08:01:27 [Information] SerialPort COM10 opened successfully. (Line: 796)
11/26/2024 08:01:27 [Information] SerialPort COM10 read 1 bytes. (Line: 801)
11/26/2024 08:01:27 [Information] CountdownTimer updated to System.Windows.Threading.DispatcherTimer (Line: 61)
11/26/2024 08:01:27 [Information] Stepper Motor Controller Application Started. (Line: 545)
11/26/2024 08:01:27 [Information] Version: 3.0.9096.14435 (11/26/2024 08:01:27) (Line: 549)
11/26/2024 08:01:27 [Information] Version: 3.1.0.14436 (11/26/2024 08:01:27) (Line: 625)
11/26/2024 08:01:27 [Information] Element AssemblyVersion not found in the provided XML document. (Line: 742)
11/26/2024 08:01:27 [Information] Element FileVersion not found in the provided XML document. (Line: 742)
11/26/2024 08:01:27 [Information] Version: 3.1.0.14436 (11/26/2024 08:01:27) (Line: 633)
11/26/2024 08:01:27 [Information] Stepper Motor Controller Application Settings Window Opened. (Line: 39)
11/26/2024 08:01:27 [Information] Stepper Motor Controller Application Settings form is rebuilt each and every time it is opened. (Line: 47)
11/26/2024 08:01:27 [Information] int: 9600 BaudRate added to the Settings Form. (Line: 151)
11/26/2024 08:01:27 [Information] bool: False ckbXaxisResetToZeroIsChecked added to the Settings Form. (Line: 218)
11/26/2024 08:01:27 [Information] bool: False ckbYaxisResetToZeroIsChecked added to the Settings Form. (Line: 218)
11/26/2024 08:01:27 [Information] bool: False ckbZaxisResetToZeroIsChecked added to the Settings Form. (Line: 218)
11/26/2024 08:01:27 [Information] COM1: ComPort added to the Settings Form. (Line: 484)
11/26/2024 08:01:27 [Information] COM2: ComPort added to the Settings Form. (Line: 484)
11/26/2024 08:01:27 [Information] COM3: ComPort added to the Settings Form. (Line: 484)
11/26/2024 08:01:27 [Information] COM4: ComPort added to the Settings Form. (Line: 484)
11/26/2024 08:01:27 [Information] COM5: ComPort added to the Settings Form. (Line: 484)
11/26/2024 08:01:27 [Information] COM6: ComPort added to the Settings Form. (Line: 484)
11/26/2024 08:01:27 [Information] COM7: ComPort added to the Settings Form. (Line: 484)
11/26/2024 08:01:27 [Information] COM8: ComPort added to the Settings Form. (Line: 484)
11/26/2024 08:01:27 [Information] COM9: ComPort added to the Settings Form. (Line: 484)
11/26/2024 08:01:27 [Information] COM10: ComPort added to the Settings Form. (Line: 484)
11/26/2024 08:01:27 [Information] decimal: 4.00 Divider4_00 added to the Settings Form. (Line: 271)
11/26/2024 08:01:27 [Information] decimal: 0.00 MathPart2Initlz added to the Settings Form. (Line: 271)
11/26/2024 08:01:27 [Information] decimal: 1.00 MilisecondTimerInterval added to the Settings Form. (Line: 271)
11/26/2024 08:01:27 [Information] decimal: 1000.00 MillisecondDelay added to the Settings Form. (Line: 271)
11/26/2024 08:01:27 [Information] int: 1000 Milliseconds added to the Settings Form. (Line: 151)
11/26/2024 08:01:27 [Information] int: 4 mmPerRevolution added to the Settings Form. (Line: 151)
11/26/2024 08:01:27 [Information] int: 2000 ThreadSleep added to the Settings Form. (Line: 151)
11/26/2024 08:01:27 [Information] decimal: 0.00 Value_0_00 added to the Settings Form. (Line: 271)
11/26/2024 08:01:27 [Information] decimal: 50.00 XaxisAcceleration added to the Settings Form. (Line: 271)
11/26/2024 08:01:27 [Information] bool: False XaxisChanged added to the Settings Form. (Line: 218)
11/26/2024 08:01:27 [Information] decimal: 400.00 XaxisMotorSpeed added to the Settings Form. (Line: 271)
11/26/2024 08:01:27 [Information] decimal: 0.00 XaxisStepperCurrent added to the Settings Form. (Line: 271)
11/26/2024 08:01:27 [Information] decimal: 0.00 XaxisStepperMove added to the Settings Form. (Line: 271)
11/26/2024 08:01:27 [Information] XCOM1: XComPort added to the Settings Form. (Line: 346)
11/26/2024 08:01:27 [Information] XCOM2: XComPort added to the Settings Form. (Line: 346)
11/26/2024 08:01:27 [Information] XCOM3: XComPort added to the Settings Form. (Line: 346)
11/26/2024 08:01:27 [Information] XCOM4: XComPort added to the Settings Form. (Line: 346)
11/26/2024 08:01:27 [Information] XCOM5: XComPort added to the Settings Form. (Line: 346)
11/26/2024 08:01:27 [Information] XCOM6: XComPort added to the Settings Form. (Line: 346)
11/26/2024 08:01:27 [Information] XCOM7: XComPort added to the Settings Form. (Line: 346)
11/26/2024 08:01:27 [Information] XCOM8: XComPort added to the Settings Form. (Line: 346)
11/26/2024 08:01:27 [Information] XCOM9: XComPort added to the Settings Form. (Line: 346)
11/26/2024 08:01:27 [Information] XCOM10: XComPort added to the Settings Form. (Line: 346)
11/26/2024 08:01:27 [Information] decimal: 50.00 YaxisAcceleration added to the Settings Form. (Line: 271)
11/26/2024 08:01:27 [Information] bool: False YaxisChanged added to the Settings Form. (Line: 218)
11/26/2024 08:01:27 [Information] decimal: 400.00 YaxisMotorSpeed added to the Settings Form. (Line: 271)
11/26/2024 08:01:27 [Information] decimal: 0.00 YaxisStepperCurrent added to the Settings Form. (Line: 271)
11/26/2024 08:01:27 [Information] decimal: 0.00 YaxisStepperMove added to the Settings Form. (Line: 271)
11/26/2024 08:01:27 [Information] YCOM1: YComPort added to the Settings Form. (Line: 392)
11/26/2024 08:01:27 [Information] YCOM2: YComPort added to the Settings Form. (Line: 392)
11/26/2024 08:01:27 [Information] YCOM3: YComPort added to the Settings Form. (Line: 392)
11/26/2024 08:01:27 [Information] YCOM4: YComPort added to the Settings Form. (Line: 392)
11/26/2024 08:01:27 [Information] YCOM5: YComPort added to the Settings Form. (Line: 392)
11/26/2024 08:01:27 [Information] YCOM6: YComPort added to the Settings Form. (Line: 392)
11/26/2024 08:01:27 [Information] YCOM7: YComPort added to the Settings Form. (Line: 392)
11/26/2024 08:01:27 [Information] YCOM8: YComPort added to the Settings Form. (Line: 392)
11/26/2024 08:01:27 [Information] YCOM9: YComPort added to the Settings Form. (Line: 392)
11/26/2024 08:01:27 [Information] YCOM10: YComPort added to the Settings Form. (Line: 392)
11/26/2024 08:01:27 [Information] decimal: 50.00 ZaxisAcceleration added to the Settings Form. (Line: 271)
11/26/2024 08:01:27 [Information] bool: False ZaxisChanged added to the Settings Form. (Line: 218)
11/26/2024 08:01:27 [Information] decimal: 400.00 ZaxisMotorSpeed added to the Settings Form. (Line: 271)
11/26/2024 08:01:27 [Information] decimal: 0.00 ZaxisStepperCurrent added to the Settings Form. (Line: 271)
11/26/2024 08:01:27 [Information] decimal: 0.00 ZaxisStepperMove added to the Settings Form. (Line: 271)
11/26/2024 08:01:27 [Information] ZCOM1: ZComPort added to the Settings Form. (Line: 438)
11/26/2024 08:01:27 [Information] ZCOM2: ZComPort added to the Settings Form. (Line: 438)
11/26/2024 08:01:27 [Information] ZCOM3: ZComPort added to the Settings Form. (Line: 438)
11/26/2024 08:01:27 [Information] ZCOM4: ZComPort added to the Settings Form. (Line: 438)
11/26/2024 08:01:27 [Information] ZCOM5: ZComPort added to the Settings Form. (Line: 438)
11/26/2024 08:01:27 [Information] ZCOM6: ZComPort added to the Settings Form. (Line: 438)
11/26/2024 08:01:27 [Information] ZCOM7: ZComPort added to the Settings Form. (Line: 438)
11/26/2024 08:01:27 [Information] ZCOM8: ZComPort added to the Settings Form. (Line: 438)
11/26/2024 08:01:27 [Information] ZCOM9: ZComPort added to the Settings Form. (Line: 438)
11/26/2024 08:01:27 [Information] ZCOM10: ZComPort added to the Settings Form. (Line: 438)
11/26/2024 08:01:27 [Information] int: 0 zeroXaxis added to the Settings Form. (Line: 151)
11/26/2024 08:01:27 [Information] int: 0 zeroYaxis added to the Settings Form. (Line: 151)
11/26/2024 08:01:27 [Information] int: 0 zeroZaxis added to the Settings Form. (Line: 151)
11/26/2024 08:01:27 [Information] NewSettingsWindow updated to Stepper.StepperAppSettings (Line: 48)
11/26/2024 08:01:28 [Information] Stepper Motor Controller MainWindow loaded (Line: 1900)
11/26/2024 08:01:28 [Information] Set MainWindow Media Brushes to White. (Line: 1910)
11/26/2024 08:01:34 [Information] Z Axis stepper move updated to 16.00 (Line: 1698)
11/26/2024 08:01:34 [Information] txtZaxisStepperMove Axis mouse controlled Keypad returned: 16.00 (Line: 1738)
11/26/2024 08:01:36 [Information] Z Axis Run button clicked: (Line: 1221)
11/26/2024 08:01:36 [Information] Z Axis MotorMovementSeconds for <= 400.00 RPM: 2.40 (Line: 1458)
11/26/2024 08:01:36 [Information] TargetEndTime updated to 11/26/2024 08:01:38 (Line: 87)
11/26/2024 08:01:42 [Information] Z Axis Run Event: Z,0.00,400.00,0,0.00,400.00,0,16.00,400.00,0 (Line: 1384)
11/26/2024 08:01:42 [Information] Stepper Motor Countdown: Completed (Line: 954)
11/26/2024 08:01:42 [Information] ZAxisTargetReached updated to True (Line: 462)
11/26/2024 08:01:42 [Information] Z Axis Target Reached changed. (Line: 694)
11/26/2024 08:01:42 [Information] CompletedZAxisCurrentPosition updated to 16 (Line: 358)
11/26/2024 08:01:57 [Information] ZAxisTargetReached updated to False (Line: 462)
11/26/2024 08:01:57 [Information] Z Axis Target Reached changed. (Line: 694)
11/26/2024 08:01:57 [Information] Z Axis Run button clicked: (Line: 1221)
11/26/2024 08:01:57 [Information] Z Axis MotorMovementSeconds for <= 400.00 RPM: 2.40 (Line: 1458)
11/26/2024 08:01:57 [Information] TargetEndTime updated to 11/26/2024 08:01:59 (Line: 87)
11/26/2024 08:02:13 [Information] ZAxisAbsolutePosition updated to 16 (Line: 498)
11/26/2024 08:02:23 [Information] Z Axis Absolute Position changed. (Line: 716)
11/26/2024 08:02:23 [Information] Z Axis Run Event: Z,0.00,400.00,0,0.00,400.00,0,16.00,400.00,0 (Line: 1384)
11/26/2024 08:02:23 [Information] Stepper Motor Countdown: Completed (Line: 954)
11/26/2024 08:02:23 [Information] ZAxisTargetReached updated to True (Line: 462)
11/26/2024 08:02:23 [Information] Z Axis Target Reached changed. (Line: 694)
11/26/2024 08:02:23 [Information] CompletedZAxisCurrentPosition updated to 32 (Line: 358)
11/26/2024 08:02:26 [Information] ZAxisTargetReached updated to False (Line: 462)
11/26/2024 08:02:26 [Information] Z Axis Target Reached changed. (Line: 694)
11/26/2024 08:02:26 [Information] Z Axis Run button clicked: (Line: 1221)
11/26/2024 08:02:26 [Information] Z Axis MotorMovementSeconds for <= 400.00 RPM: 2.40 (Line: 1458)
11/26/2024 08:02:26 [Information] TargetEndTime updated to 11/26/2024 08:02:28 (Line: 87)
11/26/2024 08:02:34 [Information] ZAxisAbsolutePosition updated to 48 (Line: 498)
11/26/2024 08:02:38 [Information] Z Axis Absolute Position changed. (Line: 716)
11/26/2024 08:02:38 [Information] Z Axis Run Event: Z,0.00,400.00,0,0.00,400.00,0,16.00,400.00,0 (Line: 1384)
11/26/2024 08:02:38 [Information] Stepper Motor Countdown: Completed (Line: 954)
11/26/2024 08:02:38 [Information] ZAxisTargetReached updated to True (Line: 462)
11/26/2024 08:02:38 [Information] Z Axis Target Reached changed. (Line: 694)
11/26/2024 08:02:38 [Information] CompletedZAxisCurrentPosition updated to 48 (Line: 358)
11/26/2024 08:02:44 [Information] ZAxisTargetReached updated to False (Line: 462)
11/26/2024 08:02:44 [Information] Z Axis Target Reached changed. (Line: 694)
11/26/2024 08:02:44 [Information] Z Axis Run button clicked: (Line: 1221)
11/26/2024 08:02:44 [Information] Z Axis MotorMovementSeconds for <= 400.00 RPM: 2.40 (Line: 1458)
11/26/2024 08:02:44 [Information] TargetEndTime updated to 11/26/2024 08:02:46 (Line: 87)
11/26/2024 08:02:52 [Information] ZAxisAbsolutePosition updated to 96 (Line: 498)
11/26/2024 08:02:55 [Information] Z Axis Absolute Position changed. (Line: 716)
11/26/2024 08:02:55 [Information] Z Axis Run Event: Z,0.00,400.00,0,0.00,400.00,0,16.00,400.00,0 (Line: 1384)
11/26/2024 08:02:55 [Information] Stepper Motor Countdown: Completed (Line: 954)
11/26/2024 08:02:55 [Information] ZAxisTargetReached updated to True (Line: 462)
11/26/2024 08:02:55 [Information] Z Axis Target Reached changed. (Line: 694)
11/26/2024 08:02:55 [Information] CompletedZAxisCurrentPosition updated to 64 (Line: 358)
11/26/2024 08:03:34 [Information] ZaxisStepperMoveTemp updated to 16.00 (Line: 212)
11/26/2024 08:03:38 [Information] Z Axis stepper move updated to 32.00 (Line: 1698)
11/26/2024 08:03:38 [Information] txtZaxisStepperMove Axis mouse controlled Keypad returned: 32.00 (Line: 1738)
11/26/2024 08:03:40 [Information] ZAxisTargetReached updated to False (Line: 462)
11/26/2024 08:03:40 [Information] Z Axis Target Reached changed. (Line: 694)
11/26/2024 08:03:40 [Information] Z Axis Run button clicked: (Line: 1221)
11/26/2024 08:03:40 [Information] Z Axis MotorMovementSeconds for <= 400.00 RPM: 4.80 (Line: 1458)
11/26/2024 08:03:40 [Information] TargetEndTime updated to 11/26/2024 08:03:45 (Line: 87)
11/26/2024 08:03:43 [Information] ZAxisAbsolutePosition updated to 160 (Line: 498)
11/26/2024 08:03:45 [Information] Z Axis Absolute Position changed. (Line: 716)
11/26/2024 08:03:45 [Information] Z Axis Run Event: Z,0.00,400.00,0,0.00,400.00,0,32.00,400.00,0 (Line: 1384)
11/26/2024 08:03:46 [Information] Stepper Motor Countdown: Completed (Line: 954)
11/26/2024 08:03:46 [Information] ZAxisTargetReached updated to True (Line: 462)
11/26/2024 08:03:46 [Information] Z Axis Target Reached changed. (Line: 694)
11/26/2024 08:03:46 [Information] CompletedZAxisCurrentPosition updated to 96 (Line: 358)
11/26/2024 08:03:50 [Information] ZaxisStepperMoveTemp updated to 32.00 (Line: 212)
11/26/2024 08:03:56 [Information] Z Axis stepper move updated to -96.00 (Line: 1698)
11/26/2024 08:03:56 [Information] txtZaxisStepperMove Axis mouse controlled Keypad returned: -96.00 (Line: 1738)
11/26/2024 08:03:58 [Information] ZAxisTargetReached updated to False (Line: 462)
11/26/2024 08:03:58 [Information] Z Axis Target Reached changed. (Line: 694)
11/26/2024 08:03:58 [Information] Z Axis Run button clicked: (Line: 1221)
11/26/2024 08:03:58 [Information] Z Axis MotorMovementSeconds for <= 400.00 RPM: 14.40 (Line: 1458)
11/26/2024 08:03:58 [Information] TargetEndTime updated to 11/26/2024 08:04:12 (Line: 87)
11/26/2024 08:04:01 [Information] ZAxisAbsolutePosition updated to 256 (Line: 498)
11/26/2024 08:04:11 [Information] Z Axis Absolute Position changed. (Line: 716)
11/26/2024 08:04:11 [Information] Z Axis Run Event: Z,0.00,400.00,0,0.00,400.00,0,-96.00,400.00,0 (Line: 1384)
11/26/2024 08:04:12 [Information] Stepper Motor Countdown: Completed (Line: 954)
11/26/2024 08:04:12 [Information] ZAxisTargetReached updated to True (Line: 462)
11/26/2024 08:04:12 [Information] Z Axis Target Reached changed. (Line: 694)
11/26/2024 08:04:12 [Information] CompletedZAxisCurrentPosition updated to 0 (Line: 358)
11/26/2024 08:04:29 [Information] ZAxisTargetReached updated to False (Line: 462)
11/26/2024 08:04:29 [Information] Z Axis Target Reached changed. (Line: 694)
11/26/2024 08:04:29 [Information] Z Axis Run button clicked: (Line: 1221)
11/26/2024 08:04:29 [Information] Z Axis MotorMovementSeconds for <= 400.00 RPM: 14.40 (Line: 1458)
11/26/2024 08:04:29 [Information] TargetEndTime updated to 11/26/2024 08:04:43 (Line: 87)
11/26/2024 08:04:29 [Information] Z Axis Run Event: Z,0.00,400.00,0,0.00,400.00,0,-96.00,400.00,0 (Line: 1384)
11/26/2024 08:04:43 [Information] Stepper Motor Countdown: Completed (Line: 954)
11/26/2024 08:04:43 [Information] ZAxisTargetReached updated to True (Line: 462)
11/26/2024 08:04:43 [Information] Z Axis Target Reached changed. (Line: 694)
11/26/2024 08:04:43 [Information] CompletedZAxisCurrentPosition updated to -96 (Line: 358)
11/26/2024 08:04:50 [Information] ZAxisTargetReached updated to False (Line: 462)
11/26/2024 08:04:50 [Information] Z Axis Target Reached changed. (Line: 694)
11/26/2024 08:04:50 [Information] Z Axis Run button clicked: (Line: 1221)
11/26/2024 08:04:50 [Information] Z Axis MotorMovementSeconds for <= 400.00 RPM: 14.40 (Line: 1458)
11/26/2024 08:04:50 [Information] TargetEndTime updated to 11/26/2024 08:05:04 (Line: 87)
11/26/2024 08:05:00 [Information] ZAxisAbsolutePosition updated to 160 (Line: 498)
11/26/2024 08:05:03 [Information] Z Axis Absolute Position changed. (Line: 716)
11/26/2024 08:05:03 [Information] Z Axis Run Event: Z,0.00,400.00,0,0.00,400.00,0,-96.00,400.00,0 (Line: 1384)
11/26/2024 08:05:05 [Information] Stepper Motor Countdown: Completed (Line: 954)
11/26/2024 08:05:05 [Information] ZAxisTargetReached updated to True (Line: 462)
11/26/2024 08:05:05 [Information] Z Axis Target Reached changed. (Line: 694)
11/26/2024 08:05:05 [Information] CompletedZAxisCurrentPosition updated to -192 (Line: 358)
11/26/2024 08:05:13 [Information] Stepper Motor Controller MainWindow Closing. (Line: 1921)
11/26/2024 08:05:13 [Information] Properties Settings Saved. (Line: 1930)
11/26/2024 08:05:13 [Information] Properties Settings Form Closed. (Line: 1936)
11/26/2024 08:05:13 [Information] Stepper Motor Controller Form Closed. (Line: 1939)
