11/30/2024 17:50:12 [Information] Logger updated to Microsoft.Extensions.Logging.Logger`1[Stepper.MainWindow] (Line: 329)
11/30/2024 17:50:12 [Information] Stepper Motor Controller Application Started. (Line: 1250)
11/30/2024 17:50:12 [Information] Version: 3.0.9100.32101 (11/30/2024 17:50:12) (Line: 1254)
11/30/2024 17:50:12 [Information] Initializing Serial Ports. (Line: 1079)
11/30/2024 17:50:12 [Error] I/O error occurred while opening the port COM7. (Line: 1142)
11/30/2024 17:50:14 [Error] I/O error occurred while opening the port COM8. (Line: 1142)
11/30/2024 17:50:15 [Information] SerialPort COM10 opened successfully. (Line: 1125)
11/30/2024 17:50:15 [Information] ObjSender updated to System.IO.Ports.SerialPort (Line: 751)
11/30/2024 17:50:15 [Information] SerialPort COM10 read 1 bytes. (Line: 1130)
11/30/2024 17:50:15 [Information] CountdownTimer updated to System.Windows.Threading.DispatcherTimer (Line: 78)
11/30/2024 17:50:15 [Information] Stepper Motor Controller Application Started. (Line: 788)
11/30/2024 17:50:15 [Information] Version: 3.0.9100.32101 (11/30/2024 17:50:15) (Line: 792)
11/30/2024 17:51:01 [Information] Version: 3.1.0.32102 (11/30/2024 17:51:01) (Line: 875)
11/30/2024 17:51:01 [Information] Element AssemblyVersion not found in the provided XML document. (Line: 1071)
11/30/2024 17:51:01 [Information] Element FileVersion not found in the provided XML document. (Line: 1071)
11/30/2024 17:51:01 [Information] Version: 3.1.0.32102 (11/30/2024 17:51:01) (Line: 883)
11/30/2024 17:51:01 [Information] Stepper Motor Controller Application Settings Window Opened. (Line: 39)
11/30/2024 17:51:01 [Information] Stepper Motor Controller Application Settings form is rebuilt each and every time it is opened. (Line: 47)
11/30/2024 17:51:01 [Information] int: 0 AxisAbsolutePosition added to the Settings Form. (Line: 151)
11/30/2024 17:51:01 [Information] int: 9600 BaudRate added to the Settings Form. (Line: 151)
11/30/2024 17:51:01 [Information] bool: False ckbXaxisResetToZeroIsChecked added to the Settings Form. (Line: 218)
11/30/2024 17:51:01 [Information] bool: False ckbYaxisResetToZeroIsChecked added to the Settings Form. (Line: 218)
11/30/2024 17:51:01 [Information] bool: False ckbZaxisResetToZeroIsChecked added to the Settings Form. (Line: 218)
11/30/2024 17:51:01 [Information] COM1: ComPort added to the Settings Form. (Line: 484)
11/30/2024 17:51:01 [Information] COM2: ComPort added to the Settings Form. (Line: 484)
11/30/2024 17:51:01 [Information] COM3: ComPort added to the Settings Form. (Line: 484)
11/30/2024 17:51:01 [Information] COM4: ComPort added to the Settings Form. (Line: 484)
11/30/2024 17:51:01 [Information] COM5: ComPort added to the Settings Form. (Line: 484)
11/30/2024 17:51:01 [Information] COM6: ComPort added to the Settings Form. (Line: 484)
11/30/2024 17:51:01 [Information] COM7: ComPort added to the Settings Form. (Line: 484)
11/30/2024 17:51:01 [Information] COM8: ComPort added to the Settings Form. (Line: 484)
11/30/2024 17:51:01 [Information] COM9: ComPort added to the Settings Form. (Line: 484)
11/30/2024 17:51:01 [Information] COM10: ComPort added to the Settings Form. (Line: 484)
11/30/2024 17:51:01 [Information] decimal: 4.00 Divider4_00 added to the Settings Form. (Line: 271)
11/30/2024 17:51:01 [Information] decimal: 0.00 MathPart2Initlz added to the Settings Form. (Line: 271)
11/30/2024 17:51:01 [Information] decimal: 1.00 MilisecondTimerInterval added to the Settings Form. (Line: 271)
11/30/2024 17:51:01 [Information] decimal: 1000.00 MillisecondDelay added to the Settings Form. (Line: 271)
11/30/2024 17:51:01 [Information] int: 1000 Milliseconds added to the Settings Form. (Line: 151)
11/30/2024 17:51:01 [Information] int: 4 mmPerRevolution added to the Settings Form. (Line: 151)
11/30/2024 17:51:01 [Information] int: 200 stepsPerRevolution added to the Settings Form. (Line: 151)
11/30/2024 17:51:01 [Information] int: 2000 ThreadSleep added to the Settings Form. (Line: 151)
11/30/2024 17:51:01 [Information] decimal: 0.00 Value_0_00 added to the Settings Form. (Line: 271)
11/30/2024 17:51:01 [Information] decimal: 50.00 XaxisAcceleration added to the Settings Form. (Line: 271)
11/30/2024 17:51:01 [Information] bool: False XaxisChanged added to the Settings Form. (Line: 218)
11/30/2024 17:51:01 [Information] decimal: 400.00 XaxisMotorSpeed added to the Settings Form. (Line: 271)
11/30/2024 17:51:01 [Information] decimal: 0.00 XaxisStepperCurrent added to the Settings Form. (Line: 271)
11/30/2024 17:51:01 [Information] decimal: 0.00 XaxisStepperMove added to the Settings Form. (Line: 271)
11/30/2024 17:51:01 [Information] XCOM1: XComPort added to the Settings Form. (Line: 346)
11/30/2024 17:51:01 [Information] XCOM2: XComPort added to the Settings Form. (Line: 346)
11/30/2024 17:51:01 [Information] XCOM3: XComPort added to the Settings Form. (Line: 346)
11/30/2024 17:51:01 [Information] XCOM4: XComPort added to the Settings Form. (Line: 346)
11/30/2024 17:51:01 [Information] XCOM5: XComPort added to the Settings Form. (Line: 346)
11/30/2024 17:51:01 [Information] XCOM6: XComPort added to the Settings Form. (Line: 346)
11/30/2024 17:51:01 [Information] XCOM7: XComPort added to the Settings Form. (Line: 346)
11/30/2024 17:51:01 [Information] XCOM8: XComPort added to the Settings Form. (Line: 346)
11/30/2024 17:51:01 [Information] XCOM9: XComPort added to the Settings Form. (Line: 346)
11/30/2024 17:51:01 [Information] XCOM10: XComPort added to the Settings Form. (Line: 346)
11/30/2024 17:51:01 [Information] decimal: 50.00 YaxisAcceleration added to the Settings Form. (Line: 271)
11/30/2024 17:51:01 [Information] bool: False YaxisChanged added to the Settings Form. (Line: 218)
11/30/2024 17:51:01 [Information] decimal: 400.00 YaxisMotorSpeed added to the Settings Form. (Line: 271)
11/30/2024 17:51:01 [Information] decimal: 0.00 YaxisStepperCurrent added to the Settings Form. (Line: 271)
11/30/2024 17:51:01 [Information] decimal: 0.00 YaxisStepperMove added to the Settings Form. (Line: 271)
11/30/2024 17:51:01 [Information] YCOM1: YComPort added to the Settings Form. (Line: 392)
11/30/2024 17:51:01 [Information] YCOM2: YComPort added to the Settings Form. (Line: 392)
11/30/2024 17:51:01 [Information] YCOM3: YComPort added to the Settings Form. (Line: 392)
11/30/2024 17:51:01 [Information] YCOM4: YComPort added to the Settings Form. (Line: 392)
11/30/2024 17:51:01 [Information] YCOM5: YComPort added to the Settings Form. (Line: 392)
11/30/2024 17:51:01 [Information] YCOM6: YComPort added to the Settings Form. (Line: 392)
11/30/2024 17:51:01 [Information] YCOM7: YComPort added to the Settings Form. (Line: 392)
11/30/2024 17:51:01 [Information] YCOM8: YComPort added to the Settings Form. (Line: 392)
11/30/2024 17:51:01 [Information] YCOM9: YComPort added to the Settings Form. (Line: 392)
11/30/2024 17:51:01 [Information] YCOM10: YComPort added to the Settings Form. (Line: 392)
11/30/2024 17:51:01 [Information] decimal: 50.00 ZaxisAcceleration added to the Settings Form. (Line: 271)
11/30/2024 17:51:01 [Information] bool: False ZaxisChanged added to the Settings Form. (Line: 218)
11/30/2024 17:51:01 [Information] decimal: 400.00 ZaxisMotorSpeed added to the Settings Form. (Line: 271)
11/30/2024 17:51:01 [Information] decimal: 0.00 ZaxisStepperCurrent added to the Settings Form. (Line: 271)
11/30/2024 17:51:01 [Information] decimal: 0.00 ZaxisStepperMove added to the Settings Form. (Line: 271)
11/30/2024 17:51:01 [Information] ZCOM1: ZComPort added to the Settings Form. (Line: 438)
11/30/2024 17:51:01 [Information] ZCOM2: ZComPort added to the Settings Form. (Line: 438)
11/30/2024 17:51:01 [Information] ZCOM3: ZComPort added to the Settings Form. (Line: 438)
11/30/2024 17:51:01 [Information] ZCOM4: ZComPort added to the Settings Form. (Line: 438)
11/30/2024 17:51:01 [Information] ZCOM5: ZComPort added to the Settings Form. (Line: 438)
11/30/2024 17:51:01 [Information] ZCOM6: ZComPort added to the Settings Form. (Line: 438)
11/30/2024 17:51:01 [Information] ZCOM7: ZComPort added to the Settings Form. (Line: 438)
11/30/2024 17:51:01 [Information] ZCOM8: ZComPort added to the Settings Form. (Line: 438)
11/30/2024 17:51:01 [Information] ZCOM9: ZComPort added to the Settings Form. (Line: 438)
11/30/2024 17:51:01 [Information] ZCOM10: ZComPort added to the Settings Form. (Line: 438)
11/30/2024 17:51:01 [Information] int: 0 zeroXaxis added to the Settings Form. (Line: 151)
11/30/2024 17:51:01 [Information] int: 0 zeroYaxis added to the Settings Form. (Line: 151)
11/30/2024 17:51:01 [Information] int: 0 zeroZaxis added to the Settings Form. (Line: 151)
11/30/2024 17:51:01 [Information] NewSettingsWindow updated to Stepper.StepperAppSettings (Line: 58)
11/30/2024 17:51:01 [Information] Stepper Motor Controller MainWindow loaded (Line: 2230)
11/30/2024 17:51:01 [Information] Set MainWindow Media Brushes to White. (Line: 2240)
11/30/2024 17:51:12 [Information] txtZaxisStepperMove Axis mouse controlled Keypad returned: 32.00 (Line: 2068)
11/30/2024 17:51:13 [Information] Z Axis Run button clicked: (Line: 1609)
11/30/2024 17:51:13 [Information] Z Axis MotorMovementSeconds for <= 400.00 RPM: 4.80 (Line: 1832)
11/30/2024 17:51:13 [Information] TargetEndTime updated to 11/30/2024 17:51:18 (Line: 128)
11/30/2024 17:51:13 [Information] Target EndTime changed. (Line: 1045)
11/30/2024 17:51:13 [Information] CompletedXAxisCurrentPosition updated to True (Line: 506)
11/30/2024 17:51:13 [Information] Completed Z Axis Current Position Changed. (Line: 1015)
11/30/2024 17:51:13 [Information] LimitSwitchUpdateCompleted updated to True (Line: 773)
11/30/2024 17:51:13 [Information] ZAxisRunToCompletion updated to True (Line: 424)
11/30/2024 17:51:26 [Information] Z Axis Run Event: Z,0.00,400.00,0,0.00,400.00,0,32.00,400.00,0 (Line: 1757)
11/30/2024 17:53:15 [Information] LimitSwitchPressed updated to True (Line: 98)
