11/24/2024 14:13:26 [Information] Stepper Motor Controller Application Started. (Line: 669)
11/24/2024 14:13:26 [Information] Version: 3.0.9094.25597 (11/24/2024 14:13:26) (Line: 673)
11/24/2024 14:13:26 [Information] Initializing Serial Ports. (Line: 498)
11/24/2024 14:13:26 [Error] I/O error occurred while opening the port COM7. (Line: 561)
11/24/2024 14:13:28 [Error] I/O error occurred while opening the port COM8. (Line: 561)
11/24/2024 14:13:29 [Information] SerialPort COM10 opened successfully. (Line: 544)
11/24/2024 14:13:29 [Information] Stepper Motor Controller Application Started. (Line: 300)
11/24/2024 14:13:29 [Information] Version: 3.0.9094.25597 (11/24/2024 14:13:29) (Line: 304)
11/24/2024 14:13:29 [Information] Version: 3.1.0.25598 (11/24/2024 14:13:29) (Line: 379)
11/24/2024 14:13:29 [Information] Element AssemblyVersion not found in the provided XML document. (Line: 490)
11/24/2024 14:13:29 [Information] Element FileVersion not found in the provided XML document. (Line: 490)
11/24/2024 14:13:29 [Information] Version: 3.1.0.25598 (11/24/2024 14:13:29) (Line: 387)
11/24/2024 14:13:29 [Information] Stepper Motor Controller Application Settings Window Opened. (Line: 39)
11/24/2024 14:13:29 [Information] Stepper Motor Controller Application Settings form is rebuilt each and every time it is opened. (Line: 47)
11/24/2024 14:13:29 [Information] int: 9600 BaudRate added to the Settings Form. (Line: 151)
11/24/2024 14:13:29 [Information] bool: False ckbXaxisResetToZeroIsChecked added to the Settings Form. (Line: 218)
11/24/2024 14:13:29 [Information] bool: False ckbYaxisResetToZeroIsChecked added to the Settings Form. (Line: 218)
11/24/2024 14:13:29 [Information] bool: False ckbZaxisResetToZeroIsChecked added to the Settings Form. (Line: 218)
11/24/2024 14:13:29 [Information] COM1: ComPort added to the Settings Form. (Line: 484)
11/24/2024 14:13:29 [Information] COM2: ComPort added to the Settings Form. (Line: 484)
11/24/2024 14:13:29 [Information] COM3: ComPort added to the Settings Form. (Line: 484)
11/24/2024 14:13:29 [Information] COM4: ComPort added to the Settings Form. (Line: 484)
11/24/2024 14:13:29 [Information] COM5: ComPort added to the Settings Form. (Line: 484)
11/24/2024 14:13:29 [Information] COM6: ComPort added to the Settings Form. (Line: 484)
11/24/2024 14:13:29 [Information] COM7: ComPort added to the Settings Form. (Line: 484)
11/24/2024 14:13:29 [Information] COM8: ComPort added to the Settings Form. (Line: 484)
11/24/2024 14:13:29 [Information] COM9: ComPort added to the Settings Form. (Line: 484)
11/24/2024 14:13:29 [Information] COM10: ComPort added to the Settings Form. (Line: 484)
11/24/2024 14:13:29 [Information] decimal: 4.00 Divider4_00 added to the Settings Form. (Line: 271)
11/24/2024 14:13:29 [Information] decimal: 0.00 MathPart2Initlz added to the Settings Form. (Line: 271)
11/24/2024 14:13:29 [Information] decimal: 1.00 MilisecondTimerInterval added to the Settings Form. (Line: 271)
11/24/2024 14:13:29 [Information] decimal: 1000.00 MillisecondDelay added to the Settings Form. (Line: 271)
11/24/2024 14:13:29 [Information] int: 1000 Milliseconds added to the Settings Form. (Line: 151)
11/24/2024 14:13:29 [Information] int: 4 mmPerRevolution added to the Settings Form. (Line: 151)
11/24/2024 14:13:29 [Information] int: 2000 ThreadSleep added to the Settings Form. (Line: 151)
11/24/2024 14:13:29 [Information] decimal: 0.00 Value_0_00 added to the Settings Form. (Line: 271)
11/24/2024 14:13:29 [Information] decimal: 50.00 XaxisAcceleration added to the Settings Form. (Line: 271)
11/24/2024 14:13:29 [Information] bool: False XaxisChanged added to the Settings Form. (Line: 218)
11/24/2024 14:13:29 [Information] decimal: 400.00 XaxisMotorSpeed added to the Settings Form. (Line: 271)
11/24/2024 14:13:29 [Information] decimal: 0.00 XaxisStepperCurrent added to the Settings Form. (Line: 271)
11/24/2024 14:13:29 [Information] decimal: 0.00 XaxisStepperMove added to the Settings Form. (Line: 271)
11/24/2024 14:13:29 [Information] XCOM1: XComPort added to the Settings Form. (Line: 346)
11/24/2024 14:13:29 [Information] XCOM2: XComPort added to the Settings Form. (Line: 346)
11/24/2024 14:13:29 [Information] XCOM3: XComPort added to the Settings Form. (Line: 346)
11/24/2024 14:13:29 [Information] XCOM4: XComPort added to the Settings Form. (Line: 346)
11/24/2024 14:13:29 [Information] XCOM5: XComPort added to the Settings Form. (Line: 346)
11/24/2024 14:13:29 [Information] XCOM6: XComPort added to the Settings Form. (Line: 346)
11/24/2024 14:13:29 [Information] XCOM7: XComPort added to the Settings Form. (Line: 346)
11/24/2024 14:13:29 [Information] XCOM8: XComPort added to the Settings Form. (Line: 346)
11/24/2024 14:13:29 [Information] XCOM9: XComPort added to the Settings Form. (Line: 346)
11/24/2024 14:13:29 [Information] XCOM10: XComPort added to the Settings Form. (Line: 346)
11/24/2024 14:13:29 [Information] decimal: 50.00 YaxisAcceleration added to the Settings Form. (Line: 271)
11/24/2024 14:13:29 [Information] bool: False YaxisChanged added to the Settings Form. (Line: 218)
11/24/2024 14:13:29 [Information] decimal: 400.00 YaxisMotorSpeed added to the Settings Form. (Line: 271)
11/24/2024 14:13:29 [Information] decimal: 0.00 YaxisStepperCurrent added to the Settings Form. (Line: 271)
11/24/2024 14:13:29 [Information] decimal: 0.00 YaxisStepperMove added to the Settings Form. (Line: 271)
11/24/2024 14:13:29 [Information] YCOM1: YComPort added to the Settings Form. (Line: 392)
11/24/2024 14:13:29 [Information] YCOM2: YComPort added to the Settings Form. (Line: 392)
11/24/2024 14:13:29 [Information] YCOM3: YComPort added to the Settings Form. (Line: 392)
11/24/2024 14:13:29 [Information] YCOM4: YComPort added to the Settings Form. (Line: 392)
11/24/2024 14:13:29 [Information] YCOM5: YComPort added to the Settings Form. (Line: 392)
11/24/2024 14:13:29 [Information] YCOM6: YComPort added to the Settings Form. (Line: 392)
11/24/2024 14:13:29 [Information] YCOM7: YComPort added to the Settings Form. (Line: 392)
11/24/2024 14:13:29 [Information] YCOM8: YComPort added to the Settings Form. (Line: 392)
11/24/2024 14:13:29 [Information] YCOM9: YComPort added to the Settings Form. (Line: 392)
11/24/2024 14:13:29 [Information] YCOM10: YComPort added to the Settings Form. (Line: 392)
11/24/2024 14:13:29 [Information] decimal: 50.00 ZaxisAcceleration added to the Settings Form. (Line: 271)
11/24/2024 14:13:29 [Information] bool: False ZaxisChanged added to the Settings Form. (Line: 218)
11/24/2024 14:13:29 [Information] decimal: 400.00 ZaxisMotorSpeed added to the Settings Form. (Line: 271)
11/24/2024 14:13:29 [Information] decimal: 0.00 ZaxisStepperCurrent added to the Settings Form. (Line: 271)
11/24/2024 14:13:29 [Information] decimal: 0.00 ZaxisStepperMove added to the Settings Form. (Line: 271)
11/24/2024 14:13:29 [Information] ZCOM1: ZComPort added to the Settings Form. (Line: 438)
11/24/2024 14:13:29 [Information] ZCOM2: ZComPort added to the Settings Form. (Line: 438)
11/24/2024 14:13:29 [Information] ZCOM3: ZComPort added to the Settings Form. (Line: 438)
11/24/2024 14:13:29 [Information] ZCOM4: ZComPort added to the Settings Form. (Line: 438)
11/24/2024 14:13:29 [Information] ZCOM5: ZComPort added to the Settings Form. (Line: 438)
11/24/2024 14:13:29 [Information] ZCOM6: ZComPort added to the Settings Form. (Line: 438)
11/24/2024 14:13:29 [Information] ZCOM7: ZComPort added to the Settings Form. (Line: 438)
11/24/2024 14:13:29 [Information] ZCOM8: ZComPort added to the Settings Form. (Line: 438)
11/24/2024 14:13:29 [Information] ZCOM9: ZComPort added to the Settings Form. (Line: 438)
11/24/2024 14:13:29 [Information] ZCOM10: ZComPort added to the Settings Form. (Line: 438)
11/24/2024 14:13:29 [Information] int: 0 zeroXaxis added to the Settings Form. (Line: 151)
11/24/2024 14:13:29 [Information] int: 0 zeroYaxis added to the Settings Form. (Line: 151)
11/24/2024 14:13:29 [Information] int: 0 zeroZaxis added to the Settings Form. (Line: 151)
11/24/2024 14:13:30 [Information] Stepper Motor Controller MainWindow loaded (Line: 1700)
11/24/2024 14:13:30 [Information] Set MainWindow Media Brushes to White. (Line: 1710)
11/24/2024 14:13:36 [Information] Z Axis stepper move updated to 24.00 (Line: 1498)
11/24/2024 14:13:36 [Information] txtZaxisStepperMove Axis mouse controlled Keypad returned: 24.00 (Line: 1538)
11/24/2024 14:13:37 [Information] Z Axis Run button clicked: (Line: 1052)
11/24/2024 14:13:37 [Information] Z Axis MotorMovementSeconds: 3.4285714285714285714285714286 (Line: 1302)
11/24/2024 14:13:37 [Information] Z Axis Run Event: Z,0.00,400.00,0,0.00,400.00,0,24.00,400.00,0 (Line: 1214)
11/24/2024 14:13:40 [Information] Stepper Motor Countdown: Completed (Line: 702)
11/24/2024 14:13:40 [Information] Z Axis Target Reached changed. (Line: 448)
11/24/2024 14:13:47 [Information] Z Axis Target Reached changed. (Line: 448)
11/24/2024 14:13:47 [Information] Z Axis Run button clicked: (Line: 1052)
11/24/2024 14:13:47 [Information] Z Axis MotorMovementSeconds: 3.4285714285714285714285714286 (Line: 1302)
11/24/2024 14:13:47 [Information] Z Axis Run Event: Z,0.00,400.00,0,0.00,400.00,0,24.00,400.00,0 (Line: 1214)
11/24/2024 14:13:49 [Information] Stepper Motor Countdown: Completed (Line: 873)
11/24/2024 14:13:49 [Information] Z Axis Motor Current Position: 5.38
11/24/2024 14:13:49 [Information] CW Limit Switch Activated! (Line: 886)
11/24/2024 14:13:59 [Information] Stepper Motor Controller MainWindow Closing. (Line: 1721)
11/24/2024 14:13:59 [Information] Properties Settings Saved. (Line: 1730)
11/24/2024 14:13:59 [Information] Properties Settings Form Closed. (Line: 1736)
11/24/2024 14:13:59 [Information] Stepper Motor Controller Form Closed. (Line: 1739)
