11/22/2024 07:33:47 [Information] Stepper Motor Controller Application Started. (Line: 872)
11/22/2024 07:33:47 [Information] Version: 3.0.9092.13609 (11/22/2024 07:33:47) (Line: 876)
11/22/2024 07:33:47 [Information] Initializing Serial Ports. (Line: 707)
11/22/2024 07:33:47 [Error] I/O error occurred while opening the port COM7. (Line: 768)
11/22/2024 07:33:49 [Error] I/O error occurred while opening the port COM8. (Line: 768)
11/22/2024 07:33:50 [Information] SerialPort COM10 opened successfully. (Line: 753)
11/22/2024 07:33:50 [Information] SerialPort COM10 read 1 bytes. (Line: 758)
11/22/2024 07:33:50 [Information] Initializing Timers. (Line: 883)
11/22/2024 07:33:50 [Information] Stepper Motor Controller Application Started. (Line: 521)
11/22/2024 07:33:50 [Information] Version: 3.0.9092.13609 (11/22/2024 07:33:50) (Line: 525)
11/22/2024 07:33:50 [Information] Version: 3.1.0.13610 (11/22/2024 07:33:50) (Line: 588)
11/22/2024 07:33:50 [Information] Element AssemblyVersion not found in the provided XML document. (Line: 699)
11/22/2024 07:33:50 [Information] Element FileVersion not found in the provided XML document. (Line: 699)
11/22/2024 07:33:50 [Information] Version: 3.1.0.13610 (11/22/2024 07:33:50) (Line: 596)
11/22/2024 07:33:50 [Information] Stepper Motor Controller Application Settings Window Opened. (Line: 39)
11/22/2024 07:33:50 [Information] Stepper Motor Controller Application Settings form is rebuilt each and every time it is opened. (Line: 47)
11/22/2024 07:33:50 [Information] int: 9600 BaudRate added to the Settings Form. (Line: 151)
11/22/2024 07:33:50 [Information] bool: False ckbXaxisResetToZeroIsChecked added to the Settings Form. (Line: 218)
11/22/2024 07:33:50 [Information] bool: False ckbYaxisResetToZeroIsChecked added to the Settings Form. (Line: 218)
11/22/2024 07:33:50 [Information] bool: False ckbZaxisResetToZeroIsChecked added to the Settings Form. (Line: 218)
11/22/2024 07:33:50 [Information] COM1: ComPort added to the Settings Form. (Line: 484)
11/22/2024 07:33:50 [Information] COM2: ComPort added to the Settings Form. (Line: 484)
11/22/2024 07:33:50 [Information] COM3: ComPort added to the Settings Form. (Line: 484)
11/22/2024 07:33:50 [Information] COM4: ComPort added to the Settings Form. (Line: 484)
11/22/2024 07:33:50 [Information] COM5: ComPort added to the Settings Form. (Line: 484)
11/22/2024 07:33:50 [Information] COM6: ComPort added to the Settings Form. (Line: 484)
11/22/2024 07:33:50 [Information] COM7: ComPort added to the Settings Form. (Line: 484)
11/22/2024 07:33:50 [Information] COM8: ComPort added to the Settings Form. (Line: 484)
11/22/2024 07:33:50 [Information] COM9: ComPort added to the Settings Form. (Line: 484)
11/22/2024 07:33:50 [Information] COM10: ComPort added to the Settings Form. (Line: 484)
11/22/2024 07:33:50 [Information] decimal: 4.00 Divider4_00 added to the Settings Form. (Line: 271)
11/22/2024 07:33:50 [Information] decimal: 0.00 MathPart2Initlz added to the Settings Form. (Line: 271)
11/22/2024 07:33:50 [Information] decimal: 1.00 MilisecondTimerInterval added to the Settings Form. (Line: 271)
11/22/2024 07:33:50 [Information] decimal: 1000.00 MillisecondDelay added to the Settings Form. (Line: 271)
11/22/2024 07:33:50 [Information] int: 1000 Milliseconds added to the Settings Form. (Line: 151)
11/22/2024 07:33:50 [Information] int: 4 mmPerRevolution added to the Settings Form. (Line: 151)
11/22/2024 07:33:50 [Information] int: 2000 ThreadSleep added to the Settings Form. (Line: 151)
11/22/2024 07:33:50 [Information] decimal: 0.00 Value_0_00 added to the Settings Form. (Line: 271)
11/22/2024 07:33:50 [Information] decimal: 50.00 XaxisAcceleration added to the Settings Form. (Line: 271)
11/22/2024 07:33:50 [Information] bool: False XaxisChanged added to the Settings Form. (Line: 218)
11/22/2024 07:33:50 [Information] decimal: 400.00 XaxisMotorSpeed added to the Settings Form. (Line: 271)
11/22/2024 07:33:50 [Information] decimal: 0.00 XaxisStepperCurrent added to the Settings Form. (Line: 271)
11/22/2024 07:33:50 [Information] decimal: 0.00 XaxisStepperMove added to the Settings Form. (Line: 271)
11/22/2024 07:33:50 [Information] XCOM1: XComPort added to the Settings Form. (Line: 346)
11/22/2024 07:33:50 [Information] XCOM2: XComPort added to the Settings Form. (Line: 346)
11/22/2024 07:33:50 [Information] XCOM3: XComPort added to the Settings Form. (Line: 346)
11/22/2024 07:33:50 [Information] XCOM4: XComPort added to the Settings Form. (Line: 346)
11/22/2024 07:33:50 [Information] XCOM5: XComPort added to the Settings Form. (Line: 346)
11/22/2024 07:33:50 [Information] XCOM6: XComPort added to the Settings Form. (Line: 346)
11/22/2024 07:33:50 [Information] XCOM7: XComPort added to the Settings Form. (Line: 346)
11/22/2024 07:33:50 [Information] XCOM8: XComPort added to the Settings Form. (Line: 346)
11/22/2024 07:33:50 [Information] XCOM9: XComPort added to the Settings Form. (Line: 346)
11/22/2024 07:33:50 [Information] XCOM10: XComPort added to the Settings Form. (Line: 346)
11/22/2024 07:33:50 [Information] decimal: 50.00 YaxisAcceleration added to the Settings Form. (Line: 271)
11/22/2024 07:33:50 [Information] bool: False YaxisChanged added to the Settings Form. (Line: 218)
11/22/2024 07:33:50 [Information] decimal: 400.00 YaxisMotorSpeed added to the Settings Form. (Line: 271)
11/22/2024 07:33:50 [Information] decimal: 0.00 YaxisStepperCurrent added to the Settings Form. (Line: 271)
11/22/2024 07:33:50 [Information] decimal: 0.00 YaxisStepperMove added to the Settings Form. (Line: 271)
11/22/2024 07:33:50 [Information] YCOM1: YComPort added to the Settings Form. (Line: 392)
11/22/2024 07:33:50 [Information] YCOM2: YComPort added to the Settings Form. (Line: 392)
11/22/2024 07:33:50 [Information] YCOM3: YComPort added to the Settings Form. (Line: 392)
11/22/2024 07:33:50 [Information] YCOM4: YComPort added to the Settings Form. (Line: 392)
11/22/2024 07:33:50 [Information] YCOM5: YComPort added to the Settings Form. (Line: 392)
11/22/2024 07:33:50 [Information] YCOM6: YComPort added to the Settings Form. (Line: 392)
11/22/2024 07:33:50 [Information] YCOM7: YComPort added to the Settings Form. (Line: 392)
11/22/2024 07:33:50 [Information] YCOM8: YComPort added to the Settings Form. (Line: 392)
11/22/2024 07:33:50 [Information] YCOM9: YComPort added to the Settings Form. (Line: 392)
11/22/2024 07:33:50 [Information] YCOM10: YComPort added to the Settings Form. (Line: 392)
11/22/2024 07:33:50 [Information] decimal: 50.00 ZaxisAcceleration added to the Settings Form. (Line: 271)
11/22/2024 07:33:50 [Information] bool: False ZaxisChanged added to the Settings Form. (Line: 218)
11/22/2024 07:33:50 [Information] decimal: 400.00 ZaxisMotorSpeed added to the Settings Form. (Line: 271)
11/22/2024 07:33:50 [Information] decimal: 0.00 ZaxisStepperCurrent added to the Settings Form. (Line: 271)
11/22/2024 07:33:50 [Information] decimal: 0.00 ZaxisStepperMove added to the Settings Form. (Line: 271)
11/22/2024 07:33:50 [Information] ZCOM1: ZComPort added to the Settings Form. (Line: 438)
11/22/2024 07:33:50 [Information] ZCOM2: ZComPort added to the Settings Form. (Line: 438)
11/22/2024 07:33:50 [Information] ZCOM3: ZComPort added to the Settings Form. (Line: 438)
11/22/2024 07:33:50 [Information] ZCOM4: ZComPort added to the Settings Form. (Line: 438)
11/22/2024 07:33:50 [Information] ZCOM5: ZComPort added to the Settings Form. (Line: 438)
11/22/2024 07:33:50 [Information] ZCOM6: ZComPort added to the Settings Form. (Line: 438)
11/22/2024 07:33:50 [Information] ZCOM7: ZComPort added to the Settings Form. (Line: 438)
11/22/2024 07:33:50 [Information] ZCOM8: ZComPort added to the Settings Form. (Line: 438)
11/22/2024 07:33:50 [Information] ZCOM9: ZComPort added to the Settings Form. (Line: 438)
11/22/2024 07:33:50 [Information] ZCOM10: ZComPort added to the Settings Form. (Line: 438)
11/22/2024 07:33:50 [Information] int: 0 zeroXaxis added to the Settings Form. (Line: 151)
11/22/2024 07:33:50 [Information] int: 0 zeroYaxis added to the Settings Form. (Line: 151)
11/22/2024 07:33:50 [Information] int: 0 zeroZaxis added to the Settings Form. (Line: 151)
11/22/2024 07:33:50 [Information] Stepper Motor Controller MainWindow loaded (Line: 2486)
11/22/2024 07:33:50 [Information] Set MainWindow Media Brushes to White. (Line: 2496)
11/22/2024 07:33:58 [Information] txtZaxisStepperMove Axis mouse controlled Keypad returned: -16.50 (Line: 2319)
11/22/2024 07:33:59 [Information] Z Axis Run button clicked: (Line: 1392)
11/22/2024 07:33:59 [Information] Z Axis Target Reached: false (Line: 1395)
11/22/2024 07:33:59 [Information] RunAxisAsync(Z, -16.50, 400.00, False, COM10, False, False, System.Threading.CancellationTokenSource (Line: 1397)
11/22/2024 07:33:59 [Information] Z Axis Run button clicked: (Line: 1470)
11/22/2024 07:34:00 [Information] Z Axis Run Event: Z,0.00,400.00,0,0.00,400.00,0,-16.50,400.00,0 (Line: 1660)
11/22/2024 07:34:00 [Information] Z Axis MotorMovementSeconds: -2.0625 (Line: 1939)
11/22/2024 07:34:00 [Information] Z Axis Timer Started. Target End Time: 07:33:58 (Line: 2165)
11/22/2024 07:34:00 [Information] Z Axis Stopwatch Started. (Line: 2190)
11/22/2024 07:34:06 [Information]  Zindata Contains: Z Axis Data Received:  serialData: Z,0.00,400.00,0,0.00,400.00,0,-16.50,400.00,0
 Z Axis reached target position
 Current Position: -825
 (Line: 1268)
11/22/2024 07:34:06 [Information] Z Axis Motor Current Position: -16.5 (Line: 1770)
11/22/2024 07:34:06 [Information] Z Axis Current Time: 07:34:06 + -2000 = 07:33:58 (Line: 1690)
11/22/2024 07:34:06 [Information] Z Axis Target Reached changed. (Line: 668)
11/22/2024 07:34:09 [Information] Z Axis Run button clicked: (Line: 1392)
11/22/2024 07:34:09 [Information] Z Axis Target Reached: false (Line: 1395)
11/22/2024 07:34:09 [Information] RunAxisAsync(Z, -16.50, 400.00, False, COM10, False, False, System.Threading.CancellationTokenSource (Line: 1397)
11/22/2024 07:34:09 [Information] Z Axis Run button clicked: (Line: 1470)
11/22/2024 07:34:10 [Information] Z Axis Run Event: Z,0.00,400.00,0,0.00,400.00,0,-16.50,400.00,0 (Line: 1660)
11/22/2024 07:34:10 [Information] Z Axis MotorMovementSeconds: -2.0625 (Line: 1939)
11/22/2024 07:34:10 [Information] Z Axis Timer Started. Target End Time: 07:34:08 (Line: 2165)
11/22/2024 07:34:10 [Information] Z Axis Stopwatch Started. (Line: 2190)
11/22/2024 07:34:16 [Information]  Zindata Contains: Z Axis Data Received:  serialData: Z,0.00,400.00,0,0.00,400.00,0,-16.50,400.00,0
 Z Axis reached target position
 Current Position: -825
 (Line: 1268)
11/22/2024 07:34:16 [Information] Z Axis Motor Current Position: -33 (Line: 1770)
11/22/2024 07:34:16 [Information] Z Axis Current Time: 07:34:16 + -2000 = 07:34:08 (Line: 1690)
11/22/2024 07:34:16 [Information] Z Axis Target Reached changed. (Line: 668)
11/22/2024 07:34:24 [Information] txtZaxisStepperMove Axis mouse controlled Keypad returned: 16.50 (Line: 2319)
11/22/2024 07:34:26 [Information] Z Axis Run button clicked: (Line: 1392)
11/22/2024 07:34:26 [Information] Z Axis Target Reached: false (Line: 1395)
11/22/2024 07:34:26 [Information] RunAxisAsync(Z, 16.50, 400.00, False, COM10, False, False, System.Threading.CancellationTokenSource (Line: 1397)
11/22/2024 07:34:26 [Information] Z Axis Run button clicked: (Line: 1470)
11/22/2024 07:34:27 [Information] Z Axis Run Event: Z,0.00,400.00,0,0.00,400.00,0,16.50,400.00,0 (Line: 1660)
11/22/2024 07:34:27 [Information] Z Axis MotorMovementSeconds: 2.0625 (Line: 1939)
11/22/2024 07:34:27 [Information] Z Axis Timer Started. Target End Time: 07:34:29 (Line: 2165)
11/22/2024 07:34:27 [Information] Z Axis Stopwatch Started. (Line: 2190)
11/22/2024 07:34:32 [Information]  Zindata Contains: Z Axis Data Received:  serialData: Z,0.00,400.00,0,0.00,400.00,0,16.50,400.00,0
 Z Axis reached target position
 Current Position: 825
 (Line: 1268)
11/22/2024 07:34:32 [Information] Z Axis Motor Current Position: -16.5 (Line: 1770)
11/22/2024 07:34:32 [Information] Z Axis Current Time: 07:34:32 + 2000 = 07:34:29 (Line: 1690)
11/22/2024 07:34:32 [Information] Z Axis Target Reached changed. (Line: 668)
11/22/2024 07:34:35 [Information] Z Axis Run button clicked: (Line: 1392)
11/22/2024 07:34:35 [Information] Z Axis Target Reached: false (Line: 1395)
11/22/2024 07:34:35 [Information] RunAxisAsync(Z, 16.50, 400.00, False, COM10, False, False, System.Threading.CancellationTokenSource (Line: 1397)
11/22/2024 07:34:35 [Information] Z Axis Run button clicked: (Line: 1470)
11/22/2024 07:34:36 [Information] Z Axis Run Event: Z,0.00,400.00,0,0.00,400.00,0,16.50,400.00,0 (Line: 1660)
11/22/2024 07:34:36 [Information] Z Axis MotorMovementSeconds: 2.0625 (Line: 1939)
11/22/2024 07:34:36 [Information] Z Axis Timer Started. Target End Time: 07:34:38 (Line: 2165)
11/22/2024 07:34:36 [Information] Z Axis Stopwatch Started. (Line: 2190)
11/22/2024 07:34:39 [Information]  Zindata Contains: Z Axis Data Received:  serialData: Z,0.00,400.00,0,0.00,400.00,0,16.50,400.00,0
 Z Axis reached target position
 Current Position: 825
 (Line: 1268)
11/22/2024 07:34:39 [Information] Z Axis Motor Current Position: 0 (Line: 1770)
11/22/2024 07:34:39 [Information] Z Axis Current Time: 07:34:39 + 2000 = 07:34:38 (Line: 1690)
11/22/2024 07:34:39 [Information] Z Axis Target Reached changed. (Line: 668)
11/22/2024 07:34:44 [Information] Stepper Motor Controller MainWindow Closing. (Line: 2507)
11/22/2024 07:34:44 [Information] SerialPort for X Axis closed. (Line: 2551)
11/22/2024 07:34:44 [Information] Properties Settings Saved. (Line: 2516)
11/22/2024 07:34:44 [Information] Properties Settings Form Closed. (Line: 2522)
11/22/2024 07:34:44 [Information] Stepper Motor Controller Form Closed. (Line: 2525)
