11/23/2024 11:23:39 [Information] Stepper Motor Controller Application Started. (Line: 691)
11/23/2024 11:23:39 [Information] Version: 3.0.9093.20505 (11/23/2024 11:23:39) (Line: 695)
11/23/2024 11:23:39 [Information] Initializing Serial Ports. (Line: 526)
11/23/2024 11:23:39 [Error] I/O error occurred while opening the port COM7. (Line: 587)
11/23/2024 11:23:40 [Error] I/O error occurred while opening the port COM8. (Line: 587)
11/23/2024 11:23:41 [Information] SerialPort COM10 opened successfully. (Line: 572)
11/23/2024 11:23:41 [Information] SerialPort COM10 read 1 bytes. (Line: 577)
11/23/2024 11:23:41 [Information] Stepper Motor Controller Application Started. (Line: 344)
11/23/2024 11:23:41 [Information] Version: 3.0.9093.20505 (11/23/2024 11:23:41) (Line: 348)
11/23/2024 11:23:41 [Information] Version: 3.1.0.20506 (11/23/2024 11:23:41) (Line: 416)
11/23/2024 11:23:41 [Information] Element AssemblyVersion not found in the provided XML document. (Line: 518)
11/23/2024 11:23:41 [Information] Element FileVersion not found in the provided XML document. (Line: 518)
11/23/2024 11:23:41 [Information] Version: 3.1.0.20506 (11/23/2024 11:23:41) (Line: 424)
11/23/2024 11:23:41 [Information] Stepper Motor Controller Application Settings Window Opened. (Line: 39)
11/23/2024 11:23:41 [Information] Stepper Motor Controller Application Settings form is rebuilt each and every time it is opened. (Line: 47)
11/23/2024 11:23:41 [Information] int: 9600 BaudRate added to the Settings Form. (Line: 151)
11/23/2024 11:23:41 [Information] bool: False ckbXaxisResetToZeroIsChecked added to the Settings Form. (Line: 218)
11/23/2024 11:23:41 [Information] bool: False ckbYaxisResetToZeroIsChecked added to the Settings Form. (Line: 218)
11/23/2024 11:23:41 [Information] bool: False ckbZaxisResetToZeroIsChecked added to the Settings Form. (Line: 218)
11/23/2024 11:23:41 [Information] COM1: ComPort added to the Settings Form. (Line: 484)
11/23/2024 11:23:41 [Information] COM2: ComPort added to the Settings Form. (Line: 484)
11/23/2024 11:23:41 [Information] COM3: ComPort added to the Settings Form. (Line: 484)
11/23/2024 11:23:41 [Information] COM4: ComPort added to the Settings Form. (Line: 484)
11/23/2024 11:23:41 [Information] COM5: ComPort added to the Settings Form. (Line: 484)
11/23/2024 11:23:41 [Information] COM6: ComPort added to the Settings Form. (Line: 484)
11/23/2024 11:23:41 [Information] COM7: ComPort added to the Settings Form. (Line: 484)
11/23/2024 11:23:41 [Information] COM8: ComPort added to the Settings Form. (Line: 484)
11/23/2024 11:23:41 [Information] COM9: ComPort added to the Settings Form. (Line: 484)
11/23/2024 11:23:41 [Information] COM10: ComPort added to the Settings Form. (Line: 484)
11/23/2024 11:23:41 [Information] decimal: 4.00 Divider4_00 added to the Settings Form. (Line: 271)
11/23/2024 11:23:41 [Information] decimal: 0.00 MathPart2Initlz added to the Settings Form. (Line: 271)
11/23/2024 11:23:41 [Information] decimal: 1.00 MilisecondTimerInterval added to the Settings Form. (Line: 271)
11/23/2024 11:23:41 [Information] decimal: 1000.00 MillisecondDelay added to the Settings Form. (Line: 271)
11/23/2024 11:23:41 [Information] int: 1000 Milliseconds added to the Settings Form. (Line: 151)
11/23/2024 11:23:41 [Information] int: 4 mmPerRevolution added to the Settings Form. (Line: 151)
11/23/2024 11:23:41 [Information] int: 2000 ThreadSleep added to the Settings Form. (Line: 151)
11/23/2024 11:23:41 [Information] decimal: 0.00 Value_0_00 added to the Settings Form. (Line: 271)
11/23/2024 11:23:41 [Information] decimal: 50.00 XaxisAcceleration added to the Settings Form. (Line: 271)
11/23/2024 11:23:41 [Information] bool: False XaxisChanged added to the Settings Form. (Line: 218)
11/23/2024 11:23:41 [Information] decimal: 400.00 XaxisMotorSpeed added to the Settings Form. (Line: 271)
11/23/2024 11:23:41 [Information] decimal: 0.00 XaxisStepperCurrent added to the Settings Form. (Line: 271)
11/23/2024 11:23:41 [Information] decimal: 0.00 XaxisStepperMove added to the Settings Form. (Line: 271)
11/23/2024 11:23:41 [Information] XCOM1: XComPort added to the Settings Form. (Line: 346)
11/23/2024 11:23:41 [Information] XCOM2: XComPort added to the Settings Form. (Line: 346)
11/23/2024 11:23:41 [Information] XCOM3: XComPort added to the Settings Form. (Line: 346)
11/23/2024 11:23:41 [Information] XCOM4: XComPort added to the Settings Form. (Line: 346)
11/23/2024 11:23:41 [Information] XCOM5: XComPort added to the Settings Form. (Line: 346)
11/23/2024 11:23:41 [Information] XCOM6: XComPort added to the Settings Form. (Line: 346)
11/23/2024 11:23:41 [Information] XCOM7: XComPort added to the Settings Form. (Line: 346)
11/23/2024 11:23:41 [Information] XCOM8: XComPort added to the Settings Form. (Line: 346)
11/23/2024 11:23:41 [Information] XCOM9: XComPort added to the Settings Form. (Line: 346)
11/23/2024 11:23:41 [Information] XCOM10: XComPort added to the Settings Form. (Line: 346)
11/23/2024 11:23:41 [Information] decimal: 50.00 YaxisAcceleration added to the Settings Form. (Line: 271)
11/23/2024 11:23:41 [Information] bool: False YaxisChanged added to the Settings Form. (Line: 218)
11/23/2024 11:23:41 [Information] decimal: 400.00 YaxisMotorSpeed added to the Settings Form. (Line: 271)
11/23/2024 11:23:41 [Information] decimal: 0.00 YaxisStepperCurrent added to the Settings Form. (Line: 271)
11/23/2024 11:23:41 [Information] decimal: 0.00 YaxisStepperMove added to the Settings Form. (Line: 271)
11/23/2024 11:23:41 [Information] YCOM1: YComPort added to the Settings Form. (Line: 392)
11/23/2024 11:23:41 [Information] YCOM2: YComPort added to the Settings Form. (Line: 392)
11/23/2024 11:23:41 [Information] YCOM3: YComPort added to the Settings Form. (Line: 392)
11/23/2024 11:23:41 [Information] YCOM4: YComPort added to the Settings Form. (Line: 392)
11/23/2024 11:23:41 [Information] YCOM5: YComPort added to the Settings Form. (Line: 392)
11/23/2024 11:23:41 [Information] YCOM6: YComPort added to the Settings Form. (Line: 392)
11/23/2024 11:23:41 [Information] YCOM7: YComPort added to the Settings Form. (Line: 392)
11/23/2024 11:23:41 [Information] YCOM8: YComPort added to the Settings Form. (Line: 392)
11/23/2024 11:23:41 [Information] YCOM9: YComPort added to the Settings Form. (Line: 392)
11/23/2024 11:23:41 [Information] YCOM10: YComPort added to the Settings Form. (Line: 392)
11/23/2024 11:23:41 [Information] decimal: 50.00 ZaxisAcceleration added to the Settings Form. (Line: 271)
11/23/2024 11:23:41 [Information] bool: False ZaxisChanged added to the Settings Form. (Line: 218)
11/23/2024 11:23:41 [Information] decimal: 400.00 ZaxisMotorSpeed added to the Settings Form. (Line: 271)
11/23/2024 11:23:41 [Information] decimal: 0.00 ZaxisStepperCurrent added to the Settings Form. (Line: 271)
11/23/2024 11:23:41 [Information] decimal: 0.00 ZaxisStepperMove added to the Settings Form. (Line: 271)
11/23/2024 11:23:41 [Information] ZCOM1: ZComPort added to the Settings Form. (Line: 438)
11/23/2024 11:23:41 [Information] ZCOM2: ZComPort added to the Settings Form. (Line: 438)
11/23/2024 11:23:41 [Information] ZCOM3: ZComPort added to the Settings Form. (Line: 438)
11/23/2024 11:23:41 [Information] ZCOM4: ZComPort added to the Settings Form. (Line: 438)
11/23/2024 11:23:41 [Information] ZCOM5: ZComPort added to the Settings Form. (Line: 438)
11/23/2024 11:23:41 [Information] ZCOM6: ZComPort added to the Settings Form. (Line: 438)
11/23/2024 11:23:41 [Information] ZCOM7: ZComPort added to the Settings Form. (Line: 438)
11/23/2024 11:23:41 [Information] ZCOM8: ZComPort added to the Settings Form. (Line: 438)
11/23/2024 11:23:41 [Information] ZCOM9: ZComPort added to the Settings Form. (Line: 438)
11/23/2024 11:23:41 [Information] ZCOM10: ZComPort added to the Settings Form. (Line: 438)
11/23/2024 11:23:41 [Information] int: 0 zeroXaxis added to the Settings Form. (Line: 151)
11/23/2024 11:23:41 [Information] int: 0 zeroYaxis added to the Settings Form. (Line: 151)
11/23/2024 11:23:41 [Information] int: 0 zeroZaxis added to the Settings Form. (Line: 151)
11/23/2024 11:23:42 [Information] Stepper Motor Controller MainWindow loaded (Line: 1808)
11/23/2024 11:23:42 [Information] Set MainWindow Media Brushes to White. (Line: 1818)
11/23/2024 11:23:52 [Information] txtZaxisStepperMove Axis mouse controlled Keypad returned: -32.00 (Line: 1641)
11/23/2024 11:23:54 [Information] Z Axis Run button clicked: (Line: 1092)
11/23/2024 11:23:54 [Information] Z Axis Target Reached: false (Line: 1095)
11/23/2024 11:23:54 [Information] RunAxis(Z, -32.00, 400.00, False, COM10, False, False (Line: 1097)
11/23/2024 11:23:54 [Information] Z Axis Run button clicked: (Line: 1143)
11/23/2024 11:23:54 [Information] Z Axis Run Event: Z,0.00,400.00,0,0.00,400.00,0,-32.00,400.00,0 (Line: 1291)
11/23/2024 11:23:54 [Information] Z Axis MotorMovementSeconds: -4.5714285714285714285714285714 (Line: 1414)
11/23/2024 11:23:55 [Information] Stepper Motor Countdown: Completed (Line: 713)
11/23/2024 11:23:55 [Information]  Zindata Contains: Z Axis Data Received:  s (Line: 974)
11/23/2024 11:23:55 [Information] Z Axis Target Reached changed. (Line: 490)
11/23/2024 11:23:55 [Information]  Zindata Contains: Z Axis Data Received: er (Line: 974)
11/23/2024 11:23:55 [Information]  Zindata Contains: Z Axis Data Received: ialData: Z,0.00,400.00,0,0.00,400 (Line: 974)
11/23/2024 11:23:55 [Information]  Zindata Contains: Z Axis Data Received: .00,0,-32.00,400.00,0
 (Line: 974)
11/23/2024 11:23:59 [Information]  Zindata Contains: Z Axis Data Received:   (Line: 974)
11/23/2024 11:23:59 [Information]  Zindata Contains: Z Axis Data Received: Z  (Line: 974)
11/23/2024 11:23:59 [Information]  Zindata Contains: Z Axis Data Received: Ax (Line: 974)
11/23/2024 11:23:59 [Information]  Zindata Contains: Z Axis Data Received: is (Line: 974)
11/23/2024 11:23:59 [Information]  Zindata Contains: Z Axis Data Received:   (Line: 974)
11/23/2024 11:23:59 [Information]  Zindata Contains: Z Axis Data Received: re (Line: 974)
11/23/2024 11:23:59 [Information]  Zindata Contains: Z Axis Data Received: a (Line: 974)
11/23/2024 11:23:59 [Information]  Zindata Contains: Z Axis Data Received: ched  (Line: 974)
11/23/2024 11:23:59 [Information]  Zindata Contains: Z Axis Data Received: target position
 Current Position: -1 (Line: 974)
11/23/2024 11:23:59 [Information]  Zindata Contains: Z Axis Data Received: 600
 (Line: 974)
11/23/2024 11:24:00 [Information] Stepper Motor Controller MainWindow Closing. (Line: 1829)
11/23/2024 11:24:00 [Information] Properties Settings Saved. (Line: 1838)
11/23/2024 11:24:00 [Information] Properties Settings Form Closed. (Line: 1844)
11/23/2024 11:24:00 [Information] Stepper Motor Controller Form Closed. (Line: 1847)
