11/24/2024 14:19:09 [Information] Stepper Motor Controller Application Started. (Line: 669)
11/24/2024 14:19:09 [Information] Version: 3.0.9094.25770 (11/24/2024 14:19:09) (Line: 673)
11/24/2024 14:19:09 [Information] Initializing Serial Ports. (Line: 498)
11/24/2024 14:19:10 [Error] I/O error occurred while opening the port COM7. (Line: 561)
11/24/2024 14:19:12 [Error] I/O error occurred while opening the port COM8. (Line: 561)
11/24/2024 14:19:13 [Information] SerialPort COM10 opened successfully. (Line: 544)
11/24/2024 14:19:13 [Information] SerialPort COM10 read 1 bytes. (Line: 549)
11/24/2024 14:19:13 [Information] Stepper Motor Controller Application Started. (Line: 300)
11/24/2024 14:19:13 [Information] Version: 3.0.9094.25770 (11/24/2024 14:19:13) (Line: 304)
11/24/2024 14:19:13 [Information] Version: 3.1.0.25771 (11/24/2024 14:19:13) (Line: 379)
11/24/2024 14:19:13 [Information] Element AssemblyVersion not found in the provided XML document. (Line: 490)
11/24/2024 14:19:13 [Information] Element FileVersion not found in the provided XML document. (Line: 490)
11/24/2024 14:19:13 [Information] Version: 3.1.0.25771 (11/24/2024 14:19:13) (Line: 387)
11/24/2024 14:19:13 [Information] Stepper Motor Controller Application Settings Window Opened. (Line: 39)
11/24/2024 14:19:13 [Information] Stepper Motor Controller Application Settings form is rebuilt each and every time it is opened. (Line: 47)
11/24/2024 14:19:13 [Information] int: 9600 BaudRate added to the Settings Form. (Line: 151)
11/24/2024 14:19:13 [Information] bool: False ckbXaxisResetToZeroIsChecked added to the Settings Form. (Line: 218)
11/24/2024 14:19:13 [Information] bool: False ckbYaxisResetToZeroIsChecked added to the Settings Form. (Line: 218)
11/24/2024 14:19:13 [Information] bool: False ckbZaxisResetToZeroIsChecked added to the Settings Form. (Line: 218)
11/24/2024 14:19:13 [Information] COM1: ComPort added to the Settings Form. (Line: 484)
11/24/2024 14:19:13 [Information] COM2: ComPort added to the Settings Form. (Line: 484)
11/24/2024 14:19:13 [Information] COM3: ComPort added to the Settings Form. (Line: 484)
11/24/2024 14:19:13 [Information] COM4: ComPort added to the Settings Form. (Line: 484)
11/24/2024 14:19:13 [Information] COM5: ComPort added to the Settings Form. (Line: 484)
11/24/2024 14:19:13 [Information] COM6: ComPort added to the Settings Form. (Line: 484)
11/24/2024 14:19:13 [Information] COM7: ComPort added to the Settings Form. (Line: 484)
11/24/2024 14:19:13 [Information] COM8: ComPort added to the Settings Form. (Line: 484)
11/24/2024 14:19:13 [Information] COM9: ComPort added to the Settings Form. (Line: 484)
11/24/2024 14:19:13 [Information] COM10: ComPort added to the Settings Form. (Line: 484)
11/24/2024 14:19:13 [Information] decimal: 4.00 Divider4_00 added to the Settings Form. (Line: 271)
11/24/2024 14:19:13 [Information] decimal: 0.00 MathPart2Initlz added to the Settings Form. (Line: 271)
11/24/2024 14:19:13 [Information] decimal: 1.00 MilisecondTimerInterval added to the Settings Form. (Line: 271)
11/24/2024 14:19:13 [Information] decimal: 1000.00 MillisecondDelay added to the Settings Form. (Line: 271)
11/24/2024 14:19:13 [Information] int: 1000 Milliseconds added to the Settings Form. (Line: 151)
11/24/2024 14:19:13 [Information] int: 4 mmPerRevolution added to the Settings Form. (Line: 151)
11/24/2024 14:19:13 [Information] int: 2000 ThreadSleep added to the Settings Form. (Line: 151)
11/24/2024 14:19:13 [Information] decimal: 0.00 Value_0_00 added to the Settings Form. (Line: 271)
11/24/2024 14:19:13 [Information] decimal: 50.00 XaxisAcceleration added to the Settings Form. (Line: 271)
11/24/2024 14:19:13 [Information] bool: False XaxisChanged added to the Settings Form. (Line: 218)
11/24/2024 14:19:13 [Information] decimal: 400.00 XaxisMotorSpeed added to the Settings Form. (Line: 271)
11/24/2024 14:19:13 [Information] decimal: 0.00 XaxisStepperCurrent added to the Settings Form. (Line: 271)
11/24/2024 14:19:13 [Information] decimal: 0.00 XaxisStepperMove added to the Settings Form. (Line: 271)
11/24/2024 14:19:13 [Information] XCOM1: XComPort added to the Settings Form. (Line: 346)
11/24/2024 14:19:13 [Information] XCOM2: XComPort added to the Settings Form. (Line: 346)
11/24/2024 14:19:13 [Information] XCOM3: XComPort added to the Settings Form. (Line: 346)
11/24/2024 14:19:13 [Information] XCOM4: XComPort added to the Settings Form. (Line: 346)
11/24/2024 14:19:13 [Information] XCOM5: XComPort added to the Settings Form. (Line: 346)
11/24/2024 14:19:13 [Information] XCOM6: XComPort added to the Settings Form. (Line: 346)
11/24/2024 14:19:13 [Information] XCOM7: XComPort added to the Settings Form. (Line: 346)
11/24/2024 14:19:13 [Information] XCOM8: XComPort added to the Settings Form. (Line: 346)
11/24/2024 14:19:13 [Information] XCOM9: XComPort added to the Settings Form. (Line: 346)
11/24/2024 14:19:13 [Information] XCOM10: XComPort added to the Settings Form. (Line: 346)
11/24/2024 14:19:13 [Information] decimal: 50.00 YaxisAcceleration added to the Settings Form. (Line: 271)
11/24/2024 14:19:13 [Information] bool: False YaxisChanged added to the Settings Form. (Line: 218)
11/24/2024 14:19:13 [Information] decimal: 400.00 YaxisMotorSpeed added to the Settings Form. (Line: 271)
11/24/2024 14:19:13 [Information] decimal: 0.00 YaxisStepperCurrent added to the Settings Form. (Line: 271)
11/24/2024 14:19:13 [Information] decimal: 0.00 YaxisStepperMove added to the Settings Form. (Line: 271)
11/24/2024 14:19:13 [Information] YCOM1: YComPort added to the Settings Form. (Line: 392)
11/24/2024 14:19:13 [Information] YCOM2: YComPort added to the Settings Form. (Line: 392)
11/24/2024 14:19:13 [Information] YCOM3: YComPort added to the Settings Form. (Line: 392)
11/24/2024 14:19:13 [Information] YCOM4: YComPort added to the Settings Form. (Line: 392)
11/24/2024 14:19:13 [Information] YCOM5: YComPort added to the Settings Form. (Line: 392)
11/24/2024 14:19:13 [Information] YCOM6: YComPort added to the Settings Form. (Line: 392)
11/24/2024 14:19:13 [Information] YCOM7: YComPort added to the Settings Form. (Line: 392)
11/24/2024 14:19:13 [Information] YCOM8: YComPort added to the Settings Form. (Line: 392)
11/24/2024 14:19:13 [Information] YCOM9: YComPort added to the Settings Form. (Line: 392)
11/24/2024 14:19:13 [Information] YCOM10: YComPort added to the Settings Form. (Line: 392)
11/24/2024 14:19:13 [Information] decimal: 50.00 ZaxisAcceleration added to the Settings Form. (Line: 271)
11/24/2024 14:19:13 [Information] bool: False ZaxisChanged added to the Settings Form. (Line: 218)
11/24/2024 14:19:13 [Information] decimal: 400.00 ZaxisMotorSpeed added to the Settings Form. (Line: 271)
11/24/2024 14:19:13 [Information] decimal: 0.00 ZaxisStepperCurrent added to the Settings Form. (Line: 271)
11/24/2024 14:19:13 [Information] decimal: 0.00 ZaxisStepperMove added to the Settings Form. (Line: 271)
11/24/2024 14:19:13 [Information] ZCOM1: ZComPort added to the Settings Form. (Line: 438)
11/24/2024 14:19:13 [Information] ZCOM2: ZComPort added to the Settings Form. (Line: 438)
11/24/2024 14:19:13 [Information] ZCOM3: ZComPort added to the Settings Form. (Line: 438)
11/24/2024 14:19:13 [Information] ZCOM4: ZComPort added to the Settings Form. (Line: 438)
11/24/2024 14:19:13 [Information] ZCOM5: ZComPort added to the Settings Form. (Line: 438)
11/24/2024 14:19:13 [Information] ZCOM6: ZComPort added to the Settings Form. (Line: 438)
11/24/2024 14:19:13 [Information] ZCOM7: ZComPort added to the Settings Form. (Line: 438)
11/24/2024 14:19:13 [Information] ZCOM8: ZComPort added to the Settings Form. (Line: 438)
11/24/2024 14:19:13 [Information] ZCOM9: ZComPort added to the Settings Form. (Line: 438)
11/24/2024 14:19:13 [Information] ZCOM10: ZComPort added to the Settings Form. (Line: 438)
11/24/2024 14:19:13 [Information] int: 0 zeroXaxis added to the Settings Form. (Line: 151)
11/24/2024 14:19:13 [Information] int: 0 zeroYaxis added to the Settings Form. (Line: 151)
11/24/2024 14:19:13 [Information] int: 0 zeroZaxis added to the Settings Form. (Line: 151)
11/24/2024 14:19:14 [Information] Stepper Motor Controller MainWindow loaded (Line: 1778)
11/24/2024 14:19:14 [Information] Set MainWindow Media Brushes to White. (Line: 1788)
11/24/2024 14:19:20 [Information] Z Axis stepper move updated to 16.00 (Line: 1576)
11/24/2024 14:19:20 [Information] txtZaxisStepperMove Axis mouse controlled Keypad returned: 16.00 (Line: 1616)
11/24/2024 14:19:22 [Information] Z Axis Run button clicked: (Line: 1130)
11/24/2024 14:19:22 [Information] Z Axis MotorMovementSeconds: 2.2857142857142857142857142857 (Line: 1380)
11/24/2024 14:19:22 [Information] Z Axis Run Event: Z,0.00,400.00,0,0.00,400.00,0,16.00,400.00,0 (Line: 1292)
11/24/2024 14:19:24 [Information] Stepper Motor Countdown: Completed (Line: 702)
11/24/2024 14:19:24 [Information] Z Axis Target Reached changed. (Line: 448)
11/24/2024 14:19:29 [Information] Z Axis Target Reached changed. (Line: 448)
11/24/2024 14:19:29 [Information] Z Axis Run button clicked: (Line: 1130)
11/24/2024 14:19:29 [Information] Z Axis MotorMovementSeconds: 2.2857142857142857142857142857 (Line: 1380)
11/24/2024 14:19:29 [Information] Z Axis Run Event: Z,0.00,400.00,0,0.00,400.00,0,16.00,400.00,0 (Line: 1292)
11/24/2024 14:19:31 [Information] Stepper Motor Countdown: Completed (Line: 702)
11/24/2024 14:19:31 [Information] Z Axis Target Reached changed. (Line: 448)
11/24/2024 14:19:33 [Information] Stepper Motor Countdown: Completed (Line: 1005)
11/24/2024 14:19:33 [Information] Z Axis Motor Current Position: 2.08
11/24/2024 14:19:33 [Information] CW Limit Switch Activated! (Line: 1018)
11/24/2024 14:19:40 [Information] Stepper Motor Controller MainWindow Closing. (Line: 1799)
11/24/2024 14:19:40 [Information] Properties Settings Saved. (Line: 1808)
11/24/2024 14:19:41 [Information] Properties Settings Form Closed. (Line: 1814)
11/24/2024 14:19:41 [Information] Stepper Motor Controller Form Closed. (Line: 1817)
