12/1/2024 18:15:34 [Information] Logger updated to Microsoft.Extensions.Logging.Logger`1[Stepper.MainWindow] (Line: 226)
12/1/2024 18:15:34 [Information] Stepper Motor Controller Application Started. (Line: 952)
12/1/2024 18:15:34 [Information] Version: 3.0.9101.32862 (12/1/2024 18:15:34) (Line: 956)
12/1/2024 18:15:34 [Information] Initializing Serial Ports. (Line: 781)
12/1/2024 18:15:34 [Error] I/O error occurred while opening the port COM7. (Line: 844)
12/1/2024 18:15:35 [Error] I/O error occurred while opening the port COM8. (Line: 844)
12/1/2024 18:15:35 [Information] SerialPort COM10 opened successfully. (Line: 827)
12/1/2024 18:15:35 [Information] SerialPort COM10 read 1 bytes. (Line: 832)
12/1/2024 18:15:35 [Information] CountdownTimer updated to System.Windows.Threading.DispatcherTimer (Line: 62)
12/1/2024 18:15:35 [Information] Stepper Motor Controller Application Started. (Line: 557)
12/1/2024 18:15:35 [Information] Version: 3.0.9101.32862 (12/1/2024 18:15:35) (Line: 561)
12/1/2024 18:15:35 [Information] Version: 3.1.0.32863 (12/1/2024 18:15:35) (Line: 637)
12/1/2024 18:15:35 [Information] Element AssemblyVersion not found in the provided XML document. (Line: 773)
12/1/2024 18:15:35 [Information] Element FileVersion not found in the provided XML document. (Line: 773)
12/1/2024 18:15:35 [Information] Version: 3.1.0.32863 (12/1/2024 18:15:35) (Line: 645)
12/1/2024 18:15:35 [Information] Stepper Motor Controller Application Settings Window Opened. (Line: 39)
12/1/2024 18:15:35 [Information] Stepper Motor Controller Application Settings form is rebuilt each and every time it is opened. (Line: 47)
12/1/2024 18:15:35 [Information] int: 0 AxisAbsolutePosition added to the Settings Form. (Line: 151)
12/1/2024 18:15:35 [Information] int: 9600 BaudRate added to the Settings Form. (Line: 151)
12/1/2024 18:15:35 [Information] bool: False ckbXaxisResetToZeroIsChecked added to the Settings Form. (Line: 218)
12/1/2024 18:15:35 [Information] bool: False ckbYaxisResetToZeroIsChecked added to the Settings Form. (Line: 218)
12/1/2024 18:15:35 [Information] bool: False ckbZaxisResetToZeroIsChecked added to the Settings Form. (Line: 218)
12/1/2024 18:15:35 [Information] COM1: ComPort added to the Settings Form. (Line: 484)
12/1/2024 18:15:35 [Information] COM2: ComPort added to the Settings Form. (Line: 484)
12/1/2024 18:15:35 [Information] COM3: ComPort added to the Settings Form. (Line: 484)
12/1/2024 18:15:35 [Information] COM4: ComPort added to the Settings Form. (Line: 484)
12/1/2024 18:15:35 [Information] COM5: ComPort added to the Settings Form. (Line: 484)
12/1/2024 18:15:35 [Information] COM6: ComPort added to the Settings Form. (Line: 484)
12/1/2024 18:15:35 [Information] COM7: ComPort added to the Settings Form. (Line: 484)
12/1/2024 18:15:35 [Information] COM8: ComPort added to the Settings Form. (Line: 484)
12/1/2024 18:15:35 [Information] COM9: ComPort added to the Settings Form. (Line: 484)
12/1/2024 18:15:35 [Information] COM10: ComPort added to the Settings Form. (Line: 484)
12/1/2024 18:15:35 [Information] decimal: 4.00 Divider4_00 added to the Settings Form. (Line: 271)
12/1/2024 18:15:35 [Information] decimal: 0.00 MathPart2Initlz added to the Settings Form. (Line: 271)
12/1/2024 18:15:35 [Information] decimal: 1.00 MilisecondTimerInterval added to the Settings Form. (Line: 271)
12/1/2024 18:15:35 [Information] decimal: 1000.00 MillisecondDelay added to the Settings Form. (Line: 271)
12/1/2024 18:15:35 [Information] int: 1000 Milliseconds added to the Settings Form. (Line: 151)
12/1/2024 18:15:35 [Information] int: 4 mmPerRevolution added to the Settings Form. (Line: 151)
12/1/2024 18:15:35 [Information] int: 200 stepsPerRevolution added to the Settings Form. (Line: 151)
12/1/2024 18:15:35 [Information] int: 2000 ThreadSleep added to the Settings Form. (Line: 151)
12/1/2024 18:15:35 [Information] decimal: 0.00 Value_0_00 added to the Settings Form. (Line: 271)
12/1/2024 18:15:35 [Information] decimal: 50.00 XaxisAcceleration added to the Settings Form. (Line: 271)
12/1/2024 18:15:35 [Information] bool: False XaxisChanged added to the Settings Form. (Line: 218)
12/1/2024 18:15:35 [Information] decimal: 400.00 XaxisMotorSpeed added to the Settings Form. (Line: 271)
12/1/2024 18:15:35 [Information] decimal: 0.00 XaxisStepperCurrent added to the Settings Form. (Line: 271)
12/1/2024 18:15:35 [Information] decimal: 0.00 XaxisStepperMove added to the Settings Form. (Line: 271)
12/1/2024 18:15:35 [Information] XCOM1: XComPort added to the Settings Form. (Line: 346)
12/1/2024 18:15:35 [Information] XCOM2: XComPort added to the Settings Form. (Line: 346)
12/1/2024 18:15:35 [Information] XCOM3: XComPort added to the Settings Form. (Line: 346)
12/1/2024 18:15:35 [Information] XCOM4: XComPort added to the Settings Form. (Line: 346)
12/1/2024 18:15:35 [Information] XCOM5: XComPort added to the Settings Form. (Line: 346)
12/1/2024 18:15:35 [Information] XCOM6: XComPort added to the Settings Form. (Line: 346)
12/1/2024 18:15:35 [Information] XCOM7: XComPort added to the Settings Form. (Line: 346)
12/1/2024 18:15:35 [Information] XCOM8: XComPort added to the Settings Form. (Line: 346)
12/1/2024 18:15:35 [Information] XCOM9: XComPort added to the Settings Form. (Line: 346)
12/1/2024 18:15:35 [Information] XCOM10: XComPort added to the Settings Form. (Line: 346)
12/1/2024 18:15:35 [Information] decimal: 50.00 YaxisAcceleration added to the Settings Form. (Line: 271)
12/1/2024 18:15:35 [Information] bool: False YaxisChanged added to the Settings Form. (Line: 218)
12/1/2024 18:15:35 [Information] decimal: 400.00 YaxisMotorSpeed added to the Settings Form. (Line: 271)
12/1/2024 18:15:35 [Information] decimal: 0.00 YaxisStepperCurrent added to the Settings Form. (Line: 271)
12/1/2024 18:15:35 [Information] decimal: 0.00 YaxisStepperMove added to the Settings Form. (Line: 271)
12/1/2024 18:15:35 [Information] YCOM1: YComPort added to the Settings Form. (Line: 392)
12/1/2024 18:15:35 [Information] YCOM2: YComPort added to the Settings Form. (Line: 392)
12/1/2024 18:15:35 [Information] YCOM3: YComPort added to the Settings Form. (Line: 392)
12/1/2024 18:15:35 [Information] YCOM4: YComPort added to the Settings Form. (Line: 392)
12/1/2024 18:15:35 [Information] YCOM5: YComPort added to the Settings Form. (Line: 392)
12/1/2024 18:15:35 [Information] YCOM6: YComPort added to the Settings Form. (Line: 392)
12/1/2024 18:15:35 [Information] YCOM7: YComPort added to the Settings Form. (Line: 392)
12/1/2024 18:15:35 [Information] YCOM8: YComPort added to the Settings Form. (Line: 392)
12/1/2024 18:15:35 [Information] YCOM9: YComPort added to the Settings Form. (Line: 392)
12/1/2024 18:15:35 [Information] YCOM10: YComPort added to the Settings Form. (Line: 392)
12/1/2024 18:15:35 [Information] decimal: 50.00 ZaxisAcceleration added to the Settings Form. (Line: 271)
12/1/2024 18:15:35 [Information] bool: False ZaxisChanged added to the Settings Form. (Line: 218)
12/1/2024 18:15:35 [Information] decimal: 400.00 ZaxisMotorSpeed added to the Settings Form. (Line: 271)
12/1/2024 18:15:35 [Information] decimal: 0.00 ZaxisStepperCurrent added to the Settings Form. (Line: 271)
12/1/2024 18:15:35 [Information] decimal: 0.00 ZaxisStepperMove added to the Settings Form. (Line: 271)
12/1/2024 18:15:35 [Information] ZCOM1: ZComPort added to the Settings Form. (Line: 438)
12/1/2024 18:15:35 [Information] ZCOM2: ZComPort added to the Settings Form. (Line: 438)
12/1/2024 18:15:35 [Information] ZCOM3: ZComPort added to the Settings Form. (Line: 438)
12/1/2024 18:15:35 [Information] ZCOM4: ZComPort added to the Settings Form. (Line: 438)
12/1/2024 18:15:35 [Information] ZCOM5: ZComPort added to the Settings Form. (Line: 438)
12/1/2024 18:15:35 [Information] ZCOM6: ZComPort added to the Settings Form. (Line: 438)
12/1/2024 18:15:35 [Information] ZCOM7: ZComPort added to the Settings Form. (Line: 438)
12/1/2024 18:15:35 [Information] ZCOM8: ZComPort added to the Settings Form. (Line: 438)
12/1/2024 18:15:35 [Information] ZCOM9: ZComPort added to the Settings Form. (Line: 438)
12/1/2024 18:15:35 [Information] ZCOM10: ZComPort added to the Settings Form. (Line: 438)
12/1/2024 18:15:35 [Information] int: 0 zeroXaxis added to the Settings Form. (Line: 151)
12/1/2024 18:15:35 [Information] int: 0 zeroYaxis added to the Settings Form. (Line: 151)
12/1/2024 18:15:35 [Information] int: 0 zeroZaxis added to the Settings Form. (Line: 151)
12/1/2024 18:15:35 [Information] NewSettingsWindow updated to Stepper.StepperAppSettings (Line: 49)
12/1/2024 18:15:36 [Information] Stepper Motor Controller MainWindow loaded (Line: 2036)
12/1/2024 18:15:36 [Information] Set MainWindow Media Brushes to White. (Line: 2046)
12/1/2024 18:15:51 [Information] txtZaxisStepperMove Axis mouse controlled Keypad returned: 32.00 (Line: 1874)
12/1/2024 18:15:52 [Information] Z Axis Run button clicked: (Line: 1353)
12/1/2024 18:15:52 [Information] Z Axis MotorMovementSeconds for <= 400.00 RPM: 4.80 (Line: 1594)
12/1/2024 18:15:52 [Information] TargetEndTime updated to 12/1/2024 18:15:57 (Line: 88)
12/1/2024 18:15:52 [Information] ZAxisAbsolutePosition updated to 0 (Line: 499)
12/1/2024 18:15:52 [Information] Z Axis Absolute Position changed. (Line: 747)
12/1/2024 18:15:52 [Information] Z Axis Run Event: Z,0.00,400.00,0,0.00,400.00,0,32.00,400.00,0 (Line: 1519)
12/1/2024 18:15:54 [Information] LimitSwitchPressed updated to True (Line: 75)
12/1/2024 18:15:54 [Information] ZAxisTargetReached updated to True (Line: 463)
12/1/2024 18:15:54 [Information] Z Axis Target Reached changed. (Line: 706)
12/1/2024 18:16:02 [Information] ZAxisAbsolutePosition updated to -1.98 (Line: 499)
12/1/2024 18:16:02 [Information] Z Axis Absolute Position changed. (Line: 747)
12/1/2024 18:16:24 [Information] LimitSwitchPressed updated to False (Line: 75)
12/1/2024 18:16:24 [Information] CCW Limit Switch Activated! (Line: 1180)
12/1/2024 18:16:24 [Information] Stepper Motor Countdown: Completed (Line: 993)
12/1/2024 18:16:42 [Information] ZAxisTargetReached updated to False (Line: 463)
12/1/2024 18:16:42 [Information] Z Axis Target Reached changed. (Line: 706)
12/1/2024 18:16:42 [Information] Z Axis Run button clicked: (Line: 1353)
12/1/2024 18:16:42 [Information] Z Axis MotorMovementSeconds for <= 400.00 RPM: 4.80 (Line: 1594)
12/1/2024 18:16:42 [Information] TargetEndTime updated to 12/1/2024 18:16:47 (Line: 88)
12/1/2024 18:16:42 [Information] ZAxisAbsolutePosition updated to -3.96 (Line: 499)
12/1/2024 18:16:42 [Information] Z Axis Absolute Position changed. (Line: 747)
12/1/2024 18:16:42 [Information] Z Axis Run Event: Z,0.00,400.00,0,0.00,400.00,0,32.00,400.00,0 (Line: 1519)
12/1/2024 18:16:46 [Information] LimitSwitchPressed updated to True (Line: 75)
12/1/2024 18:16:46 [Information] ZAxisTargetReached updated to True (Line: 463)
12/1/2024 18:16:46 [Information] Z Axis Target Reached changed. (Line: 706)
12/1/2024 18:16:46 [Information] ZAxisAbsolutePosition updated to -2.56 (Line: 499)
12/1/2024 18:16:46 [Information] Z Axis Absolute Position changed. (Line: 747)
12/1/2024 18:16:46 [Information] LimitSwitchPressed updated to False (Line: 75)
12/1/2024 18:16:46 [Information] CW Limit Switch Activated! (Line: 1172)
12/1/2024 18:16:48 [Information] Stepper Motor Countdown: Completed (Line: 993)
12/1/2024 18:16:54 [Information] ZAxisTargetReached updated to False (Line: 463)
12/1/2024 18:16:54 [Information] Z Axis Target Reached changed. (Line: 706)
12/1/2024 18:16:54 [Information] Z Axis Run button clicked: (Line: 1353)
12/1/2024 18:16:54 [Information] Z Axis MotorMovementSeconds for <= 400.00 RPM: 4.80 (Line: 1594)
12/1/2024 18:16:54 [Information] TargetEndTime updated to 12/1/2024 18:16:59 (Line: 88)
12/1/2024 18:16:54 [Information] ZAxisAbsolutePosition updated to -5.12 (Line: 499)
12/1/2024 18:16:54 [Information] Z Axis Absolute Position changed. (Line: 747)
12/1/2024 18:16:54 [Information] Z Axis Run Event: Z,0.00,400.00,0,0.00,400.00,0,32.00,400.00,0 (Line: 1519)
12/1/2024 18:16:56 [Information] LimitSwitchPressed updated to True (Line: 75)
12/1/2024 18:16:56 [Information] ZAxisTargetReached updated to True (Line: 463)
12/1/2024 18:16:56 [Information] Z Axis Target Reached changed. (Line: 706)
12/1/2024 18:16:56 [Information] ZAxisAbsolutePosition updated to -2.86 (Line: 499)
12/1/2024 18:16:56 [Information] Z Axis Absolute Position changed. (Line: 747)
12/1/2024 18:16:56 [Information] LimitSwitchPressed updated to False (Line: 75)
12/1/2024 18:16:56 [Information] CW Limit Switch Activated! (Line: 1172)
12/1/2024 18:16:59 [Information] Stepper Motor Countdown: Completed (Line: 993)
12/1/2024 18:17:02 [Information] ZAxisTargetReached updated to False (Line: 463)
12/1/2024 18:17:02 [Information] Z Axis Target Reached changed. (Line: 706)
12/1/2024 18:17:02 [Information] Z Axis Run button clicked: (Line: 1353)
12/1/2024 18:17:02 [Information] Z Axis MotorMovementSeconds for <= 400.00 RPM: 4.80 (Line: 1594)
12/1/2024 18:17:02 [Information] TargetEndTime updated to 12/1/2024 18:17:07 (Line: 88)
12/1/2024 18:17:02 [Information] ZAxisAbsolutePosition updated to -5.72 (Line: 499)
12/1/2024 18:17:02 [Information] Z Axis Absolute Position changed. (Line: 747)
12/1/2024 18:17:02 [Information] Z Axis Run Event: Z,0.00,400.00,0,0.00,400.00,0,32.00,400.00,0 (Line: 1519)
12/1/2024 18:17:06 [Information] LimitSwitchPressed updated to True (Line: 75)
12/1/2024 18:17:06 [Information] ZAxisTargetReached updated to True (Line: 463)
12/1/2024 18:17:06 [Information] Z Axis Target Reached changed. (Line: 706)
12/1/2024 18:17:06 [Information] ZAxisAbsolutePosition updated to 3.8200002 (Line: 499)
12/1/2024 18:17:06 [Information] Z Axis Absolute Position changed. (Line: 747)
12/1/2024 18:17:06 [Information] LimitSwitchPressed updated to False (Line: 75)
12/1/2024 18:17:06 [Information] CW Limit Switch Activated! (Line: 1172)
12/1/2024 18:17:07 [Information] Stepper Motor Countdown: Completed (Line: 993)
12/1/2024 18:17:10 [Information] Stepper Motor Controller MainWindow Closing. (Line: 2057)
12/1/2024 18:17:10 [Information] Properties Settings Saved. (Line: 2066)
12/1/2024 18:17:10 [Information] Properties Settings Form Closed. (Line: 2072)
12/1/2024 18:17:10 [Information] Stepper Motor Controller Form Closed. (Line: 2075)
