12/3/2024 16:42:58 [Information] Logger updated to Microsoft.Extensions.Logging.Logger`1[Stepper.MainWindow] (Line: 239)
12/3/2024 16:42:58 [Information] Stepper Motor Controller Application Started. (Line: 975)
12/3/2024 16:42:58 [Information] Version: 3.0.9103.30083 (12/3/2024 16:42:58) (Line: 979)
12/3/2024 16:42:58 [Information] Initializing Serial Ports. (Line: 804)
12/3/2024 16:42:59 [Error] I/O error occurred while opening the port COM7. (Line: 867)
12/3/2024 16:42:59 [Error] I/O error occurred while opening the port COM8. (Line: 867)
12/3/2024 16:42:59 [Information] SerialPort COM10 opened successfully. (Line: 850)
12/3/2024 16:42:59 [Information] CountdownTimer updated to System.Windows.Threading.DispatcherTimer (Line: 62)
12/3/2024 16:42:59 [Information] Stepper Motor Controller Application Started. (Line: 557)
12/3/2024 16:42:59 [Information] Version: 3.0.9103.30083 (12/3/2024 16:42:59) (Line: 561)
12/3/2024 16:42:59 [Information] Version: 3.1.0.30084 (12/3/2024 16:42:59) (Line: 637)
12/3/2024 16:42:59 [Information] Element AssemblyVersion not found in the provided XML document. (Line: 796)
12/3/2024 16:42:59 [Information] Element FileVersion not found in the provided XML document. (Line: 796)
12/3/2024 16:42:59 [Information] Version: 3.1.0.30084 (12/3/2024 16:42:59) (Line: 645)
12/3/2024 16:42:59 [Information] Stepper Motor Controller Application Settings Window Opened. (Line: 39)
12/3/2024 16:42:59 [Information] Stepper Motor Controller Application Settings form is rebuilt each and every time it is opened. (Line: 47)
12/3/2024 16:42:59 [Information] int: 0 AxisAbsolutePosition added to the Settings Form. (Line: 151)
12/3/2024 16:42:59 [Information] int: 9600 BaudRate added to the Settings Form. (Line: 151)
12/3/2024 16:42:59 [Information] bool: False ckbXaxisResetToZeroIsChecked added to the Settings Form. (Line: 218)
12/3/2024 16:42:59 [Information] bool: False ckbYaxisResetToZeroIsChecked added to the Settings Form. (Line: 218)
12/3/2024 16:42:59 [Information] bool: False ckbZaxisResetToZeroIsChecked added to the Settings Form. (Line: 218)
12/3/2024 16:42:59 [Information] COM1: ComPort added to the Settings Form. (Line: 484)
12/3/2024 16:42:59 [Information] COM2: ComPort added to the Settings Form. (Line: 484)
12/3/2024 16:42:59 [Information] COM3: ComPort added to the Settings Form. (Line: 484)
12/3/2024 16:42:59 [Information] COM4: ComPort added to the Settings Form. (Line: 484)
12/3/2024 16:42:59 [Information] COM5: ComPort added to the Settings Form. (Line: 484)
12/3/2024 16:42:59 [Information] COM6: ComPort added to the Settings Form. (Line: 484)
12/3/2024 16:42:59 [Information] COM7: ComPort added to the Settings Form. (Line: 484)
12/3/2024 16:42:59 [Information] COM8: ComPort added to the Settings Form. (Line: 484)
12/3/2024 16:42:59 [Information] COM9: ComPort added to the Settings Form. (Line: 484)
12/3/2024 16:42:59 [Information] COM10: ComPort added to the Settings Form. (Line: 484)
12/3/2024 16:42:59 [Information] decimal: 4.00 Divider4_00 added to the Settings Form. (Line: 271)
12/3/2024 16:42:59 [Information] decimal: 0.00 MathPart2Initlz added to the Settings Form. (Line: 271)
12/3/2024 16:42:59 [Information] decimal: 1.00 MilisecondTimerInterval added to the Settings Form. (Line: 271)
12/3/2024 16:42:59 [Information] decimal: 1000.00 MillisecondDelay added to the Settings Form. (Line: 271)
12/3/2024 16:42:59 [Information] int: 1000 Milliseconds added to the Settings Form. (Line: 151)
12/3/2024 16:42:59 [Information] int: 4 mmPerRevolution added to the Settings Form. (Line: 151)
12/3/2024 16:42:59 [Information] int: 200 stepsPerRevolution added to the Settings Form. (Line: 151)
12/3/2024 16:42:59 [Information] int: 2000 ThreadSleep added to the Settings Form. (Line: 151)
12/3/2024 16:42:59 [Information] decimal: 0.00 Value_0_00 added to the Settings Form. (Line: 271)
12/3/2024 16:42:59 [Information] decimal: 50.00 XaxisAcceleration added to the Settings Form. (Line: 271)
12/3/2024 16:42:59 [Information] bool: False XaxisChanged added to the Settings Form. (Line: 218)
12/3/2024 16:42:59 [Information] decimal: 400.00 XaxisMotorSpeed added to the Settings Form. (Line: 271)
12/3/2024 16:42:59 [Information] decimal: 0.00 XaxisStepperCurrent added to the Settings Form. (Line: 271)
12/3/2024 16:42:59 [Information] decimal: 0.00 XaxisStepperMove added to the Settings Form. (Line: 271)
12/3/2024 16:42:59 [Information] XCOM1: XComPort added to the Settings Form. (Line: 346)
12/3/2024 16:42:59 [Information] XCOM2: XComPort added to the Settings Form. (Line: 346)
12/3/2024 16:42:59 [Information] XCOM3: XComPort added to the Settings Form. (Line: 346)
12/3/2024 16:42:59 [Information] XCOM4: XComPort added to the Settings Form. (Line: 346)
12/3/2024 16:42:59 [Information] XCOM5: XComPort added to the Settings Form. (Line: 346)
12/3/2024 16:42:59 [Information] XCOM6: XComPort added to the Settings Form. (Line: 346)
12/3/2024 16:42:59 [Information] XCOM7: XComPort added to the Settings Form. (Line: 346)
12/3/2024 16:42:59 [Information] XCOM8: XComPort added to the Settings Form. (Line: 346)
12/3/2024 16:42:59 [Information] XCOM9: XComPort added to the Settings Form. (Line: 346)
12/3/2024 16:42:59 [Information] XCOM10: XComPort added to the Settings Form. (Line: 346)
12/3/2024 16:42:59 [Information] decimal: 50.00 YaxisAcceleration added to the Settings Form. (Line: 271)
12/3/2024 16:42:59 [Information] bool: False YaxisChanged added to the Settings Form. (Line: 218)
12/3/2024 16:42:59 [Information] decimal: 400.00 YaxisMotorSpeed added to the Settings Form. (Line: 271)
12/3/2024 16:42:59 [Information] decimal: 0.00 YaxisStepperCurrent added to the Settings Form. (Line: 271)
12/3/2024 16:42:59 [Information] decimal: 0.00 YaxisStepperMove added to the Settings Form. (Line: 271)
12/3/2024 16:42:59 [Information] YCOM1: YComPort added to the Settings Form. (Line: 392)
12/3/2024 16:42:59 [Information] YCOM2: YComPort added to the Settings Form. (Line: 392)
12/3/2024 16:42:59 [Information] YCOM3: YComPort added to the Settings Form. (Line: 392)
12/3/2024 16:42:59 [Information] YCOM4: YComPort added to the Settings Form. (Line: 392)
12/3/2024 16:42:59 [Information] YCOM5: YComPort added to the Settings Form. (Line: 392)
12/3/2024 16:42:59 [Information] YCOM6: YComPort added to the Settings Form. (Line: 392)
12/3/2024 16:42:59 [Information] YCOM7: YComPort added to the Settings Form. (Line: 392)
12/3/2024 16:42:59 [Information] YCOM8: YComPort added to the Settings Form. (Line: 392)
12/3/2024 16:42:59 [Information] YCOM9: YComPort added to the Settings Form. (Line: 392)
12/3/2024 16:42:59 [Information] YCOM10: YComPort added to the Settings Form. (Line: 392)
12/3/2024 16:42:59 [Information] decimal: 50.00 ZaxisAcceleration added to the Settings Form. (Line: 271)
12/3/2024 16:42:59 [Information] bool: False ZaxisChanged added to the Settings Form. (Line: 218)
12/3/2024 16:42:59 [Information] decimal: 400.00 ZaxisMotorSpeed added to the Settings Form. (Line: 271)
12/3/2024 16:42:59 [Information] decimal: 0.00 ZaxisStepperCurrent added to the Settings Form. (Line: 271)
12/3/2024 16:42:59 [Information] decimal: 0.00 ZaxisStepperMove added to the Settings Form. (Line: 271)
12/3/2024 16:42:59 [Information] ZCOM1: ZComPort added to the Settings Form. (Line: 438)
12/3/2024 16:42:59 [Information] ZCOM2: ZComPort added to the Settings Form. (Line: 438)
12/3/2024 16:42:59 [Information] ZCOM3: ZComPort added to the Settings Form. (Line: 438)
12/3/2024 16:42:59 [Information] ZCOM4: ZComPort added to the Settings Form. (Line: 438)
12/3/2024 16:42:59 [Information] ZCOM5: ZComPort added to the Settings Form. (Line: 438)
12/3/2024 16:42:59 [Information] ZCOM6: ZComPort added to the Settings Form. (Line: 438)
12/3/2024 16:42:59 [Information] ZCOM7: ZComPort added to the Settings Form. (Line: 438)
12/3/2024 16:42:59 [Information] ZCOM8: ZComPort added to the Settings Form. (Line: 438)
12/3/2024 16:42:59 [Information] ZCOM9: ZComPort added to the Settings Form. (Line: 438)
12/3/2024 16:42:59 [Information] ZCOM10: ZComPort added to the Settings Form. (Line: 438)
12/3/2024 16:42:59 [Information] int: 0 zeroXaxis added to the Settings Form. (Line: 151)
12/3/2024 16:42:59 [Information] int: 0 zeroYaxis added to the Settings Form. (Line: 151)
12/3/2024 16:42:59 [Information] int: 0 zeroZaxis added to the Settings Form. (Line: 151)
12/3/2024 16:42:59 [Information] NewSettingsWindow updated to Stepper.StepperAppSettings (Line: 49)
12/3/2024 16:43:01 [Information] Stepper Motor Controller MainWindow loaded (Line: 2077)
12/3/2024 16:43:01 [Information] Set MainWindow Media Brushes to White. (Line: 2087)
12/3/2024 16:43:34 [Information] txtZaxisStepperMove Axis mouse controlled Keypad returned: 32..003 (Line: 1915)
12/3/2024 16:43:41 [Information] txtZaxisStepperMove Axis mouse controlled Keypad returned: 32.00 (Line: 1915)
12/3/2024 16:43:43 [Information] Z Axis Run button clicked: (Line: 1377)
12/3/2024 16:43:43 [Information] Z Axis MotorMovementSeconds for <= 400.00 RPM: 4.80 (Line: 1635)
12/3/2024 16:43:47 [Information] TargetEndTime updated to 12/3/2024 16:43:48 (Line: 101)
12/3/2024 16:43:47 [Information] Z Axis Run Event: Z,0.00,400.00,0,0.00,400.00,0,32.00,400.00,0 (Line: 1560)
12/3/2024 16:43:48 [Information] Stepper Motor Countdown: Completed (Line: 1016)
12/3/2024 16:43:49 [Information] LimitSwitchCWPressed updated to True (Line: 75)
12/3/2024 16:43:49 [Information] ZAxisTargetReached updated to True (Line: 476)
12/3/2024 16:43:49 [Information] Z Axis Target Reached changed. (Line: 708)
12/3/2024 16:43:49 [Information] Z Axis LimitSwitchPressed. (Line: 714)
12/3/2024 16:43:49 [Information] Z Axis Absolute Position: 0. (Line: 717)
12/3/2024 16:43:49 [Information] ZAxisAbsolutePosition updated to -2.76 (Line: 512)
12/3/2024 16:43:49 [Information] Z Axis Absolute Position changed. (Line: 770)
12/3/2024 16:43:49 [Information] Z Axis New Position: -2.76. (Line: 719)
12/3/2024 16:44:59 [Information] Z Axis Position: -2.76. (Line: 721)
12/3/2024 16:44:59 [Information] LimitSwitchCWPressed updated to False (Line: 75)
12/3/2024 16:44:59 [Information] CW Limit Switch Activated! (Line: 1195)
12/3/2024 16:45:04 [Information] ZaxisStepperMoveTemp updated to 32.00 (Line: 226)
12/3/2024 16:45:07 [Information] ZAxisTargetReached updated to False (Line: 476)
12/3/2024 16:45:07 [Information] Z Axis Run button clicked: (Line: 1377)
12/3/2024 16:45:07 [Information] Z Axis MotorMovementSeconds for <= 400.00 RPM: 4.80 (Line: 1635)
12/3/2024 16:45:10 [Information] TargetEndTime updated to 12/3/2024 16:45:12 (Line: 101)
12/3/2024 16:45:10 [Information] Z Axis Run Event: Z,0.00,400.00,0,0.00,400.00,0,32.00,400.00,0 (Line: 1560)
12/3/2024 16:45:12 [Information] LimitSwitchCCWPressed updated to True (Line: 88)
12/3/2024 16:45:12 [Information] ZAxisTargetReached updated to True (Line: 476)
12/3/2024 16:45:12 [Information] Z Axis Target Reached changed. (Line: 708)
12/3/2024 16:45:12 [Information] Z Axis LimitSwitchPressed. (Line: 729)
12/3/2024 16:45:12 [Information] Z Axis Absolute Position: -2.76. (Line: 732)
12/3/2024 16:45:12 [Information] ZAxisAbsolutePosition updated to 0.07999992 (Line: 512)
12/3/2024 16:45:12 [Information] Z Axis Absolute Position changed. (Line: 770)
12/3/2024 16:45:12 [Information] Z Axis New Position: 2.84. (Line: 734)
12/3/2024 16:46:34 [Information] Z Axis Position: 0.07999992. (Line: 736)
12/3/2024 16:46:34 [Information] LimitSwitchCCWPressed updated to False (Line: 88)
12/3/2024 16:46:34 [Information] CCW Limit Switch Activated! (Line: 1203)
12/3/2024 16:46:34 [Information] Stepper Motor Countdown: Completed (Line: 1016)
12/3/2024 16:46:42 [Information] ZAxisTargetReached updated to False (Line: 476)
12/3/2024 16:46:42 [Information] Z Axis Run button clicked: (Line: 1377)
12/3/2024 16:46:42 [Information] Z Axis MotorMovementSeconds for <= 400.00 RPM: 4.80 (Line: 1635)
12/3/2024 16:46:45 [Information] TargetEndTime updated to 12/3/2024 16:46:47 (Line: 101)
12/3/2024 16:46:45 [Information] Z Axis Run Event: Z,0.00,400.00,0,0.00,400.00,0,32.00,400.00,0 (Line: 1560)
12/3/2024 16:46:48 [Information] Stepper Motor Countdown: Completed (Line: 1016)
12/3/2024 16:46:52 [Information] ZAxisTargetReached updated to True (Line: 476)
12/3/2024 16:46:52 [Information] Z Axis Target Reached changed. (Line: 708)
12/3/2024 16:46:52 [Information] ZAxisAbsolutePosition updated to 32.08 (Line: 512)
12/3/2024 16:46:52 [Information] Z Axis Absolute Position changed. (Line: 770)
12/3/2024 16:47:06 [Information] Z Axis Position: 32.08. (Line: 752)
12/3/2024 16:47:06 [Information] Axis Z reached target position Current Position: (Line: 1219)
12/3/2024 16:48:29 [Information] ZAxisTargetReached updated to False (Line: 476)
12/3/2024 16:48:29 [Information] Z Axis Run button clicked: (Line: 1377)
12/3/2024 16:48:29 [Information] Z Axis MotorMovementSeconds for <= 400.00 RPM: 4.80 (Line: 1635)
12/3/2024 16:48:37 [Information] TargetEndTime updated to 12/3/2024 16:48:34 (Line: 101)
12/3/2024 16:48:43 [Information] Z Axis Run Event: Z,0.00,400.00,0,0.00,400.00,0,32.00,400.00,0 (Line: 1560)
12/3/2024 16:48:43 [Information] Stepper Motor Countdown: Completed (Line: 1016)
12/3/2024 16:48:47 [Information] Z Axis Run button clicked: (Line: 1377)
12/3/2024 16:48:47 [Information] Z Axis MotorMovementSeconds for <= 400.00 RPM: 4.80 (Line: 1635)
12/3/2024 16:48:47 [Information] TargetEndTime updated to 12/3/2024 16:48:52 (Line: 101)
12/3/2024 16:48:53 [Information] Z Axis Run Event: Z,0.00,400.00,0,0.00,400.00,0,32.00,400.00,0 (Line: 1560)
12/3/2024 16:48:53 [Information] Stepper Motor Countdown: Completed (Line: 1016)
12/3/2024 16:48:53 [Information] LimitSwitchCCWPressed updated to True (Line: 88)
12/3/2024 16:48:53 [Information] ZAxisTargetReached updated to True (Line: 476)
12/3/2024 16:48:53 [Information] Z Axis Target Reached changed. (Line: 708)
12/3/2024 16:48:53 [Information] Z Axis LimitSwitchPressed. (Line: 729)
12/3/2024 16:48:53 [Information] Z Axis Absolute Position: 32.08. (Line: 732)
12/3/2024 16:48:53 [Information] ZAxisAbsolutePosition updated to 33.780003 (Line: 512)
12/3/2024 16:48:53 [Information] Z Axis Absolute Position changed. (Line: 770)
12/3/2024 16:48:53 [Information] Z Axis New Position: 1.7. (Line: 734)
12/3/2024 16:49:03 [Information] Z Axis Position: 33.780003. (Line: 736)
12/3/2024 16:49:03 [Information] LimitSwitchCCWPressed updated to False (Line: 88)
12/3/2024 16:49:03 [Information] CCW Limit Switch Activated! (Line: 1203)
12/3/2024 16:49:08 [Information] Setting Z Axis Current Location Set to Zero on DRO (Line: 1766)
12/3/2024 16:49:09 [Information] Z Axis Current Location Set to Zero (Line: 1800)
12/3/2024 16:49:13 [Information] ZaxisStepperMoveTemp updated to 0.00 (Line: 226)
12/3/2024 16:49:17 [Information] txtZaxisStepperMove Axis mouse controlled Keypad returned: 32.00 (Line: 1915)
12/3/2024 16:49:19 [Information] ZAxisTargetReached updated to False (Line: 476)
12/3/2024 16:49:19 [Information] Z Axis Run button clicked: (Line: 1377)
12/3/2024 16:49:19 [Information] Z Axis MotorMovementSeconds for <= 400.00 RPM: 4.80 (Line: 1635)
12/3/2024 16:49:19 [Information] TargetEndTime updated to 12/3/2024 16:49:24 (Line: 101)
12/3/2024 16:49:19 [Information] Z Axis Run Event: Z,0.00,400.00,0,0.00,400.00,0,32.00,400.00,0 (Line: 1560)
12/3/2024 16:49:20 [Information] LimitSwitchCCWPressed updated to True (Line: 88)
12/3/2024 16:49:20 [Information] ZAxisTargetReached updated to True (Line: 476)
12/3/2024 16:49:20 [Information] Z Axis Target Reached changed. (Line: 708)
12/3/2024 16:49:20 [Information] Z Axis LimitSwitchPressed. (Line: 729)
12/3/2024 16:49:20 [Information] Z Axis Absolute Position: 33.780003. (Line: 732)
12/3/2024 16:49:20 [Information] ZAxisAbsolutePosition updated to 36.280003 (Line: 512)
12/3/2024 16:49:20 [Information] Z Axis Absolute Position changed. (Line: 770)
12/3/2024 16:49:20 [Information] Z Axis New Position: 2.5. (Line: 734)
12/3/2024 16:49:25 [Information] Z Axis Position: 36.280003. (Line: 736)
12/3/2024 16:49:25 [Information] LimitSwitchCCWPressed updated to False (Line: 88)
12/3/2024 16:49:25 [Information] CCW Limit Switch Activated! (Line: 1203)
12/3/2024 16:49:25 [Information] Axis Z reached target position Current Position: (Line: 1219)
12/3/2024 16:49:25 [Information] Stepper Motor Countdown: Completed (Line: 1016)
12/3/2024 16:49:31 [Information] Stepper Motor Controller MainWindow Closing. (Line: 2098)
12/3/2024 16:49:31 [Information] Properties Settings Saved. (Line: 2107)
12/3/2024 16:49:31 [Information] Properties Settings Form Closed. (Line: 2113)
12/3/2024 16:49:31 [Information] Stepper Motor Controller Form Closed. (Line: 2116)
