12/1/2024 18:01:33 [Information] Logger updated to Microsoft.Extensions.Logging.Logger`1[Stepper.MainWindow] (Line: 226)
12/1/2024 18:01:33 [Information] Stepper Motor Controller Application Started. (Line: 943)
12/1/2024 18:01:33 [Information] Version: 3.0.9101.32442 (12/1/2024 18:01:33) (Line: 947)
12/1/2024 18:01:33 [Information] Initializing Serial Ports. (Line: 772)
12/1/2024 18:01:34 [Error] I/O error occurred while opening the port COM7. (Line: 835)
12/1/2024 18:01:34 [Error] I/O error occurred while opening the port COM8. (Line: 835)
12/1/2024 18:01:34 [Information] SerialPort COM10 opened successfully. (Line: 818)
12/1/2024 18:01:34 [Information] SerialPort COM10 read 1 bytes. (Line: 823)
12/1/2024 18:01:34 [Information] CountdownTimer updated to System.Windows.Threading.DispatcherTimer (Line: 62)
12/1/2024 18:01:34 [Information] Stepper Motor Controller Application Started. (Line: 552)
12/1/2024 18:01:34 [Information] Version: 3.0.9101.32442 (12/1/2024 18:01:34) (Line: 556)
12/1/2024 18:01:34 [Information] Version: 3.1.0.32443 (12/1/2024 18:01:34) (Line: 632)
12/1/2024 18:01:34 [Information] Element AssemblyVersion not found in the provided XML document. (Line: 764)
12/1/2024 18:01:34 [Information] Element FileVersion not found in the provided XML document. (Line: 764)
12/1/2024 18:01:34 [Information] Version: 3.1.0.32443 (12/1/2024 18:01:34) (Line: 640)
12/1/2024 18:01:34 [Information] Stepper Motor Controller Application Settings Window Opened. (Line: 39)
12/1/2024 18:01:34 [Information] Stepper Motor Controller Application Settings form is rebuilt each and every time it is opened. (Line: 47)
12/1/2024 18:01:34 [Information] int: 0 AxisAbsolutePosition added to the Settings Form. (Line: 151)
12/1/2024 18:01:34 [Information] int: 9600 BaudRate added to the Settings Form. (Line: 151)
12/1/2024 18:01:34 [Information] bool: False ckbXaxisResetToZeroIsChecked added to the Settings Form. (Line: 218)
12/1/2024 18:01:34 [Information] bool: False ckbYaxisResetToZeroIsChecked added to the Settings Form. (Line: 218)
12/1/2024 18:01:34 [Information] bool: False ckbZaxisResetToZeroIsChecked added to the Settings Form. (Line: 218)
12/1/2024 18:01:34 [Information] COM1: ComPort added to the Settings Form. (Line: 484)
12/1/2024 18:01:34 [Information] COM2: ComPort added to the Settings Form. (Line: 484)
12/1/2024 18:01:34 [Information] COM3: ComPort added to the Settings Form. (Line: 484)
12/1/2024 18:01:34 [Information] COM4: ComPort added to the Settings Form. (Line: 484)
12/1/2024 18:01:34 [Information] COM5: ComPort added to the Settings Form. (Line: 484)
12/1/2024 18:01:34 [Information] COM6: ComPort added to the Settings Form. (Line: 484)
12/1/2024 18:01:34 [Information] COM7: ComPort added to the Settings Form. (Line: 484)
12/1/2024 18:01:34 [Information] COM8: ComPort added to the Settings Form. (Line: 484)
12/1/2024 18:01:34 [Information] COM9: ComPort added to the Settings Form. (Line: 484)
12/1/2024 18:01:34 [Information] COM10: ComPort added to the Settings Form. (Line: 484)
12/1/2024 18:01:34 [Information] decimal: 4.00 Divider4_00 added to the Settings Form. (Line: 271)
12/1/2024 18:01:34 [Information] decimal: 0.00 MathPart2Initlz added to the Settings Form. (Line: 271)
12/1/2024 18:01:34 [Information] decimal: 1.00 MilisecondTimerInterval added to the Settings Form. (Line: 271)
12/1/2024 18:01:34 [Information] decimal: 1000.00 MillisecondDelay added to the Settings Form. (Line: 271)
12/1/2024 18:01:34 [Information] int: 1000 Milliseconds added to the Settings Form. (Line: 151)
12/1/2024 18:01:34 [Information] int: 4 mmPerRevolution added to the Settings Form. (Line: 151)
12/1/2024 18:01:34 [Information] int: 200 stepsPerRevolution added to the Settings Form. (Line: 151)
12/1/2024 18:01:34 [Information] int: 2000 ThreadSleep added to the Settings Form. (Line: 151)
12/1/2024 18:01:34 [Information] decimal: 0.00 Value_0_00 added to the Settings Form. (Line: 271)
12/1/2024 18:01:34 [Information] decimal: 50.00 XaxisAcceleration added to the Settings Form. (Line: 271)
12/1/2024 18:01:34 [Information] bool: False XaxisChanged added to the Settings Form. (Line: 218)
12/1/2024 18:01:34 [Information] decimal: 400.00 XaxisMotorSpeed added to the Settings Form. (Line: 271)
12/1/2024 18:01:34 [Information] decimal: 0.00 XaxisStepperCurrent added to the Settings Form. (Line: 271)
12/1/2024 18:01:34 [Information] decimal: 0.00 XaxisStepperMove added to the Settings Form. (Line: 271)
12/1/2024 18:01:34 [Information] XCOM1: XComPort added to the Settings Form. (Line: 346)
12/1/2024 18:01:34 [Information] XCOM2: XComPort added to the Settings Form. (Line: 346)
12/1/2024 18:01:34 [Information] XCOM3: XComPort added to the Settings Form. (Line: 346)
12/1/2024 18:01:34 [Information] XCOM4: XComPort added to the Settings Form. (Line: 346)
12/1/2024 18:01:34 [Information] XCOM5: XComPort added to the Settings Form. (Line: 346)
12/1/2024 18:01:34 [Information] XCOM6: XComPort added to the Settings Form. (Line: 346)
12/1/2024 18:01:34 [Information] XCOM7: XComPort added to the Settings Form. (Line: 346)
12/1/2024 18:01:34 [Information] XCOM8: XComPort added to the Settings Form. (Line: 346)
12/1/2024 18:01:34 [Information] XCOM9: XComPort added to the Settings Form. (Line: 346)
12/1/2024 18:01:34 [Information] XCOM10: XComPort added to the Settings Form. (Line: 346)
12/1/2024 18:01:34 [Information] decimal: 50.00 YaxisAcceleration added to the Settings Form. (Line: 271)
12/1/2024 18:01:34 [Information] bool: False YaxisChanged added to the Settings Form. (Line: 218)
12/1/2024 18:01:34 [Information] decimal: 400.00 YaxisMotorSpeed added to the Settings Form. (Line: 271)
12/1/2024 18:01:34 [Information] decimal: 0.00 YaxisStepperCurrent added to the Settings Form. (Line: 271)
12/1/2024 18:01:34 [Information] decimal: 0.00 YaxisStepperMove added to the Settings Form. (Line: 271)
12/1/2024 18:01:34 [Information] YCOM1: YComPort added to the Settings Form. (Line: 392)
12/1/2024 18:01:34 [Information] YCOM2: YComPort added to the Settings Form. (Line: 392)
12/1/2024 18:01:34 [Information] YCOM3: YComPort added to the Settings Form. (Line: 392)
12/1/2024 18:01:34 [Information] YCOM4: YComPort added to the Settings Form. (Line: 392)
12/1/2024 18:01:34 [Information] YCOM5: YComPort added to the Settings Form. (Line: 392)
12/1/2024 18:01:34 [Information] YCOM6: YComPort added to the Settings Form. (Line: 392)
12/1/2024 18:01:34 [Information] YCOM7: YComPort added to the Settings Form. (Line: 392)
12/1/2024 18:01:34 [Information] YCOM8: YComPort added to the Settings Form. (Line: 392)
12/1/2024 18:01:34 [Information] YCOM9: YComPort added to the Settings Form. (Line: 392)
12/1/2024 18:01:34 [Information] YCOM10: YComPort added to the Settings Form. (Line: 392)
12/1/2024 18:01:34 [Information] decimal: 50.00 ZaxisAcceleration added to the Settings Form. (Line: 271)
12/1/2024 18:01:34 [Information] bool: False ZaxisChanged added to the Settings Form. (Line: 218)
12/1/2024 18:01:34 [Information] decimal: 400.00 ZaxisMotorSpeed added to the Settings Form. (Line: 271)
12/1/2024 18:01:34 [Information] decimal: 0.00 ZaxisStepperCurrent added to the Settings Form. (Line: 271)
12/1/2024 18:01:34 [Information] decimal: 0.00 ZaxisStepperMove added to the Settings Form. (Line: 271)
12/1/2024 18:01:34 [Information] ZCOM1: ZComPort added to the Settings Form. (Line: 438)
12/1/2024 18:01:34 [Information] ZCOM2: ZComPort added to the Settings Form. (Line: 438)
12/1/2024 18:01:34 [Information] ZCOM3: ZComPort added to the Settings Form. (Line: 438)
12/1/2024 18:01:34 [Information] ZCOM4: ZComPort added to the Settings Form. (Line: 438)
12/1/2024 18:01:34 [Information] ZCOM5: ZComPort added to the Settings Form. (Line: 438)
12/1/2024 18:01:34 [Information] ZCOM6: ZComPort added to the Settings Form. (Line: 438)
12/1/2024 18:01:34 [Information] ZCOM7: ZComPort added to the Settings Form. (Line: 438)
12/1/2024 18:01:34 [Information] ZCOM8: ZComPort added to the Settings Form. (Line: 438)
12/1/2024 18:01:34 [Information] ZCOM9: ZComPort added to the Settings Form. (Line: 438)
12/1/2024 18:01:34 [Information] ZCOM10: ZComPort added to the Settings Form. (Line: 438)
12/1/2024 18:01:34 [Information] int: 0 zeroXaxis added to the Settings Form. (Line: 151)
12/1/2024 18:01:34 [Information] int: 0 zeroYaxis added to the Settings Form. (Line: 151)
12/1/2024 18:01:34 [Information] int: 0 zeroZaxis added to the Settings Form. (Line: 151)
12/1/2024 18:01:34 [Information] NewSettingsWindow updated to Stepper.StepperAppSettings (Line: 49)
12/1/2024 18:01:35 [Information] Stepper Motor Controller MainWindow loaded (Line: 2017)
12/1/2024 18:01:35 [Information] Set MainWindow Media Brushes to White. (Line: 2027)
12/1/2024 18:01:41 [Information] txtZaxisStepperMove Axis mouse controlled Keypad returned: 2.00 (Line: 1855)
12/1/2024 18:01:42 [Information] Z Axis Run button clicked: (Line: 1334)
12/1/2024 18:01:42 [Information] Z Axis MotorMovementSeconds for <= 400.00 RPM: 0.30 (Line: 1575)
12/1/2024 18:01:42 [Information] TargetEndTime updated to 12/1/2024 18:01:42 (Line: 88)
12/1/2024 18:01:42 [Information] ZAxisAbsolutePosition updated to 0 (Line: 499)
12/1/2024 18:01:42 [Information] Z Axis Absolute Position changed. (Line: 738)
12/1/2024 18:01:42 [Information] Z Axis Run Event: Z,0.00,400.00,0,0.00,400.00,0,2.00,400.00,0 (Line: 1500)
12/1/2024 18:01:43 [Information] Stepper Motor Countdown: Completed (Line: 976)
12/1/2024 18:01:45 [Information] LimitSwitchPressed updated to True (Line: 75)
12/1/2024 18:01:45 [Information] ZAxisTargetReached updated to True (Line: 463)
12/1/2024 18:01:45 [Information] Z Axis Target Reached changed. (Line: 701)
12/1/2024 18:01:50 [Information] ZAxisAbsolutePosition updated to -1.82 (Line: 499)
12/1/2024 18:01:50 [Information] Z Axis Absolute Position changed. (Line: 738)
12/1/2024 18:01:51 [Error] Error in ZdataReceivedHandler (Line: 1182)
12/1/2024 18:01:57 [Information] Stepper Motor Controller MainWindow Closing. (Line: 2038)
12/1/2024 18:01:57 [Information] Properties Settings Saved. (Line: 2047)
12/1/2024 18:01:57 [Information] Properties Settings Form Closed. (Line: 2053)
12/1/2024 18:01:57 [Information] Stepper Motor Controller Form Closed. (Line: 2056)
