12/1/2024 11:57:03 [Information] Logger updated to Microsoft.Extensions.Logging.Logger`1[Stepper.MainWindow] (Line: 225)
12/1/2024 11:57:03 [Information] Stepper Motor Controller Application Started. (Line: 921)
12/1/2024 11:57:03 [Information] Version: 3.0.9101.21506 (12/1/2024 11:57:03) (Line: 925)
12/1/2024 11:57:03 [Information] Initializing Serial Ports. (Line: 750)
12/1/2024 11:57:03 [Error] I/O error occurred while opening the port COM7. (Line: 813)
12/1/2024 11:57:05 [Error] I/O error occurred while opening the port COM8. (Line: 813)
12/1/2024 11:57:06 [Information] SerialPort COM10 opened successfully. (Line: 796)
12/1/2024 11:57:06 [Information] CountdownTimer updated to System.Windows.Threading.DispatcherTimer (Line: 61)
12/1/2024 11:57:06 [Information] Stepper Motor Controller Application Started. (Line: 545)
12/1/2024 11:57:06 [Information] Version: 3.0.9101.21506 (12/1/2024 11:57:06) (Line: 549)
12/1/2024 11:57:06 [Information] Version: 3.1.0.21507 (12/1/2024 11:57:06) (Line: 625)
12/1/2024 11:57:06 [Information] Element AssemblyVersion not found in the provided XML document. (Line: 742)
12/1/2024 11:57:06 [Information] Element FileVersion not found in the provided XML document. (Line: 742)
12/1/2024 11:57:06 [Information] Version: 3.1.0.21507 (12/1/2024 11:57:06) (Line: 633)
12/1/2024 11:57:06 [Information] Stepper Motor Controller Application Settings Window Opened. (Line: 39)
12/1/2024 11:57:06 [Information] Stepper Motor Controller Application Settings form is rebuilt each and every time it is opened. (Line: 47)
12/1/2024 11:57:06 [Information] int: 0 AxisAbsolutePosition added to the Settings Form. (Line: 151)
12/1/2024 11:57:06 [Information] int: 9600 BaudRate added to the Settings Form. (Line: 151)
12/1/2024 11:57:06 [Information] bool: False ckbXaxisResetToZeroIsChecked added to the Settings Form. (Line: 218)
12/1/2024 11:57:06 [Information] bool: False ckbYaxisResetToZeroIsChecked added to the Settings Form. (Line: 218)
12/1/2024 11:57:06 [Information] bool: False ckbZaxisResetToZeroIsChecked added to the Settings Form. (Line: 218)
12/1/2024 11:57:06 [Information] COM1: ComPort added to the Settings Form. (Line: 484)
12/1/2024 11:57:06 [Information] COM2: ComPort added to the Settings Form. (Line: 484)
12/1/2024 11:57:06 [Information] COM3: ComPort added to the Settings Form. (Line: 484)
12/1/2024 11:57:06 [Information] COM4: ComPort added to the Settings Form. (Line: 484)
12/1/2024 11:57:06 [Information] COM5: ComPort added to the Settings Form. (Line: 484)
12/1/2024 11:57:06 [Information] COM6: ComPort added to the Settings Form. (Line: 484)
12/1/2024 11:57:06 [Information] COM7: ComPort added to the Settings Form. (Line: 484)
12/1/2024 11:57:06 [Information] COM8: ComPort added to the Settings Form. (Line: 484)
12/1/2024 11:57:06 [Information] COM9: ComPort added to the Settings Form. (Line: 484)
12/1/2024 11:57:06 [Information] COM10: ComPort added to the Settings Form. (Line: 484)
12/1/2024 11:57:06 [Information] decimal: 4.00 Divider4_00 added to the Settings Form. (Line: 271)
12/1/2024 11:57:06 [Information] decimal: 0.00 MathPart2Initlz added to the Settings Form. (Line: 271)
12/1/2024 11:57:06 [Information] decimal: 1.00 MilisecondTimerInterval added to the Settings Form. (Line: 271)
12/1/2024 11:57:06 [Information] decimal: 1000.00 MillisecondDelay added to the Settings Form. (Line: 271)
12/1/2024 11:57:06 [Information] int: 1000 Milliseconds added to the Settings Form. (Line: 151)
12/1/2024 11:57:06 [Information] int: 4 mmPerRevolution added to the Settings Form. (Line: 151)
12/1/2024 11:57:06 [Information] int: 200 stepsPerRevolution added to the Settings Form. (Line: 151)
12/1/2024 11:57:06 [Information] int: 2000 ThreadSleep added to the Settings Form. (Line: 151)
12/1/2024 11:57:06 [Information] decimal: 0.00 Value_0_00 added to the Settings Form. (Line: 271)
12/1/2024 11:57:06 [Information] decimal: 50.00 XaxisAcceleration added to the Settings Form. (Line: 271)
12/1/2024 11:57:06 [Information] bool: False XaxisChanged added to the Settings Form. (Line: 218)
12/1/2024 11:57:06 [Information] decimal: 400.00 XaxisMotorSpeed added to the Settings Form. (Line: 271)
12/1/2024 11:57:06 [Information] decimal: 0.00 XaxisStepperCurrent added to the Settings Form. (Line: 271)
12/1/2024 11:57:06 [Information] decimal: 0.00 XaxisStepperMove added to the Settings Form. (Line: 271)
12/1/2024 11:57:06 [Information] XCOM1: XComPort added to the Settings Form. (Line: 346)
12/1/2024 11:57:06 [Information] XCOM2: XComPort added to the Settings Form. (Line: 346)
12/1/2024 11:57:06 [Information] XCOM3: XComPort added to the Settings Form. (Line: 346)
12/1/2024 11:57:06 [Information] XCOM4: XComPort added to the Settings Form. (Line: 346)
12/1/2024 11:57:06 [Information] XCOM5: XComPort added to the Settings Form. (Line: 346)
12/1/2024 11:57:06 [Information] XCOM6: XComPort added to the Settings Form. (Line: 346)
12/1/2024 11:57:06 [Information] XCOM7: XComPort added to the Settings Form. (Line: 346)
12/1/2024 11:57:06 [Information] XCOM8: XComPort added to the Settings Form. (Line: 346)
12/1/2024 11:57:06 [Information] XCOM9: XComPort added to the Settings Form. (Line: 346)
12/1/2024 11:57:06 [Information] XCOM10: XComPort added to the Settings Form. (Line: 346)
12/1/2024 11:57:06 [Information] decimal: 50.00 YaxisAcceleration added to the Settings Form. (Line: 271)
12/1/2024 11:57:06 [Information] bool: False YaxisChanged added to the Settings Form. (Line: 218)
12/1/2024 11:57:06 [Information] decimal: 400.00 YaxisMotorSpeed added to the Settings Form. (Line: 271)
12/1/2024 11:57:06 [Information] decimal: 0.00 YaxisStepperCurrent added to the Settings Form. (Line: 271)
12/1/2024 11:57:06 [Information] decimal: 0.00 YaxisStepperMove added to the Settings Form. (Line: 271)
12/1/2024 11:57:06 [Information] YCOM1: YComPort added to the Settings Form. (Line: 392)
12/1/2024 11:57:06 [Information] YCOM2: YComPort added to the Settings Form. (Line: 392)
12/1/2024 11:57:06 [Information] YCOM3: YComPort added to the Settings Form. (Line: 392)
12/1/2024 11:57:06 [Information] YCOM4: YComPort added to the Settings Form. (Line: 392)
12/1/2024 11:57:06 [Information] YCOM5: YComPort added to the Settings Form. (Line: 392)
12/1/2024 11:57:06 [Information] YCOM6: YComPort added to the Settings Form. (Line: 392)
12/1/2024 11:57:06 [Information] YCOM7: YComPort added to the Settings Form. (Line: 392)
12/1/2024 11:57:06 [Information] YCOM8: YComPort added to the Settings Form. (Line: 392)
12/1/2024 11:57:06 [Information] YCOM9: YComPort added to the Settings Form. (Line: 392)
12/1/2024 11:57:06 [Information] YCOM10: YComPort added to the Settings Form. (Line: 392)
12/1/2024 11:57:06 [Information] decimal: 50.00 ZaxisAcceleration added to the Settings Form. (Line: 271)
12/1/2024 11:57:06 [Information] bool: False ZaxisChanged added to the Settings Form. (Line: 218)
12/1/2024 11:57:06 [Information] decimal: 400.00 ZaxisMotorSpeed added to the Settings Form. (Line: 271)
12/1/2024 11:57:06 [Information] decimal: 0.00 ZaxisStepperCurrent added to the Settings Form. (Line: 271)
12/1/2024 11:57:06 [Information] decimal: 0.00 ZaxisStepperMove added to the Settings Form. (Line: 271)
12/1/2024 11:57:06 [Information] ZCOM1: ZComPort added to the Settings Form. (Line: 438)
12/1/2024 11:57:06 [Information] ZCOM2: ZComPort added to the Settings Form. (Line: 438)
12/1/2024 11:57:06 [Information] ZCOM3: ZComPort added to the Settings Form. (Line: 438)
12/1/2024 11:57:06 [Information] ZCOM4: ZComPort added to the Settings Form. (Line: 438)
12/1/2024 11:57:06 [Information] ZCOM5: ZComPort added to the Settings Form. (Line: 438)
12/1/2024 11:57:06 [Information] ZCOM6: ZComPort added to the Settings Form. (Line: 438)
12/1/2024 11:57:06 [Information] ZCOM7: ZComPort added to the Settings Form. (Line: 438)
12/1/2024 11:57:06 [Information] ZCOM8: ZComPort added to the Settings Form. (Line: 438)
12/1/2024 11:57:06 [Information] ZCOM9: ZComPort added to the Settings Form. (Line: 438)
12/1/2024 11:57:06 [Information] ZCOM10: ZComPort added to the Settings Form. (Line: 438)
12/1/2024 11:57:06 [Information] int: 0 zeroXaxis added to the Settings Form. (Line: 151)
12/1/2024 11:57:06 [Information] int: 0 zeroYaxis added to the Settings Form. (Line: 151)
12/1/2024 11:57:06 [Information] int: 0 zeroZaxis added to the Settings Form. (Line: 151)
12/1/2024 11:57:06 [Information] NewSettingsWindow updated to Stepper.StepperAppSettings (Line: 48)
12/1/2024 11:57:07 [Information] Stepper Motor Controller MainWindow loaded (Line: 1913)
12/1/2024 11:57:07 [Information] Set MainWindow Media Brushes to White. (Line: 1923)
12/1/2024 11:57:14 [Information] txtZaxisStepperMove Axis mouse controlled Keypad returned: 32.00 (Line: 1751)
12/1/2024 11:57:15 [Information] Z Axis Run button clicked: (Line: 1230)
12/1/2024 11:57:15 [Information] Z Axis MotorMovementSeconds for <= 400.00 RPM: 4.80 (Line: 1471)
12/1/2024 11:57:15 [Information] TargetEndTime updated to 12/1/2024 11:57:20 (Line: 87)
12/1/2024 11:57:15 [Information] ZAxisAbsolutePosition updated to 0 (Line: 498)
12/1/2024 11:57:15 [Information] Z Axis Absolute Position changed. (Line: 716)
12/1/2024 11:57:15 [Information] Z Axis Run Event: Z,0.00,400.00,0,0.00,400.00,0,32.00,400.00,0 (Line: 1396)
12/1/2024 11:57:20 [Information] Stepper Motor Countdown: Completed (Line: 954)
12/1/2024 11:57:20 [Information] ZAxisTargetReached updated to True (Line: 462)
12/1/2024 11:57:20 [Information] Z Axis Target Reached changed. (Line: 694)
12/1/2024 11:57:20 [Information] CompletedZAxisCurrentPosition updated to 32 (Line: 358)
12/1/2024 11:57:22 [Information] ZAxisTargetReached updated to False (Line: 462)
12/1/2024 11:57:22 [Information] Z Axis Target Reached changed. (Line: 694)
12/1/2024 11:57:22 [Information] Z Axis Run button clicked: (Line: 1230)
12/1/2024 11:57:22 [Information] Z Axis MotorMovementSeconds for <= 400.00 RPM: 4.80 (Line: 1471)
12/1/2024 11:57:22 [Information] TargetEndTime updated to 12/1/2024 11:57:27 (Line: 87)
12/1/2024 11:57:22 [Information] ZAxisAbsolutePosition updated to 32 (Line: 498)
12/1/2024 11:57:22 [Information] Z Axis Absolute Position changed. (Line: 716)
12/1/2024 11:57:22 [Information] Z Axis Run Event: Z,0.00,400.00,0,0.00,400.00,0,32.00,400.00,0 (Line: 1396)
12/1/2024 11:57:27 [Information] Stepper Motor Countdown: Completed (Line: 954)
12/1/2024 11:57:27 [Information] ZAxisTargetReached updated to True (Line: 462)
12/1/2024 11:57:27 [Information] Z Axis Target Reached changed. (Line: 694)
12/1/2024 11:57:27 [Information] CompletedZAxisCurrentPosition updated to 64 (Line: 358)
12/1/2024 11:58:04 [Information] ZaxisStepperMoveTemp updated to 32.00 (Line: 212)
12/1/2024 11:58:09 [Information] txtZaxisStepperMove Axis mouse controlled Keypad returned: -32.00 (Line: 1751)
12/1/2024 11:58:11 [Information] ZAxisTargetReached updated to False (Line: 462)
12/1/2024 11:58:11 [Information] Z Axis Target Reached changed. (Line: 694)
12/1/2024 11:58:11 [Information] Z Axis Run button clicked: (Line: 1230)
12/1/2024 11:58:11 [Information] Z Axis MotorMovementSeconds for <= 400.00 RPM: 4.80 (Line: 1471)
12/1/2024 11:58:11 [Information] TargetEndTime updated to 12/1/2024 11:58:16 (Line: 87)
12/1/2024 11:58:11 [Information] ZAxisAbsolutePosition updated to 96 (Line: 498)
12/1/2024 11:58:11 [Information] Z Axis Absolute Position changed. (Line: 716)
12/1/2024 11:58:11 [Information] Z Axis Run Event: Z,0.00,400.00,0,0.00,400.00,0,-32.00,400.00,0 (Line: 1396)
12/1/2024 11:58:16 [Information] Stepper Motor Countdown: Completed (Line: 954)
12/1/2024 11:58:16 [Information] ZAxisTargetReached updated to True (Line: 462)
12/1/2024 11:58:16 [Information] Z Axis Target Reached changed. (Line: 694)
12/1/2024 11:58:16 [Information] CompletedZAxisCurrentPosition updated to 32 (Line: 358)
12/1/2024 11:58:27 [Information] ZAxisTargetReached updated to False (Line: 462)
12/1/2024 11:58:27 [Information] Z Axis Target Reached changed. (Line: 694)
12/1/2024 11:58:27 [Information] Z Axis Run button clicked: (Line: 1230)
12/1/2024 11:58:27 [Information] Z Axis MotorMovementSeconds for <= 400.00 RPM: 4.80 (Line: 1471)
12/1/2024 11:58:27 [Information] TargetEndTime updated to 12/1/2024 11:58:32 (Line: 87)
12/1/2024 11:58:33 [Information] ZAxisAbsolutePosition updated to 128 (Line: 498)
12/1/2024 11:58:33 [Information] Z Axis Absolute Position changed. (Line: 716)
12/1/2024 11:58:33 [Information] Z Axis Run Event: Z,0.00,400.00,0,0.00,400.00,0,-32.00,400.00,0 (Line: 1396)
12/1/2024 11:58:33 [Information] Stepper Motor Countdown: Completed (Line: 954)
12/1/2024 11:58:33 [Information] ZAxisTargetReached updated to True (Line: 462)
12/1/2024 11:58:33 [Information] Z Axis Target Reached changed. (Line: 694)
12/1/2024 11:58:33 [Information] CompletedZAxisCurrentPosition updated to 0 (Line: 358)
12/1/2024 12:00:05 [Information] ZAxisTargetReached updated to False (Line: 462)
12/1/2024 12:00:05 [Information] Z Axis Target Reached changed. (Line: 694)
12/1/2024 12:00:05 [Information] Z Axis Run button clicked: (Line: 1230)
12/1/2024 12:00:05 [Information] Z Axis MotorMovementSeconds for <= 400.00 RPM: 4.80 (Line: 1471)
12/1/2024 12:00:05 [Information] TargetEndTime updated to 12/1/2024 12:00:10 (Line: 87)
12/1/2024 12:00:07 [Information] ZAxisAbsolutePosition updated to 128 (Line: 498)
12/1/2024 12:00:07 [Information] Z Axis Absolute Position changed. (Line: 716)
12/1/2024 12:00:07 [Information] Z Axis Run Event: Z,0.00,400.00,0,0.00,400.00,0,-32.00,400.00,0 (Line: 1396)
12/1/2024 12:00:10 [Information] Stepper Motor Countdown: Completed (Line: 954)
12/1/2024 12:00:12 [Information] ZAxisTargetReached updated to True (Line: 462)
12/1/2024 12:00:12 [Information] Z Axis Target Reached changed. (Line: 694)
12/1/2024 12:00:12 [Information] CompletedZAxisCurrentPosition updated to -32 (Line: 358)
