12/1/2024 17:49:02 [Information] Logger updated to Microsoft.Extensions.Logging.Logger`1[Stepper.MainWindow] (Line: 226)
12/1/2024 17:49:02 [Information] Stepper Motor Controller Application Started. (Line: 942)
12/1/2024 17:49:02 [Information] Version: 3.0.9101.32066 (12/1/2024 17:49:02) (Line: 946)
12/1/2024 17:49:02 [Information] Initializing Serial Ports. (Line: 771)
12/1/2024 17:49:02 [Error] I/O error occurred while opening the port COM7. (Line: 834)
12/1/2024 17:49:02 [Error] I/O error occurred while opening the port COM8. (Line: 834)
12/1/2024 17:49:03 [Information] SerialPort COM10 opened successfully. (Line: 817)
12/1/2024 17:49:03 [Information] SerialPort COM10 read 1 bytes. (Line: 822)
12/1/2024 17:49:03 [Information] CountdownTimer updated to System.Windows.Threading.DispatcherTimer (Line: 62)
12/1/2024 17:49:03 [Information] Stepper Motor Controller Application Started. (Line: 552)
12/1/2024 17:49:03 [Information] Version: 3.0.9101.32066 (12/1/2024 17:49:03) (Line: 556)
12/1/2024 17:49:03 [Information] Version: 3.1.0.32067 (12/1/2024 17:49:03) (Line: 632)
12/1/2024 17:49:03 [Information] Element AssemblyVersion not found in the provided XML document. (Line: 763)
12/1/2024 17:49:03 [Information] Element FileVersion not found in the provided XML document. (Line: 763)
12/1/2024 17:49:03 [Information] Version: 3.1.0.32067 (12/1/2024 17:49:03) (Line: 640)
12/1/2024 17:49:03 [Information] Stepper Motor Controller Application Settings Window Opened. (Line: 39)
12/1/2024 17:49:03 [Information] Stepper Motor Controller Application Settings form is rebuilt each and every time it is opened. (Line: 47)
12/1/2024 17:49:03 [Information] int: 0 AxisAbsolutePosition added to the Settings Form. (Line: 151)
12/1/2024 17:49:03 [Information] int: 9600 BaudRate added to the Settings Form. (Line: 151)
12/1/2024 17:49:03 [Information] bool: False ckbXaxisResetToZeroIsChecked added to the Settings Form. (Line: 218)
12/1/2024 17:49:03 [Information] bool: False ckbYaxisResetToZeroIsChecked added to the Settings Form. (Line: 218)
12/1/2024 17:49:03 [Information] bool: False ckbZaxisResetToZeroIsChecked added to the Settings Form. (Line: 218)
12/1/2024 17:49:03 [Information] COM1: ComPort added to the Settings Form. (Line: 484)
12/1/2024 17:49:03 [Information] COM2: ComPort added to the Settings Form. (Line: 484)
12/1/2024 17:49:03 [Information] COM3: ComPort added to the Settings Form. (Line: 484)
12/1/2024 17:49:03 [Information] COM4: ComPort added to the Settings Form. (Line: 484)
12/1/2024 17:49:03 [Information] COM5: ComPort added to the Settings Form. (Line: 484)
12/1/2024 17:49:03 [Information] COM6: ComPort added to the Settings Form. (Line: 484)
12/1/2024 17:49:03 [Information] COM7: ComPort added to the Settings Form. (Line: 484)
12/1/2024 17:49:03 [Information] COM8: ComPort added to the Settings Form. (Line: 484)
12/1/2024 17:49:03 [Information] COM9: ComPort added to the Settings Form. (Line: 484)
12/1/2024 17:49:03 [Information] COM10: ComPort added to the Settings Form. (Line: 484)
12/1/2024 17:49:03 [Information] decimal: 4.00 Divider4_00 added to the Settings Form. (Line: 271)
12/1/2024 17:49:03 [Information] decimal: 0.00 MathPart2Initlz added to the Settings Form. (Line: 271)
12/1/2024 17:49:03 [Information] decimal: 1.00 MilisecondTimerInterval added to the Settings Form. (Line: 271)
12/1/2024 17:49:03 [Information] decimal: 1000.00 MillisecondDelay added to the Settings Form. (Line: 271)
12/1/2024 17:49:03 [Information] int: 1000 Milliseconds added to the Settings Form. (Line: 151)
12/1/2024 17:49:03 [Information] int: 4 mmPerRevolution added to the Settings Form. (Line: 151)
12/1/2024 17:49:03 [Information] int: 200 stepsPerRevolution added to the Settings Form. (Line: 151)
12/1/2024 17:49:03 [Information] int: 2000 ThreadSleep added to the Settings Form. (Line: 151)
12/1/2024 17:49:03 [Information] decimal: 0.00 Value_0_00 added to the Settings Form. (Line: 271)
12/1/2024 17:49:03 [Information] decimal: 50.00 XaxisAcceleration added to the Settings Form. (Line: 271)
12/1/2024 17:49:03 [Information] bool: False XaxisChanged added to the Settings Form. (Line: 218)
12/1/2024 17:49:03 [Information] decimal: 400.00 XaxisMotorSpeed added to the Settings Form. (Line: 271)
12/1/2024 17:49:03 [Information] decimal: 0.00 XaxisStepperCurrent added to the Settings Form. (Line: 271)
12/1/2024 17:49:03 [Information] decimal: 0.00 XaxisStepperMove added to the Settings Form. (Line: 271)
12/1/2024 17:49:03 [Information] XCOM1: XComPort added to the Settings Form. (Line: 346)
12/1/2024 17:49:03 [Information] XCOM2: XComPort added to the Settings Form. (Line: 346)
12/1/2024 17:49:03 [Information] XCOM3: XComPort added to the Settings Form. (Line: 346)
12/1/2024 17:49:03 [Information] XCOM4: XComPort added to the Settings Form. (Line: 346)
12/1/2024 17:49:03 [Information] XCOM5: XComPort added to the Settings Form. (Line: 346)
12/1/2024 17:49:03 [Information] XCOM6: XComPort added to the Settings Form. (Line: 346)
12/1/2024 17:49:03 [Information] XCOM7: XComPort added to the Settings Form. (Line: 346)
12/1/2024 17:49:03 [Information] XCOM8: XComPort added to the Settings Form. (Line: 346)
12/1/2024 17:49:03 [Information] XCOM9: XComPort added to the Settings Form. (Line: 346)
12/1/2024 17:49:03 [Information] XCOM10: XComPort added to the Settings Form. (Line: 346)
12/1/2024 17:49:03 [Information] decimal: 50.00 YaxisAcceleration added to the Settings Form. (Line: 271)
12/1/2024 17:49:03 [Information] bool: False YaxisChanged added to the Settings Form. (Line: 218)
12/1/2024 17:49:03 [Information] decimal: 400.00 YaxisMotorSpeed added to the Settings Form. (Line: 271)
12/1/2024 17:49:03 [Information] decimal: 0.00 YaxisStepperCurrent added to the Settings Form. (Line: 271)
12/1/2024 17:49:03 [Information] decimal: 0.00 YaxisStepperMove added to the Settings Form. (Line: 271)
12/1/2024 17:49:03 [Information] YCOM1: YComPort added to the Settings Form. (Line: 392)
12/1/2024 17:49:03 [Information] YCOM2: YComPort added to the Settings Form. (Line: 392)
12/1/2024 17:49:03 [Information] YCOM3: YComPort added to the Settings Form. (Line: 392)
12/1/2024 17:49:03 [Information] YCOM4: YComPort added to the Settings Form. (Line: 392)
12/1/2024 17:49:03 [Information] YCOM5: YComPort added to the Settings Form. (Line: 392)
12/1/2024 17:49:03 [Information] YCOM6: YComPort added to the Settings Form. (Line: 392)
12/1/2024 17:49:03 [Information] YCOM7: YComPort added to the Settings Form. (Line: 392)
12/1/2024 17:49:03 [Information] YCOM8: YComPort added to the Settings Form. (Line: 392)
12/1/2024 17:49:03 [Information] YCOM9: YComPort added to the Settings Form. (Line: 392)
12/1/2024 17:49:03 [Information] YCOM10: YComPort added to the Settings Form. (Line: 392)
12/1/2024 17:49:03 [Information] decimal: 50.00 ZaxisAcceleration added to the Settings Form. (Line: 271)
12/1/2024 17:49:03 [Information] bool: False ZaxisChanged added to the Settings Form. (Line: 218)
12/1/2024 17:49:03 [Information] decimal: 400.00 ZaxisMotorSpeed added to the Settings Form. (Line: 271)
12/1/2024 17:49:03 [Information] decimal: 0.00 ZaxisStepperCurrent added to the Settings Form. (Line: 271)
12/1/2024 17:49:03 [Information] decimal: 0.00 ZaxisStepperMove added to the Settings Form. (Line: 271)
12/1/2024 17:49:03 [Information] ZCOM1: ZComPort added to the Settings Form. (Line: 438)
12/1/2024 17:49:03 [Information] ZCOM2: ZComPort added to the Settings Form. (Line: 438)
12/1/2024 17:49:03 [Information] ZCOM3: ZComPort added to the Settings Form. (Line: 438)
12/1/2024 17:49:03 [Information] ZCOM4: ZComPort added to the Settings Form. (Line: 438)
12/1/2024 17:49:03 [Information] ZCOM5: ZComPort added to the Settings Form. (Line: 438)
12/1/2024 17:49:03 [Information] ZCOM6: ZComPort added to the Settings Form. (Line: 438)
12/1/2024 17:49:03 [Information] ZCOM7: ZComPort added to the Settings Form. (Line: 438)
12/1/2024 17:49:03 [Information] ZCOM8: ZComPort added to the Settings Form. (Line: 438)
12/1/2024 17:49:03 [Information] ZCOM9: ZComPort added to the Settings Form. (Line: 438)
12/1/2024 17:49:03 [Information] ZCOM10: ZComPort added to the Settings Form. (Line: 438)
12/1/2024 17:49:03 [Information] int: 0 zeroXaxis added to the Settings Form. (Line: 151)
12/1/2024 17:49:03 [Information] int: 0 zeroYaxis added to the Settings Form. (Line: 151)
12/1/2024 17:49:03 [Information] int: 0 zeroZaxis added to the Settings Form. (Line: 151)
12/1/2024 17:49:03 [Information] NewSettingsWindow updated to Stepper.StepperAppSettings (Line: 49)
12/1/2024 17:49:04 [Information] Stepper Motor Controller MainWindow loaded (Line: 2016)
12/1/2024 17:49:04 [Information] Set MainWindow Media Brushes to White. (Line: 2026)
12/1/2024 17:49:12 [Information] txtZaxisStepperMove Axis mouse controlled Keypad returned: 32.00 (Line: 1854)
12/1/2024 17:49:51 [Information] Z Axis Run button clicked: (Line: 1333)
12/1/2024 17:49:51 [Information] Z Axis MotorMovementSeconds for <= 400.00 RPM: 4.80 (Line: 1574)
12/1/2024 17:49:51 [Information] TargetEndTime updated to 12/1/2024 17:49:56 (Line: 88)
12/1/2024 17:49:51 [Information] ZAxisAbsolutePosition updated to 0 (Line: 499)
12/1/2024 17:49:51 [Information] Z Axis Absolute Position changed. (Line: 737)
12/1/2024 17:49:51 [Information] Z Axis Run Event: Z,0.00,400.00,0,0.00,400.00,0,32.00,400.00,0 (Line: 1499)
12/1/2024 17:49:52 [Information] LimitSwitchPressed updated to True (Line: 75)
12/1/2024 17:49:52 [Information] ZAxisTargetReached updated to True (Line: 463)
12/1/2024 17:49:52 [Information] Z Axis Target Reached changed. (Line: 701)
12/1/2024 17:50:00 [Error] Error updating Z Axis Current Position. (Line: 728)
12/1/2024 17:50:00 [Information] CCW Limit Switch Activated! (Line: 1158)
12/1/2024 17:50:00 [Information] Stepper Motor Countdown: Completed (Line: 975)
12/1/2024 17:50:05 [Information] Stepper Motor Controller MainWindow Closing. (Line: 2037)
12/1/2024 17:50:05 [Information] Properties Settings Saved. (Line: 2046)
12/1/2024 17:50:05 [Information] Properties Settings Form Closed. (Line: 2052)
12/1/2024 17:50:05 [Information] Stepper Motor Controller Form Closed. (Line: 2055)
