11/26/2024 07:46:40 [Information] Logger updated to Microsoft.Extensions.Logging.Logger`1[Stepper.MainWindow] (Line: 225)
11/26/2024 07:46:40 [Information] Stepper Motor Controller Application Started. (Line: 913)
11/26/2024 07:46:40 [Information] Version: 3.0.9096.13989 (11/26/2024 07:46:40) (Line: 917)
11/26/2024 07:46:40 [Information] Initializing Serial Ports. (Line: 742)
11/26/2024 07:46:41 [Error] I/O error occurred while opening the port COM7. (Line: 805)
11/26/2024 07:46:43 [Error] I/O error occurred while opening the port COM8. (Line: 805)
11/26/2024 07:46:44 [Information] SerialPort COM10 opened successfully. (Line: 788)
11/26/2024 07:46:44 [Information] CountdownTimer updated to System.Windows.Threading.DispatcherTimer (Line: 61)
11/26/2024 07:46:44 [Information] Stepper Motor Controller Application Started. (Line: 544)
11/26/2024 07:46:44 [Information] Version: 3.0.9096.13989 (11/26/2024 07:46:44) (Line: 548)
11/26/2024 07:46:44 [Information] Version: 3.1.0.13990 (11/26/2024 07:46:44) (Line: 623)
11/26/2024 07:46:44 [Information] Element AssemblyVersion not found in the provided XML document. (Line: 734)
11/26/2024 07:46:44 [Information] Element FileVersion not found in the provided XML document. (Line: 734)
11/26/2024 07:46:44 [Information] Version: 3.1.0.13990 (11/26/2024 07:46:44) (Line: 631)
11/26/2024 07:46:44 [Information] Stepper Motor Controller Application Settings Window Opened. (Line: 39)
11/26/2024 07:46:44 [Information] Stepper Motor Controller Application Settings form is rebuilt each and every time it is opened. (Line: 47)
11/26/2024 07:46:44 [Information] int: 9600 BaudRate added to the Settings Form. (Line: 151)
11/26/2024 07:46:44 [Information] bool: False ckbXaxisResetToZeroIsChecked added to the Settings Form. (Line: 218)
11/26/2024 07:46:44 [Information] bool: False ckbYaxisResetToZeroIsChecked added to the Settings Form. (Line: 218)
11/26/2024 07:46:44 [Information] bool: False ckbZaxisResetToZeroIsChecked added to the Settings Form. (Line: 218)
11/26/2024 07:46:44 [Information] COM1: ComPort added to the Settings Form. (Line: 484)
11/26/2024 07:46:44 [Information] COM2: ComPort added to the Settings Form. (Line: 484)
11/26/2024 07:46:44 [Information] COM3: ComPort added to the Settings Form. (Line: 484)
11/26/2024 07:46:44 [Information] COM4: ComPort added to the Settings Form. (Line: 484)
11/26/2024 07:46:44 [Information] COM5: ComPort added to the Settings Form. (Line: 484)
11/26/2024 07:46:44 [Information] COM6: ComPort added to the Settings Form. (Line: 484)
11/26/2024 07:46:44 [Information] COM7: ComPort added to the Settings Form. (Line: 484)
11/26/2024 07:46:44 [Information] COM8: ComPort added to the Settings Form. (Line: 484)
11/26/2024 07:46:44 [Information] COM9: ComPort added to the Settings Form. (Line: 484)
11/26/2024 07:46:44 [Information] COM10: ComPort added to the Settings Form. (Line: 484)
11/26/2024 07:46:44 [Information] decimal: 4.00 Divider4_00 added to the Settings Form. (Line: 271)
11/26/2024 07:46:44 [Information] decimal: 0.00 MathPart2Initlz added to the Settings Form. (Line: 271)
11/26/2024 07:46:44 [Information] decimal: 1.00 MilisecondTimerInterval added to the Settings Form. (Line: 271)
11/26/2024 07:46:44 [Information] decimal: 1000.00 MillisecondDelay added to the Settings Form. (Line: 271)
11/26/2024 07:46:44 [Information] int: 1000 Milliseconds added to the Settings Form. (Line: 151)
11/26/2024 07:46:44 [Information] int: 4 mmPerRevolution added to the Settings Form. (Line: 151)
11/26/2024 07:46:44 [Information] int: 2000 ThreadSleep added to the Settings Form. (Line: 151)
11/26/2024 07:46:44 [Information] decimal: 0.00 Value_0_00 added to the Settings Form. (Line: 271)
11/26/2024 07:46:44 [Information] decimal: 50.00 XaxisAcceleration added to the Settings Form. (Line: 271)
11/26/2024 07:46:44 [Information] bool: False XaxisChanged added to the Settings Form. (Line: 218)
11/26/2024 07:46:44 [Information] decimal: 400.00 XaxisMotorSpeed added to the Settings Form. (Line: 271)
11/26/2024 07:46:44 [Information] decimal: 0.00 XaxisStepperCurrent added to the Settings Form. (Line: 271)
11/26/2024 07:46:44 [Information] decimal: 0.00 XaxisStepperMove added to the Settings Form. (Line: 271)
11/26/2024 07:46:44 [Information] XCOM1: XComPort added to the Settings Form. (Line: 346)
11/26/2024 07:46:44 [Information] XCOM2: XComPort added to the Settings Form. (Line: 346)
11/26/2024 07:46:44 [Information] XCOM3: XComPort added to the Settings Form. (Line: 346)
11/26/2024 07:46:44 [Information] XCOM4: XComPort added to the Settings Form. (Line: 346)
11/26/2024 07:46:44 [Information] XCOM5: XComPort added to the Settings Form. (Line: 346)
11/26/2024 07:46:44 [Information] XCOM6: XComPort added to the Settings Form. (Line: 346)
11/26/2024 07:46:44 [Information] XCOM7: XComPort added to the Settings Form. (Line: 346)
11/26/2024 07:46:44 [Information] XCOM8: XComPort added to the Settings Form. (Line: 346)
11/26/2024 07:46:44 [Information] XCOM9: XComPort added to the Settings Form. (Line: 346)
11/26/2024 07:46:44 [Information] XCOM10: XComPort added to the Settings Form. (Line: 346)
11/26/2024 07:46:44 [Information] decimal: 50.00 YaxisAcceleration added to the Settings Form. (Line: 271)
11/26/2024 07:46:44 [Information] bool: False YaxisChanged added to the Settings Form. (Line: 218)
11/26/2024 07:46:44 [Information] decimal: 400.00 YaxisMotorSpeed added to the Settings Form. (Line: 271)
11/26/2024 07:46:44 [Information] decimal: 0.00 YaxisStepperCurrent added to the Settings Form. (Line: 271)
11/26/2024 07:46:44 [Information] decimal: 0.00 YaxisStepperMove added to the Settings Form. (Line: 271)
11/26/2024 07:46:44 [Information] YCOM1: YComPort added to the Settings Form. (Line: 392)
11/26/2024 07:46:44 [Information] YCOM2: YComPort added to the Settings Form. (Line: 392)
11/26/2024 07:46:44 [Information] YCOM3: YComPort added to the Settings Form. (Line: 392)
11/26/2024 07:46:44 [Information] YCOM4: YComPort added to the Settings Form. (Line: 392)
11/26/2024 07:46:44 [Information] YCOM5: YComPort added to the Settings Form. (Line: 392)
11/26/2024 07:46:44 [Information] YCOM6: YComPort added to the Settings Form. (Line: 392)
11/26/2024 07:46:44 [Information] YCOM7: YComPort added to the Settings Form. (Line: 392)
11/26/2024 07:46:44 [Information] YCOM8: YComPort added to the Settings Form. (Line: 392)
11/26/2024 07:46:44 [Information] YCOM9: YComPort added to the Settings Form. (Line: 392)
11/26/2024 07:46:44 [Information] YCOM10: YComPort added to the Settings Form. (Line: 392)
11/26/2024 07:46:44 [Information] decimal: 50.00 ZaxisAcceleration added to the Settings Form. (Line: 271)
11/26/2024 07:46:44 [Information] bool: False ZaxisChanged added to the Settings Form. (Line: 218)
11/26/2024 07:46:44 [Information] decimal: 400.00 ZaxisMotorSpeed added to the Settings Form. (Line: 271)
11/26/2024 07:46:44 [Information] decimal: 0.00 ZaxisStepperCurrent added to the Settings Form. (Line: 271)
11/26/2024 07:46:44 [Information] decimal: 0.00 ZaxisStepperMove added to the Settings Form. (Line: 271)
11/26/2024 07:46:44 [Information] ZCOM1: ZComPort added to the Settings Form. (Line: 438)
11/26/2024 07:46:44 [Information] ZCOM2: ZComPort added to the Settings Form. (Line: 438)
11/26/2024 07:46:44 [Information] ZCOM3: ZComPort added to the Settings Form. (Line: 438)
11/26/2024 07:46:44 [Information] ZCOM4: ZComPort added to the Settings Form. (Line: 438)
11/26/2024 07:46:44 [Information] ZCOM5: ZComPort added to the Settings Form. (Line: 438)
11/26/2024 07:46:44 [Information] ZCOM6: ZComPort added to the Settings Form. (Line: 438)
11/26/2024 07:46:44 [Information] ZCOM7: ZComPort added to the Settings Form. (Line: 438)
11/26/2024 07:46:44 [Information] ZCOM8: ZComPort added to the Settings Form. (Line: 438)
11/26/2024 07:46:44 [Information] ZCOM9: ZComPort added to the Settings Form. (Line: 438)
11/26/2024 07:46:44 [Information] ZCOM10: ZComPort added to the Settings Form. (Line: 438)
11/26/2024 07:46:44 [Information] int: 0 zeroXaxis added to the Settings Form. (Line: 151)
11/26/2024 07:46:44 [Information] int: 0 zeroYaxis added to the Settings Form. (Line: 151)
11/26/2024 07:46:44 [Information] int: 0 zeroZaxis added to the Settings Form. (Line: 151)
11/26/2024 07:46:44 [Information] NewSettingsWindow updated to Stepper.StepperAppSettings (Line: 48)
11/26/2024 07:46:45 [Information] Stepper Motor Controller MainWindow loaded (Line: 1892)
11/26/2024 07:46:45 [Information] Set MainWindow Media Brushes to White. (Line: 1902)
11/26/2024 07:46:53 [Information] Z Axis stepper move updated to 16.00 (Line: 1690)
11/26/2024 07:46:53 [Information] txtZaxisStepperMove Axis mouse controlled Keypad returned: 16.00 (Line: 1730)
11/26/2024 07:46:54 [Information] Z Axis Run button clicked: (Line: 1213)
11/26/2024 07:46:54 [Information] Z Axis MotorMovementSeconds for <= 400.00 RPM: 2.40 (Line: 1450)
11/26/2024 07:46:54 [Information] TargetEndTime updated to 11/26/2024 07:46:56 (Line: 87)
11/26/2024 07:47:05 [Information] Z Axis Run Event: Z,0.00,400.00,0,0.00,400.00,0,16.00,400.00,0 (Line: 1376)
11/26/2024 07:47:05 [Information] Stepper Motor Countdown: Completed (Line: 946)
11/26/2024 07:47:05 [Information] ZAxisTargetReached updated to True (Line: 462)
11/26/2024 07:47:05 [Information] Z Axis Target Reached changed. (Line: 692)
11/26/2024 07:47:05 [Information] CompletedZAxisCurrentPosition updated to 16 (Line: 358)
11/26/2024 07:47:13 [Information] Stepper Motor Controller MainWindow Closing. (Line: 1913)
11/26/2024 07:47:13 [Information] Properties Settings Saved. (Line: 1922)
11/26/2024 07:47:13 [Information] Properties Settings Form Closed. (Line: 1928)
11/26/2024 07:47:13 [Information] Stepper Motor Controller Form Closed. (Line: 1931)
