11/24/2024 11:30:43 [Information] Stepper Motor Controller Application Started. (Line: 676)
11/24/2024 11:30:43 [Information] Version: 3.0.9094.20686 (11/24/2024 11:30:43) (Line: 680)
11/24/2024 11:30:43 [Information] Initializing Serial Ports. (Line: 505)
11/24/2024 11:30:43 [Error] I/O error occurred while opening the port COM7. (Line: 568)
11/24/2024 11:30:45 [Error] I/O error occurred while opening the port COM8. (Line: 568)
11/24/2024 11:30:46 [Information] SerialPort COM10 opened successfully. (Line: 551)
11/24/2024 11:30:46 [Information] SerialPort COM10 read 1 bytes. (Line: 556)
11/24/2024 11:30:46 [Information] Stepper Motor Controller Application Started. (Line: 307)
11/24/2024 11:30:46 [Information] Version: 3.0.9094.20686 (11/24/2024 11:30:46) (Line: 311)
11/24/2024 11:30:46 [Information] Version: 3.1.0.20687 (11/24/2024 11:30:46) (Line: 386)
11/24/2024 11:30:46 [Information] Element AssemblyVersion not found in the provided XML document. (Line: 497)
11/24/2024 11:30:46 [Information] Element FileVersion not found in the provided XML document. (Line: 497)
11/24/2024 11:30:46 [Information] Version: 3.1.0.20687 (11/24/2024 11:30:46) (Line: 394)
11/24/2024 11:30:46 [Information] Stepper Motor Controller Application Settings Window Opened. (Line: 39)
11/24/2024 11:30:46 [Information] Stepper Motor Controller Application Settings form is rebuilt each and every time it is opened. (Line: 47)
11/24/2024 11:30:46 [Information] int: 9600 BaudRate added to the Settings Form. (Line: 151)
11/24/2024 11:30:46 [Information] bool: False ckbXaxisResetToZeroIsChecked added to the Settings Form. (Line: 218)
11/24/2024 11:30:46 [Information] bool: False ckbYaxisResetToZeroIsChecked added to the Settings Form. (Line: 218)
11/24/2024 11:30:46 [Information] bool: False ckbZaxisResetToZeroIsChecked added to the Settings Form. (Line: 218)
11/24/2024 11:30:46 [Information] COM1: ComPort added to the Settings Form. (Line: 484)
11/24/2024 11:30:46 [Information] COM2: ComPort added to the Settings Form. (Line: 484)
11/24/2024 11:30:46 [Information] COM3: ComPort added to the Settings Form. (Line: 484)
11/24/2024 11:30:46 [Information] COM4: ComPort added to the Settings Form. (Line: 484)
11/24/2024 11:30:46 [Information] COM5: ComPort added to the Settings Form. (Line: 484)
11/24/2024 11:30:46 [Information] COM6: ComPort added to the Settings Form. (Line: 484)
11/24/2024 11:30:46 [Information] COM7: ComPort added to the Settings Form. (Line: 484)
11/24/2024 11:30:46 [Information] COM8: ComPort added to the Settings Form. (Line: 484)
11/24/2024 11:30:46 [Information] COM9: ComPort added to the Settings Form. (Line: 484)
11/24/2024 11:30:46 [Information] COM10: ComPort added to the Settings Form. (Line: 484)
11/24/2024 11:30:46 [Information] decimal: 4.00 Divider4_00 added to the Settings Form. (Line: 271)
11/24/2024 11:30:46 [Information] decimal: 0.00 MathPart2Initlz added to the Settings Form. (Line: 271)
11/24/2024 11:30:46 [Information] decimal: 1.00 MilisecondTimerInterval added to the Settings Form. (Line: 271)
11/24/2024 11:30:46 [Information] decimal: 1000.00 MillisecondDelay added to the Settings Form. (Line: 271)
11/24/2024 11:30:46 [Information] int: 1000 Milliseconds added to the Settings Form. (Line: 151)
11/24/2024 11:30:46 [Information] int: 4 mmPerRevolution added to the Settings Form. (Line: 151)
11/24/2024 11:30:46 [Information] int: 2000 ThreadSleep added to the Settings Form. (Line: 151)
11/24/2024 11:30:46 [Information] decimal: 0.00 Value_0_00 added to the Settings Form. (Line: 271)
11/24/2024 11:30:46 [Information] decimal: 50.00 XaxisAcceleration added to the Settings Form. (Line: 271)
11/24/2024 11:30:46 [Information] bool: False XaxisChanged added to the Settings Form. (Line: 218)
11/24/2024 11:30:46 [Information] decimal: 400.00 XaxisMotorSpeed added to the Settings Form. (Line: 271)
11/24/2024 11:30:46 [Information] decimal: 0.00 XaxisStepperCurrent added to the Settings Form. (Line: 271)
11/24/2024 11:30:46 [Information] decimal: 0.00 XaxisStepperMove added to the Settings Form. (Line: 271)
11/24/2024 11:30:46 [Information] XCOM1: XComPort added to the Settings Form. (Line: 346)
11/24/2024 11:30:46 [Information] XCOM2: XComPort added to the Settings Form. (Line: 346)
11/24/2024 11:30:46 [Information] XCOM3: XComPort added to the Settings Form. (Line: 346)
11/24/2024 11:30:46 [Information] XCOM4: XComPort added to the Settings Form. (Line: 346)
11/24/2024 11:30:46 [Information] XCOM5: XComPort added to the Settings Form. (Line: 346)
11/24/2024 11:30:46 [Information] XCOM6: XComPort added to the Settings Form. (Line: 346)
11/24/2024 11:30:46 [Information] XCOM7: XComPort added to the Settings Form. (Line: 346)
11/24/2024 11:30:46 [Information] XCOM8: XComPort added to the Settings Form. (Line: 346)
11/24/2024 11:30:46 [Information] XCOM9: XComPort added to the Settings Form. (Line: 346)
11/24/2024 11:30:46 [Information] XCOM10: XComPort added to the Settings Form. (Line: 346)
11/24/2024 11:30:46 [Information] decimal: 50.00 YaxisAcceleration added to the Settings Form. (Line: 271)
11/24/2024 11:30:46 [Information] bool: False YaxisChanged added to the Settings Form. (Line: 218)
11/24/2024 11:30:46 [Information] decimal: 400.00 YaxisMotorSpeed added to the Settings Form. (Line: 271)
11/24/2024 11:30:46 [Information] decimal: 0.00 YaxisStepperCurrent added to the Settings Form. (Line: 271)
11/24/2024 11:30:46 [Information] decimal: 0.00 YaxisStepperMove added to the Settings Form. (Line: 271)
11/24/2024 11:30:46 [Information] YCOM1: YComPort added to the Settings Form. (Line: 392)
11/24/2024 11:30:46 [Information] YCOM2: YComPort added to the Settings Form. (Line: 392)
11/24/2024 11:30:46 [Information] YCOM3: YComPort added to the Settings Form. (Line: 392)
11/24/2024 11:30:46 [Information] YCOM4: YComPort added to the Settings Form. (Line: 392)
11/24/2024 11:30:46 [Information] YCOM5: YComPort added to the Settings Form. (Line: 392)
11/24/2024 11:30:46 [Information] YCOM6: YComPort added to the Settings Form. (Line: 392)
11/24/2024 11:30:46 [Information] YCOM7: YComPort added to the Settings Form. (Line: 392)
11/24/2024 11:30:46 [Information] YCOM8: YComPort added to the Settings Form. (Line: 392)
11/24/2024 11:30:46 [Information] YCOM9: YComPort added to the Settings Form. (Line: 392)
11/24/2024 11:30:46 [Information] YCOM10: YComPort added to the Settings Form. (Line: 392)
11/24/2024 11:30:46 [Information] decimal: 50.00 ZaxisAcceleration added to the Settings Form. (Line: 271)
11/24/2024 11:30:46 [Information] bool: False ZaxisChanged added to the Settings Form. (Line: 218)
11/24/2024 11:30:46 [Information] decimal: 400.00 ZaxisMotorSpeed added to the Settings Form. (Line: 271)
11/24/2024 11:30:46 [Information] decimal: 0.00 ZaxisStepperCurrent added to the Settings Form. (Line: 271)
11/24/2024 11:30:46 [Information] decimal: 0.00 ZaxisStepperMove added to the Settings Form. (Line: 271)
11/24/2024 11:30:46 [Information] ZCOM1: ZComPort added to the Settings Form. (Line: 438)
11/24/2024 11:30:46 [Information] ZCOM2: ZComPort added to the Settings Form. (Line: 438)
11/24/2024 11:30:46 [Information] ZCOM3: ZComPort added to the Settings Form. (Line: 438)
11/24/2024 11:30:46 [Information] ZCOM4: ZComPort added to the Settings Form. (Line: 438)
11/24/2024 11:30:46 [Information] ZCOM5: ZComPort added to the Settings Form. (Line: 438)
11/24/2024 11:30:46 [Information] ZCOM6: ZComPort added to the Settings Form. (Line: 438)
11/24/2024 11:30:46 [Information] ZCOM7: ZComPort added to the Settings Form. (Line: 438)
11/24/2024 11:30:46 [Information] ZCOM8: ZComPort added to the Settings Form. (Line: 438)
11/24/2024 11:30:46 [Information] ZCOM9: ZComPort added to the Settings Form. (Line: 438)
11/24/2024 11:30:46 [Information] ZCOM10: ZComPort added to the Settings Form. (Line: 438)
11/24/2024 11:30:46 [Information] int: 0 zeroXaxis added to the Settings Form. (Line: 151)
11/24/2024 11:30:46 [Information] int: 0 zeroYaxis added to the Settings Form. (Line: 151)
11/24/2024 11:30:46 [Information] int: 0 zeroZaxis added to the Settings Form. (Line: 151)
11/24/2024 11:30:47 [Information] Stepper Motor Controller MainWindow loaded (Line: 1709)
11/24/2024 11:30:47 [Information] Set MainWindow Media Brushes to White. (Line: 1719)
11/24/2024 11:30:56 [Information] Z Axis stepper move updated to 8.00 (Line: 1507)
11/24/2024 11:30:56 [Information] txtZaxisStepperMove Axis mouse controlled Keypad returned: 8.00 (Line: 1547)
11/24/2024 11:30:58 [Information] Z Axis Run button clicked: (Line: 1061)
11/24/2024 11:30:58 [Information] Z Axis MotorMovementSeconds: 1.1428571428571428571428571429 (Line: 1313)
11/24/2024 11:30:58 [Information] Z Axis Run Event: Z,0.00,400.00,0,0.00,400.00,0,8.00,400.00,0 (Line: 1225)
11/24/2024 11:31:00 [Information] Stepper Motor Countdown: Completed (Line: 709)
11/24/2024 11:31:00 [Information] Z Axis Target Reached changed. (Line: 455)
11/24/2024 11:31:00 [Information] Stepper Motor Countdown: Completed (Line: 942)
11/24/2024 11:31:00 [Information] Z Axis Motor Current Position: 1.04
11/24/2024 11:31:00 [Information] CW Limit Switch Activated! (Line: 953)
11/24/2024 11:31:00 [Information] Stepper Motor Countdown: Completed (Line: 942)
11/24/2024 11:31:00 [Information] Stepper Motor Countdown: Completed (Line: 942)
11/24/2024 11:31:00 [Information] Stepper Motor Countdown: Completed (Line: 942)
11/24/2024 11:31:00 [Information] Stepper Motor Countdown: Completed (Line: 942)
11/24/2024 11:31:00 [Information] Stepper Motor Countdown: Completed (Line: 942)
11/24/2024 11:31:00 [Information] Stepper Motor Countdown: Completed (Line: 942)
11/24/2024 11:31:05 [Information] Stepper Motor Controller MainWindow Closing. (Line: 1730)
11/24/2024 11:31:05 [Information] Properties Settings Saved. (Line: 1739)
11/24/2024 11:31:05 [Information] Properties Settings Form Closed. (Line: 1745)
11/24/2024 11:31:05 [Information] Stepper Motor Controller Form Closed. (Line: 1748)
