12/1/2024 13:35:14 [Information] Logger updated to Microsoft.Extensions.Logging.Logger`1[Stepper.MainWindow] (Line: 225)
12/1/2024 13:35:14 [Information] Stepper Motor Controller Application Started. (Line: 938)
12/1/2024 13:35:14 [Information] Version: 3.0.9101.24339 (12/1/2024 13:35:14) (Line: 942)
12/1/2024 13:35:14 [Information] Initializing Serial Ports. (Line: 767)
12/1/2024 13:35:14 [Error] I/O error occurred while opening the port COM7. (Line: 830)
12/1/2024 13:35:14 [Error] I/O error occurred while opening the port COM8. (Line: 830)
12/1/2024 13:35:14 [Information] SerialPort COM10 opened successfully. (Line: 813)
12/1/2024 13:35:14 [Information] SerialPort COM10 read 1 bytes. (Line: 818)
12/1/2024 13:35:14 [Information] CountdownTimer updated to System.Windows.Threading.DispatcherTimer (Line: 61)
12/1/2024 13:35:14 [Information] Stepper Motor Controller Application Started. (Line: 551)
12/1/2024 13:35:14 [Information] Version: 3.0.9101.24339 (12/1/2024 13:35:14) (Line: 555)
12/1/2024 13:35:14 [Information] Version: 3.1.0.24340 (12/1/2024 13:35:14) (Line: 631)
12/1/2024 13:35:14 [Information] Element AssemblyVersion not found in the provided XML document. (Line: 759)
12/1/2024 13:35:14 [Information] Element FileVersion not found in the provided XML document. (Line: 759)
12/1/2024 13:35:14 [Information] Version: 3.1.0.24340 (12/1/2024 13:35:14) (Line: 639)
12/1/2024 13:35:14 [Information] Stepper Motor Controller Application Settings Window Opened. (Line: 39)
12/1/2024 13:35:14 [Information] Stepper Motor Controller Application Settings form is rebuilt each and every time it is opened. (Line: 47)
12/1/2024 13:35:14 [Information] int: 0 AxisAbsolutePosition added to the Settings Form. (Line: 151)
12/1/2024 13:35:14 [Information] int: 9600 BaudRate added to the Settings Form. (Line: 151)
12/1/2024 13:35:14 [Information] bool: False ckbXaxisResetToZeroIsChecked added to the Settings Form. (Line: 218)
12/1/2024 13:35:14 [Information] bool: False ckbYaxisResetToZeroIsChecked added to the Settings Form. (Line: 218)
12/1/2024 13:35:14 [Information] bool: False ckbZaxisResetToZeroIsChecked added to the Settings Form. (Line: 218)
12/1/2024 13:35:14 [Information] COM1: ComPort added to the Settings Form. (Line: 484)
12/1/2024 13:35:14 [Information] COM2: ComPort added to the Settings Form. (Line: 484)
12/1/2024 13:35:14 [Information] COM3: ComPort added to the Settings Form. (Line: 484)
12/1/2024 13:35:14 [Information] COM4: ComPort added to the Settings Form. (Line: 484)
12/1/2024 13:35:14 [Information] COM5: ComPort added to the Settings Form. (Line: 484)
12/1/2024 13:35:14 [Information] COM6: ComPort added to the Settings Form. (Line: 484)
12/1/2024 13:35:14 [Information] COM7: ComPort added to the Settings Form. (Line: 484)
12/1/2024 13:35:14 [Information] COM8: ComPort added to the Settings Form. (Line: 484)
12/1/2024 13:35:14 [Information] COM9: ComPort added to the Settings Form. (Line: 484)
12/1/2024 13:35:14 [Information] COM10: ComPort added to the Settings Form. (Line: 484)
12/1/2024 13:35:14 [Information] decimal: 4.00 Divider4_00 added to the Settings Form. (Line: 271)
12/1/2024 13:35:14 [Information] decimal: 0.00 MathPart2Initlz added to the Settings Form. (Line: 271)
12/1/2024 13:35:14 [Information] decimal: 1.00 MilisecondTimerInterval added to the Settings Form. (Line: 271)
12/1/2024 13:35:14 [Information] decimal: 1000.00 MillisecondDelay added to the Settings Form. (Line: 271)
12/1/2024 13:35:14 [Information] int: 1000 Milliseconds added to the Settings Form. (Line: 151)
12/1/2024 13:35:15 [Information] int: 4 mmPerRevolution added to the Settings Form. (Line: 151)
12/1/2024 13:35:15 [Information] int: 200 stepsPerRevolution added to the Settings Form. (Line: 151)
12/1/2024 13:35:15 [Information] int: 2000 ThreadSleep added to the Settings Form. (Line: 151)
12/1/2024 13:35:15 [Information] decimal: 0.00 Value_0_00 added to the Settings Form. (Line: 271)
12/1/2024 13:35:15 [Information] decimal: 50.00 XaxisAcceleration added to the Settings Form. (Line: 271)
12/1/2024 13:35:15 [Information] bool: False XaxisChanged added to the Settings Form. (Line: 218)
12/1/2024 13:35:15 [Information] decimal: 400.00 XaxisMotorSpeed added to the Settings Form. (Line: 271)
12/1/2024 13:35:15 [Information] decimal: 0.00 XaxisStepperCurrent added to the Settings Form. (Line: 271)
12/1/2024 13:35:15 [Information] decimal: 0.00 XaxisStepperMove added to the Settings Form. (Line: 271)
12/1/2024 13:35:15 [Information] XCOM1: XComPort added to the Settings Form. (Line: 346)
12/1/2024 13:35:15 [Information] XCOM2: XComPort added to the Settings Form. (Line: 346)
12/1/2024 13:35:15 [Information] XCOM3: XComPort added to the Settings Form. (Line: 346)
12/1/2024 13:35:15 [Information] XCOM4: XComPort added to the Settings Form. (Line: 346)
12/1/2024 13:35:15 [Information] XCOM5: XComPort added to the Settings Form. (Line: 346)
12/1/2024 13:35:15 [Information] XCOM6: XComPort added to the Settings Form. (Line: 346)
12/1/2024 13:35:15 [Information] XCOM7: XComPort added to the Settings Form. (Line: 346)
12/1/2024 13:35:15 [Information] XCOM8: XComPort added to the Settings Form. (Line: 346)
12/1/2024 13:35:15 [Information] XCOM9: XComPort added to the Settings Form. (Line: 346)
12/1/2024 13:35:15 [Information] XCOM10: XComPort added to the Settings Form. (Line: 346)
12/1/2024 13:35:15 [Information] decimal: 50.00 YaxisAcceleration added to the Settings Form. (Line: 271)
12/1/2024 13:35:15 [Information] bool: False YaxisChanged added to the Settings Form. (Line: 218)
12/1/2024 13:35:15 [Information] decimal: 400.00 YaxisMotorSpeed added to the Settings Form. (Line: 271)
12/1/2024 13:35:15 [Information] decimal: 0.00 YaxisStepperCurrent added to the Settings Form. (Line: 271)
12/1/2024 13:35:15 [Information] decimal: 0.00 YaxisStepperMove added to the Settings Form. (Line: 271)
12/1/2024 13:35:15 [Information] YCOM1: YComPort added to the Settings Form. (Line: 392)
12/1/2024 13:35:15 [Information] YCOM2: YComPort added to the Settings Form. (Line: 392)
12/1/2024 13:35:15 [Information] YCOM3: YComPort added to the Settings Form. (Line: 392)
12/1/2024 13:35:15 [Information] YCOM4: YComPort added to the Settings Form. (Line: 392)
12/1/2024 13:35:15 [Information] YCOM5: YComPort added to the Settings Form. (Line: 392)
12/1/2024 13:35:15 [Information] YCOM6: YComPort added to the Settings Form. (Line: 392)
12/1/2024 13:35:15 [Information] YCOM7: YComPort added to the Settings Form. (Line: 392)
12/1/2024 13:35:15 [Information] YCOM8: YComPort added to the Settings Form. (Line: 392)
12/1/2024 13:35:15 [Information] YCOM9: YComPort added to the Settings Form. (Line: 392)
12/1/2024 13:35:15 [Information] YCOM10: YComPort added to the Settings Form. (Line: 392)
12/1/2024 13:35:15 [Information] decimal: 50.00 ZaxisAcceleration added to the Settings Form. (Line: 271)
12/1/2024 13:35:15 [Information] bool: False ZaxisChanged added to the Settings Form. (Line: 218)
12/1/2024 13:35:15 [Information] decimal: 400.00 ZaxisMotorSpeed added to the Settings Form. (Line: 271)
12/1/2024 13:35:15 [Information] decimal: 0.00 ZaxisStepperCurrent added to the Settings Form. (Line: 271)
12/1/2024 13:35:15 [Information] decimal: 0.00 ZaxisStepperMove added to the Settings Form. (Line: 271)
12/1/2024 13:35:15 [Information] ZCOM1: ZComPort added to the Settings Form. (Line: 438)
12/1/2024 13:35:15 [Information] ZCOM2: ZComPort added to the Settings Form. (Line: 438)
12/1/2024 13:35:15 [Information] ZCOM3: ZComPort added to the Settings Form. (Line: 438)
12/1/2024 13:35:15 [Information] ZCOM4: ZComPort added to the Settings Form. (Line: 438)
12/1/2024 13:35:15 [Information] ZCOM5: ZComPort added to the Settings Form. (Line: 438)
12/1/2024 13:35:15 [Information] ZCOM6: ZComPort added to the Settings Form. (Line: 438)
12/1/2024 13:35:15 [Information] ZCOM7: ZComPort added to the Settings Form. (Line: 438)
12/1/2024 13:35:15 [Information] ZCOM8: ZComPort added to the Settings Form. (Line: 438)
12/1/2024 13:35:15 [Information] ZCOM9: ZComPort added to the Settings Form. (Line: 438)
12/1/2024 13:35:15 [Information] ZCOM10: ZComPort added to the Settings Form. (Line: 438)
12/1/2024 13:35:15 [Information] int: 0 zeroXaxis added to the Settings Form. (Line: 151)
12/1/2024 13:35:15 [Information] int: 0 zeroYaxis added to the Settings Form. (Line: 151)
12/1/2024 13:35:15 [Information] int: 0 zeroZaxis added to the Settings Form. (Line: 151)
12/1/2024 13:35:15 [Information] NewSettingsWindow updated to Stepper.StepperAppSettings (Line: 48)
12/1/2024 13:35:16 [Information] Stepper Motor Controller MainWindow loaded (Line: 1958)
12/1/2024 13:35:16 [Information] Set MainWindow Media Brushes to White. (Line: 1968)
12/1/2024 13:35:18 [Information] Stepper Motor Controller MainWindow Closing. (Line: 1979)
12/1/2024 13:35:18 [Information] Properties Settings Saved. (Line: 1988)
12/1/2024 13:35:18 [Information] Properties Settings Form Closed. (Line: 1994)
12/1/2024 13:35:18 [Information] Stepper Motor Controller Form Closed. (Line: 1997)
