11/25/2024 20:33:11 [Information] Logger updated to Microsoft.Extensions.Logging.Logger`1[Stepper.MainWindow] (Line: 224)
11/25/2024 20:33:11 [Information] Stepper Motor Controller Application Started. (Line: 912)
11/25/2024 20:33:11 [Information] Version: 3.0.9095.36958 (11/25/2024 20:33:11) (Line: 916)
11/25/2024 20:33:11 [Information] Initializing Serial Ports. (Line: 741)
11/25/2024 20:33:11 [Error] I/O error occurred while opening the port COM7. (Line: 804)
11/25/2024 20:33:14 [Error] I/O error occurred while opening the port COM8. (Line: 804)
11/25/2024 20:33:14 [Error] Access to the port COM10 is denied. (Line: 797)
11/25/2024 20:33:27 [Information] CountdownTimer updated to System.Windows.Threading.DispatcherTimer (Line: 60)
11/25/2024 20:33:27 [Information] Stepper Motor Controller Application Started. (Line: 543)
11/25/2024 20:33:27 [Information] Version: 3.0.9095.36958 (11/25/2024 20:33:27) (Line: 547)
11/25/2024 20:33:27 [Information] Version: 3.1.0.36959 (11/25/2024 20:33:27) (Line: 622)
11/25/2024 20:33:27 [Information] Element AssemblyVersion not found in the provided XML document. (Line: 733)
11/25/2024 20:33:27 [Information] Element FileVersion not found in the provided XML document. (Line: 733)
11/25/2024 20:33:27 [Information] Version: 3.1.0.36959 (11/25/2024 20:33:27) (Line: 630)
11/25/2024 20:33:27 [Information] Stepper Motor Controller Application Settings Window Opened. (Line: 39)
11/25/2024 20:33:27 [Information] Stepper Motor Controller Application Settings form is rebuilt each and every time it is opened. (Line: 47)
11/25/2024 20:33:27 [Information] int: 9600 BaudRate added to the Settings Form. (Line: 151)
11/25/2024 20:33:27 [Information] bool: False ckbXaxisResetToZeroIsChecked added to the Settings Form. (Line: 218)
11/25/2024 20:33:27 [Information] bool: False ckbYaxisResetToZeroIsChecked added to the Settings Form. (Line: 218)
11/25/2024 20:33:27 [Information] bool: False ckbZaxisResetToZeroIsChecked added to the Settings Form. (Line: 218)
11/25/2024 20:33:27 [Information] COM1: ComPort added to the Settings Form. (Line: 484)
11/25/2024 20:33:27 [Information] COM2: ComPort added to the Settings Form. (Line: 484)
11/25/2024 20:33:27 [Information] COM3: ComPort added to the Settings Form. (Line: 484)
11/25/2024 20:33:27 [Information] COM4: ComPort added to the Settings Form. (Line: 484)
11/25/2024 20:33:27 [Information] COM5: ComPort added to the Settings Form. (Line: 484)
11/25/2024 20:33:27 [Information] COM6: ComPort added to the Settings Form. (Line: 484)
11/25/2024 20:33:27 [Information] COM7: ComPort added to the Settings Form. (Line: 484)
11/25/2024 20:33:27 [Information] COM8: ComPort added to the Settings Form. (Line: 484)
11/25/2024 20:33:27 [Information] COM9: ComPort added to the Settings Form. (Line: 484)
11/25/2024 20:33:27 [Information] COM10: ComPort added to the Settings Form. (Line: 484)
11/25/2024 20:33:27 [Information] decimal: 4.00 Divider4_00 added to the Settings Form. (Line: 271)
11/25/2024 20:33:27 [Information] decimal: 0.00 MathPart2Initlz added to the Settings Form. (Line: 271)
11/25/2024 20:33:27 [Information] decimal: 1.00 MilisecondTimerInterval added to the Settings Form. (Line: 271)
11/25/2024 20:33:27 [Information] decimal: 1000.00 MillisecondDelay added to the Settings Form. (Line: 271)
11/25/2024 20:33:27 [Information] int: 1000 Milliseconds added to the Settings Form. (Line: 151)
11/25/2024 20:33:27 [Information] int: 4 mmPerRevolution added to the Settings Form. (Line: 151)
11/25/2024 20:33:27 [Information] int: 2000 ThreadSleep added to the Settings Form. (Line: 151)
11/25/2024 20:33:27 [Information] decimal: 0.00 Value_0_00 added to the Settings Form. (Line: 271)
11/25/2024 20:33:27 [Information] decimal: 50.00 XaxisAcceleration added to the Settings Form. (Line: 271)
11/25/2024 20:33:27 [Information] bool: False XaxisChanged added to the Settings Form. (Line: 218)
11/25/2024 20:33:27 [Information] decimal: 400.00 XaxisMotorSpeed added to the Settings Form. (Line: 271)
11/25/2024 20:33:27 [Information] decimal: 0.00 XaxisStepperCurrent added to the Settings Form. (Line: 271)
11/25/2024 20:33:27 [Information] decimal: 0.00 XaxisStepperMove added to the Settings Form. (Line: 271)
11/25/2024 20:33:27 [Information] XCOM1: XComPort added to the Settings Form. (Line: 346)
11/25/2024 20:33:27 [Information] XCOM2: XComPort added to the Settings Form. (Line: 346)
11/25/2024 20:33:27 [Information] XCOM3: XComPort added to the Settings Form. (Line: 346)
11/25/2024 20:33:27 [Information] XCOM4: XComPort added to the Settings Form. (Line: 346)
11/25/2024 20:33:27 [Information] XCOM5: XComPort added to the Settings Form. (Line: 346)
11/25/2024 20:33:27 [Information] XCOM6: XComPort added to the Settings Form. (Line: 346)
11/25/2024 20:33:27 [Information] XCOM7: XComPort added to the Settings Form. (Line: 346)
11/25/2024 20:33:27 [Information] XCOM8: XComPort added to the Settings Form. (Line: 346)
11/25/2024 20:33:27 [Information] XCOM9: XComPort added to the Settings Form. (Line: 346)
11/25/2024 20:33:27 [Information] XCOM10: XComPort added to the Settings Form. (Line: 346)
11/25/2024 20:33:27 [Information] decimal: 50.00 YaxisAcceleration added to the Settings Form. (Line: 271)
11/25/2024 20:33:27 [Information] bool: False YaxisChanged added to the Settings Form. (Line: 218)
11/25/2024 20:33:27 [Information] decimal: 400.00 YaxisMotorSpeed added to the Settings Form. (Line: 271)
11/25/2024 20:33:27 [Information] decimal: 0.00 YaxisStepperCurrent added to the Settings Form. (Line: 271)
11/25/2024 20:33:27 [Information] decimal: 0.00 YaxisStepperMove added to the Settings Form. (Line: 271)
11/25/2024 20:33:27 [Information] YCOM1: YComPort added to the Settings Form. (Line: 392)
11/25/2024 20:33:27 [Information] YCOM2: YComPort added to the Settings Form. (Line: 392)
11/25/2024 20:33:27 [Information] YCOM3: YComPort added to the Settings Form. (Line: 392)
11/25/2024 20:33:27 [Information] YCOM4: YComPort added to the Settings Form. (Line: 392)
11/25/2024 20:33:27 [Information] YCOM5: YComPort added to the Settings Form. (Line: 392)
11/25/2024 20:33:27 [Information] YCOM6: YComPort added to the Settings Form. (Line: 392)
11/25/2024 20:33:27 [Information] YCOM7: YComPort added to the Settings Form. (Line: 392)
11/25/2024 20:33:27 [Information] YCOM8: YComPort added to the Settings Form. (Line: 392)
11/25/2024 20:33:27 [Information] YCOM9: YComPort added to the Settings Form. (Line: 392)
11/25/2024 20:33:27 [Information] YCOM10: YComPort added to the Settings Form. (Line: 392)
11/25/2024 20:33:27 [Information] decimal: 50.00 ZaxisAcceleration added to the Settings Form. (Line: 271)
11/25/2024 20:33:27 [Information] bool: False ZaxisChanged added to the Settings Form. (Line: 218)
11/25/2024 20:33:27 [Information] decimal: 400.00 ZaxisMotorSpeed added to the Settings Form. (Line: 271)
11/25/2024 20:33:27 [Information] decimal: 0.00 ZaxisStepperCurrent added to the Settings Form. (Line: 271)
11/25/2024 20:33:27 [Information] decimal: 0.00 ZaxisStepperMove added to the Settings Form. (Line: 271)
11/25/2024 20:33:27 [Information] ZCOM1: ZComPort added to the Settings Form. (Line: 438)
11/25/2024 20:33:27 [Information] ZCOM2: ZComPort added to the Settings Form. (Line: 438)
11/25/2024 20:33:27 [Information] ZCOM3: ZComPort added to the Settings Form. (Line: 438)
11/25/2024 20:33:27 [Information] ZCOM4: ZComPort added to the Settings Form. (Line: 438)
11/25/2024 20:33:27 [Information] ZCOM5: ZComPort added to the Settings Form. (Line: 438)
11/25/2024 20:33:27 [Information] ZCOM6: ZComPort added to the Settings Form. (Line: 438)
11/25/2024 20:33:27 [Information] ZCOM7: ZComPort added to the Settings Form. (Line: 438)
11/25/2024 20:33:27 [Information] ZCOM8: ZComPort added to the Settings Form. (Line: 438)
11/25/2024 20:33:27 [Information] ZCOM9: ZComPort added to the Settings Form. (Line: 438)
11/25/2024 20:33:27 [Information] ZCOM10: ZComPort added to the Settings Form. (Line: 438)
11/25/2024 20:33:27 [Information] int: 0 zeroXaxis added to the Settings Form. (Line: 151)
11/25/2024 20:33:27 [Information] int: 0 zeroYaxis added to the Settings Form. (Line: 151)
11/25/2024 20:33:27 [Information] int: 0 zeroZaxis added to the Settings Form. (Line: 151)
11/25/2024 20:33:27 [Information] NewSettingsWindow updated to Stepper.StepperAppSettings (Line: 47)
11/25/2024 20:33:28 [Information] Stepper Motor Controller MainWindow loaded (Line: 1890)
11/25/2024 20:33:28 [Information] Set MainWindow Media Brushes to White. (Line: 1900)
11/25/2024 20:33:34 [Information] Stepper Motor Controller MainWindow Closing. (Line: 1911)
11/25/2024 20:33:34 [Information] Properties Settings Saved. (Line: 1920)
11/25/2024 20:33:34 [Information] Properties Settings Form Closed. (Line: 1926)
11/25/2024 20:33:34 [Information] Stepper Motor Controller Form Closed. (Line: 1929)
