12/1/2024 15:20:29 [Information] Logger updated to Microsoft.Extensions.Logging.Logger`1[Stepper.MainWindow] (Line: 226)
12/1/2024 15:20:29 [Information] Stepper Motor Controller Application Started. (Line: 939)
12/1/2024 15:20:29 [Information] Version: 3.0.9101.27610 (12/1/2024 15:20:29) (Line: 943)
12/1/2024 15:20:30 [Information] Initializing Serial Ports. (Line: 768)
12/1/2024 15:20:30 [Error] I/O error occurred while opening the port COM7. (Line: 831)
12/1/2024 15:20:30 [Error] I/O error occurred while opening the port COM8. (Line: 831)
12/1/2024 15:20:30 [Information] SerialPort COM10 opened successfully. (Line: 814)
12/1/2024 15:20:30 [Information] SerialPort COM10 read 1 bytes. (Line: 819)
12/1/2024 15:20:30 [Information] CountdownTimer updated to System.Windows.Threading.DispatcherTimer (Line: 62)
12/1/2024 15:20:30 [Information] Stepper Motor Controller Application Started. (Line: 552)
12/1/2024 15:20:30 [Information] Version: 3.0.9101.27610 (12/1/2024 15:20:30) (Line: 556)
12/1/2024 15:20:31 [Information] Version: 3.1.0.27611 (12/1/2024 15:20:31) (Line: 632)
12/1/2024 15:20:31 [Information] Element AssemblyVersion not found in the provided XML document. (Line: 760)
12/1/2024 15:20:31 [Information] Element FileVersion not found in the provided XML document. (Line: 760)
12/1/2024 15:20:31 [Information] Version: 3.1.0.27611 (12/1/2024 15:20:31) (Line: 640)
12/1/2024 15:20:31 [Information] Stepper Motor Controller Application Settings Window Opened. (Line: 39)
12/1/2024 15:20:31 [Information] Stepper Motor Controller Application Settings form is rebuilt each and every time it is opened. (Line: 47)
12/1/2024 15:20:31 [Information] int: 0 AxisAbsolutePosition added to the Settings Form. (Line: 151)
12/1/2024 15:20:31 [Information] int: 9600 BaudRate added to the Settings Form. (Line: 151)
12/1/2024 15:20:31 [Information] bool: False ckbXaxisResetToZeroIsChecked added to the Settings Form. (Line: 218)
12/1/2024 15:20:31 [Information] bool: False ckbYaxisResetToZeroIsChecked added to the Settings Form. (Line: 218)
12/1/2024 15:20:31 [Information] bool: False ckbZaxisResetToZeroIsChecked added to the Settings Form. (Line: 218)
12/1/2024 15:20:31 [Information] COM1: ComPort added to the Settings Form. (Line: 484)
12/1/2024 15:20:31 [Information] COM2: ComPort added to the Settings Form. (Line: 484)
12/1/2024 15:20:31 [Information] COM3: ComPort added to the Settings Form. (Line: 484)
12/1/2024 15:20:31 [Information] COM4: ComPort added to the Settings Form. (Line: 484)
12/1/2024 15:20:31 [Information] COM5: ComPort added to the Settings Form. (Line: 484)
12/1/2024 15:20:31 [Information] COM6: ComPort added to the Settings Form. (Line: 484)
12/1/2024 15:20:31 [Information] COM7: ComPort added to the Settings Form. (Line: 484)
12/1/2024 15:20:31 [Information] COM8: ComPort added to the Settings Form. (Line: 484)
12/1/2024 15:20:31 [Information] COM9: ComPort added to the Settings Form. (Line: 484)
12/1/2024 15:20:31 [Information] COM10: ComPort added to the Settings Form. (Line: 484)
12/1/2024 15:20:31 [Information] decimal: 4.00 Divider4_00 added to the Settings Form. (Line: 271)
12/1/2024 15:20:31 [Information] decimal: 0.00 MathPart2Initlz added to the Settings Form. (Line: 271)
12/1/2024 15:20:31 [Information] decimal: 1.00 MilisecondTimerInterval added to the Settings Form. (Line: 271)
12/1/2024 15:20:31 [Information] decimal: 1000.00 MillisecondDelay added to the Settings Form. (Line: 271)
12/1/2024 15:20:31 [Information] int: 1000 Milliseconds added to the Settings Form. (Line: 151)
12/1/2024 15:20:31 [Information] int: 4 mmPerRevolution added to the Settings Form. (Line: 151)
12/1/2024 15:20:31 [Information] int: 200 stepsPerRevolution added to the Settings Form. (Line: 151)
12/1/2024 15:20:31 [Information] int: 2000 ThreadSleep added to the Settings Form. (Line: 151)
12/1/2024 15:20:31 [Information] decimal: 0.00 Value_0_00 added to the Settings Form. (Line: 271)
12/1/2024 15:20:31 [Information] decimal: 50.00 XaxisAcceleration added to the Settings Form. (Line: 271)
12/1/2024 15:20:31 [Information] bool: False XaxisChanged added to the Settings Form. (Line: 218)
12/1/2024 15:20:31 [Information] decimal: 400.00 XaxisMotorSpeed added to the Settings Form. (Line: 271)
12/1/2024 15:20:31 [Information] decimal: 0.00 XaxisStepperCurrent added to the Settings Form. (Line: 271)
12/1/2024 15:20:31 [Information] decimal: 0.00 XaxisStepperMove added to the Settings Form. (Line: 271)
12/1/2024 15:20:31 [Information] XCOM1: XComPort added to the Settings Form. (Line: 346)
12/1/2024 15:20:31 [Information] XCOM2: XComPort added to the Settings Form. (Line: 346)
12/1/2024 15:20:31 [Information] XCOM3: XComPort added to the Settings Form. (Line: 346)
12/1/2024 15:20:31 [Information] XCOM4: XComPort added to the Settings Form. (Line: 346)
12/1/2024 15:20:31 [Information] XCOM5: XComPort added to the Settings Form. (Line: 346)
12/1/2024 15:20:31 [Information] XCOM6: XComPort added to the Settings Form. (Line: 346)
12/1/2024 15:20:31 [Information] XCOM7: XComPort added to the Settings Form. (Line: 346)
12/1/2024 15:20:31 [Information] XCOM8: XComPort added to the Settings Form. (Line: 346)
12/1/2024 15:20:31 [Information] XCOM9: XComPort added to the Settings Form. (Line: 346)
12/1/2024 15:20:31 [Information] XCOM10: XComPort added to the Settings Form. (Line: 346)
12/1/2024 15:20:31 [Information] decimal: 50.00 YaxisAcceleration added to the Settings Form. (Line: 271)
12/1/2024 15:20:31 [Information] bool: False YaxisChanged added to the Settings Form. (Line: 218)
12/1/2024 15:20:31 [Information] decimal: 400.00 YaxisMotorSpeed added to the Settings Form. (Line: 271)
12/1/2024 15:20:31 [Information] decimal: 0.00 YaxisStepperCurrent added to the Settings Form. (Line: 271)
12/1/2024 15:20:31 [Information] decimal: 0.00 YaxisStepperMove added to the Settings Form. (Line: 271)
12/1/2024 15:20:31 [Information] YCOM1: YComPort added to the Settings Form. (Line: 392)
12/1/2024 15:20:31 [Information] YCOM2: YComPort added to the Settings Form. (Line: 392)
12/1/2024 15:20:31 [Information] YCOM3: YComPort added to the Settings Form. (Line: 392)
12/1/2024 15:20:31 [Information] YCOM4: YComPort added to the Settings Form. (Line: 392)
12/1/2024 15:20:31 [Information] YCOM5: YComPort added to the Settings Form. (Line: 392)
12/1/2024 15:20:31 [Information] YCOM6: YComPort added to the Settings Form. (Line: 392)
12/1/2024 15:20:31 [Information] YCOM7: YComPort added to the Settings Form. (Line: 392)
12/1/2024 15:20:31 [Information] YCOM8: YComPort added to the Settings Form. (Line: 392)
12/1/2024 15:20:31 [Information] YCOM9: YComPort added to the Settings Form. (Line: 392)
12/1/2024 15:20:31 [Information] YCOM10: YComPort added to the Settings Form. (Line: 392)
12/1/2024 15:20:31 [Information] decimal: 50.00 ZaxisAcceleration added to the Settings Form. (Line: 271)
12/1/2024 15:20:31 [Information] bool: False ZaxisChanged added to the Settings Form. (Line: 218)
12/1/2024 15:20:31 [Information] decimal: 400.00 ZaxisMotorSpeed added to the Settings Form. (Line: 271)
12/1/2024 15:20:31 [Information] decimal: 0.00 ZaxisStepperCurrent added to the Settings Form. (Line: 271)
12/1/2024 15:20:31 [Information] decimal: 0.00 ZaxisStepperMove added to the Settings Form. (Line: 271)
12/1/2024 15:20:31 [Information] ZCOM1: ZComPort added to the Settings Form. (Line: 438)
12/1/2024 15:20:31 [Information] ZCOM2: ZComPort added to the Settings Form. (Line: 438)
12/1/2024 15:20:31 [Information] ZCOM3: ZComPort added to the Settings Form. (Line: 438)
12/1/2024 15:20:31 [Information] ZCOM4: ZComPort added to the Settings Form. (Line: 438)
12/1/2024 15:20:31 [Information] ZCOM5: ZComPort added to the Settings Form. (Line: 438)
12/1/2024 15:20:31 [Information] ZCOM6: ZComPort added to the Settings Form. (Line: 438)
12/1/2024 15:20:31 [Information] ZCOM7: ZComPort added to the Settings Form. (Line: 438)
12/1/2024 15:20:31 [Information] ZCOM8: ZComPort added to the Settings Form. (Line: 438)
12/1/2024 15:20:31 [Information] ZCOM9: ZComPort added to the Settings Form. (Line: 438)
12/1/2024 15:20:31 [Information] ZCOM10: ZComPort added to the Settings Form. (Line: 438)
12/1/2024 15:20:31 [Information] int: 0 zeroXaxis added to the Settings Form. (Line: 151)
12/1/2024 15:20:31 [Information] int: 0 zeroYaxis added to the Settings Form. (Line: 151)
12/1/2024 15:20:31 [Information] int: 0 zeroZaxis added to the Settings Form. (Line: 151)
12/1/2024 15:20:31 [Information] NewSettingsWindow updated to Stepper.StepperAppSettings (Line: 49)
12/1/2024 15:20:32 [Information] Stepper Motor Controller MainWindow loaded (Line: 2012)
12/1/2024 15:20:32 [Information] Set MainWindow Media Brushes to White. (Line: 2022)
12/1/2024 15:20:38 [Information] txtZaxisStepperMove Axis mouse controlled Keypad returned: 32.00 (Line: 1850)
12/1/2024 15:20:40 [Information] Z Axis Run button clicked: (Line: 1329)
12/1/2024 15:20:40 [Information] Z Axis MotorMovementSeconds for <= 400.00 RPM: 4.80 (Line: 1570)
12/1/2024 15:20:40 [Information] TargetEndTime updated to 12/1/2024 15:20:45 (Line: 88)
12/1/2024 15:20:40 [Information] ZAxisAbsolutePosition updated to 0 (Line: 499)
12/1/2024 15:20:40 [Information] Z Axis Absolute Position changed. (Line: 734)
12/1/2024 15:20:40 [Information] Z Axis Run Event: Z,0.00,400.00,0,0.00,400.00,0,32.00,400.00,0 (Line: 1495)
12/1/2024 15:22:24 [Information] Stepper Motor Countdown: Completed (Line: 972)
12/1/2024 15:23:10 [Information] Z Axis Run button clicked: (Line: 1329)
12/1/2024 15:23:10 [Information] Z Axis MotorMovementSeconds for <= 400.00 RPM: 4.80 (Line: 1570)
12/1/2024 15:23:10 [Information] TargetEndTime updated to 12/1/2024 15:23:15 (Line: 88)
12/1/2024 15:23:10 [Information] ZAxisAbsolutePosition updated to 0 (Line: 499)
12/1/2024 15:23:10 [Information] Z Axis Absolute Position changed. (Line: 734)
12/1/2024 15:23:10 [Information] Z Axis Run Event: Z,0.00,400.00,0,0.00,400.00,0,32.00,400.00,0 (Line: 1495)
