11/23/2024 15:42:19 [Information] Stepper Motor Controller Application Started. (Line: 718)
11/23/2024 15:42:19 [Information] Version: 3.0.9093.28242 (11/23/2024 15:42:19) (Line: 722)
11/23/2024 15:42:19 [Information] Initializing Serial Ports. (Line: 553)
11/23/2024 15:42:19 [Error] I/O error occurred while opening the port COM7. (Line: 614)
11/23/2024 15:42:21 [Error] I/O error occurred while opening the port COM8. (Line: 614)
11/23/2024 15:42:22 [Information] SerialPort COM10 opened successfully. (Line: 599)
11/23/2024 15:42:22 [Information] SerialPort COM10 read 1 bytes. (Line: 604)
11/23/2024 15:42:22 [Information] Stepper Motor Controller Application Started. (Line: 364)
11/23/2024 15:42:22 [Information] Version: 3.0.9093.28242 (11/23/2024 15:42:22) (Line: 368)
11/23/2024 15:42:22 [Information] Version: 3.1.0.28243 (11/23/2024 15:42:22) (Line: 443)
11/23/2024 15:42:22 [Information] Element AssemblyVersion not found in the provided XML document. (Line: 545)
11/23/2024 15:42:22 [Information] Element FileVersion not found in the provided XML document. (Line: 545)
11/23/2024 15:42:22 [Information] Version: 3.1.0.28243 (11/23/2024 15:42:22) (Line: 451)
11/23/2024 15:42:22 [Information] Stepper Motor Controller Application Settings Window Opened. (Line: 39)
11/23/2024 15:42:22 [Information] Stepper Motor Controller Application Settings form is rebuilt each and every time it is opened. (Line: 47)
11/23/2024 15:42:22 [Information] int: 9600 BaudRate added to the Settings Form. (Line: 151)
11/23/2024 15:42:22 [Information] bool: False ckbXaxisResetToZeroIsChecked added to the Settings Form. (Line: 218)
11/23/2024 15:42:22 [Information] bool: False ckbYaxisResetToZeroIsChecked added to the Settings Form. (Line: 218)
11/23/2024 15:42:22 [Information] bool: False ckbZaxisResetToZeroIsChecked added to the Settings Form. (Line: 218)
11/23/2024 15:42:22 [Information] COM1: ComPort added to the Settings Form. (Line: 484)
11/23/2024 15:42:22 [Information] COM2: ComPort added to the Settings Form. (Line: 484)
11/23/2024 15:42:22 [Information] COM3: ComPort added to the Settings Form. (Line: 484)
11/23/2024 15:42:22 [Information] COM4: ComPort added to the Settings Form. (Line: 484)
11/23/2024 15:42:22 [Information] COM5: ComPort added to the Settings Form. (Line: 484)
11/23/2024 15:42:22 [Information] COM6: ComPort added to the Settings Form. (Line: 484)
11/23/2024 15:42:22 [Information] COM7: ComPort added to the Settings Form. (Line: 484)
11/23/2024 15:42:22 [Information] COM8: ComPort added to the Settings Form. (Line: 484)
11/23/2024 15:42:22 [Information] COM9: ComPort added to the Settings Form. (Line: 484)
11/23/2024 15:42:22 [Information] COM10: ComPort added to the Settings Form. (Line: 484)
11/23/2024 15:42:22 [Information] decimal: 4.00 Divider4_00 added to the Settings Form. (Line: 271)
11/23/2024 15:42:22 [Information] decimal: 0.00 MathPart2Initlz added to the Settings Form. (Line: 271)
11/23/2024 15:42:22 [Information] decimal: 1.00 MilisecondTimerInterval added to the Settings Form. (Line: 271)
11/23/2024 15:42:22 [Information] decimal: 1000.00 MillisecondDelay added to the Settings Form. (Line: 271)
11/23/2024 15:42:22 [Information] int: 1000 Milliseconds added to the Settings Form. (Line: 151)
11/23/2024 15:42:22 [Information] int: 4 mmPerRevolution added to the Settings Form. (Line: 151)
11/23/2024 15:42:22 [Information] int: 2000 ThreadSleep added to the Settings Form. (Line: 151)
11/23/2024 15:42:22 [Information] decimal: 0.00 Value_0_00 added to the Settings Form. (Line: 271)
11/23/2024 15:42:22 [Information] decimal: 50.00 XaxisAcceleration added to the Settings Form. (Line: 271)
11/23/2024 15:42:22 [Information] bool: False XaxisChanged added to the Settings Form. (Line: 218)
11/23/2024 15:42:22 [Information] decimal: 400.00 XaxisMotorSpeed added to the Settings Form. (Line: 271)
11/23/2024 15:42:22 [Information] decimal: 0.00 XaxisStepperCurrent added to the Settings Form. (Line: 271)
11/23/2024 15:42:22 [Information] decimal: 0.00 XaxisStepperMove added to the Settings Form. (Line: 271)
11/23/2024 15:42:22 [Information] XCOM1: XComPort added to the Settings Form. (Line: 346)
11/23/2024 15:42:22 [Information] XCOM2: XComPort added to the Settings Form. (Line: 346)
11/23/2024 15:42:22 [Information] XCOM3: XComPort added to the Settings Form. (Line: 346)
11/23/2024 15:42:22 [Information] XCOM4: XComPort added to the Settings Form. (Line: 346)
11/23/2024 15:42:22 [Information] XCOM5: XComPort added to the Settings Form. (Line: 346)
11/23/2024 15:42:22 [Information] XCOM6: XComPort added to the Settings Form. (Line: 346)
11/23/2024 15:42:22 [Information] XCOM7: XComPort added to the Settings Form. (Line: 346)
11/23/2024 15:42:22 [Information] XCOM8: XComPort added to the Settings Form. (Line: 346)
11/23/2024 15:42:22 [Information] XCOM9: XComPort added to the Settings Form. (Line: 346)
11/23/2024 15:42:22 [Information] XCOM10: XComPort added to the Settings Form. (Line: 346)
11/23/2024 15:42:22 [Information] decimal: 50.00 YaxisAcceleration added to the Settings Form. (Line: 271)
11/23/2024 15:42:22 [Information] bool: False YaxisChanged added to the Settings Form. (Line: 218)
11/23/2024 15:42:22 [Information] decimal: 400.00 YaxisMotorSpeed added to the Settings Form. (Line: 271)
11/23/2024 15:42:22 [Information] decimal: 0.00 YaxisStepperCurrent added to the Settings Form. (Line: 271)
11/23/2024 15:42:22 [Information] decimal: 0.00 YaxisStepperMove added to the Settings Form. (Line: 271)
11/23/2024 15:42:22 [Information] YCOM1: YComPort added to the Settings Form. (Line: 392)
11/23/2024 15:42:22 [Information] YCOM2: YComPort added to the Settings Form. (Line: 392)
11/23/2024 15:42:22 [Information] YCOM3: YComPort added to the Settings Form. (Line: 392)
11/23/2024 15:42:22 [Information] YCOM4: YComPort added to the Settings Form. (Line: 392)
11/23/2024 15:42:22 [Information] YCOM5: YComPort added to the Settings Form. (Line: 392)
11/23/2024 15:42:22 [Information] YCOM6: YComPort added to the Settings Form. (Line: 392)
11/23/2024 15:42:22 [Information] YCOM7: YComPort added to the Settings Form. (Line: 392)
11/23/2024 15:42:22 [Information] YCOM8: YComPort added to the Settings Form. (Line: 392)
11/23/2024 15:42:22 [Information] YCOM9: YComPort added to the Settings Form. (Line: 392)
11/23/2024 15:42:22 [Information] YCOM10: YComPort added to the Settings Form. (Line: 392)
11/23/2024 15:42:22 [Information] decimal: 50.00 ZaxisAcceleration added to the Settings Form. (Line: 271)
11/23/2024 15:42:22 [Information] bool: False ZaxisChanged added to the Settings Form. (Line: 218)
11/23/2024 15:42:22 [Information] decimal: 400.00 ZaxisMotorSpeed added to the Settings Form. (Line: 271)
11/23/2024 15:42:22 [Information] decimal: 0.00 ZaxisStepperCurrent added to the Settings Form. (Line: 271)
11/23/2024 15:42:22 [Information] decimal: 0.00 ZaxisStepperMove added to the Settings Form. (Line: 271)
11/23/2024 15:42:22 [Information] ZCOM1: ZComPort added to the Settings Form. (Line: 438)
11/23/2024 15:42:22 [Information] ZCOM2: ZComPort added to the Settings Form. (Line: 438)
11/23/2024 15:42:22 [Information] ZCOM3: ZComPort added to the Settings Form. (Line: 438)
11/23/2024 15:42:22 [Information] ZCOM4: ZComPort added to the Settings Form. (Line: 438)
11/23/2024 15:42:22 [Information] ZCOM5: ZComPort added to the Settings Form. (Line: 438)
11/23/2024 15:42:22 [Information] ZCOM6: ZComPort added to the Settings Form. (Line: 438)
11/23/2024 15:42:22 [Information] ZCOM7: ZComPort added to the Settings Form. (Line: 438)
11/23/2024 15:42:22 [Information] ZCOM8: ZComPort added to the Settings Form. (Line: 438)
11/23/2024 15:42:22 [Information] ZCOM9: ZComPort added to the Settings Form. (Line: 438)
11/23/2024 15:42:22 [Information] ZCOM10: ZComPort added to the Settings Form. (Line: 438)
11/23/2024 15:42:22 [Information] int: 0 zeroXaxis added to the Settings Form. (Line: 151)
11/23/2024 15:42:22 [Information] int: 0 zeroYaxis added to the Settings Form. (Line: 151)
11/23/2024 15:42:22 [Information] int: 0 zeroZaxis added to the Settings Form. (Line: 151)
11/23/2024 15:42:23 [Information] Stepper Motor Controller MainWindow loaded (Line: 1693)
11/23/2024 15:42:23 [Information] Set MainWindow Media Brushes to White. (Line: 1703)
11/23/2024 15:42:51 [Information] txtZaxisStepperMove Axis mouse controlled Keypad returned: 32.00 (Line: 1526)
11/23/2024 15:42:56 [Information] Updated Zero Status - X: 0, Y: 0, Z: 1 (Line: 1224)
11/23/2024 15:42:57 [Information] Z Axis Run button clicked: (Line: 1038)
11/23/2024 15:42:58 [Information] Z Axis Run Event to reset Axis to xero: Z,0.00,400.00,0,0.00,400.00,0,0.00,400.00,1 (Line: 1162)
11/23/2024 15:42:58 [Information] Setting Z Axis Current Location Set to Zero on DRO (Line: 1348)
