11/23/2024 12:53:59 [Information] Stepper Motor Controller Application Started. (Line: 710)
11/23/2024 12:53:59 [Information] Version: 3.0.9093.23215 (11/23/2024 12:53:59) (Line: 714)
11/23/2024 12:53:59 [Information] Initializing Serial Ports. (Line: 545)
11/23/2024 12:53:59 [Error] I/O error occurred while opening the port COM7. (Line: 606)
11/23/2024 12:54:01 [Error] I/O error occurred while opening the port COM8. (Line: 606)
11/23/2024 12:54:02 [Information] SerialPort COM10 opened successfully. (Line: 591)
11/23/2024 12:54:02 [Information] SerialPort COM10 read 1 bytes. (Line: 596)
11/23/2024 12:54:02 [Information] Stepper Motor Controller Application Started. (Line: 356)
11/23/2024 12:54:02 [Information] Version: 3.0.9093.23215 (11/23/2024 12:54:02) (Line: 360)
11/23/2024 12:54:02 [Information] Version: 3.1.0.23216 (11/23/2024 12:54:02) (Line: 435)
11/23/2024 12:54:02 [Information] Element AssemblyVersion not found in the provided XML document. (Line: 537)
11/23/2024 12:54:02 [Information] Element FileVersion not found in the provided XML document. (Line: 537)
11/23/2024 12:54:02 [Information] Version: 3.1.0.23216 (11/23/2024 12:54:02) (Line: 443)
11/23/2024 12:54:02 [Information] Stepper Motor Controller Application Settings Window Opened. (Line: 39)
11/23/2024 12:54:02 [Information] Stepper Motor Controller Application Settings form is rebuilt each and every time it is opened. (Line: 47)
11/23/2024 12:54:02 [Information] int: 9600 BaudRate added to the Settings Form. (Line: 151)
11/23/2024 12:54:02 [Information] bool: False ckbXaxisResetToZeroIsChecked added to the Settings Form. (Line: 218)
11/23/2024 12:54:02 [Information] bool: False ckbYaxisResetToZeroIsChecked added to the Settings Form. (Line: 218)
11/23/2024 12:54:02 [Information] bool: False ckbZaxisResetToZeroIsChecked added to the Settings Form. (Line: 218)
11/23/2024 12:54:02 [Information] COM1: ComPort added to the Settings Form. (Line: 484)
11/23/2024 12:54:02 [Information] COM2: ComPort added to the Settings Form. (Line: 484)
11/23/2024 12:54:02 [Information] COM3: ComPort added to the Settings Form. (Line: 484)
11/23/2024 12:54:02 [Information] COM4: ComPort added to the Settings Form. (Line: 484)
11/23/2024 12:54:02 [Information] COM5: ComPort added to the Settings Form. (Line: 484)
11/23/2024 12:54:02 [Information] COM6: ComPort added to the Settings Form. (Line: 484)
11/23/2024 12:54:02 [Information] COM7: ComPort added to the Settings Form. (Line: 484)
11/23/2024 12:54:02 [Information] COM8: ComPort added to the Settings Form. (Line: 484)
11/23/2024 12:54:02 [Information] COM9: ComPort added to the Settings Form. (Line: 484)
11/23/2024 12:54:02 [Information] COM10: ComPort added to the Settings Form. (Line: 484)
11/23/2024 12:54:02 [Information] decimal: 4.00 Divider4_00 added to the Settings Form. (Line: 271)
11/23/2024 12:54:02 [Information] decimal: 0.00 MathPart2Initlz added to the Settings Form. (Line: 271)
11/23/2024 12:54:02 [Information] decimal: 1.00 MilisecondTimerInterval added to the Settings Form. (Line: 271)
11/23/2024 12:54:02 [Information] decimal: 1000.00 MillisecondDelay added to the Settings Form. (Line: 271)
11/23/2024 12:54:02 [Information] int: 1000 Milliseconds added to the Settings Form. (Line: 151)
11/23/2024 12:54:02 [Information] int: 4 mmPerRevolution added to the Settings Form. (Line: 151)
11/23/2024 12:54:02 [Information] int: 2000 ThreadSleep added to the Settings Form. (Line: 151)
11/23/2024 12:54:02 [Information] decimal: 0.00 Value_0_00 added to the Settings Form. (Line: 271)
11/23/2024 12:54:02 [Information] decimal: 50.00 XaxisAcceleration added to the Settings Form. (Line: 271)
11/23/2024 12:54:02 [Information] bool: False XaxisChanged added to the Settings Form. (Line: 218)
11/23/2024 12:54:02 [Information] decimal: 400.00 XaxisMotorSpeed added to the Settings Form. (Line: 271)
11/23/2024 12:54:02 [Information] decimal: 0.00 XaxisStepperCurrent added to the Settings Form. (Line: 271)
11/23/2024 12:54:02 [Information] decimal: 0.00 XaxisStepperMove added to the Settings Form. (Line: 271)
11/23/2024 12:54:02 [Information] XCOM1: XComPort added to the Settings Form. (Line: 346)
11/23/2024 12:54:02 [Information] XCOM2: XComPort added to the Settings Form. (Line: 346)
11/23/2024 12:54:02 [Information] XCOM3: XComPort added to the Settings Form. (Line: 346)
11/23/2024 12:54:02 [Information] XCOM4: XComPort added to the Settings Form. (Line: 346)
11/23/2024 12:54:02 [Information] XCOM5: XComPort added to the Settings Form. (Line: 346)
11/23/2024 12:54:02 [Information] XCOM6: XComPort added to the Settings Form. (Line: 346)
11/23/2024 12:54:02 [Information] XCOM7: XComPort added to the Settings Form. (Line: 346)
11/23/2024 12:54:02 [Information] XCOM8: XComPort added to the Settings Form. (Line: 346)
11/23/2024 12:54:02 [Information] XCOM9: XComPort added to the Settings Form. (Line: 346)
11/23/2024 12:54:02 [Information] XCOM10: XComPort added to the Settings Form. (Line: 346)
11/23/2024 12:54:02 [Information] decimal: 50.00 YaxisAcceleration added to the Settings Form. (Line: 271)
11/23/2024 12:54:02 [Information] bool: False YaxisChanged added to the Settings Form. (Line: 218)
11/23/2024 12:54:02 [Information] decimal: 400.00 YaxisMotorSpeed added to the Settings Form. (Line: 271)
11/23/2024 12:54:02 [Information] decimal: 0.00 YaxisStepperCurrent added to the Settings Form. (Line: 271)
11/23/2024 12:54:02 [Information] decimal: 0.00 YaxisStepperMove added to the Settings Form. (Line: 271)
11/23/2024 12:54:02 [Information] YCOM1: YComPort added to the Settings Form. (Line: 392)
11/23/2024 12:54:02 [Information] YCOM2: YComPort added to the Settings Form. (Line: 392)
11/23/2024 12:54:02 [Information] YCOM3: YComPort added to the Settings Form. (Line: 392)
11/23/2024 12:54:02 [Information] YCOM4: YComPort added to the Settings Form. (Line: 392)
11/23/2024 12:54:02 [Information] YCOM5: YComPort added to the Settings Form. (Line: 392)
11/23/2024 12:54:02 [Information] YCOM6: YComPort added to the Settings Form. (Line: 392)
11/23/2024 12:54:02 [Information] YCOM7: YComPort added to the Settings Form. (Line: 392)
11/23/2024 12:54:02 [Information] YCOM8: YComPort added to the Settings Form. (Line: 392)
11/23/2024 12:54:02 [Information] YCOM9: YComPort added to the Settings Form. (Line: 392)
11/23/2024 12:54:02 [Information] YCOM10: YComPort added to the Settings Form. (Line: 392)
11/23/2024 12:54:02 [Information] decimal: 50.00 ZaxisAcceleration added to the Settings Form. (Line: 271)
11/23/2024 12:54:02 [Information] bool: False ZaxisChanged added to the Settings Form. (Line: 218)
11/23/2024 12:54:02 [Information] decimal: 400.00 ZaxisMotorSpeed added to the Settings Form. (Line: 271)
11/23/2024 12:54:02 [Information] decimal: 0.00 ZaxisStepperCurrent added to the Settings Form. (Line: 271)
11/23/2024 12:54:02 [Information] decimal: 0.00 ZaxisStepperMove added to the Settings Form. (Line: 271)
11/23/2024 12:54:02 [Information] ZCOM1: ZComPort added to the Settings Form. (Line: 438)
11/23/2024 12:54:02 [Information] ZCOM2: ZComPort added to the Settings Form. (Line: 438)
11/23/2024 12:54:02 [Information] ZCOM3: ZComPort added to the Settings Form. (Line: 438)
11/23/2024 12:54:02 [Information] ZCOM4: ZComPort added to the Settings Form. (Line: 438)
11/23/2024 12:54:02 [Information] ZCOM5: ZComPort added to the Settings Form. (Line: 438)
11/23/2024 12:54:02 [Information] ZCOM6: ZComPort added to the Settings Form. (Line: 438)
11/23/2024 12:54:02 [Information] ZCOM7: ZComPort added to the Settings Form. (Line: 438)
11/23/2024 12:54:02 [Information] ZCOM8: ZComPort added to the Settings Form. (Line: 438)
11/23/2024 12:54:02 [Information] ZCOM9: ZComPort added to the Settings Form. (Line: 438)
11/23/2024 12:54:02 [Information] ZCOM10: ZComPort added to the Settings Form. (Line: 438)
11/23/2024 12:54:02 [Information] int: 0 zeroXaxis added to the Settings Form. (Line: 151)
11/23/2024 12:54:02 [Information] int: 0 zeroYaxis added to the Settings Form. (Line: 151)
11/23/2024 12:54:02 [Information] int: 0 zeroZaxis added to the Settings Form. (Line: 151)
11/23/2024 12:54:02 [Information] Stepper Motor Controller MainWindow loaded (Line: 1874)
11/23/2024 12:54:02 [Information] Set MainWindow Media Brushes to White. (Line: 1884)
11/23/2024 12:54:10 [Information] txtZaxisStepperMove Axis mouse controlled Keypad returned: 64.00 (Line: 1707)
11/23/2024 12:54:12 [Information] Z Axis Run button clicked: (Line: 1147)
11/23/2024 12:54:12 [Information] Z Axis Target Reached: false (Line: 1150)
11/23/2024 12:54:12 [Information] RunAxis(Z, 64.00, 400.00, False, COM10, False, False (Line: 1152)
11/23/2024 12:54:12 [Information] Z Axis Run button clicked: (Line: 1199)
11/23/2024 12:54:12 [Information] Z Axis MotorMovementSeconds: 9.142857142857142857142857143 (Line: 1476)
11/23/2024 12:54:12 [Information] Z Axis Run Event: Z,0.00,400.00,0,0.00,400.00,0,64.00,400.00,0 (Line: 1352)
11/23/2024 12:54:13 [Information]  Zindata Contains: Z Axis Data Received:  s (Line: 1029)
11/23/2024 12:54:13 [Information] Z Axis Target Reached changed. (Line: 509)
11/23/2024 12:54:13 [Information]  Zindata Contains: Z Axis Data Received: e (Line: 1029)
11/23/2024 12:54:13 [Information]  Zindata Contains: Z Axis Data Received: rialData: Z,0.00,400.00,0,0.00,400. (Line: 1029)
11/23/2024 12:54:13 [Information]  Zindata Contains: Z Axis Data Received: 00,0,64.00,400.00,0
 (Line: 1029)
11/23/2024 12:54:21 [Information] Stepper Motor Countdown: Completed (Line: 745)
11/23/2024 12:54:22 [Information]  Zindata Contains: Z Axis Data Received:   (Line: 1029)
11/23/2024 12:54:22 [Information]  Zindata Contains: Z Axis Data Received: Z (Line: 1029)
11/23/2024 12:54:22 [Information]  Zindata Contains: Z Axis Data Received:   (Line: 1029)
11/23/2024 12:54:22 [Information]  Zindata Contains: Z Axis Data Received: A (Line: 1029)
11/23/2024 12:54:22 [Information]  Zindata Contains: Z Axis Data Received: x (Line: 1029)
11/23/2024 12:54:22 [Information]  Zindata Contains: Z Axis Data Received: i (Line: 1029)
11/23/2024 12:54:22 [Information]  Zindata Contains: Z Axis Data Received: s (Line: 1029)
11/23/2024 12:54:22 [Information]  Zindata Contains: Z Axis Data Received:   (Line: 1029)
11/23/2024 12:54:22 [Information]  Zindata Contains: Z Axis Data Received: r (Line: 1029)
11/23/2024 12:54:22 [Information]  Zindata Contains: Z Axis Data Received: e (Line: 1029)
11/23/2024 12:54:22 [Information]  Zindata Contains: Z Axis Data Received: a (Line: 1029)
11/23/2024 12:54:22 [Information]  Zindata Contains: Z Axis Data Received: c (Line: 1029)
11/23/2024 12:54:22 [Information]  Zindata Contains: Z Axis Data Received: h (Line: 1029)
11/23/2024 12:54:22 [Information]  Zindata Contains: Z Axis Data Received: e (Line: 1029)
11/23/2024 12:54:22 [Information]  Zindata Contains: Z Axis Data Received: d (Line: 1029)
11/23/2024 12:54:22 [Information]  Zindata Contains: Z Axis Data Received:   (Line: 1029)
11/23/2024 12:54:22 [Information]  Zindata Contains: Z Axis Data Received: t (Line: 1029)
11/23/2024 12:54:22 [Information]  Zindata Contains: Z Axis Data Received: a (Line: 1029)
11/23/2024 12:54:22 [Information]  Zindata Contains: Z Axis Data Received: r (Line: 1029)
11/23/2024 12:54:22 [Information]  Zindata Contains: Z Axis Data Received: g (Line: 1029)
11/23/2024 12:54:22 [Information]  Zindata Contains: Z Axis Data Received: e (Line: 1029)
11/23/2024 12:54:22 [Information]  Zindata Contains: Z Axis Data Received: t (Line: 1029)
11/23/2024 12:54:22 [Information]  Zindata Contains: Z Axis Data Received:   (Line: 1029)
11/23/2024 12:54:22 [Information]  Zindata Contains: Z Axis Data Received: p (Line: 1029)
11/23/2024 12:54:22 [Information]  Zindata Contains: Z Axis Data Received: o (Line: 1029)
11/23/2024 12:54:22 [Information]  Zindata Contains: Z Axis Data Received: s (Line: 1029)
11/23/2024 12:54:22 [Information]  Zindata Contains: Z Axis Data Received: i (Line: 1029)
11/23/2024 12:54:22 [Information]  Zindata Contains: Z Axis Data Received: t (Line: 1029)
11/23/2024 12:54:22 [Information]  Zindata Contains: Z Axis Data Received: i (Line: 1029)
11/23/2024 12:54:22 [Information]  Zindata Contains: Z Axis Data Received: o (Line: 1029)
11/23/2024 12:54:22 [Information]  Zindata Contains: Z Axis Data Received: n (Line: 1029)
11/23/2024 12:54:22 [Information]  Zindata Contains: Z Axis Data Received:  (Line: 1029)
11/23/2024 12:54:22 [Information]  Zindata Contains: Z Axis Data Received: 
 (Line: 1029)
11/23/2024 12:54:22 [Information]  Zindata Contains: Z Axis Data Received:   (Line: 1029)
11/23/2024 12:54:22 [Information]  Zindata Contains: Z Axis Data Received: C (Line: 1029)
11/23/2024 12:54:22 [Information]  Zindata Contains: Z Axis Data Received: u (Line: 1029)
11/23/2024 12:54:22 [Information]  Zindata Contains: Z Axis Data Received: r (Line: 1029)
11/23/2024 12:54:22 [Information]  Zindata Contains: Z Axis Data Received: r (Line: 1029)
11/23/2024 12:54:22 [Information]  Zindata Contains: Z Axis Data Received: e (Line: 1029)
11/23/2024 12:54:22 [Information]  Zindata Contains: Z Axis Data Received: n (Line: 1029)
11/23/2024 12:54:22 [Information]  Zindata Contains: Z Axis Data Received: t (Line: 1029)
11/23/2024 12:54:22 [Information]  Zindata Contains: Z Axis Data Received:   (Line: 1029)
11/23/2024 12:54:22 [Information]  Zindata Contains: Z Axis Data Received: P (Line: 1029)
11/23/2024 12:54:22 [Information]  Zindata Contains: Z Axis Data Received: o (Line: 1029)
11/23/2024 12:54:22 [Information]  Zindata Contains: Z Axis Data Received: s (Line: 1029)
11/23/2024 12:54:22 [Information]  Zindata Contains: Z Axis Data Received: i (Line: 1029)
11/23/2024 12:54:22 [Information]  Zindata Contains: Z Axis Data Received: t (Line: 1029)
11/23/2024 12:54:22 [Information]  Zindata Contains: Z Axis Data Received: i (Line: 1029)
11/23/2024 12:54:22 [Information]  Zindata Contains: Z Axis Data Received: o (Line: 1029)
11/23/2024 12:54:22 [Information]  Zindata Contains: Z Axis Data Received: n (Line: 1029)
11/23/2024 12:54:22 [Information]  Zindata Contains: Z Axis Data Received: : (Line: 1029)
11/23/2024 12:54:22 [Information]  Zindata Contains: Z Axis Data Received:   (Line: 1029)
11/23/2024 12:54:22 [Information]  Zindata Contains: Z Axis Data Received: 3 (Line: 1029)
11/23/2024 12:54:22 [Information]  Zindata Contains: Z Axis Data Received: 2 (Line: 1029)
11/23/2024 12:54:22 [Information]  Zindata Contains: Z Axis Data Received: 0 (Line: 1029)
11/23/2024 12:54:22 [Information]  Zindata Contains: Z Axis Data Received: 0 (Line: 1029)
11/23/2024 12:54:22 [Information]  Zindata Contains: Z Axis Data Received:  (Line: 1029)
11/23/2024 12:54:22 [Information]  Zindata Contains: Z Axis Data Received: 
 (Line: 1029)
11/23/2024 12:54:28 [Information] Stepper Motor Controller MainWindow Closing. (Line: 1895)
11/23/2024 12:54:28 [Information] Properties Settings Saved. (Line: 1904)
11/23/2024 12:54:28 [Information] Properties Settings Form Closed. (Line: 1910)
11/23/2024 12:54:28 [Information] Stepper Motor Controller Form Closed. (Line: 1913)
