11/30/2024 16:35:22 [Information] Logger updated to Microsoft.Extensions.Logging.Logger`1[Stepper.MainWindow] (Line: 328)
11/30/2024 16:35:22 [Information] Stepper Motor Controller Application Started. (Line: 1249)
11/30/2024 16:35:22 [Information] Version: 3.0.9100.29855 (11/30/2024 16:35:22) (Line: 1253)
11/30/2024 16:35:22 [Information] Initializing Serial Ports. (Line: 1078)
11/30/2024 16:35:22 [Error] I/O error occurred while opening the port COM7. (Line: 1141)
11/30/2024 16:35:42 [Error] I/O error occurred while opening the port COM8. (Line: 1141)
11/30/2024 16:35:48 [Information] SerialPort COM10 opened successfully. (Line: 1124)
11/30/2024 16:35:48 [Information] CountdownTimer updated to System.Windows.Threading.DispatcherTimer (Line: 77)
11/30/2024 16:35:48 [Information] Stepper Motor Controller Application Started. (Line: 787)
11/30/2024 16:35:48 [Information] Version: 3.0.9100.29855 (11/30/2024 16:35:48) (Line: 791)
11/30/2024 16:35:48 [Information] Version: 3.1.0.29856 (11/30/2024 16:35:48) (Line: 874)
11/30/2024 16:35:48 [Information] Element AssemblyVersion not found in the provided XML document. (Line: 1070)
11/30/2024 16:35:48 [Information] Element FileVersion not found in the provided XML document. (Line: 1070)
11/30/2024 16:35:48 [Information] Version: 3.1.0.29856 (11/30/2024 16:35:48) (Line: 882)
11/30/2024 16:35:48 [Information] Stepper Motor Controller Application Settings Window Opened. (Line: 39)
11/30/2024 16:35:48 [Information] Stepper Motor Controller Application Settings form is rebuilt each and every time it is opened. (Line: 47)
11/30/2024 16:35:48 [Information] int: 0 AxisAbsolutePosition added to the Settings Form. (Line: 151)
11/30/2024 16:35:48 [Information] int: 9600 BaudRate added to the Settings Form. (Line: 151)
11/30/2024 16:35:48 [Information] bool: False ckbXaxisResetToZeroIsChecked added to the Settings Form. (Line: 218)
11/30/2024 16:35:48 [Information] bool: False ckbYaxisResetToZeroIsChecked added to the Settings Form. (Line: 218)
11/30/2024 16:35:48 [Information] bool: False ckbZaxisResetToZeroIsChecked added to the Settings Form. (Line: 218)
11/30/2024 16:35:48 [Information] COM1: ComPort added to the Settings Form. (Line: 484)
11/30/2024 16:35:48 [Information] COM2: ComPort added to the Settings Form. (Line: 484)
11/30/2024 16:35:48 [Information] COM3: ComPort added to the Settings Form. (Line: 484)
11/30/2024 16:35:48 [Information] COM4: ComPort added to the Settings Form. (Line: 484)
11/30/2024 16:35:48 [Information] COM5: ComPort added to the Settings Form. (Line: 484)
11/30/2024 16:35:48 [Information] COM6: ComPort added to the Settings Form. (Line: 484)
11/30/2024 16:35:48 [Information] COM7: ComPort added to the Settings Form. (Line: 484)
11/30/2024 16:35:48 [Information] COM8: ComPort added to the Settings Form. (Line: 484)
11/30/2024 16:35:48 [Information] COM9: ComPort added to the Settings Form. (Line: 484)
11/30/2024 16:35:48 [Information] COM10: ComPort added to the Settings Form. (Line: 484)
11/30/2024 16:35:48 [Information] decimal: 4.00 Divider4_00 added to the Settings Form. (Line: 271)
11/30/2024 16:35:48 [Information] decimal: 0.00 MathPart2Initlz added to the Settings Form. (Line: 271)
11/30/2024 16:35:48 [Information] decimal: 1.00 MilisecondTimerInterval added to the Settings Form. (Line: 271)
11/30/2024 16:35:48 [Information] decimal: 1000.00 MillisecondDelay added to the Settings Form. (Line: 271)
11/30/2024 16:35:48 [Information] int: 1000 Milliseconds added to the Settings Form. (Line: 151)
11/30/2024 16:35:48 [Information] int: 4 mmPerRevolution added to the Settings Form. (Line: 151)
11/30/2024 16:35:48 [Information] int: 200 stepsPerRevolution added to the Settings Form. (Line: 151)
11/30/2024 16:35:48 [Information] int: 2000 ThreadSleep added to the Settings Form. (Line: 151)
11/30/2024 16:35:48 [Information] decimal: 0.00 Value_0_00 added to the Settings Form. (Line: 271)
11/30/2024 16:35:48 [Information] decimal: 50.00 XaxisAcceleration added to the Settings Form. (Line: 271)
11/30/2024 16:35:48 [Information] bool: False XaxisChanged added to the Settings Form. (Line: 218)
11/30/2024 16:35:48 [Information] decimal: 400.00 XaxisMotorSpeed added to the Settings Form. (Line: 271)
11/30/2024 16:35:48 [Information] decimal: 0.00 XaxisStepperCurrent added to the Settings Form. (Line: 271)
11/30/2024 16:35:48 [Information] decimal: 0.00 XaxisStepperMove added to the Settings Form. (Line: 271)
11/30/2024 16:35:48 [Information] XCOM1: XComPort added to the Settings Form. (Line: 346)
11/30/2024 16:35:48 [Information] XCOM2: XComPort added to the Settings Form. (Line: 346)
11/30/2024 16:35:48 [Information] XCOM3: XComPort added to the Settings Form. (Line: 346)
11/30/2024 16:35:48 [Information] XCOM4: XComPort added to the Settings Form. (Line: 346)
11/30/2024 16:35:48 [Information] XCOM5: XComPort added to the Settings Form. (Line: 346)
11/30/2024 16:35:48 [Information] XCOM6: XComPort added to the Settings Form. (Line: 346)
11/30/2024 16:35:48 [Information] XCOM7: XComPort added to the Settings Form. (Line: 346)
11/30/2024 16:35:48 [Information] XCOM8: XComPort added to the Settings Form. (Line: 346)
11/30/2024 16:35:48 [Information] XCOM9: XComPort added to the Settings Form. (Line: 346)
11/30/2024 16:35:48 [Information] XCOM10: XComPort added to the Settings Form. (Line: 346)
11/30/2024 16:35:48 [Information] decimal: 50.00 YaxisAcceleration added to the Settings Form. (Line: 271)
11/30/2024 16:35:48 [Information] bool: False YaxisChanged added to the Settings Form. (Line: 218)
11/30/2024 16:35:48 [Information] decimal: 400.00 YaxisMotorSpeed added to the Settings Form. (Line: 271)
11/30/2024 16:35:48 [Information] decimal: 0.00 YaxisStepperCurrent added to the Settings Form. (Line: 271)
11/30/2024 16:35:48 [Information] decimal: 0.00 YaxisStepperMove added to the Settings Form. (Line: 271)
11/30/2024 16:35:48 [Information] YCOM1: YComPort added to the Settings Form. (Line: 392)
11/30/2024 16:35:48 [Information] YCOM2: YComPort added to the Settings Form. (Line: 392)
11/30/2024 16:35:48 [Information] YCOM3: YComPort added to the Settings Form. (Line: 392)
11/30/2024 16:35:48 [Information] YCOM4: YComPort added to the Settings Form. (Line: 392)
11/30/2024 16:35:48 [Information] YCOM5: YComPort added to the Settings Form. (Line: 392)
11/30/2024 16:35:48 [Information] YCOM6: YComPort added to the Settings Form. (Line: 392)
11/30/2024 16:35:48 [Information] YCOM7: YComPort added to the Settings Form. (Line: 392)
11/30/2024 16:35:48 [Information] YCOM8: YComPort added to the Settings Form. (Line: 392)
11/30/2024 16:35:48 [Information] YCOM9: YComPort added to the Settings Form. (Line: 392)
11/30/2024 16:35:48 [Information] YCOM10: YComPort added to the Settings Form. (Line: 392)
11/30/2024 16:35:48 [Information] decimal: 50.00 ZaxisAcceleration added to the Settings Form. (Line: 271)
11/30/2024 16:35:48 [Information] bool: False ZaxisChanged added to the Settings Form. (Line: 218)
11/30/2024 16:35:48 [Information] decimal: 400.00 ZaxisMotorSpeed added to the Settings Form. (Line: 271)
11/30/2024 16:35:48 [Information] decimal: 0.00 ZaxisStepperCurrent added to the Settings Form. (Line: 271)
11/30/2024 16:35:48 [Information] decimal: 0.00 ZaxisStepperMove added to the Settings Form. (Line: 271)
11/30/2024 16:35:48 [Information] ZCOM1: ZComPort added to the Settings Form. (Line: 438)
11/30/2024 16:35:48 [Information] ZCOM2: ZComPort added to the Settings Form. (Line: 438)
11/30/2024 16:35:48 [Information] ZCOM3: ZComPort added to the Settings Form. (Line: 438)
11/30/2024 16:35:48 [Information] ZCOM4: ZComPort added to the Settings Form. (Line: 438)
11/30/2024 16:35:48 [Information] ZCOM5: ZComPort added to the Settings Form. (Line: 438)
11/30/2024 16:35:48 [Information] ZCOM6: ZComPort added to the Settings Form. (Line: 438)
11/30/2024 16:35:48 [Information] ZCOM7: ZComPort added to the Settings Form. (Line: 438)
11/30/2024 16:35:48 [Information] ZCOM8: ZComPort added to the Settings Form. (Line: 438)
11/30/2024 16:35:48 [Information] ZCOM9: ZComPort added to the Settings Form. (Line: 438)
11/30/2024 16:35:48 [Information] ZCOM10: ZComPort added to the Settings Form. (Line: 438)
11/30/2024 16:35:48 [Information] int: 0 zeroXaxis added to the Settings Form. (Line: 151)
11/30/2024 16:35:48 [Information] int: 0 zeroYaxis added to the Settings Form. (Line: 151)
11/30/2024 16:35:48 [Information] int: 0 zeroZaxis added to the Settings Form. (Line: 151)
11/30/2024 16:35:48 [Information] NewSettingsWindow updated to Stepper.StepperAppSettings (Line: 57)
11/30/2024 16:35:49 [Information] Stepper Motor Controller MainWindow loaded (Line: 2259)
11/30/2024 16:35:49 [Information] Set MainWindow Media Brushes to White. (Line: 2269)
11/30/2024 16:36:28 [Information] txtZaxisStepperMove Axis mouse controlled Keypad returned: 16.00 (Line: 2097)
11/30/2024 16:36:29 [Information] Z Axis Run button clicked: (Line: 1638)
11/30/2024 16:36:29 [Information] Z Axis MotorMovementSeconds for <= 400.00 RPM: 2.40 (Line: 1861)
11/30/2024 16:36:29 [Information] TargetEndTime updated to 11/30/2024 16:36:31 (Line: 127)
11/30/2024 16:36:29 [Information] Target EndTime changed. (Line: 1044)
11/30/2024 16:36:29 [Information] CompletedXAxisCurrentPosition updated to True (Line: 505)
11/30/2024 16:36:29 [Information] Completed Z Axis Current Position Changed. (Line: 1014)
11/30/2024 16:36:29 [Information] LimitSwitchUpdateCompleted updated to True (Line: 772)
11/30/2024 16:36:29 [Information] ZAxisRunToCompletion updated to True (Line: 423)
11/30/2024 16:36:29 [Error] Unexpected error in MoveAxis for Z axis. (Line: 1798)
11/30/2024 16:36:30 [Information] ObjSender updated to System.IO.Ports.SerialPort (Line: 750)
11/30/2024 16:36:39 [Error] Unexpected error in MoveAxis for Z axis. (Line: 1505)
11/30/2024 16:37:27 [Error] Unexpected error in MoveAxis for Z axis. (Line: 1505)
11/30/2024 16:37:31 [Information] Stepper Motor Controller MainWindow Closing. (Line: 2280)
11/30/2024 16:37:31 [Information] Properties Settings Saved. (Line: 2289)
11/30/2024 16:37:31 [Information] Properties Settings Form Closed. (Line: 2295)
11/30/2024 16:37:31 [Information] Stepper Motor Controller Form Closed. (Line: 2298)
