11/28/2024 09:09:19 [Information] Logger updated to Microsoft.Extensions.Logging.Logger`1[Stepper.MainWindow] (Line: 327)
11/28/2024 09:09:19 [Information] Stepper Motor Controller Application Started. (Line: 1220)
11/28/2024 09:09:19 [Information] Version: 3.0.9098.16475 (11/28/2024 09:09:19) (Line: 1224)
11/28/2024 09:09:19 [Information] Initializing Serial Ports. (Line: 1049)
11/28/2024 09:09:20 [Error] I/O error occurred while opening the port COM7. (Line: 1112)
11/28/2024 09:09:21 [Error] I/O error occurred while opening the port COM8. (Line: 1112)
11/28/2024 09:09:22 [Information] SerialPort COM10 opened successfully. (Line: 1095)
11/28/2024 09:09:22 [Information] SerialPort COM10 read 1 bytes. (Line: 1100)
11/28/2024 09:09:22 [Information] CountdownTimer updated to System.Windows.Threading.DispatcherTimer (Line: 76)
11/28/2024 09:09:22 [Information] Stepper Motor Controller Application Started. (Line: 762)
11/28/2024 09:09:22 [Information] Version: 3.0.9098.16475 (11/28/2024 09:09:22) (Line: 766)
11/28/2024 09:09:22 [Information] Version: 3.1.0.16476 (11/28/2024 09:09:22) (Line: 849)
11/28/2024 09:09:22 [Information] Element AssemblyVersion not found in the provided XML document. (Line: 1041)
11/28/2024 09:09:22 [Information] Element FileVersion not found in the provided XML document. (Line: 1041)
11/28/2024 09:09:22 [Information] Version: 3.1.0.16476 (11/28/2024 09:09:22) (Line: 857)
11/28/2024 09:09:22 [Information] Stepper Motor Controller Application Settings Window Opened. (Line: 39)
11/28/2024 09:09:22 [Information] Stepper Motor Controller Application Settings form is rebuilt each and every time it is opened. (Line: 47)
11/28/2024 09:09:22 [Information] int: 0 AxisAbsolutePosition added to the Settings Form. (Line: 151)
11/28/2024 09:09:22 [Information] int: 9600 BaudRate added to the Settings Form. (Line: 151)
11/28/2024 09:09:22 [Information] bool: False ckbXaxisResetToZeroIsChecked added to the Settings Form. (Line: 218)
11/28/2024 09:09:22 [Information] bool: False ckbYaxisResetToZeroIsChecked added to the Settings Form. (Line: 218)
11/28/2024 09:09:22 [Information] bool: False ckbZaxisResetToZeroIsChecked added to the Settings Form. (Line: 218)
11/28/2024 09:09:22 [Information] COM1: ComPort added to the Settings Form. (Line: 484)
11/28/2024 09:09:22 [Information] COM2: ComPort added to the Settings Form. (Line: 484)
11/28/2024 09:09:22 [Information] COM3: ComPort added to the Settings Form. (Line: 484)
11/28/2024 09:09:22 [Information] COM4: ComPort added to the Settings Form. (Line: 484)
11/28/2024 09:09:22 [Information] COM5: ComPort added to the Settings Form. (Line: 484)
11/28/2024 09:09:22 [Information] COM6: ComPort added to the Settings Form. (Line: 484)
11/28/2024 09:09:22 [Information] COM7: ComPort added to the Settings Form. (Line: 484)
11/28/2024 09:09:22 [Information] COM8: ComPort added to the Settings Form. (Line: 484)
11/28/2024 09:09:22 [Information] COM9: ComPort added to the Settings Form. (Line: 484)
11/28/2024 09:09:22 [Information] COM10: ComPort added to the Settings Form. (Line: 484)
11/28/2024 09:09:22 [Information] decimal: 4.00 Divider4_00 added to the Settings Form. (Line: 271)
11/28/2024 09:09:22 [Information] decimal: 0.00 MathPart2Initlz added to the Settings Form. (Line: 271)
11/28/2024 09:09:22 [Information] decimal: 1.00 MilisecondTimerInterval added to the Settings Form. (Line: 271)
11/28/2024 09:09:22 [Information] decimal: 1000.00 MillisecondDelay added to the Settings Form. (Line: 271)
11/28/2024 09:09:22 [Information] int: 1000 Milliseconds added to the Settings Form. (Line: 151)
11/28/2024 09:09:22 [Information] int: 4 mmPerRevolution added to the Settings Form. (Line: 151)
11/28/2024 09:09:22 [Information] int: 200 stepsPerRevolution added to the Settings Form. (Line: 151)
11/28/2024 09:09:22 [Information] int: 2000 ThreadSleep added to the Settings Form. (Line: 151)
11/28/2024 09:09:22 [Information] decimal: 0.00 Value_0_00 added to the Settings Form. (Line: 271)
11/28/2024 09:09:22 [Information] decimal: 50.00 XaxisAcceleration added to the Settings Form. (Line: 271)
11/28/2024 09:09:22 [Information] bool: False XaxisChanged added to the Settings Form. (Line: 218)
11/28/2024 09:09:22 [Information] decimal: 400.00 XaxisMotorSpeed added to the Settings Form. (Line: 271)
11/28/2024 09:09:22 [Information] decimal: 0.00 XaxisStepperCurrent added to the Settings Form. (Line: 271)
11/28/2024 09:09:22 [Information] decimal: 0.00 XaxisStepperMove added to the Settings Form. (Line: 271)
11/28/2024 09:09:22 [Information] XCOM1: XComPort added to the Settings Form. (Line: 346)
11/28/2024 09:09:22 [Information] XCOM2: XComPort added to the Settings Form. (Line: 346)
11/28/2024 09:09:22 [Information] XCOM3: XComPort added to the Settings Form. (Line: 346)
11/28/2024 09:09:22 [Information] XCOM4: XComPort added to the Settings Form. (Line: 346)
11/28/2024 09:09:22 [Information] XCOM5: XComPort added to the Settings Form. (Line: 346)
11/28/2024 09:09:22 [Information] XCOM6: XComPort added to the Settings Form. (Line: 346)
11/28/2024 09:09:22 [Information] XCOM7: XComPort added to the Settings Form. (Line: 346)
11/28/2024 09:09:22 [Information] XCOM8: XComPort added to the Settings Form. (Line: 346)
11/28/2024 09:09:22 [Information] XCOM9: XComPort added to the Settings Form. (Line: 346)
11/28/2024 09:09:22 [Information] XCOM10: XComPort added to the Settings Form. (Line: 346)
11/28/2024 09:09:22 [Information] decimal: 50.00 YaxisAcceleration added to the Settings Form. (Line: 271)
11/28/2024 09:09:22 [Information] bool: False YaxisChanged added to the Settings Form. (Line: 218)
11/28/2024 09:09:22 [Information] decimal: 400.00 YaxisMotorSpeed added to the Settings Form. (Line: 271)
11/28/2024 09:09:22 [Information] decimal: 0.00 YaxisStepperCurrent added to the Settings Form. (Line: 271)
11/28/2024 09:09:22 [Information] decimal: 0.00 YaxisStepperMove added to the Settings Form. (Line: 271)
11/28/2024 09:09:22 [Information] YCOM1: YComPort added to the Settings Form. (Line: 392)
11/28/2024 09:09:22 [Information] YCOM2: YComPort added to the Settings Form. (Line: 392)
11/28/2024 09:09:22 [Information] YCOM3: YComPort added to the Settings Form. (Line: 392)
11/28/2024 09:09:22 [Information] YCOM4: YComPort added to the Settings Form. (Line: 392)
11/28/2024 09:09:22 [Information] YCOM5: YComPort added to the Settings Form. (Line: 392)
11/28/2024 09:09:22 [Information] YCOM6: YComPort added to the Settings Form. (Line: 392)
11/28/2024 09:09:22 [Information] YCOM7: YComPort added to the Settings Form. (Line: 392)
11/28/2024 09:09:22 [Information] YCOM8: YComPort added to the Settings Form. (Line: 392)
11/28/2024 09:09:22 [Information] YCOM9: YComPort added to the Settings Form. (Line: 392)
11/28/2024 09:09:22 [Information] YCOM10: YComPort added to the Settings Form. (Line: 392)
11/28/2024 09:09:22 [Information] decimal: 50.00 ZaxisAcceleration added to the Settings Form. (Line: 271)
11/28/2024 09:09:22 [Information] bool: False ZaxisChanged added to the Settings Form. (Line: 218)
11/28/2024 09:09:22 [Information] decimal: 400.00 ZaxisMotorSpeed added to the Settings Form. (Line: 271)
11/28/2024 09:09:22 [Information] decimal: 0.00 ZaxisStepperCurrent added to the Settings Form. (Line: 271)
11/28/2024 09:09:22 [Information] decimal: 0.00 ZaxisStepperMove added to the Settings Form. (Line: 271)
11/28/2024 09:09:22 [Information] ZCOM1: ZComPort added to the Settings Form. (Line: 438)
11/28/2024 09:09:22 [Information] ZCOM2: ZComPort added to the Settings Form. (Line: 438)
11/28/2024 09:09:22 [Information] ZCOM3: ZComPort added to the Settings Form. (Line: 438)
11/28/2024 09:09:22 [Information] ZCOM4: ZComPort added to the Settings Form. (Line: 438)
11/28/2024 09:09:22 [Information] ZCOM5: ZComPort added to the Settings Form. (Line: 438)
11/28/2024 09:09:22 [Information] ZCOM6: ZComPort added to the Settings Form. (Line: 438)
11/28/2024 09:09:22 [Information] ZCOM7: ZComPort added to the Settings Form. (Line: 438)
11/28/2024 09:09:22 [Information] ZCOM8: ZComPort added to the Settings Form. (Line: 438)
11/28/2024 09:09:22 [Information] ZCOM9: ZComPort added to the Settings Form. (Line: 438)
11/28/2024 09:09:22 [Information] ZCOM10: ZComPort added to the Settings Form. (Line: 438)
11/28/2024 09:09:22 [Information] int: 0 zeroXaxis added to the Settings Form. (Line: 151)
11/28/2024 09:09:22 [Information] int: 0 zeroYaxis added to the Settings Form. (Line: 151)
11/28/2024 09:09:22 [Information] int: 0 zeroZaxis added to the Settings Form. (Line: 151)
11/28/2024 09:09:22 [Information] NewSettingsWindow updated to Stepper.StepperAppSettings (Line: 56)
11/28/2024 09:09:23 [Information] Stepper Motor Controller MainWindow loaded (Line: 2193)
11/28/2024 09:09:23 [Information] Set MainWindow Media Brushes to White. (Line: 2203)
11/28/2024 09:09:36 [Information] txtZaxisStepperMove Axis mouse controlled Keypad returned: 16.00 (Line: 2031)
11/28/2024 09:09:37 [Information] Z Axis Run button clicked: (Line: 1559)
11/28/2024 09:09:37 [Information] Z Axis MotorMovementSeconds for <= 400.00 RPM: 2.40 (Line: 1795)
11/28/2024 09:09:37 [Information] TargetEndTime updated to 11/28/2024 09:09:39 (Line: 126)
11/28/2024 09:09:37 [Information] Target EndTime changed. (Line: 1015)
11/28/2024 09:09:37 [Information] Z Axis Run Event: Z,0.00,400.00,0,0.00,400.00,0,16.00,400.00,0 (Line: 1720)
11/28/2024 09:09:38 [Information] ObjSender updated to System.IO.Ports.SerialPort (Line: 730)
11/28/2024 09:09:47 [Information] LimitSwitchPressed updated to True (Line: 96)
11/28/2024 09:09:47 [Information] line.Contains: Z Axis reached target position Current Position: (Line: 1425)
11/28/2024 09:09:47 [Information] Axis: Z, isClockwise = True, distanceInMM = 16 (Line: 1453)
11/28/2024 09:09:49 [Information] ZAxisAbsolutePosition updated to 16 (Line: 691)
11/28/2024 09:09:49 [Information] Z Axis Absolute Position changed. (Line: 949)
11/28/2024 09:09:49 [Information] Limit Switch Pressed. (Line: 970)
11/28/2024 09:09:49 [Information] ZAxisAbsolutePosition: 16 += NewPosition: 16 (Line: 1484)
11/28/2024 09:09:50 [Information] LimitSwitchPressed updated to False (Line: 96)
11/28/2024 09:09:50 [Information] LimitSwitchUpdateCompleted updated to True (Line: 747)
11/28/2024 09:09:50 [Information] Z Axis Motor Current Position: 16
11/28/2024 09:09:50 [Information] Z Axis reached target position Current Position: 800 (Line: 1434)
11/28/2024 09:09:54 [Information] Stepper Motor Controller MainWindow Closing. (Line: 2214)
11/28/2024 09:09:54 [Information] Properties Settings Saved. (Line: 2223)
11/28/2024 09:09:54 [Information] Properties Settings Form Closed. (Line: 2229)
11/28/2024 09:09:54 [Information] Stepper Motor Controller Form Closed. (Line: 2232)
