12/3/2024 09:12:27 [Information] Logger updated to Microsoft.Extensions.Logging.Logger`1[Stepper.MainWindow] (Line: 239)
12/3/2024 09:12:27 [Information] Stepper Motor Controller Application Started. (Line: 975)
12/3/2024 09:12:27 [Information] Version: 3.0.9103.16568 (12/3/2024 09:12:27) (Line: 979)
12/3/2024 09:12:27 [Information] Initializing Serial Ports. (Line: 804)
12/3/2024 09:12:27 [Error] I/O error occurred while opening the port COM7. (Line: 867)
12/3/2024 09:12:27 [Error] I/O error occurred while opening the port COM8. (Line: 867)
12/3/2024 09:12:28 [Information] SerialPort COM10 opened successfully. (Line: 850)
12/3/2024 09:12:28 [Information] CountdownTimer updated to System.Windows.Threading.DispatcherTimer (Line: 62)
12/3/2024 09:12:28 [Information] Stepper Motor Controller Application Started. (Line: 557)
12/3/2024 09:12:28 [Information] Version: 3.0.9103.16568 (12/3/2024 09:12:28) (Line: 561)
12/3/2024 09:12:28 [Information] Version: 3.1.0.16569 (12/3/2024 09:12:28) (Line: 637)
12/3/2024 09:12:28 [Information] Element AssemblyVersion not found in the provided XML document. (Line: 796)
12/3/2024 09:12:28 [Information] Element FileVersion not found in the provided XML document. (Line: 796)
12/3/2024 09:12:28 [Information] Version: 3.1.0.16569 (12/3/2024 09:12:28) (Line: 645)
12/3/2024 09:12:28 [Information] Stepper Motor Controller Application Settings Window Opened. (Line: 39)
12/3/2024 09:12:28 [Information] Stepper Motor Controller Application Settings form is rebuilt each and every time it is opened. (Line: 47)
12/3/2024 09:12:28 [Information] int: 0 AxisAbsolutePosition added to the Settings Form. (Line: 151)
12/3/2024 09:12:28 [Information] int: 9600 BaudRate added to the Settings Form. (Line: 151)
12/3/2024 09:12:28 [Information] bool: False ckbXaxisResetToZeroIsChecked added to the Settings Form. (Line: 218)
12/3/2024 09:12:28 [Information] bool: False ckbYaxisResetToZeroIsChecked added to the Settings Form. (Line: 218)
12/3/2024 09:12:28 [Information] bool: False ckbZaxisResetToZeroIsChecked added to the Settings Form. (Line: 218)
12/3/2024 09:12:28 [Information] COM1: ComPort added to the Settings Form. (Line: 484)
12/3/2024 09:12:28 [Information] COM2: ComPort added to the Settings Form. (Line: 484)
12/3/2024 09:12:28 [Information] COM3: ComPort added to the Settings Form. (Line: 484)
12/3/2024 09:12:28 [Information] COM4: ComPort added to the Settings Form. (Line: 484)
12/3/2024 09:12:28 [Information] COM5: ComPort added to the Settings Form. (Line: 484)
12/3/2024 09:12:28 [Information] COM6: ComPort added to the Settings Form. (Line: 484)
12/3/2024 09:12:28 [Information] COM7: ComPort added to the Settings Form. (Line: 484)
12/3/2024 09:12:28 [Information] COM8: ComPort added to the Settings Form. (Line: 484)
12/3/2024 09:12:28 [Information] COM9: ComPort added to the Settings Form. (Line: 484)
12/3/2024 09:12:28 [Information] COM10: ComPort added to the Settings Form. (Line: 484)
12/3/2024 09:12:28 [Information] decimal: 4.00 Divider4_00 added to the Settings Form. (Line: 271)
12/3/2024 09:12:28 [Information] decimal: 0.00 MathPart2Initlz added to the Settings Form. (Line: 271)
12/3/2024 09:12:28 [Information] decimal: 1.00 MilisecondTimerInterval added to the Settings Form. (Line: 271)
12/3/2024 09:12:28 [Information] decimal: 1000.00 MillisecondDelay added to the Settings Form. (Line: 271)
12/3/2024 09:12:28 [Information] int: 1000 Milliseconds added to the Settings Form. (Line: 151)
12/3/2024 09:12:28 [Information] int: 4 mmPerRevolution added to the Settings Form. (Line: 151)
12/3/2024 09:12:28 [Information] int: 200 stepsPerRevolution added to the Settings Form. (Line: 151)
12/3/2024 09:12:28 [Information] int: 2000 ThreadSleep added to the Settings Form. (Line: 151)
12/3/2024 09:12:28 [Information] decimal: 0.00 Value_0_00 added to the Settings Form. (Line: 271)
12/3/2024 09:12:28 [Information] decimal: 50.00 XaxisAcceleration added to the Settings Form. (Line: 271)
12/3/2024 09:12:28 [Information] bool: False XaxisChanged added to the Settings Form. (Line: 218)
12/3/2024 09:12:28 [Information] decimal: 400.00 XaxisMotorSpeed added to the Settings Form. (Line: 271)
12/3/2024 09:12:28 [Information] decimal: 0.00 XaxisStepperCurrent added to the Settings Form. (Line: 271)
12/3/2024 09:12:28 [Information] decimal: 0.00 XaxisStepperMove added to the Settings Form. (Line: 271)
12/3/2024 09:12:28 [Information] XCOM1: XComPort added to the Settings Form. (Line: 346)
12/3/2024 09:12:28 [Information] XCOM2: XComPort added to the Settings Form. (Line: 346)
12/3/2024 09:12:28 [Information] XCOM3: XComPort added to the Settings Form. (Line: 346)
12/3/2024 09:12:28 [Information] XCOM4: XComPort added to the Settings Form. (Line: 346)
12/3/2024 09:12:28 [Information] XCOM5: XComPort added to the Settings Form. (Line: 346)
12/3/2024 09:12:28 [Information] XCOM6: XComPort added to the Settings Form. (Line: 346)
12/3/2024 09:12:28 [Information] XCOM7: XComPort added to the Settings Form. (Line: 346)
12/3/2024 09:12:28 [Information] XCOM8: XComPort added to the Settings Form. (Line: 346)
12/3/2024 09:12:28 [Information] XCOM9: XComPort added to the Settings Form. (Line: 346)
12/3/2024 09:12:28 [Information] XCOM10: XComPort added to the Settings Form. (Line: 346)
12/3/2024 09:12:28 [Information] decimal: 50.00 YaxisAcceleration added to the Settings Form. (Line: 271)
12/3/2024 09:12:28 [Information] bool: False YaxisChanged added to the Settings Form. (Line: 218)
12/3/2024 09:12:28 [Information] decimal: 400.00 YaxisMotorSpeed added to the Settings Form. (Line: 271)
12/3/2024 09:12:28 [Information] decimal: 0.00 YaxisStepperCurrent added to the Settings Form. (Line: 271)
12/3/2024 09:12:28 [Information] decimal: 0.00 YaxisStepperMove added to the Settings Form. (Line: 271)
12/3/2024 09:12:28 [Information] YCOM1: YComPort added to the Settings Form. (Line: 392)
12/3/2024 09:12:28 [Information] YCOM2: YComPort added to the Settings Form. (Line: 392)
12/3/2024 09:12:28 [Information] YCOM3: YComPort added to the Settings Form. (Line: 392)
12/3/2024 09:12:28 [Information] YCOM4: YComPort added to the Settings Form. (Line: 392)
12/3/2024 09:12:28 [Information] YCOM5: YComPort added to the Settings Form. (Line: 392)
12/3/2024 09:12:28 [Information] YCOM6: YComPort added to the Settings Form. (Line: 392)
12/3/2024 09:12:28 [Information] YCOM7: YComPort added to the Settings Form. (Line: 392)
12/3/2024 09:12:28 [Information] YCOM8: YComPort added to the Settings Form. (Line: 392)
12/3/2024 09:12:28 [Information] YCOM9: YComPort added to the Settings Form. (Line: 392)
12/3/2024 09:12:28 [Information] YCOM10: YComPort added to the Settings Form. (Line: 392)
12/3/2024 09:12:28 [Information] decimal: 50.00 ZaxisAcceleration added to the Settings Form. (Line: 271)
12/3/2024 09:12:28 [Information] bool: False ZaxisChanged added to the Settings Form. (Line: 218)
12/3/2024 09:12:28 [Information] decimal: 400.00 ZaxisMotorSpeed added to the Settings Form. (Line: 271)
12/3/2024 09:12:28 [Information] decimal: 0.00 ZaxisStepperCurrent added to the Settings Form. (Line: 271)
12/3/2024 09:12:28 [Information] decimal: 0.00 ZaxisStepperMove added to the Settings Form. (Line: 271)
12/3/2024 09:12:28 [Information] ZCOM1: ZComPort added to the Settings Form. (Line: 438)
12/3/2024 09:12:28 [Information] ZCOM2: ZComPort added to the Settings Form. (Line: 438)
12/3/2024 09:12:28 [Information] ZCOM3: ZComPort added to the Settings Form. (Line: 438)
12/3/2024 09:12:28 [Information] ZCOM4: ZComPort added to the Settings Form. (Line: 438)
12/3/2024 09:12:28 [Information] ZCOM5: ZComPort added to the Settings Form. (Line: 438)
12/3/2024 09:12:28 [Information] ZCOM6: ZComPort added to the Settings Form. (Line: 438)
12/3/2024 09:12:28 [Information] ZCOM7: ZComPort added to the Settings Form. (Line: 438)
12/3/2024 09:12:28 [Information] ZCOM8: ZComPort added to the Settings Form. (Line: 438)
12/3/2024 09:12:28 [Information] ZCOM9: ZComPort added to the Settings Form. (Line: 438)
12/3/2024 09:12:28 [Information] ZCOM10: ZComPort added to the Settings Form. (Line: 438)
12/3/2024 09:12:28 [Information] int: 0 zeroXaxis added to the Settings Form. (Line: 151)
12/3/2024 09:12:28 [Information] int: 0 zeroYaxis added to the Settings Form. (Line: 151)
12/3/2024 09:12:28 [Information] int: 0 zeroZaxis added to the Settings Form. (Line: 151)
12/3/2024 09:12:28 [Information] NewSettingsWindow updated to Stepper.StepperAppSettings (Line: 49)
12/3/2024 09:12:29 [Information] Stepper Motor Controller MainWindow loaded (Line: 2077)
12/3/2024 09:12:29 [Information] Set MainWindow Media Brushes to White. (Line: 2087)
12/3/2024 09:12:38 [Information] txtZaxisStepperMove Axis mouse controlled Keypad returned: 32.00 (Line: 1915)
12/3/2024 09:12:39 [Information] Z Axis Run button clicked: (Line: 1377)
12/3/2024 09:12:39 [Information] Z Axis MotorMovementSeconds for <= 400.00 RPM: 4.80 (Line: 1635)
12/3/2024 09:12:39 [Information] TargetEndTime updated to 12/3/2024 09:12:44 (Line: 101)
12/3/2024 09:12:39 [Information] Z Axis Run Event: Z,0.00,400.00,0,0.00,400.00,0,32.00,400.00,0 (Line: 1560)
12/3/2024 09:12:44 [Information] Stepper Motor Countdown: Completed (Line: 1016)
12/3/2024 09:12:45 [Information] ZAxisTargetReached updated to True (Line: 476)
12/3/2024 09:12:45 [Information] Z Axis Target Reached changed. (Line: 708)
12/3/2024 09:12:45 [Information] ZAxisAbsolutePosition updated to 32 (Line: 512)
12/3/2024 09:12:45 [Information] Z Axis Absolute Position changed. (Line: 770)
12/3/2024 09:12:45 [Information] Z Axis Position: 32. (Line: 752)
12/3/2024 09:12:45 [Information] Axis Z reached target position Current Position: (Line: 1219)
12/3/2024 09:12:56 [Information] ZAxisTargetReached updated to False (Line: 476)
12/3/2024 09:12:56 [Information] Z Axis Run button clicked: (Line: 1377)
12/3/2024 09:12:56 [Information] Z Axis MotorMovementSeconds for <= 400.00 RPM: 4.80 (Line: 1635)
12/3/2024 09:12:56 [Information] TargetEndTime updated to 12/3/2024 09:13:01 (Line: 101)
12/3/2024 09:12:56 [Information] Z Axis Run Event: Z,0.00,400.00,0,0.00,400.00,0,32.00,400.00,0 (Line: 1560)
12/3/2024 09:12:59 [Information] LimitSwitchCWPressed updated to True (Line: 75)
12/3/2024 09:12:59 [Information] ZAxisTargetReached updated to True (Line: 476)
12/3/2024 09:12:59 [Information] Z Axis Target Reached changed. (Line: 708)
12/3/2024 09:12:59 [Information] Z Axis LimitSwitchPressed. (Line: 714)
12/3/2024 09:12:59 [Information] Z Axis Absolute Position: 32. (Line: 717)
12/3/2024 09:12:59 [Information] ZAxisAbsolutePosition updated to 28.02 (Line: 512)
12/3/2024 09:12:59 [Information] Z Axis Absolute Position changed. (Line: 770)
12/3/2024 09:12:59 [Information] Z Axis New Position: -3.98. (Line: 719)
12/3/2024 09:12:59 [Information] Z Axis Position: 28.02. (Line: 721)
12/3/2024 09:12:59 [Information] LimitSwitchCWPressed updated to False (Line: 75)
12/3/2024 09:12:59 [Information] CW Limit Switch Activated! (Line: 1195)
12/3/2024 09:13:01 [Information] Stepper Motor Countdown: Completed (Line: 1016)
12/3/2024 09:13:13 [Information] ZAxisTargetReached updated to False (Line: 476)
12/3/2024 09:13:13 [Information] Z Axis Run button clicked: (Line: 1377)
12/3/2024 09:13:13 [Information] Z Axis MotorMovementSeconds for <= 400.00 RPM: 4.80 (Line: 1635)
12/3/2024 09:13:13 [Information] TargetEndTime updated to 12/3/2024 09:13:18 (Line: 101)
12/3/2024 09:13:13 [Information] Z Axis Run Event: Z,0.00,400.00,0,0.00,400.00,0,32.00,400.00,0 (Line: 1560)
12/3/2024 09:13:16 [Information] LimitSwitchCCWPressed updated to True (Line: 88)
12/3/2024 09:13:16 [Information] ZAxisTargetReached updated to True (Line: 476)
12/3/2024 09:13:16 [Information] Z Axis Target Reached changed. (Line: 708)
12/3/2024 09:13:16 [Information] Z Axis LimitSwitchPressed. (Line: 729)
12/3/2024 09:13:16 [Information] Z Axis Absolute Position: 28.02. (Line: 732)
12/3/2024 09:13:16 [Information] ZAxisAbsolutePosition updated to 32.82 (Line: 512)
12/3/2024 09:13:16 [Information] Z Axis Absolute Position changed. (Line: 770)
12/3/2024 09:13:16 [Information] Z Axis New Position: 4.8. (Line: 734)
12/3/2024 09:13:16 [Information] Z Axis Position: 32.82. (Line: 736)
12/3/2024 09:13:16 [Information] LimitSwitchCCWPressed updated to False (Line: 88)
12/3/2024 09:13:16 [Information] CCW Limit Switch Activated! (Line: 1203)
12/3/2024 09:13:18 [Information] Stepper Motor Countdown: Completed (Line: 1016)
12/3/2024 09:13:22 [Information] ZAxisTargetReached updated to False (Line: 476)
12/3/2024 09:13:22 [Information] Z Axis Run button clicked: (Line: 1377)
12/3/2024 09:13:22 [Information] Z Axis MotorMovementSeconds for <= 400.00 RPM: 4.80 (Line: 1635)
12/3/2024 09:13:22 [Information] TargetEndTime updated to 12/3/2024 09:13:27 (Line: 101)
12/3/2024 09:13:22 [Information] Z Axis Run Event: Z,0.00,400.00,0,0.00,400.00,0,32.00,400.00,0 (Line: 1560)
12/3/2024 09:13:25 [Information] LimitSwitchCCWPressed updated to True (Line: 88)
12/3/2024 09:13:25 [Information] ZAxisTargetReached updated to True (Line: 476)
12/3/2024 09:13:25 [Information] Z Axis Target Reached changed. (Line: 708)
12/3/2024 09:13:25 [Information] Z Axis LimitSwitchPressed. (Line: 729)
12/3/2024 09:13:25 [Information] Z Axis Absolute Position: 32.82. (Line: 732)
12/3/2024 09:13:25 [Information] ZAxisAbsolutePosition updated to 35.78 (Line: 512)
12/3/2024 09:13:25 [Information] Z Axis Absolute Position changed. (Line: 770)
12/3/2024 09:13:25 [Information] Z Axis New Position: 2.96. (Line: 734)
12/3/2024 09:13:25 [Information] Z Axis Position: 35.78. (Line: 736)
12/3/2024 09:13:25 [Information] LimitSwitchCCWPressed updated to False (Line: 88)
12/3/2024 09:13:25 [Information] CCW Limit Switch Activated! (Line: 1203)
12/3/2024 09:13:27 [Information] Stepper Motor Countdown: Completed (Line: 1016)
12/3/2024 09:13:32 [Information] ZAxisTargetReached updated to False (Line: 476)
12/3/2024 09:13:32 [Information] Z Axis Run button clicked: (Line: 1377)
12/3/2024 09:13:32 [Information] Z Axis MotorMovementSeconds for <= 400.00 RPM: 4.80 (Line: 1635)
12/3/2024 09:13:32 [Information] TargetEndTime updated to 12/3/2024 09:13:37 (Line: 101)
12/3/2024 09:13:32 [Information] Z Axis Run Event: Z,0.00,400.00,0,0.00,400.00,0,32.00,400.00,0 (Line: 1560)
12/3/2024 09:13:37 [Information] Stepper Motor Countdown: Completed (Line: 1016)
12/3/2024 09:13:39 [Information] LimitSwitchCCWPressed updated to True (Line: 88)
12/3/2024 09:13:39 [Information] ZAxisTargetReached updated to True (Line: 476)
12/3/2024 09:13:39 [Information] Z Axis Target Reached changed. (Line: 708)
12/3/2024 09:13:39 [Information] Z Axis LimitSwitchPressed. (Line: 729)
12/3/2024 09:13:39 [Information] Z Axis Absolute Position: 35.78. (Line: 732)
12/3/2024 09:13:39 [Information] ZAxisAbsolutePosition updated to 35.78 (Line: 512)
12/3/2024 09:13:39 [Information] Z Axis Absolute Position changed. (Line: 770)
12/3/2024 09:13:39 [Information] Z Axis New Position: 0. (Line: 734)
12/3/2024 09:13:39 [Information] Z Axis Position: 35.78. (Line: 736)
12/3/2024 09:13:39 [Information] LimitSwitchCCWPressed updated to False (Line: 88)
12/3/2024 09:13:39 [Information] CCW Limit Switch Activated! (Line: 1203)
12/3/2024 09:13:47 [Information] ZAxisTargetReached updated to False (Line: 476)
12/3/2024 09:13:47 [Information] Z Axis Run button clicked: (Line: 1377)
12/3/2024 09:13:47 [Information] Z Axis MotorMovementSeconds for <= 400.00 RPM: 4.80 (Line: 1635)
12/3/2024 09:13:47 [Information] TargetEndTime updated to 12/3/2024 09:13:52 (Line: 101)
12/3/2024 09:13:47 [Information] Z Axis Run Event: Z,0.00,400.00,0,0.00,400.00,0,32.00,400.00,0 (Line: 1560)
12/3/2024 09:13:52 [Information] Stepper Motor Countdown: Completed (Line: 1016)
12/3/2024 09:13:52 [Information] ZAxisTargetReached updated to True (Line: 476)
12/3/2024 09:13:52 [Information] Z Axis Target Reached changed. (Line: 708)
12/3/2024 09:13:52 [Information] ZAxisAbsolutePosition updated to 67.78 (Line: 512)
12/3/2024 09:13:52 [Information] Z Axis Absolute Position changed. (Line: 770)
12/3/2024 09:13:52 [Information] Z Axis Position: 67.78. (Line: 752)
12/3/2024 09:13:52 [Information] Axis Z reached target position Current Position: (Line: 1219)
12/3/2024 09:14:04 [Information] ZaxisStepperMoveTemp updated to 32.00 (Line: 226)
12/3/2024 09:14:09 [Information] txtZaxisStepperMove Axis mouse controlled Keypad returned: -32.00 (Line: 1915)
12/3/2024 09:14:12 [Information] ZAxisTargetReached updated to False (Line: 476)
12/3/2024 09:14:12 [Information] Z Axis Run button clicked: (Line: 1377)
12/3/2024 09:14:12 [Information] Z Axis MotorMovementSeconds for <= 400.00 RPM: 4.80 (Line: 1635)
12/3/2024 09:14:12 [Information] TargetEndTime updated to 12/3/2024 09:14:17 (Line: 101)
12/3/2024 09:14:12 [Information] Z Axis Run Event: Z,0.00,400.00,0,0.00,400.00,0,-32.00,400.00,0 (Line: 1560)
12/3/2024 09:14:17 [Information] Stepper Motor Countdown: Completed (Line: 1016)
12/3/2024 09:14:17 [Information] ZAxisTargetReached updated to True (Line: 476)
12/3/2024 09:14:17 [Information] Z Axis Target Reached changed. (Line: 708)
12/3/2024 09:14:17 [Information] ZAxisAbsolutePosition updated to 35.78 (Line: 512)
12/3/2024 09:14:17 [Information] Z Axis Absolute Position changed. (Line: 770)
12/3/2024 09:14:17 [Information] Z Axis Position: 35.78. (Line: 752)
12/3/2024 09:14:17 [Information] Axis Z reached target position Current Position: (Line: 1219)
12/3/2024 09:14:22 [Information] ZAxisTargetReached updated to False (Line: 476)
12/3/2024 09:14:22 [Information] Z Axis Run button clicked: (Line: 1377)
12/3/2024 09:14:22 [Information] Z Axis MotorMovementSeconds for <= 400.00 RPM: 4.80 (Line: 1635)
12/3/2024 09:14:22 [Information] TargetEndTime updated to 12/3/2024 09:14:27 (Line: 101)
12/3/2024 09:14:22 [Information] Z Axis Run Event: Z,0.00,400.00,0,0.00,400.00,0,-32.00,400.00,0 (Line: 1560)
12/3/2024 09:14:27 [Information] LimitSwitchCWPressed updated to True (Line: 75)
12/3/2024 09:14:27 [Information] ZAxisTargetReached updated to True (Line: 476)
12/3/2024 09:14:27 [Information] Z Axis Target Reached changed. (Line: 708)
12/3/2024 09:14:27 [Information] Z Axis LimitSwitchPressed. (Line: 714)
12/3/2024 09:14:27 [Information] Z Axis Absolute Position: 35.78. (Line: 717)
12/3/2024 09:14:27 [Information] ZAxisAbsolutePosition updated to 42.719997 (Line: 512)
12/3/2024 09:14:27 [Information] Z Axis Absolute Position changed. (Line: 770)
12/3/2024 09:14:27 [Information] Z Axis New Position: 6.94. (Line: 719)
12/3/2024 09:14:27 [Information] Z Axis Position: 42.719997. (Line: 721)
12/3/2024 09:14:27 [Information] LimitSwitchCWPressed updated to False (Line: 75)
12/3/2024 09:14:27 [Information] CW Limit Switch Activated! (Line: 1195)
12/3/2024 09:14:28 [Information] Stepper Motor Countdown: Completed (Line: 1016)
12/3/2024 09:14:39 [Information] ZAxisTargetReached updated to False (Line: 476)
12/3/2024 09:14:39 [Information] Z Axis Run button clicked: (Line: 1377)
12/3/2024 09:14:39 [Information] Z Axis MotorMovementSeconds for <= 400.00 RPM: 4.80 (Line: 1635)
12/3/2024 09:14:39 [Information] TargetEndTime updated to 12/3/2024 09:14:44 (Line: 101)
12/3/2024 09:14:39 [Information] Z Axis Run Event: Z,0.00,400.00,0,0.00,400.00,0,-32.00,400.00,0 (Line: 1560)
12/3/2024 09:14:42 [Information] LimitSwitchCCWPressed updated to True (Line: 88)
12/3/2024 09:14:42 [Information] ZAxisTargetReached updated to True (Line: 476)
12/3/2024 09:14:42 [Information] Z Axis Target Reached changed. (Line: 708)
12/3/2024 09:14:42 [Information] Z Axis LimitSwitchPressed. (Line: 729)
12/3/2024 09:14:43 [Information] Z Axis Absolute Position: 42.719997. (Line: 732)
12/3/2024 09:14:43 [Information] ZAxisAbsolutePosition updated to 28.959997 (Line: 512)
12/3/2024 09:14:43 [Information] Z Axis Absolute Position changed. (Line: 770)
12/3/2024 09:14:43 [Information] Z Axis New Position: -13.76. (Line: 734)
12/3/2024 09:14:43 [Information] Z Axis Position: 28.959997. (Line: 736)
12/3/2024 09:14:43 [Information] LimitSwitchCCWPressed updated to False (Line: 88)
12/3/2024 09:14:43 [Information] CCW Limit Switch Activated! (Line: 1203)
12/3/2024 09:14:45 [Information] Stepper Motor Countdown: Completed (Line: 1016)
12/3/2024 09:14:48 [Information] ZAxisTargetReached updated to False (Line: 476)
12/3/2024 09:14:48 [Information] Z Axis Run button clicked: (Line: 1377)
12/3/2024 09:14:48 [Information] Z Axis MotorMovementSeconds for <= 400.00 RPM: 4.80 (Line: 1635)
12/3/2024 09:14:48 [Information] TargetEndTime updated to 12/3/2024 09:14:53 (Line: 101)
12/3/2024 09:14:48 [Information] Z Axis Run Event: Z,0.00,400.00,0,0.00,400.00,0,-32.00,400.00,0 (Line: 1560)
12/3/2024 09:14:50 [Information] LimitSwitchCCWPressed updated to True (Line: 88)
12/3/2024 09:14:50 [Information] ZAxisTargetReached updated to True (Line: 476)
12/3/2024 09:14:50 [Information] Z Axis Target Reached changed. (Line: 708)
12/3/2024 09:14:50 [Information] Z Axis LimitSwitchPressed. (Line: 729)
12/3/2024 09:14:50 [Information] Z Axis Absolute Position: 28.959997. (Line: 732)
12/3/2024 09:14:50 [Information] ZAxisAbsolutePosition updated to 28.959997 (Line: 512)
12/3/2024 09:14:50 [Information] Z Axis Absolute Position changed. (Line: 770)
12/3/2024 09:14:50 [Information] Z Axis New Position: 0. (Line: 734)
12/3/2024 09:14:50 [Information] Z Axis Position: 28.959997. (Line: 736)
12/3/2024 09:14:50 [Information] LimitSwitchCCWPressed updated to False (Line: 88)
12/3/2024 09:14:50 [Information] CCW Limit Switch Activated! (Line: 1203)
12/3/2024 09:14:53 [Information] Stepper Motor Countdown: Completed (Line: 1016)
12/3/2024 09:14:56 [Information] ZAxisTargetReached updated to False (Line: 476)
12/3/2024 09:14:56 [Information] Z Axis Run button clicked: (Line: 1377)
12/3/2024 09:14:56 [Information] Z Axis MotorMovementSeconds for <= 400.00 RPM: 4.80 (Line: 1635)
12/3/2024 09:14:56 [Information] TargetEndTime updated to 12/3/2024 09:15:01 (Line: 101)
12/3/2024 09:14:56 [Information] Z Axis Run Event: Z,0.00,400.00,0,0.00,400.00,0,-32.00,400.00,0 (Line: 1560)
12/3/2024 09:15:01 [Information] LimitSwitchCCWPressed updated to True (Line: 88)
12/3/2024 09:15:01 [Information] ZAxisTargetReached updated to True (Line: 476)
12/3/2024 09:15:01 [Information] Z Axis Target Reached changed. (Line: 708)
12/3/2024 09:15:01 [Information] Z Axis LimitSwitchPressed. (Line: 729)
12/3/2024 09:15:01 [Information] Z Axis Absolute Position: 28.959997. (Line: 732)
12/3/2024 09:15:01 [Information] ZAxisAbsolutePosition updated to 23.199997 (Line: 512)
12/3/2024 09:15:01 [Information] Z Axis Absolute Position changed. (Line: 770)
12/3/2024 09:15:01 [Information] Z Axis New Position: -5.76. (Line: 734)
12/3/2024 09:15:01 [Information] Z Axis Position: 23.199997. (Line: 736)
12/3/2024 09:15:01 [Information] LimitSwitchCCWPressed updated to False (Line: 88)
12/3/2024 09:15:01 [Information] CCW Limit Switch Activated! (Line: 1203)
12/3/2024 09:15:01 [Information] Stepper Motor Countdown: Completed (Line: 1016)
12/3/2024 09:15:07 [Information] Stepper Motor Controller MainWindow Closing. (Line: 2098)
12/3/2024 09:15:07 [Information] Properties Settings Saved. (Line: 2107)
12/3/2024 09:15:07 [Information] Properties Settings Form Closed. (Line: 2113)
12/3/2024 09:15:07 [Information] Stepper Motor Controller Form Closed. (Line: 2116)
