11/24/2024 14:28:46 [Information] Stepper Motor Controller Application Started. (Line: 669)
11/24/2024 14:28:46 [Information] Version: 3.0.9094.26059 (11/24/2024 14:28:46) (Line: 673)
11/24/2024 14:28:46 [Information] Initializing Serial Ports. (Line: 498)
11/24/2024 14:28:47 [Error] I/O error occurred while opening the port COM7. (Line: 561)
11/24/2024 14:28:48 [Error] I/O error occurred while opening the port COM8. (Line: 561)
11/24/2024 14:28:49 [Information] SerialPort COM10 opened successfully. (Line: 544)
11/24/2024 14:28:49 [Information] SerialPort COM10 read 1 bytes. (Line: 549)
11/24/2024 14:28:49 [Information] Stepper Motor Controller Application Started. (Line: 300)
11/24/2024 14:28:49 [Information] Version: 3.0.9094.26059 (11/24/2024 14:28:49) (Line: 304)
11/24/2024 14:28:49 [Information] Version: 3.1.0.26060 (11/24/2024 14:28:49) (Line: 379)
11/24/2024 14:28:49 [Information] Element AssemblyVersion not found in the provided XML document. (Line: 490)
11/24/2024 14:28:49 [Information] Element FileVersion not found in the provided XML document. (Line: 490)
11/24/2024 14:28:49 [Information] Version: 3.1.0.26060 (11/24/2024 14:28:49) (Line: 387)
11/24/2024 14:28:49 [Information] Stepper Motor Controller Application Settings Window Opened. (Line: 39)
11/24/2024 14:28:49 [Information] Stepper Motor Controller Application Settings form is rebuilt each and every time it is opened. (Line: 47)
11/24/2024 14:28:49 [Information] int: 9600 BaudRate added to the Settings Form. (Line: 151)
11/24/2024 14:28:49 [Information] bool: False ckbXaxisResetToZeroIsChecked added to the Settings Form. (Line: 218)
11/24/2024 14:28:49 [Information] bool: False ckbYaxisResetToZeroIsChecked added to the Settings Form. (Line: 218)
11/24/2024 14:28:49 [Information] bool: False ckbZaxisResetToZeroIsChecked added to the Settings Form. (Line: 218)
11/24/2024 14:28:49 [Information] COM1: ComPort added to the Settings Form. (Line: 484)
11/24/2024 14:28:49 [Information] COM2: ComPort added to the Settings Form. (Line: 484)
11/24/2024 14:28:49 [Information] COM3: ComPort added to the Settings Form. (Line: 484)
11/24/2024 14:28:49 [Information] COM4: ComPort added to the Settings Form. (Line: 484)
11/24/2024 14:28:49 [Information] COM5: ComPort added to the Settings Form. (Line: 484)
11/24/2024 14:28:49 [Information] COM6: ComPort added to the Settings Form. (Line: 484)
11/24/2024 14:28:49 [Information] COM7: ComPort added to the Settings Form. (Line: 484)
11/24/2024 14:28:49 [Information] COM8: ComPort added to the Settings Form. (Line: 484)
11/24/2024 14:28:49 [Information] COM9: ComPort added to the Settings Form. (Line: 484)
11/24/2024 14:28:49 [Information] COM10: ComPort added to the Settings Form. (Line: 484)
11/24/2024 14:28:49 [Information] decimal: 4.00 Divider4_00 added to the Settings Form. (Line: 271)
11/24/2024 14:28:49 [Information] decimal: 0.00 MathPart2Initlz added to the Settings Form. (Line: 271)
11/24/2024 14:28:49 [Information] decimal: 1.00 MilisecondTimerInterval added to the Settings Form. (Line: 271)
11/24/2024 14:28:49 [Information] decimal: 1000.00 MillisecondDelay added to the Settings Form. (Line: 271)
11/24/2024 14:28:49 [Information] int: 1000 Milliseconds added to the Settings Form. (Line: 151)
11/24/2024 14:28:49 [Information] int: 4 mmPerRevolution added to the Settings Form. (Line: 151)
11/24/2024 14:28:49 [Information] int: 2000 ThreadSleep added to the Settings Form. (Line: 151)
11/24/2024 14:28:49 [Information] decimal: 0.00 Value_0_00 added to the Settings Form. (Line: 271)
11/24/2024 14:28:49 [Information] decimal: 50.00 XaxisAcceleration added to the Settings Form. (Line: 271)
11/24/2024 14:28:49 [Information] bool: False XaxisChanged added to the Settings Form. (Line: 218)
11/24/2024 14:28:49 [Information] decimal: 400.00 XaxisMotorSpeed added to the Settings Form. (Line: 271)
11/24/2024 14:28:49 [Information] decimal: 0.00 XaxisStepperCurrent added to the Settings Form. (Line: 271)
11/24/2024 14:28:49 [Information] decimal: 0.00 XaxisStepperMove added to the Settings Form. (Line: 271)
11/24/2024 14:28:49 [Information] XCOM1: XComPort added to the Settings Form. (Line: 346)
11/24/2024 14:28:49 [Information] XCOM2: XComPort added to the Settings Form. (Line: 346)
11/24/2024 14:28:49 [Information] XCOM3: XComPort added to the Settings Form. (Line: 346)
11/24/2024 14:28:49 [Information] XCOM4: XComPort added to the Settings Form. (Line: 346)
11/24/2024 14:28:49 [Information] XCOM5: XComPort added to the Settings Form. (Line: 346)
11/24/2024 14:28:49 [Information] XCOM6: XComPort added to the Settings Form. (Line: 346)
11/24/2024 14:28:49 [Information] XCOM7: XComPort added to the Settings Form. (Line: 346)
11/24/2024 14:28:49 [Information] XCOM8: XComPort added to the Settings Form. (Line: 346)
11/24/2024 14:28:49 [Information] XCOM9: XComPort added to the Settings Form. (Line: 346)
11/24/2024 14:28:49 [Information] XCOM10: XComPort added to the Settings Form. (Line: 346)
11/24/2024 14:28:49 [Information] decimal: 50.00 YaxisAcceleration added to the Settings Form. (Line: 271)
11/24/2024 14:28:49 [Information] bool: False YaxisChanged added to the Settings Form. (Line: 218)
11/24/2024 14:28:49 [Information] decimal: 400.00 YaxisMotorSpeed added to the Settings Form. (Line: 271)
11/24/2024 14:28:49 [Information] decimal: 0.00 YaxisStepperCurrent added to the Settings Form. (Line: 271)
11/24/2024 14:28:49 [Information] decimal: 0.00 YaxisStepperMove added to the Settings Form. (Line: 271)
11/24/2024 14:28:49 [Information] YCOM1: YComPort added to the Settings Form. (Line: 392)
11/24/2024 14:28:49 [Information] YCOM2: YComPort added to the Settings Form. (Line: 392)
11/24/2024 14:28:49 [Information] YCOM3: YComPort added to the Settings Form. (Line: 392)
11/24/2024 14:28:49 [Information] YCOM4: YComPort added to the Settings Form. (Line: 392)
11/24/2024 14:28:49 [Information] YCOM5: YComPort added to the Settings Form. (Line: 392)
11/24/2024 14:28:49 [Information] YCOM6: YComPort added to the Settings Form. (Line: 392)
11/24/2024 14:28:49 [Information] YCOM7: YComPort added to the Settings Form. (Line: 392)
11/24/2024 14:28:49 [Information] YCOM8: YComPort added to the Settings Form. (Line: 392)
11/24/2024 14:28:49 [Information] YCOM9: YComPort added to the Settings Form. (Line: 392)
11/24/2024 14:28:49 [Information] YCOM10: YComPort added to the Settings Form. (Line: 392)
11/24/2024 14:28:49 [Information] decimal: 50.00 ZaxisAcceleration added to the Settings Form. (Line: 271)
11/24/2024 14:28:49 [Information] bool: False ZaxisChanged added to the Settings Form. (Line: 218)
11/24/2024 14:28:49 [Information] decimal: 400.00 ZaxisMotorSpeed added to the Settings Form. (Line: 271)
11/24/2024 14:28:49 [Information] decimal: 0.00 ZaxisStepperCurrent added to the Settings Form. (Line: 271)
11/24/2024 14:28:49 [Information] decimal: 0.00 ZaxisStepperMove added to the Settings Form. (Line: 271)
11/24/2024 14:28:49 [Information] ZCOM1: ZComPort added to the Settings Form. (Line: 438)
11/24/2024 14:28:49 [Information] ZCOM2: ZComPort added to the Settings Form. (Line: 438)
11/24/2024 14:28:49 [Information] ZCOM3: ZComPort added to the Settings Form. (Line: 438)
11/24/2024 14:28:49 [Information] ZCOM4: ZComPort added to the Settings Form. (Line: 438)
11/24/2024 14:28:49 [Information] ZCOM5: ZComPort added to the Settings Form. (Line: 438)
11/24/2024 14:28:49 [Information] ZCOM6: ZComPort added to the Settings Form. (Line: 438)
11/24/2024 14:28:49 [Information] ZCOM7: ZComPort added to the Settings Form. (Line: 438)
11/24/2024 14:28:49 [Information] ZCOM8: ZComPort added to the Settings Form. (Line: 438)
11/24/2024 14:28:49 [Information] ZCOM9: ZComPort added to the Settings Form. (Line: 438)
11/24/2024 14:28:49 [Information] ZCOM10: ZComPort added to the Settings Form. (Line: 438)
11/24/2024 14:28:49 [Information] int: 0 zeroXaxis added to the Settings Form. (Line: 151)
11/24/2024 14:28:49 [Information] int: 0 zeroYaxis added to the Settings Form. (Line: 151)
11/24/2024 14:28:49 [Information] int: 0 zeroZaxis added to the Settings Form. (Line: 151)
11/24/2024 14:28:50 [Information] Stepper Motor Controller MainWindow loaded (Line: 1811)
11/24/2024 14:28:50 [Information] Set MainWindow Media Brushes to White. (Line: 1821)
11/24/2024 14:28:56 [Information] Z Axis stepper move updated to 16.00 (Line: 1609)
11/24/2024 14:28:56 [Information] txtZaxisStepperMove Axis mouse controlled Keypad returned: 16.00 (Line: 1649)
11/24/2024 14:28:58 [Information] Z Axis Run button clicked: (Line: 1163)
11/24/2024 14:28:58 [Information] Z Axis MotorMovementSeconds: 2.2857142857142857142857142857 (Line: 1413)
11/24/2024 14:28:58 [Information] Z Axis Run Event: Z,0.00,400.00,0,0.00,400.00,0,16.00,400.00,0 (Line: 1325)
11/24/2024 14:29:00 [Information] Stepper Motor Countdown: Completed (Line: 702)
11/24/2024 14:29:00 [Information] Z Axis Target Reached changed. (Line: 448)
11/24/2024 14:29:09 [Information] Z Axis stepper move updated to -16.00 (Line: 1609)
11/24/2024 14:29:09 [Information] txtZaxisStepperMove Axis mouse controlled Keypad returned: -16.00 (Line: 1649)
11/24/2024 14:29:10 [Information] Z Axis Target Reached changed. (Line: 448)
11/24/2024 14:29:10 [Information] Z Axis Run button clicked: (Line: 1163)
11/24/2024 14:29:10 [Information] Z Axis MotorMovementSeconds: 2.2857142857142857142857142857 (Line: 1413)
11/24/2024 14:29:10 [Information] Z Axis Run Event: Z,0.00,400.00,0,0.00,400.00,0,-16.00,400.00,0 (Line: 1325)
11/24/2024 14:29:12 [Information] Stepper Motor Countdown: Completed (Line: 702)
11/24/2024 14:29:12 [Information] Z Axis Target Reached changed. (Line: 448)
11/24/2024 14:29:25 [Information] Z Axis stepper move updated to 128.00 (Line: 1609)
11/24/2024 14:29:25 [Information] txtZaxisStepperMove Axis mouse controlled Keypad returned: 128.00 (Line: 1649)
11/24/2024 14:29:26 [Information] Z Axis Target Reached changed. (Line: 448)
11/24/2024 14:29:26 [Information] Z Axis Run button clicked: (Line: 1163)
11/24/2024 14:29:26 [Information] Z Axis MotorMovementSeconds: 18.285714285714285714285714286 (Line: 1413)
11/24/2024 14:29:26 [Information] Z Axis Run Event: Z,0.00,400.00,0,0.00,400.00,0,128.00,400.00,0 (Line: 1325)
11/24/2024 14:29:44 [Information] Stepper Motor Countdown: Completed (Line: 702)
11/24/2024 14:29:44 [Information] Z Axis Target Reached changed. (Line: 448)
11/24/2024 14:29:50 [Information] Z Axis Target Reached changed. (Line: 448)
11/24/2024 14:29:50 [Information] Z Axis Run button clicked: (Line: 1163)
11/24/2024 14:29:50 [Information] Z Axis MotorMovementSeconds: 18.285714285714285714285714286 (Line: 1413)
11/24/2024 14:29:50 [Information] Z Axis Run Event: Z,0.00,400.00,0,0.00,400.00,0,128.00,400.00,0 (Line: 1325)
11/24/2024 14:29:52 [Information] Stepper Motor Countdown: Completed (Line: 984)
