11/25/2024 20:34:17 [Information] Logger updated to Microsoft.Extensions.Logging.Logger`1[Stepper.MainWindow] (Line: 224)
11/25/2024 20:34:17 [Information] Stepper Motor Controller Application Started. (Line: 912)
11/25/2024 20:34:17 [Information] Version: 3.0.9095.37024 (11/25/2024 20:34:17) (Line: 916)
11/25/2024 20:34:17 [Information] Initializing Serial Ports. (Line: 741)
11/25/2024 20:34:18 [Error] I/O error occurred while opening the port COM7. (Line: 804)
11/25/2024 20:34:20 [Error] I/O error occurred while opening the port COM8. (Line: 804)
11/25/2024 20:34:20 [Information] SerialPort COM10 opened successfully. (Line: 787)
11/25/2024 20:34:20 [Information] SerialPort COM10 read 1 bytes. (Line: 792)
11/25/2024 20:34:20 [Information] CountdownTimer updated to System.Windows.Threading.DispatcherTimer (Line: 60)
11/25/2024 20:34:20 [Information] Stepper Motor Controller Application Started. (Line: 543)
11/25/2024 20:34:20 [Information] Version: 3.0.9095.37024 (11/25/2024 20:34:20) (Line: 547)
11/25/2024 20:34:20 [Information] Version: 3.1.0.37025 (11/25/2024 20:34:20) (Line: 622)
11/25/2024 20:34:20 [Information] Element AssemblyVersion not found in the provided XML document. (Line: 733)
11/25/2024 20:34:20 [Information] Element FileVersion not found in the provided XML document. (Line: 733)
11/25/2024 20:34:20 [Information] Version: 3.1.0.37025 (11/25/2024 20:34:20) (Line: 630)
11/25/2024 20:34:20 [Information] Stepper Motor Controller Application Settings Window Opened. (Line: 39)
11/25/2024 20:34:20 [Information] Stepper Motor Controller Application Settings form is rebuilt each and every time it is opened. (Line: 47)
11/25/2024 20:34:20 [Information] int: 9600 BaudRate added to the Settings Form. (Line: 151)
11/25/2024 20:34:20 [Information] bool: False ckbXaxisResetToZeroIsChecked added to the Settings Form. (Line: 218)
11/25/2024 20:34:20 [Information] bool: False ckbYaxisResetToZeroIsChecked added to the Settings Form. (Line: 218)
11/25/2024 20:34:20 [Information] bool: False ckbZaxisResetToZeroIsChecked added to the Settings Form. (Line: 218)
11/25/2024 20:34:20 [Information] COM1: ComPort added to the Settings Form. (Line: 484)
11/25/2024 20:34:20 [Information] COM2: ComPort added to the Settings Form. (Line: 484)
11/25/2024 20:34:20 [Information] COM3: ComPort added to the Settings Form. (Line: 484)
11/25/2024 20:34:20 [Information] COM4: ComPort added to the Settings Form. (Line: 484)
11/25/2024 20:34:20 [Information] COM5: ComPort added to the Settings Form. (Line: 484)
11/25/2024 20:34:20 [Information] COM6: ComPort added to the Settings Form. (Line: 484)
11/25/2024 20:34:20 [Information] COM7: ComPort added to the Settings Form. (Line: 484)
11/25/2024 20:34:20 [Information] COM8: ComPort added to the Settings Form. (Line: 484)
11/25/2024 20:34:20 [Information] COM9: ComPort added to the Settings Form. (Line: 484)
11/25/2024 20:34:20 [Information] COM10: ComPort added to the Settings Form. (Line: 484)
11/25/2024 20:34:20 [Information] decimal: 4.00 Divider4_00 added to the Settings Form. (Line: 271)
11/25/2024 20:34:20 [Information] decimal: 0.00 MathPart2Initlz added to the Settings Form. (Line: 271)
11/25/2024 20:34:20 [Information] decimal: 1.00 MilisecondTimerInterval added to the Settings Form. (Line: 271)
11/25/2024 20:34:20 [Information] decimal: 1000.00 MillisecondDelay added to the Settings Form. (Line: 271)
11/25/2024 20:34:20 [Information] int: 1000 Milliseconds added to the Settings Form. (Line: 151)
11/25/2024 20:34:20 [Information] int: 4 mmPerRevolution added to the Settings Form. (Line: 151)
11/25/2024 20:34:20 [Information] int: 2000 ThreadSleep added to the Settings Form. (Line: 151)
11/25/2024 20:34:20 [Information] decimal: 0.00 Value_0_00 added to the Settings Form. (Line: 271)
11/25/2024 20:34:20 [Information] decimal: 50.00 XaxisAcceleration added to the Settings Form. (Line: 271)
11/25/2024 20:34:20 [Information] bool: False XaxisChanged added to the Settings Form. (Line: 218)
11/25/2024 20:34:20 [Information] decimal: 400.00 XaxisMotorSpeed added to the Settings Form. (Line: 271)
11/25/2024 20:34:20 [Information] decimal: 0.00 XaxisStepperCurrent added to the Settings Form. (Line: 271)
11/25/2024 20:34:21 [Information] decimal: 0.00 XaxisStepperMove added to the Settings Form. (Line: 271)
11/25/2024 20:34:21 [Information] XCOM1: XComPort added to the Settings Form. (Line: 346)
11/25/2024 20:34:21 [Information] XCOM2: XComPort added to the Settings Form. (Line: 346)
11/25/2024 20:34:21 [Information] XCOM3: XComPort added to the Settings Form. (Line: 346)
11/25/2024 20:34:21 [Information] XCOM4: XComPort added to the Settings Form. (Line: 346)
11/25/2024 20:34:21 [Information] XCOM5: XComPort added to the Settings Form. (Line: 346)
11/25/2024 20:34:21 [Information] XCOM6: XComPort added to the Settings Form. (Line: 346)
11/25/2024 20:34:21 [Information] XCOM7: XComPort added to the Settings Form. (Line: 346)
11/25/2024 20:34:21 [Information] XCOM8: XComPort added to the Settings Form. (Line: 346)
11/25/2024 20:34:21 [Information] XCOM9: XComPort added to the Settings Form. (Line: 346)
11/25/2024 20:34:21 [Information] XCOM10: XComPort added to the Settings Form. (Line: 346)
11/25/2024 20:34:21 [Information] decimal: 50.00 YaxisAcceleration added to the Settings Form. (Line: 271)
11/25/2024 20:34:21 [Information] bool: False YaxisChanged added to the Settings Form. (Line: 218)
11/25/2024 20:34:21 [Information] decimal: 400.00 YaxisMotorSpeed added to the Settings Form. (Line: 271)
11/25/2024 20:34:21 [Information] decimal: 0.00 YaxisStepperCurrent added to the Settings Form. (Line: 271)
11/25/2024 20:34:21 [Information] decimal: 0.00 YaxisStepperMove added to the Settings Form. (Line: 271)
11/25/2024 20:34:21 [Information] YCOM1: YComPort added to the Settings Form. (Line: 392)
11/25/2024 20:34:21 [Information] YCOM2: YComPort added to the Settings Form. (Line: 392)
11/25/2024 20:34:21 [Information] YCOM3: YComPort added to the Settings Form. (Line: 392)
11/25/2024 20:34:21 [Information] YCOM4: YComPort added to the Settings Form. (Line: 392)
11/25/2024 20:34:21 [Information] YCOM5: YComPort added to the Settings Form. (Line: 392)
11/25/2024 20:34:21 [Information] YCOM6: YComPort added to the Settings Form. (Line: 392)
11/25/2024 20:34:21 [Information] YCOM7: YComPort added to the Settings Form. (Line: 392)
11/25/2024 20:34:21 [Information] YCOM8: YComPort added to the Settings Form. (Line: 392)
11/25/2024 20:34:21 [Information] YCOM9: YComPort added to the Settings Form. (Line: 392)
11/25/2024 20:34:21 [Information] YCOM10: YComPort added to the Settings Form. (Line: 392)
11/25/2024 20:34:21 [Information] decimal: 50.00 ZaxisAcceleration added to the Settings Form. (Line: 271)
11/25/2024 20:34:21 [Information] bool: False ZaxisChanged added to the Settings Form. (Line: 218)
11/25/2024 20:34:21 [Information] decimal: 400.00 ZaxisMotorSpeed added to the Settings Form. (Line: 271)
11/25/2024 20:34:21 [Information] decimal: 0.00 ZaxisStepperCurrent added to the Settings Form. (Line: 271)
11/25/2024 20:34:21 [Information] decimal: 0.00 ZaxisStepperMove added to the Settings Form. (Line: 271)
11/25/2024 20:34:21 [Information] ZCOM1: ZComPort added to the Settings Form. (Line: 438)
11/25/2024 20:34:21 [Information] ZCOM2: ZComPort added to the Settings Form. (Line: 438)
11/25/2024 20:34:21 [Information] ZCOM3: ZComPort added to the Settings Form. (Line: 438)
11/25/2024 20:34:21 [Information] ZCOM4: ZComPort added to the Settings Form. (Line: 438)
11/25/2024 20:34:21 [Information] ZCOM5: ZComPort added to the Settings Form. (Line: 438)
11/25/2024 20:34:21 [Information] ZCOM6: ZComPort added to the Settings Form. (Line: 438)
11/25/2024 20:34:21 [Information] ZCOM7: ZComPort added to the Settings Form. (Line: 438)
11/25/2024 20:34:21 [Information] ZCOM8: ZComPort added to the Settings Form. (Line: 438)
11/25/2024 20:34:21 [Information] ZCOM9: ZComPort added to the Settings Form. (Line: 438)
11/25/2024 20:34:21 [Information] ZCOM10: ZComPort added to the Settings Form. (Line: 438)
11/25/2024 20:34:21 [Information] int: 0 zeroXaxis added to the Settings Form. (Line: 151)
11/25/2024 20:34:21 [Information] int: 0 zeroYaxis added to the Settings Form. (Line: 151)
11/25/2024 20:34:21 [Information] int: 0 zeroZaxis added to the Settings Form. (Line: 151)
11/25/2024 20:34:21 [Information] NewSettingsWindow updated to Stepper.StepperAppSettings (Line: 47)
11/25/2024 20:34:21 [Information] Stepper Motor Controller MainWindow loaded (Line: 1890)
11/25/2024 20:34:21 [Information] Set MainWindow Media Brushes to White. (Line: 1900)
11/25/2024 20:34:28 [Information] Z Axis stepper move updated to 16.00 (Line: 1688)
11/25/2024 20:34:28 [Information] txtZaxisStepperMove Axis mouse controlled Keypad returned: 16.00 (Line: 1728)
11/25/2024 20:34:29 [Information] Z Axis Run button clicked: (Line: 1212)
11/25/2024 20:34:29 [Information] Z Axis MotorMovementSeconds for <= 400.00 RPM: 2.40 (Line: 1448)
11/25/2024 20:34:29 [Information] TargetEndTime updated to 11/25/2024 20:34:31 (Line: 86)
11/25/2024 20:34:29 [Information] Z Axis Run Event: Z,0.00,400.00,0,0.00,400.00,0,16.00,400.00,0 (Line: 1374)
11/25/2024 20:34:31 [Information] Stepper Motor Countdown: Completed (Line: 945)
11/25/2024 20:34:31 [Information] ZAxisTargetReached updated to True (Line: 461)
11/25/2024 20:34:31 [Information] Z Axis Target Reached changed. (Line: 691)
11/25/2024 20:34:31 [Information] CompletedZAxisCurrentPosition updated to 16 (Line: 357)
11/25/2024 20:34:32 [Information] Stepper Motor Countdown: Completed (Line: 1096)
11/25/2024 20:34:32 [Information] ZAxisAbsolutePosition updated to 2.42 (Line: 491)
11/25/2024 20:34:32 [Information] LimitSwitchUpdateCompleted updated to True (Line: 523)
11/25/2024 20:34:32 [Information] Z Axis Motor Current Position: 2.42
11/25/2024 20:34:32 [Information] CW Limit Switch Activated! (Line: 1109)
11/25/2024 20:34:40 [Information] ZAxisTargetReached updated to False (Line: 461)
11/25/2024 20:34:40 [Information] Z Axis Target Reached changed. (Line: 691)
11/25/2024 20:34:40 [Information] Z Axis Run button clicked: (Line: 1212)
11/25/2024 20:34:40 [Information] Z Axis MotorMovementSeconds for <= 400.00 RPM: 2.40 (Line: 1448)
11/25/2024 20:34:40 [Information] TargetEndTime updated to 11/25/2024 20:34:42 (Line: 86)
11/25/2024 20:34:40 [Information] CompletedZAxisCurrentPosition updated to 2.42 (Line: 357)
11/25/2024 20:34:40 [Information] Z Axis Run Event: Z,0.00,400.00,0,0.00,400.00,0,16.00,400.00,0 (Line: 1374)
11/25/2024 20:34:43 [Information] Stepper Motor Countdown: Completed (Line: 945)
11/25/2024 20:34:43 [Information] ZAxisTargetReached updated to True (Line: 461)
11/25/2024 20:34:43 [Information] Z Axis Target Reached changed. (Line: 691)
11/25/2024 20:34:43 [Information] CompletedZAxisCurrentPosition updated to 18.42 (Line: 357)
11/25/2024 20:34:45 [Information] Stepper Motor Countdown: Completed (Line: 1096)
11/25/2024 20:34:45 [Information] ZAxisAbsolutePosition updated to 6.78 (Line: 491)
11/25/2024 20:34:45 [Information] LimitSwitchUpdateCompleted updated to True (Line: 523)
11/25/2024 20:34:45 [Information] Z Axis Motor Current Position: 4.36
11/25/2024 20:34:45 [Information] CW Limit Switch Activated! (Line: 1109)
11/25/2024 20:34:48 [Information] ZAxisTargetReached updated to False (Line: 461)
11/25/2024 20:34:48 [Information] Z Axis Target Reached changed. (Line: 691)
11/25/2024 20:34:48 [Information] Z Axis Run button clicked: (Line: 1212)
11/25/2024 20:34:48 [Information] Z Axis MotorMovementSeconds for <= 400.00 RPM: 2.40 (Line: 1448)
11/25/2024 20:34:48 [Information] TargetEndTime updated to 11/25/2024 20:34:50 (Line: 86)
11/25/2024 20:34:48 [Information] CompletedZAxisCurrentPosition updated to 6.78 (Line: 357)
11/25/2024 20:34:48 [Information] Z Axis Run Event: Z,0.00,400.00,0,0.00,400.00,0,16.00,400.00,0 (Line: 1374)
11/25/2024 20:34:50 [Information] Stepper Motor Countdown: Completed (Line: 945)
11/25/2024 20:34:50 [Information] ZAxisTargetReached updated to True (Line: 461)
11/25/2024 20:34:50 [Information] Z Axis Target Reached changed. (Line: 691)
11/25/2024 20:34:50 [Information] CompletedZAxisCurrentPosition updated to 22.78 (Line: 357)
11/25/2024 20:34:50 [Information] Stepper Motor Countdown: Completed (Line: 1096)
11/25/2024 20:34:50 [Information] ZAxisAbsolutePosition updated to 8.08 (Line: 491)
11/25/2024 20:34:50 [Information] LimitSwitchUpdateCompleted updated to True (Line: 523)
11/25/2024 20:34:50 [Information] Z Axis Motor Current Position: 1.3
11/25/2024 20:34:50 [Information] CW Limit Switch Activated! (Line: 1109)
11/25/2024 20:34:56 [Information] Stepper Motor Controller MainWindow Closing. (Line: 1911)
11/25/2024 20:34:56 [Information] Properties Settings Saved. (Line: 1920)
11/25/2024 20:34:56 [Information] Properties Settings Form Closed. (Line: 1926)
11/25/2024 20:34:56 [Information] Stepper Motor Controller Form Closed. (Line: 1929)
