11/30/2024 18:33:45 [Information] Logger updated to Microsoft.Extensions.Logging.Logger`1[Stepper.MainWindow] (Line: 225)
11/30/2024 18:33:45 [Information] Stepper Motor Controller Application Started. (Line: 921)
11/30/2024 18:33:45 [Information] Version: 3.0.9100.33408 (11/30/2024 18:33:45) (Line: 925)
11/30/2024 18:33:45 [Information] Initializing Serial Ports. (Line: 750)
11/30/2024 18:33:46 [Error] I/O error occurred while opening the port COM7. (Line: 813)
11/30/2024 18:33:48 [Error] I/O error occurred while opening the port COM8. (Line: 813)
11/30/2024 18:33:48 [Information] SerialPort COM10 opened successfully. (Line: 796)
11/30/2024 18:33:48 [Information] SerialPort COM10 read 1 bytes. (Line: 801)
11/30/2024 18:33:48 [Information] CountdownTimer updated to System.Windows.Threading.DispatcherTimer (Line: 61)
11/30/2024 18:33:48 [Information] Stepper Motor Controller Application Started. (Line: 545)
11/30/2024 18:33:48 [Information] Version: 3.0.9100.33408 (11/30/2024 18:33:48) (Line: 549)
11/30/2024 18:33:48 [Information] Version: 3.1.0.33409 (11/30/2024 18:33:48) (Line: 625)
11/30/2024 18:33:48 [Information] Element AssemblyVersion not found in the provided XML document. (Line: 742)
11/30/2024 18:33:48 [Information] Element FileVersion not found in the provided XML document. (Line: 742)
11/30/2024 18:33:48 [Information] Version: 3.1.0.33409 (11/30/2024 18:33:48) (Line: 633)
11/30/2024 18:33:48 [Information] Stepper Motor Controller Application Settings Window Opened. (Line: 39)
11/30/2024 18:33:48 [Information] Stepper Motor Controller Application Settings form is rebuilt each and every time it is opened. (Line: 47)
11/30/2024 18:33:48 [Information] int: 0 AxisAbsolutePosition added to the Settings Form. (Line: 151)
11/30/2024 18:33:48 [Information] int: 9600 BaudRate added to the Settings Form. (Line: 151)
11/30/2024 18:33:48 [Information] bool: False ckbXaxisResetToZeroIsChecked added to the Settings Form. (Line: 218)
11/30/2024 18:33:48 [Information] bool: False ckbYaxisResetToZeroIsChecked added to the Settings Form. (Line: 218)
11/30/2024 18:33:48 [Information] bool: False ckbZaxisResetToZeroIsChecked added to the Settings Form. (Line: 218)
11/30/2024 18:33:48 [Information] COM1: ComPort added to the Settings Form. (Line: 484)
11/30/2024 18:33:48 [Information] COM2: ComPort added to the Settings Form. (Line: 484)
11/30/2024 18:33:48 [Information] COM3: ComPort added to the Settings Form. (Line: 484)
11/30/2024 18:33:48 [Information] COM4: ComPort added to the Settings Form. (Line: 484)
11/30/2024 18:33:48 [Information] COM5: ComPort added to the Settings Form. (Line: 484)
11/30/2024 18:33:48 [Information] COM6: ComPort added to the Settings Form. (Line: 484)
11/30/2024 18:33:48 [Information] COM7: ComPort added to the Settings Form. (Line: 484)
11/30/2024 18:33:48 [Information] COM8: ComPort added to the Settings Form. (Line: 484)
11/30/2024 18:33:48 [Information] COM9: ComPort added to the Settings Form. (Line: 484)
11/30/2024 18:33:48 [Information] COM10: ComPort added to the Settings Form. (Line: 484)
11/30/2024 18:33:48 [Information] decimal: 4.00 Divider4_00 added to the Settings Form. (Line: 271)
11/30/2024 18:33:48 [Information] decimal: 0.00 MathPart2Initlz added to the Settings Form. (Line: 271)
11/30/2024 18:33:48 [Information] decimal: 1.00 MilisecondTimerInterval added to the Settings Form. (Line: 271)
11/30/2024 18:33:48 [Information] decimal: 1000.00 MillisecondDelay added to the Settings Form. (Line: 271)
11/30/2024 18:33:48 [Information] int: 1000 Milliseconds added to the Settings Form. (Line: 151)
11/30/2024 18:33:48 [Information] int: 4 mmPerRevolution added to the Settings Form. (Line: 151)
11/30/2024 18:33:48 [Information] int: 200 stepsPerRevolution added to the Settings Form. (Line: 151)
11/30/2024 18:33:48 [Information] int: 2000 ThreadSleep added to the Settings Form. (Line: 151)
11/30/2024 18:33:48 [Information] decimal: 0.00 Value_0_00 added to the Settings Form. (Line: 271)
11/30/2024 18:33:48 [Information] decimal: 50.00 XaxisAcceleration added to the Settings Form. (Line: 271)
11/30/2024 18:33:48 [Information] bool: False XaxisChanged added to the Settings Form. (Line: 218)
11/30/2024 18:33:48 [Information] decimal: 400.00 XaxisMotorSpeed added to the Settings Form. (Line: 271)
11/30/2024 18:33:48 [Information] decimal: 0.00 XaxisStepperCurrent added to the Settings Form. (Line: 271)
11/30/2024 18:33:48 [Information] decimal: 0.00 XaxisStepperMove added to the Settings Form. (Line: 271)
11/30/2024 18:33:48 [Information] XCOM1: XComPort added to the Settings Form. (Line: 346)
11/30/2024 18:33:48 [Information] XCOM2: XComPort added to the Settings Form. (Line: 346)
11/30/2024 18:33:48 [Information] XCOM3: XComPort added to the Settings Form. (Line: 346)
11/30/2024 18:33:48 [Information] XCOM4: XComPort added to the Settings Form. (Line: 346)
11/30/2024 18:33:48 [Information] XCOM5: XComPort added to the Settings Form. (Line: 346)
11/30/2024 18:33:48 [Information] XCOM6: XComPort added to the Settings Form. (Line: 346)
11/30/2024 18:33:48 [Information] XCOM7: XComPort added to the Settings Form. (Line: 346)
11/30/2024 18:33:48 [Information] XCOM8: XComPort added to the Settings Form. (Line: 346)
11/30/2024 18:33:48 [Information] XCOM9: XComPort added to the Settings Form. (Line: 346)
11/30/2024 18:33:48 [Information] XCOM10: XComPort added to the Settings Form. (Line: 346)
11/30/2024 18:33:48 [Information] decimal: 50.00 YaxisAcceleration added to the Settings Form. (Line: 271)
11/30/2024 18:33:48 [Information] bool: False YaxisChanged added to the Settings Form. (Line: 218)
11/30/2024 18:33:48 [Information] decimal: 400.00 YaxisMotorSpeed added to the Settings Form. (Line: 271)
11/30/2024 18:33:48 [Information] decimal: 0.00 YaxisStepperCurrent added to the Settings Form. (Line: 271)
11/30/2024 18:33:48 [Information] decimal: 0.00 YaxisStepperMove added to the Settings Form. (Line: 271)
11/30/2024 18:33:48 [Information] YCOM1: YComPort added to the Settings Form. (Line: 392)
11/30/2024 18:33:48 [Information] YCOM2: YComPort added to the Settings Form. (Line: 392)
11/30/2024 18:33:48 [Information] YCOM3: YComPort added to the Settings Form. (Line: 392)
11/30/2024 18:33:48 [Information] YCOM4: YComPort added to the Settings Form. (Line: 392)
11/30/2024 18:33:48 [Information] YCOM5: YComPort added to the Settings Form. (Line: 392)
11/30/2024 18:33:48 [Information] YCOM6: YComPort added to the Settings Form. (Line: 392)
11/30/2024 18:33:48 [Information] YCOM7: YComPort added to the Settings Form. (Line: 392)
11/30/2024 18:33:48 [Information] YCOM8: YComPort added to the Settings Form. (Line: 392)
11/30/2024 18:33:48 [Information] YCOM9: YComPort added to the Settings Form. (Line: 392)
11/30/2024 18:33:48 [Information] YCOM10: YComPort added to the Settings Form. (Line: 392)
11/30/2024 18:33:48 [Information] decimal: 50.00 ZaxisAcceleration added to the Settings Form. (Line: 271)
11/30/2024 18:33:48 [Information] bool: False ZaxisChanged added to the Settings Form. (Line: 218)
11/30/2024 18:33:48 [Information] decimal: 400.00 ZaxisMotorSpeed added to the Settings Form. (Line: 271)
11/30/2024 18:33:48 [Information] decimal: 0.00 ZaxisStepperCurrent added to the Settings Form. (Line: 271)
11/30/2024 18:33:48 [Information] decimal: 0.00 ZaxisStepperMove added to the Settings Form. (Line: 271)
11/30/2024 18:33:48 [Information] ZCOM1: ZComPort added to the Settings Form. (Line: 438)
11/30/2024 18:33:48 [Information] ZCOM2: ZComPort added to the Settings Form. (Line: 438)
11/30/2024 18:33:48 [Information] ZCOM3: ZComPort added to the Settings Form. (Line: 438)
11/30/2024 18:33:48 [Information] ZCOM4: ZComPort added to the Settings Form. (Line: 438)
11/30/2024 18:33:48 [Information] ZCOM5: ZComPort added to the Settings Form. (Line: 438)
11/30/2024 18:33:48 [Information] ZCOM6: ZComPort added to the Settings Form. (Line: 438)
11/30/2024 18:33:48 [Information] ZCOM7: ZComPort added to the Settings Form. (Line: 438)
11/30/2024 18:33:48 [Information] ZCOM8: ZComPort added to the Settings Form. (Line: 438)
11/30/2024 18:33:48 [Information] ZCOM9: ZComPort added to the Settings Form. (Line: 438)
11/30/2024 18:33:48 [Information] ZCOM10: ZComPort added to the Settings Form. (Line: 438)
11/30/2024 18:33:48 [Information] int: 0 zeroXaxis added to the Settings Form. (Line: 151)
11/30/2024 18:33:48 [Information] int: 0 zeroYaxis added to the Settings Form. (Line: 151)
11/30/2024 18:33:48 [Information] int: 0 zeroZaxis added to the Settings Form. (Line: 151)
11/30/2024 18:33:48 [Information] NewSettingsWindow updated to Stepper.StepperAppSettings (Line: 48)
11/30/2024 18:33:49 [Information] Stepper Motor Controller MainWindow loaded (Line: 1910)
11/30/2024 18:33:49 [Information] Set MainWindow Media Brushes to White. (Line: 1920)
11/30/2024 18:33:54 [Information] txtZaxisStepperMove Axis mouse controlled Keypad returned: 8.00 (Line: 1748)
11/30/2024 18:33:55 [Information] Z Axis Run button clicked: (Line: 1228)
11/30/2024 18:33:55 [Information] Z Axis MotorMovementSeconds for <= 400.00 RPM: 1.20 (Line: 1468)
11/30/2024 18:33:55 [Information] TargetEndTime updated to 11/30/2024 18:33:56 (Line: 87)
11/30/2024 18:33:55 [Information] ZAxisAbsolutePosition updated to 0 (Line: 498)
11/30/2024 18:33:55 [Information] Z Axis Absolute Position changed. (Line: 716)
11/30/2024 18:33:55 [Information] Z Axis Run Event: Z,0.00,400.00,0,0.00,400.00,0,8.00,400.00,0 (Line: 1394)
11/30/2024 18:33:56 [Information] Stepper Motor Countdown: Completed (Line: 954)
11/30/2024 18:33:56 [Information] ZAxisTargetReached updated to True (Line: 462)
11/30/2024 18:33:56 [Information] Z Axis Target Reached changed. (Line: 694)
11/30/2024 18:33:57 [Information] LimitSwitchPressed updated to True (Line: 74)
11/30/2024 18:33:57 [Information] Stepper Motor Countdown: Completed (Line: 1111)
11/30/2024 18:33:57 [Information] ZAxisAbsolutePosition updated to 0.98 (Line: 498)
11/30/2024 18:33:57 [Information] Z Axis Absolute Position changed. (Line: 716)
11/30/2024 18:33:57 [Information] LimitSwitchPressed updated to False (Line: 74)
11/30/2024 18:33:57 [Information] LimitSwitchUpdateCompleted updated to True (Line: 530)
11/30/2024 18:33:57 [Information] Z Axis Motor Current Position: 0.98
11/30/2024 18:33:57 [Information] CW Limit Switch Activated! (Line: 1124)
11/30/2024 18:33:59 [Information] ZAxisTargetReached updated to False (Line: 462)
11/30/2024 18:33:59 [Information] Z Axis Target Reached changed. (Line: 694)
11/30/2024 18:33:59 [Information] Z Axis Run button clicked: (Line: 1228)
11/30/2024 18:33:59 [Information] Z Axis MotorMovementSeconds for <= 400.00 RPM: 1.20 (Line: 1468)
11/30/2024 18:33:59 [Information] TargetEndTime updated to 11/30/2024 18:34:00 (Line: 87)
11/30/2024 18:33:59 [Information] CompletedZAxisCurrentPosition updated to 0.98 (Line: 358)
11/30/2024 18:33:59 [Information] ZAxisAbsolutePosition updated to 1.96 (Line: 498)
11/30/2024 18:33:59 [Information] Z Axis Absolute Position changed. (Line: 716)
11/30/2024 18:33:59 [Information] Z Axis Run Event: Z,0.00,400.00,0,0.00,400.00,0,8.00,400.00,0 (Line: 1394)
11/30/2024 18:34:00 [Information] Stepper Motor Countdown: Completed (Line: 954)
11/30/2024 18:34:00 [Information] ZAxisTargetReached updated to True (Line: 462)
11/30/2024 18:34:00 [Information] Z Axis Target Reached changed. (Line: 694)
11/30/2024 18:34:02 [Information] LimitSwitchPressed updated to True (Line: 74)
11/30/2024 18:34:02 [Information] Stepper Motor Countdown: Completed (Line: 1111)
11/30/2024 18:34:02 [Information] ZAxisAbsolutePosition updated to 3.48 (Line: 498)
11/30/2024 18:34:02 [Information] Z Axis Absolute Position changed. (Line: 716)
11/30/2024 18:34:02 [Information] LimitSwitchPressed updated to False (Line: 74)
11/30/2024 18:34:02 [Information] LimitSwitchUpdateCompleted updated to True (Line: 530)
11/30/2024 18:34:02 [Information] Z Axis Motor Current Position: 1.52
11/30/2024 18:34:02 [Information] CW Limit Switch Activated! (Line: 1124)
11/30/2024 18:34:04 [Information] ZAxisTargetReached updated to False (Line: 462)
11/30/2024 18:34:04 [Information] Z Axis Target Reached changed. (Line: 694)
11/30/2024 18:34:04 [Information] Z Axis Run button clicked: (Line: 1228)
11/30/2024 18:34:04 [Information] Z Axis MotorMovementSeconds for <= 400.00 RPM: 1.20 (Line: 1468)
11/30/2024 18:34:04 [Information] TargetEndTime updated to 11/30/2024 18:34:05 (Line: 87)
11/30/2024 18:34:04 [Information] CompletedZAxisCurrentPosition updated to 3.48 (Line: 358)
11/30/2024 18:34:04 [Information] ZAxisAbsolutePosition updated to 6.96 (Line: 498)
11/30/2024 18:34:04 [Information] Z Axis Absolute Position changed. (Line: 716)
11/30/2024 18:34:04 [Information] Z Axis Run Event: Z,0.00,400.00,0,0.00,400.00,0,8.00,400.00,0 (Line: 1394)
11/30/2024 18:34:08 [Information] LimitSwitchPressed updated to True (Line: 74)
11/30/2024 18:34:08 [Information] Stepper Motor Countdown: Completed (Line: 1111)
11/30/2024 18:34:08 [Information] ZAxisAbsolutePosition updated to 10.18 (Line: 498)
11/30/2024 18:34:08 [Information] Z Axis Absolute Position changed. (Line: 716)
11/30/2024 18:34:08 [Information] LimitSwitchPressed updated to False (Line: 74)
11/30/2024 18:34:08 [Information] LimitSwitchUpdateCompleted updated to True (Line: 530)
11/30/2024 18:34:08 [Information] Z Axis Motor Current Position: 3.22
11/30/2024 18:34:08 [Information] CW Limit Switch Activated! (Line: 1124)
11/30/2024 18:34:09 [Information] Z Axis Run button clicked: (Line: 1228)
11/30/2024 18:34:09 [Information] Z Axis MotorMovementSeconds for <= 400.00 RPM: 1.20 (Line: 1468)
11/30/2024 18:34:09 [Information] TargetEndTime updated to 11/30/2024 18:34:10 (Line: 87)
11/30/2024 18:34:09 [Information] CompletedZAxisCurrentPosition updated to 10.18 (Line: 358)
11/30/2024 18:34:09 [Information] ZAxisAbsolutePosition updated to 20.36 (Line: 498)
11/30/2024 18:34:09 [Information] Z Axis Absolute Position changed. (Line: 716)
11/30/2024 18:34:09 [Information] Z Axis Run Event: Z,0.00,400.00,0,0.00,400.00,0,8.00,400.00,0 (Line: 1394)
11/30/2024 18:34:10 [Information] Stepper Motor Countdown: Completed (Line: 954)
11/30/2024 18:34:10 [Information] ZAxisTargetReached updated to True (Line: 462)
11/30/2024 18:34:10 [Information] Z Axis Target Reached changed. (Line: 694)
11/30/2024 18:34:11 [Information] LimitSwitchPressed updated to True (Line: 74)
11/30/2024 18:34:11 [Information] Stepper Motor Countdown: Completed (Line: 1111)
11/30/2024 18:34:11 [Information] ZAxisAbsolutePosition updated to 26.28 (Line: 498)
11/30/2024 18:34:11 [Information] Z Axis Absolute Position changed. (Line: 716)
11/30/2024 18:34:11 [Information] LimitSwitchPressed updated to False (Line: 74)
11/30/2024 18:34:11 [Information] LimitSwitchUpdateCompleted updated to True (Line: 530)
11/30/2024 18:34:11 [Information] Z Axis Motor Current Position: 5.92
11/30/2024 18:34:11 [Information] CW Limit Switch Activated! (Line: 1124)
11/30/2024 18:34:15 [Information] ZAxisTargetReached updated to False (Line: 462)
11/30/2024 18:34:15 [Information] Z Axis Target Reached changed. (Line: 694)
11/30/2024 18:34:15 [Information] Z Axis Run button clicked: (Line: 1228)
11/30/2024 18:34:15 [Information] Z Axis MotorMovementSeconds for <= 400.00 RPM: 1.20 (Line: 1468)
11/30/2024 18:34:15 [Information] TargetEndTime updated to 11/30/2024 18:34:16 (Line: 87)
11/30/2024 18:34:15 [Information] CompletedZAxisCurrentPosition updated to 26.28 (Line: 358)
11/30/2024 18:34:15 [Information] ZAxisAbsolutePosition updated to 52.56 (Line: 498)
11/30/2024 18:34:15 [Information] Z Axis Absolute Position changed. (Line: 716)
11/30/2024 18:34:15 [Information] Z Axis Run Event: Z,0.00,400.00,0,0.00,400.00,0,8.00,400.00,0 (Line: 1394)
11/30/2024 18:34:16 [Information] Stepper Motor Countdown: Completed (Line: 954)
11/30/2024 18:34:16 [Information] ZAxisTargetReached updated to True (Line: 462)
11/30/2024 18:34:16 [Information] Z Axis Target Reached changed. (Line: 694)
11/30/2024 18:34:18 [Information] LimitSwitchPressed updated to True (Line: 74)
11/30/2024 18:34:18 [Information] Stepper Motor Countdown: Completed (Line: 1111)
11/30/2024 18:34:18 [Information] ZAxisAbsolutePosition updated to 53.38 (Line: 498)
11/30/2024 18:34:18 [Information] Z Axis Absolute Position changed. (Line: 716)
11/30/2024 18:34:18 [Information] LimitSwitchPressed updated to False (Line: 74)
11/30/2024 18:34:18 [Information] LimitSwitchUpdateCompleted updated to True (Line: 530)
11/30/2024 18:34:18 [Information] Z Axis Motor Current Position: 0.82
11/30/2024 18:34:18 [Information] CW Limit Switch Activated! (Line: 1124)
11/30/2024 18:34:21 [Information] Stepper Motor Controller MainWindow Closing. (Line: 1931)
11/30/2024 18:34:21 [Information] Properties Settings Saved. (Line: 1940)
11/30/2024 18:34:21 [Information] Properties Settings Form Closed. (Line: 1946)
11/30/2024 18:34:21 [Information] Stepper Motor Controller Form Closed. (Line: 1949)
