12/2/2024 18:09:29 [Information] Logger updated to Microsoft.Extensions.Logging.Logger`1[Stepper.MainWindow] (Line: 226)
12/2/2024 18:09:29 [Information] Stepper Motor Controller Application Started. (Line: 957)
12/2/2024 18:09:29 [Information] Version: 3.0.9102.32678 (12/2/2024 18:09:29) (Line: 961)
12/2/2024 18:09:29 [Information] Initializing Serial Ports. (Line: 786)
12/2/2024 18:09:30 [Error] I/O error occurred while opening the port COM7. (Line: 849)
12/2/2024 18:09:30 [Error] I/O error occurred while opening the port COM8. (Line: 849)
12/2/2024 18:09:30 [Information] SerialPort COM10 opened successfully. (Line: 832)
12/2/2024 18:09:30 [Information] CountdownTimer updated to System.Windows.Threading.DispatcherTimer (Line: 62)
12/2/2024 18:09:30 [Information] Stepper Motor Controller Application Started. (Line: 557)
12/2/2024 18:09:30 [Information] Version: 3.0.9102.32678 (12/2/2024 18:09:30) (Line: 561)
12/2/2024 18:09:30 [Information] Version: 3.1.0.32679 (12/2/2024 18:09:30) (Line: 637)
12/2/2024 18:09:30 [Information] Element AssemblyVersion not found in the provided XML document. (Line: 778)
12/2/2024 18:09:30 [Information] Element FileVersion not found in the provided XML document. (Line: 778)
12/2/2024 18:09:30 [Information] Version: 3.1.0.32679 (12/2/2024 18:09:30) (Line: 645)
12/2/2024 18:09:30 [Information] Stepper Motor Controller Application Settings Window Opened. (Line: 39)
12/2/2024 18:09:30 [Information] Stepper Motor Controller Application Settings form is rebuilt each and every time it is opened. (Line: 47)
12/2/2024 18:09:30 [Information] int: 0 AxisAbsolutePosition added to the Settings Form. (Line: 151)
12/2/2024 18:09:30 [Information] int: 9600 BaudRate added to the Settings Form. (Line: 151)
12/2/2024 18:09:30 [Information] bool: False ckbXaxisResetToZeroIsChecked added to the Settings Form. (Line: 218)
12/2/2024 18:09:30 [Information] bool: False ckbYaxisResetToZeroIsChecked added to the Settings Form. (Line: 218)
12/2/2024 18:09:30 [Information] bool: False ckbZaxisResetToZeroIsChecked added to the Settings Form. (Line: 218)
12/2/2024 18:09:30 [Information] COM1: ComPort added to the Settings Form. (Line: 484)
12/2/2024 18:09:30 [Information] COM2: ComPort added to the Settings Form. (Line: 484)
12/2/2024 18:09:30 [Information] COM3: ComPort added to the Settings Form. (Line: 484)
12/2/2024 18:09:30 [Information] COM4: ComPort added to the Settings Form. (Line: 484)
12/2/2024 18:09:30 [Information] COM5: ComPort added to the Settings Form. (Line: 484)
12/2/2024 18:09:30 [Information] COM6: ComPort added to the Settings Form. (Line: 484)
12/2/2024 18:09:30 [Information] COM7: ComPort added to the Settings Form. (Line: 484)
12/2/2024 18:09:30 [Information] COM8: ComPort added to the Settings Form. (Line: 484)
12/2/2024 18:09:30 [Information] COM9: ComPort added to the Settings Form. (Line: 484)
12/2/2024 18:09:30 [Information] COM10: ComPort added to the Settings Form. (Line: 484)
12/2/2024 18:09:30 [Information] decimal: 4.00 Divider4_00 added to the Settings Form. (Line: 271)
12/2/2024 18:09:30 [Information] decimal: 0.00 MathPart2Initlz added to the Settings Form. (Line: 271)
12/2/2024 18:09:30 [Information] decimal: 1.00 MilisecondTimerInterval added to the Settings Form. (Line: 271)
12/2/2024 18:09:30 [Information] decimal: 1000.00 MillisecondDelay added to the Settings Form. (Line: 271)
12/2/2024 18:09:30 [Information] int: 1000 Milliseconds added to the Settings Form. (Line: 151)
12/2/2024 18:09:30 [Information] int: 4 mmPerRevolution added to the Settings Form. (Line: 151)
12/2/2024 18:09:30 [Information] int: 200 stepsPerRevolution added to the Settings Form. (Line: 151)
12/2/2024 18:09:30 [Information] int: 2000 ThreadSleep added to the Settings Form. (Line: 151)
12/2/2024 18:09:30 [Information] decimal: 0.00 Value_0_00 added to the Settings Form. (Line: 271)
12/2/2024 18:09:30 [Information] decimal: 50.00 XaxisAcceleration added to the Settings Form. (Line: 271)
12/2/2024 18:09:30 [Information] bool: False XaxisChanged added to the Settings Form. (Line: 218)
12/2/2024 18:09:30 [Information] decimal: 400.00 XaxisMotorSpeed added to the Settings Form. (Line: 271)
12/2/2024 18:09:30 [Information] decimal: 0.00 XaxisStepperCurrent added to the Settings Form. (Line: 271)
12/2/2024 18:09:30 [Information] decimal: 0.00 XaxisStepperMove added to the Settings Form. (Line: 271)
12/2/2024 18:09:30 [Information] XCOM1: XComPort added to the Settings Form. (Line: 346)
12/2/2024 18:09:30 [Information] XCOM2: XComPort added to the Settings Form. (Line: 346)
12/2/2024 18:09:30 [Information] XCOM3: XComPort added to the Settings Form. (Line: 346)
12/2/2024 18:09:30 [Information] XCOM4: XComPort added to the Settings Form. (Line: 346)
12/2/2024 18:09:30 [Information] XCOM5: XComPort added to the Settings Form. (Line: 346)
12/2/2024 18:09:30 [Information] XCOM6: XComPort added to the Settings Form. (Line: 346)
12/2/2024 18:09:30 [Information] XCOM7: XComPort added to the Settings Form. (Line: 346)
12/2/2024 18:09:30 [Information] XCOM8: XComPort added to the Settings Form. (Line: 346)
12/2/2024 18:09:30 [Information] XCOM9: XComPort added to the Settings Form. (Line: 346)
12/2/2024 18:09:30 [Information] XCOM10: XComPort added to the Settings Form. (Line: 346)
12/2/2024 18:09:30 [Information] decimal: 50.00 YaxisAcceleration added to the Settings Form. (Line: 271)
12/2/2024 18:09:30 [Information] bool: False YaxisChanged added to the Settings Form. (Line: 218)
12/2/2024 18:09:30 [Information] decimal: 400.00 YaxisMotorSpeed added to the Settings Form. (Line: 271)
12/2/2024 18:09:30 [Information] decimal: 0.00 YaxisStepperCurrent added to the Settings Form. (Line: 271)
12/2/2024 18:09:30 [Information] decimal: 0.00 YaxisStepperMove added to the Settings Form. (Line: 271)
12/2/2024 18:09:30 [Information] YCOM1: YComPort added to the Settings Form. (Line: 392)
12/2/2024 18:09:30 [Information] YCOM2: YComPort added to the Settings Form. (Line: 392)
12/2/2024 18:09:30 [Information] YCOM3: YComPort added to the Settings Form. (Line: 392)
12/2/2024 18:09:30 [Information] YCOM4: YComPort added to the Settings Form. (Line: 392)
12/2/2024 18:09:30 [Information] YCOM5: YComPort added to the Settings Form. (Line: 392)
12/2/2024 18:09:30 [Information] YCOM6: YComPort added to the Settings Form. (Line: 392)
12/2/2024 18:09:30 [Information] YCOM7: YComPort added to the Settings Form. (Line: 392)
12/2/2024 18:09:30 [Information] YCOM8: YComPort added to the Settings Form. (Line: 392)
12/2/2024 18:09:30 [Information] YCOM9: YComPort added to the Settings Form. (Line: 392)
12/2/2024 18:09:30 [Information] YCOM10: YComPort added to the Settings Form. (Line: 392)
12/2/2024 18:09:30 [Information] decimal: 50.00 ZaxisAcceleration added to the Settings Form. (Line: 271)
12/2/2024 18:09:30 [Information] bool: False ZaxisChanged added to the Settings Form. (Line: 218)
12/2/2024 18:09:30 [Information] decimal: 400.00 ZaxisMotorSpeed added to the Settings Form. (Line: 271)
12/2/2024 18:09:30 [Information] decimal: 0.00 ZaxisStepperCurrent added to the Settings Form. (Line: 271)
12/2/2024 18:09:30 [Information] decimal: 0.00 ZaxisStepperMove added to the Settings Form. (Line: 271)
12/2/2024 18:09:30 [Information] ZCOM1: ZComPort added to the Settings Form. (Line: 438)
12/2/2024 18:09:30 [Information] ZCOM2: ZComPort added to the Settings Form. (Line: 438)
12/2/2024 18:09:30 [Information] ZCOM3: ZComPort added to the Settings Form. (Line: 438)
12/2/2024 18:09:30 [Information] ZCOM4: ZComPort added to the Settings Form. (Line: 438)
12/2/2024 18:09:30 [Information] ZCOM5: ZComPort added to the Settings Form. (Line: 438)
12/2/2024 18:09:30 [Information] ZCOM6: ZComPort added to the Settings Form. (Line: 438)
12/2/2024 18:09:30 [Information] ZCOM7: ZComPort added to the Settings Form. (Line: 438)
12/2/2024 18:09:30 [Information] ZCOM8: ZComPort added to the Settings Form. (Line: 438)
12/2/2024 18:09:30 [Information] ZCOM9: ZComPort added to the Settings Form. (Line: 438)
12/2/2024 18:09:30 [Information] ZCOM10: ZComPort added to the Settings Form. (Line: 438)
12/2/2024 18:09:30 [Information] int: 0 zeroXaxis added to the Settings Form. (Line: 151)
12/2/2024 18:09:30 [Information] int: 0 zeroYaxis added to the Settings Form. (Line: 151)
12/2/2024 18:09:30 [Information] int: 0 zeroZaxis added to the Settings Form. (Line: 151)
12/2/2024 18:09:30 [Information] NewSettingsWindow updated to Stepper.StepperAppSettings (Line: 49)
12/2/2024 18:09:31 [Information] Stepper Motor Controller MainWindow loaded (Line: 2041)
12/2/2024 18:09:31 [Information] Set MainWindow Media Brushes to White. (Line: 2051)
12/2/2024 18:09:38 [Information] txtZaxisStepperMove Axis mouse controlled Keypad returned: 32.00 (Line: 1879)
12/2/2024 18:09:39 [Information] Z Axis Run button clicked: (Line: 1358)
12/2/2024 18:09:39 [Information] Z Axis MotorMovementSeconds for <= 400.00 RPM: 4.80 (Line: 1599)
12/2/2024 18:09:39 [Information] TargetEndTime updated to 12/2/2024 18:09:44 (Line: 88)
12/2/2024 18:09:39 [Information] ZAxisAbsolutePosition updated to 0 (Line: 499)
12/2/2024 18:09:39 [Information] Z Axis Absolute Position changed. (Line: 752)
12/2/2024 18:09:39 [Information] Z Axis Run Event: Z,0.00,400.00,0,0.00,400.00,0,32.00,400.00,0 (Line: 1524)
12/2/2024 18:09:44 [Information] Stepper Motor Countdown: Completed (Line: 998)
12/2/2024 18:09:45 [Information] ZAxisTargetReached updated to True (Line: 463)
12/2/2024 18:09:45 [Information] Z Axis Target Reached changed. (Line: 708)
12/2/2024 18:09:45 [Information] ZAxisAbsolutePosition updated to 32 (Line: 499)
12/2/2024 18:09:45 [Information] Z Axis Absolute Position changed. (Line: 752)
12/2/2024 18:09:48 [Information] Z Axis Position: 32. (Line: 734)
12/2/2024 18:09:48 [Information] Axis Z reached target position Current Position: (Line: 1200)
12/2/2024 18:09:56 [Information] ZAxisTargetReached updated to False (Line: 463)
12/2/2024 18:09:56 [Information] Z Axis Run button clicked: (Line: 1358)
12/2/2024 18:09:56 [Information] Z Axis MotorMovementSeconds for <= 400.00 RPM: 4.80 (Line: 1599)
12/2/2024 18:09:56 [Information] TargetEndTime updated to 12/2/2024 18:10:01 (Line: 88)
12/2/2024 18:09:56 [Information] ZAxisAbsolutePosition updated to 64 (Line: 499)
12/2/2024 18:09:56 [Information] Z Axis Absolute Position changed. (Line: 752)
12/2/2024 18:09:56 [Information] Z Axis Run Event: Z,0.00,400.00,0,0.00,400.00,0,32.00,400.00,0 (Line: 1524)
12/2/2024 18:10:01 [Information] Stepper Motor Countdown: Completed (Line: 998)
12/2/2024 18:10:05 [Information] Stepper Motor Controller MainWindow Closing. (Line: 2062)
12/2/2024 18:10:05 [Information] Properties Settings Saved. (Line: 2071)
12/2/2024 18:10:05 [Information] Properties Settings Form Closed. (Line: 2077)
12/2/2024 18:10:05 [Information] Stepper Motor Controller Form Closed. (Line: 2080)
