11/23/2024 16:11:20 [Information] Stepper Motor Controller Application Started. (Line: 718)
11/23/2024 16:11:20 [Information] Version: 3.0.9093.29135 (11/23/2024 16:11:20) (Line: 722)
11/23/2024 16:11:20 [Information] Initializing Serial Ports. (Line: 553)
11/23/2024 16:11:20 [Error] I/O error occurred while opening the port COM7. (Line: 614)
11/23/2024 16:11:22 [Error] I/O error occurred while opening the port COM8. (Line: 614)
11/23/2024 16:11:22 [Information] SerialPort COM10 opened successfully. (Line: 599)
11/23/2024 16:11:22 [Information] SerialPort COM10 read 1 bytes. (Line: 604)
11/23/2024 16:11:22 [Information] Stepper Motor Controller Application Started. (Line: 364)
11/23/2024 16:11:22 [Information] Version: 3.0.9093.29135 (11/23/2024 16:11:22) (Line: 368)
11/23/2024 16:11:23 [Information] Version: 3.1.0.29136 (11/23/2024 16:11:23) (Line: 443)
11/23/2024 16:11:23 [Information] Element AssemblyVersion not found in the provided XML document. (Line: 545)
11/23/2024 16:11:23 [Information] Element FileVersion not found in the provided XML document. (Line: 545)
11/23/2024 16:11:23 [Information] Version: 3.1.0.29136 (11/23/2024 16:11:23) (Line: 451)
11/23/2024 16:11:23 [Information] Stepper Motor Controller Application Settings Window Opened. (Line: 39)
11/23/2024 16:11:23 [Information] Stepper Motor Controller Application Settings form is rebuilt each and every time it is opened. (Line: 47)
11/23/2024 16:11:23 [Information] int: 9600 BaudRate added to the Settings Form. (Line: 151)
11/23/2024 16:11:23 [Information] bool: False ckbXaxisResetToZeroIsChecked added to the Settings Form. (Line: 218)
11/23/2024 16:11:23 [Information] bool: False ckbYaxisResetToZeroIsChecked added to the Settings Form. (Line: 218)
11/23/2024 16:11:23 [Information] bool: False ckbZaxisResetToZeroIsChecked added to the Settings Form. (Line: 218)
11/23/2024 16:11:23 [Information] COM1: ComPort added to the Settings Form. (Line: 484)
11/23/2024 16:11:23 [Information] COM2: ComPort added to the Settings Form. (Line: 484)
11/23/2024 16:11:23 [Information] COM3: ComPort added to the Settings Form. (Line: 484)
11/23/2024 16:11:23 [Information] COM4: ComPort added to the Settings Form. (Line: 484)
11/23/2024 16:11:23 [Information] COM5: ComPort added to the Settings Form. (Line: 484)
11/23/2024 16:11:23 [Information] COM6: ComPort added to the Settings Form. (Line: 484)
11/23/2024 16:11:23 [Information] COM7: ComPort added to the Settings Form. (Line: 484)
11/23/2024 16:11:23 [Information] COM8: ComPort added to the Settings Form. (Line: 484)
11/23/2024 16:11:23 [Information] COM9: ComPort added to the Settings Form. (Line: 484)
11/23/2024 16:11:23 [Information] COM10: ComPort added to the Settings Form. (Line: 484)
11/23/2024 16:11:23 [Information] decimal: 4.00 Divider4_00 added to the Settings Form. (Line: 271)
11/23/2024 16:11:23 [Information] decimal: 0.00 MathPart2Initlz added to the Settings Form. (Line: 271)
11/23/2024 16:11:23 [Information] decimal: 1.00 MilisecondTimerInterval added to the Settings Form. (Line: 271)
11/23/2024 16:11:23 [Information] decimal: 1000.00 MillisecondDelay added to the Settings Form. (Line: 271)
11/23/2024 16:11:23 [Information] int: 1000 Milliseconds added to the Settings Form. (Line: 151)
11/23/2024 16:11:23 [Information] int: 4 mmPerRevolution added to the Settings Form. (Line: 151)
11/23/2024 16:11:23 [Information] int: 2000 ThreadSleep added to the Settings Form. (Line: 151)
11/23/2024 16:11:23 [Information] decimal: 0.00 Value_0_00 added to the Settings Form. (Line: 271)
11/23/2024 16:11:23 [Information] decimal: 50.00 XaxisAcceleration added to the Settings Form. (Line: 271)
11/23/2024 16:11:23 [Information] bool: False XaxisChanged added to the Settings Form. (Line: 218)
11/23/2024 16:11:23 [Information] decimal: 400.00 XaxisMotorSpeed added to the Settings Form. (Line: 271)
11/23/2024 16:11:23 [Information] decimal: 0.00 XaxisStepperCurrent added to the Settings Form. (Line: 271)
11/23/2024 16:11:23 [Information] decimal: 0.00 XaxisStepperMove added to the Settings Form. (Line: 271)
11/23/2024 16:11:23 [Information] XCOM1: XComPort added to the Settings Form. (Line: 346)
11/23/2024 16:11:23 [Information] XCOM2: XComPort added to the Settings Form. (Line: 346)
11/23/2024 16:11:23 [Information] XCOM3: XComPort added to the Settings Form. (Line: 346)
11/23/2024 16:11:23 [Information] XCOM4: XComPort added to the Settings Form. (Line: 346)
11/23/2024 16:11:23 [Information] XCOM5: XComPort added to the Settings Form. (Line: 346)
11/23/2024 16:11:23 [Information] XCOM6: XComPort added to the Settings Form. (Line: 346)
11/23/2024 16:11:23 [Information] XCOM7: XComPort added to the Settings Form. (Line: 346)
11/23/2024 16:11:23 [Information] XCOM8: XComPort added to the Settings Form. (Line: 346)
11/23/2024 16:11:23 [Information] XCOM9: XComPort added to the Settings Form. (Line: 346)
11/23/2024 16:11:23 [Information] XCOM10: XComPort added to the Settings Form. (Line: 346)
11/23/2024 16:11:23 [Information] decimal: 50.00 YaxisAcceleration added to the Settings Form. (Line: 271)
11/23/2024 16:11:23 [Information] bool: False YaxisChanged added to the Settings Form. (Line: 218)
11/23/2024 16:11:23 [Information] decimal: 400.00 YaxisMotorSpeed added to the Settings Form. (Line: 271)
11/23/2024 16:11:23 [Information] decimal: 0.00 YaxisStepperCurrent added to the Settings Form. (Line: 271)
11/23/2024 16:11:23 [Information] decimal: 0.00 YaxisStepperMove added to the Settings Form. (Line: 271)
11/23/2024 16:11:23 [Information] YCOM1: YComPort added to the Settings Form. (Line: 392)
11/23/2024 16:11:23 [Information] YCOM2: YComPort added to the Settings Form. (Line: 392)
11/23/2024 16:11:23 [Information] YCOM3: YComPort added to the Settings Form. (Line: 392)
11/23/2024 16:11:23 [Information] YCOM4: YComPort added to the Settings Form. (Line: 392)
11/23/2024 16:11:23 [Information] YCOM5: YComPort added to the Settings Form. (Line: 392)
11/23/2024 16:11:23 [Information] YCOM6: YComPort added to the Settings Form. (Line: 392)
11/23/2024 16:11:23 [Information] YCOM7: YComPort added to the Settings Form. (Line: 392)
11/23/2024 16:11:23 [Information] YCOM8: YComPort added to the Settings Form. (Line: 392)
11/23/2024 16:11:23 [Information] YCOM9: YComPort added to the Settings Form. (Line: 392)
11/23/2024 16:11:23 [Information] YCOM10: YComPort added to the Settings Form. (Line: 392)
11/23/2024 16:11:23 [Information] decimal: 50.00 ZaxisAcceleration added to the Settings Form. (Line: 271)
11/23/2024 16:11:23 [Information] bool: False ZaxisChanged added to the Settings Form. (Line: 218)
11/23/2024 16:11:23 [Information] decimal: 400.00 ZaxisMotorSpeed added to the Settings Form. (Line: 271)
11/23/2024 16:11:23 [Information] decimal: 0.00 ZaxisStepperCurrent added to the Settings Form. (Line: 271)
11/23/2024 16:11:23 [Information] decimal: 0.00 ZaxisStepperMove added to the Settings Form. (Line: 271)
11/23/2024 16:11:23 [Information] ZCOM1: ZComPort added to the Settings Form. (Line: 438)
11/23/2024 16:11:23 [Information] ZCOM2: ZComPort added to the Settings Form. (Line: 438)
11/23/2024 16:11:23 [Information] ZCOM3: ZComPort added to the Settings Form. (Line: 438)
11/23/2024 16:11:23 [Information] ZCOM4: ZComPort added to the Settings Form. (Line: 438)
11/23/2024 16:11:23 [Information] ZCOM5: ZComPort added to the Settings Form. (Line: 438)
11/23/2024 16:11:23 [Information] ZCOM6: ZComPort added to the Settings Form. (Line: 438)
11/23/2024 16:11:23 [Information] ZCOM7: ZComPort added to the Settings Form. (Line: 438)
11/23/2024 16:11:23 [Information] ZCOM8: ZComPort added to the Settings Form. (Line: 438)
11/23/2024 16:11:23 [Information] ZCOM9: ZComPort added to the Settings Form. (Line: 438)
11/23/2024 16:11:23 [Information] ZCOM10: ZComPort added to the Settings Form. (Line: 438)
11/23/2024 16:11:23 [Information] int: 0 zeroXaxis added to the Settings Form. (Line: 151)
11/23/2024 16:11:23 [Information] int: 0 zeroYaxis added to the Settings Form. (Line: 151)
11/23/2024 16:11:23 [Information] int: 0 zeroZaxis added to the Settings Form. (Line: 151)
11/23/2024 16:11:23 [Information] Stepper Motor Controller MainWindow loaded (Line: 1679)
11/23/2024 16:11:23 [Information] Set MainWindow Media Brushes to White. (Line: 1689)
11/23/2024 16:11:29 [Information] Z Axis stepper move updated to 32.00 (Line: 1466)
11/23/2024 16:11:29 [Information] txtZaxisStepperMove Axis mouse controlled Keypad returned: 32.00 (Line: 1512)
11/23/2024 16:11:30 [Information] Z Axis Run button clicked: (Line: 1038)
11/23/2024 16:11:30 [Information] Z Axis MotorMovementSeconds: 4.5714285714285714285714285714 (Line: 1288)
11/23/2024 16:11:30 [Information] Z Axis Run Event: Z,0.00,400.00,0,0.00,400.00,0,32.00,400.00,0 (Line: 1200)
11/23/2024 16:11:35 [Information] Stepper Motor Countdown: Completed (Line: 751)
11/23/2024 16:11:40 [Information] Updated Zero Status - X: 0, Y: 0, Z: 1 (Line: 1224)
11/23/2024 16:11:42 [Information] Z Axis Run button clicked: (Line: 1038)
11/23/2024 16:11:42 [Information] Z Axis Run Event to reset Axis to xero: Z,0.00,400.00,0,0.00,400.00,0,0.00,400.00,1 (Line: 1162)
11/23/2024 16:11:42 [Information] Setting Z Axis Current Location Set to Zero on DRO (Line: 1348)
11/23/2024 16:11:43 [Information] Z Axis stepper move updated to 0.00 (Line: 1466)
11/23/2024 16:11:43 [Information] Updated Zero Status - X: 0, Y: 0, Z: 0 (Line: 1224)
11/23/2024 16:11:43 [Information] Z Axis Current Location Set to Zero (Line: 1382)
11/23/2024 16:12:20 [Information] Z Axis stepper move updated to -32.00 (Line: 1466)
11/23/2024 16:12:20 [Information] txtZaxisStepperMove Axis mouse controlled Keypad returned: -32.00 (Line: 1512)
11/23/2024 16:12:22 [Information] Z Axis Run button clicked: (Line: 1038)
11/23/2024 16:12:22 [Information] Z Axis MotorMovementSeconds: 4.5714285714285714285714285714 (Line: 1288)
11/23/2024 16:12:22 [Information] Z Axis Run Event: Z,0.00,400.00,0,0.00,400.00,0,-32.00,400.00,0 (Line: 1200)
11/23/2024 16:12:27 [Information] Stepper Motor Countdown: Completed (Line: 751)
11/23/2024 16:12:29 [Information] Z Axis Run button clicked: (Line: 1038)
11/23/2024 16:12:29 [Information] Z Axis MotorMovementSeconds: 4.5714285714285714285714285714 (Line: 1288)
11/23/2024 16:12:29 [Information] Z Axis Run Event: Z,0.00,400.00,0,0.00,400.00,0,-32.00,400.00,0 (Line: 1200)
11/23/2024 16:12:34 [Information] Stepper Motor Countdown: Completed (Line: 751)
11/23/2024 16:12:36 [Information] Z Axis Run button clicked: (Line: 1038)
11/23/2024 16:12:36 [Information] Z Axis MotorMovementSeconds: 4.5714285714285714285714285714 (Line: 1288)
11/23/2024 16:12:36 [Information] Z Axis Run Event: Z,0.00,400.00,0,0.00,400.00,0,-32.00,400.00,0 (Line: 1200)
11/23/2024 16:12:41 [Information] Stepper Motor Countdown: Completed (Line: 751)
11/23/2024 16:12:49 [Information] Z Axis stepper move updated to -96.00 (Line: 1466)
11/23/2024 16:12:49 [Information] txtZaxisStepperMove Axis mouse controlled Keypad returned: -96.00 (Line: 1512)
11/23/2024 16:12:52 [Information] Z Axis Run button clicked: (Line: 1038)
11/23/2024 16:12:52 [Information] Z Axis MotorMovementSeconds: 13.714285714285714285714285714 (Line: 1288)
11/23/2024 16:12:52 [Information] Z Axis Run Event: Z,0.00,400.00,0,0.00,400.00,0,-96.00,400.00,0 (Line: 1200)
11/23/2024 16:13:06 [Information] Stepper Motor Countdown: Completed (Line: 751)
11/23/2024 16:13:14 [Information] Z Axis stepper move updated to 192.00 (Line: 1466)
11/23/2024 16:13:14 [Information] txtZaxisStepperMove Axis mouse controlled Keypad returned: 192.00 (Line: 1512)
11/23/2024 16:13:15 [Information] Z Axis Run button clicked: (Line: 1038)
11/23/2024 16:13:15 [Information] Z Axis MotorMovementSeconds: 27.428571428571428571428571429 (Line: 1288)
11/23/2024 16:13:15 [Information] Z Axis Run Event: Z,0.00,400.00,0,0.00,400.00,0,192.00,400.00,0 (Line: 1200)
11/23/2024 16:13:43 [Information] Stepper Motor Countdown: Completed (Line: 751)
11/23/2024 16:13:52 [Information] Updated Zero Status - X: 0, Y: 0, Z: 1 (Line: 1224)
11/23/2024 16:13:54 [Information] Z Axis Run button clicked: (Line: 1038)
11/23/2024 16:13:54 [Information] Z Axis Run Event to reset Axis to xero: Z,0.00,400.00,0,0.00,400.00,0,0.00,400.00,1 (Line: 1162)
11/23/2024 16:13:54 [Information] Setting Z Axis Current Location Set to Zero on DRO (Line: 1348)
11/23/2024 16:13:55 [Information] Z Axis stepper move updated to 0.00 (Line: 1466)
11/23/2024 16:13:55 [Information] Updated Zero Status - X: 0, Y: 0, Z: 0 (Line: 1224)
11/23/2024 16:13:55 [Information] Z Axis Current Location Set to Zero (Line: 1382)
11/23/2024 16:15:04 [Information] Z Axis stepper move updated to 4.00 (Line: 1466)
11/23/2024 16:15:04 [Information] txtZaxisStepperMove Axis mouse controlled Keypad returned: 4.00 (Line: 1512)
11/23/2024 16:15:06 [Information] Z Axis Run button clicked: (Line: 1038)
11/23/2024 16:15:06 [Information] Z Axis MotorMovementSeconds: 0.5714285714285714285714285714 (Line: 1288)
11/23/2024 16:15:06 [Information] Z Axis Run Event: Z,0.00,400.00,0,0.00,400.00,0,4.00,400.00,0 (Line: 1200)
11/23/2024 16:15:07 [Information] Stepper Motor Countdown: Completed (Line: 751)
11/23/2024 16:15:14 [Information] Z Axis stepper move updated to 8.00 (Line: 1466)
11/23/2024 16:15:14 [Information] txtZaxisStepperMove Axis mouse controlled Keypad returned: 8.00 (Line: 1512)
11/23/2024 16:15:15 [Information] Z Axis Run button clicked: (Line: 1038)
11/23/2024 16:15:15 [Information] Z Axis MotorMovementSeconds: 1.1428571428571428571428571429 (Line: 1288)
11/23/2024 16:15:15 [Information] Z Axis Run Event: Z,0.00,400.00,0,0.00,400.00,0,8.00,400.00,0 (Line: 1200)
11/23/2024 16:15:16 [Information] Stepper Motor Countdown: Completed (Line: 751)
11/23/2024 16:15:32 [Information] Z Axis stepper move updated to 12.00 (Line: 1466)
11/23/2024 16:15:32 [Information] txtZaxisStepperMove Axis mouse controlled Keypad returned: 12.00 (Line: 1512)
11/23/2024 16:15:34 [Information] Z Axis Run button clicked: (Line: 1038)
11/23/2024 16:15:34 [Information] Z Axis MotorMovementSeconds: 1.7142857142857142857142857143 (Line: 1288)
11/23/2024 16:15:34 [Information] Z Axis Run Event: Z,0.00,400.00,0,0.00,400.00,0,12.00,400.00,0 (Line: 1200)
11/23/2024 16:15:36 [Information] Stepper Motor Countdown: Completed (Line: 751)
11/23/2024 16:15:47 [Information] Z Axis stepper move updated to 16.00 (Line: 1466)
11/23/2024 16:15:47 [Information] txtZaxisStepperMove Axis mouse controlled Keypad returned: 16.00 (Line: 1512)
11/23/2024 16:15:49 [Information] Z Axis Run button clicked: (Line: 1038)
11/23/2024 16:15:49 [Information] Z Axis MotorMovementSeconds: 2.2857142857142857142857142857 (Line: 1288)
11/23/2024 16:15:49 [Information] Z Axis Run Event: Z,0.00,400.00,0,0.00,400.00,0,16.00,400.00,0 (Line: 1200)
11/23/2024 16:15:51 [Information] Stepper Motor Countdown: Completed (Line: 751)
11/23/2024 16:16:10 [Information] Z Axis stepper move updated to 20.00 (Line: 1466)
11/23/2024 16:16:10 [Information] txtZaxisStepperMove Axis mouse controlled Keypad returned: 20.00 (Line: 1512)
11/23/2024 16:16:11 [Information] Z Axis Run button clicked: (Line: 1038)
11/23/2024 16:16:11 [Information] Z Axis MotorMovementSeconds: 2.8571428571428571428571428571 (Line: 1288)
11/23/2024 16:16:11 [Information] Z Axis Run Event: Z,0.00,400.00,0,0.00,400.00,0,20.00,400.00,0 (Line: 1200)
11/23/2024 16:16:15 [Information] Stepper Motor Countdown: Completed (Line: 751)
11/23/2024 16:16:21 [Information] Z Axis stepper move updated to 24.00 (Line: 1466)
11/23/2024 16:16:21 [Information] txtZaxisStepperMove Axis mouse controlled Keypad returned: 24.00 (Line: 1512)
11/23/2024 16:16:23 [Information] Z Axis Run button clicked: (Line: 1038)
11/23/2024 16:16:23 [Information] Z Axis MotorMovementSeconds: 3.4285714285714285714285714286 (Line: 1288)
11/23/2024 16:16:23 [Information] Z Axis Run Event: Z,0.00,400.00,0,0.00,400.00,0,24.00,400.00,0 (Line: 1200)
11/23/2024 16:16:26 [Information] Stepper Motor Countdown: Completed (Line: 751)
11/23/2024 16:16:37 [Information] Z Axis stepper move updated to 28.00 (Line: 1466)
11/23/2024 16:16:37 [Information] txtZaxisStepperMove Axis mouse controlled Keypad returned: 28.00 (Line: 1512)
11/23/2024 16:16:38 [Information] Z Axis Run button clicked: (Line: 1038)
11/23/2024 16:16:38 [Information] Z Axis MotorMovementSeconds: 4 (Line: 1288)
11/23/2024 16:16:38 [Information] Z Axis Run Event: Z,0.00,400.00,0,0.00,400.00,0,28.00,400.00,0 (Line: 1200)
11/23/2024 16:16:43 [Information] Stepper Motor Countdown: Completed (Line: 751)
11/23/2024 16:16:51 [Information] Z Axis stepper move updated to -112.00 (Line: 1466)
11/23/2024 16:16:51 [Information] txtZaxisStepperMove Axis mouse controlled Keypad returned: -112.00 (Line: 1512)
11/23/2024 16:16:52 [Information] Z Axis Run button clicked: (Line: 1038)
11/23/2024 16:16:52 [Information] Z Axis MotorMovementSeconds: 16 (Line: 1288)
11/23/2024 16:16:52 [Information] Z Axis Run Event: Z,0.00,400.00,0,0.00,400.00,0,-112.00,400.00,0 (Line: 1200)
11/23/2024 16:17:09 [Information] Stepper Motor Countdown: Completed (Line: 751)
11/23/2024 16:17:16 [Information] Stepper Motor Controller MainWindow Closing. (Line: 1700)
11/23/2024 16:17:16 [Information] Properties Settings Saved. (Line: 1709)
11/23/2024 16:17:16 [Information] Properties Settings Form Closed. (Line: 1715)
11/23/2024 16:17:16 [Information] Stepper Motor Controller Form Closed. (Line: 1718)
