11/29/2024 14:34:30 [Information] Logger updated to Microsoft.Extensions.Logging.Logger`1[Stepper.MainWindow] (Line: 327)
11/29/2024 14:34:30 [Information] Stepper Motor Controller Application Started. (Line: 1214)
11/29/2024 14:34:30 [Information] Version: 3.0.9099.26231 (11/29/2024 14:34:30) (Line: 1218)
11/29/2024 14:34:30 [Information] Initializing Serial Ports. (Line: 1043)
11/29/2024 14:34:31 [Error] I/O error occurred while opening the port COM7. (Line: 1106)
11/29/2024 14:34:42 [Error] I/O error occurred while opening the port COM8. (Line: 1106)
11/29/2024 14:34:42 [Information] SerialPort COM10 opened successfully. (Line: 1089)
11/29/2024 14:34:42 [Information] SerialPort COM10 read 1 bytes. (Line: 1094)
11/29/2024 14:34:42 [Information] CountdownTimer updated to System.Windows.Threading.DispatcherTimer (Line: 76)
11/29/2024 14:34:42 [Information] Stepper Motor Controller Application Started. (Line: 762)
11/29/2024 14:34:42 [Information] Version: 3.0.9099.26231 (11/29/2024 14:34:42) (Line: 766)
11/29/2024 14:34:43 [Information] Version: 3.1.0.26232 (11/29/2024 14:34:43) (Line: 849)
11/29/2024 14:34:43 [Information] Element AssemblyVersion not found in the provided XML document. (Line: 1035)
11/29/2024 14:34:43 [Information] Element FileVersion not found in the provided XML document. (Line: 1035)
11/29/2024 14:34:43 [Information] Version: 3.1.0.26232 (11/29/2024 14:34:43) (Line: 857)
11/29/2024 14:34:43 [Information] Stepper Motor Controller Application Settings Window Opened. (Line: 39)
11/29/2024 14:34:43 [Information] Stepper Motor Controller Application Settings form is rebuilt each and every time it is opened. (Line: 47)
11/29/2024 14:34:43 [Information] int: 0 AxisAbsolutePosition added to the Settings Form. (Line: 151)
11/29/2024 14:34:43 [Information] int: 9600 BaudRate added to the Settings Form. (Line: 151)
11/29/2024 14:34:43 [Information] bool: False ckbXaxisResetToZeroIsChecked added to the Settings Form. (Line: 218)
11/29/2024 14:34:43 [Information] bool: False ckbYaxisResetToZeroIsChecked added to the Settings Form. (Line: 218)
11/29/2024 14:34:43 [Information] bool: False ckbZaxisResetToZeroIsChecked added to the Settings Form. (Line: 218)
11/29/2024 14:34:43 [Information] COM1: ComPort added to the Settings Form. (Line: 484)
11/29/2024 14:34:43 [Information] COM2: ComPort added to the Settings Form. (Line: 484)
11/29/2024 14:34:43 [Information] COM3: ComPort added to the Settings Form. (Line: 484)
11/29/2024 14:34:43 [Information] COM4: ComPort added to the Settings Form. (Line: 484)
11/29/2024 14:34:43 [Information] COM5: ComPort added to the Settings Form. (Line: 484)
11/29/2024 14:34:43 [Information] COM6: ComPort added to the Settings Form. (Line: 484)
11/29/2024 14:34:43 [Information] COM7: ComPort added to the Settings Form. (Line: 484)
11/29/2024 14:34:43 [Information] COM8: ComPort added to the Settings Form. (Line: 484)
11/29/2024 14:34:43 [Information] COM9: ComPort added to the Settings Form. (Line: 484)
11/29/2024 14:34:43 [Information] COM10: ComPort added to the Settings Form. (Line: 484)
11/29/2024 14:34:43 [Information] decimal: 4.00 Divider4_00 added to the Settings Form. (Line: 271)
11/29/2024 14:34:43 [Information] decimal: 0.00 MathPart2Initlz added to the Settings Form. (Line: 271)
11/29/2024 14:34:43 [Information] decimal: 1.00 MilisecondTimerInterval added to the Settings Form. (Line: 271)
11/29/2024 14:34:43 [Information] decimal: 1000.00 MillisecondDelay added to the Settings Form. (Line: 271)
11/29/2024 14:34:43 [Information] int: 1000 Milliseconds added to the Settings Form. (Line: 151)
11/29/2024 14:34:43 [Information] int: 4 mmPerRevolution added to the Settings Form. (Line: 151)
11/29/2024 14:34:43 [Information] int: 200 stepsPerRevolution added to the Settings Form. (Line: 151)
11/29/2024 14:34:43 [Information] int: 2000 ThreadSleep added to the Settings Form. (Line: 151)
11/29/2024 14:34:43 [Information] decimal: 0.00 Value_0_00 added to the Settings Form. (Line: 271)
11/29/2024 14:34:43 [Information] decimal: 50.00 XaxisAcceleration added to the Settings Form. (Line: 271)
11/29/2024 14:34:43 [Information] bool: False XaxisChanged added to the Settings Form. (Line: 218)
11/29/2024 14:34:43 [Information] decimal: 400.00 XaxisMotorSpeed added to the Settings Form. (Line: 271)
11/29/2024 14:34:43 [Information] decimal: 0.00 XaxisStepperCurrent added to the Settings Form. (Line: 271)
11/29/2024 14:34:43 [Information] decimal: 0.00 XaxisStepperMove added to the Settings Form. (Line: 271)
11/29/2024 14:34:43 [Information] XCOM1: XComPort added to the Settings Form. (Line: 346)
11/29/2024 14:34:43 [Information] XCOM2: XComPort added to the Settings Form. (Line: 346)
11/29/2024 14:34:43 [Information] XCOM3: XComPort added to the Settings Form. (Line: 346)
11/29/2024 14:34:43 [Information] XCOM4: XComPort added to the Settings Form. (Line: 346)
11/29/2024 14:34:43 [Information] XCOM5: XComPort added to the Settings Form. (Line: 346)
11/29/2024 14:34:43 [Information] XCOM6: XComPort added to the Settings Form. (Line: 346)
11/29/2024 14:34:43 [Information] XCOM7: XComPort added to the Settings Form. (Line: 346)
11/29/2024 14:34:43 [Information] XCOM8: XComPort added to the Settings Form. (Line: 346)
11/29/2024 14:34:43 [Information] XCOM9: XComPort added to the Settings Form. (Line: 346)
11/29/2024 14:34:43 [Information] XCOM10: XComPort added to the Settings Form. (Line: 346)
11/29/2024 14:34:43 [Information] decimal: 50.00 YaxisAcceleration added to the Settings Form. (Line: 271)
11/29/2024 14:34:43 [Information] bool: False YaxisChanged added to the Settings Form. (Line: 218)
11/29/2024 14:34:43 [Information] decimal: 400.00 YaxisMotorSpeed added to the Settings Form. (Line: 271)
11/29/2024 14:34:43 [Information] decimal: 0.00 YaxisStepperCurrent added to the Settings Form. (Line: 271)
11/29/2024 14:34:43 [Information] decimal: 0.00 YaxisStepperMove added to the Settings Form. (Line: 271)
11/29/2024 14:34:43 [Information] YCOM1: YComPort added to the Settings Form. (Line: 392)
11/29/2024 14:34:43 [Information] YCOM2: YComPort added to the Settings Form. (Line: 392)
11/29/2024 14:34:43 [Information] YCOM3: YComPort added to the Settings Form. (Line: 392)
11/29/2024 14:34:43 [Information] YCOM4: YComPort added to the Settings Form. (Line: 392)
11/29/2024 14:34:43 [Information] YCOM5: YComPort added to the Settings Form. (Line: 392)
11/29/2024 14:34:43 [Information] YCOM6: YComPort added to the Settings Form. (Line: 392)
11/29/2024 14:34:43 [Information] YCOM7: YComPort added to the Settings Form. (Line: 392)
11/29/2024 14:34:43 [Information] YCOM8: YComPort added to the Settings Form. (Line: 392)
11/29/2024 14:34:43 [Information] YCOM9: YComPort added to the Settings Form. (Line: 392)
11/29/2024 14:34:43 [Information] YCOM10: YComPort added to the Settings Form. (Line: 392)
11/29/2024 14:34:43 [Information] decimal: 50.00 ZaxisAcceleration added to the Settings Form. (Line: 271)
11/29/2024 14:34:43 [Information] bool: False ZaxisChanged added to the Settings Form. (Line: 218)
11/29/2024 14:34:43 [Information] decimal: 400.00 ZaxisMotorSpeed added to the Settings Form. (Line: 271)
11/29/2024 14:34:43 [Information] decimal: 0.00 ZaxisStepperCurrent added to the Settings Form. (Line: 271)
11/29/2024 14:34:43 [Information] decimal: 0.00 ZaxisStepperMove added to the Settings Form. (Line: 271)
11/29/2024 14:34:43 [Information] ZCOM1: ZComPort added to the Settings Form. (Line: 438)
11/29/2024 14:34:43 [Information] ZCOM2: ZComPort added to the Settings Form. (Line: 438)
11/29/2024 14:34:43 [Information] ZCOM3: ZComPort added to the Settings Form. (Line: 438)
11/29/2024 14:34:43 [Information] ZCOM4: ZComPort added to the Settings Form. (Line: 438)
11/29/2024 14:34:43 [Information] ZCOM5: ZComPort added to the Settings Form. (Line: 438)
11/29/2024 14:34:43 [Information] ZCOM6: ZComPort added to the Settings Form. (Line: 438)
11/29/2024 14:34:43 [Information] ZCOM7: ZComPort added to the Settings Form. (Line: 438)
11/29/2024 14:34:43 [Information] ZCOM8: ZComPort added to the Settings Form. (Line: 438)
11/29/2024 14:34:43 [Information] ZCOM9: ZComPort added to the Settings Form. (Line: 438)
11/29/2024 14:34:43 [Information] ZCOM10: ZComPort added to the Settings Form. (Line: 438)
11/29/2024 14:34:43 [Information] int: 0 zeroXaxis added to the Settings Form. (Line: 151)
11/29/2024 14:34:43 [Information] int: 0 zeroYaxis added to the Settings Form. (Line: 151)
11/29/2024 14:34:43 [Information] int: 0 zeroZaxis added to the Settings Form. (Line: 151)
11/29/2024 14:34:43 [Information] NewSettingsWindow updated to Stepper.StepperAppSettings (Line: 56)
11/29/2024 14:34:43 [Information] Stepper Motor Controller MainWindow loaded (Line: 2178)
11/29/2024 14:34:43 [Information] Set MainWindow Media Brushes to White. (Line: 2188)
11/29/2024 14:34:49 [Information] txtZaxisStepperMove Axis mouse controlled Keypad returned: 32.00 (Line: 2016)
11/29/2024 14:34:50 [Information] Z Axis Run button clicked: (Line: 1557)
11/29/2024 14:34:50 [Information] Z Axis MotorMovementSeconds for <= 400.00 RPM: 4.80 (Line: 1780)
11/29/2024 14:34:50 [Information] TargetEndTime updated to 11/29/2024 14:34:55 (Line: 126)
11/29/2024 14:34:50 [Information] Target EndTime changed. (Line: 1009)
11/29/2024 14:34:50 [Information] CompletedXAxisCurrentPosition updated to True (Line: 504)
11/29/2024 14:34:50 [Information] Completed Z Axis Current Position Changed. (Line: 979)
11/29/2024 14:34:50 [Information] LimitSwitchUpdateCompleted updated to True (Line: 747)
11/29/2024 14:34:50 [Information] ZAxisRunToCompletion updated to True (Line: 422)
11/29/2024 14:34:50 [Error] Unexpected error in MoveAxis for Z axis. (Line: 1717)
11/29/2024 14:34:51 [Information] ObjSender updated to System.IO.Ports.SerialPort (Line: 730)
11/29/2024 14:34:59 [Information] Stepper Motor Controller MainWindow Closing. (Line: 2199)
11/29/2024 14:34:59 [Information] Properties Settings Saved. (Line: 2208)
11/29/2024 14:34:59 [Information] Properties Settings Form Closed. (Line: 2214)
11/29/2024 14:34:59 [Information] Stepper Motor Controller Form Closed. (Line: 2217)
