11/26/2024 08:08:30 [Information] Logger updated to Microsoft.Extensions.Logging.Logger`1[Stepper.MainWindow] (Line: 225)
11/26/2024 08:08:30 [Information] Stepper Motor Controller Application Started. (Line: 921)
11/26/2024 08:08:30 [Information] Version: 3.0.9096.14650 (11/26/2024 08:08:30) (Line: 925)
11/26/2024 08:08:30 [Information] Initializing Serial Ports. (Line: 750)
11/26/2024 08:08:30 [Error] I/O error occurred while opening the port COM7. (Line: 813)
11/26/2024 08:08:32 [Error] I/O error occurred while opening the port COM8. (Line: 813)
11/26/2024 08:08:33 [Information] SerialPort COM10 opened successfully. (Line: 796)
11/26/2024 08:08:33 [Information] CountdownTimer updated to System.Windows.Threading.DispatcherTimer (Line: 61)
11/26/2024 08:08:33 [Information] Stepper Motor Controller Application Started. (Line: 545)
11/26/2024 08:08:33 [Information] Version: 3.0.9096.14650 (11/26/2024 08:08:33) (Line: 549)
11/26/2024 08:08:33 [Information] Version: 3.1.0.14651 (11/26/2024 08:08:33) (Line: 625)
11/26/2024 08:08:33 [Information] Element AssemblyVersion not found in the provided XML document. (Line: 742)
11/26/2024 08:08:33 [Information] Element FileVersion not found in the provided XML document. (Line: 742)
11/26/2024 08:08:33 [Information] Version: 3.1.0.14651 (11/26/2024 08:08:33) (Line: 633)
11/26/2024 08:08:33 [Information] Stepper Motor Controller Application Settings Window Opened. (Line: 39)
11/26/2024 08:08:33 [Information] Stepper Motor Controller Application Settings form is rebuilt each and every time it is opened. (Line: 47)
11/26/2024 08:08:33 [Information] int: 9600 BaudRate added to the Settings Form. (Line: 151)
11/26/2024 08:08:33 [Information] bool: False ckbXaxisResetToZeroIsChecked added to the Settings Form. (Line: 218)
11/26/2024 08:08:33 [Information] bool: False ckbYaxisResetToZeroIsChecked added to the Settings Form. (Line: 218)
11/26/2024 08:08:33 [Information] bool: False ckbZaxisResetToZeroIsChecked added to the Settings Form. (Line: 218)
11/26/2024 08:08:33 [Information] COM1: ComPort added to the Settings Form. (Line: 484)
11/26/2024 08:08:33 [Information] COM2: ComPort added to the Settings Form. (Line: 484)
11/26/2024 08:08:33 [Information] COM3: ComPort added to the Settings Form. (Line: 484)
11/26/2024 08:08:33 [Information] COM4: ComPort added to the Settings Form. (Line: 484)
11/26/2024 08:08:33 [Information] COM5: ComPort added to the Settings Form. (Line: 484)
11/26/2024 08:08:33 [Information] COM6: ComPort added to the Settings Form. (Line: 484)
11/26/2024 08:08:33 [Information] COM7: ComPort added to the Settings Form. (Line: 484)
11/26/2024 08:08:33 [Information] COM8: ComPort added to the Settings Form. (Line: 484)
11/26/2024 08:08:33 [Information] COM9: ComPort added to the Settings Form. (Line: 484)
11/26/2024 08:08:33 [Information] COM10: ComPort added to the Settings Form. (Line: 484)
11/26/2024 08:08:33 [Information] decimal: 4.00 Divider4_00 added to the Settings Form. (Line: 271)
11/26/2024 08:08:33 [Information] decimal: 0.00 MathPart2Initlz added to the Settings Form. (Line: 271)
11/26/2024 08:08:33 [Information] decimal: 1.00 MilisecondTimerInterval added to the Settings Form. (Line: 271)
11/26/2024 08:08:33 [Information] decimal: 1000.00 MillisecondDelay added to the Settings Form. (Line: 271)
11/26/2024 08:08:33 [Information] int: 1000 Milliseconds added to the Settings Form. (Line: 151)
11/26/2024 08:08:33 [Information] int: 4 mmPerRevolution added to the Settings Form. (Line: 151)
11/26/2024 08:08:33 [Information] int: 2000 ThreadSleep added to the Settings Form. (Line: 151)
11/26/2024 08:08:33 [Information] decimal: 0.00 Value_0_00 added to the Settings Form. (Line: 271)
11/26/2024 08:08:33 [Information] decimal: 50.00 XaxisAcceleration added to the Settings Form. (Line: 271)
11/26/2024 08:08:33 [Information] bool: False XaxisChanged added to the Settings Form. (Line: 218)
11/26/2024 08:08:33 [Information] decimal: 400.00 XaxisMotorSpeed added to the Settings Form. (Line: 271)
11/26/2024 08:08:33 [Information] decimal: 0.00 XaxisStepperCurrent added to the Settings Form. (Line: 271)
11/26/2024 08:08:33 [Information] decimal: 0.00 XaxisStepperMove added to the Settings Form. (Line: 271)
11/26/2024 08:08:33 [Information] XCOM1: XComPort added to the Settings Form. (Line: 346)
11/26/2024 08:08:33 [Information] XCOM2: XComPort added to the Settings Form. (Line: 346)
11/26/2024 08:08:33 [Information] XCOM3: XComPort added to the Settings Form. (Line: 346)
11/26/2024 08:08:33 [Information] XCOM4: XComPort added to the Settings Form. (Line: 346)
11/26/2024 08:08:33 [Information] XCOM5: XComPort added to the Settings Form. (Line: 346)
11/26/2024 08:08:33 [Information] XCOM6: XComPort added to the Settings Form. (Line: 346)
11/26/2024 08:08:33 [Information] XCOM7: XComPort added to the Settings Form. (Line: 346)
11/26/2024 08:08:33 [Information] XCOM8: XComPort added to the Settings Form. (Line: 346)
11/26/2024 08:08:33 [Information] XCOM9: XComPort added to the Settings Form. (Line: 346)
11/26/2024 08:08:33 [Information] XCOM10: XComPort added to the Settings Form. (Line: 346)
11/26/2024 08:08:33 [Information] decimal: 50.00 YaxisAcceleration added to the Settings Form. (Line: 271)
11/26/2024 08:08:33 [Information] bool: False YaxisChanged added to the Settings Form. (Line: 218)
11/26/2024 08:08:33 [Information] decimal: 400.00 YaxisMotorSpeed added to the Settings Form. (Line: 271)
11/26/2024 08:08:33 [Information] decimal: 0.00 YaxisStepperCurrent added to the Settings Form. (Line: 271)
11/26/2024 08:08:33 [Information] decimal: 0.00 YaxisStepperMove added to the Settings Form. (Line: 271)
11/26/2024 08:08:33 [Information] YCOM1: YComPort added to the Settings Form. (Line: 392)
11/26/2024 08:08:33 [Information] YCOM2: YComPort added to the Settings Form. (Line: 392)
11/26/2024 08:08:33 [Information] YCOM3: YComPort added to the Settings Form. (Line: 392)
11/26/2024 08:08:33 [Information] YCOM4: YComPort added to the Settings Form. (Line: 392)
11/26/2024 08:08:33 [Information] YCOM5: YComPort added to the Settings Form. (Line: 392)
11/26/2024 08:08:33 [Information] YCOM6: YComPort added to the Settings Form. (Line: 392)
11/26/2024 08:08:33 [Information] YCOM7: YComPort added to the Settings Form. (Line: 392)
11/26/2024 08:08:33 [Information] YCOM8: YComPort added to the Settings Form. (Line: 392)
11/26/2024 08:08:33 [Information] YCOM9: YComPort added to the Settings Form. (Line: 392)
11/26/2024 08:08:33 [Information] YCOM10: YComPort added to the Settings Form. (Line: 392)
11/26/2024 08:08:33 [Information] decimal: 50.00 ZaxisAcceleration added to the Settings Form. (Line: 271)
11/26/2024 08:08:33 [Information] bool: False ZaxisChanged added to the Settings Form. (Line: 218)
11/26/2024 08:08:33 [Information] decimal: 400.00 ZaxisMotorSpeed added to the Settings Form. (Line: 271)
11/26/2024 08:08:33 [Information] decimal: 0.00 ZaxisStepperCurrent added to the Settings Form. (Line: 271)
11/26/2024 08:08:33 [Information] decimal: 0.00 ZaxisStepperMove added to the Settings Form. (Line: 271)
11/26/2024 08:08:33 [Information] ZCOM1: ZComPort added to the Settings Form. (Line: 438)
11/26/2024 08:08:33 [Information] ZCOM2: ZComPort added to the Settings Form. (Line: 438)
11/26/2024 08:08:33 [Information] ZCOM3: ZComPort added to the Settings Form. (Line: 438)
11/26/2024 08:08:33 [Information] ZCOM4: ZComPort added to the Settings Form. (Line: 438)
11/26/2024 08:08:33 [Information] ZCOM5: ZComPort added to the Settings Form. (Line: 438)
11/26/2024 08:08:33 [Information] ZCOM6: ZComPort added to the Settings Form. (Line: 438)
11/26/2024 08:08:33 [Information] ZCOM7: ZComPort added to the Settings Form. (Line: 438)
11/26/2024 08:08:33 [Information] ZCOM8: ZComPort added to the Settings Form. (Line: 438)
11/26/2024 08:08:33 [Information] ZCOM9: ZComPort added to the Settings Form. (Line: 438)
11/26/2024 08:08:33 [Information] ZCOM10: ZComPort added to the Settings Form. (Line: 438)
11/26/2024 08:08:33 [Information] int: 0 zeroXaxis added to the Settings Form. (Line: 151)
11/26/2024 08:08:33 [Information] int: 0 zeroYaxis added to the Settings Form. (Line: 151)
11/26/2024 08:08:33 [Information] int: 0 zeroZaxis added to the Settings Form. (Line: 151)
11/26/2024 08:08:33 [Information] NewSettingsWindow updated to Stepper.StepperAppSettings (Line: 48)
11/26/2024 08:08:34 [Information] Stepper Motor Controller MainWindow loaded (Line: 1900)
11/26/2024 08:08:34 [Information] Set MainWindow Media Brushes to White. (Line: 1910)
11/26/2024 08:08:48 [Information] Z Axis stepper move updated to -16.00 (Line: 1698)
11/26/2024 08:08:48 [Information] txtZaxisStepperMove Axis mouse controlled Keypad returned: -16.00 (Line: 1738)
11/26/2024 08:08:49 [Information] Z Axis Run button clicked: (Line: 1221)
11/26/2024 08:08:49 [Information] Z Axis MotorMovementSeconds for <= 400.00 RPM: 2.40 (Line: 1458)
11/26/2024 08:08:49 [Information] TargetEndTime updated to 11/26/2024 08:08:51 (Line: 87)
11/26/2024 08:08:49 [Information] Z Axis Run Event: Z,0.00,400.00,0,0.00,400.00,0,-16.00,400.00,0 (Line: 1384)
11/26/2024 08:08:51 [Information] Stepper Motor Countdown: Completed (Line: 954)
11/26/2024 08:08:51 [Information] ZAxisTargetReached updated to True (Line: 462)
11/26/2024 08:08:51 [Information] Z Axis Target Reached changed. (Line: 694)
11/26/2024 08:08:51 [Information] CompletedZAxisCurrentPosition updated to -16 (Line: 358)
11/26/2024 08:09:04 [Information] ZaxisStepperMoveTemp updated to -16.00 (Line: 212)
11/26/2024 08:09:24 [Information] Z Axis stepper move updated to 16.00 (Line: 1698)
11/26/2024 08:09:24 [Information] txtZaxisStepperMove Axis mouse controlled Keypad returned: 16.00 (Line: 1738)
11/26/2024 08:09:27 [Information] ZAxisTargetReached updated to False (Line: 462)
11/26/2024 08:09:27 [Information] Z Axis Target Reached changed. (Line: 694)
11/26/2024 08:09:27 [Information] Z Axis Run button clicked: (Line: 1221)
11/26/2024 08:09:27 [Information] Z Axis MotorMovementSeconds for <= 400.00 RPM: 2.40 (Line: 1458)
11/26/2024 08:09:27 [Information] TargetEndTime updated to 11/26/2024 08:09:29 (Line: 87)
11/26/2024 08:09:27 [Information] ZAxisAbsolutePosition updated to -16 (Line: 498)
11/26/2024 08:09:27 [Information] Z Axis Absolute Position changed. (Line: 716)
11/26/2024 08:09:27 [Information] Z Axis Run Event: Z,0.00,400.00,0,0.00,400.00,0,16.00,400.00,0 (Line: 1384)
11/26/2024 08:09:29 [Information] Stepper Motor Countdown: Completed (Line: 954)
11/26/2024 08:09:29 [Information] ZAxisTargetReached updated to True (Line: 462)
11/26/2024 08:09:29 [Information] Z Axis Target Reached changed. (Line: 694)
11/26/2024 08:09:29 [Information] CompletedZAxisCurrentPosition updated to 0 (Line: 358)
11/26/2024 08:09:33 [Information] ZAxisTargetReached updated to False (Line: 462)
11/26/2024 08:09:33 [Information] Z Axis Target Reached changed. (Line: 694)
11/26/2024 08:09:33 [Information] Z Axis Run button clicked: (Line: 1221)
11/26/2024 08:09:33 [Information] Z Axis MotorMovementSeconds for <= 400.00 RPM: 2.40 (Line: 1458)
11/26/2024 08:09:33 [Information] TargetEndTime updated to 11/26/2024 08:09:35 (Line: 87)
11/26/2024 08:09:33 [Information] Z Axis Run Event: Z,0.00,400.00,0,0.00,400.00,0,16.00,400.00,0 (Line: 1384)
11/26/2024 08:09:36 [Information] Stepper Motor Countdown: Completed (Line: 954)
11/26/2024 08:09:36 [Information] ZAxisTargetReached updated to True (Line: 462)
11/26/2024 08:09:36 [Information] Z Axis Target Reached changed. (Line: 694)
11/26/2024 08:09:36 [Information] CompletedZAxisCurrentPosition updated to 16 (Line: 358)
11/26/2024 08:09:38 [Information] ZaxisStepperMoveTemp updated to 16.00 (Line: 212)
11/26/2024 08:09:43 [Information] Z Axis stepper move updated to -16.00 (Line: 1698)
11/26/2024 08:09:43 [Information] txtZaxisStepperMove Axis mouse controlled Keypad returned: -16.00 (Line: 1738)
11/26/2024 08:09:44 [Information] ZAxisTargetReached updated to False (Line: 462)
11/26/2024 08:09:44 [Information] Z Axis Target Reached changed. (Line: 694)
11/26/2024 08:09:44 [Information] Z Axis Run button clicked: (Line: 1221)
11/26/2024 08:09:44 [Information] Z Axis MotorMovementSeconds for <= 400.00 RPM: 2.40 (Line: 1458)
11/26/2024 08:09:44 [Information] TargetEndTime updated to 11/26/2024 08:09:46 (Line: 87)
11/26/2024 08:09:44 [Information] ZAxisAbsolutePosition updated to 0 (Line: 498)
11/26/2024 08:09:44 [Information] Z Axis Absolute Position changed. (Line: 716)
11/26/2024 08:09:44 [Information] Z Axis Run Event: Z,0.00,400.00,0,0.00,400.00,0,-16.00,400.00,0 (Line: 1384)
11/26/2024 08:09:46 [Information] Stepper Motor Countdown: Completed (Line: 954)
11/26/2024 08:09:46 [Information] ZAxisTargetReached updated to True (Line: 462)
11/26/2024 08:09:46 [Information] Z Axis Target Reached changed. (Line: 694)
11/26/2024 08:09:46 [Information] CompletedZAxisCurrentPosition updated to 0 (Line: 358)
11/26/2024 08:09:51 [Information] ZAxisTargetReached updated to False (Line: 462)
11/26/2024 08:09:51 [Information] Z Axis Target Reached changed. (Line: 694)
11/26/2024 08:09:51 [Information] Z Axis Run button clicked: (Line: 1221)
11/26/2024 08:09:51 [Information] Z Axis MotorMovementSeconds for <= 400.00 RPM: 2.40 (Line: 1458)
11/26/2024 08:09:51 [Information] TargetEndTime updated to 11/26/2024 08:09:53 (Line: 87)
11/26/2024 08:09:51 [Information] Z Axis Run Event: Z,0.00,400.00,0,0.00,400.00,0,-16.00,400.00,0 (Line: 1384)
11/26/2024 08:09:53 [Information] Stepper Motor Countdown: Completed (Line: 954)
11/26/2024 08:09:53 [Information] ZAxisTargetReached updated to True (Line: 462)
11/26/2024 08:09:53 [Information] Z Axis Target Reached changed. (Line: 694)
11/26/2024 08:09:53 [Information] CompletedZAxisCurrentPosition updated to -16 (Line: 358)
11/26/2024 08:09:55 [Information] ZAxisTargetReached updated to False (Line: 462)
11/26/2024 08:09:55 [Information] Z Axis Target Reached changed. (Line: 694)
11/26/2024 08:09:55 [Information] Z Axis Run button clicked: (Line: 1221)
11/26/2024 08:09:55 [Information] Z Axis MotorMovementSeconds for <= 400.00 RPM: 2.40 (Line: 1458)
11/26/2024 08:09:55 [Information] TargetEndTime updated to 11/26/2024 08:09:57 (Line: 87)
11/26/2024 08:09:55 [Information] ZAxisAbsolutePosition updated to -16 (Line: 498)
11/26/2024 08:09:55 [Information] Z Axis Absolute Position changed. (Line: 716)
11/26/2024 08:09:55 [Information] Z Axis Run Event: Z,0.00,400.00,0,0.00,400.00,0,-16.00,400.00,0 (Line: 1384)
11/26/2024 08:09:57 [Information] Stepper Motor Countdown: Completed (Line: 954)
11/26/2024 08:09:57 [Information] ZAxisTargetReached updated to True (Line: 462)
11/26/2024 08:09:57 [Information] Z Axis Target Reached changed. (Line: 694)
11/26/2024 08:09:57 [Information] CompletedZAxisCurrentPosition updated to -32 (Line: 358)
11/26/2024 08:09:59 [Information] ZAxisTargetReached updated to False (Line: 462)
11/26/2024 08:09:59 [Information] Z Axis Target Reached changed. (Line: 694)
11/26/2024 08:09:59 [Information] Z Axis Run button clicked: (Line: 1221)
11/26/2024 08:09:59 [Information] Z Axis MotorMovementSeconds for <= 400.00 RPM: 2.40 (Line: 1458)
11/26/2024 08:09:59 [Information] TargetEndTime updated to 11/26/2024 08:10:01 (Line: 87)
11/26/2024 08:09:59 [Information] ZAxisAbsolutePosition updated to -48 (Line: 498)
11/26/2024 08:09:59 [Information] Z Axis Absolute Position changed. (Line: 716)
11/26/2024 08:09:59 [Information] Z Axis Run Event: Z,0.00,400.00,0,0.00,400.00,0,-16.00,400.00,0 (Line: 1384)
11/26/2024 08:10:01 [Information] Stepper Motor Countdown: Completed (Line: 954)
11/26/2024 08:10:01 [Information] ZAxisTargetReached updated to True (Line: 462)
11/26/2024 08:10:01 [Information] Z Axis Target Reached changed. (Line: 694)
11/26/2024 08:10:01 [Information] CompletedZAxisCurrentPosition updated to -48 (Line: 358)
11/26/2024 08:10:03 [Information] ZAxisTargetReached updated to False (Line: 462)
11/26/2024 08:10:03 [Information] Z Axis Target Reached changed. (Line: 694)
11/26/2024 08:10:03 [Information] Z Axis Run button clicked: (Line: 1221)
11/26/2024 08:10:03 [Information] Z Axis MotorMovementSeconds for <= 400.00 RPM: 2.40 (Line: 1458)
11/26/2024 08:10:03 [Information] TargetEndTime updated to 11/26/2024 08:10:05 (Line: 87)
11/26/2024 08:10:03 [Information] ZAxisAbsolutePosition updated to -96 (Line: 498)
11/26/2024 08:10:03 [Information] Z Axis Absolute Position changed. (Line: 716)
11/26/2024 08:10:03 [Information] Z Axis Run Event: Z,0.00,400.00,0,0.00,400.00,0,-16.00,400.00,0 (Line: 1384)
11/26/2024 08:10:05 [Information] Stepper Motor Countdown: Completed (Line: 954)
11/26/2024 08:10:05 [Information] ZAxisTargetReached updated to True (Line: 462)
11/26/2024 08:10:05 [Information] Z Axis Target Reached changed. (Line: 694)
11/26/2024 08:10:05 [Information] CompletedZAxisCurrentPosition updated to -64 (Line: 358)
11/26/2024 08:10:09 [Information] Stepper Motor Controller MainWindow Closing. (Line: 1921)
11/26/2024 08:10:09 [Information] Properties Settings Saved. (Line: 1930)
11/26/2024 08:10:09 [Information] Properties Settings Form Closed. (Line: 1936)
11/26/2024 08:10:09 [Information] Stepper Motor Controller Form Closed. (Line: 1939)
