12/3/2024 17:25:23 [Information] Logger updated to Microsoft.Extensions.Logging.Logger`1[Stepper.MainWindow] (Line: 239)
12/3/2024 17:25:23 [Information] Stepper Motor Controller Application Started. (Line: 895)
12/3/2024 17:25:23 [Information] Version: 3.0.9103.31351 (12/3/2024 17:25:23) (Line: 899)
12/3/2024 17:25:23 [Information] Initializing Serial Ports. (Line: 724)
12/3/2024 17:25:24 [Error] I/O error occurred while opening the port COM7. (Line: 787)
12/3/2024 17:25:24 [Error] I/O error occurred while opening the port COM8. (Line: 787)
12/3/2024 17:25:24 [Information] SerialPort COM10 opened successfully. (Line: 770)
12/3/2024 17:25:24 [Information] SerialPort COM10 read 1 bytes. (Line: 775)
12/3/2024 17:25:24 [Information] CountdownTimer updated to System.Windows.Threading.DispatcherTimer (Line: 62)
12/3/2024 17:25:24 [Information] Stepper Motor Controller Application Started. (Line: 477)
12/3/2024 17:25:24 [Information] Version: 3.0.9103.31351 (12/3/2024 17:25:24) (Line: 481)
12/3/2024 17:25:24 [Information] Version: 3.1.0.31352 (12/3/2024 17:25:24) (Line: 557)
12/3/2024 17:25:24 [Information] Element AssemblyVersion not found in the provided XML document. (Line: 716)
12/3/2024 17:25:24 [Information] Element FileVersion not found in the provided XML document. (Line: 716)
12/3/2024 17:25:24 [Information] Version: 3.1.0.31352 (12/3/2024 17:25:24) (Line: 565)
12/3/2024 17:25:24 [Information] Stepper Motor Controller Application Settings Window Opened. (Line: 39)
12/3/2024 17:25:24 [Information] Stepper Motor Controller Application Settings form is rebuilt each and every time it is opened. (Line: 47)
12/3/2024 17:25:24 [Information] int: 0 AxisAbsolutePosition added to the Settings Form. (Line: 151)
12/3/2024 17:25:24 [Information] int: 9600 BaudRate added to the Settings Form. (Line: 151)
12/3/2024 17:25:24 [Information] bool: False ckbXaxisResetToZeroIsChecked added to the Settings Form. (Line: 218)
12/3/2024 17:25:24 [Information] bool: False ckbYaxisResetToZeroIsChecked added to the Settings Form. (Line: 218)
12/3/2024 17:25:24 [Information] bool: False ckbZaxisResetToZeroIsChecked added to the Settings Form. (Line: 218)
12/3/2024 17:25:24 [Information] COM1: ComPort added to the Settings Form. (Line: 484)
12/3/2024 17:25:24 [Information] COM2: ComPort added to the Settings Form. (Line: 484)
12/3/2024 17:25:24 [Information] COM3: ComPort added to the Settings Form. (Line: 484)
12/3/2024 17:25:24 [Information] COM4: ComPort added to the Settings Form. (Line: 484)
12/3/2024 17:25:24 [Information] COM5: ComPort added to the Settings Form. (Line: 484)
12/3/2024 17:25:24 [Information] COM6: ComPort added to the Settings Form. (Line: 484)
12/3/2024 17:25:24 [Information] COM7: ComPort added to the Settings Form. (Line: 484)
12/3/2024 17:25:24 [Information] COM8: ComPort added to the Settings Form. (Line: 484)
12/3/2024 17:25:24 [Information] COM9: ComPort added to the Settings Form. (Line: 484)
12/3/2024 17:25:24 [Information] COM10: ComPort added to the Settings Form. (Line: 484)
12/3/2024 17:25:24 [Information] decimal: 4.00 Divider4_00 added to the Settings Form. (Line: 271)
12/3/2024 17:25:24 [Information] decimal: 0.00 MathPart2Initlz added to the Settings Form. (Line: 271)
12/3/2024 17:25:24 [Information] decimal: 1.00 MilisecondTimerInterval added to the Settings Form. (Line: 271)
12/3/2024 17:25:24 [Information] decimal: 1000.00 MillisecondDelay added to the Settings Form. (Line: 271)
12/3/2024 17:25:24 [Information] int: 1000 Milliseconds added to the Settings Form. (Line: 151)
12/3/2024 17:25:24 [Information] int: 4 mmPerRevolution added to the Settings Form. (Line: 151)
12/3/2024 17:25:24 [Information] int: 200 stepsPerRevolution added to the Settings Form. (Line: 151)
12/3/2024 17:25:24 [Information] int: 2000 ThreadSleep added to the Settings Form. (Line: 151)
12/3/2024 17:25:24 [Information] decimal: 0.00 Value_0_00 added to the Settings Form. (Line: 271)
12/3/2024 17:25:24 [Information] decimal: 50.00 XaxisAcceleration added to the Settings Form. (Line: 271)
12/3/2024 17:25:24 [Information] bool: False XaxisChanged added to the Settings Form. (Line: 218)
12/3/2024 17:25:24 [Information] decimal: 400.00 XaxisMotorSpeed added to the Settings Form. (Line: 271)
12/3/2024 17:25:24 [Information] decimal: 0.00 XaxisStepperCurrent added to the Settings Form. (Line: 271)
12/3/2024 17:25:24 [Information] decimal: 0.00 XaxisStepperMove added to the Settings Form. (Line: 271)
12/3/2024 17:25:24 [Information] XCOM1: XComPort added to the Settings Form. (Line: 346)
12/3/2024 17:25:24 [Information] XCOM2: XComPort added to the Settings Form. (Line: 346)
12/3/2024 17:25:24 [Information] XCOM3: XComPort added to the Settings Form. (Line: 346)
12/3/2024 17:25:24 [Information] XCOM4: XComPort added to the Settings Form. (Line: 346)
12/3/2024 17:25:24 [Information] XCOM5: XComPort added to the Settings Form. (Line: 346)
12/3/2024 17:25:24 [Information] XCOM6: XComPort added to the Settings Form. (Line: 346)
12/3/2024 17:25:24 [Information] XCOM7: XComPort added to the Settings Form. (Line: 346)
12/3/2024 17:25:24 [Information] XCOM8: XComPort added to the Settings Form. (Line: 346)
12/3/2024 17:25:24 [Information] XCOM9: XComPort added to the Settings Form. (Line: 346)
12/3/2024 17:25:24 [Information] XCOM10: XComPort added to the Settings Form. (Line: 346)
12/3/2024 17:25:24 [Information] decimal: 50.00 YaxisAcceleration added to the Settings Form. (Line: 271)
12/3/2024 17:25:24 [Information] bool: False YaxisChanged added to the Settings Form. (Line: 218)
12/3/2024 17:25:24 [Information] decimal: 400.00 YaxisMotorSpeed added to the Settings Form. (Line: 271)
12/3/2024 17:25:24 [Information] decimal: 0.00 YaxisStepperCurrent added to the Settings Form. (Line: 271)
12/3/2024 17:25:24 [Information] decimal: 0.00 YaxisStepperMove added to the Settings Form. (Line: 271)
12/3/2024 17:25:24 [Information] YCOM1: YComPort added to the Settings Form. (Line: 392)
12/3/2024 17:25:24 [Information] YCOM2: YComPort added to the Settings Form. (Line: 392)
12/3/2024 17:25:24 [Information] YCOM3: YComPort added to the Settings Form. (Line: 392)
12/3/2024 17:25:24 [Information] YCOM4: YComPort added to the Settings Form. (Line: 392)
12/3/2024 17:25:24 [Information] YCOM5: YComPort added to the Settings Form. (Line: 392)
12/3/2024 17:25:24 [Information] YCOM6: YComPort added to the Settings Form. (Line: 392)
12/3/2024 17:25:24 [Information] YCOM7: YComPort added to the Settings Form. (Line: 392)
12/3/2024 17:25:24 [Information] YCOM8: YComPort added to the Settings Form. (Line: 392)
12/3/2024 17:25:24 [Information] YCOM9: YComPort added to the Settings Form. (Line: 392)
12/3/2024 17:25:24 [Information] YCOM10: YComPort added to the Settings Form. (Line: 392)
12/3/2024 17:25:24 [Information] decimal: 50.00 ZaxisAcceleration added to the Settings Form. (Line: 271)
12/3/2024 17:25:24 [Information] bool: False ZaxisChanged added to the Settings Form. (Line: 218)
12/3/2024 17:25:24 [Information] decimal: 400.00 ZaxisMotorSpeed added to the Settings Form. (Line: 271)
12/3/2024 17:25:24 [Information] decimal: 0.00 ZaxisStepperCurrent added to the Settings Form. (Line: 271)
12/3/2024 17:25:24 [Information] decimal: 0.00 ZaxisStepperMove added to the Settings Form. (Line: 271)
12/3/2024 17:25:24 [Information] ZCOM1: ZComPort added to the Settings Form. (Line: 438)
12/3/2024 17:25:24 [Information] ZCOM2: ZComPort added to the Settings Form. (Line: 438)
12/3/2024 17:25:24 [Information] ZCOM3: ZComPort added to the Settings Form. (Line: 438)
12/3/2024 17:25:24 [Information] ZCOM4: ZComPort added to the Settings Form. (Line: 438)
12/3/2024 17:25:24 [Information] ZCOM5: ZComPort added to the Settings Form. (Line: 438)
12/3/2024 17:25:24 [Information] ZCOM6: ZComPort added to the Settings Form. (Line: 438)
12/3/2024 17:25:24 [Information] ZCOM7: ZComPort added to the Settings Form. (Line: 438)
12/3/2024 17:25:24 [Information] ZCOM8: ZComPort added to the Settings Form. (Line: 438)
12/3/2024 17:25:24 [Information] ZCOM9: ZComPort added to the Settings Form. (Line: 438)
12/3/2024 17:25:24 [Information] ZCOM10: ZComPort added to the Settings Form. (Line: 438)
12/3/2024 17:25:24 [Information] int: 0 zeroXaxis added to the Settings Form. (Line: 151)
12/3/2024 17:25:24 [Information] int: 0 zeroYaxis added to the Settings Form. (Line: 151)
12/3/2024 17:25:24 [Information] int: 0 zeroZaxis added to the Settings Form. (Line: 151)
12/3/2024 17:25:24 [Information] NewSettingsWindow updated to Stepper.StepperAppSettings (Line: 49)
12/3/2024 17:25:25 [Information] Stepper Motor Controller MainWindow loaded (Line: 1998)
12/3/2024 17:25:25 [Information] Set MainWindow Media Brushes to White. (Line: 2008)
12/3/2024 17:25:31 [Information] txtZaxisStepperMove Axis mouse controlled Keypad returned: 32.00 (Line: 1836)
12/3/2024 17:25:32 [Information] Z Axis Run button clicked: (Line: 1297)
12/3/2024 17:25:32 [Information] Z Axis MotorMovementSeconds for <= 400.00 RPM: 4.80 (Line: 1556)
12/3/2024 17:25:32 [Information] TargetEndTime updated to 12/3/2024 17:25:37 (Line: 101)
12/3/2024 17:25:32 [Information] Z Axis Run Event: Z,0.00,400.00,0,0.00,400.00,0,32.00,400.00,0 (Line: 1481)
12/3/2024 17:25:34 [Information] LimitSwitchCCWPressed updated to True (Line: 88)
12/3/2024 17:25:34 [Information] ZAxisTargetReached updated to True (Line: 412)
12/3/2024 17:25:34 [Information] Z Axis Target Reached changed. (Line: 628)
12/3/2024 17:25:34 [Information] Z Axis LimitSwitchPressed. (Line: 649)
12/3/2024 17:25:34 [Information] Z Axis Absolute Position: 0. (Line: 652)
12/3/2024 17:25:39 [Information] ZAxisAbsolutePosition updated to 2.62 (Line: 306)
12/3/2024 17:25:39 [Information] Z Axis Absolute Position changed. (Line: 690)
12/3/2024 17:25:39 [Information] Z Axis New Position: 2.62. (Line: 654)
12/3/2024 17:25:39 [Information] Z Axis Position: 2.62. (Line: 656)
12/3/2024 17:25:39 [Information] LimitSwitchCCWPressed updated to False (Line: 88)
12/3/2024 17:25:39 [Information] CCW Limit Switch Activated! (Line: 1123)
12/3/2024 17:25:39 [Information] Stepper Motor Countdown: Completed (Line: 936)
12/3/2024 17:25:45 [Information] ZAxisTargetReached updated to False (Line: 412)
12/3/2024 17:25:45 [Information] Z Axis Run button clicked: (Line: 1297)
12/3/2024 17:25:45 [Information] Z Axis MotorMovementSeconds for <= 400.00 RPM: 4.80 (Line: 1556)
12/3/2024 17:25:45 [Information] TargetEndTime updated to 12/3/2024 17:25:50 (Line: 101)
12/3/2024 17:25:45 [Information] Z Axis Run Event: Z,0.00,400.00,0,0.00,400.00,0,32.00,400.00,0 (Line: 1481)
12/3/2024 17:25:48 [Information] LimitSwitchCCWPressed updated to True (Line: 88)
12/3/2024 17:25:48 [Information] ZAxisTargetReached updated to True (Line: 412)
12/3/2024 17:25:48 [Information] Z Axis Target Reached changed. (Line: 628)
12/3/2024 17:25:48 [Information] Z Axis LimitSwitchPressed. (Line: 649)
12/3/2024 17:25:48 [Information] Z Axis Absolute Position: 2.62. (Line: 652)
12/3/2024 17:25:57 [Information] ZAxisAbsolutePosition updated to 6.66 (Line: 306)
12/3/2024 17:25:57 [Information] Z Axis Absolute Position changed. (Line: 690)
12/3/2024 17:25:57 [Information] Z Axis New Position: 4.04. (Line: 654)
12/3/2024 17:25:57 [Information] Z Axis Position: 6.66. (Line: 656)
12/3/2024 17:25:57 [Information] LimitSwitchCCWPressed updated to False (Line: 88)
12/3/2024 17:25:57 [Information] CCW Limit Switch Activated! (Line: 1123)
12/3/2024 17:25:57 [Information] Stepper Motor Countdown: Completed (Line: 936)
12/3/2024 17:26:05 [Information] Setting Z Axis Current Location Set to Zero on DRO (Line: 1687)
12/3/2024 17:26:06 [Information] Z Axis Current Location Set to Zero (Line: 1721)
12/3/2024 17:26:13 [Information] Stepper Motor Controller MainWindow Closing. (Line: 2019)
12/3/2024 17:26:13 [Information] Properties Settings Saved. (Line: 2028)
12/3/2024 17:26:13 [Information] Properties Settings Form Closed. (Line: 2034)
12/3/2024 17:26:13 [Information] Stepper Motor Controller Form Closed. (Line: 2037)
