11/30/2024 18:24:33 [Information] Logger updated to Microsoft.Extensions.Logging.Logger`1[Stepper.MainWindow] (Line: 225)
11/30/2024 18:24:33 [Information] Stepper Motor Controller Application Started. (Line: 921)
11/30/2024 18:24:33 [Information] Version: 3.0.9100.33132 (11/30/2024 18:24:33) (Line: 925)
11/30/2024 18:24:33 [Information] Initializing Serial Ports. (Line: 750)
11/30/2024 18:24:33 [Error] I/O error occurred while opening the port COM7. (Line: 813)
11/30/2024 18:24:35 [Error] I/O error occurred while opening the port COM8. (Line: 813)
11/30/2024 18:24:35 [Information] SerialPort COM10 opened successfully. (Line: 796)
11/30/2024 18:24:35 [Information] CountdownTimer updated to System.Windows.Threading.DispatcherTimer (Line: 61)
11/30/2024 18:24:35 [Information] Stepper Motor Controller Application Started. (Line: 545)
11/30/2024 18:24:35 [Information] Version: 3.0.9100.33132 (11/30/2024 18:24:35) (Line: 549)
11/30/2024 18:24:35 [Information] Version: 3.1.0.33133 (11/30/2024 18:24:35) (Line: 625)
11/30/2024 18:24:35 [Information] Element AssemblyVersion not found in the provided XML document. (Line: 742)
11/30/2024 18:24:35 [Information] Element FileVersion not found in the provided XML document. (Line: 742)
11/30/2024 18:24:35 [Information] Version: 3.1.0.33133 (11/30/2024 18:24:35) (Line: 633)
11/30/2024 18:24:35 [Information] Stepper Motor Controller Application Settings Window Opened. (Line: 39)
11/30/2024 18:24:35 [Information] Stepper Motor Controller Application Settings form is rebuilt each and every time it is opened. (Line: 47)
11/30/2024 18:24:35 [Information] int: 0 AxisAbsolutePosition added to the Settings Form. (Line: 151)
11/30/2024 18:24:35 [Information] int: 9600 BaudRate added to the Settings Form. (Line: 151)
11/30/2024 18:24:35 [Information] bool: False ckbXaxisResetToZeroIsChecked added to the Settings Form. (Line: 218)
11/30/2024 18:24:35 [Information] bool: False ckbYaxisResetToZeroIsChecked added to the Settings Form. (Line: 218)
11/30/2024 18:24:35 [Information] bool: False ckbZaxisResetToZeroIsChecked added to the Settings Form. (Line: 218)
11/30/2024 18:24:35 [Information] COM1: ComPort added to the Settings Form. (Line: 484)
11/30/2024 18:24:35 [Information] COM2: ComPort added to the Settings Form. (Line: 484)
11/30/2024 18:24:35 [Information] COM3: ComPort added to the Settings Form. (Line: 484)
11/30/2024 18:24:35 [Information] COM4: ComPort added to the Settings Form. (Line: 484)
11/30/2024 18:24:35 [Information] COM5: ComPort added to the Settings Form. (Line: 484)
11/30/2024 18:24:35 [Information] COM6: ComPort added to the Settings Form. (Line: 484)
11/30/2024 18:24:35 [Information] COM7: ComPort added to the Settings Form. (Line: 484)
11/30/2024 18:24:35 [Information] COM8: ComPort added to the Settings Form. (Line: 484)
11/30/2024 18:24:35 [Information] COM9: ComPort added to the Settings Form. (Line: 484)
11/30/2024 18:24:35 [Information] COM10: ComPort added to the Settings Form. (Line: 484)
11/30/2024 18:24:35 [Information] decimal: 4.00 Divider4_00 added to the Settings Form. (Line: 271)
11/30/2024 18:24:35 [Information] decimal: 0.00 MathPart2Initlz added to the Settings Form. (Line: 271)
11/30/2024 18:24:35 [Information] decimal: 1.00 MilisecondTimerInterval added to the Settings Form. (Line: 271)
11/30/2024 18:24:35 [Information] decimal: 1000.00 MillisecondDelay added to the Settings Form. (Line: 271)
11/30/2024 18:24:35 [Information] int: 1000 Milliseconds added to the Settings Form. (Line: 151)
11/30/2024 18:24:35 [Information] int: 4 mmPerRevolution added to the Settings Form. (Line: 151)
11/30/2024 18:24:35 [Information] int: 200 stepsPerRevolution added to the Settings Form. (Line: 151)
11/30/2024 18:24:35 [Information] int: 2000 ThreadSleep added to the Settings Form. (Line: 151)
11/30/2024 18:24:35 [Information] decimal: 0.00 Value_0_00 added to the Settings Form. (Line: 271)
11/30/2024 18:24:35 [Information] decimal: 50.00 XaxisAcceleration added to the Settings Form. (Line: 271)
11/30/2024 18:24:35 [Information] bool: False XaxisChanged added to the Settings Form. (Line: 218)
11/30/2024 18:24:35 [Information] decimal: 400.00 XaxisMotorSpeed added to the Settings Form. (Line: 271)
11/30/2024 18:24:35 [Information] decimal: 0.00 XaxisStepperCurrent added to the Settings Form. (Line: 271)
11/30/2024 18:24:35 [Information] decimal: 0.00 XaxisStepperMove added to the Settings Form. (Line: 271)
11/30/2024 18:24:35 [Information] XCOM1: XComPort added to the Settings Form. (Line: 346)
11/30/2024 18:24:35 [Information] XCOM2: XComPort added to the Settings Form. (Line: 346)
11/30/2024 18:24:35 [Information] XCOM3: XComPort added to the Settings Form. (Line: 346)
11/30/2024 18:24:35 [Information] XCOM4: XComPort added to the Settings Form. (Line: 346)
11/30/2024 18:24:35 [Information] XCOM5: XComPort added to the Settings Form. (Line: 346)
11/30/2024 18:24:35 [Information] XCOM6: XComPort added to the Settings Form. (Line: 346)
11/30/2024 18:24:35 [Information] XCOM7: XComPort added to the Settings Form. (Line: 346)
11/30/2024 18:24:35 [Information] XCOM8: XComPort added to the Settings Form. (Line: 346)
11/30/2024 18:24:35 [Information] XCOM9: XComPort added to the Settings Form. (Line: 346)
11/30/2024 18:24:35 [Information] XCOM10: XComPort added to the Settings Form. (Line: 346)
11/30/2024 18:24:35 [Information] decimal: 50.00 YaxisAcceleration added to the Settings Form. (Line: 271)
11/30/2024 18:24:35 [Information] bool: False YaxisChanged added to the Settings Form. (Line: 218)
11/30/2024 18:24:35 [Information] decimal: 400.00 YaxisMotorSpeed added to the Settings Form. (Line: 271)
11/30/2024 18:24:35 [Information] decimal: 0.00 YaxisStepperCurrent added to the Settings Form. (Line: 271)
11/30/2024 18:24:35 [Information] decimal: 0.00 YaxisStepperMove added to the Settings Form. (Line: 271)
11/30/2024 18:24:35 [Information] YCOM1: YComPort added to the Settings Form. (Line: 392)
11/30/2024 18:24:35 [Information] YCOM2: YComPort added to the Settings Form. (Line: 392)
11/30/2024 18:24:35 [Information] YCOM3: YComPort added to the Settings Form. (Line: 392)
11/30/2024 18:24:35 [Information] YCOM4: YComPort added to the Settings Form. (Line: 392)
11/30/2024 18:24:35 [Information] YCOM5: YComPort added to the Settings Form. (Line: 392)
11/30/2024 18:24:35 [Information] YCOM6: YComPort added to the Settings Form. (Line: 392)
11/30/2024 18:24:35 [Information] YCOM7: YComPort added to the Settings Form. (Line: 392)
11/30/2024 18:24:35 [Information] YCOM8: YComPort added to the Settings Form. (Line: 392)
11/30/2024 18:24:35 [Information] YCOM9: YComPort added to the Settings Form. (Line: 392)
11/30/2024 18:24:35 [Information] YCOM10: YComPort added to the Settings Form. (Line: 392)
11/30/2024 18:24:35 [Information] decimal: 50.00 ZaxisAcceleration added to the Settings Form. (Line: 271)
11/30/2024 18:24:35 [Information] bool: False ZaxisChanged added to the Settings Form. (Line: 218)
11/30/2024 18:24:35 [Information] decimal: 400.00 ZaxisMotorSpeed added to the Settings Form. (Line: 271)
11/30/2024 18:24:35 [Information] decimal: 0.00 ZaxisStepperCurrent added to the Settings Form. (Line: 271)
11/30/2024 18:24:35 [Information] decimal: 0.00 ZaxisStepperMove added to the Settings Form. (Line: 271)
11/30/2024 18:24:35 [Information] ZCOM1: ZComPort added to the Settings Form. (Line: 438)
11/30/2024 18:24:35 [Information] ZCOM2: ZComPort added to the Settings Form. (Line: 438)
11/30/2024 18:24:35 [Information] ZCOM3: ZComPort added to the Settings Form. (Line: 438)
11/30/2024 18:24:35 [Information] ZCOM4: ZComPort added to the Settings Form. (Line: 438)
11/30/2024 18:24:35 [Information] ZCOM5: ZComPort added to the Settings Form. (Line: 438)
11/30/2024 18:24:35 [Information] ZCOM6: ZComPort added to the Settings Form. (Line: 438)
11/30/2024 18:24:35 [Information] ZCOM7: ZComPort added to the Settings Form. (Line: 438)
11/30/2024 18:24:35 [Information] ZCOM8: ZComPort added to the Settings Form. (Line: 438)
11/30/2024 18:24:35 [Information] ZCOM9: ZComPort added to the Settings Form. (Line: 438)
11/30/2024 18:24:35 [Information] ZCOM10: ZComPort added to the Settings Form. (Line: 438)
11/30/2024 18:24:35 [Information] int: 0 zeroXaxis added to the Settings Form. (Line: 151)
11/30/2024 18:24:35 [Information] int: 0 zeroYaxis added to the Settings Form. (Line: 151)
11/30/2024 18:24:35 [Information] int: 0 zeroZaxis added to the Settings Form. (Line: 151)
11/30/2024 18:24:35 [Information] NewSettingsWindow updated to Stepper.StepperAppSettings (Line: 48)
11/30/2024 18:24:36 [Information] Stepper Motor Controller MainWindow loaded (Line: 1905)
11/30/2024 18:24:36 [Information] Set MainWindow Media Brushes to White. (Line: 1915)
11/30/2024 18:24:41 [Information] txtZaxisStepperMove Axis mouse controlled Keypad returned: 32.00 (Line: 1743)
11/30/2024 18:24:41 [Information] Z Axis Run button clicked: (Line: 1223)
11/30/2024 18:24:41 [Information] Z Axis MotorMovementSeconds for <= 400.00 RPM: 4.80 (Line: 1463)
11/30/2024 18:24:41 [Information] TargetEndTime updated to 11/30/2024 18:24:46 (Line: 87)
11/30/2024 18:24:41 [Information] ZAxisAbsolutePosition updated to 0 (Line: 498)
11/30/2024 18:24:41 [Information] Z Axis Absolute Position changed. (Line: 716)
11/30/2024 18:24:41 [Information] Z Axis Run Event: Z,0.00,400.00,0,0.00,400.00,0,32.00,400.00,0 (Line: 1389)
11/30/2024 18:24:43 [Information] LimitSwitchPressed updated to True (Line: 74)
11/30/2024 18:24:45 [Information] Stepper Motor Countdown: Completed (Line: 1106)
11/30/2024 18:24:45 [Information] ZAxisAbsolutePosition updated to 0.82 (Line: 498)
11/30/2024 18:24:45 [Information] Z Axis Absolute Position changed. (Line: 716)
11/30/2024 18:24:45 [Information] LimitSwitchPressed updated to False (Line: 74)
11/30/2024 18:24:45 [Information] LimitSwitchUpdateCompleted updated to True (Line: 530)
11/30/2024 18:24:45 [Information] Z Axis Motor Current Position: 0.82
11/30/2024 18:24:45 [Information] CW Limit Switch Activated! (Line: 1119)
11/30/2024 18:24:53 [Information] Stepper Motor Controller MainWindow Closing. (Line: 1926)
11/30/2024 18:24:53 [Information] Properties Settings Saved. (Line: 1935)
11/30/2024 18:24:53 [Information] Properties Settings Form Closed. (Line: 1941)
11/30/2024 18:24:53 [Information] Stepper Motor Controller Form Closed. (Line: 1944)
