11/23/2024 19:45:15 [Information] Stepper Motor Controller Application Started. (Line: 667)
11/23/2024 19:45:15 [Information] Version: 3.0.9093.35553 (11/23/2024 19:45:15) (Line: 671)
11/23/2024 19:45:15 [Information] Initializing Serial Ports. (Line: 502)
11/23/2024 19:45:16 [Error] I/O error occurred while opening the port COM7. (Line: 563)
11/23/2024 19:45:27 [Error] I/O error occurred while opening the port COM8. (Line: 563)
11/23/2024 19:45:28 [Information] SerialPort COM10 opened successfully. (Line: 548)
11/23/2024 19:45:28 [Information] SerialPort COM10 read 1 bytes. (Line: 553)
11/23/2024 19:45:28 [Information] Stepper Motor Controller Application Started. (Line: 304)
11/23/2024 19:45:28 [Information] Version: 3.0.9093.35553 (11/23/2024 19:45:28) (Line: 308)
11/23/2024 19:45:28 [Information] Version: 3.1.0.35554 (11/23/2024 19:45:28) (Line: 383)
11/23/2024 19:45:28 [Information] Element AssemblyVersion not found in the provided XML document. (Line: 494)
11/23/2024 19:45:28 [Information] Element FileVersion not found in the provided XML document. (Line: 494)
11/23/2024 19:45:28 [Information] Version: 3.1.0.35554 (11/23/2024 19:45:28) (Line: 391)
11/23/2024 19:45:28 [Information] Stepper Motor Controller Application Settings Window Opened. (Line: 39)
11/23/2024 19:45:28 [Information] Stepper Motor Controller Application Settings form is rebuilt each and every time it is opened. (Line: 47)
11/23/2024 19:45:28 [Information] int: 9600 BaudRate added to the Settings Form. (Line: 151)
11/23/2024 19:45:28 [Information] bool: False ckbXaxisResetToZeroIsChecked added to the Settings Form. (Line: 218)
11/23/2024 19:45:28 [Information] bool: False ckbYaxisResetToZeroIsChecked added to the Settings Form. (Line: 218)
11/23/2024 19:45:28 [Information] bool: False ckbZaxisResetToZeroIsChecked added to the Settings Form. (Line: 218)
11/23/2024 19:45:28 [Information] COM1: ComPort added to the Settings Form. (Line: 484)
11/23/2024 19:45:28 [Information] COM2: ComPort added to the Settings Form. (Line: 484)
11/23/2024 19:45:28 [Information] COM3: ComPort added to the Settings Form. (Line: 484)
11/23/2024 19:45:28 [Information] COM4: ComPort added to the Settings Form. (Line: 484)
11/23/2024 19:45:28 [Information] COM5: ComPort added to the Settings Form. (Line: 484)
11/23/2024 19:45:28 [Information] COM6: ComPort added to the Settings Form. (Line: 484)
11/23/2024 19:45:28 [Information] COM7: ComPort added to the Settings Form. (Line: 484)
11/23/2024 19:45:28 [Information] COM8: ComPort added to the Settings Form. (Line: 484)
11/23/2024 19:45:28 [Information] COM9: ComPort added to the Settings Form. (Line: 484)
11/23/2024 19:45:28 [Information] COM10: ComPort added to the Settings Form. (Line: 484)
11/23/2024 19:45:28 [Information] decimal: 4.00 Divider4_00 added to the Settings Form. (Line: 271)
11/23/2024 19:45:28 [Information] decimal: 0.00 MathPart2Initlz added to the Settings Form. (Line: 271)
11/23/2024 19:45:28 [Information] decimal: 1.00 MilisecondTimerInterval added to the Settings Form. (Line: 271)
11/23/2024 19:45:28 [Information] decimal: 1000.00 MillisecondDelay added to the Settings Form. (Line: 271)
11/23/2024 19:45:28 [Information] int: 1000 Milliseconds added to the Settings Form. (Line: 151)
11/23/2024 19:45:28 [Information] int: 4 mmPerRevolution added to the Settings Form. (Line: 151)
11/23/2024 19:45:28 [Information] int: 2000 ThreadSleep added to the Settings Form. (Line: 151)
11/23/2024 19:45:28 [Information] decimal: 0.00 Value_0_00 added to the Settings Form. (Line: 271)
11/23/2024 19:45:28 [Information] decimal: 50.00 XaxisAcceleration added to the Settings Form. (Line: 271)
11/23/2024 19:45:28 [Information] bool: False XaxisChanged added to the Settings Form. (Line: 218)
11/23/2024 19:45:28 [Information] decimal: 400.00 XaxisMotorSpeed added to the Settings Form. (Line: 271)
11/23/2024 19:45:28 [Information] decimal: 0.00 XaxisStepperCurrent added to the Settings Form. (Line: 271)
11/23/2024 19:45:28 [Information] decimal: 0.00 XaxisStepperMove added to the Settings Form. (Line: 271)
11/23/2024 19:45:28 [Information] XCOM1: XComPort added to the Settings Form. (Line: 346)
11/23/2024 19:45:28 [Information] XCOM2: XComPort added to the Settings Form. (Line: 346)
11/23/2024 19:45:28 [Information] XCOM3: XComPort added to the Settings Form. (Line: 346)
11/23/2024 19:45:28 [Information] XCOM4: XComPort added to the Settings Form. (Line: 346)
11/23/2024 19:45:28 [Information] XCOM5: XComPort added to the Settings Form. (Line: 346)
11/23/2024 19:45:28 [Information] XCOM6: XComPort added to the Settings Form. (Line: 346)
11/23/2024 19:45:28 [Information] XCOM7: XComPort added to the Settings Form. (Line: 346)
11/23/2024 19:45:28 [Information] XCOM8: XComPort added to the Settings Form. (Line: 346)
11/23/2024 19:45:28 [Information] XCOM9: XComPort added to the Settings Form. (Line: 346)
11/23/2024 19:45:28 [Information] XCOM10: XComPort added to the Settings Form. (Line: 346)
11/23/2024 19:45:28 [Information] decimal: 50.00 YaxisAcceleration added to the Settings Form. (Line: 271)
11/23/2024 19:45:28 [Information] bool: False YaxisChanged added to the Settings Form. (Line: 218)
11/23/2024 19:45:28 [Information] decimal: 400.00 YaxisMotorSpeed added to the Settings Form. (Line: 271)
11/23/2024 19:45:28 [Information] decimal: 0.00 YaxisStepperCurrent added to the Settings Form. (Line: 271)
11/23/2024 19:45:28 [Information] decimal: 0.00 YaxisStepperMove added to the Settings Form. (Line: 271)
11/23/2024 19:45:28 [Information] YCOM1: YComPort added to the Settings Form. (Line: 392)
11/23/2024 19:45:28 [Information] YCOM2: YComPort added to the Settings Form. (Line: 392)
11/23/2024 19:45:28 [Information] YCOM3: YComPort added to the Settings Form. (Line: 392)
11/23/2024 19:45:28 [Information] YCOM4: YComPort added to the Settings Form. (Line: 392)
11/23/2024 19:45:28 [Information] YCOM5: YComPort added to the Settings Form. (Line: 392)
11/23/2024 19:45:28 [Information] YCOM6: YComPort added to the Settings Form. (Line: 392)
11/23/2024 19:45:28 [Information] YCOM7: YComPort added to the Settings Form. (Line: 392)
11/23/2024 19:45:28 [Information] YCOM8: YComPort added to the Settings Form. (Line: 392)
11/23/2024 19:45:28 [Information] YCOM9: YComPort added to the Settings Form. (Line: 392)
11/23/2024 19:45:28 [Information] YCOM10: YComPort added to the Settings Form. (Line: 392)
11/23/2024 19:45:28 [Information] decimal: 50.00 ZaxisAcceleration added to the Settings Form. (Line: 271)
11/23/2024 19:45:28 [Information] bool: False ZaxisChanged added to the Settings Form. (Line: 218)
11/23/2024 19:45:28 [Information] decimal: 400.00 ZaxisMotorSpeed added to the Settings Form. (Line: 271)
11/23/2024 19:45:28 [Information] decimal: 0.00 ZaxisStepperCurrent added to the Settings Form. (Line: 271)
11/23/2024 19:45:28 [Information] decimal: 0.00 ZaxisStepperMove added to the Settings Form. (Line: 271)
11/23/2024 19:45:28 [Information] ZCOM1: ZComPort added to the Settings Form. (Line: 438)
11/23/2024 19:45:28 [Information] ZCOM2: ZComPort added to the Settings Form. (Line: 438)
11/23/2024 19:45:28 [Information] ZCOM3: ZComPort added to the Settings Form. (Line: 438)
11/23/2024 19:45:28 [Information] ZCOM4: ZComPort added to the Settings Form. (Line: 438)
11/23/2024 19:45:28 [Information] ZCOM5: ZComPort added to the Settings Form. (Line: 438)
11/23/2024 19:45:28 [Information] ZCOM6: ZComPort added to the Settings Form. (Line: 438)
11/23/2024 19:45:28 [Information] ZCOM7: ZComPort added to the Settings Form. (Line: 438)
11/23/2024 19:45:28 [Information] ZCOM8: ZComPort added to the Settings Form. (Line: 438)
11/23/2024 19:45:28 [Information] ZCOM9: ZComPort added to the Settings Form. (Line: 438)
11/23/2024 19:45:28 [Information] ZCOM10: ZComPort added to the Settings Form. (Line: 438)
11/23/2024 19:45:28 [Information] int: 0 zeroXaxis added to the Settings Form. (Line: 151)
11/23/2024 19:45:28 [Information] int: 0 zeroYaxis added to the Settings Form. (Line: 151)
11/23/2024 19:45:28 [Information] int: 0 zeroZaxis added to the Settings Form. (Line: 151)
11/23/2024 19:45:29 [Information] Stepper Motor Controller MainWindow loaded (Line: 1636)
11/23/2024 19:45:29 [Information] Set MainWindow Media Brushes to White. (Line: 1646)
11/23/2024 19:45:38 [Information] Z Axis stepper move updated to 16.00 (Line: 1427)
11/23/2024 19:45:38 [Information] txtZaxisStepperMove Axis mouse controlled Keypad returned: 16.00 (Line: 1469)
11/23/2024 19:45:39 [Information] Z Axis Run button clicked: (Line: 999)
11/23/2024 19:45:39 [Information] Z Axis MotorMovementSeconds: 2.2857142857142857142857142857 (Line: 1249)
11/23/2024 19:45:39 [Information] Z Axis Run Event: Z,0.00,400.00,0,0.00,400.00,0,16.00,400.00,0 (Line: 1161)
11/23/2024 19:45:41 [Information] Stepper Motor Countdown: Completed (Line: 700)
11/23/2024 19:45:41 [Information] Z Axis Target Reached changed. (Line: 452)
11/23/2024 19:45:49 [Information] Z Axis Target Reached changed. (Line: 452)
11/23/2024 19:45:54 [Information] Stepper Motor Controller MainWindow Closing. (Line: 1657)
11/23/2024 19:45:54 [Information] Properties Settings Saved. (Line: 1666)
11/23/2024 19:45:54 [Information] Properties Settings Form Closed. (Line: 1672)
11/23/2024 19:45:54 [Information] Stepper Motor Controller Form Closed. (Line: 1675)
