11/30/2024 20:07:06 [Information] Logger updated to Microsoft.Extensions.Logging.Logger`1[Stepper.MainWindow] (Line: 225)
11/30/2024 20:07:06 [Information] Stepper Motor Controller Application Started. (Line: 928)
11/30/2024 20:07:06 [Information] Version: 3.0.9100.36209 (11/30/2024 20:07:06) (Line: 932)
11/30/2024 20:07:06 [Information] Initializing Serial Ports. (Line: 757)
11/30/2024 20:07:07 [Error] I/O error occurred while opening the port COM7. (Line: 820)
11/30/2024 20:07:08 [Error] I/O error occurred while opening the port COM8. (Line: 820)
11/30/2024 20:07:09 [Information] SerialPort COM10 opened successfully. (Line: 803)
11/30/2024 20:07:09 [Information] SerialPort COM10 read 1 bytes. (Line: 808)
11/30/2024 20:07:09 [Information] CountdownTimer updated to System.Windows.Threading.DispatcherTimer (Line: 61)
11/30/2024 20:07:09 [Information] Stepper Motor Controller Application Started. (Line: 552)
11/30/2024 20:07:09 [Information] Version: 3.0.9100.36209 (11/30/2024 20:07:09) (Line: 556)
11/30/2024 20:07:09 [Information] Version: 3.1.0.36210 (11/30/2024 20:07:09) (Line: 632)
11/30/2024 20:07:09 [Information] Element AssemblyVersion not found in the provided XML document. (Line: 749)
11/30/2024 20:07:09 [Information] Element FileVersion not found in the provided XML document. (Line: 749)
11/30/2024 20:07:09 [Information] Version: 3.1.0.36210 (11/30/2024 20:07:09) (Line: 640)
11/30/2024 20:07:09 [Information] Stepper Motor Controller Application Settings Window Opened. (Line: 39)
11/30/2024 20:07:09 [Information] Stepper Motor Controller Application Settings form is rebuilt each and every time it is opened. (Line: 47)
11/30/2024 20:07:09 [Information] int: 0 AxisAbsolutePosition added to the Settings Form. (Line: 151)
11/30/2024 20:07:09 [Information] int: 9600 BaudRate added to the Settings Form. (Line: 151)
11/30/2024 20:07:09 [Information] bool: False ckbXaxisResetToZeroIsChecked added to the Settings Form. (Line: 218)
11/30/2024 20:07:09 [Information] bool: False ckbYaxisResetToZeroIsChecked added to the Settings Form. (Line: 218)
11/30/2024 20:07:09 [Information] bool: False ckbZaxisResetToZeroIsChecked added to the Settings Form. (Line: 218)
11/30/2024 20:07:09 [Information] COM1: ComPort added to the Settings Form. (Line: 484)
11/30/2024 20:07:09 [Information] COM2: ComPort added to the Settings Form. (Line: 484)
11/30/2024 20:07:09 [Information] COM3: ComPort added to the Settings Form. (Line: 484)
11/30/2024 20:07:09 [Information] COM4: ComPort added to the Settings Form. (Line: 484)
11/30/2024 20:07:09 [Information] COM5: ComPort added to the Settings Form. (Line: 484)
11/30/2024 20:07:09 [Information] COM6: ComPort added to the Settings Form. (Line: 484)
11/30/2024 20:07:09 [Information] COM7: ComPort added to the Settings Form. (Line: 484)
11/30/2024 20:07:09 [Information] COM8: ComPort added to the Settings Form. (Line: 484)
11/30/2024 20:07:09 [Information] COM9: ComPort added to the Settings Form. (Line: 484)
11/30/2024 20:07:09 [Information] COM10: ComPort added to the Settings Form. (Line: 484)
11/30/2024 20:07:09 [Information] decimal: 4.00 Divider4_00 added to the Settings Form. (Line: 271)
11/30/2024 20:07:09 [Information] decimal: 0.00 MathPart2Initlz added to the Settings Form. (Line: 271)
11/30/2024 20:07:09 [Information] decimal: 1.00 MilisecondTimerInterval added to the Settings Form. (Line: 271)
11/30/2024 20:07:09 [Information] decimal: 1000.00 MillisecondDelay added to the Settings Form. (Line: 271)
11/30/2024 20:07:09 [Information] int: 1000 Milliseconds added to the Settings Form. (Line: 151)
11/30/2024 20:07:09 [Information] int: 4 mmPerRevolution added to the Settings Form. (Line: 151)
11/30/2024 20:07:09 [Information] int: 200 stepsPerRevolution added to the Settings Form. (Line: 151)
11/30/2024 20:07:09 [Information] int: 2000 ThreadSleep added to the Settings Form. (Line: 151)
11/30/2024 20:07:09 [Information] decimal: 0.00 Value_0_00 added to the Settings Form. (Line: 271)
11/30/2024 20:07:09 [Information] decimal: 50.00 XaxisAcceleration added to the Settings Form. (Line: 271)
11/30/2024 20:07:09 [Information] bool: False XaxisChanged added to the Settings Form. (Line: 218)
11/30/2024 20:07:09 [Information] decimal: 400.00 XaxisMotorSpeed added to the Settings Form. (Line: 271)
11/30/2024 20:07:09 [Information] decimal: 0.00 XaxisStepperCurrent added to the Settings Form. (Line: 271)
11/30/2024 20:07:09 [Information] decimal: 0.00 XaxisStepperMove added to the Settings Form. (Line: 271)
11/30/2024 20:07:09 [Information] XCOM1: XComPort added to the Settings Form. (Line: 346)
11/30/2024 20:07:09 [Information] XCOM2: XComPort added to the Settings Form. (Line: 346)
11/30/2024 20:07:09 [Information] XCOM3: XComPort added to the Settings Form. (Line: 346)
11/30/2024 20:07:09 [Information] XCOM4: XComPort added to the Settings Form. (Line: 346)
11/30/2024 20:07:09 [Information] XCOM5: XComPort added to the Settings Form. (Line: 346)
11/30/2024 20:07:09 [Information] XCOM6: XComPort added to the Settings Form. (Line: 346)
11/30/2024 20:07:09 [Information] XCOM7: XComPort added to the Settings Form. (Line: 346)
11/30/2024 20:07:09 [Information] XCOM8: XComPort added to the Settings Form. (Line: 346)
11/30/2024 20:07:09 [Information] XCOM9: XComPort added to the Settings Form. (Line: 346)
11/30/2024 20:07:09 [Information] XCOM10: XComPort added to the Settings Form. (Line: 346)
11/30/2024 20:07:09 [Information] decimal: 50.00 YaxisAcceleration added to the Settings Form. (Line: 271)
11/30/2024 20:07:09 [Information] bool: False YaxisChanged added to the Settings Form. (Line: 218)
11/30/2024 20:07:09 [Information] decimal: 400.00 YaxisMotorSpeed added to the Settings Form. (Line: 271)
11/30/2024 20:07:09 [Information] decimal: 0.00 YaxisStepperCurrent added to the Settings Form. (Line: 271)
11/30/2024 20:07:09 [Information] decimal: 0.00 YaxisStepperMove added to the Settings Form. (Line: 271)
11/30/2024 20:07:09 [Information] YCOM1: YComPort added to the Settings Form. (Line: 392)
11/30/2024 20:07:09 [Information] YCOM2: YComPort added to the Settings Form. (Line: 392)
11/30/2024 20:07:09 [Information] YCOM3: YComPort added to the Settings Form. (Line: 392)
11/30/2024 20:07:09 [Information] YCOM4: YComPort added to the Settings Form. (Line: 392)
11/30/2024 20:07:09 [Information] YCOM5: YComPort added to the Settings Form. (Line: 392)
11/30/2024 20:07:09 [Information] YCOM6: YComPort added to the Settings Form. (Line: 392)
11/30/2024 20:07:09 [Information] YCOM7: YComPort added to the Settings Form. (Line: 392)
11/30/2024 20:07:09 [Information] YCOM8: YComPort added to the Settings Form. (Line: 392)
11/30/2024 20:07:09 [Information] YCOM9: YComPort added to the Settings Form. (Line: 392)
11/30/2024 20:07:09 [Information] YCOM10: YComPort added to the Settings Form. (Line: 392)
11/30/2024 20:07:09 [Information] decimal: 50.00 ZaxisAcceleration added to the Settings Form. (Line: 271)
11/30/2024 20:07:09 [Information] bool: False ZaxisChanged added to the Settings Form. (Line: 218)
11/30/2024 20:07:09 [Information] decimal: 400.00 ZaxisMotorSpeed added to the Settings Form. (Line: 271)
11/30/2024 20:07:09 [Information] decimal: 0.00 ZaxisStepperCurrent added to the Settings Form. (Line: 271)
11/30/2024 20:07:09 [Information] decimal: 0.00 ZaxisStepperMove added to the Settings Form. (Line: 271)
11/30/2024 20:07:09 [Information] ZCOM1: ZComPort added to the Settings Form. (Line: 438)
11/30/2024 20:07:09 [Information] ZCOM2: ZComPort added to the Settings Form. (Line: 438)
11/30/2024 20:07:09 [Information] ZCOM3: ZComPort added to the Settings Form. (Line: 438)
11/30/2024 20:07:09 [Information] ZCOM4: ZComPort added to the Settings Form. (Line: 438)
11/30/2024 20:07:09 [Information] ZCOM5: ZComPort added to the Settings Form. (Line: 438)
11/30/2024 20:07:09 [Information] ZCOM6: ZComPort added to the Settings Form. (Line: 438)
11/30/2024 20:07:09 [Information] ZCOM7: ZComPort added to the Settings Form. (Line: 438)
11/30/2024 20:07:09 [Information] ZCOM8: ZComPort added to the Settings Form. (Line: 438)
11/30/2024 20:07:09 [Information] ZCOM9: ZComPort added to the Settings Form. (Line: 438)
11/30/2024 20:07:09 [Information] ZCOM10: ZComPort added to the Settings Form. (Line: 438)
11/30/2024 20:07:09 [Information] int: 0 zeroXaxis added to the Settings Form. (Line: 151)
11/30/2024 20:07:09 [Information] int: 0 zeroYaxis added to the Settings Form. (Line: 151)
11/30/2024 20:07:09 [Information] int: 0 zeroZaxis added to the Settings Form. (Line: 151)
11/30/2024 20:07:09 [Information] NewSettingsWindow updated to Stepper.StepperAppSettings (Line: 48)
11/30/2024 20:07:10 [Information] Stepper Motor Controller MainWindow loaded (Line: 1960)
11/30/2024 20:07:10 [Information] Set MainWindow Media Brushes to White. (Line: 1970)
11/30/2024 20:07:15 [Information] txtZaxisStepperMove Axis mouse controlled Keypad returned: 32.00 (Line: 1798)
11/30/2024 20:07:16 [Information] Z Axis Run button clicked: (Line: 1277)
11/30/2024 20:07:16 [Information] Z Axis MotorMovementSeconds for <= 400.00 RPM: 4.80 (Line: 1518)
11/30/2024 20:07:16 [Information] TargetEndTime updated to 11/30/2024 20:07:21 (Line: 87)
11/30/2024 20:07:16 [Information] ZAxisAbsolutePosition updated to 0 (Line: 498)
11/30/2024 20:07:16 [Information] Z Axis Absolute Position changed. (Line: 723)
11/30/2024 20:07:16 [Information] Z Axis Run Event: Z,0.00,400.00,0,0.00,400.00,0,32.00,400.00,0 (Line: 1443)
11/30/2024 20:07:23 [Information] Stepper Motor Controller MainWindow Closing. (Line: 1981)
11/30/2024 20:07:23 [Information] Properties Settings Saved. (Line: 1990)
11/30/2024 20:07:23 [Information] Properties Settings Form Closed. (Line: 1996)
11/30/2024 20:07:23 [Information] Stepper Motor Controller Form Closed. (Line: 1999)
