12/1/2024 13:25:18 [Information] Logger updated to Microsoft.Extensions.Logging.Logger`1[Stepper.MainWindow] (Line: 225)
12/1/2024 13:25:18 [Information] Stepper Motor Controller Application Started. (Line: 938)
12/1/2024 13:25:18 [Information] Version: 3.0.9101.24155 (12/1/2024 13:25:18) (Line: 942)
12/1/2024 13:25:18 [Information] Initializing Serial Ports. (Line: 767)
12/1/2024 13:25:19 [Error] I/O error occurred while opening the port COM7. (Line: 830)
12/1/2024 13:25:19 [Error] I/O error occurred while opening the port COM8. (Line: 830)
12/1/2024 13:25:19 [Information] SerialPort COM10 opened successfully. (Line: 813)
12/1/2024 13:25:19 [Information] SerialPort COM10 read 1 bytes. (Line: 818)
12/1/2024 13:25:19 [Information] CountdownTimer updated to System.Windows.Threading.DispatcherTimer (Line: 61)
12/1/2024 13:25:19 [Information] Stepper Motor Controller Application Started. (Line: 551)
12/1/2024 13:25:19 [Information] Version: 3.0.9101.24155 (12/1/2024 13:25:19) (Line: 555)
12/1/2024 13:25:19 [Information] Version: 3.1.0.24156 (12/1/2024 13:25:19) (Line: 631)
12/1/2024 13:25:19 [Information] Element AssemblyVersion not found in the provided XML document. (Line: 759)
12/1/2024 13:25:19 [Information] Element FileVersion not found in the provided XML document. (Line: 759)
12/1/2024 13:25:19 [Information] Version: 3.1.0.24156 (12/1/2024 13:25:19) (Line: 639)
12/1/2024 13:25:19 [Information] Stepper Motor Controller Application Settings Window Opened. (Line: 39)
12/1/2024 13:25:19 [Information] Stepper Motor Controller Application Settings form is rebuilt each and every time it is opened. (Line: 47)
12/1/2024 13:25:19 [Information] int: 0 AxisAbsolutePosition added to the Settings Form. (Line: 151)
12/1/2024 13:25:19 [Information] int: 9600 BaudRate added to the Settings Form. (Line: 151)
12/1/2024 13:25:19 [Information] bool: False ckbXaxisResetToZeroIsChecked added to the Settings Form. (Line: 218)
12/1/2024 13:25:19 [Information] bool: False ckbYaxisResetToZeroIsChecked added to the Settings Form. (Line: 218)
12/1/2024 13:25:19 [Information] bool: False ckbZaxisResetToZeroIsChecked added to the Settings Form. (Line: 218)
12/1/2024 13:25:19 [Information] COM1: ComPort added to the Settings Form. (Line: 484)
12/1/2024 13:25:19 [Information] COM2: ComPort added to the Settings Form. (Line: 484)
12/1/2024 13:25:19 [Information] COM3: ComPort added to the Settings Form. (Line: 484)
12/1/2024 13:25:19 [Information] COM4: ComPort added to the Settings Form. (Line: 484)
12/1/2024 13:25:19 [Information] COM5: ComPort added to the Settings Form. (Line: 484)
12/1/2024 13:25:19 [Information] COM6: ComPort added to the Settings Form. (Line: 484)
12/1/2024 13:25:19 [Information] COM7: ComPort added to the Settings Form. (Line: 484)
12/1/2024 13:25:19 [Information] COM8: ComPort added to the Settings Form. (Line: 484)
12/1/2024 13:25:19 [Information] COM9: ComPort added to the Settings Form. (Line: 484)
12/1/2024 13:25:19 [Information] COM10: ComPort added to the Settings Form. (Line: 484)
12/1/2024 13:25:19 [Information] decimal: 4.00 Divider4_00 added to the Settings Form. (Line: 271)
12/1/2024 13:25:19 [Information] decimal: 0.00 MathPart2Initlz added to the Settings Form. (Line: 271)
12/1/2024 13:25:19 [Information] decimal: 1.00 MilisecondTimerInterval added to the Settings Form. (Line: 271)
12/1/2024 13:25:19 [Information] decimal: 1000.00 MillisecondDelay added to the Settings Form. (Line: 271)
12/1/2024 13:25:19 [Information] int: 1000 Milliseconds added to the Settings Form. (Line: 151)
12/1/2024 13:25:19 [Information] int: 4 mmPerRevolution added to the Settings Form. (Line: 151)
12/1/2024 13:25:19 [Information] int: 200 stepsPerRevolution added to the Settings Form. (Line: 151)
12/1/2024 13:25:19 [Information] int: 2000 ThreadSleep added to the Settings Form. (Line: 151)
12/1/2024 13:25:19 [Information] decimal: 0.00 Value_0_00 added to the Settings Form. (Line: 271)
12/1/2024 13:25:19 [Information] decimal: 50.00 XaxisAcceleration added to the Settings Form. (Line: 271)
12/1/2024 13:25:19 [Information] bool: False XaxisChanged added to the Settings Form. (Line: 218)
12/1/2024 13:25:19 [Information] decimal: 400.00 XaxisMotorSpeed added to the Settings Form. (Line: 271)
12/1/2024 13:25:19 [Information] decimal: 0.00 XaxisStepperCurrent added to the Settings Form. (Line: 271)
12/1/2024 13:25:19 [Information] decimal: 0.00 XaxisStepperMove added to the Settings Form. (Line: 271)
12/1/2024 13:25:19 [Information] XCOM1: XComPort added to the Settings Form. (Line: 346)
12/1/2024 13:25:19 [Information] XCOM2: XComPort added to the Settings Form. (Line: 346)
12/1/2024 13:25:19 [Information] XCOM3: XComPort added to the Settings Form. (Line: 346)
12/1/2024 13:25:19 [Information] XCOM4: XComPort added to the Settings Form. (Line: 346)
12/1/2024 13:25:19 [Information] XCOM5: XComPort added to the Settings Form. (Line: 346)
12/1/2024 13:25:19 [Information] XCOM6: XComPort added to the Settings Form. (Line: 346)
12/1/2024 13:25:19 [Information] XCOM7: XComPort added to the Settings Form. (Line: 346)
12/1/2024 13:25:19 [Information] XCOM8: XComPort added to the Settings Form. (Line: 346)
12/1/2024 13:25:19 [Information] XCOM9: XComPort added to the Settings Form. (Line: 346)
12/1/2024 13:25:19 [Information] XCOM10: XComPort added to the Settings Form. (Line: 346)
12/1/2024 13:25:19 [Information] decimal: 50.00 YaxisAcceleration added to the Settings Form. (Line: 271)
12/1/2024 13:25:19 [Information] bool: False YaxisChanged added to the Settings Form. (Line: 218)
12/1/2024 13:25:19 [Information] decimal: 400.00 YaxisMotorSpeed added to the Settings Form. (Line: 271)
12/1/2024 13:25:19 [Information] decimal: 0.00 YaxisStepperCurrent added to the Settings Form. (Line: 271)
12/1/2024 13:25:19 [Information] decimal: 0.00 YaxisStepperMove added to the Settings Form. (Line: 271)
12/1/2024 13:25:19 [Information] YCOM1: YComPort added to the Settings Form. (Line: 392)
12/1/2024 13:25:19 [Information] YCOM2: YComPort added to the Settings Form. (Line: 392)
12/1/2024 13:25:19 [Information] YCOM3: YComPort added to the Settings Form. (Line: 392)
12/1/2024 13:25:19 [Information] YCOM4: YComPort added to the Settings Form. (Line: 392)
12/1/2024 13:25:19 [Information] YCOM5: YComPort added to the Settings Form. (Line: 392)
12/1/2024 13:25:19 [Information] YCOM6: YComPort added to the Settings Form. (Line: 392)
12/1/2024 13:25:19 [Information] YCOM7: YComPort added to the Settings Form. (Line: 392)
12/1/2024 13:25:19 [Information] YCOM8: YComPort added to the Settings Form. (Line: 392)
12/1/2024 13:25:19 [Information] YCOM9: YComPort added to the Settings Form. (Line: 392)
12/1/2024 13:25:19 [Information] YCOM10: YComPort added to the Settings Form. (Line: 392)
12/1/2024 13:25:19 [Information] decimal: 50.00 ZaxisAcceleration added to the Settings Form. (Line: 271)
12/1/2024 13:25:19 [Information] bool: False ZaxisChanged added to the Settings Form. (Line: 218)
12/1/2024 13:25:19 [Information] decimal: 400.00 ZaxisMotorSpeed added to the Settings Form. (Line: 271)
12/1/2024 13:25:19 [Information] decimal: 0.00 ZaxisStepperCurrent added to the Settings Form. (Line: 271)
12/1/2024 13:25:19 [Information] decimal: 0.00 ZaxisStepperMove added to the Settings Form. (Line: 271)
12/1/2024 13:25:19 [Information] ZCOM1: ZComPort added to the Settings Form. (Line: 438)
12/1/2024 13:25:19 [Information] ZCOM2: ZComPort added to the Settings Form. (Line: 438)
12/1/2024 13:25:19 [Information] ZCOM3: ZComPort added to the Settings Form. (Line: 438)
12/1/2024 13:25:19 [Information] ZCOM4: ZComPort added to the Settings Form. (Line: 438)
12/1/2024 13:25:19 [Information] ZCOM5: ZComPort added to the Settings Form. (Line: 438)
12/1/2024 13:25:19 [Information] ZCOM6: ZComPort added to the Settings Form. (Line: 438)
12/1/2024 13:25:19 [Information] ZCOM7: ZComPort added to the Settings Form. (Line: 438)
12/1/2024 13:25:19 [Information] ZCOM8: ZComPort added to the Settings Form. (Line: 438)
12/1/2024 13:25:19 [Information] ZCOM9: ZComPort added to the Settings Form. (Line: 438)
12/1/2024 13:25:19 [Information] ZCOM10: ZComPort added to the Settings Form. (Line: 438)
12/1/2024 13:25:19 [Information] int: 0 zeroXaxis added to the Settings Form. (Line: 151)
12/1/2024 13:25:19 [Information] int: 0 zeroYaxis added to the Settings Form. (Line: 151)
12/1/2024 13:25:19 [Information] int: 0 zeroZaxis added to the Settings Form. (Line: 151)
12/1/2024 13:25:19 [Information] NewSettingsWindow updated to Stepper.StepperAppSettings (Line: 48)
12/1/2024 13:25:20 [Information] Stepper Motor Controller MainWindow loaded (Line: 1956)
12/1/2024 13:25:20 [Information] Set MainWindow Media Brushes to White. (Line: 1966)
12/1/2024 13:25:25 [Information] txtZaxisStepperMove Axis mouse controlled Keypad returned: 32.00 (Line: 1794)
12/1/2024 13:25:26 [Information] Z Axis Run button clicked: (Line: 1273)
12/1/2024 13:25:26 [Information] Z Axis MotorMovementSeconds for <= 400.00 RPM: 4.80 (Line: 1514)
12/1/2024 13:25:26 [Information] TargetEndTime updated to 12/1/2024 13:25:31 (Line: 87)
12/1/2024 13:25:26 [Information] ZAxisAbsolutePosition updated to 0 (Line: 498)
12/1/2024 13:25:26 [Information] Z Axis Absolute Position changed. (Line: 733)
12/1/2024 13:25:26 [Information] Z Axis Run Event: Z,0.00,400.00,0,0.00,400.00,0,32.00,400.00,0 (Line: 1439)
12/1/2024 13:25:27 [Information] LimitSwitchPressed updated to True (Line: 74)
12/1/2024 13:25:31 [Information] Stepper Motor Countdown: Completed (Line: 971)
12/1/2024 13:25:31 [Information] LimitSwitchPressed updated to False (Line: 74)
12/1/2024 13:25:31 [Information] ZAxisTargetReached updated to True (Line: 462)
12/1/2024 13:25:31 [Information] Z Axis Target Reached changed. (Line: 700)
12/1/2024 13:25:31 [Information] CompletedZAxisCurrentPosition updated to 32 (Line: 358)
12/1/2024 13:25:37 [Information] Stepper Motor Controller MainWindow Closing. (Line: 1977)
12/1/2024 13:25:37 [Information] Properties Settings Saved. (Line: 1986)
12/1/2024 13:25:37 [Information] Properties Settings Form Closed. (Line: 1992)
12/1/2024 13:25:37 [Information] Stepper Motor Controller Form Closed. (Line: 1995)
