11/25/2024 20:29:46 [Information] Logger updated to Microsoft.Extensions.Logging.Logger`1[Stepper.MainWindow] (Line: 224)
11/25/2024 20:29:46 [Information] Stepper Motor Controller Application Started. (Line: 912)
11/25/2024 20:29:46 [Information] Version: 3.0.9095.36888 (11/25/2024 20:29:46) (Line: 916)
11/25/2024 20:29:46 [Information] Initializing Serial Ports. (Line: 741)
11/25/2024 20:29:46 [Error] I/O error occurred while opening the port COM7. (Line: 804)
11/25/2024 20:29:48 [Error] I/O error occurred while opening the port COM8. (Line: 804)
11/25/2024 20:29:49 [Information] SerialPort COM10 opened successfully. (Line: 787)
11/25/2024 20:29:49 [Information] CountdownTimer updated to System.Windows.Threading.DispatcherTimer (Line: 60)
11/25/2024 20:29:49 [Information] Stepper Motor Controller Application Started. (Line: 543)
11/25/2024 20:29:49 [Information] Version: 3.0.9095.36888 (11/25/2024 20:29:49) (Line: 547)
11/25/2024 20:29:49 [Information] Version: 3.1.0.36889 (11/25/2024 20:29:49) (Line: 622)
11/25/2024 20:29:49 [Information] Element AssemblyVersion not found in the provided XML document. (Line: 733)
11/25/2024 20:29:49 [Information] Element FileVersion not found in the provided XML document. (Line: 733)
11/25/2024 20:29:49 [Information] Version: 3.1.0.36889 (11/25/2024 20:29:49) (Line: 630)
11/25/2024 20:29:49 [Information] Stepper Motor Controller Application Settings Window Opened. (Line: 39)
11/25/2024 20:29:49 [Information] Stepper Motor Controller Application Settings form is rebuilt each and every time it is opened. (Line: 47)
11/25/2024 20:29:49 [Information] int: 9600 BaudRate added to the Settings Form. (Line: 151)
11/25/2024 20:29:49 [Information] bool: False ckbXaxisResetToZeroIsChecked added to the Settings Form. (Line: 218)
11/25/2024 20:29:49 [Information] bool: False ckbYaxisResetToZeroIsChecked added to the Settings Form. (Line: 218)
11/25/2024 20:29:49 [Information] bool: False ckbZaxisResetToZeroIsChecked added to the Settings Form. (Line: 218)
11/25/2024 20:29:49 [Information] COM1: ComPort added to the Settings Form. (Line: 484)
11/25/2024 20:29:49 [Information] COM2: ComPort added to the Settings Form. (Line: 484)
11/25/2024 20:29:49 [Information] COM3: ComPort added to the Settings Form. (Line: 484)
11/25/2024 20:29:49 [Information] COM4: ComPort added to the Settings Form. (Line: 484)
11/25/2024 20:29:49 [Information] COM5: ComPort added to the Settings Form. (Line: 484)
11/25/2024 20:29:49 [Information] COM6: ComPort added to the Settings Form. (Line: 484)
11/25/2024 20:29:49 [Information] COM7: ComPort added to the Settings Form. (Line: 484)
11/25/2024 20:29:49 [Information] COM8: ComPort added to the Settings Form. (Line: 484)
11/25/2024 20:29:49 [Information] COM9: ComPort added to the Settings Form. (Line: 484)
11/25/2024 20:29:49 [Information] COM10: ComPort added to the Settings Form. (Line: 484)
11/25/2024 20:29:49 [Information] decimal: 4.00 Divider4_00 added to the Settings Form. (Line: 271)
11/25/2024 20:29:49 [Information] decimal: 0.00 MathPart2Initlz added to the Settings Form. (Line: 271)
11/25/2024 20:29:49 [Information] decimal: 1.00 MilisecondTimerInterval added to the Settings Form. (Line: 271)
11/25/2024 20:29:49 [Information] decimal: 1000.00 MillisecondDelay added to the Settings Form. (Line: 271)
11/25/2024 20:29:49 [Information] int: 1000 Milliseconds added to the Settings Form. (Line: 151)
11/25/2024 20:29:49 [Information] int: 4 mmPerRevolution added to the Settings Form. (Line: 151)
11/25/2024 20:29:49 [Information] int: 2000 ThreadSleep added to the Settings Form. (Line: 151)
11/25/2024 20:29:49 [Information] decimal: 0.00 Value_0_00 added to the Settings Form. (Line: 271)
11/25/2024 20:29:49 [Information] decimal: 50.00 XaxisAcceleration added to the Settings Form. (Line: 271)
11/25/2024 20:29:49 [Information] bool: False XaxisChanged added to the Settings Form. (Line: 218)
11/25/2024 20:29:49 [Information] decimal: 400.00 XaxisMotorSpeed added to the Settings Form. (Line: 271)
11/25/2024 20:29:49 [Information] decimal: 0.00 XaxisStepperCurrent added to the Settings Form. (Line: 271)
11/25/2024 20:29:49 [Information] decimal: 0.00 XaxisStepperMove added to the Settings Form. (Line: 271)
11/25/2024 20:29:49 [Information] XCOM1: XComPort added to the Settings Form. (Line: 346)
11/25/2024 20:29:49 [Information] XCOM2: XComPort added to the Settings Form. (Line: 346)
11/25/2024 20:29:49 [Information] XCOM3: XComPort added to the Settings Form. (Line: 346)
11/25/2024 20:29:49 [Information] XCOM4: XComPort added to the Settings Form. (Line: 346)
11/25/2024 20:29:49 [Information] XCOM5: XComPort added to the Settings Form. (Line: 346)
11/25/2024 20:29:49 [Information] XCOM6: XComPort added to the Settings Form. (Line: 346)
11/25/2024 20:29:49 [Information] XCOM7: XComPort added to the Settings Form. (Line: 346)
11/25/2024 20:29:49 [Information] XCOM8: XComPort added to the Settings Form. (Line: 346)
11/25/2024 20:29:49 [Information] XCOM9: XComPort added to the Settings Form. (Line: 346)
11/25/2024 20:29:49 [Information] XCOM10: XComPort added to the Settings Form. (Line: 346)
11/25/2024 20:29:49 [Information] decimal: 50.00 YaxisAcceleration added to the Settings Form. (Line: 271)
11/25/2024 20:29:49 [Information] bool: False YaxisChanged added to the Settings Form. (Line: 218)
11/25/2024 20:29:49 [Information] decimal: 400.00 YaxisMotorSpeed added to the Settings Form. (Line: 271)
11/25/2024 20:29:49 [Information] decimal: 0.00 YaxisStepperCurrent added to the Settings Form. (Line: 271)
11/25/2024 20:29:49 [Information] decimal: 0.00 YaxisStepperMove added to the Settings Form. (Line: 271)
11/25/2024 20:29:49 [Information] YCOM1: YComPort added to the Settings Form. (Line: 392)
11/25/2024 20:29:49 [Information] YCOM2: YComPort added to the Settings Form. (Line: 392)
11/25/2024 20:29:49 [Information] YCOM3: YComPort added to the Settings Form. (Line: 392)
11/25/2024 20:29:49 [Information] YCOM4: YComPort added to the Settings Form. (Line: 392)
11/25/2024 20:29:49 [Information] YCOM5: YComPort added to the Settings Form. (Line: 392)
11/25/2024 20:29:49 [Information] YCOM6: YComPort added to the Settings Form. (Line: 392)
11/25/2024 20:29:49 [Information] YCOM7: YComPort added to the Settings Form. (Line: 392)
11/25/2024 20:29:49 [Information] YCOM8: YComPort added to the Settings Form. (Line: 392)
11/25/2024 20:29:49 [Information] YCOM9: YComPort added to the Settings Form. (Line: 392)
11/25/2024 20:29:49 [Information] YCOM10: YComPort added to the Settings Form. (Line: 392)
11/25/2024 20:29:49 [Information] decimal: 50.00 ZaxisAcceleration added to the Settings Form. (Line: 271)
11/25/2024 20:29:49 [Information] bool: False ZaxisChanged added to the Settings Form. (Line: 218)
11/25/2024 20:29:49 [Information] decimal: 400.00 ZaxisMotorSpeed added to the Settings Form. (Line: 271)
11/25/2024 20:29:49 [Information] decimal: 0.00 ZaxisStepperCurrent added to the Settings Form. (Line: 271)
11/25/2024 20:29:49 [Information] decimal: 0.00 ZaxisStepperMove added to the Settings Form. (Line: 271)
11/25/2024 20:29:49 [Information] ZCOM1: ZComPort added to the Settings Form. (Line: 438)
11/25/2024 20:29:49 [Information] ZCOM2: ZComPort added to the Settings Form. (Line: 438)
11/25/2024 20:29:49 [Information] ZCOM3: ZComPort added to the Settings Form. (Line: 438)
11/25/2024 20:29:49 [Information] ZCOM4: ZComPort added to the Settings Form. (Line: 438)
11/25/2024 20:29:49 [Information] ZCOM5: ZComPort added to the Settings Form. (Line: 438)
11/25/2024 20:29:49 [Information] ZCOM6: ZComPort added to the Settings Form. (Line: 438)
11/25/2024 20:29:49 [Information] ZCOM7: ZComPort added to the Settings Form. (Line: 438)
11/25/2024 20:29:49 [Information] ZCOM8: ZComPort added to the Settings Form. (Line: 438)
11/25/2024 20:29:49 [Information] ZCOM9: ZComPort added to the Settings Form. (Line: 438)
11/25/2024 20:29:49 [Information] ZCOM10: ZComPort added to the Settings Form. (Line: 438)
11/25/2024 20:29:49 [Information] int: 0 zeroXaxis added to the Settings Form. (Line: 151)
11/25/2024 20:29:49 [Information] int: 0 zeroYaxis added to the Settings Form. (Line: 151)
11/25/2024 20:29:49 [Information] int: 0 zeroZaxis added to the Settings Form. (Line: 151)
11/25/2024 20:29:49 [Information] NewSettingsWindow updated to Stepper.StepperAppSettings (Line: 47)
11/25/2024 20:29:50 [Information] Stepper Motor Controller MainWindow loaded (Line: 1890)
11/25/2024 20:29:50 [Information] Set MainWindow Media Brushes to White. (Line: 1900)
11/25/2024 20:29:56 [Information] Z Axis stepper move updated to 8.00 (Line: 1688)
11/25/2024 20:29:56 [Information] txtZaxisStepperMove Axis mouse controlled Keypad returned: 8.00 (Line: 1728)
11/25/2024 20:29:58 [Information] Z Axis Run button clicked: (Line: 1212)
11/25/2024 20:29:58 [Information] Z Axis MotorMovementSeconds for <= 400.00 RPM: 1.20 (Line: 1448)
11/25/2024 20:29:58 [Information] TargetEndTime updated to 11/25/2024 20:29:59 (Line: 86)
11/25/2024 20:29:58 [Information] Z Axis Run Event: Z,0.00,400.00,0,0.00,400.00,0,8.00,400.00,0 (Line: 1374)
11/25/2024 20:29:59 [Information] Stepper Motor Countdown: Completed (Line: 945)
11/25/2024 20:29:59 [Information] ZAxisTargetReached updated to True (Line: 461)
11/25/2024 20:29:59 [Information] Z Axis Target Reached changed. (Line: 691)
11/25/2024 20:29:59 [Information] CompletedZAxisCurrentPosition updated to 8 (Line: 357)
11/25/2024 20:30:03 [Information] ZAxisTargetReached updated to False (Line: 461)
11/25/2024 20:30:03 [Information] Z Axis Target Reached changed. (Line: 691)
11/25/2024 20:30:03 [Information] Z Axis Run button clicked: (Line: 1212)
11/25/2024 20:30:03 [Information] Z Axis MotorMovementSeconds for <= 400.00 RPM: 1.20 (Line: 1448)
11/25/2024 20:30:03 [Information] TargetEndTime updated to 11/25/2024 20:30:04 (Line: 86)
11/25/2024 20:30:03 [Information] Z Axis Run Event: Z,0.00,400.00,0,0.00,400.00,0,8.00,400.00,0 (Line: 1374)
11/25/2024 20:30:04 [Information] Stepper Motor Countdown: Completed (Line: 945)
11/25/2024 20:30:04 [Information] ZAxisTargetReached updated to True (Line: 461)
11/25/2024 20:30:04 [Information] Z Axis Target Reached changed. (Line: 691)
11/25/2024 20:30:04 [Information] CompletedZAxisCurrentPosition updated to 16 (Line: 357)
11/25/2024 20:30:06 [Information] ZaxisStepperMoveTemp updated to 8.00 (Line: 211)
11/25/2024 20:30:11 [Information] Z Axis stepper move updated to -8.00 (Line: 1688)
11/25/2024 20:30:11 [Information] txtZaxisStepperMove Axis mouse controlled Keypad returned: -8.00 (Line: 1728)
11/25/2024 20:30:12 [Information] ZAxisTargetReached updated to False (Line: 461)
11/25/2024 20:30:12 [Information] Z Axis Target Reached changed. (Line: 691)
11/25/2024 20:30:12 [Information] Z Axis Run button clicked: (Line: 1212)
11/25/2024 20:30:12 [Information] Z Axis MotorMovementSeconds for <= 400.00 RPM: 1.20 (Line: 1448)
11/25/2024 20:30:12 [Information] TargetEndTime updated to 11/25/2024 20:30:13 (Line: 86)
11/25/2024 20:30:12 [Information] Z Axis Run Event: Z,0.00,400.00,0,0.00,400.00,0,-8.00,400.00,0 (Line: 1374)
11/25/2024 20:30:13 [Information] Stepper Motor Countdown: Completed (Line: 945)
11/25/2024 20:30:13 [Information] ZAxisTargetReached updated to True (Line: 461)
11/25/2024 20:30:13 [Information] Z Axis Target Reached changed. (Line: 691)
11/25/2024 20:30:13 [Information] CompletedZAxisCurrentPosition updated to 8 (Line: 357)
11/25/2024 20:30:24 [Information] ZaxisStepperMoveTemp updated to -8.00 (Line: 211)
11/25/2024 20:30:31 [Information] Z Axis stepper move updated to -32.00 (Line: 1688)
11/25/2024 20:30:31 [Information] txtZaxisStepperMove Axis mouse controlled Keypad returned: -32.00 (Line: 1728)
11/25/2024 20:30:32 [Information] ZAxisTargetReached updated to False (Line: 461)
11/25/2024 20:30:32 [Information] Z Axis Target Reached changed. (Line: 691)
11/25/2024 20:30:32 [Information] Z Axis Run button clicked: (Line: 1212)
11/25/2024 20:30:32 [Information] Z Axis MotorMovementSeconds for <= 400.00 RPM: 4.80 (Line: 1448)
11/25/2024 20:30:32 [Information] TargetEndTime updated to 11/25/2024 20:30:37 (Line: 86)
11/25/2024 20:30:32 [Information] Z Axis Run Event: Z,0.00,400.00,0,0.00,400.00,0,-32.00,400.00,0 (Line: 1374)
11/25/2024 20:30:34 [Information] Stepper Motor Countdown: Completed (Line: 1096)
11/25/2024 20:30:34 [Information] ZAxisAbsolutePosition updated to -3.5 (Line: 491)
11/25/2024 20:30:34 [Information] LimitSwitchUpdateCompleted updated to True (Line: 523)
11/25/2024 20:30:34 [Information] Z Axis Motor Current Position: -3.5
11/25/2024 20:30:34 [Information] CW Limit Switch Activated! (Line: 1109)
11/25/2024 20:30:46 [Information] Z Axis Run button clicked: (Line: 1212)
11/25/2024 20:30:46 [Information] Z Axis MotorMovementSeconds for <= 400.00 RPM: 4.80 (Line: 1448)
11/25/2024 20:30:46 [Information] TargetEndTime updated to 11/25/2024 20:30:51 (Line: 86)
11/25/2024 20:30:46 [Information] CompletedZAxisCurrentPosition updated to -3.5 (Line: 357)
11/25/2024 20:30:46 [Information] Z Axis Run Event: Z,0.00,400.00,0,0.00,400.00,0,-32.00,400.00,0 (Line: 1374)
11/25/2024 20:30:48 [Information] Stepper Motor Countdown: Completed (Line: 1096)
11/25/2024 20:30:48 [Information] ZAxisAbsolutePosition updated to -7.62 (Line: 491)
11/25/2024 20:30:48 [Information] LimitSwitchUpdateCompleted updated to True (Line: 523)
11/25/2024 20:30:49 [Information] Z Axis Motor Current Position: -4.12
11/25/2024 20:30:49 [Information] CW Limit Switch Activated! (Line: 1109)
11/25/2024 20:30:53 [Information] Stepper Motor Controller MainWindow Closing. (Line: 1911)
11/25/2024 20:30:53 [Information] Properties Settings Saved. (Line: 1920)
11/25/2024 20:30:53 [Information] Properties Settings Form Closed. (Line: 1926)
11/25/2024 20:30:53 [Information] Stepper Motor Controller Form Closed. (Line: 1929)
