11/27/2024 18:36:02 [Information] Logger updated to Microsoft.Extensions.Logging.Logger`1[Stepper.MainWindow] (Line: 327)
11/27/2024 18:36:02 [Information] Stepper Motor Controller Application Started. (Line: 1253)
11/27/2024 18:36:02 [Information] Version: 3.0.9097.33476 (11/27/2024 18:36:02) (Line: 1257)
11/27/2024 18:36:02 [Information] Initializing Serial Ports. (Line: 1082)
11/27/2024 18:36:02 [Error] I/O error occurred while opening the port COM7. (Line: 1145)
11/27/2024 18:36:04 [Error] I/O error occurred while opening the port COM8. (Line: 1145)
11/27/2024 18:36:05 [Information] SerialPort COM10 opened successfully. (Line: 1128)
11/27/2024 18:36:05 [Information] CountdownTimer updated to System.Windows.Threading.DispatcherTimer (Line: 76)
11/27/2024 18:36:05 [Information] Stepper Motor Controller Application Started. (Line: 795)
11/27/2024 18:36:05 [Information] Version: 3.0.9097.33476 (11/27/2024 18:36:05) (Line: 799)
11/27/2024 18:36:05 [Information] Version: 3.1.0.33477 (11/27/2024 18:36:05) (Line: 882)
11/27/2024 18:36:05 [Information] Element AssemblyVersion not found in the provided XML document. (Line: 1074)
11/27/2024 18:36:05 [Information] Element FileVersion not found in the provided XML document. (Line: 1074)
11/27/2024 18:36:05 [Information] Version: 3.1.0.33477 (11/27/2024 18:36:05) (Line: 890)
11/27/2024 18:36:05 [Information] Stepper Motor Controller Application Settings Window Opened. (Line: 39)
11/27/2024 18:36:05 [Information] Stepper Motor Controller Application Settings form is rebuilt each and every time it is opened. (Line: 47)
11/27/2024 18:36:05 [Information] int: 0 AxisAbsolutePosition added to the Settings Form. (Line: 151)
11/27/2024 18:36:05 [Information] int: 9600 BaudRate added to the Settings Form. (Line: 151)
11/27/2024 18:36:05 [Information] bool: False ckbXaxisResetToZeroIsChecked added to the Settings Form. (Line: 218)
11/27/2024 18:36:05 [Information] bool: False ckbYaxisResetToZeroIsChecked added to the Settings Form. (Line: 218)
11/27/2024 18:36:05 [Information] bool: False ckbZaxisResetToZeroIsChecked added to the Settings Form. (Line: 218)
11/27/2024 18:36:05 [Information] COM1: ComPort added to the Settings Form. (Line: 484)
11/27/2024 18:36:05 [Information] COM2: ComPort added to the Settings Form. (Line: 484)
11/27/2024 18:36:05 [Information] COM3: ComPort added to the Settings Form. (Line: 484)
11/27/2024 18:36:05 [Information] COM4: ComPort added to the Settings Form. (Line: 484)
11/27/2024 18:36:05 [Information] COM5: ComPort added to the Settings Form. (Line: 484)
11/27/2024 18:36:05 [Information] COM6: ComPort added to the Settings Form. (Line: 484)
11/27/2024 18:36:05 [Information] COM7: ComPort added to the Settings Form. (Line: 484)
11/27/2024 18:36:05 [Information] COM8: ComPort added to the Settings Form. (Line: 484)
11/27/2024 18:36:05 [Information] COM9: ComPort added to the Settings Form. (Line: 484)
11/27/2024 18:36:05 [Information] COM10: ComPort added to the Settings Form. (Line: 484)
11/27/2024 18:36:05 [Information] decimal: 4.00 Divider4_00 added to the Settings Form. (Line: 271)
11/27/2024 18:36:05 [Information] decimal: 0.00 MathPart2Initlz added to the Settings Form. (Line: 271)
11/27/2024 18:36:05 [Information] decimal: 1.00 MilisecondTimerInterval added to the Settings Form. (Line: 271)
11/27/2024 18:36:05 [Information] decimal: 1000.00 MillisecondDelay added to the Settings Form. (Line: 271)
11/27/2024 18:36:05 [Information] int: 1000 Milliseconds added to the Settings Form. (Line: 151)
11/27/2024 18:36:05 [Information] int: 4 mmPerRevolution added to the Settings Form. (Line: 151)
11/27/2024 18:36:05 [Information] int: 200 stepsPerRevolution added to the Settings Form. (Line: 151)
11/27/2024 18:36:05 [Information] int: 2000 ThreadSleep added to the Settings Form. (Line: 151)
11/27/2024 18:36:05 [Information] decimal: 0.00 Value_0_00 added to the Settings Form. (Line: 271)
11/27/2024 18:36:05 [Information] decimal: 50.00 XaxisAcceleration added to the Settings Form. (Line: 271)
11/27/2024 18:36:05 [Information] bool: False XaxisChanged added to the Settings Form. (Line: 218)
11/27/2024 18:36:05 [Information] decimal: 400.00 XaxisMotorSpeed added to the Settings Form. (Line: 271)
11/27/2024 18:36:05 [Information] decimal: 0.00 XaxisStepperCurrent added to the Settings Form. (Line: 271)
11/27/2024 18:36:05 [Information] decimal: 0.00 XaxisStepperMove added to the Settings Form. (Line: 271)
11/27/2024 18:36:05 [Information] XCOM1: XComPort added to the Settings Form. (Line: 346)
11/27/2024 18:36:05 [Information] XCOM2: XComPort added to the Settings Form. (Line: 346)
11/27/2024 18:36:05 [Information] XCOM3: XComPort added to the Settings Form. (Line: 346)
11/27/2024 18:36:05 [Information] XCOM4: XComPort added to the Settings Form. (Line: 346)
11/27/2024 18:36:05 [Information] XCOM5: XComPort added to the Settings Form. (Line: 346)
11/27/2024 18:36:05 [Information] XCOM6: XComPort added to the Settings Form. (Line: 346)
11/27/2024 18:36:05 [Information] XCOM7: XComPort added to the Settings Form. (Line: 346)
11/27/2024 18:36:05 [Information] XCOM8: XComPort added to the Settings Form. (Line: 346)
11/27/2024 18:36:05 [Information] XCOM9: XComPort added to the Settings Form. (Line: 346)
11/27/2024 18:36:05 [Information] XCOM10: XComPort added to the Settings Form. (Line: 346)
11/27/2024 18:36:05 [Information] decimal: 50.00 YaxisAcceleration added to the Settings Form. (Line: 271)
11/27/2024 18:36:05 [Information] bool: False YaxisChanged added to the Settings Form. (Line: 218)
11/27/2024 18:36:05 [Information] decimal: 400.00 YaxisMotorSpeed added to the Settings Form. (Line: 271)
11/27/2024 18:36:05 [Information] decimal: 0.00 YaxisStepperCurrent added to the Settings Form. (Line: 271)
11/27/2024 18:36:05 [Information] decimal: 0.00 YaxisStepperMove added to the Settings Form. (Line: 271)
11/27/2024 18:36:05 [Information] YCOM1: YComPort added to the Settings Form. (Line: 392)
11/27/2024 18:36:05 [Information] YCOM2: YComPort added to the Settings Form. (Line: 392)
11/27/2024 18:36:05 [Information] YCOM3: YComPort added to the Settings Form. (Line: 392)
11/27/2024 18:36:05 [Information] YCOM4: YComPort added to the Settings Form. (Line: 392)
11/27/2024 18:36:05 [Information] YCOM5: YComPort added to the Settings Form. (Line: 392)
11/27/2024 18:36:05 [Information] YCOM6: YComPort added to the Settings Form. (Line: 392)
11/27/2024 18:36:05 [Information] YCOM7: YComPort added to the Settings Form. (Line: 392)
11/27/2024 18:36:05 [Information] YCOM8: YComPort added to the Settings Form. (Line: 392)
11/27/2024 18:36:05 [Information] YCOM9: YComPort added to the Settings Form. (Line: 392)
11/27/2024 18:36:05 [Information] YCOM10: YComPort added to the Settings Form. (Line: 392)
11/27/2024 18:36:05 [Information] decimal: 50.00 ZaxisAcceleration added to the Settings Form. (Line: 271)
11/27/2024 18:36:05 [Information] bool: False ZaxisChanged added to the Settings Form. (Line: 218)
11/27/2024 18:36:05 [Information] decimal: 400.00 ZaxisMotorSpeed added to the Settings Form. (Line: 271)
11/27/2024 18:36:05 [Information] decimal: 0.00 ZaxisStepperCurrent added to the Settings Form. (Line: 271)
11/27/2024 18:36:05 [Information] decimal: 0.00 ZaxisStepperMove added to the Settings Form. (Line: 271)
11/27/2024 18:36:05 [Information] ZCOM1: ZComPort added to the Settings Form. (Line: 438)
11/27/2024 18:36:05 [Information] ZCOM2: ZComPort added to the Settings Form. (Line: 438)
11/27/2024 18:36:05 [Information] ZCOM3: ZComPort added to the Settings Form. (Line: 438)
11/27/2024 18:36:05 [Information] ZCOM4: ZComPort added to the Settings Form. (Line: 438)
11/27/2024 18:36:05 [Information] ZCOM5: ZComPort added to the Settings Form. (Line: 438)
11/27/2024 18:36:05 [Information] ZCOM6: ZComPort added to the Settings Form. (Line: 438)
11/27/2024 18:36:05 [Information] ZCOM7: ZComPort added to the Settings Form. (Line: 438)
11/27/2024 18:36:05 [Information] ZCOM8: ZComPort added to the Settings Form. (Line: 438)
11/27/2024 18:36:05 [Information] ZCOM9: ZComPort added to the Settings Form. (Line: 438)
11/27/2024 18:36:05 [Information] ZCOM10: ZComPort added to the Settings Form. (Line: 438)
11/27/2024 18:36:05 [Information] int: 0 zeroXaxis added to the Settings Form. (Line: 151)
11/27/2024 18:36:05 [Information] int: 0 zeroYaxis added to the Settings Form. (Line: 151)
11/27/2024 18:36:05 [Information] int: 0 zeroZaxis added to the Settings Form. (Line: 151)
11/27/2024 18:36:05 [Information] NewSettingsWindow updated to Stepper.StepperAppSettings (Line: 56)
11/27/2024 18:36:05 [Information] Stepper Motor Controller MainWindow loaded (Line: 2236)
11/27/2024 18:36:05 [Information] Set MainWindow Media Brushes to White. (Line: 2246)
11/27/2024 18:36:14 [Information] txtZaxisStepperMove Axis mouse controlled Keypad returned: -32.00 (Line: 2074)
11/27/2024 18:36:16 [Information] Z Axis Run button clicked: (Line: 1602)
11/27/2024 18:36:16 [Information] Z Axis MotorMovementSeconds for <= 400.00 RPM: 4.80 (Line: 1838)
11/27/2024 18:36:16 [Information] TargetEndTime updated to 11/27/2024 18:36:21 (Line: 126)
11/27/2024 18:36:16 [Information] Target EndTime changed. (Line: 1048)
11/27/2024 18:36:16 [Information] Z Axis Run Event: Z,0.00,400.00,0,0.00,400.00,0,-32.00,400.00,0 (Line: 1763)
11/27/2024 18:36:17 [Information] ObjSender updated to System.IO.Ports.SerialPort (Line: 763)
11/27/2024 18:36:21 [Information] Stepper Motor Countdown: Completed (Line: 1286)
11/27/2024 18:36:21 [Information] ZAxisTargetReached updated to True (Line: 675)
11/27/2024 18:36:21 [Information] Z Axis Target Reached changed. (Line: 951)
11/27/2024 18:36:21 [Information] CompletedZAxisCurrentPosition updated to -32 (Line: 570)
11/27/2024 18:36:21 [Information] Completed X Axis Current Position changed. (Line: 978)
11/27/2024 18:36:21 [Information] LimitSwitchUpdateCompleted updated to True (Line: 780)
11/27/2024 18:36:21 [Information] ZAxisRunToCompletion updated to True (Line: 422)
11/27/2024 18:36:25 [Information] ZAxisTargetReached updated to False (Line: 675)
11/27/2024 18:36:25 [Information] Z Axis Target Reached changed. (Line: 951)
11/27/2024 18:36:25 [Information] Z Axis Run button clicked: (Line: 1602)
11/27/2024 18:36:25 [Information] Z Axis MotorMovementSeconds for <= 400.00 RPM: 4.80 (Line: 1838)
11/27/2024 18:36:25 [Information] TargetEndTime updated to 11/27/2024 18:36:30 (Line: 126)
11/27/2024 18:36:25 [Information] Target EndTime changed. (Line: 1048)
11/27/2024 18:36:25 [Information] Z Axis Run Event: Z,0.00,400.00,0,0.00,400.00,0,-32.00,400.00,0 (Line: 1763)
11/27/2024 18:36:30 [Information] Stepper Motor Countdown: Completed (Line: 1286)
11/27/2024 18:36:30 [Information] ZAxisTargetReached updated to True (Line: 675)
11/27/2024 18:36:30 [Information] Z Axis Target Reached changed. (Line: 951)
11/27/2024 18:36:30 [Information] CompletedZAxisCurrentPosition updated to -64 (Line: 570)
11/27/2024 18:36:30 [Information] Completed X Axis Current Position changed. (Line: 978)
11/27/2024 18:36:30 [Information] LimitSwitchUpdateCompleted updated to True (Line: 780)
11/27/2024 18:36:30 [Information] ZAxisRunToCompletion updated to True (Line: 422)
