11/24/2024 17:24:03 [Information] Logger updated to Microsoft.Extensions.Logging.Logger`1[Stepper.MainWindow] (Line: 224)
11/24/2024 17:24:03 [Information] Stepper Motor Controller Application Started. (Line: 894)
11/24/2024 17:24:03 [Information] Version: 3.0.9094.31317 (11/24/2024 17:24:03) (Line: 898)
11/24/2024 17:24:03 [Information] Initializing Serial Ports. (Line: 723)
11/24/2024 17:24:03 [Error] I/O error occurred while opening the port COM7. (Line: 786)
11/24/2024 17:24:16 [Error] I/O error occurred while opening the port COM8. (Line: 786)
11/24/2024 17:24:17 [Information] SerialPort COM10 opened successfully. (Line: 769)
11/24/2024 17:24:17 [Information] SerialPort COM10 read 1 bytes. (Line: 774)
11/24/2024 17:24:17 [Information] CountdownTimer updated to System.Windows.Threading.DispatcherTimer (Line: 60)
11/24/2024 17:24:17 [Information] Stepper Motor Controller Application Started. (Line: 525)
11/24/2024 17:24:17 [Information] Version: 3.0.9094.31317 (11/24/2024 17:24:17) (Line: 529)
11/24/2024 17:24:17 [Information] Version: 3.1.0.31318 (11/24/2024 17:24:17) (Line: 604)
11/24/2024 17:24:17 [Information] Element AssemblyVersion not found in the provided XML document. (Line: 715)
11/24/2024 17:24:17 [Information] Element FileVersion not found in the provided XML document. (Line: 715)
11/24/2024 17:24:17 [Information] Version: 3.1.0.31318 (11/24/2024 17:24:17) (Line: 612)
11/24/2024 17:24:17 [Information] Stepper Motor Controller Application Settings Window Opened. (Line: 39)
11/24/2024 17:24:17 [Information] Stepper Motor Controller Application Settings form is rebuilt each and every time it is opened. (Line: 47)
11/24/2024 17:24:17 [Information] int: 9600 BaudRate added to the Settings Form. (Line: 151)
11/24/2024 17:24:17 [Information] bool: False ckbXaxisResetToZeroIsChecked added to the Settings Form. (Line: 218)
11/24/2024 17:24:17 [Information] bool: False ckbYaxisResetToZeroIsChecked added to the Settings Form. (Line: 218)
11/24/2024 17:24:17 [Information] bool: False ckbZaxisResetToZeroIsChecked added to the Settings Form. (Line: 218)
11/24/2024 17:24:17 [Information] COM1: ComPort added to the Settings Form. (Line: 484)
11/24/2024 17:24:17 [Information] COM2: ComPort added to the Settings Form. (Line: 484)
11/24/2024 17:24:17 [Information] COM3: ComPort added to the Settings Form. (Line: 484)
11/24/2024 17:24:17 [Information] COM4: ComPort added to the Settings Form. (Line: 484)
11/24/2024 17:24:17 [Information] COM5: ComPort added to the Settings Form. (Line: 484)
11/24/2024 17:24:17 [Information] COM6: ComPort added to the Settings Form. (Line: 484)
11/24/2024 17:24:17 [Information] COM7: ComPort added to the Settings Form. (Line: 484)
11/24/2024 17:24:17 [Information] COM8: ComPort added to the Settings Form. (Line: 484)
11/24/2024 17:24:17 [Information] COM9: ComPort added to the Settings Form. (Line: 484)
11/24/2024 17:24:17 [Information] COM10: ComPort added to the Settings Form. (Line: 484)
11/24/2024 17:24:17 [Information] decimal: 4.00 Divider4_00 added to the Settings Form. (Line: 271)
11/24/2024 17:24:17 [Information] decimal: 0.00 MathPart2Initlz added to the Settings Form. (Line: 271)
11/24/2024 17:24:17 [Information] decimal: 1.00 MilisecondTimerInterval added to the Settings Form. (Line: 271)
11/24/2024 17:24:17 [Information] decimal: 1000.00 MillisecondDelay added to the Settings Form. (Line: 271)
11/24/2024 17:24:17 [Information] int: 1000 Milliseconds added to the Settings Form. (Line: 151)
11/24/2024 17:24:17 [Information] int: 4 mmPerRevolution added to the Settings Form. (Line: 151)
11/24/2024 17:24:17 [Information] int: 2000 ThreadSleep added to the Settings Form. (Line: 151)
11/24/2024 17:24:17 [Information] decimal: 0.00 Value_0_00 added to the Settings Form. (Line: 271)
11/24/2024 17:24:17 [Information] decimal: 50.00 XaxisAcceleration added to the Settings Form. (Line: 271)
11/24/2024 17:24:17 [Information] bool: False XaxisChanged added to the Settings Form. (Line: 218)
11/24/2024 17:24:17 [Information] decimal: 400.00 XaxisMotorSpeed added to the Settings Form. (Line: 271)
11/24/2024 17:24:17 [Information] decimal: 0.00 XaxisStepperCurrent added to the Settings Form. (Line: 271)
11/24/2024 17:24:17 [Information] decimal: 0.00 XaxisStepperMove added to the Settings Form. (Line: 271)
11/24/2024 17:24:17 [Information] XCOM1: XComPort added to the Settings Form. (Line: 346)
11/24/2024 17:24:17 [Information] XCOM2: XComPort added to the Settings Form. (Line: 346)
11/24/2024 17:24:17 [Information] XCOM3: XComPort added to the Settings Form. (Line: 346)
11/24/2024 17:24:17 [Information] XCOM4: XComPort added to the Settings Form. (Line: 346)
11/24/2024 17:24:17 [Information] XCOM5: XComPort added to the Settings Form. (Line: 346)
11/24/2024 17:24:17 [Information] XCOM6: XComPort added to the Settings Form. (Line: 346)
11/24/2024 17:24:17 [Information] XCOM7: XComPort added to the Settings Form. (Line: 346)
11/24/2024 17:24:17 [Information] XCOM8: XComPort added to the Settings Form. (Line: 346)
11/24/2024 17:24:17 [Information] XCOM9: XComPort added to the Settings Form. (Line: 346)
11/24/2024 17:24:17 [Information] XCOM10: XComPort added to the Settings Form. (Line: 346)
11/24/2024 17:24:17 [Information] decimal: 50.00 YaxisAcceleration added to the Settings Form. (Line: 271)
11/24/2024 17:24:17 [Information] bool: False YaxisChanged added to the Settings Form. (Line: 218)
11/24/2024 17:24:17 [Information] decimal: 400.00 YaxisMotorSpeed added to the Settings Form. (Line: 271)
11/24/2024 17:24:17 [Information] decimal: 0.00 YaxisStepperCurrent added to the Settings Form. (Line: 271)
11/24/2024 17:24:17 [Information] decimal: 0.00 YaxisStepperMove added to the Settings Form. (Line: 271)
11/24/2024 17:24:17 [Information] YCOM1: YComPort added to the Settings Form. (Line: 392)
11/24/2024 17:24:17 [Information] YCOM2: YComPort added to the Settings Form. (Line: 392)
11/24/2024 17:24:17 [Information] YCOM3: YComPort added to the Settings Form. (Line: 392)
11/24/2024 17:24:17 [Information] YCOM4: YComPort added to the Settings Form. (Line: 392)
11/24/2024 17:24:17 [Information] YCOM5: YComPort added to the Settings Form. (Line: 392)
11/24/2024 17:24:17 [Information] YCOM6: YComPort added to the Settings Form. (Line: 392)
11/24/2024 17:24:17 [Information] YCOM7: YComPort added to the Settings Form. (Line: 392)
11/24/2024 17:24:17 [Information] YCOM8: YComPort added to the Settings Form. (Line: 392)
11/24/2024 17:24:17 [Information] YCOM9: YComPort added to the Settings Form. (Line: 392)
11/24/2024 17:24:17 [Information] YCOM10: YComPort added to the Settings Form. (Line: 392)
11/24/2024 17:24:17 [Information] decimal: 50.00 ZaxisAcceleration added to the Settings Form. (Line: 271)
11/24/2024 17:24:17 [Information] bool: False ZaxisChanged added to the Settings Form. (Line: 218)
11/24/2024 17:24:17 [Information] decimal: 400.00 ZaxisMotorSpeed added to the Settings Form. (Line: 271)
11/24/2024 17:24:17 [Information] decimal: 0.00 ZaxisStepperCurrent added to the Settings Form. (Line: 271)
11/24/2024 17:24:17 [Information] decimal: 0.00 ZaxisStepperMove added to the Settings Form. (Line: 271)
11/24/2024 17:24:17 [Information] ZCOM1: ZComPort added to the Settings Form. (Line: 438)
11/24/2024 17:24:17 [Information] ZCOM2: ZComPort added to the Settings Form. (Line: 438)
11/24/2024 17:24:17 [Information] ZCOM3: ZComPort added to the Settings Form. (Line: 438)
11/24/2024 17:24:17 [Information] ZCOM4: ZComPort added to the Settings Form. (Line: 438)
11/24/2024 17:24:17 [Information] ZCOM5: ZComPort added to the Settings Form. (Line: 438)
11/24/2024 17:24:17 [Information] ZCOM6: ZComPort added to the Settings Form. (Line: 438)
11/24/2024 17:24:17 [Information] ZCOM7: ZComPort added to the Settings Form. (Line: 438)
11/24/2024 17:24:17 [Information] ZCOM8: ZComPort added to the Settings Form. (Line: 438)
11/24/2024 17:24:17 [Information] ZCOM9: ZComPort added to the Settings Form. (Line: 438)
11/24/2024 17:24:17 [Information] ZCOM10: ZComPort added to the Settings Form. (Line: 438)
11/24/2024 17:24:17 [Information] int: 0 zeroXaxis added to the Settings Form. (Line: 151)
11/24/2024 17:24:17 [Information] int: 0 zeroYaxis added to the Settings Form. (Line: 151)
11/24/2024 17:24:17 [Information] int: 0 zeroZaxis added to the Settings Form. (Line: 151)
11/24/2024 17:24:17 [Information] NewSettingsWindow updated to Stepper.StepperAppSettings (Line: 47)
11/24/2024 17:24:18 [Information] Stepper Motor Controller MainWindow loaded (Line: 1844)
11/24/2024 17:24:18 [Information] Set MainWindow Media Brushes to White. (Line: 1854)
11/24/2024 17:24:31 [Information] Z Axis stepper move updated to 32.00 (Line: 1642)
11/24/2024 17:24:31 [Information] txtZaxisStepperMove Axis mouse controlled Keypad returned: 32.00 (Line: 1682)
11/24/2024 17:24:32 [Information] Z Axis Run button clicked: (Line: 1194)
11/24/2024 17:24:32 [Information] Z Axis MotorMovementSeconds: 5.7142857142857142857142857143 (Line: 1446)
11/24/2024 17:24:32 [Information] TargetEndTime updated to 11/24/2024 17:24:38 (Line: 86)
11/24/2024 17:24:32 [Information] Z Axis Run Event: Z,0.00,400.00,0,0.00,400.00,0,32.00,400.00,0 (Line: 1356)
11/24/2024 17:24:38 [Information] Stepper Motor Countdown: Completed (Line: 927)
11/24/2024 17:24:38 [Information] ZAxisTargetReached updated to True (Line: 474)
11/24/2024 17:24:38 [Information] Z Axis Target Reached changed. (Line: 673)
11/24/2024 17:24:38 [Information] CompletedZAxisCurrentPosition updated to 32 (Line: 370)
11/24/2024 17:24:40 [Information] ZaxisStepperMoveTemp updated to 32.00 (Line: 211)
11/24/2024 17:24:45 [Information] Z Axis stepper move updated to 40.00 (Line: 1642)
11/24/2024 17:24:45 [Information] txtZaxisStepperMove Axis mouse controlled Keypad returned: 40.00 (Line: 1682)
11/24/2024 17:24:45 [Information] Stepper Motor Controller Loading Application Settings form. (Line: 1832)
11/24/2024 17:24:47 [Information] Stepper Motor Controller Application Settings Saved. (Line: 591)
11/24/2024 17:24:49 [Information] ZAxisTargetReached updated to False (Line: 474)
11/24/2024 17:24:49 [Information] Z Axis Target Reached changed. (Line: 673)
11/24/2024 17:24:49 [Information] Z Axis Run button clicked: (Line: 1194)
11/24/2024 17:24:49 [Information] Z Axis MotorMovementSeconds: 7.1428571428571428571428571429 (Line: 1446)
11/24/2024 17:24:49 [Information] TargetEndTime updated to 11/24/2024 17:24:56 (Line: 86)
11/24/2024 17:24:49 [Information] Z Axis Run Event: Z,0.00,400.00,0,0.00,400.00,0,40.00,400.00,0 (Line: 1356)
11/24/2024 17:24:56 [Information] Stepper Motor Countdown: Completed (Line: 927)
11/24/2024 17:24:56 [Information] ZAxisTargetReached updated to True (Line: 474)
11/24/2024 17:24:56 [Information] Z Axis Target Reached changed. (Line: 673)
11/24/2024 17:24:56 [Information] CompletedZAxisCurrentPosition updated to 72 (Line: 370)
11/24/2024 17:24:58 [Information] ZaxisStepperMoveTemp updated to 40.00 (Line: 211)
11/24/2024 17:25:03 [Information] Z Axis stepper move updated to 64.00 (Line: 1642)
11/24/2024 17:25:03 [Information] txtZaxisStepperMove Axis mouse controlled Keypad returned: 64.00 (Line: 1682)
11/24/2024 17:25:05 [Information] ZAxisTargetReached updated to False (Line: 474)
11/24/2024 17:25:05 [Information] Z Axis Target Reached changed. (Line: 673)
11/24/2024 17:25:05 [Information] Z Axis Run button clicked: (Line: 1194)
11/24/2024 17:25:05 [Information] Z Axis MotorMovementSeconds: 11.428571428571428571428571429 (Line: 1446)
11/24/2024 17:25:05 [Information] TargetEndTime updated to 11/24/2024 17:25:16 (Line: 86)
11/24/2024 17:25:05 [Information] Z Axis Run Event: Z,0.00,400.00,0,0.00,400.00,0,64.00,400.00,0 (Line: 1356)
11/24/2024 17:25:16 [Information] Stepper Motor Countdown: Completed (Line: 927)
11/24/2024 17:25:16 [Information] ZAxisTargetReached updated to True (Line: 474)
11/24/2024 17:25:16 [Information] Z Axis Target Reached changed. (Line: 673)
11/24/2024 17:25:16 [Information] CompletedZAxisCurrentPosition updated to 136 (Line: 370)
11/24/2024 17:25:19 [Information] ZaxisStepperMoveTemp updated to 64.00 (Line: 211)
11/24/2024 17:25:24 [Information] Z Axis stepper move updated to 4.00 (Line: 1642)
11/24/2024 17:25:24 [Information] txtZaxisStepperMove Axis mouse controlled Keypad returned: 4.00 (Line: 1682)
11/24/2024 17:25:25 [Information] ZAxisTargetReached updated to False (Line: 474)
11/24/2024 17:25:25 [Information] Z Axis Target Reached changed. (Line: 673)
11/24/2024 17:25:25 [Information] Z Axis Run button clicked: (Line: 1194)
11/24/2024 17:25:25 [Information] Z Axis MotorMovementSeconds: 0.7142857142857142857142857143 (Line: 1446)
11/24/2024 17:25:25 [Information] TargetEndTime updated to 11/24/2024 17:25:26 (Line: 86)
11/24/2024 17:25:25 [Information] Z Axis Run Event: Z,0.00,400.00,0,0.00,400.00,0,4.00,400.00,0 (Line: 1356)
11/24/2024 17:25:26 [Information] Stepper Motor Countdown: Completed (Line: 927)
11/24/2024 17:25:26 [Information] ZAxisTargetReached updated to True (Line: 474)
11/24/2024 17:25:26 [Information] Z Axis Target Reached changed. (Line: 673)
11/24/2024 17:25:26 [Information] CompletedZAxisCurrentPosition updated to 140 (Line: 370)
11/24/2024 17:25:28 [Information] ZaxisStepperMoveTemp updated to 4.00 (Line: 211)
11/24/2024 17:25:33 [Information] Z Axis stepper move updated to 8.00 (Line: 1642)
11/24/2024 17:25:33 [Information] txtZaxisStepperMove Axis mouse controlled Keypad returned: 8.00 (Line: 1682)
11/24/2024 17:25:37 [Information] ZAxisTargetReached updated to False (Line: 474)
11/24/2024 17:25:37 [Information] Z Axis Target Reached changed. (Line: 673)
11/24/2024 17:25:37 [Information] Z Axis Run button clicked: (Line: 1194)
11/24/2024 17:25:37 [Information] Z Axis MotorMovementSeconds: 1.4285714285714285714285714286 (Line: 1446)
11/24/2024 17:25:37 [Information] TargetEndTime updated to 11/24/2024 17:25:38 (Line: 86)
11/24/2024 17:25:37 [Information] Z Axis Run Event: Z,0.00,400.00,0,0.00,400.00,0,8.00,400.00,0 (Line: 1356)
11/24/2024 17:25:38 [Information] Stepper Motor Countdown: Completed (Line: 927)
11/24/2024 17:25:38 [Information] ZAxisTargetReached updated to True (Line: 474)
11/24/2024 17:25:38 [Information] Z Axis Target Reached changed. (Line: 673)
11/24/2024 17:25:38 [Information] CompletedZAxisCurrentPosition updated to 148 (Line: 370)
11/24/2024 17:25:42 [Information] ZaxisStepperMoveTemp updated to 8.00 (Line: 211)
11/24/2024 17:25:47 [Information] Z Axis stepper move updated to 12.00 (Line: 1642)
11/24/2024 17:25:47 [Information] txtZaxisStepperMove Axis mouse controlled Keypad returned: 12.00 (Line: 1682)
11/24/2024 17:25:48 [Information] ZAxisTargetReached updated to False (Line: 474)
11/24/2024 17:25:48 [Information] Z Axis Target Reached changed. (Line: 673)
11/24/2024 17:25:48 [Information] Z Axis Run button clicked: (Line: 1194)
11/24/2024 17:25:48 [Information] Z Axis MotorMovementSeconds: 2.1428571428571428571428571429 (Line: 1446)
11/24/2024 17:25:48 [Information] TargetEndTime updated to 11/24/2024 17:25:50 (Line: 86)
11/24/2024 17:25:48 [Information] Z Axis Run Event: Z,0.00,400.00,0,0.00,400.00,0,12.00,400.00,0 (Line: 1356)
11/24/2024 17:25:51 [Information] Stepper Motor Countdown: Completed (Line: 927)
11/24/2024 17:25:51 [Information] ZAxisTargetReached updated to True (Line: 474)
11/24/2024 17:25:51 [Information] Z Axis Target Reached changed. (Line: 673)
11/24/2024 17:25:51 [Information] CompletedZAxisCurrentPosition updated to 160 (Line: 370)
11/24/2024 17:25:53 [Information] ZaxisStepperMoveTemp updated to 12.00 (Line: 211)
11/24/2024 17:26:05 [Information] Z Axis stepper move updated to 20.00 (Line: 1642)
11/24/2024 17:26:05 [Information] txtZaxisStepperMove Axis mouse controlled Keypad returned: 20.00 (Line: 1682)
11/24/2024 17:26:07 [Information] ZAxisTargetReached updated to False (Line: 474)
11/24/2024 17:26:07 [Information] Z Axis Target Reached changed. (Line: 673)
11/24/2024 17:26:07 [Information] Z Axis Run button clicked: (Line: 1194)
11/24/2024 17:26:07 [Information] Z Axis MotorMovementSeconds: 3.5714285714285714285714285714 (Line: 1446)
11/24/2024 17:26:07 [Information] TargetEndTime updated to 11/24/2024 17:26:11 (Line: 86)
11/24/2024 17:26:07 [Information] Z Axis Run Event: Z,0.00,400.00,0,0.00,400.00,0,20.00,400.00,0 (Line: 1356)
11/24/2024 17:26:11 [Information] Stepper Motor Countdown: Completed (Line: 927)
11/24/2024 17:26:11 [Information] ZAxisTargetReached updated to True (Line: 474)
11/24/2024 17:26:11 [Information] Z Axis Target Reached changed. (Line: 673)
11/24/2024 17:26:11 [Information] CompletedZAxisCurrentPosition updated to 180 (Line: 370)
11/24/2024 17:26:12 [Information] ZaxisStepperMoveTemp updated to 20.00 (Line: 211)
11/24/2024 17:26:17 [Information] Z Axis stepper move updated to 24.00 (Line: 1642)
11/24/2024 17:26:17 [Information] txtZaxisStepperMove Axis mouse controlled Keypad returned: 24.00 (Line: 1682)
11/24/2024 17:26:19 [Information] ZAxisTargetReached updated to False (Line: 474)
11/24/2024 17:26:19 [Information] Z Axis Target Reached changed. (Line: 673)
11/24/2024 17:26:19 [Information] Z Axis Run button clicked: (Line: 1194)
11/24/2024 17:26:19 [Information] Z Axis MotorMovementSeconds: 4.2857142857142857142857142857 (Line: 1446)
11/24/2024 17:26:19 [Information] TargetEndTime updated to 11/24/2024 17:26:23 (Line: 86)
11/24/2024 17:26:19 [Information] Z Axis Run Event: Z,0.00,400.00,0,0.00,400.00,0,24.00,400.00,0 (Line: 1356)
11/24/2024 17:26:23 [Information] Stepper Motor Countdown: Completed (Line: 927)
11/24/2024 17:26:23 [Information] ZAxisTargetReached updated to True (Line: 474)
11/24/2024 17:26:23 [Information] Z Axis Target Reached changed. (Line: 673)
11/24/2024 17:26:23 [Information] CompletedZAxisCurrentPosition updated to 204 (Line: 370)
11/24/2024 17:27:13 [Information] ZaxisStepperMoveTemp updated to 24.00 (Line: 211)
11/24/2024 17:27:17 [Information] Z Axis stepper move updated to 32.00 (Line: 1642)
11/24/2024 17:27:17 [Information] txtZaxisStepperMove Axis mouse controlled Keypad returned: 32.00 (Line: 1682)
11/24/2024 17:27:19 [Information] ZAxisTargetReached updated to False (Line: 474)
11/24/2024 17:27:19 [Information] Z Axis Target Reached changed. (Line: 673)
11/24/2024 17:27:19 [Information] Z Axis Run button clicked: (Line: 1194)
11/24/2024 17:27:19 [Information] Z Axis MotorMovementSeconds: 5.7142857142857142857142857143 (Line: 1446)
11/24/2024 17:27:19 [Information] TargetEndTime updated to 11/24/2024 17:27:25 (Line: 86)
11/24/2024 17:27:19 [Information] Z Axis Run Event: Z,0.00,400.00,0,0.00,400.00,0,32.00,400.00,0 (Line: 1356)
11/24/2024 17:27:26 [Information] Stepper Motor Countdown: Completed (Line: 927)
11/24/2024 17:27:26 [Information] ZAxisTargetReached updated to True (Line: 474)
11/24/2024 17:27:26 [Information] Z Axis Target Reached changed. (Line: 673)
11/24/2024 17:27:26 [Information] CompletedZAxisCurrentPosition updated to 236 (Line: 370)
11/24/2024 17:27:27 [Information] ZaxisStepperMoveTemp updated to 32.00 (Line: 211)
11/24/2024 17:27:34 [Information] Z Axis stepper move updated to 40.00 (Line: 1642)
11/24/2024 17:27:34 [Information] txtZaxisStepperMove Axis mouse controlled Keypad returned: 40.00 (Line: 1682)
11/24/2024 17:27:39 [Information] ZAxisTargetReached updated to False (Line: 474)
11/24/2024 17:27:39 [Information] Z Axis Target Reached changed. (Line: 673)
11/24/2024 17:27:39 [Information] Z Axis Run button clicked: (Line: 1194)
11/24/2024 17:27:39 [Information] Z Axis MotorMovementSeconds: 7.1428571428571428571428571429 (Line: 1446)
11/24/2024 17:27:39 [Information] TargetEndTime updated to 11/24/2024 17:27:46 (Line: 86)
11/24/2024 17:27:39 [Information] Z Axis Run Event: Z,0.00,400.00,0,0.00,400.00,0,40.00,400.00,0 (Line: 1356)
11/24/2024 17:27:47 [Information] Stepper Motor Countdown: Completed (Line: 927)
11/24/2024 17:27:47 [Information] ZAxisTargetReached updated to True (Line: 474)
11/24/2024 17:27:47 [Information] Z Axis Target Reached changed. (Line: 673)
11/24/2024 17:27:47 [Information] CompletedZAxisCurrentPosition updated to 276 (Line: 370)
11/24/2024 17:28:36 [Information] ZaxisStepperMoveTemp updated to 40.00 (Line: 211)
11/24/2024 17:28:42 [Information] Z Axis stepper move updated to 128.00 (Line: 1642)
11/24/2024 17:28:42 [Information] txtZaxisStepperMove Axis mouse controlled Keypad returned: 128.00 (Line: 1682)
11/24/2024 17:28:43 [Information] ZAxisTargetReached updated to False (Line: 474)
11/24/2024 17:28:43 [Information] Z Axis Target Reached changed. (Line: 673)
11/24/2024 17:28:43 [Information] Z Axis Run button clicked: (Line: 1194)
11/24/2024 17:28:43 [Information] Z Axis MotorMovementSeconds: 22.857142857142857142857142857 (Line: 1446)
11/24/2024 17:28:43 [Information] TargetEndTime updated to 11/24/2024 17:29:06 (Line: 86)
11/24/2024 17:28:43 [Information] Z Axis Run Event: Z,0.00,400.00,0,0.00,400.00,0,128.00,400.00,0 (Line: 1356)
11/24/2024 17:29:06 [Information] Stepper Motor Countdown: Completed (Line: 927)
11/24/2024 17:29:06 [Information] ZAxisTargetReached updated to True (Line: 474)
11/24/2024 17:29:06 [Information] Z Axis Target Reached changed. (Line: 673)
11/24/2024 17:29:06 [Information] CompletedZAxisCurrentPosition updated to 404 (Line: 370)
11/24/2024 17:29:35 [Information] ZaxisStepperMoveTemp updated to 128.00 (Line: 211)
11/24/2024 17:29:43 [Information] Z Axis stepper move updated to 132.00 (Line: 1642)
11/24/2024 17:29:43 [Information] txtZaxisStepperMove Axis mouse controlled Keypad returned: 132.00 (Line: 1682)
11/24/2024 17:29:44 [Information] ZAxisTargetReached updated to False (Line: 474)
11/24/2024 17:29:44 [Information] Z Axis Target Reached changed. (Line: 673)
11/24/2024 17:29:44 [Information] Z Axis Run button clicked: (Line: 1194)
11/24/2024 17:29:44 [Information] Z Axis MotorMovementSeconds: 23.571428571428571428571428571 (Line: 1446)
11/24/2024 17:29:44 [Information] TargetEndTime updated to 11/24/2024 17:30:08 (Line: 86)
11/24/2024 17:29:44 [Information] Z Axis Run Event: Z,0.00,400.00,0,0.00,400.00,0,132.00,400.00,0 (Line: 1356)
11/24/2024 17:30:09 [Information] Stepper Motor Countdown: Completed (Line: 927)
11/24/2024 17:30:09 [Information] ZAxisTargetReached updated to True (Line: 474)
11/24/2024 17:30:09 [Information] Z Axis Target Reached changed. (Line: 673)
11/24/2024 17:30:09 [Information] CompletedZAxisCurrentPosition updated to 536 (Line: 370)
11/24/2024 17:30:10 [Information] Stepper Motor Controller MainWindow Closing. (Line: 1865)
11/24/2024 17:30:10 [Information] Properties Settings Saved. (Line: 1874)
11/24/2024 17:30:10 [Information] Properties Settings Form Closed. (Line: 1880)
11/24/2024 17:30:10 [Information] Stepper Motor Controller Form Closed. (Line: 1883)
