11/24/2024 19:40:41 [Information] Logger updated to Microsoft.Extensions.Logging.Logger`1[Stepper.MainWindow] (Line: 224)
11/24/2024 19:40:41 [Information] Stepper Motor Controller Application Started. (Line: 894)
11/24/2024 19:40:41 [Information] Version: 3.0.9094.35416 (11/24/2024 19:40:41) (Line: 898)
11/24/2024 19:40:41 [Information] Initializing Serial Ports. (Line: 723)
11/24/2024 19:40:41 [Error] I/O error occurred while opening the port COM7. (Line: 786)
11/24/2024 19:40:45 [Error] I/O error occurred while opening the port COM8. (Line: 786)
11/24/2024 19:40:45 [Information] SerialPort COM10 opened successfully. (Line: 769)
11/24/2024 19:40:45 [Information] SerialPort COM10 read 1 bytes. (Line: 774)
11/24/2024 19:40:45 [Information] CountdownTimer updated to System.Windows.Threading.DispatcherTimer (Line: 60)
11/24/2024 19:40:45 [Information] Stepper Motor Controller Application Started. (Line: 525)
11/24/2024 19:40:45 [Information] Version: 3.0.9094.35416 (11/24/2024 19:40:45) (Line: 529)
11/24/2024 19:40:45 [Information] Version: 3.1.0.35417 (11/24/2024 19:40:45) (Line: 604)
11/24/2024 19:40:45 [Information] Element AssemblyVersion not found in the provided XML document. (Line: 715)
11/24/2024 19:40:45 [Information] Element FileVersion not found in the provided XML document. (Line: 715)
11/24/2024 19:40:46 [Information] Version: 3.1.0.35417 (11/24/2024 19:40:45) (Line: 612)
11/24/2024 19:40:46 [Information] Stepper Motor Controller Application Settings Window Opened. (Line: 39)
11/24/2024 19:40:46 [Information] Stepper Motor Controller Application Settings form is rebuilt each and every time it is opened. (Line: 47)
11/24/2024 19:40:46 [Information] int: 9600 BaudRate added to the Settings Form. (Line: 151)
11/24/2024 19:40:46 [Information] bool: False ckbXaxisResetToZeroIsChecked added to the Settings Form. (Line: 218)
11/24/2024 19:40:46 [Information] bool: False ckbYaxisResetToZeroIsChecked added to the Settings Form. (Line: 218)
11/24/2024 19:40:46 [Information] bool: False ckbZaxisResetToZeroIsChecked added to the Settings Form. (Line: 218)
11/24/2024 19:40:46 [Information] COM1: ComPort added to the Settings Form. (Line: 484)
11/24/2024 19:40:46 [Information] COM2: ComPort added to the Settings Form. (Line: 484)
11/24/2024 19:40:46 [Information] COM3: ComPort added to the Settings Form. (Line: 484)
11/24/2024 19:40:46 [Information] COM4: ComPort added to the Settings Form. (Line: 484)
11/24/2024 19:40:46 [Information] COM5: ComPort added to the Settings Form. (Line: 484)
11/24/2024 19:40:46 [Information] COM6: ComPort added to the Settings Form. (Line: 484)
11/24/2024 19:40:46 [Information] COM7: ComPort added to the Settings Form. (Line: 484)
11/24/2024 19:40:46 [Information] COM8: ComPort added to the Settings Form. (Line: 484)
11/24/2024 19:40:46 [Information] COM9: ComPort added to the Settings Form. (Line: 484)
11/24/2024 19:40:46 [Information] COM10: ComPort added to the Settings Form. (Line: 484)
11/24/2024 19:40:46 [Information] decimal: 4.00 Divider4_00 added to the Settings Form. (Line: 271)
11/24/2024 19:40:46 [Information] decimal: 0.00 MathPart2Initlz added to the Settings Form. (Line: 271)
11/24/2024 19:40:46 [Information] decimal: 1.00 MilisecondTimerInterval added to the Settings Form. (Line: 271)
11/24/2024 19:40:46 [Information] decimal: 1000.00 MillisecondDelay added to the Settings Form. (Line: 271)
11/24/2024 19:40:46 [Information] int: 1000 Milliseconds added to the Settings Form. (Line: 151)
11/24/2024 19:40:46 [Information] int: 4 mmPerRevolution added to the Settings Form. (Line: 151)
11/24/2024 19:40:46 [Information] int: 2000 ThreadSleep added to the Settings Form. (Line: 151)
11/24/2024 19:40:46 [Information] decimal: 0.00 Value_0_00 added to the Settings Form. (Line: 271)
11/24/2024 19:40:46 [Information] decimal: 50.00 XaxisAcceleration added to the Settings Form. (Line: 271)
11/24/2024 19:40:46 [Information] bool: False XaxisChanged added to the Settings Form. (Line: 218)
11/24/2024 19:40:46 [Information] decimal: 400.00 XaxisMotorSpeed added to the Settings Form. (Line: 271)
11/24/2024 19:40:46 [Information] decimal: 0.00 XaxisStepperCurrent added to the Settings Form. (Line: 271)
11/24/2024 19:40:46 [Information] decimal: 0.00 XaxisStepperMove added to the Settings Form. (Line: 271)
11/24/2024 19:40:46 [Information] XCOM1: XComPort added to the Settings Form. (Line: 346)
11/24/2024 19:40:46 [Information] XCOM2: XComPort added to the Settings Form. (Line: 346)
11/24/2024 19:40:46 [Information] XCOM3: XComPort added to the Settings Form. (Line: 346)
11/24/2024 19:40:46 [Information] XCOM4: XComPort added to the Settings Form. (Line: 346)
11/24/2024 19:40:46 [Information] XCOM5: XComPort added to the Settings Form. (Line: 346)
11/24/2024 19:40:46 [Information] XCOM6: XComPort added to the Settings Form. (Line: 346)
11/24/2024 19:40:46 [Information] XCOM7: XComPort added to the Settings Form. (Line: 346)
11/24/2024 19:40:46 [Information] XCOM8: XComPort added to the Settings Form. (Line: 346)
11/24/2024 19:40:46 [Information] XCOM9: XComPort added to the Settings Form. (Line: 346)
11/24/2024 19:40:46 [Information] XCOM10: XComPort added to the Settings Form. (Line: 346)
11/24/2024 19:40:46 [Information] decimal: 50.00 YaxisAcceleration added to the Settings Form. (Line: 271)
11/24/2024 19:40:46 [Information] bool: False YaxisChanged added to the Settings Form. (Line: 218)
11/24/2024 19:40:46 [Information] decimal: 400.00 YaxisMotorSpeed added to the Settings Form. (Line: 271)
11/24/2024 19:40:46 [Information] decimal: 0.00 YaxisStepperCurrent added to the Settings Form. (Line: 271)
11/24/2024 19:40:46 [Information] decimal: 0.00 YaxisStepperMove added to the Settings Form. (Line: 271)
11/24/2024 19:40:46 [Information] YCOM1: YComPort added to the Settings Form. (Line: 392)
11/24/2024 19:40:46 [Information] YCOM2: YComPort added to the Settings Form. (Line: 392)
11/24/2024 19:40:46 [Information] YCOM3: YComPort added to the Settings Form. (Line: 392)
11/24/2024 19:40:46 [Information] YCOM4: YComPort added to the Settings Form. (Line: 392)
11/24/2024 19:40:46 [Information] YCOM5: YComPort added to the Settings Form. (Line: 392)
11/24/2024 19:40:46 [Information] YCOM6: YComPort added to the Settings Form. (Line: 392)
11/24/2024 19:40:46 [Information] YCOM7: YComPort added to the Settings Form. (Line: 392)
11/24/2024 19:40:46 [Information] YCOM8: YComPort added to the Settings Form. (Line: 392)
11/24/2024 19:40:46 [Information] YCOM9: YComPort added to the Settings Form. (Line: 392)
11/24/2024 19:40:46 [Information] YCOM10: YComPort added to the Settings Form. (Line: 392)
11/24/2024 19:40:46 [Information] decimal: 50.00 ZaxisAcceleration added to the Settings Form. (Line: 271)
11/24/2024 19:40:46 [Information] bool: False ZaxisChanged added to the Settings Form. (Line: 218)
11/24/2024 19:40:46 [Information] decimal: 400.00 ZaxisMotorSpeed added to the Settings Form. (Line: 271)
11/24/2024 19:40:46 [Information] decimal: 0.00 ZaxisStepperCurrent added to the Settings Form. (Line: 271)
11/24/2024 19:40:46 [Information] decimal: 0.00 ZaxisStepperMove added to the Settings Form. (Line: 271)
11/24/2024 19:40:46 [Information] ZCOM1: ZComPort added to the Settings Form. (Line: 438)
11/24/2024 19:40:46 [Information] ZCOM2: ZComPort added to the Settings Form. (Line: 438)
11/24/2024 19:40:46 [Information] ZCOM3: ZComPort added to the Settings Form. (Line: 438)
11/24/2024 19:40:46 [Information] ZCOM4: ZComPort added to the Settings Form. (Line: 438)
11/24/2024 19:40:46 [Information] ZCOM5: ZComPort added to the Settings Form. (Line: 438)
11/24/2024 19:40:46 [Information] ZCOM6: ZComPort added to the Settings Form. (Line: 438)
11/24/2024 19:40:46 [Information] ZCOM7: ZComPort added to the Settings Form. (Line: 438)
11/24/2024 19:40:46 [Information] ZCOM8: ZComPort added to the Settings Form. (Line: 438)
11/24/2024 19:40:46 [Information] ZCOM9: ZComPort added to the Settings Form. (Line: 438)
11/24/2024 19:40:46 [Information] ZCOM10: ZComPort added to the Settings Form. (Line: 438)
11/24/2024 19:40:46 [Information] int: 0 zeroXaxis added to the Settings Form. (Line: 151)
11/24/2024 19:40:46 [Information] int: 0 zeroYaxis added to the Settings Form. (Line: 151)
11/24/2024 19:40:46 [Information] int: 0 zeroZaxis added to the Settings Form. (Line: 151)
11/24/2024 19:40:46 [Information] NewSettingsWindow updated to Stepper.StepperAppSettings (Line: 47)
11/24/2024 19:40:46 [Information] Stepper Motor Controller MainWindow loaded (Line: 1862)
11/24/2024 19:40:46 [Information] Set MainWindow Media Brushes to White. (Line: 1872)
11/24/2024 19:41:01 [Information] Z Axis motor speed updated to 100.00 (Line: 1742)
11/24/2024 19:41:01 [Information] txtZaxisMotorSpeed Axis mouse controlled Keypad returned: 100.00 (Line: 1787)
11/24/2024 19:41:09 [Information] Z Axis stepper move updated to 8.00 (Line: 1660)
11/24/2024 19:41:09 [Information] txtZaxisStepperMove Axis mouse controlled Keypad returned: 8.00 (Line: 1700)
11/24/2024 19:41:12 [Information] Z Axis Run button clicked: (Line: 1194)
11/24/2024 19:41:12 [Information] Z Axis MotorMovementSeconds: 4.8 (Line: 1464)
11/24/2024 19:41:12 [Information] TargetEndTime updated to 11/24/2024 19:41:17 (Line: 86)
11/24/2024 19:41:12 [Information] Z Axis Run Event: Z,0.00,400.00,0,0.00,400.00,0,8.00,100.00,0 (Line: 1356)
11/24/2024 19:41:17 [Information] Stepper Motor Countdown: Completed (Line: 927)
11/24/2024 19:41:17 [Information] ZAxisTargetReached updated to True (Line: 474)
11/24/2024 19:41:17 [Information] Z Axis Target Reached changed. (Line: 673)
11/24/2024 19:41:17 [Information] CompletedZAxisCurrentPosition updated to 8 (Line: 370)
11/24/2024 19:41:29 [Information] Z Axis motor speed updated to 200.00 (Line: 1742)
11/24/2024 19:41:29 [Information] txtZaxisMotorSpeed Axis mouse controlled Keypad returned: 200.00 (Line: 1787)
11/24/2024 19:41:31 [Information] ZAxisTargetReached updated to False (Line: 474)
11/24/2024 19:41:31 [Information] Z Axis Target Reached changed. (Line: 673)
11/24/2024 19:41:31 [Information] Z Axis Run button clicked: (Line: 1194)
11/24/2024 19:41:31 [Information] Z Axis MotorMovementSeconds: 2.4 (Line: 1464)
11/24/2024 19:41:31 [Information] TargetEndTime updated to 11/24/2024 19:41:33 (Line: 86)
11/24/2024 19:41:31 [Information] Z Axis Run Event: Z,0.00,400.00,0,0.00,400.00,0,8.00,200.00,0 (Line: 1356)
11/24/2024 19:41:33 [Information] Stepper Motor Countdown: Completed (Line: 927)
11/24/2024 19:41:33 [Information] ZAxisTargetReached updated to True (Line: 474)
11/24/2024 19:41:33 [Information] Z Axis Target Reached changed. (Line: 673)
11/24/2024 19:41:33 [Information] CompletedZAxisCurrentPosition updated to 16 (Line: 370)
11/24/2024 19:41:45 [Information] Z Axis motor speed updated to 300.00 (Line: 1742)
11/24/2024 19:41:45 [Information] txtZaxisMotorSpeed Axis mouse controlled Keypad returned: 300.00 (Line: 1787)
11/24/2024 19:41:47 [Information] ZAxisTargetReached updated to False (Line: 474)
11/24/2024 19:41:47 [Information] Z Axis Target Reached changed. (Line: 673)
11/24/2024 19:41:47 [Information] Z Axis Run button clicked: (Line: 1194)
11/24/2024 19:41:47 [Information] Z Axis MotorMovementSeconds: 1.6 (Line: 1464)
11/24/2024 19:41:47 [Information] TargetEndTime updated to 11/24/2024 19:41:49 (Line: 86)
11/24/2024 19:41:47 [Information] Z Axis Run Event: Z,0.00,400.00,0,0.00,400.00,0,8.00,300.00,0 (Line: 1356)
11/24/2024 19:41:49 [Information] Stepper Motor Countdown: Completed (Line: 927)
11/24/2024 19:41:49 [Information] ZAxisTargetReached updated to True (Line: 474)
11/24/2024 19:41:49 [Information] Z Axis Target Reached changed. (Line: 673)
11/24/2024 19:41:49 [Information] CompletedZAxisCurrentPosition updated to 24 (Line: 370)
11/24/2024 19:42:01 [Information] Z Axis motor speed updated to 500.00 (Line: 1742)
11/24/2024 19:42:01 [Information] txtZaxisMotorSpeed Axis mouse controlled Keypad returned: 500.00 (Line: 1787)
11/24/2024 19:42:03 [Information] ZAxisTargetReached updated to False (Line: 474)
11/24/2024 19:42:03 [Information] Z Axis Target Reached changed. (Line: 673)
11/24/2024 19:42:03 [Information] Z Axis Run button clicked: (Line: 1194)
11/24/2024 19:42:03 [Information] Z Axis MotorMovementSeconds: 0.96 (Line: 1464)
11/24/2024 19:42:03 [Information] TargetEndTime updated to 11/24/2024 19:42:04 (Line: 86)
11/24/2024 19:42:03 [Information] Z Axis Run Event: Z,0.00,400.00,0,0.00,400.00,0,8.00,500.00,0 (Line: 1356)
11/24/2024 19:42:04 [Information] Stepper Motor Countdown: Completed (Line: 927)
11/24/2024 19:42:04 [Information] ZAxisTargetReached updated to True (Line: 474)
11/24/2024 19:42:04 [Information] Z Axis Target Reached changed. (Line: 673)
11/24/2024 19:42:04 [Information] CompletedZAxisCurrentPosition updated to 32 (Line: 370)
11/24/2024 19:42:16 [Information] ZAxisTargetReached updated to False (Line: 474)
11/24/2024 19:42:16 [Information] Z Axis Target Reached changed. (Line: 673)
11/24/2024 19:42:16 [Information] Z Axis Run button clicked: (Line: 1194)
11/24/2024 19:42:16 [Information] Z Axis MotorMovementSeconds: 0.96 (Line: 1464)
11/24/2024 19:42:16 [Information] TargetEndTime updated to 11/24/2024 19:42:17 (Line: 86)
11/24/2024 19:42:16 [Information] Z Axis Run Event: Z,0.00,400.00,0,0.00,400.00,0,8.00,500.00,0 (Line: 1356)
11/24/2024 19:42:17 [Information] Stepper Motor Countdown: Completed (Line: 927)
11/24/2024 19:42:17 [Information] ZAxisTargetReached updated to True (Line: 474)
11/24/2024 19:42:17 [Information] Z Axis Target Reached changed. (Line: 673)
11/24/2024 19:42:17 [Information] CompletedZAxisCurrentPosition updated to 40 (Line: 370)
11/24/2024 19:42:22 [Information] Stepper Motor Controller MainWindow Closing. (Line: 1883)
11/24/2024 19:42:22 [Information] Properties Settings Saved. (Line: 1892)
11/24/2024 19:42:22 [Information] Properties Settings Form Closed. (Line: 1898)
11/24/2024 19:42:22 [Information] Stepper Motor Controller Form Closed. (Line: 1901)
