11/24/2024 17:14:04 [Information] Logger updated to Microsoft.Extensions.Logging.Logger`1[Stepper.MainWindow] (Line: 224)
11/24/2024 17:14:04 [Information] Stepper Motor Controller Application Started. (Line: 894)
11/24/2024 17:14:04 [Information] Version: 3.0.9094.31018 (11/24/2024 17:14:04) (Line: 898)
11/24/2024 17:14:04 [Information] Initializing Serial Ports. (Line: 723)
11/24/2024 17:14:04 [Error] I/O error occurred while opening the port COM7. (Line: 786)
11/24/2024 17:14:10 [Error] I/O error occurred while opening the port COM8. (Line: 786)
11/24/2024 17:14:12 [Information] SerialPort COM10 opened successfully. (Line: 769)
11/24/2024 17:14:12 [Information] SerialPort COM10 read 1 bytes. (Line: 774)
11/24/2024 17:14:12 [Information] CountdownTimer updated to System.Windows.Threading.DispatcherTimer (Line: 60)
11/24/2024 17:14:12 [Information] Stepper Motor Controller Application Started. (Line: 525)
11/24/2024 17:14:12 [Information] Version: 3.0.9094.31018 (11/24/2024 17:14:12) (Line: 529)
11/24/2024 17:14:12 [Information] Version: 3.1.0.31019 (11/24/2024 17:14:12) (Line: 604)
11/24/2024 17:14:12 [Information] Element AssemblyVersion not found in the provided XML document. (Line: 715)
11/24/2024 17:14:12 [Information] Element FileVersion not found in the provided XML document. (Line: 715)
11/24/2024 17:14:12 [Information] Version: 3.1.0.31019 (11/24/2024 17:14:12) (Line: 612)
11/24/2024 17:14:12 [Information] Stepper Motor Controller Application Settings Window Opened. (Line: 39)
11/24/2024 17:14:12 [Information] Stepper Motor Controller Application Settings form is rebuilt each and every time it is opened. (Line: 47)
11/24/2024 17:14:12 [Information] int: 9600 BaudRate added to the Settings Form. (Line: 151)
11/24/2024 17:14:12 [Information] bool: False ckbXaxisResetToZeroIsChecked added to the Settings Form. (Line: 218)
11/24/2024 17:14:13 [Information] bool: False ckbYaxisResetToZeroIsChecked added to the Settings Form. (Line: 218)
11/24/2024 17:14:13 [Information] bool: False ckbZaxisResetToZeroIsChecked added to the Settings Form. (Line: 218)
11/24/2024 17:14:13 [Information] COM1: ComPort added to the Settings Form. (Line: 484)
11/24/2024 17:14:13 [Information] COM2: ComPort added to the Settings Form. (Line: 484)
11/24/2024 17:14:13 [Information] COM3: ComPort added to the Settings Form. (Line: 484)
11/24/2024 17:14:13 [Information] COM4: ComPort added to the Settings Form. (Line: 484)
11/24/2024 17:14:13 [Information] COM5: ComPort added to the Settings Form. (Line: 484)
11/24/2024 17:14:13 [Information] COM6: ComPort added to the Settings Form. (Line: 484)
11/24/2024 17:14:13 [Information] COM7: ComPort added to the Settings Form. (Line: 484)
11/24/2024 17:14:13 [Information] COM8: ComPort added to the Settings Form. (Line: 484)
11/24/2024 17:14:13 [Information] COM9: ComPort added to the Settings Form. (Line: 484)
11/24/2024 17:14:13 [Information] COM10: ComPort added to the Settings Form. (Line: 484)
11/24/2024 17:14:13 [Information] decimal: 4.00 Divider4_00 added to the Settings Form. (Line: 271)
11/24/2024 17:14:13 [Information] decimal: 0.00 MathPart2Initlz added to the Settings Form. (Line: 271)
11/24/2024 17:14:13 [Information] decimal: 1.00 MilisecondTimerInterval added to the Settings Form. (Line: 271)
11/24/2024 17:14:13 [Information] decimal: 1000.00 MillisecondDelay added to the Settings Form. (Line: 271)
11/24/2024 17:14:13 [Information] int: 1000 Milliseconds added to the Settings Form. (Line: 151)
11/24/2024 17:14:13 [Information] int: 4 mmPerRevolution added to the Settings Form. (Line: 151)
11/24/2024 17:14:13 [Information] int: 2000 ThreadSleep added to the Settings Form. (Line: 151)
11/24/2024 17:14:13 [Information] decimal: 0.00 Value_0_00 added to the Settings Form. (Line: 271)
11/24/2024 17:14:13 [Information] decimal: 50.00 XaxisAcceleration added to the Settings Form. (Line: 271)
11/24/2024 17:14:13 [Information] bool: False XaxisChanged added to the Settings Form. (Line: 218)
11/24/2024 17:14:13 [Information] decimal: 400.00 XaxisMotorSpeed added to the Settings Form. (Line: 271)
11/24/2024 17:14:13 [Information] decimal: 0.00 XaxisStepperCurrent added to the Settings Form. (Line: 271)
11/24/2024 17:14:13 [Information] decimal: 0.00 XaxisStepperMove added to the Settings Form. (Line: 271)
11/24/2024 17:14:13 [Information] XCOM1: XComPort added to the Settings Form. (Line: 346)
11/24/2024 17:14:13 [Information] XCOM2: XComPort added to the Settings Form. (Line: 346)
11/24/2024 17:14:13 [Information] XCOM3: XComPort added to the Settings Form. (Line: 346)
11/24/2024 17:14:13 [Information] XCOM4: XComPort added to the Settings Form. (Line: 346)
11/24/2024 17:14:13 [Information] XCOM5: XComPort added to the Settings Form. (Line: 346)
11/24/2024 17:14:13 [Information] XCOM6: XComPort added to the Settings Form. (Line: 346)
11/24/2024 17:14:13 [Information] XCOM7: XComPort added to the Settings Form. (Line: 346)
11/24/2024 17:14:13 [Information] XCOM8: XComPort added to the Settings Form. (Line: 346)
11/24/2024 17:14:13 [Information] XCOM9: XComPort added to the Settings Form. (Line: 346)
11/24/2024 17:14:13 [Information] XCOM10: XComPort added to the Settings Form. (Line: 346)
11/24/2024 17:14:13 [Information] decimal: 50.00 YaxisAcceleration added to the Settings Form. (Line: 271)
11/24/2024 17:14:13 [Information] bool: False YaxisChanged added to the Settings Form. (Line: 218)
11/24/2024 17:14:13 [Information] decimal: 400.00 YaxisMotorSpeed added to the Settings Form. (Line: 271)
11/24/2024 17:14:13 [Information] decimal: 0.00 YaxisStepperCurrent added to the Settings Form. (Line: 271)
11/24/2024 17:14:13 [Information] decimal: 0.00 YaxisStepperMove added to the Settings Form. (Line: 271)
11/24/2024 17:14:13 [Information] YCOM1: YComPort added to the Settings Form. (Line: 392)
11/24/2024 17:14:13 [Information] YCOM2: YComPort added to the Settings Form. (Line: 392)
11/24/2024 17:14:13 [Information] YCOM3: YComPort added to the Settings Form. (Line: 392)
11/24/2024 17:14:13 [Information] YCOM4: YComPort added to the Settings Form. (Line: 392)
11/24/2024 17:14:13 [Information] YCOM5: YComPort added to the Settings Form. (Line: 392)
11/24/2024 17:14:13 [Information] YCOM6: YComPort added to the Settings Form. (Line: 392)
11/24/2024 17:14:13 [Information] YCOM7: YComPort added to the Settings Form. (Line: 392)
11/24/2024 17:14:13 [Information] YCOM8: YComPort added to the Settings Form. (Line: 392)
11/24/2024 17:14:13 [Information] YCOM9: YComPort added to the Settings Form. (Line: 392)
11/24/2024 17:14:13 [Information] YCOM10: YComPort added to the Settings Form. (Line: 392)
11/24/2024 17:14:13 [Information] decimal: 50.00 ZaxisAcceleration added to the Settings Form. (Line: 271)
11/24/2024 17:14:13 [Information] bool: False ZaxisChanged added to the Settings Form. (Line: 218)
11/24/2024 17:14:13 [Information] decimal: 400.00 ZaxisMotorSpeed added to the Settings Form. (Line: 271)
11/24/2024 17:14:13 [Information] decimal: 0.00 ZaxisStepperCurrent added to the Settings Form. (Line: 271)
11/24/2024 17:14:13 [Information] decimal: 0.00 ZaxisStepperMove added to the Settings Form. (Line: 271)
11/24/2024 17:14:13 [Information] ZCOM1: ZComPort added to the Settings Form. (Line: 438)
11/24/2024 17:14:13 [Information] ZCOM2: ZComPort added to the Settings Form. (Line: 438)
11/24/2024 17:14:13 [Information] ZCOM3: ZComPort added to the Settings Form. (Line: 438)
11/24/2024 17:14:13 [Information] ZCOM4: ZComPort added to the Settings Form. (Line: 438)
11/24/2024 17:14:13 [Information] ZCOM5: ZComPort added to the Settings Form. (Line: 438)
11/24/2024 17:14:13 [Information] ZCOM6: ZComPort added to the Settings Form. (Line: 438)
11/24/2024 17:14:13 [Information] ZCOM7: ZComPort added to the Settings Form. (Line: 438)
11/24/2024 17:14:13 [Information] ZCOM8: ZComPort added to the Settings Form. (Line: 438)
11/24/2024 17:14:13 [Information] ZCOM9: ZComPort added to the Settings Form. (Line: 438)
11/24/2024 17:14:13 [Information] ZCOM10: ZComPort added to the Settings Form. (Line: 438)
11/24/2024 17:14:13 [Information] int: 0 zeroXaxis added to the Settings Form. (Line: 151)
11/24/2024 17:14:13 [Information] int: 0 zeroYaxis added to the Settings Form. (Line: 151)
11/24/2024 17:14:13 [Information] int: 0 zeroZaxis added to the Settings Form. (Line: 151)
11/24/2024 17:14:13 [Information] NewSettingsWindow updated to Stepper.StepperAppSettings (Line: 47)
11/24/2024 17:14:13 [Information] Stepper Motor Controller MainWindow loaded (Line: 1843)
11/24/2024 17:14:13 [Information] Set MainWindow Media Brushes to White. (Line: 1853)
11/24/2024 17:14:21 [Information] Z Axis stepper move updated to 32.00 (Line: 1641)
11/24/2024 17:14:21 [Information] txtZaxisStepperMove Axis mouse controlled Keypad returned: 32.00 (Line: 1681)
11/24/2024 17:14:23 [Information] Z Axis Run button clicked: (Line: 1194)
11/24/2024 17:14:23 [Information] Z Axis MotorMovementSeconds: 4.9230769230769230769230769231 (Line: 1445)
11/24/2024 17:14:23 [Information] TargetEndTime updated to 11/24/2024 17:14:28 (Line: 86)
11/24/2024 17:14:23 [Information] Z Axis Run Event: Z,0.00,400.00,0,0.00,400.00,0,32.00,400.00,0 (Line: 1356)
11/24/2024 17:14:29 [Information] Stepper Motor Countdown: Completed (Line: 927)
11/24/2024 17:14:29 [Information] ZAxisTargetReached updated to True (Line: 474)
11/24/2024 17:14:29 [Information] Z Axis Target Reached changed. (Line: 673)
11/24/2024 17:14:29 [Information] CompletedZAxisCurrentPosition updated to 32 (Line: 370)
11/24/2024 17:14:31 [Information] ZaxisStepperMoveTemp updated to 32.00 (Line: 211)
11/24/2024 17:14:38 [Information] Z Axis stepper move updated to 64.00 (Line: 1641)
11/24/2024 17:14:38 [Information] txtZaxisStepperMove Axis mouse controlled Keypad returned: 64.00 (Line: 1681)
11/24/2024 17:14:40 [Information] ZAxisTargetReached updated to False (Line: 474)
11/24/2024 17:14:40 [Information] Z Axis Target Reached changed. (Line: 673)
11/24/2024 17:14:40 [Information] Z Axis Run button clicked: (Line: 1194)
11/24/2024 17:14:40 [Information] Z Axis MotorMovementSeconds: 9.846153846153846153846153846 (Line: 1445)
11/24/2024 17:14:40 [Information] TargetEndTime updated to 11/24/2024 17:14:50 (Line: 86)
11/24/2024 17:14:40 [Information] Z Axis Run Event: Z,0.00,400.00,0,0.00,400.00,0,64.00,400.00,0 (Line: 1356)
11/24/2024 17:14:50 [Information] Stepper Motor Countdown: Completed (Line: 927)
11/24/2024 17:14:50 [Information] ZAxisTargetReached updated to True (Line: 474)
11/24/2024 17:14:50 [Information] Z Axis Target Reached changed. (Line: 673)
11/24/2024 17:14:50 [Information] CompletedZAxisCurrentPosition updated to 96 (Line: 370)
11/24/2024 17:14:53 [Information] ZaxisStepperMoveTemp updated to 64.00 (Line: 211)
11/24/2024 17:15:01 [Information] Z Axis stepper move updated to 4.00 (Line: 1641)
11/24/2024 17:15:01 [Information] txtZaxisStepperMove Axis mouse controlled Keypad returned: 4.00 (Line: 1681)
11/24/2024 17:15:02 [Information] ZAxisTargetReached updated to False (Line: 474)
11/24/2024 17:15:02 [Information] Z Axis Target Reached changed. (Line: 673)
11/24/2024 17:15:02 [Information] Z Axis Run button clicked: (Line: 1194)
11/24/2024 17:15:02 [Information] Z Axis MotorMovementSeconds: 0.6153846153846153846153846154 (Line: 1445)
11/24/2024 17:15:02 [Information] TargetEndTime updated to 11/24/2024 17:15:03 (Line: 86)
11/24/2024 17:15:02 [Information] Z Axis Run Event: Z,0.00,400.00,0,0.00,400.00,0,4.00,400.00,0 (Line: 1356)
11/24/2024 17:15:04 [Information] Stepper Motor Countdown: Completed (Line: 927)
11/24/2024 17:15:04 [Information] ZAxisTargetReached updated to True (Line: 474)
11/24/2024 17:15:04 [Information] Z Axis Target Reached changed. (Line: 673)
11/24/2024 17:15:04 [Information] CompletedZAxisCurrentPosition updated to 100 (Line: 370)
11/24/2024 17:15:07 [Information] ZaxisStepperMoveTemp updated to 4.00 (Line: 211)
11/24/2024 17:15:10 [Information] Z Axis stepper move updated to 8.00 (Line: 1641)
11/24/2024 17:15:10 [Information] txtZaxisStepperMove Axis mouse controlled Keypad returned: 8.00 (Line: 1681)
11/24/2024 17:15:12 [Information] ZAxisTargetReached updated to False (Line: 474)
11/24/2024 17:15:12 [Information] Z Axis Target Reached changed. (Line: 673)
11/24/2024 17:15:12 [Information] Z Axis Run button clicked: (Line: 1194)
11/24/2024 17:15:12 [Information] Z Axis MotorMovementSeconds: 1.2307692307692307692307692308 (Line: 1445)
11/24/2024 17:15:12 [Information] TargetEndTime updated to 11/24/2024 17:15:13 (Line: 86)
11/24/2024 17:15:12 [Information] Z Axis Run Event: Z,0.00,400.00,0,0.00,400.00,0,8.00,400.00,0 (Line: 1356)
11/24/2024 17:15:13 [Information] Stepper Motor Countdown: Completed (Line: 927)
11/24/2024 17:15:13 [Information] ZAxisTargetReached updated to True (Line: 474)
11/24/2024 17:15:13 [Information] Z Axis Target Reached changed. (Line: 673)
11/24/2024 17:15:13 [Information] CompletedZAxisCurrentPosition updated to 108 (Line: 370)
11/24/2024 17:15:16 [Information] ZaxisStepperMoveTemp updated to 8.00 (Line: 211)
11/24/2024 17:15:22 [Information] Z Axis stepper move updated to 12.00 (Line: 1641)
11/24/2024 17:15:22 [Information] txtZaxisStepperMove Axis mouse controlled Keypad returned: 12.00 (Line: 1681)
11/24/2024 17:15:24 [Information] ZAxisTargetReached updated to False (Line: 474)
11/24/2024 17:15:24 [Information] Z Axis Target Reached changed. (Line: 673)
11/24/2024 17:15:24 [Information] Z Axis Run button clicked: (Line: 1194)
11/24/2024 17:15:24 [Information] Z Axis MotorMovementSeconds: 1.8461538461538461538461538462 (Line: 1445)
11/24/2024 17:15:24 [Information] TargetEndTime updated to 11/24/2024 17:15:26 (Line: 86)
11/24/2024 17:15:24 [Information] Z Axis Run Event: Z,0.00,400.00,0,0.00,400.00,0,12.00,400.00,0 (Line: 1356)
11/24/2024 17:15:26 [Information] Stepper Motor Countdown: Completed (Line: 927)
11/24/2024 17:15:26 [Information] ZAxisTargetReached updated to True (Line: 474)
11/24/2024 17:15:26 [Information] Z Axis Target Reached changed. (Line: 673)
11/24/2024 17:15:26 [Information] CompletedZAxisCurrentPosition updated to 120 (Line: 370)
11/24/2024 17:15:29 [Information] ZaxisStepperMoveTemp updated to 12.00 (Line: 211)
11/24/2024 17:15:33 [Information] Z Axis stepper move updated to 16.00 (Line: 1641)
11/24/2024 17:15:33 [Information] txtZaxisStepperMove Axis mouse controlled Keypad returned: 16.00 (Line: 1681)
11/24/2024 17:15:35 [Information] ZAxisTargetReached updated to False (Line: 474)
11/24/2024 17:15:35 [Information] Z Axis Target Reached changed. (Line: 673)
11/24/2024 17:15:35 [Information] Z Axis Run button clicked: (Line: 1194)
11/24/2024 17:15:35 [Information] Z Axis MotorMovementSeconds: 2.4615384615384615384615384615 (Line: 1445)
11/24/2024 17:15:35 [Information] TargetEndTime updated to 11/24/2024 17:15:37 (Line: 86)
11/24/2024 17:15:35 [Information] Z Axis Run Event: Z,0.00,400.00,0,0.00,400.00,0,16.00,400.00,0 (Line: 1356)
11/24/2024 17:15:38 [Information] Stepper Motor Countdown: Completed (Line: 927)
11/24/2024 17:15:38 [Information] ZAxisTargetReached updated to True (Line: 474)
11/24/2024 17:15:38 [Information] Z Axis Target Reached changed. (Line: 673)
11/24/2024 17:15:38 [Information] CompletedZAxisCurrentPosition updated to 136 (Line: 370)
11/24/2024 17:15:41 [Information] Stepper Motor Controller MainWindow Closing. (Line: 1864)
11/24/2024 17:15:41 [Information] Properties Settings Saved. (Line: 1873)
11/24/2024 17:15:41 [Information] Properties Settings Form Closed. (Line: 1879)
11/24/2024 17:15:41 [Information] Stepper Motor Controller Form Closed. (Line: 1882)
