11/21/2024 20:55:13 [Information] Stepper Motor Controller Application Started. (Line: 891)
11/21/2024 20:55:13 [Information] Version: 3.0.9091.37652 (11/21/2024 20:55:13) (Line: 895)
11/21/2024 20:55:14 [Error] I/O error occurred while opening the port COM7. (Line: 787)
11/21/2024 20:55:16 [Error] I/O error occurred while opening the port COM8. (Line: 787)
11/21/2024 20:55:17 [Information] SerialPort COM10 opened successfully. (Line: 772)
11/21/2024 20:55:17 [Information] SerialPort COM10 read 1 bytes. (Line: 777)
11/21/2024 20:55:17 [Information] Stepper Motor Controller Application Started. (Line: 544)
11/21/2024 20:55:17 [Information] Version: 3.0.9091.37652 (11/21/2024 20:55:17)
11/21/2024 20:55:17 [Information] Version: 3.1.0.37653 (11/21/2024 20:55:17) (Line: 606)
11/21/2024 20:55:17 [Information] Element AssemblyVersion not found in the provided XML document. (Line: 718)
11/21/2024 20:55:17 [Information] Element FileVersion not found in the provided XML document. (Line: 718)
11/21/2024 20:55:17 [Information] Version: 3.1.0.37653 (11/21/2024 20:55:17) (Line: 614)
11/21/2024 20:55:17 [Information] Stepper Motor Controller Application Settings Window Opened. (Line: 39)
11/21/2024 20:55:17 [Information] Stepper Motor Controller Application Settings form is rebuilt each and every time it is opened. (Line: 47)
11/21/2024 20:55:17 [Information] int: 9600 BaudRate added to the Settings Form. (Line: 151)
11/21/2024 20:55:17 [Information] bool: False ckbXaxisResetToZeroIsChecked added to the Settings Form. (Line: 218)
11/21/2024 20:55:17 [Information] bool: False ckbYaxisResetToZeroIsChecked added to the Settings Form. (Line: 218)
11/21/2024 20:55:17 [Information] bool: False ckbZaxisResetToZeroIsChecked added to the Settings Form. (Line: 218)
11/21/2024 20:55:17 [Information] COM1: ComPort added to the Settings Form. (Line: 484)
11/21/2024 20:55:17 [Information] COM2: ComPort added to the Settings Form. (Line: 484)
11/21/2024 20:55:17 [Information] COM3: ComPort added to the Settings Form. (Line: 484)
11/21/2024 20:55:17 [Information] COM4: ComPort added to the Settings Form. (Line: 484)
11/21/2024 20:55:17 [Information] COM5: ComPort added to the Settings Form. (Line: 484)
11/21/2024 20:55:17 [Information] COM6: ComPort added to the Settings Form. (Line: 484)
11/21/2024 20:55:17 [Information] COM7: ComPort added to the Settings Form. (Line: 484)
11/21/2024 20:55:17 [Information] COM8: ComPort added to the Settings Form. (Line: 484)
11/21/2024 20:55:17 [Information] COM9: ComPort added to the Settings Form. (Line: 484)
11/21/2024 20:55:17 [Information] COM10: ComPort added to the Settings Form. (Line: 484)
11/21/2024 20:55:17 [Information] decimal: 4.00 Divider4_00 added to the Settings Form. (Line: 271)
11/21/2024 20:55:17 [Information] decimal: 0.00 MathPart2Initlz added to the Settings Form. (Line: 271)
11/21/2024 20:55:17 [Information] decimal: 1.00 MilisecondTimerInterval added to the Settings Form. (Line: 271)
11/21/2024 20:55:17 [Information] decimal: 1000.00 MillisecondDelay added to the Settings Form. (Line: 271)
11/21/2024 20:55:17 [Information] int: 1000 Milliseconds added to the Settings Form. (Line: 151)
11/21/2024 20:55:17 [Information] int: 4 mmPerRevolution added to the Settings Form. (Line: 151)
11/21/2024 20:55:17 [Information] int: 2000 ThreadSleep added to the Settings Form. (Line: 151)
11/21/2024 20:55:17 [Information] decimal: 0.00 Value_0_00 added to the Settings Form. (Line: 271)
11/21/2024 20:55:17 [Information] decimal: 50.00 XaxisAcceleration added to the Settings Form. (Line: 271)
11/21/2024 20:55:17 [Information] bool: False XaxisChanged added to the Settings Form. (Line: 218)
11/21/2024 20:55:17 [Information] decimal: 400.00 XaxisMotorSpeed added to the Settings Form. (Line: 271)
11/21/2024 20:55:17 [Information] decimal: 0.00 XaxisStepperCurrent added to the Settings Form. (Line: 271)
11/21/2024 20:55:17 [Information] decimal: 0.00 XaxisStepperMove added to the Settings Form. (Line: 271)
11/21/2024 20:55:17 [Information] XCOM1: XComPort added to the Settings Form. (Line: 346)
11/21/2024 20:55:17 [Information] XCOM2: XComPort added to the Settings Form. (Line: 346)
11/21/2024 20:55:17 [Information] XCOM3: XComPort added to the Settings Form. (Line: 346)
11/21/2024 20:55:17 [Information] XCOM4: XComPort added to the Settings Form. (Line: 346)
11/21/2024 20:55:17 [Information] XCOM5: XComPort added to the Settings Form. (Line: 346)
11/21/2024 20:55:17 [Information] XCOM6: XComPort added to the Settings Form. (Line: 346)
11/21/2024 20:55:17 [Information] XCOM7: XComPort added to the Settings Form. (Line: 346)
11/21/2024 20:55:17 [Information] XCOM8: XComPort added to the Settings Form. (Line: 346)
11/21/2024 20:55:17 [Information] XCOM9: XComPort added to the Settings Form. (Line: 346)
11/21/2024 20:55:17 [Information] XCOM10: XComPort added to the Settings Form. (Line: 346)
11/21/2024 20:55:17 [Information] decimal: 50.00 YaxisAcceleration added to the Settings Form. (Line: 271)
11/21/2024 20:55:17 [Information] bool: False YaxisChanged added to the Settings Form. (Line: 218)
11/21/2024 20:55:17 [Information] decimal: 400.00 YaxisMotorSpeed added to the Settings Form. (Line: 271)
11/21/2024 20:55:17 [Information] decimal: 0.00 YaxisStepperCurrent added to the Settings Form. (Line: 271)
11/21/2024 20:55:17 [Information] decimal: 0.00 YaxisStepperMove added to the Settings Form. (Line: 271)
11/21/2024 20:55:17 [Information] YCOM1: YComPort added to the Settings Form. (Line: 392)
11/21/2024 20:55:17 [Information] YCOM2: YComPort added to the Settings Form. (Line: 392)
11/21/2024 20:55:17 [Information] YCOM3: YComPort added to the Settings Form. (Line: 392)
11/21/2024 20:55:17 [Information] YCOM4: YComPort added to the Settings Form. (Line: 392)
11/21/2024 20:55:17 [Information] YCOM5: YComPort added to the Settings Form. (Line: 392)
11/21/2024 20:55:17 [Information] YCOM6: YComPort added to the Settings Form. (Line: 392)
11/21/2024 20:55:17 [Information] YCOM7: YComPort added to the Settings Form. (Line: 392)
11/21/2024 20:55:17 [Information] YCOM8: YComPort added to the Settings Form. (Line: 392)
11/21/2024 20:55:17 [Information] YCOM9: YComPort added to the Settings Form. (Line: 392)
11/21/2024 20:55:17 [Information] YCOM10: YComPort added to the Settings Form. (Line: 392)
11/21/2024 20:55:17 [Information] decimal: 50.00 ZaxisAcceleration added to the Settings Form. (Line: 271)
11/21/2024 20:55:17 [Information] bool: False ZaxisChanged added to the Settings Form. (Line: 218)
11/21/2024 20:55:17 [Information] decimal: 400.00 ZaxisMotorSpeed added to the Settings Form. (Line: 271)
11/21/2024 20:55:17 [Information] decimal: 0.00 ZaxisStepperCurrent added to the Settings Form. (Line: 271)
11/21/2024 20:55:17 [Information] decimal: 0.00 ZaxisStepperMove added to the Settings Form. (Line: 271)
11/21/2024 20:55:17 [Information] ZCOM1: ZComPort added to the Settings Form. (Line: 438)
11/21/2024 20:55:17 [Information] ZCOM2: ZComPort added to the Settings Form. (Line: 438)
11/21/2024 20:55:17 [Information] ZCOM3: ZComPort added to the Settings Form. (Line: 438)
11/21/2024 20:55:17 [Information] ZCOM4: ZComPort added to the Settings Form. (Line: 438)
11/21/2024 20:55:17 [Information] ZCOM5: ZComPort added to the Settings Form. (Line: 438)
11/21/2024 20:55:17 [Information] ZCOM6: ZComPort added to the Settings Form. (Line: 438)
11/21/2024 20:55:17 [Information] ZCOM7: ZComPort added to the Settings Form. (Line: 438)
11/21/2024 20:55:17 [Information] ZCOM8: ZComPort added to the Settings Form. (Line: 438)
11/21/2024 20:55:17 [Information] ZCOM9: ZComPort added to the Settings Form. (Line: 438)
11/21/2024 20:55:17 [Information] ZCOM10: ZComPort added to the Settings Form. (Line: 438)
11/21/2024 20:55:17 [Information] int: 0 zeroXaxis added to the Settings Form. (Line: 151)
11/21/2024 20:55:17 [Information] int: 0 zeroYaxis added to the Settings Form. (Line: 151)
11/21/2024 20:55:17 [Information] int: 0 zeroZaxis added to the Settings Form. (Line: 151)
11/21/2024 20:55:18 [Information] Stepper Motor Controller MainWindow loaded (Line: 2484)
11/21/2024 20:55:18 [Information] Set MainWindow Media Brushes to White. (Line: 2494)
11/21/2024 20:55:24 [Information] txtZaxisStepperMove Axis mouse controlled Keypad returned: 16.00 (Line: 2317)
11/21/2024 20:55:25 [Information] Z Axis Target Reached: false (Line: 1387)
11/21/2024 20:55:25 [Information] Z Axis Run button clicked: (Line: 1456)
11/21/2024 20:55:26 [Information] Z Axis Run Event: Z,0.00,400.00,0,0.00,400.00,0,16.00,400.00,0 (Line: 1645)
11/21/2024 20:55:26 [Information] Z Axis MotorMovementSeconds: 0.04 (Line: 1930)
11/21/2024 20:55:26 [Information] Z Axis Timer Started. Target End Time: 08:55:26 (Line: 2162)
11/21/2024 20:55:26 [Information] Z Axis Stopwatch Started. (Line: 2187)
11/21/2024 20:55:26 [Information] Z Axis Motor Current Position: 0.32639998 (Line: 1758)
11/21/2024 20:55:26 [Information] Z Axis Current Time: 08:55:26 + 0 = 08:55:26 (Line: 1675)
11/21/2024 20:55:26 [Information]  Zindata Contains: Z Axis Data Received:   (Line: 1267)
11/21/2024 20:55:26 [Information] Z Axis Target Reached changed. (Line: 686)
11/21/2024 20:55:26 [Information]  Zindata Contains: Z Axis Data Received: serialData: Z,0.00,400.00,0,0.00,4 (Line: 1267)
11/21/2024 20:55:26 [Information]  Zindata Contains: Z Axis Data Received: 00.00,0,16.00,400.00,0
 (Line: 1267)
11/21/2024 20:55:28 [Information]  Zindata Contains: Z Axis Data Received:   (Line: 1267)
11/21/2024 20:55:28 [Information]  Zindata Contains: Z Axis Data Received: Z  (Line: 1267)
11/21/2024 20:55:28 [Information]  Zindata Contains: Z Axis Data Received: Axi (Line: 1267)
11/21/2024 20:55:28 [Information]  Zindata Contains: Z Axis Data Received: s  (Line: 1267)
11/21/2024 20:55:28 [Information]  Zindata Contains: Z Axis Data Received: re (Line: 1267)
11/21/2024 20:55:28 [Information]  Zindata Contains: Z Axis Data Received: ache (Line: 1267)
11/21/2024 20:55:28 [Information]  Zindata Contains: Z Axis Data Received: d target position
 Current Position: 800
 (Line: 1267)
11/21/2024 20:55:30 [Information] Stepper Motor Controller MainWindow Closing. (Line: 2505)
11/21/2024 20:55:30 [Information] SerialPort for Z Axis closed. (Line: 2549)
11/21/2024 20:55:30 [Information] Properties Settings Saved. (Line: 2514)
11/21/2024 20:55:30 [Information] Properties Settings Form Closed. (Line: 2520)
11/21/2024 20:55:30 [Information] Stepper Motor Controller Form Closed. (Line: 2523)
