11/27/2024 19:31:33 [Information] Logger updated to Microsoft.Extensions.Logging.Logger`1[Stepper.MainWindow] (Line: 327)
11/27/2024 19:31:33 [Information] Stepper Motor Controller Application Started. (Line: 1210)
11/27/2024 19:31:33 [Information] Version: 3.0.9097.35099 (11/27/2024 19:31:33) (Line: 1214)
11/27/2024 19:31:33 [Information] Initializing Serial Ports. (Line: 1039)
11/27/2024 19:31:33 [Error] I/O error occurred while opening the port COM7. (Line: 1102)
11/27/2024 19:31:35 [Error] I/O error occurred while opening the port COM8. (Line: 1102)
11/27/2024 19:31:36 [Information] SerialPort COM10 opened successfully. (Line: 1085)
11/27/2024 19:31:36 [Information] CountdownTimer updated to System.Windows.Threading.DispatcherTimer (Line: 76)
11/27/2024 19:31:36 [Information] Stepper Motor Controller Application Started. (Line: 762)
11/27/2024 19:31:36 [Information] Version: 3.0.9097.35099 (11/27/2024 19:31:36) (Line: 766)
11/27/2024 19:31:36 [Information] Version: 3.1.0.35100 (11/27/2024 19:31:36) (Line: 849)
11/27/2024 19:31:36 [Information] Element AssemblyVersion not found in the provided XML document. (Line: 1031)
11/27/2024 19:31:36 [Information] Element FileVersion not found in the provided XML document. (Line: 1031)
11/27/2024 19:31:36 [Information] Version: 3.1.0.35100 (11/27/2024 19:31:36) (Line: 857)
11/27/2024 19:31:36 [Information] Stepper Motor Controller Application Settings Window Opened. (Line: 39)
11/27/2024 19:31:36 [Information] Stepper Motor Controller Application Settings form is rebuilt each and every time it is opened. (Line: 47)
11/27/2024 19:31:36 [Information] int: 0 AxisAbsolutePosition added to the Settings Form. (Line: 151)
11/27/2024 19:31:36 [Information] int: 9600 BaudRate added to the Settings Form. (Line: 151)
11/27/2024 19:31:36 [Information] bool: False ckbXaxisResetToZeroIsChecked added to the Settings Form. (Line: 218)
11/27/2024 19:31:36 [Information] bool: False ckbYaxisResetToZeroIsChecked added to the Settings Form. (Line: 218)
11/27/2024 19:31:36 [Information] bool: False ckbZaxisResetToZeroIsChecked added to the Settings Form. (Line: 218)
11/27/2024 19:31:36 [Information] COM1: ComPort added to the Settings Form. (Line: 484)
11/27/2024 19:31:36 [Information] COM2: ComPort added to the Settings Form. (Line: 484)
11/27/2024 19:31:36 [Information] COM3: ComPort added to the Settings Form. (Line: 484)
11/27/2024 19:31:36 [Information] COM4: ComPort added to the Settings Form. (Line: 484)
11/27/2024 19:31:36 [Information] COM5: ComPort added to the Settings Form. (Line: 484)
11/27/2024 19:31:36 [Information] COM6: ComPort added to the Settings Form. (Line: 484)
11/27/2024 19:31:36 [Information] COM7: ComPort added to the Settings Form. (Line: 484)
11/27/2024 19:31:36 [Information] COM8: ComPort added to the Settings Form. (Line: 484)
11/27/2024 19:31:36 [Information] COM9: ComPort added to the Settings Form. (Line: 484)
11/27/2024 19:31:36 [Information] COM10: ComPort added to the Settings Form. (Line: 484)
11/27/2024 19:31:36 [Information] decimal: 4.00 Divider4_00 added to the Settings Form. (Line: 271)
11/27/2024 19:31:36 [Information] decimal: 0.00 MathPart2Initlz added to the Settings Form. (Line: 271)
11/27/2024 19:31:36 [Information] decimal: 1.00 MilisecondTimerInterval added to the Settings Form. (Line: 271)
11/27/2024 19:31:36 [Information] decimal: 1000.00 MillisecondDelay added to the Settings Form. (Line: 271)
11/27/2024 19:31:36 [Information] int: 1000 Milliseconds added to the Settings Form. (Line: 151)
11/27/2024 19:31:36 [Information] int: 4 mmPerRevolution added to the Settings Form. (Line: 151)
11/27/2024 19:31:36 [Information] int: 200 stepsPerRevolution added to the Settings Form. (Line: 151)
11/27/2024 19:31:36 [Information] int: 2000 ThreadSleep added to the Settings Form. (Line: 151)
11/27/2024 19:31:36 [Information] decimal: 0.00 Value_0_00 added to the Settings Form. (Line: 271)
11/27/2024 19:31:36 [Information] decimal: 50.00 XaxisAcceleration added to the Settings Form. (Line: 271)
11/27/2024 19:31:36 [Information] bool: False XaxisChanged added to the Settings Form. (Line: 218)
11/27/2024 19:31:36 [Information] decimal: 400.00 XaxisMotorSpeed added to the Settings Form. (Line: 271)
11/27/2024 19:31:36 [Information] decimal: 0.00 XaxisStepperCurrent added to the Settings Form. (Line: 271)
11/27/2024 19:31:36 [Information] decimal: 0.00 XaxisStepperMove added to the Settings Form. (Line: 271)
11/27/2024 19:31:36 [Information] XCOM1: XComPort added to the Settings Form. (Line: 346)
11/27/2024 19:31:36 [Information] XCOM2: XComPort added to the Settings Form. (Line: 346)
11/27/2024 19:31:36 [Information] XCOM3: XComPort added to the Settings Form. (Line: 346)
11/27/2024 19:31:36 [Information] XCOM4: XComPort added to the Settings Form. (Line: 346)
11/27/2024 19:31:36 [Information] XCOM5: XComPort added to the Settings Form. (Line: 346)
11/27/2024 19:31:36 [Information] XCOM6: XComPort added to the Settings Form. (Line: 346)
11/27/2024 19:31:36 [Information] XCOM7: XComPort added to the Settings Form. (Line: 346)
11/27/2024 19:31:36 [Information] XCOM8: XComPort added to the Settings Form. (Line: 346)
11/27/2024 19:31:36 [Information] XCOM9: XComPort added to the Settings Form. (Line: 346)
11/27/2024 19:31:36 [Information] XCOM10: XComPort added to the Settings Form. (Line: 346)
11/27/2024 19:31:36 [Information] decimal: 50.00 YaxisAcceleration added to the Settings Form. (Line: 271)
11/27/2024 19:31:36 [Information] bool: False YaxisChanged added to the Settings Form. (Line: 218)
11/27/2024 19:31:36 [Information] decimal: 400.00 YaxisMotorSpeed added to the Settings Form. (Line: 271)
11/27/2024 19:31:36 [Information] decimal: 0.00 YaxisStepperCurrent added to the Settings Form. (Line: 271)
11/27/2024 19:31:36 [Information] decimal: 0.00 YaxisStepperMove added to the Settings Form. (Line: 271)
11/27/2024 19:31:36 [Information] YCOM1: YComPort added to the Settings Form. (Line: 392)
11/27/2024 19:31:36 [Information] YCOM2: YComPort added to the Settings Form. (Line: 392)
11/27/2024 19:31:36 [Information] YCOM3: YComPort added to the Settings Form. (Line: 392)
11/27/2024 19:31:36 [Information] YCOM4: YComPort added to the Settings Form. (Line: 392)
11/27/2024 19:31:36 [Information] YCOM5: YComPort added to the Settings Form. (Line: 392)
11/27/2024 19:31:36 [Information] YCOM6: YComPort added to the Settings Form. (Line: 392)
11/27/2024 19:31:36 [Information] YCOM7: YComPort added to the Settings Form. (Line: 392)
11/27/2024 19:31:36 [Information] YCOM8: YComPort added to the Settings Form. (Line: 392)
11/27/2024 19:31:36 [Information] YCOM9: YComPort added to the Settings Form. (Line: 392)
11/27/2024 19:31:36 [Information] YCOM10: YComPort added to the Settings Form. (Line: 392)
11/27/2024 19:31:36 [Information] decimal: 50.00 ZaxisAcceleration added to the Settings Form. (Line: 271)
11/27/2024 19:31:36 [Information] bool: False ZaxisChanged added to the Settings Form. (Line: 218)
11/27/2024 19:31:36 [Information] decimal: 400.00 ZaxisMotorSpeed added to the Settings Form. (Line: 271)
11/27/2024 19:31:36 [Information] decimal: 0.00 ZaxisStepperCurrent added to the Settings Form. (Line: 271)
11/27/2024 19:31:36 [Information] decimal: 0.00 ZaxisStepperMove added to the Settings Form. (Line: 271)
11/27/2024 19:31:36 [Information] ZCOM1: ZComPort added to the Settings Form. (Line: 438)
11/27/2024 19:31:36 [Information] ZCOM2: ZComPort added to the Settings Form. (Line: 438)
11/27/2024 19:31:36 [Information] ZCOM3: ZComPort added to the Settings Form. (Line: 438)
11/27/2024 19:31:36 [Information] ZCOM4: ZComPort added to the Settings Form. (Line: 438)
11/27/2024 19:31:36 [Information] ZCOM5: ZComPort added to the Settings Form. (Line: 438)
11/27/2024 19:31:36 [Information] ZCOM6: ZComPort added to the Settings Form. (Line: 438)
11/27/2024 19:31:36 [Information] ZCOM7: ZComPort added to the Settings Form. (Line: 438)
11/27/2024 19:31:36 [Information] ZCOM8: ZComPort added to the Settings Form. (Line: 438)
11/27/2024 19:31:36 [Information] ZCOM9: ZComPort added to the Settings Form. (Line: 438)
11/27/2024 19:31:36 [Information] ZCOM10: ZComPort added to the Settings Form. (Line: 438)
11/27/2024 19:31:36 [Information] int: 0 zeroXaxis added to the Settings Form. (Line: 151)
11/27/2024 19:31:36 [Information] int: 0 zeroYaxis added to the Settings Form. (Line: 151)
11/27/2024 19:31:36 [Information] int: 0 zeroZaxis added to the Settings Form. (Line: 151)
11/27/2024 19:31:36 [Information] NewSettingsWindow updated to Stepper.StepperAppSettings (Line: 56)
11/27/2024 19:31:37 [Information] Stepper Motor Controller MainWindow loaded (Line: 2192)
11/27/2024 19:31:37 [Information] Set MainWindow Media Brushes to White. (Line: 2202)
11/27/2024 19:31:44 [Information] txtZaxisStepperMove Axis mouse controlled Keypad returned: -32.00 (Line: 2030)
11/27/2024 19:31:52 [Information] Z Axis Run button clicked: (Line: 1558)
11/27/2024 19:31:52 [Information] Z Axis MotorMovementSeconds for <= 400.00 RPM: 4.80 (Line: 1794)
11/27/2024 19:31:52 [Information] TargetEndTime updated to 11/27/2024 19:31:57 (Line: 126)
11/27/2024 19:31:52 [Information] Target EndTime changed. (Line: 1005)
11/27/2024 19:31:52 [Information] Z Axis Run Event: Z,0.00,400.00,0,0.00,400.00,0,-32.00,400.00,0 (Line: 1719)
11/27/2024 19:31:53 [Information] ObjSender updated to System.IO.Ports.SerialPort (Line: 730)
11/27/2024 19:31:58 [Information] Stepper Motor Countdown: Completed (Line: 1243)
11/27/2024 19:31:58 [Information] ZAxisTargetReached updated to True (Line: 642)
11/27/2024 19:31:58 [Information] Z Axis Target Reached changed. (Line: 918)
11/27/2024 19:31:58 [Information] ZAxisAbsolutePosition updated to -32 (Line: 691)
11/27/2024 19:31:58 [Information] Z Axis Absolute Position changed. (Line: 944)
11/27/2024 19:32:26 [Information] LimitSwitchUpdateCompleted updated to True (Line: 747)
11/27/2024 19:32:26 [Information] ZAxisRunToCompletion updated to True (Line: 422)
