11/21/2024 21:32:29 [Information] Stepper Motor Controller Application Started. (Line: 895)
11/21/2024 21:32:29 [Information] Version: 3.0.9091.38746 (11/21/2024 21:32:29) (Line: 899)
11/21/2024 21:32:29 [Information] Initializing Serial Ports. (Line: 727)
11/21/2024 21:32:30 [Error] I/O error occurred while opening the port COM7. (Line: 789)
11/21/2024 21:32:31 [Error] I/O error occurred while opening the port COM8. (Line: 789)
11/21/2024 21:32:32 [Information] SerialPort COM10 opened successfully. (Line: 774)
11/21/2024 21:32:32 [Information] SerialPort COM10 read 1 bytes. (Line: 779)
11/21/2024 21:32:32 [Information] Initializing Timers. (Line: 906)
11/21/2024 21:32:32 [Information] Stepper Motor Controller Application Started. (Line: 544)
11/21/2024 21:32:32 [Information] Version: 3.0.9091.38746 (11/21/2024 21:32:32)
11/21/2024 21:32:32 [Information] Version: 3.1.0.38747 (11/21/2024 21:32:32) (Line: 606)
11/21/2024 21:32:32 [Information] Element AssemblyVersion not found in the provided XML document. (Line: 718)
11/21/2024 21:32:32 [Information] Element FileVersion not found in the provided XML document. (Line: 718)
11/21/2024 21:32:32 [Information] Version: 3.1.0.38747 (11/21/2024 21:32:32) (Line: 614)
11/21/2024 21:32:32 [Information] Stepper Motor Controller Application Settings Window Opened. (Line: 39)
11/21/2024 21:32:32 [Information] Stepper Motor Controller Application Settings form is rebuilt each and every time it is opened. (Line: 47)
11/21/2024 21:32:32 [Information] int: 9600 BaudRate added to the Settings Form. (Line: 151)
11/21/2024 21:32:32 [Information] bool: False ckbXaxisResetToZeroIsChecked added to the Settings Form. (Line: 218)
11/21/2024 21:32:32 [Information] bool: False ckbYaxisResetToZeroIsChecked added to the Settings Form. (Line: 218)
11/21/2024 21:32:32 [Information] bool: False ckbZaxisResetToZeroIsChecked added to the Settings Form. (Line: 218)
11/21/2024 21:32:32 [Information] COM1: ComPort added to the Settings Form. (Line: 484)
11/21/2024 21:32:32 [Information] COM2: ComPort added to the Settings Form. (Line: 484)
11/21/2024 21:32:32 [Information] COM3: ComPort added to the Settings Form. (Line: 484)
11/21/2024 21:32:32 [Information] COM4: ComPort added to the Settings Form. (Line: 484)
11/21/2024 21:32:32 [Information] COM5: ComPort added to the Settings Form. (Line: 484)
11/21/2024 21:32:32 [Information] COM6: ComPort added to the Settings Form. (Line: 484)
11/21/2024 21:32:32 [Information] COM7: ComPort added to the Settings Form. (Line: 484)
11/21/2024 21:32:32 [Information] COM8: ComPort added to the Settings Form. (Line: 484)
11/21/2024 21:32:32 [Information] COM9: ComPort added to the Settings Form. (Line: 484)
11/21/2024 21:32:32 [Information] COM10: ComPort added to the Settings Form. (Line: 484)
11/21/2024 21:32:32 [Information] decimal: 4.00 Divider4_00 added to the Settings Form. (Line: 271)
11/21/2024 21:32:32 [Information] decimal: 0.00 MathPart2Initlz added to the Settings Form. (Line: 271)
11/21/2024 21:32:32 [Information] decimal: 1.00 MilisecondTimerInterval added to the Settings Form. (Line: 271)
11/21/2024 21:32:32 [Information] decimal: 1000.00 MillisecondDelay added to the Settings Form. (Line: 271)
11/21/2024 21:32:32 [Information] int: 1000 Milliseconds added to the Settings Form. (Line: 151)
11/21/2024 21:32:32 [Information] int: 4 mmPerRevolution added to the Settings Form. (Line: 151)
11/21/2024 21:32:32 [Information] int: 2000 ThreadSleep added to the Settings Form. (Line: 151)
11/21/2024 21:32:32 [Information] decimal: 0.00 Value_0_00 added to the Settings Form. (Line: 271)
11/21/2024 21:32:32 [Information] decimal: 50.00 XaxisAcceleration added to the Settings Form. (Line: 271)
11/21/2024 21:32:32 [Information] bool: False XaxisChanged added to the Settings Form. (Line: 218)
11/21/2024 21:32:32 [Information] decimal: 400.00 XaxisMotorSpeed added to the Settings Form. (Line: 271)
11/21/2024 21:32:32 [Information] decimal: 0.00 XaxisStepperCurrent added to the Settings Form. (Line: 271)
11/21/2024 21:32:32 [Information] decimal: 0.00 XaxisStepperMove added to the Settings Form. (Line: 271)
11/21/2024 21:32:32 [Information] XCOM1: XComPort added to the Settings Form. (Line: 346)
11/21/2024 21:32:32 [Information] XCOM2: XComPort added to the Settings Form. (Line: 346)
11/21/2024 21:32:32 [Information] XCOM3: XComPort added to the Settings Form. (Line: 346)
11/21/2024 21:32:32 [Information] XCOM4: XComPort added to the Settings Form. (Line: 346)
11/21/2024 21:32:32 [Information] XCOM5: XComPort added to the Settings Form. (Line: 346)
11/21/2024 21:32:32 [Information] XCOM6: XComPort added to the Settings Form. (Line: 346)
11/21/2024 21:32:32 [Information] XCOM7: XComPort added to the Settings Form. (Line: 346)
11/21/2024 21:32:32 [Information] XCOM8: XComPort added to the Settings Form. (Line: 346)
11/21/2024 21:32:32 [Information] XCOM9: XComPort added to the Settings Form. (Line: 346)
11/21/2024 21:32:32 [Information] XCOM10: XComPort added to the Settings Form. (Line: 346)
11/21/2024 21:32:32 [Information] decimal: 50.00 YaxisAcceleration added to the Settings Form. (Line: 271)
11/21/2024 21:32:32 [Information] bool: False YaxisChanged added to the Settings Form. (Line: 218)
11/21/2024 21:32:32 [Information] decimal: 400.00 YaxisMotorSpeed added to the Settings Form. (Line: 271)
11/21/2024 21:32:32 [Information] decimal: 0.00 YaxisStepperCurrent added to the Settings Form. (Line: 271)
11/21/2024 21:32:32 [Information] decimal: 0.00 YaxisStepperMove added to the Settings Form. (Line: 271)
11/21/2024 21:32:32 [Information] YCOM1: YComPort added to the Settings Form. (Line: 392)
11/21/2024 21:32:32 [Information] YCOM2: YComPort added to the Settings Form. (Line: 392)
11/21/2024 21:32:32 [Information] YCOM3: YComPort added to the Settings Form. (Line: 392)
11/21/2024 21:32:32 [Information] YCOM4: YComPort added to the Settings Form. (Line: 392)
11/21/2024 21:32:32 [Information] YCOM5: YComPort added to the Settings Form. (Line: 392)
11/21/2024 21:32:32 [Information] YCOM6: YComPort added to the Settings Form. (Line: 392)
11/21/2024 21:32:32 [Information] YCOM7: YComPort added to the Settings Form. (Line: 392)
11/21/2024 21:32:32 [Information] YCOM8: YComPort added to the Settings Form. (Line: 392)
11/21/2024 21:32:32 [Information] YCOM9: YComPort added to the Settings Form. (Line: 392)
11/21/2024 21:32:32 [Information] YCOM10: YComPort added to the Settings Form. (Line: 392)
11/21/2024 21:32:32 [Information] decimal: 50.00 ZaxisAcceleration added to the Settings Form. (Line: 271)
11/21/2024 21:32:32 [Information] bool: False ZaxisChanged added to the Settings Form. (Line: 218)
11/21/2024 21:32:32 [Information] decimal: 400.00 ZaxisMotorSpeed added to the Settings Form. (Line: 271)
11/21/2024 21:32:32 [Information] decimal: 0.00 ZaxisStepperCurrent added to the Settings Form. (Line: 271)
11/21/2024 21:32:32 [Information] decimal: 0.00 ZaxisStepperMove added to the Settings Form. (Line: 271)
11/21/2024 21:32:32 [Information] ZCOM1: ZComPort added to the Settings Form. (Line: 438)
11/21/2024 21:32:32 [Information] ZCOM2: ZComPort added to the Settings Form. (Line: 438)
11/21/2024 21:32:32 [Information] ZCOM3: ZComPort added to the Settings Form. (Line: 438)
11/21/2024 21:32:32 [Information] ZCOM4: ZComPort added to the Settings Form. (Line: 438)
11/21/2024 21:32:32 [Information] ZCOM5: ZComPort added to the Settings Form. (Line: 438)
11/21/2024 21:32:32 [Information] ZCOM6: ZComPort added to the Settings Form. (Line: 438)
11/21/2024 21:32:32 [Information] ZCOM7: ZComPort added to the Settings Form. (Line: 438)
11/21/2024 21:32:32 [Information] ZCOM8: ZComPort added to the Settings Form. (Line: 438)
11/21/2024 21:32:32 [Information] ZCOM9: ZComPort added to the Settings Form. (Line: 438)
11/21/2024 21:32:32 [Information] ZCOM10: ZComPort added to the Settings Form. (Line: 438)
11/21/2024 21:32:32 [Information] int: 0 zeroXaxis added to the Settings Form. (Line: 151)
11/21/2024 21:32:32 [Information] int: 0 zeroYaxis added to the Settings Form. (Line: 151)
11/21/2024 21:32:32 [Information] int: 0 zeroZaxis added to the Settings Form. (Line: 151)
11/21/2024 21:32:33 [Information] Stepper Motor Controller MainWindow loaded (Line: 2492)
11/21/2024 21:32:33 [Information] Set MainWindow Media Brushes to White. (Line: 2502)
11/21/2024 21:32:39 [Information] txtZaxisStepperMove Axis mouse controlled Keypad returned: 16.00 (Line: 2325)
11/21/2024 21:32:40 [Information] Z Axis Run button clicked: (Line: 1392)
11/21/2024 21:32:40 [Information] Z Axis Target Reached: false (Line: 1395)
11/21/2024 21:32:40 [Information] RunAxisAsync(Z, 16.00, 400.00, False, COM10, False, False, System.Threading.CancellationTokenSource (Line: 1397)
11/21/2024 21:32:40 [Information] Z Axis Run button clicked: (Line: 1464)
11/21/2024 21:32:41 [Information] Z Axis Run Event: Z,0.00,400.00,0,0.00,400.00,0,16.00,400.00,0 (Line: 1653)
11/21/2024 21:32:41 [Information] Z Axis MotorMovementSeconds: 0.04 (Line: 1938)
11/21/2024 21:32:41 [Information] Z Axis Timer Started. Target End Time: 09:32:41 (Line: 2170)
11/21/2024 21:32:41 [Information] Z Axis Stopwatch Started. (Line: 2195)
11/21/2024 21:32:41 [Information] Z Axis Motor Current Position: 0.32639998 (Line: 1766)
11/21/2024 21:32:41 [Information] Z Axis Current Time: 09:32:41 + 0 = 09:32:41 (Line: 1683)
11/21/2024 21:32:41 [Information]  Zindata Contains: Z Axis Data Received:   (Line: 1273)
11/21/2024 21:32:41 [Information] Z Axis Target Reached changed. (Line: 686)
11/21/2024 21:32:41 [Information]  Zindata Contains: Z Axis Data Received: serialData: Z,0.00,400.00,0,0.00,400.00,0,16.00,400.00,0
 (Line: 1273)
11/21/2024 21:32:43 [Information]  Zindata Contains: Z Axis Data Received:   (Line: 1273)
11/21/2024 21:32:43 [Information]  Zindata Contains: Z Axis Data Received: Z (Line: 1273)
11/21/2024 21:32:43 [Information]  Zindata Contains: Z Axis Data Received:   (Line: 1273)
11/21/2024 21:32:43 [Information]  Zindata Contains: Z Axis Data Received: A (Line: 1273)
11/21/2024 21:32:43 [Information]  Zindata Contains: Z Axis Data Received: x (Line: 1273)
11/21/2024 21:32:43 [Information]  Zindata Contains: Z Axis Data Received: i (Line: 1273)
11/21/2024 21:32:43 [Information]  Zindata Contains: Z Axis Data Received: s (Line: 1273)
11/21/2024 21:32:43 [Information]  Zindata Contains: Z Axis Data Received:   (Line: 1273)
11/21/2024 21:32:43 [Information]  Zindata Contains: Z Axis Data Received: r (Line: 1273)
11/21/2024 21:32:43 [Information]  Zindata Contains: Z Axis Data Received: e (Line: 1273)
11/21/2024 21:32:43 [Information]  Zindata Contains: Z Axis Data Received: a (Line: 1273)
11/21/2024 21:32:43 [Information]  Zindata Contains: Z Axis Data Received: c (Line: 1273)
11/21/2024 21:32:43 [Information]  Zindata Contains: Z Axis Data Received: h (Line: 1273)
11/21/2024 21:32:43 [Information]  Zindata Contains: Z Axis Data Received: e (Line: 1273)
11/21/2024 21:32:43 [Information]  Zindata Contains: Z Axis Data Received: d (Line: 1273)
11/21/2024 21:32:43 [Information]  Zindata Contains: Z Axis Data Received:   (Line: 1273)
11/21/2024 21:32:43 [Information]  Zindata Contains: Z Axis Data Received: t (Line: 1273)
11/21/2024 21:32:43 [Information]  Zindata Contains: Z Axis Data Received: a (Line: 1273)
11/21/2024 21:32:43 [Information]  Zindata Contains: Z Axis Data Received: r (Line: 1273)
11/21/2024 21:32:43 [Information]  Zindata Contains: Z Axis Data Received: g (Line: 1273)
11/21/2024 21:32:43 [Information]  Zindata Contains: Z Axis Data Received: e (Line: 1273)
11/21/2024 21:32:43 [Information]  Zindata Contains: Z Axis Data Received: t (Line: 1273)
11/21/2024 21:32:43 [Information]  Zindata Contains: Z Axis Data Received:   (Line: 1273)
11/21/2024 21:32:43 [Information]  Zindata Contains: Z Axis Data Received: p (Line: 1273)
11/21/2024 21:32:43 [Information]  Zindata Contains: Z Axis Data Received: o (Line: 1273)
11/21/2024 21:32:43 [Information]  Zindata Contains: Z Axis Data Received: s (Line: 1273)
11/21/2024 21:32:43 [Information]  Zindata Contains: Z Axis Data Received: i (Line: 1273)
11/21/2024 21:32:43 [Information]  Zindata Contains: Z Axis Data Received: t (Line: 1273)
11/21/2024 21:32:43 [Information]  Zindata Contains: Z Axis Data Received: i (Line: 1273)
11/21/2024 21:32:43 [Information]  Zindata Contains: Z Axis Data Received: o (Line: 1273)
11/21/2024 21:32:43 [Information]  Zindata Contains: Z Axis Data Received: n (Line: 1273)
11/21/2024 21:32:43 [Information]  Zindata Contains: Z Axis Data Received:  (Line: 1273)
11/21/2024 21:32:43 [Information]  Zindata Contains: Z Axis Data Received: 
 (Line: 1273)
11/21/2024 21:32:43 [Information]  Zindata Contains: Z Axis Data Received:   (Line: 1273)
11/21/2024 21:32:43 [Information]  Zindata Contains: Z Axis Data Received: C (Line: 1273)
11/21/2024 21:32:43 [Information]  Zindata Contains: Z Axis Data Received: u (Line: 1273)
11/21/2024 21:32:43 [Information]  Zindata Contains: Z Axis Data Received: r (Line: 1273)
11/21/2024 21:32:43 [Information]  Zindata Contains: Z Axis Data Received: r (Line: 1273)
11/21/2024 21:32:43 [Information]  Zindata Contains: Z Axis Data Received: e (Line: 1273)
11/21/2024 21:32:43 [Information]  Zindata Contains: Z Axis Data Received: n (Line: 1273)
11/21/2024 21:32:43 [Information]  Zindata Contains: Z Axis Data Received: t (Line: 1273)
11/21/2024 21:32:43 [Information]  Zindata Contains: Z Axis Data Received:   (Line: 1273)
11/21/2024 21:32:43 [Information]  Zindata Contains: Z Axis Data Received: P (Line: 1273)
11/21/2024 21:32:43 [Information]  Zindata Contains: Z Axis Data Received: o (Line: 1273)
11/21/2024 21:32:43 [Information]  Zindata Contains: Z Axis Data Received: s (Line: 1273)
11/21/2024 21:32:43 [Information]  Zindata Contains: Z Axis Data Received: i (Line: 1273)
11/21/2024 21:32:43 [Information]  Zindata Contains: Z Axis Data Received: t (Line: 1273)
11/21/2024 21:32:43 [Information]  Zindata Contains: Z Axis Data Received: i (Line: 1273)
11/21/2024 21:32:43 [Information]  Zindata Contains: Z Axis Data Received: o (Line: 1273)
11/21/2024 21:32:43 [Information]  Zindata Contains: Z Axis Data Received: n (Line: 1273)
11/21/2024 21:32:43 [Information]  Zindata Contains: Z Axis Data Received: : (Line: 1273)
11/21/2024 21:32:43 [Information]  Zindata Contains: Z Axis Data Received:   (Line: 1273)
11/21/2024 21:32:43 [Information]  Zindata Contains: Z Axis Data Received: 8 (Line: 1273)
11/21/2024 21:32:43 [Information]  Zindata Contains: Z Axis Data Received: 0 (Line: 1273)
11/21/2024 21:32:43 [Information]  Zindata Contains: Z Axis Data Received: 0 (Line: 1273)
11/21/2024 21:32:43 [Information]  Zindata Contains: Z Axis Data Received:  (Line: 1273)
11/21/2024 21:32:43 [Information]  Zindata Contains: Z Axis Data Received: 
 (Line: 1273)
11/21/2024 21:32:45 [Information] Stepper Motor Controller MainWindow Closing. (Line: 2513)
11/21/2024 21:32:45 [Information] SerialPort for Z Axis closed. (Line: 2557)
11/21/2024 21:32:45 [Information] Properties Settings Saved. (Line: 2522)
11/21/2024 21:32:45 [Information] Properties Settings Form Closed. (Line: 2528)
11/21/2024 21:32:45 [Information] Stepper Motor Controller Form Closed. (Line: 2531)
