12/2/2024 18:23:56 [Information] Logger updated to Microsoft.Extensions.Logging.Logger`1[Stepper.MainWindow] (Line: 226)
12/2/2024 18:23:56 [Information] Stepper Motor Controller Application Started. (Line: 957)
12/2/2024 18:23:56 [Information] Version: 3.0.9102.33114 (12/2/2024 18:23:56) (Line: 961)
12/2/2024 18:23:56 [Information] Initializing Serial Ports. (Line: 786)
12/2/2024 18:23:56 [Error] I/O error occurred while opening the port COM7. (Line: 849)
12/2/2024 18:23:56 [Error] I/O error occurred while opening the port COM8. (Line: 849)
12/2/2024 18:23:57 [Information] SerialPort COM10 opened successfully. (Line: 832)
12/2/2024 18:23:57 [Information] SerialPort COM10 read 1 bytes. (Line: 837)
12/2/2024 18:23:57 [Information] CountdownTimer updated to System.Windows.Threading.DispatcherTimer (Line: 62)
12/2/2024 18:23:57 [Information] Stepper Motor Controller Application Started. (Line: 557)
12/2/2024 18:23:57 [Information] Version: 3.0.9102.33114 (12/2/2024 18:23:57) (Line: 561)
12/2/2024 18:23:57 [Information] Version: 3.1.0.33115 (12/2/2024 18:23:57) (Line: 637)
12/2/2024 18:23:57 [Information] Element AssemblyVersion not found in the provided XML document. (Line: 778)
12/2/2024 18:23:57 [Information] Element FileVersion not found in the provided XML document. (Line: 778)
12/2/2024 18:23:57 [Information] Version: 3.1.0.33115 (12/2/2024 18:23:57) (Line: 645)
12/2/2024 18:23:57 [Information] Stepper Motor Controller Application Settings Window Opened. (Line: 39)
12/2/2024 18:23:57 [Information] Stepper Motor Controller Application Settings form is rebuilt each and every time it is opened. (Line: 47)
12/2/2024 18:23:57 [Information] int: 0 AxisAbsolutePosition added to the Settings Form. (Line: 151)
12/2/2024 18:23:57 [Information] int: 9600 BaudRate added to the Settings Form. (Line: 151)
12/2/2024 18:23:57 [Information] bool: False ckbXaxisResetToZeroIsChecked added to the Settings Form. (Line: 218)
12/2/2024 18:23:57 [Information] bool: False ckbYaxisResetToZeroIsChecked added to the Settings Form. (Line: 218)
12/2/2024 18:23:57 [Information] bool: False ckbZaxisResetToZeroIsChecked added to the Settings Form. (Line: 218)
12/2/2024 18:23:57 [Information] COM1: ComPort added to the Settings Form. (Line: 484)
12/2/2024 18:23:57 [Information] COM2: ComPort added to the Settings Form. (Line: 484)
12/2/2024 18:23:57 [Information] COM3: ComPort added to the Settings Form. (Line: 484)
12/2/2024 18:23:57 [Information] COM4: ComPort added to the Settings Form. (Line: 484)
12/2/2024 18:23:57 [Information] COM5: ComPort added to the Settings Form. (Line: 484)
12/2/2024 18:23:57 [Information] COM6: ComPort added to the Settings Form. (Line: 484)
12/2/2024 18:23:57 [Information] COM7: ComPort added to the Settings Form. (Line: 484)
12/2/2024 18:23:57 [Information] COM8: ComPort added to the Settings Form. (Line: 484)
12/2/2024 18:23:57 [Information] COM9: ComPort added to the Settings Form. (Line: 484)
12/2/2024 18:23:57 [Information] COM10: ComPort added to the Settings Form. (Line: 484)
12/2/2024 18:23:57 [Information] decimal: 4.00 Divider4_00 added to the Settings Form. (Line: 271)
12/2/2024 18:23:57 [Information] decimal: 0.00 MathPart2Initlz added to the Settings Form. (Line: 271)
12/2/2024 18:23:57 [Information] decimal: 1.00 MilisecondTimerInterval added to the Settings Form. (Line: 271)
12/2/2024 18:23:57 [Information] decimal: 1000.00 MillisecondDelay added to the Settings Form. (Line: 271)
12/2/2024 18:23:57 [Information] int: 1000 Milliseconds added to the Settings Form. (Line: 151)
12/2/2024 18:23:57 [Information] int: 4 mmPerRevolution added to the Settings Form. (Line: 151)
12/2/2024 18:23:57 [Information] int: 200 stepsPerRevolution added to the Settings Form. (Line: 151)
12/2/2024 18:23:57 [Information] int: 2000 ThreadSleep added to the Settings Form. (Line: 151)
12/2/2024 18:23:57 [Information] decimal: 0.00 Value_0_00 added to the Settings Form. (Line: 271)
12/2/2024 18:23:57 [Information] decimal: 50.00 XaxisAcceleration added to the Settings Form. (Line: 271)
12/2/2024 18:23:57 [Information] bool: False XaxisChanged added to the Settings Form. (Line: 218)
12/2/2024 18:23:57 [Information] decimal: 400.00 XaxisMotorSpeed added to the Settings Form. (Line: 271)
12/2/2024 18:23:57 [Information] decimal: 0.00 XaxisStepperCurrent added to the Settings Form. (Line: 271)
12/2/2024 18:23:57 [Information] decimal: 0.00 XaxisStepperMove added to the Settings Form. (Line: 271)
12/2/2024 18:23:57 [Information] XCOM1: XComPort added to the Settings Form. (Line: 346)
12/2/2024 18:23:57 [Information] XCOM2: XComPort added to the Settings Form. (Line: 346)
12/2/2024 18:23:57 [Information] XCOM3: XComPort added to the Settings Form. (Line: 346)
12/2/2024 18:23:57 [Information] XCOM4: XComPort added to the Settings Form. (Line: 346)
12/2/2024 18:23:57 [Information] XCOM5: XComPort added to the Settings Form. (Line: 346)
12/2/2024 18:23:57 [Information] XCOM6: XComPort added to the Settings Form. (Line: 346)
12/2/2024 18:23:57 [Information] XCOM7: XComPort added to the Settings Form. (Line: 346)
12/2/2024 18:23:57 [Information] XCOM8: XComPort added to the Settings Form. (Line: 346)
12/2/2024 18:23:57 [Information] XCOM9: XComPort added to the Settings Form. (Line: 346)
12/2/2024 18:23:57 [Information] XCOM10: XComPort added to the Settings Form. (Line: 346)
12/2/2024 18:23:57 [Information] decimal: 50.00 YaxisAcceleration added to the Settings Form. (Line: 271)
12/2/2024 18:23:57 [Information] bool: False YaxisChanged added to the Settings Form. (Line: 218)
12/2/2024 18:23:57 [Information] decimal: 400.00 YaxisMotorSpeed added to the Settings Form. (Line: 271)
12/2/2024 18:23:57 [Information] decimal: 0.00 YaxisStepperCurrent added to the Settings Form. (Line: 271)
12/2/2024 18:23:57 [Information] decimal: 0.00 YaxisStepperMove added to the Settings Form. (Line: 271)
12/2/2024 18:23:57 [Information] YCOM1: YComPort added to the Settings Form. (Line: 392)
12/2/2024 18:23:57 [Information] YCOM2: YComPort added to the Settings Form. (Line: 392)
12/2/2024 18:23:57 [Information] YCOM3: YComPort added to the Settings Form. (Line: 392)
12/2/2024 18:23:57 [Information] YCOM4: YComPort added to the Settings Form. (Line: 392)
12/2/2024 18:23:57 [Information] YCOM5: YComPort added to the Settings Form. (Line: 392)
12/2/2024 18:23:57 [Information] YCOM6: YComPort added to the Settings Form. (Line: 392)
12/2/2024 18:23:57 [Information] YCOM7: YComPort added to the Settings Form. (Line: 392)
12/2/2024 18:23:57 [Information] YCOM8: YComPort added to the Settings Form. (Line: 392)
12/2/2024 18:23:57 [Information] YCOM9: YComPort added to the Settings Form. (Line: 392)
12/2/2024 18:23:57 [Information] YCOM10: YComPort added to the Settings Form. (Line: 392)
12/2/2024 18:23:57 [Information] decimal: 50.00 ZaxisAcceleration added to the Settings Form. (Line: 271)
12/2/2024 18:23:57 [Information] bool: False ZaxisChanged added to the Settings Form. (Line: 218)
12/2/2024 18:23:57 [Information] decimal: 400.00 ZaxisMotorSpeed added to the Settings Form. (Line: 271)
12/2/2024 18:23:57 [Information] decimal: 0.00 ZaxisStepperCurrent added to the Settings Form. (Line: 271)
12/2/2024 18:23:57 [Information] decimal: 0.00 ZaxisStepperMove added to the Settings Form. (Line: 271)
12/2/2024 18:23:57 [Information] ZCOM1: ZComPort added to the Settings Form. (Line: 438)
12/2/2024 18:23:57 [Information] ZCOM2: ZComPort added to the Settings Form. (Line: 438)
12/2/2024 18:23:57 [Information] ZCOM3: ZComPort added to the Settings Form. (Line: 438)
12/2/2024 18:23:57 [Information] ZCOM4: ZComPort added to the Settings Form. (Line: 438)
12/2/2024 18:23:57 [Information] ZCOM5: ZComPort added to the Settings Form. (Line: 438)
12/2/2024 18:23:57 [Information] ZCOM6: ZComPort added to the Settings Form. (Line: 438)
12/2/2024 18:23:57 [Information] ZCOM7: ZComPort added to the Settings Form. (Line: 438)
12/2/2024 18:23:57 [Information] ZCOM8: ZComPort added to the Settings Form. (Line: 438)
12/2/2024 18:23:57 [Information] ZCOM9: ZComPort added to the Settings Form. (Line: 438)
12/2/2024 18:23:57 [Information] ZCOM10: ZComPort added to the Settings Form. (Line: 438)
12/2/2024 18:23:57 [Information] int: 0 zeroXaxis added to the Settings Form. (Line: 151)
12/2/2024 18:23:57 [Information] int: 0 zeroYaxis added to the Settings Form. (Line: 151)
12/2/2024 18:23:57 [Information] int: 0 zeroZaxis added to the Settings Form. (Line: 151)
12/2/2024 18:23:57 [Information] NewSettingsWindow updated to Stepper.StepperAppSettings (Line: 49)
12/2/2024 18:23:58 [Information] Stepper Motor Controller MainWindow loaded (Line: 2041)
12/2/2024 18:23:58 [Information] Set MainWindow Media Brushes to White. (Line: 2051)
12/2/2024 18:24:05 [Information] txtZaxisStepperMove Axis mouse controlled Keypad returned: 32.00 (Line: 1879)
12/2/2024 18:24:07 [Information] Z Axis Run button clicked: (Line: 1358)
12/2/2024 18:24:07 [Information] Z Axis MotorMovementSeconds for <= 400.00 RPM: 4.80 (Line: 1599)
12/2/2024 18:24:07 [Information] TargetEndTime updated to 12/2/2024 18:24:12 (Line: 88)
12/2/2024 18:24:07 [Information] ZAxisAbsolutePosition updated to 0 (Line: 499)
12/2/2024 18:24:07 [Information] Z Axis Absolute Position changed. (Line: 752)
12/2/2024 18:24:07 [Information] Z Axis Run Event: Z,0.00,400.00,0,0.00,400.00,0,32.00,400.00,0 (Line: 1524)
12/2/2024 18:24:09 [Information] LimitSwitchPressed updated to True (Line: 75)
12/2/2024 18:24:09 [Information] ZAxisTargetReached updated to True (Line: 463)
12/2/2024 18:24:09 [Information] Z Axis Target Reached changed. (Line: 708)
12/2/2024 18:24:09 [Information] Z Axis LimitSwitchPressed. (Line: 711)
12/2/2024 18:24:09 [Information] Z Axis Absolute Position: 0. (Line: 714)
12/2/2024 18:24:09 [Information] ZAxisAbsolutePosition updated to -5.3 (Line: 499)
12/2/2024 18:24:09 [Information] Z Axis Absolute Position changed. (Line: 752)
12/2/2024 18:24:09 [Information] Z Axis New Position: -5.3. (Line: 716)
12/2/2024 18:24:15 [Information] Z Axis Position: -5.3. (Line: 718)
12/2/2024 18:24:15 [Information] LimitSwitchPressed updated to False (Line: 75)
12/2/2024 18:24:15 [Information] CCW Limit Switch Activated! (Line: 1185)
12/2/2024 18:24:15 [Information] Stepper Motor Countdown: Completed (Line: 998)
12/2/2024 18:24:26 [Information] ZAxisTargetReached updated to False (Line: 463)
12/2/2024 18:24:26 [Information] Z Axis Run button clicked: (Line: 1358)
12/2/2024 18:24:26 [Information] Z Axis MotorMovementSeconds for <= 400.00 RPM: 4.80 (Line: 1599)
12/2/2024 18:24:26 [Information] TargetEndTime updated to 12/2/2024 18:24:31 (Line: 88)
12/2/2024 18:24:26 [Information] ZAxisAbsolutePosition updated to -10.6 (Line: 499)
12/2/2024 18:24:26 [Information] Z Axis Absolute Position changed. (Line: 752)
12/2/2024 18:24:26 [Information] Z Axis Run Event: Z,0.00,400.00,0,0.00,400.00,0,32.00,400.00,0 (Line: 1524)
12/2/2024 18:24:29 [Information] LimitSwitchPressed updated to True (Line: 75)
12/2/2024 18:24:29 [Information] ZAxisTargetReached updated to True (Line: 463)
12/2/2024 18:24:29 [Information] Z Axis Target Reached changed. (Line: 708)
12/2/2024 18:24:29 [Information] Z Axis LimitSwitchPressed. (Line: 711)
12/2/2024 18:24:29 [Information] Z Axis Absolute Position: -10.6. (Line: 714)
12/2/2024 18:24:29 [Information] ZAxisAbsolutePosition updated to -13.84 (Line: 499)
12/2/2024 18:24:29 [Information] Z Axis Absolute Position changed. (Line: 752)
12/2/2024 18:24:29 [Information] Z Axis New Position: -3.24. (Line: 716)
12/2/2024 18:24:46 [Information] Z Axis Position: -13.84. (Line: 718)
12/2/2024 18:24:46 [Information] LimitSwitchPressed updated to False (Line: 75)
12/2/2024 18:24:46 [Information] CCW Limit Switch Activated! (Line: 1185)
12/2/2024 18:24:46 [Information] Stepper Motor Countdown: Completed (Line: 998)
12/2/2024 18:25:10 [Information] ZAxisTargetReached updated to False (Line: 463)
12/2/2024 18:25:10 [Information] Z Axis Run button clicked: (Line: 1358)
12/2/2024 18:25:10 [Information] Z Axis MotorMovementSeconds for <= 400.00 RPM: 4.80 (Line: 1599)
12/2/2024 18:25:10 [Information] TargetEndTime updated to 12/2/2024 18:25:15 (Line: 88)
12/2/2024 18:25:10 [Information] ZAxisAbsolutePosition updated to -27.68 (Line: 499)
12/2/2024 18:25:10 [Information] Z Axis Absolute Position changed. (Line: 752)
12/2/2024 18:25:10 [Information] Z Axis Run Event: Z,0.00,400.00,0,0.00,400.00,0,32.00,400.00,0 (Line: 1524)
12/2/2024 18:25:11 [Information] LimitSwitchPressed updated to True (Line: 75)
12/2/2024 18:25:11 [Information] ZAxisTargetReached updated to True (Line: 463)
12/2/2024 18:25:11 [Information] Z Axis Target Reached changed. (Line: 708)
12/2/2024 18:25:11 [Information] Z Axis LimitSwitchPressed. (Line: 711)
12/2/2024 18:25:12 [Information] Z Axis Absolute Position: -27.68. (Line: 714)
